[0.002s][warning][gc,jvmci] Setting EnableJVMCI to false as selected GC does not support JVMCI: z gc
[0.006s][debug  ][gc,heap ] Minimum heap 5368709120  Initial heap 5368709120  Maximum heap 16106127360
[0.006s][info   ][gc,init ] Initializing The Z Garbage Collector
[0.006s][info   ][gc,init ] Version: 21.0.2+13-LTS-jvmci-23.1-b30 (release)
[0.006s][info   ][gc,init ] NUMA Support: Disabled
[0.006s][info   ][gc,init ] CPUs: 20 total, 20 available
[0.007s][info   ][gc,init ] Memory: 31762M
[0.007s][info   ][gc,init ] Large Page Support: Disabled
[0.007s][info   ][gc,init ] Address Space Type: Contiguous/Unrestricted/Complete
[0.007s][info   ][gc,init ] Address Space Size: 245760M
[0.007s][info   ][gc,init ] Heap Backing File: /memfd:java_heap
[0.007s][info   ][gc,init ] Heap Backing Filesystem: tmpfs (0x1021994)
[0.007s][info   ][gc,init ] Min Capacity: 5120M
[0.007s][info   ][gc,init ] Initial Capacity: 5120M
[0.007s][info   ][gc,init ] Max Capacity: 15360M
[0.007s][info   ][gc,init ] Soft Max Capacity: 15360M
[0.007s][info   ][gc,init ] Medium Page Size: 32M
[0.007s][info   ][gc,init ] Pre-touch: Enabled
[0.007s][info   ][gc,init ] Available space on backing filesystem: N/A
[0.007s][info   ][gc,init ] Uncommit: Enabled
[0.007s][info   ][gc,init ] Uncommit Delay: 300s
[0.008s][info   ][gc,init ] GC Workers for Old Generation: 5 (dynamic)
[0.008s][debug  ][gc,marking] Expanding mark stack space: 0M->32M
[0.008s][info   ][gc,init   ] GC Workers for Young Generation: 5 (dynamic)
[0.008s][debug  ][gc,marking] Expanding mark stack space: 0M->32M
[0.796s][debug  ][gc,task   ] Executing ZPreTouchTask using ZWorkerOld with 5 workers
[1.048s][info   ][gc,init   ] GC Workers Max: 5 (dynamic)
[1.049s][info   ][gc,init   ] Runtime Workers: 12
[1.049s][info   ][gc        ] Using The Z Garbage Collector
[1.049s][info   ][gc,metaspace] CDS archive(s) not mapped
[1.049s][info   ][gc,metaspace] Compressed class space mapped at: 0x0000000080000000-0x00000000c0000000, reserved size: 1073741824
[1.049s][info   ][gc,metaspace] Narrow klass base: 0x0000000000000000, Narrow klass shift: 0, Narrow klass range: 0xc0000000
[1,063s][debug  ][gc,heap     ] Uncommit Timeout: 300s
[1,064s][debug  ][gc,nmethod  ] Register NMethod: java.lang.Object.<init> (0x00007f374fa10010) [0x00007f374fa101a0, 0x00007f374fa102a0] Compiler: c1, Barriers: 0, Oops: 0, ImmediateOops: 0, NonImmediateOops: No
[1,064s][debug  ][gc,nmethod  ] Rebuilding NMethod Table: 0->1024 entries, 0(0%->0%) registered, 0(0%->0%) unregistered
[1,077s][debug  ][gc,nmethod  ] Register NMethod: java.lang.String.hashCode (0x00007f374fa10310) [0x00007f374fa104e0, 0x00007f374fa10890] Compiler: c1, Barriers: 2, Oops: 0, ImmediateOops: 0, NonImmediateOops: No
[1,078s][debug  ][gc,nmethod  ] Register NMethod: jdk.internal.util.ArraysSupport.signedHashCode (0x00007f374fa10990) [0x00007f374fa10b40, 0x00007f374fa10d08] Compiler: c1, Barriers: 0, Oops: 0, ImmediateOops: 0, NonImmediateOops: No
[1,078s][debug  ][gc,nmethod  ] Register NMethod: jdk.internal.util.ArraysSupport.vectorizedHashCode (0x00007f374fa10e10) [0x00007f374fa11120, 0x00007f374fa12060] Compiler: c1, Barriers: 0, Oops: 1, ImmediateOops: 1, NonImmediateOops: No
[1,078s][debug  ][gc,nmethod  ] Register NMethod: java.util.ImmutableCollections$SetN.probe (0x00007f374fa12410) [0x00007f374fa12600, 0x00007f374fa12bd8] Compiler: c1, Barriers: 4, Oops: 0, ImmediateOops: 0, NonImmediateOops: No
[1,078s][debug  ][gc,nmethod  ] Register NMethod: java.lang.StringLatin1.equals (0x00007f374fa12e10) [0x00007f374fa12fc0, 0x00007f374fa13250] Compiler: c1, Barriers: 0, Oops: 0, ImmediateOops: 0, NonImmediateOops: No
[1,078s][debug  ][gc,nmethod  ] Register NMethod: java.lang.Math.floorMod (0x00007f374fa13390) [0x00007f374fa13520, 0x00007f374fa136c8] Compiler: c1, Barriers: 0, Oops: 0, ImmediateOops: 0, NonImmediateOops: No
[1,078s][debug  ][gc,nmethod  ] Register NMethod: java.lang.StringLatin1.hashCode (0x00007f374fa13790) [0x00007f374fa13940, 0x00007f374fa13b70] Compiler: c1, Barriers: 0, Oops: 0, ImmediateOops: 0, NonImmediateOops: No
[1,078s][debug  ][gc,nmethod  ] Register NMethod: java.lang.String.equals (0x00007f374fa13c90) [0x00007f374fa13e60, 0x00007f374fa142f8] Compiler: c1, Barriers: 2, Oops: 0, ImmediateOops: 0, NonImmediateOops: No
[1,079s][debug  ][gc,nmethod  ] Register NMethod: java.util.ImmutableCollections$SetN.hashCode (0x00007f374fa14410) [0x00007f374fa145c0, 0x00007f374fa14900] Compiler: c1, Barriers: 2, Oops: 0, ImmediateOops: 0, NonImmediateOops: No
[1,079s][debug  ][gc,nmethod  ] Register NMethod: java.lang.module.ModuleDescriptor.modsHashCode (0x00007f374fa14a90) [0x00007f374fa14c80, 0x00007f374fa151b8] Compiler: c1, Barriers: 1, Oops: 0, ImmediateOops: 0, NonImmediateOops: No
[1,079s][debug  ][gc,nmethod  ] Register NMethod: java.lang.module.ModuleDescriptor$Exports.<init> (0x00007f374fa15390) [0x00007f374fa15540, 0x00007f374fa15800] Compiler: c1, Barriers: 9, Oops: 0, ImmediateOops: 0, NonImmediateOops: No
[1,079s][debug  ][gc,nmethod  ] Register NMethod: java.util.Objects.equals (0x00007f374fa15910) [0x00007f374fa15ac0, 0x00007f374fa15d18] Compiler: c1, Barriers: 0, Oops: 0, ImmediateOops: 0, NonImmediateOops: No
[1,079s][debug  ][gc,nmethod  ] Register NMethod: java.util.Objects.requireNonNull (0x00007f374fa15e10) [0x00007f374fa15fc0, 0x00007f374fa161a8] Compiler: c1, Barriers: 0, Oops: 0, ImmediateOops: 0, NonImmediateOops: No
[1,079s][debug  ][gc,nmethod  ] Register NMethod: java.util.ImmutableCollections$SetN.iterator (0x00007f374fa16290) [0x00007f374fa16440, 0x00007f374fa165e0] Compiler: c1, Barriers: 0, Oops: 0, ImmediateOops: 0, NonImmediateOops: No
[1,079s][debug  ][gc,nmethod  ] Register NMethod: java.util.ImmutableCollections$SetN$SetNIterator.<init> (0x00007f374fa16690) [0x00007f374fa16840, 0x00007f374fa16a78] Compiler: c1, Barriers: 4, Oops: 0, ImmediateOops: 0, NonImmediateOops: No
[1,079s][debug  ][gc,nmethod  ] Register NMethod: java.util.ImmutableCollections$SetN$SetNIterator.hasNext (0x00007f374fa16b90) [0x00007f374fa16d20, 0x00007f374fa16e80] Compiler: c1, Barriers: 0, Oops: 0, ImmediateOops: 0, NonImmediateOops: No
[1,079s][debug  ][gc,nmethod  ] Register NMethod: java.lang.module.ModuleDescriptor$Exports.hashCode (0x00007f374fa16f10) [0x00007f374fa170e0, 0x00007f374fa173e8] Compiler: c1, Barriers: 3, Oops: 0, ImmediateOops: 0, NonImmediateOops: No
[1,079s][debug  ][gc,director ] Rule Major: Warmup 10%, Used: 6MB, UsedThreshold: 1536MB
[1,079s][debug  ][gc,nmethod  ] Register NMethod: java.util.Set.of (0x00007f374fa17510) [0x00007f374fa176a0, 0x00007f374fa17790] Compiler: c1, Barriers: 0, Oops: 0, ImmediateOops: 1, NonImmediateOops: No
[1,080s][debug  ][gc,nmethod  ] Register NMethod: jdk.internal.module.Builder.newExports (0x00007f374fa17810) [0x00007f374fa179c0, 0x00007f374fa17b08] Compiler: c1, Barriers: 0, Oops: 0, ImmediateOops: 1, NonImmediateOops: No
[1,080s][debug  ][gc,nmethod  ] Register NMethod: java.util.AbstractCollection.<init> (0x00007f374fa17b90) [0x00007f374fa17d20, 0x00007f374fa17e80] Compiler: c1, Barriers: 0, Oops: 0, ImmediateOops: 0, NonImmediateOops: No
[1,080s][debug  ][gc,nmethod  ] Register NMethod: java.lang.module.ModuleDescriptor$Exports.equals (0x00007f374fa17f10) [0x00007f374fa18140, 0x00007f374fa18b58] Compiler: c1, Barriers: 6, Oops: 0, ImmediateOops: 0, NonImmediateOops: No
[1,080s][debug  ][gc,nmethod  ] Register NMethod: java.util.ImmutableCollections$AbstractImmutableCollection.<init> (0x00007f374fa18d10) [0x00007f374fa18ec0, 0x00007f374fa19080] Compiler: c1, Barriers: 0, Oops: 0, ImmediateOops: 0, NonImmediateOops: No
[1,080s][debug  ][gc,nmethod  ] Register NMethod: java.util.ImmutableCollections$AbstractImmutableSet.<init> (0x00007f374fa19190) [0x00007f374fa19340, 0x00007f374fa19560] Compiler: c1, Barriers: 0, Oops: 0, ImmediateOops: 0, NonImmediateOops: No
[1,080s][debug  ][gc,nmethod  ] Register NMethod: java.util.Set.of (0x00007f374fa19690) [0x00007f374fa198e0, 0x00007f374fa1a190] Compiler: c1, Barriers: 9, Oops: 0, ImmediateOops: 2, NonImmediateOops: No
[1,081s][debug  ][gc,nmethod  ] Register NMethod: java.lang.String.coder (0x00007f374fa1a490) [0x00007f374fa1a620, 0x00007f374fa1a750] Compiler: c1, Barriers: 0, Oops: 0, ImmediateOops: 0, NonImmediateOops: No
[1,081s][debug  ][gc,nmethod  ] Register NMethod: java.lang.String.length (0x00007f374fa1a810) [0x00007f374fa1a9c0, 0x00007f374fa1ab88] Compiler: c1, Barriers: 1, Oops: 0, ImmediateOops: 0, NonImmediateOops: No
[1,081s][debug  ][gc,nmethod  ] Register NMethod: java.lang.String.isLatin1 (0x00007f374fa1ac90) [0x00007f374fa1ae20, 0x00007f374fa1af90] Compiler: c1, Barriers: 0, Oops: 0, ImmediateOops: 0, NonImmediateOops: No
[1,081s][debug  ][gc,nmethod  ] Register NMethod: java.util.Objects.hashCode (0x00007f374fa1b010) [0x00007f374fa1b1c0, 0x00007f374fa1b3d0] Compiler: c1, Barriers: 0, Oops: 0, ImmediateOops: 0, NonImmediateOops: No
[1,081s][debug  ][gc,nmethod  ] Register NMethod: jdk.internal.util.Preconditions.checkIndex (0x00007f374fa1b490) [0x00007f374fa1b640, 0x00007f374fa1b7e0] Compiler: c1, Barriers: 0, Oops: 0, ImmediateOops: 0, NonImmediateOops: No
[1,081s][debug  ][gc,nmethod  ] Register NMethod: java.net.URI.hash (0x00007f374fa1b890) [0x00007f374fa1ba60, 0x00007f374fa1bd28] Compiler: c1, Barriers: 0, Oops: 0, ImmediateOops: 0, NonImmediateOops: No
[1,081s][debug  ][gc,nmethod  ] Register NMethod: java.lang.String.charAt (0x00007f374fa1be90) [0x00007f374fa1c060, 0x00007f374fa1c450] Compiler: c1, Barriers: 2, Oops: 1, ImmediateOops: 1, NonImmediateOops: No
[1,081s][debug  ][gc,nmethod  ] Register NMethod: java.lang.StringLatin1.charAt (0x00007f374fa1c610) [0x00007f374fa1c7c0, 0x00007f374fa1c980] Compiler: c1, Barriers: 0, Oops: 1, ImmediateOops: 1, NonImmediateOops: No
[1,081s][debug  ][gc,nmethod  ] Register NMethod: java.lang.module.ModuleDescriptor.name (0x00007f376f1b0010) [0x00007f376f1b01a0, 0x00007f376f1b0290] Compiler: c1, Barriers: 1, Oops: 0, ImmediateOops: 0, NonImmediateOops: No
[1,081s][debug  ][gc,nmethod  ] Register NMethod: java.lang.module.ModuleReference.descriptor (0x00007f376f1b0310) [0x00007f376f1b04a0, 0x00007f376f1b0590] Compiler: c1, Barriers: 1, Oops: 0, ImmediateOops: 0, NonImmediateOops: No
[1,082s][debug  ][gc,nmethod  ] Register NMethod: java.lang.String.isEmpty (0x00007f374fa1ca90) [0x00007f374fa1cc20, 0x00007f374fa1cdb8] Compiler: c1, Barriers: 1, Oops: 0, ImmediateOops: 0, NonImmediateOops: No
[1,082s][debug  ][gc,nmethod  ] Register NMethod: java.lang.StringLatin1.indexOfChar (0x00007f374fa1ce90) [0x00007f374fa1d040, 0x00007f374fa1d260] Compiler: c1, Barriers: 0, Oops: 0, ImmediateOops: 0, NonImmediateOops: No
[1,083s][debug  ][gc,nmethod  ] Register NMethod: java.lang.Math.min (0x00007f374fa1d390) [0x00007f374fa1d520, 0x00007f374fa1d650] Compiler: c1, Barriers: 0, Oops: 0, ImmediateOops: 0, NonImmediateOops: No
[1,083s][debug  ][gc,nmethod  ] Register NMethod: java.io.File.getPath (0x00007f376f1b0610) [0x00007f376f1b07a0, 0x00007f376f1b0890] Compiler: c1, Barriers: 1, Oops: 0, ImmediateOops: 0, NonImmediateOops: No
[1,083s][debug  ][gc,nmethod  ] Register NMethod: java.lang.StringLatin1.canEncode (0x00007f374fa1d710) [0x00007f374fa1d8a0, 0x00007f374fa1d9e0] Compiler: c1, Barriers: 0, Oops: 0, ImmediateOops: 0, NonImmediateOops: No
[1,083s][debug  ][gc,nmethod  ] Register NMethod: java.lang.String.startsWith (0x00007f374fa1da90) [0x00007f374fa1dce0, 0x00007f374fa1e560] Compiler: c1, Barriers: 2, Oops: 0, ImmediateOops: 0, NonImmediateOops: No
[1,083s][debug  ][gc,nmethod  ] Register NMethod: java.lang.System.arraycopy (0x00007f376f1b0910) [0x00007f376f1b0aa0, 0x00007f376f1b0c90] Compiler: , Barriers: 0, Oops: 0, ImmediateOops: 1, NonImmediateOops: No
[1,083s][debug  ][gc,nmethod  ] Register NMethod: java.lang.Math.max (0x00007f374fa1e810) [0x00007f374fa1e9a0, 0x00007f374fa1ead0] Compiler: c1, Barriers: 0, Oops: 0, ImmediateOops: 0, NonImmediateOops: No
[1,083s][debug  ][gc,nmethod  ] Register NMethod: java.lang.StringLatin1.indexOf (0x00007f374fa1eb90) [0x00007f374fa1ed80, 0x00007f374fa1f298] Compiler: c1, Barriers: 0, Oops: 0, ImmediateOops: 0, NonImmediateOops: No
[1,084s][debug  ][gc,nmethod  ] Register NMethod: java.lang.StringLatin1.indexOf (0x00007f374fa1f490) [0x00007f374fa1f660, 0x00007f374fa1fb38] Compiler: c1, Barriers: 0, Oops: 0, ImmediateOops: 0, NonImmediateOops: No
[1,084s][debug  ][gc,nmethod  ] Register NMethod: jdk.internal.misc.Unsafe.getLong (0x00007f376f1b0d10) [0x00007f376f1b0ea0, 0x00007f376f1b1080] Compiler: , Barriers: 0, Oops: 0, ImmediateOops: 0, NonImmediateOops: No
[1,084s][debug  ][gc,nmethod  ] Register NMethod: jdk.internal.util.ArraysSupport.mismatch (0x00007f374fa1fd90) [0x00007f374fa1ff60, 0x00007f374fa20380] Compiler: c1, Barriers: 0, Oops: 0, ImmediateOops: 0, NonImmediateOops: No
[1,084s][debug  ][gc,nmethod  ] Register NMethod: java.lang.String.startsWith (0x00007f374fa20590) [0x00007f374fa20740, 0x00007f374fa20880] Compiler: c1, Barriers: 0, Oops: 0, ImmediateOops: 0, NonImmediateOops: No
[1,084s][debug  ][gc,nmethod  ] Register NMethod: java.lang.String.indexOf (0x00007f374fa20910) [0x00007f374fa20b00, 0x00007f374fa21008] Compiler: c1, Barriers: 2, Oops: 0, ImmediateOops: 0, NonImmediateOops: No
[1,084s][debug  ][gc,nmethod  ] Register NMethod: java.lang.String.indexOf (0x00007f374fa21210) [0x00007f374fa213c0, 0x00007f374fa21500] Compiler: c1, Barriers: 0, Oops: 0, ImmediateOops: 0, NonImmediateOops: No
[1,084s][debug  ][gc,nmethod  ] Register NMethod: jdk.internal.misc.Unsafe.getLongUnaligned (0x00007f374fa21590) [0x00007f374fa21780, 0x00007f374fa21b90] Compiler: c1, Barriers: 0, Oops: 0, ImmediateOops: 0, NonImmediateOops: No
[1,084s][debug  ][gc,nmethod  ] Register NMethod: java.io.File.getPrefixLength (0x00007f376f1b1090) [0x00007f376f1b1220, 0x00007f376f1b12e0] Compiler: c1, Barriers: 0, Oops: 0, ImmediateOops: 0, NonImmediateOops: No
[1,084s][debug  ][gc,nmethod  ] Register NMethod: java.lang.StringLatin1.lastIndexOf (0x00007f374fa21c90) [0x00007f374fa21e60, 0x00007f374fa22240] Compiler: c1, Barriers: 0, Oops: 0, ImmediateOops: 0, NonImmediateOops: No
[1,085s][debug  ][gc,nmethod  ] Register NMethod: jdk.internal.misc.Unsafe.getReferenceVolatile (0x00007f376f1b1390) [0x00007f376f1b1540, 0x00007f376f1b18f0] Compiler: , Barriers: 0, Oops: 0, ImmediateOops: 0, NonImmediateOops: No
[1,085s][debug  ][gc,nmethod  ] Register NMethod: jdk.internal.misc.Unsafe.compareAndSetLong (0x00007f376f1b1910) [0x00007f376f1b1aa0, 0x00007f376f1b1c90] Compiler: , Barriers: 0, Oops: 0, ImmediateOops: 0, NonImmediateOops: No
[1,086s][debug  ][gc,nmethod  ] Register NMethod: java.util.concurrent.ConcurrentHashMap.putVal (0x00007f374fa22390) [0x00007f374fa22740, 0x00007f374fa243c0] Compiler: c1, Barriers: 28, Oops: 0, ImmediateOops: 1, NonImmediateOops: No
[1,086s][debug  ][gc,nmethod  ] Register NMethod: java.util.ImmutableCollections$SetN$SetNIterator.next (0x00007f374fa24d90) [0x00007f374fa24f60, 0x00007f374fa252e8] Compiler: c1, Barriers: 3, Oops: 0, ImmediateOops: 0, NonImmediateOops: No
[1,086s][debug  ][gc,nmethod  ] Register NMethod: java.util.concurrent.ConcurrentHashMap.tabAt (0x00007f374fa25490) [0x00007f374fa25640, 0x00007f374fa25900] Compiler: c1, Barriers: 1, Oops: 1, ImmediateOops: 1, NonImmediateOops: No
[1,086s][debug  ][gc,nmethod  ] Register NMethod: jdk.internal.misc.Unsafe.getReferenceAcquire (0x00007f374fa25a10) [0x00007f374fa25ba0, 0x00007f374fa25cd0] Compiler: c1, Barriers: 1, Oops: 0, ImmediateOops: 0, NonImmediateOops: No
[1,086s][debug  ][gc,nmethod  ] Register NMethod: java.util.concurrent.ConcurrentHashMap.spread (0x00007f374fa25d90) [0x00007f374fa25f20, 0x00007f374fa26010] Compiler: c1, Barriers: 0, Oops: 0, ImmediateOops: 0, NonImmediateOops: No
[1,087s][debug  ][gc,nmethod  ] Register NMethod: java.util.concurrent.ConcurrentHashMap.addCount (0x00007f374fa26090) [0x00007f374fa262e0, 0x00007f374fa26cb8] Compiler: c1, Barriers: 4, Oops: 0, ImmediateOops: 0, NonImmediateOops: No
[1,087s][debug  ][gc,nmethod  ] Register NMethod: java.util.concurrent.ConcurrentHashMap$Node.<init> (0x00007f374fa26f90) [0x00007f374fa27140, 0x00007f374fa27398] Compiler: c1, Barriers: 6, Oops: 0, ImmediateOops: 0, NonImmediateOops: No
[1,088s][debug  ][gc,nmethod  ] Register NMethod: java.lang.invoke.MethodHandle.linkToStatic (0x00007f376f1b1d10) [0x00007f376f1b1e80, 0x00007f376f1b1f70] Compiler: , Barriers: 0, Oops: 0, ImmediateOops: 0, NonImmediateOops: No
[1,089s][debug  ][gc,nmethod  ] Register NMethod: java.lang.invoke.MethodHandle.linkToStatic (0x00007f376f1b2010) [0x00007f376f1b2180, 0x00007f376f1b2270] Compiler: , Barriers: 0, Oops: 0, ImmediateOops: 0, NonImmediateOops: No
[1,089s][debug  ][gc,nmethod  ] Register NMethod: java.lang.invoke.MethodHandle.linkToStatic (0x00007f376f1b2310) [0x00007f376f1b2480, 0x00007f376f1b2570] Compiler: , Barriers: 0, Oops: 0, ImmediateOops: 0, NonImmediateOops: No
[1,090s][debug  ][gc,nmethod  ] Register NMethod: java.lang.Object.hashCode (0x00007f376f1b2610) [0x00007f376f1b27a0, 0x00007f376f1b2980] Compiler: , Barriers: 0, Oops: 0, ImmediateOops: 0, NonImmediateOops: No
[1,090s][debug  ][gc,nmethod  ] Register NMethod: jdk.internal.util.ArraysSupport.signedHashCode (0x00007f376f1b2990) [0x00007f376f1b2b00, 0x00007f376f1b2cb0] Compiler: c2, Barriers: 0, Oops: 0, ImmediateOops: 0, NonImmediateOops: No
[1,090s][debug  ][gc,director ] Rule Major: Warmup 10%, Used: 8MB, UsedThreshold: 1536MB
[1,090s][debug  ][gc,nmethod  ] Register NMethod: java.lang.String.charAt (0x00007f376f1b2d90) [0x00007f376f1b2f20, 0x00007f376f1b3060] Compiler: c2, Barriers: 1, Oops: 1, ImmediateOops: 0, NonImmediateOops: No
[1,090s][debug  ][gc,nmethod  ] Register NMethod: java.lang.invoke.MethodHandle.invokeBasic (0x00007f376f1b3190) [0x00007f376f1b3320, 0x00007f376f1b35b8] Compiler: , Barriers: 0, Oops: 0, ImmediateOops: 0, NonImmediateOops: No
[1,090s][debug  ][gc,nmethod  ] Register NMethod: java.lang.invoke.MethodHandle.linkToSpecial (0x00007f376f1b3610) [0x00007f376f1b3780, 0x00007f376f1b3878] Compiler: , Barriers: 0, Oops: 0, ImmediateOops: 0, NonImmediateOops: No
[1,090s][debug  ][gc,nmethod  ] Register NMethod: java.lang.Object.<init> (0x00007f376f1b3910) [0x00007f376f1b3a80, 0x00007f376f1b3af8] Compiler: c2, Barriers: 0, Oops: 0, ImmediateOops: 0, NonImmediateOops: No
[1,092s][debug  ][gc,nmethod  ] Register NMethod: java.lang.invoke.MethodHandle.invokeBasic (0x00007f376f1b3c10) [0x00007f376f1b3da0, 0x00007f376f1b4038] Compiler: , Barriers: 0, Oops: 0, ImmediateOops: 0, NonImmediateOops: No
[1,092s][debug  ][gc,nmethod  ] Register NMethod: java.lang.invoke.MethodHandle.linkToSpecial (0x00007f376f1b4090) [0x00007f376f1b4200, 0x00007f376f1b42f8] Compiler: , Barriers: 0, Oops: 0, ImmediateOops: 0, NonImmediateOops: No
[1,092s][debug  ][gc,nmethod  ] Register NMethod: java.lang.Enum.ordinal (0x00007f376f1b4390) [0x00007f376f1b4520, 0x00007f376f1b45e0] Compiler: c1, Barriers: 0, Oops: 0, ImmediateOops: 0, NonImmediateOops: No
[1,092s][debug  ][gc,nmethod  ] Register NMethod: java.lang.Object.getClass (0x00007f376f1b4690) [0x00007f376f1b4840, 0x00007f376f1b4bd8] Compiler: , Barriers: 0, Oops: 0, ImmediateOops: 0, NonImmediateOops: No
[1,092s][debug  ][gc,nmethod  ] Register NMethod: java.lang.Class.isPrimitive (0x00007f376f1b4c10) [0x00007f376f1b4da0, 0x00007f376f1b4f70] Compiler: , Barriers: 0, Oops: 0, ImmediateOops: 0, NonImmediateOops: No
[1,092s][debug  ][gc,nmethod  ] Register NMethod: java.lang.invoke.MethodHandle.linkToStatic (0x00007f376f1b4f90) [0x00007f376f1b5100, 0x00007f376f1b51f8] Compiler: , Barriers: 0, Oops: 0, ImmediateOops: 0, NonImmediateOops: No
[1,093s][debug  ][gc,nmethod  ] Register NMethod: java.lang.invoke.MethodHandle.linkToStatic (0x00007f376f1b5290) [0x00007f376f1b5400, 0x00007f376f1b54f0] Compiler: , Barriers: 0, Oops: 0, ImmediateOops: 0, NonImmediateOops: No
[1,093s][debug  ][gc,nmethod  ] Register NMethod: java.lang.invoke.MethodHandle.invokeBasic (0x00007f376f1b5590) [0x00007f376f1b5720, 0x00007f376f1b59b8] Compiler: , Barriers: 0, Oops: 0, ImmediateOops: 0, NonImmediateOops: No
[1,093s][debug  ][gc,nmethod  ] Register NMethod: java.lang.invoke.MethodHandle.linkToSpecial (0x00007f376f1b5a10) [0x00007f376f1b5b80, 0x00007f376f1b5c78] Compiler: , Barriers: 0, Oops: 0, ImmediateOops: 0, NonImmediateOops: No
[1,093s][debug  ][gc,nmethod  ] Register NMethod: java.util.concurrent.ConcurrentHashMap.putIfAbsent (0x00007f374fa27490) [0x00007f374fa27640, 0x00007f374fa27780] Compiler: c1, Barriers: 0, Oops: 0, ImmediateOops: 0, NonImmediateOops: No
[1,093s][debug  ][gc,nmethod  ] Register NMethod: java.lang.invoke.MethodType.returnType (0x00007f376f1b5d10) [0x00007f376f1b5ea0, 0x00007f376f1b5f90] Compiler: c1, Barriers: 1, Oops: 0, ImmediateOops: 0, NonImmediateOops: No
[1,094s][debug  ][gc,nmethod  ] Register NMethod: java.lang.invoke.MethodHandle.linkToSpecial (0x00007f376f1b6010) [0x00007f376f1b6180, 0x00007f376f1b6278] Compiler: , Barriers: 0, Oops: 0, ImmediateOops: 0, NonImmediateOops: No
[1,095s][debug  ][gc,nmethod  ] Register NMethod: java.lang.invoke.MethodHandle.linkToStatic (0x00007f376f1b6310) [0x00007f376f1b6480, 0x00007f376f1b6570] Compiler: , Barriers: 0, Oops: 0, ImmediateOops: 0, NonImmediateOops: No
[1,095s][debug  ][gc,nmethod  ] Register NMethod: java.lang.invoke.MethodHandle.linkToSpecial (0x00007f376f1b6610) [0x00007f376f1b6780, 0x00007f376f1b6878] Compiler: , Barriers: 0, Oops: 0, ImmediateOops: 0, NonImmediateOops: No
[1,095s][debug  ][gc,nmethod  ] Register NMethod: java.lang.invoke.MethodTypeForm.canonicalize (0x00007f374fa27810) [0x00007f374fa27a40, 0x00007f374fa28030] Compiler: c1, Barriers: 1, Oops: 0, ImmediateOops: 2, NonImmediateOops: No
[1,095s][debug  ][gc,nmethod  ] Register NMethod: java.lang.String.<init> (0x00007f374fa28210) [0x00007f374fa283c0, 0x00007f374fa28598] Compiler: c1, Barriers: 3, Oops: 0, ImmediateOops: 0, NonImmediateOops: No
[1,095s][debug  ][gc,nmethod  ] Register NMethod: java.lang.invoke.MethodHandle.linkToVirtual (0x00007f376f1b6910) [0x00007f376f1b6a80, 0x00007f376f1b6aa8] Compiler: , Barriers: 0, Oops: 0, ImmediateOops: 0, NonImmediateOops: No
[1,095s][debug  ][gc,nmethod  ] Register NMethod: java.lang.invoke.MethodType.checkSlotCount (0x00007f374fa28690) [0x00007f374fa288c0, 0x00007f374fa28ec8] Compiler: c1, Barriers: 0, Oops: 1, ImmediateOops: 1, NonImmediateOops: No
[1,095s][debug  ][gc,nmethod  ] Register NMethod: java.lang.String.getBytes (0x00007f374fa29190) [0x00007f374fa29360, 0x00007f374fa296b8] Compiler: c1, Barriers: 2, Oops: 0, ImmediateOops: 0, NonImmediateOops: No
[1,095s][debug  ][gc,nmethod  ] Register NMethod: java.lang.invoke.MemberName.getDeclaringClass (0x00007f376f1b6c10) [0x00007f376f1b6da0, 0x00007f376f1b6e90] Compiler: c1, Barriers: 1, Oops: 0, ImmediateOops: 0, NonImmediateOops: No
[1,096s][debug  ][gc,nmethod  ] Register NMethod: java.lang.invoke.MemberName.isInvocable (0x00007f374fa29810) [0x00007f374fa299a0, 0x00007f374fa29b68] Compiler: c1, Barriers: 0, Oops: 0, ImmediateOops: 0, NonImmediateOops: No
[1,096s][debug  ][gc,nmethod  ] Register NMethod: java.lang.invoke.MemberName.anyFlagSet (0x00007f374fa29c10) [0x00007f374fa29da0, 0x00007f374fa29f00] Compiler: c1, Barriers: 0, Oops: 0, ImmediateOops: 0, NonImmediateOops: No
[1,096s][debug  ][gc,nmethod  ] Register NMethod: java.lang.ref.ReferenceQueue.headIsNull (0x00007f374fa29f90) [0x00007f374fa2a120, 0x00007f374fa2a2b0] Compiler: c1, Barriers: 1, Oops: 0, ImmediateOops: 0, NonImmediateOops: No
[1,096s][debug  ][gc,nmethod  ] Register NMethod: java.lang.invoke.MethodType.form (0x00007f376f1b6f10) [0x00007f376f1b70a0, 0x00007f376f1b7190] Compiler: c1, Barriers: 1, Oops: 0, ImmediateOops: 0, NonImmediateOops: No
[1,096s][debug  ][gc,nmethod  ] Register NMethod: java.lang.invoke.MethodType.ptypes (0x00007f376f1b7210) [0x00007f376f1b73a0, 0x00007f376f1b7490] Compiler: c1, Barriers: 1, Oops: 0, ImmediateOops: 0, NonImmediateOops: No
[1,096s][debug  ][gc,nmethod  ] Register NMethod: java.lang.invoke.MethodHandle.linkToInterface (0x00007f376f1b7510) [0x00007f376f1b7680, 0x00007f376f1b77b8] Compiler: , Barriers: 0, Oops: 0, ImmediateOops: 0, NonImmediateOops: No
[1,096s][debug  ][gc,nmethod  ] Register NMethod: java.lang.Class.isArray (0x00007f376f1b7810) [0x00007f376f1b79a0, 0x00007f376f1b7b70] Compiler: , Barriers: 0, Oops: 0, ImmediateOops: 0, NonImmediateOops: No
[1,096s][debug  ][gc,nmethod  ] Register NMethod: java.lang.invoke.MethodType.hashCode (0x00007f374fa2a310) [0x00007f374fa2a4e0, 0x00007f374fa2a8d8] Compiler: c1, Barriers: 3, Oops: 0, ImmediateOops: 0, NonImmediateOops: No
[1,096s][debug  ][gc,nmethod  ] Register NMethod: java.lang.invoke.MethodType$ConcurrentWeakInternSet.expungeStaleElements (0x00007f374fa2aa90) [0x00007f374fa2ac60, 0x00007f374fa2aff8] Compiler: c1, Barriers: 2, Oops: 0, ImmediateOops: 0, NonImmediateOops: No
[1,096s][debug  ][gc,nmethod  ] Register NMethod: java.lang.ref.NativeReferenceQueue.poll (0x00007f374fa2b110) [0x00007f374fa2b2e0, 0x00007f374fa2b690] Compiler: c1, Barriers: 2, Oops: 0, ImmediateOops: 0, NonImmediateOops: No
[1,096s][debug  ][gc,nmethod  ] Register NMethod: jdk.internal.org.objectweb.asm.SymbolTable.get (0x00007f374fa2b810) [0x00007f374fa2b9c0, 0x00007f374fa2bb70] Compiler: c1, Barriers: 2, Oops: 0, ImmediateOops: 0, NonImmediateOops: No
[1,097s][debug  ][gc,nmethod  ] Register NMethod: java.lang.invoke.MethodHandle.linkToStatic (0x00007f376f1b7b90) [0x00007f376f1b7d00, 0x00007f376f1b7df0] Compiler: , Barriers: 0, Oops: 0, ImmediateOops: 0, NonImmediateOops: No
[1,097s][debug  ][gc,nmethod  ] Register NMethod: java.lang.Class.getClassLoader (0x00007f374fa2bc90) [0x00007f374fa2bf00, 0x00007f374fa2cae0] Compiler: c1, Barriers: 6, Oops: 0, ImmediateOops: 4, NonImmediateOops: No
[1,097s][debug  ][gc,nmethod  ] Register NMethod: java.lang.Object.clone (0x00007f376f1b7e90) [0x00007f376f1b8040, 0x00007f376f1b83d8] Compiler: , Barriers: 0, Oops: 0, ImmediateOops: 0, NonImmediateOops: No
[1,097s][debug  ][gc,nmethod  ] Register NMethod: jdk.internal.org.objectweb.asm.ByteVector.putUTF8 (0x00007f374fa2ce10) [0x00007f374fa2d080, 0x00007f374fa2dac0] Compiler: c1, Barriers: 5, Oops: 1, ImmediateOops: 2, NonImmediateOops: No
[1,097s][debug  ][gc,nmethod  ] Register NMethod: java.util.concurrent.ConcurrentHashMap.get (0x00007f374fa2de90) [0x00007f374fa2e100, 0x00007f374fa2eca0] Compiler: c1, Barriers: 7, Oops: 0, ImmediateOops: 0, NonImmediateOops: No
[1,097s][debug  ][gc,nmethod  ] Register NMethod: jdk.internal.org.objectweb.asm.ByteVector.putShort (0x00007f374fa2ef90) [0x00007f374fa2f140, 0x00007f374fa2f3a0] Compiler: c1, Barriers: 2, Oops: 0, ImmediateOops: 0, NonImmediateOops: No
[1,097s][debug  ][gc,nmethod  ] Register NMethod: jdk.internal.org.objectweb.asm.SymbolTable.hash (0x00007f374fa2f510) [0x00007f374fa2f6c0, 0x00007f374fa2f7f0] Compiler: c1, Barriers: 0, Oops: 0, ImmediateOops: 0, NonImmediateOops: No
[1,097s][debug  ][gc,nmethod  ] Register NMethod: java.lang.invoke.MethodHandle.linkToSpecial (0x00007f376f1b8410) [0x00007f376f1b8580, 0x00007f376f1b8678] Compiler: , Barriers: 0, Oops: 0, ImmediateOops: 0, NonImmediateOops: No
[1,098s][debug  ][gc,nmethod  ] Register NMethod: java.util.Arrays.copyOfRange (0x00007f374fa2f910) [0x00007f374fa2fba0, 0x00007f374fa30710] Compiler: c1, Barriers: 0, Oops: 1, ImmediateOops: 1, NonImmediateOops: No
[1,098s][debug  ][gc,nmethod  ] Register NMethod: jdk.internal.org.objectweb.asm.Symbol.<init> (0x00007f374fa30b90) [0x00007f374fa30d40, 0x00007f374fa31018] Compiler: c1, Barriers: 9, Oops: 0, ImmediateOops: 0, NonImmediateOops: No
[1,098s][debug  ][gc,nmethod  ] Register NMethod: jdk.internal.org.objectweb.asm.SymbolTable.put (0x00007f374fa31110) [0x00007f374fa31320, 0x00007f374fa31cd0] Compiler: c1, Barriers: 21, Oops: 0, ImmediateOops: 0, NonImmediateOops: No
[1,098s][debug  ][gc,nmethod  ] Register NMethod: java.lang.AbstractStringBuilder.ensureCapacityInternal (0x00007f374fa31f90) [0x00007f374fa32160, 0x00007f374fa323e0] Compiler: c1, Barriers: 4, Oops: 0, ImmediateOops: 0, NonImmediateOops: No
[1,098s][debug  ][gc,nmethod  ] Register NMethod: jdk.internal.org.objectweb.asm.SymbolTable.addConstantUtf8 (0x00007f374fa32510) [0x00007f374fa32760, 0x00007f374fa32e50] Compiler: c1, Barriers: 5, Oops: 0, ImmediateOops: 0, NonImmediateOops: No
[1,099s][debug  ][gc,nmethod  ] Register NMethod: java.util.stream.FindOps$FindSink.cancellationRequested (0x00007f376f1b8710) [0x00007f376f1b88a0, 0x00007f376f1b8968] Compiler: c1, Barriers: 0, Oops: 0, ImmediateOops: 0, NonImmediateOops: No
[1,099s][debug  ][gc,nmethod  ] Register NMethod: java.lang.invoke.MethodType.parameterCount (0x00007f374fa33190) [0x00007f374fa33320, 0x00007f374fa33458] Compiler: c1, Barriers: 1, Oops: 0, ImmediateOops: 0, NonImmediateOops: No
[1,099s][debug  ][gc,nmethod  ] Register NMethod: java.lang.invoke.MethodHandle.type (0x00007f376f1b8a10) [0x00007f376f1b8ba0, 0x00007f376f1b8c90] Compiler: c1, Barriers: 1, Oops: 0, ImmediateOops: 0, NonImmediateOops: No
[1,099s][debug  ][gc,nmethod  ] Register NMethod: java.util.Spliterators$IteratorSpliterator.characteristics (0x00007f376f1b8d10) [0x00007f376f1b8ea0, 0x00007f376f1b8f60] Compiler: c1, Barriers: 0, Oops: 0, ImmediateOops: 0, NonImmediateOops: No
[1,099s][debug  ][gc,nmethod  ] Register NMethod: java.util.stream.ReferencePipeline$2$1.accept (0x00007f374fa33510) [0x00007f374fa336e0, 0x00007f374fa33a50] Compiler: c1, Barriers: 3, Oops: 0, ImmediateOops: 0, NonImmediateOops: No
[1,099s][debug  ][gc,nmethod  ] Register NMethod: jdk.internal.org.objectweb.asm.SymbolTable$Entry.<init> (0x00007f374fa33b90) [0x00007f374fa33d40, 0x00007f374fa33ec0] Compiler: c1, Barriers: 0, Oops: 0, ImmediateOops: 0, NonImmediateOops: No
[1,099s][debug  ][gc,nmethod  ] Register NMethod: java.util.HashMap.hash (0x00007f374fa33f90) [0x00007f374fa34140, 0x00007f374fa34338] Compiler: c1, Barriers: 0, Oops: 0, ImmediateOops: 0, NonImmediateOops: No
[1,099s][debug  ][gc,nmethod  ] Register NMethod: java.lang.invoke.MethodType.parameterType (0x00007f374fa34410) [0x00007f374fa345a0, 0x00007f374fa34730] Compiler: c1, Barriers: 2, Oops: 0, ImmediateOops: 0, NonImmediateOops: No
[1,099s][debug  ][gc,nmethod  ] Register NMethod: java.util.stream.Sink$ChainedReference.cancellationRequested (0x00007f374fa34810) [0x00007f374fa349c0, 0x00007f374fa34bb8] Compiler: c1, Barriers: 1, Oops: 0, ImmediateOops: 0, NonImmediateOops: No
[1,099s][debug  ][gc,nmethod  ] Register NMethod: java.util.HashMap.newNode (0x00007f374fa34c90) [0x00007f374fa34e40, 0x00007f374fa351c0] Compiler: c1, Barriers: 9, Oops: 0, ImmediateOops: 0, NonImmediateOops: No
[1,099s][debug  ][gc,nmethod  ] Register NMethod: java.util.HashMap$Node.<init> (0x00007f374fa35310) [0x00007f374fa354c0, 0x00007f374fa35788] Compiler: c1, Barriers: 9, Oops: 0, ImmediateOops: 0, NonImmediateOops: No
[1,099s][debug  ][gc,nmethod  ] Register NMethod: java.util.HashMap.putVal (0x00007f374fa35890) [0x00007f374fa35b60, 0x00007f374fa36c70] Compiler: c1, Barriers: 15, Oops: 0, ImmediateOops: 0, NonImmediateOops: No
[1,099s][debug  ][gc,nmethod  ] Register NMethod: java.util.HashMap.getNode (0x00007f374fa37190) [0x00007f374fa373e0, 0x00007f374fa38008] Compiler: c1, Barriers: 6, Oops: 0, ImmediateOops: 0, NonImmediateOops: No
[1,099s][debug  ][gc,nmethod  ] Register NMethod: java.util.HashMap.afterNodeInsertion (0x00007f374fa38310) [0x00007f374fa384a0, 0x00007f374fa385a0] Compiler: c1, Barriers: 0, Oops: 0, ImmediateOops: 0, NonImmediateOops: No
[1,100s][debug  ][gc,nmethod  ] Register NMethod: java.util.HashMap.put (0x00007f374fa38610) [0x00007f374fa387e0, 0x00007f374fa38ad8] Compiler: c1, Barriers: 0, Oops: 0, ImmediateOops: 0, NonImmediateOops: No
[1,100s][debug  ][gc,nmethod  ] Register NMethod: java.util.ImmutableCollections$Set12$1.hasNext (0x00007f374fa38c10) [0x00007f374fa38da0, 0x00007f374fa38f00] Compiler: c1, Barriers: 0, Oops: 0, ImmediateOops: 0, NonImmediateOops: No
[1,100s][debug  ][gc,nmethod  ] Register NMethod: java.util.Optional.<init> (0x00007f374fa38f90) [0x00007f374fa39140, 0x00007f374fa39318] Compiler: c1, Barriers: 3, Oops: 0, ImmediateOops: 0, NonImmediateOops: No
[1,100s][debug  ][gc,director ] Rule Major: Warmup 10%, Used: 8MB, UsedThreshold: 1536MB
[1,100s][debug  ][gc,nmethod  ] Register NMethod: java.lang.String.hashCode (0x00007f376f1b9010) [0x00007f376f1b91c0, 0x00007f376f1b94f8] Compiler: c2, Barriers: 1, Oops: 0, ImmediateOops: 0, NonImmediateOops: No
[1,100s][debug  ][gc,nmethod  ] Register NMethod: java.util.HashMap.putVal (0x00007f374fa39410) [0x00007f374fa39700, 0x00007f374fa3a990] Compiler: c1, Barriers: 15, Oops: 0, ImmediateOops: 0, NonImmediateOops: No
[1,100s][debug  ][gc,nmethod  ] Register NMethod: java.lang.module.ModuleDescriptor$Requires.name (0x00007f376f1b9610) [0x00007f376f1b97a0, 0x00007f376f1b9890] Compiler: c1, Barriers: 1, Oops: 0, ImmediateOops: 0, NonImmediateOops: No
[1,100s][debug  ][gc,nmethod  ] Register NMethod: java.lang.module.ModuleDescriptor$Requires.modifiers (0x00007f376f1b9910) [0x00007f376f1b9aa0, 0x00007f376f1b9b90] Compiler: c1, Barriers: 1, Oops: 0, ImmediateOops: 0, NonImmediateOops: No
[1,100s][debug  ][gc,nmethod  ] Register NMethod: jdk.internal.module.ModuleReferenceImpl.moduleResolution (0x00007f376f1b9c10) [0x00007f376f1b9da0, 0x00007f376f1b9e90] Compiler: c1, Barriers: 1, Oops: 0, ImmediateOops: 0, NonImmediateOops: No
[1,100s][debug  ][gc,nmethod  ] Register NMethod: java.util.HashMap$HashIterator.nextNode (0x00007f374fa3ae10) [0x00007f374fa3b020, 0x00007f374fa3b680] Compiler: c1, Barriers: 14, Oops: 0, ImmediateOops: 0, NonImmediateOops: No
[1,100s][debug  ][gc,nmethod  ] Register NMethod: java.util.HashMap.get (0x00007f374fa3b890) [0x00007f374fa3ba40, 0x00007f374fa3bc28] Compiler: c1, Barriers: 1, Oops: 0, ImmediateOops: 0, NonImmediateOops: No
[1,101s][debug  ][gc,nmethod  ] Register NMethod: java.util.HashMap$HashIterator.hasNext (0x00007f374fa3bd10) [0x00007f374fa3bea0, 0x00007f374fa3c030] Compiler: c1, Barriers: 1, Oops: 0, ImmediateOops: 0, NonImmediateOops: No
[1,101s][debug  ][gc,nmethod  ] Register NMethod: jdk.internal.module.ModuleReferenceImpl.hashCode (0x00007f374fa3c090) [0x00007f374fa3c280, 0x00007f374fa3c780] Compiler: c1, Barriers: 3, Oops: 0, ImmediateOops: 0, NonImmediateOops: No
[1,101s][debug  ][gc,nmethod  ] Register NMethod: java.util.HashMap$HashIterator.<init> (0x00007f374fa3c910) [0x00007f374fa3cae0, 0x00007f374fa3d020] Compiler: c1, Barriers: 14, Oops: 0, ImmediateOops: 0, NonImmediateOops: No
[1,101s][debug  ][gc,nmethod  ] Register NMethod: java.lang.module.ResolvedModule.hashCode (0x00007f374fa3d190) [0x00007f374fa3d340, 0x00007f374fa3d5c0] Compiler: c1, Barriers: 2, Oops: 0, ImmediateOops: 0, NonImmediateOops: No
[1,101s][debug  ][gc,nmethod  ] Register NMethod: java.util.HashMap.containsKey (0x00007f374fa3d710) [0x00007f374fa3d8c0, 0x00007f374fa3da50] Compiler: c1, Barriers: 0, Oops: 0, ImmediateOops: 0, NonImmediateOops: No
[1,101s][debug  ][gc,nmethod  ] Register NMethod: java.util.HashSet.add (0x00007f374fa3db10) [0x00007f374fa3dcc0, 0x00007f374fa3df10] Compiler: c1, Barriers: 1, Oops: 0, ImmediateOops: 1, NonImmediateOops: No
[1,101s][debug  ][gc,nmethod  ] Register NMethod: java.util.HashMap$KeyIterator.next (0x00007f374fa3e010) [0x00007f374fa3e1c0, 0x00007f374fa3e330] Compiler: c1, Barriers: 1, Oops: 0, ImmediateOops: 0, NonImmediateOops: No
[1,101s][debug  ][gc,nmethod  ] Register NMethod: java.lang.module.ModuleDescriptor.requires (0x00007f376f1b9f10) [0x00007f376f1ba0a0, 0x00007f376f1ba190] Compiler: c1, Barriers: 1, Oops: 0, ImmediateOops: 0, NonImmediateOops: No
[1,101s][debug  ][gc,nmethod  ] Register NMethod: java.util.AbstractSet.<init> (0x00007f374fa3e410) [0x00007f374fa3e5c0, 0x00007f374fa3e780] Compiler: c1, Barriers: 0, Oops: 0, ImmediateOops: 0, NonImmediateOops: No
[1,101s][debug  ][gc,nmethod  ] Register NMethod: java.lang.module.ModuleDescriptor.isAutomatic (0x00007f376f1ba210) [0x00007f376f1ba3a0, 0x00007f376f1ba468] Compiler: c1, Barriers: 0, Oops: 0, ImmediateOops: 0, NonImmediateOops: No
[1,101s][debug  ][gc,nmethod  ] Register NMethod: java.lang.module.ModuleDescriptor$Exports.isQualified (0x00007f374fa3e890) [0x00007f374fa3ea40, 0x00007f374fa3ec88] Compiler: c1, Barriers: 1, Oops: 0, ImmediateOops: 0, NonImmediateOops: No
[1,101s][debug  ][gc,nmethod  ] Register NMethod: java.util.ImmutableCollections$Set12$1.next (0x00007f374fa3ed90) [0x00007f374fa3ef80, 0x00007f374fa3f350] Compiler: c1, Barriers: 5, Oops: 0, ImmediateOops: 1, NonImmediateOops: No
[1,101s][debug  ][gc,nmethod  ] Register NMethod: java.util.ImmutableCollections$SetN.isEmpty (0x00007f374fa3f490) [0x00007f374fa3f620, 0x00007f374fa3f780] Compiler: c1, Barriers: 0, Oops: 0, ImmediateOops: 0, NonImmediateOops: No
[1,101s][debug  ][gc,nmethod  ] Register NMethod: java.lang.module.ModuleDescriptor.hashCode (0x00007f374fa3f810) [0x00007f374fa3fae0, 0x00007f374fa40830] Compiler: c1, Barriers: 12, Oops: 0, ImmediateOops: 0, NonImmediateOops: No
[1,101s][debug  ][gc,nmethod  ] Register NMethod: java.util.HashMap.afterNodeInsertion (0x00007f376f1ba510) [0x00007f376f1ba680, 0x00007f376f1ba6f8] Compiler: c2, Barriers: 0, Oops: 0, ImmediateOops: 0, NonImmediateOops: No
[1,101s][debug  ][gc,nmethod  ] Register NMethod: java.lang.Object.equals (0x00007f374fa40c10) [0x00007f374fa40da0, 0x00007f374fa40f00] Compiler: c1, Barriers: 0, Oops: 0, ImmediateOops: 0, NonImmediateOops: No
[1,101s][debug  ][gc,nmethod  ] Register NMethod: java.util.ImmutableCollections$Set12.contains (0x00007f374fa40f90) [0x00007f374fa41160, 0x00007f374fa414e8] Compiler: c1, Barriers: 2, Oops: 0, ImmediateOops: 0, NonImmediateOops: No
[1,101s][debug  ][gc,nmethod  ] Register NMethod: java.lang.module.ModuleDescriptor$Exports.targets (0x00007f376f1ba810) [0x00007f376f1ba9a0, 0x00007f376f1baa90] Compiler: c1, Barriers: 1, Oops: 0, ImmediateOops: 0, NonImmediateOops: No
[1,101s][debug  ][gc,nmethod  ] Register NMethod: java.util.HashMap.putIfAbsent (0x00007f374fa41610) [0x00007f374fa417e0, 0x00007f374fa41ad8] Compiler: c1, Barriers: 0, Oops: 0, ImmediateOops: 0, NonImmediateOops: No
[1,101s][debug  ][gc,nmethod  ] Register NMethod: java.lang.module.ModuleDescriptor$Exports.source (0x00007f376f1bab10) [0x00007f376f1baca0, 0x00007f376f1bad90] Compiler: c1, Barriers: 1, Oops: 0, ImmediateOops: 0, NonImmediateOops: No
[1,101s][debug  ][gc,nmethod  ] Register NMethod: java.util.HashMap.keySet (0x00007f374fa41c10) [0x00007f374fa41de0, 0x00007f374fa42208] Compiler: c1, Barriers: 7, Oops: 0, ImmediateOops: 0, NonImmediateOops: No
[1,101s][debug  ][gc,nmethod  ] Register NMethod: java.util.HashMap$KeyIterator.<init> (0x00007f374fa42390) [0x00007f374fa42540, 0x00007f374fa42678] Compiler: c1, Barriers: 0, Oops: 0, ImmediateOops: 0, NonImmediateOops: No
[1,101s][debug  ][gc,nmethod  ] Register NMethod: java.util.ImmutableCollections$Set12.isEmpty (0x00007f376f1bae10) [0x00007f376f1bafa0, 0x00007f376f1bb060] Compiler: c1, Barriers: 0, Oops: 0, ImmediateOops: 0, NonImmediateOops: No
[1,101s][debug  ][gc,nmethod  ] Register NMethod: java.util.HashMap$KeySet.iterator (0x00007f374fa42710) [0x00007f374fa428c0, 0x00007f374fa42af8] Compiler: c1, Barriers: 1, Oops: 0, ImmediateOops: 0, NonImmediateOops: No
[1,101s][debug  ][gc,nmethod  ] Register NMethod: java.util.HashSet.iterator (0x00007f374fa42c10) [0x00007f374fa42dc0, 0x00007f374fa43070] Compiler: c1, Barriers: 1, Oops: 0, ImmediateOops: 0, NonImmediateOops: No
[1,101s][debug  ][gc,nmethod  ] Register NMethod: java.util.ImmutableCollections$SetN.contains (0x00007f374fa43190) [0x00007f374fa43360, 0x00007f374fa43680] Compiler: c1, Barriers: 0, Oops: 0, ImmediateOops: 0, NonImmediateOops: No
[1,101s][debug  ][gc,nmethod  ] Register NMethod: java.util.HashMap$ValueIterator.next (0x00007f374fa43790) [0x00007f374fa43940, 0x00007f374fa43ab0] Compiler: c1, Barriers: 1, Oops: 0, ImmediateOops: 0, NonImmediateOops: No
[1,101s][debug  ][gc,nmethod  ] Register NMethod: java.lang.module.ModuleDescriptor.provides (0x00007f376f1bb110) [0x00007f376f1bb2a0, 0x00007f376f1bb390] Compiler: c1, Barriers: 1, Oops: 0, ImmediateOops: 0, NonImmediateOops: No
[1,101s][debug  ][gc,nmethod  ] Register NMethod: java.util.HashMap.<init> (0x00007f374fa43b90) [0x00007f374fa43d40, 0x00007f374fa43f08] Compiler: c1, Barriers: 0, Oops: 0, ImmediateOops: 0, NonImmediateOops: No
[1,101s][debug  ][gc,nmethod  ] Register NMethod: java.lang.module.ModuleDescriptor.exports (0x00007f376f1bb410) [0x00007f376f1bb5a0, 0x00007f376f1bb690] Compiler: c1, Barriers: 1, Oops: 0, ImmediateOops: 0, NonImmediateOops: No
[1,102s][debug  ][gc,nmethod  ] Register NMethod: java.lang.module.ModuleDescriptor$Provides.service (0x00007f376f1bb710) [0x00007f376f1bb8a0, 0x00007f376f1bb990] Compiler: c1, Barriers: 1, Oops: 0, ImmediateOops: 0, NonImmediateOops: No
[1,102s][debug  ][gc,nmethod  ] Register NMethod: java.util.ImmutableCollections$SetN$SetNIterator.hasNext (0x00007f376f1bba10) [0x00007f376f1bbb80, 0x00007f376f1bbc08] Compiler: c2, Barriers: 0, Oops: 0, ImmediateOops: 0, NonImmediateOops: No
[1,102s][debug  ][gc,nmethod  ] Register NMethod: java.util.HashMap.resize (0x00007f374fa44010) [0x00007f374fa44300, 0x00007f374fa45860] Compiler: c1, Barriers: 31, Oops: 0, ImmediateOops: 0, NonImmediateOops: No
[1,102s][debug  ][gc,nmethod  ] Register NMethod: java.lang.module.ModuleDescriptor.uses (0x00007f376f1bbd10) [0x00007f376f1bbea0, 0x00007f376f1bbf90] Compiler: c1, Barriers: 1, Oops: 0, ImmediateOops: 0, NonImmediateOops: No
[1,102s][debug  ][gc,nmethod  ] Register NMethod: java.lang.StringLatin1.lastIndexOf (0x00007f374fa45c90) [0x00007f374fa45e60, 0x00007f374fa462c0] Compiler: c1, Barriers: 0, Oops: 0, ImmediateOops: 0, NonImmediateOops: No
[1,102s][debug  ][gc,nmethod  ] Register NMethod: java.util.ImmutableCollections$Set12.iterator (0x00007f374fa46510) [0x00007f374fa466c0, 0x00007f374fa469e0] Compiler: c1, Barriers: 4, Oops: 0, ImmediateOops: 1, NonImmediateOops: No
[1,102s][debug  ][gc,nmethod  ] Register NMethod: java.util.ImmutableCollections$Set12$1.<init> (0x00007f374fa46b10) [0x00007f374fa46cc0, 0x00007f374fa46f38] Compiler: c1, Barriers: 4, Oops: 0, ImmediateOops: 1, NonImmediateOops: No
[1,102s][debug  ][gc,nmethod  ] Register NMethod: java.util.HashSet.<init> (0x00007f374fa47010) [0x00007f374fa471e0, 0x00007f374fa475f0] Compiler: c1, Barriers: 3, Oops: 0, ImmediateOops: 0, NonImmediateOops: No
[1,102s][debug  ][gc,nmethod  ] Register NMethod: java.util.HashMap$Node.getKey (0x00007f376f1bc010) [0x00007f376f1bc1a0, 0x00007f376f1bc290] Compiler: c1, Barriers: 1, Oops: 0, ImmediateOops: 0, NonImmediateOops: No
[1,102s][debug  ][gc,nmethod  ] Register NMethod: java.util.HashMap$Node.getValue (0x00007f376f1bc310) [0x00007f376f1bc4a0, 0x00007f376f1bc590] Compiler: c1, Barriers: 1, Oops: 0, ImmediateOops: 0, NonImmediateOops: No
[1,102s][debug  ][gc,nmethod  ] Register NMethod: java.util.ImmutableCollections$SetN$SetNIterator.next (0x00007f376f1bc610) [0x00007f376f1bc7a0, 0x00007f376f1bc9c8] Compiler: c2, Barriers: 3, Oops: 0, ImmediateOops: 0, NonImmediateOops: No
[1,102s][debug  ][gc,nmethod  ] Register NMethod: jdk.internal.util.Preconditions.checkFromToIndex (0x00007f374fa47790) [0x00007f374fa47940, 0x00007f374fa47b18] Compiler: c1, Barriers: 0, Oops: 0, ImmediateOops: 0, NonImmediateOops: No
[1,102s][debug  ][gc,nmethod  ] Register NMethod: java.lang.String.checkBoundsBeginEnd (0x00007f374fa47c10) [0x00007f374fa47dc0, 0x00007f374fa47ff8] Compiler: c1, Barriers: 0, Oops: 1, ImmediateOops: 1, NonImmediateOops: No
[1,103s][debug  ][gc,nmethod  ] Register NMethod: java.lang.String.substring (0x00007f374fa48110) [0x00007f374fa48320, 0x00007f374fa48958] Compiler: c1, Barriers: 1, Oops: 1, ImmediateOops: 1, NonImmediateOops: No
[1,103s][debug  ][gc,nmethod  ] Register NMethod: java.util.KeyValueHolder.getKey (0x00007f376f1bcb10) [0x00007f376f1bcca0, 0x00007f376f1bcd90] Compiler: c1, Barriers: 1, Oops: 0, ImmediateOops: 0, NonImmediateOops: No
[1,103s][debug  ][gc,nmethod  ] Register NMethod: java.util.KeyValueHolder.getValue (0x00007f376f1bce10) [0x00007f376f1bcfa0, 0x00007f376f1bd090] Compiler: c1, Barriers: 1, Oops: 0, ImmediateOops: 0, NonImmediateOops: No
[1,103s][debug  ][gc,nmethod  ] Register NMethod: java.lang.StringLatin1.newString (0x00007f374fa48b90) [0x00007f374fa48e60, 0x00007f374fa49c08] Compiler: c1, Barriers: 3, Oops: 1, ImmediateOops: 2, NonImmediateOops: No
[1,103s][debug  ][gc,nmethod  ] Register NMethod: java.util.ImmutableCollections$MapN.probe (0x00007f374fa4a110) [0x00007f374fa4a300, 0x00007f374fa4a8e0] Compiler: c1, Barriers: 4, Oops: 0, ImmediateOops: 0, NonImmediateOops: No
[1,103s][debug  ][gc,nmethod  ] Register NMethod: jdk.internal.misc.Unsafe.compareAndSetReference (0x00007f376f1bd110) [0x00007f376f1bd2a0, 0x00007f376f1bd4b8] Compiler: , Barriers: 0, Oops: 0, ImmediateOops: 0, NonImmediateOops: No
[1,103s][debug  ][gc,nmethod  ] Register NMethod: java.util.concurrent.ConcurrentHashMap.casTabAt (0x00007f374fa4ab10) [0x00007f374fa4aca0, 0x00007f374fa4ae20] Compiler: c1, Barriers: 5, Oops: 0, ImmediateOops: 0, NonImmediateOops: No
[1,103s][debug  ][gc,nmethod  ] Register NMethod: java.util.Optional.orElse (0x00007f374fa4ae90) [0x00007f374fa4b040, 0x00007f374fa4b1e8] Compiler: c1, Barriers: 1, Oops: 0, ImmediateOops: 0, NonImmediateOops: No
[1,103s][debug  ][gc,nmethod  ] Register NMethod: java.lang.module.ModuleDescriptor.packages (0x00007f376f1bd510) [0x00007f376f1bd6a0, 0x00007f376f1bd790] Compiler: c1, Barriers: 1, Oops: 0, ImmediateOops: 0, NonImmediateOops: No
[1,103s][debug  ][gc,nmethod  ] Register NMethod: java.lang.module.ResolvedModule.name (0x00007f374fa4b290) [0x00007f374fa4b440, 0x00007f374fa4b628] Compiler: c1, Barriers: 3, Oops: 0, ImmediateOops: 0, NonImmediateOops: No
[1,103s][debug  ][gc,nmethod  ] Register NMethod: java.lang.AbstractStringBuilder.isLatin1 (0x00007f374fa4b710) [0x00007f374fa4b8a0, 0x00007f374fa4ba10] Compiler: c1, Barriers: 0, Oops: 0, ImmediateOops: 0, NonImmediateOops: No
[1,103s][debug  ][gc,nmethod  ] Register NMethod: java.util.Optional.ofNullable (0x00007f374fa4ba90) [0x00007f374fa4bc40, 0x00007f374fa4bf00] Compiler: c1, Barriers: 3, Oops: 0, ImmediateOops: 1, NonImmediateOops: No
[1,103s][debug  ][gc,nmethod  ] Register NMethod: java.lang.AbstractStringBuilder.length (0x00007f376f1bd810) [0x00007f376f1bd9a0, 0x00007f376f1bda60] Compiler: c1, Barriers: 0, Oops: 0, ImmediateOops: 0, NonImmediateOops: No
[1,103s][debug  ][gc,nmethod  ] Register NMethod: java.lang.AbstractStringBuilder.getValue (0x00007f376f1bdb10) [0x00007f376f1bdca0, 0x00007f376f1bdd90] Compiler: c1, Barriers: 1, Oops: 0, ImmediateOops: 0, NonImmediateOops: No
[1,103s][debug  ][gc,nmethod  ] Register NMethod: java.lang.module.ModuleDescriptor$Version.toString (0x00007f376f1bde10) [0x00007f376f1bdfa0, 0x00007f376f1be090] Compiler: c1, Barriers: 1, Oops: 0, ImmediateOops: 0, NonImmediateOops: No
[1,104s][debug  ][gc,nmethod  ] Register NMethod: java.lang.module.ResolvedModule.reference (0x00007f376f1be110) [0x00007f376f1be2a0, 0x00007f376f1be390] Compiler: c1, Barriers: 1, Oops: 0, ImmediateOops: 0, NonImmediateOops: No
[1,104s][debug  ][gc,nmethod  ] Register NMethod: java.lang.StringBuilder.append (0x00007f374fa4c010) [0x00007f374fa4c1c0, 0x00007f374fa4c308] Compiler: c1, Barriers: 0, Oops: 0, ImmediateOops: 0, NonImmediateOops: No
[1,104s][debug  ][gc,nmethod  ] Register NMethod: java.lang.AbstractStringBuilder.inflateIfNeededFor (0x00007f374fa4c390) [0x00007f374fa4c540, 0x00007f374fa4c750] Compiler: c1, Barriers: 0, Oops: 0, ImmediateOops: 0, NonImmediateOops: No
[1,104s][debug  ][gc,nmethod  ] Register NMethod: java.lang.AbstractStringBuilder.putStringAt (0x00007f374fa4c890) [0x00007f374fa4ca60, 0x00007f374fa4cd68] Compiler: c1, Barriers: 1, Oops: 0, ImmediateOops: 0, NonImmediateOops: No
[1,104s][debug  ][gc,nmethod  ] Register NMethod: java.lang.AbstractStringBuilder.append (0x00007f374fa4ce90) [0x00007f374fa4d0a0, 0x00007f374fa4d630] Compiler: c1, Barriers: 2, Oops: 0, ImmediateOops: 0, NonImmediateOops: No
[1,104s][debug  ][gc,nmethod  ] Register NMethod: java.lang.StringLatin1.equals (0x00007f376f1be410) [0x00007f376f1be5a0, 0x00007f376f1be778] Compiler: c2, Barriers: 0, Oops: 0, ImmediateOops: 0, NonImmediateOops: No
[1,104s][debug  ][gc,nmethod  ] Register NMethod: java.util.AbstractMap.<init> (0x00007f374fa4d890) [0x00007f374fa4da20, 0x00007f374fa4db80] Compiler: c1, Barriers: 0, Oops: 0, ImmediateOops: 0, NonImmediateOops: No
[1,104s][debug  ][gc,nmethod  ] Register NMethod: java.util.HashMap.isEmpty (0x00007f374fa4dc10) [0x00007f374fa4dda0, 0x00007f374fa4df00] Compiler: c1, Barriers: 0, Oops: 0, ImmediateOops: 0, NonImmediateOops: No
[1,104s][debug  ][gc,nmethod  ] Register NMethod: java.lang.Module.addExports0 (0x00007f376f1be890) [0x00007f376f1bea20, 0x00007f376f1bec18] Compiler: , Barriers: 0, Oops: 0, ImmediateOops: 1, NonImmediateOops: No
[1,104s][debug  ][gc,nmethod  ] Register NMethod: java.util.HashSet.isEmpty (0x00007f374fa4df90) [0x00007f374fa4e140, 0x00007f374fa4e3a8] Compiler: c1, Barriers: 1, Oops: 0, ImmediateOops: 0, NonImmediateOops: No
[1,104s][debug  ][gc,nmethod  ] Register NMethod: java.lang.module.ModuleDescriptor$Exports.isQualified (0x00007f376f1bec90) [0x00007f376f1bee20, 0x00007f376f1bef28] Compiler: c2, Barriers: 1, Oops: 0, ImmediateOops: 0, NonImmediateOops: No
[1,104s][debug  ][gc,nmethod  ] Register NMethod: java.lang.module.ResolvedModule.configuration (0x00007f376f1bf010) [0x00007f376f1bf1a0, 0x00007f376f1bf290] Compiler: c1, Barriers: 1, Oops: 0, ImmediateOops: 0, NonImmediateOops: No
[1,104s][debug  ][gc,nmethod  ] Register NMethod: java.lang.module.ModuleDescriptor.isOpen (0x00007f376f1bf310) [0x00007f376f1bf4a0, 0x00007f376f1bf568] Compiler: c1, Barriers: 0, Oops: 0, ImmediateOops: 0, NonImmediateOops: No
[1,105s][debug  ][gc,nmethod  ] Register NMethod: java.util.ImmutableCollections$MapN.get (0x00007f374fa4e490) [0x00007f374fa4e680, 0x00007f374fa4ea88] Compiler: c1, Barriers: 2, Oops: 0, ImmediateOops: 0, NonImmediateOops: No
[1,105s][debug  ][gc,nmethod  ] Register NMethod: java.util.HashMap.size (0x00007f376f1bf610) [0x00007f376f1bf7a0, 0x00007f376f1bf860] Compiler: c1, Barriers: 0, Oops: 0, ImmediateOops: 0, NonImmediateOops: No
[1,105s][debug  ][gc,nmethod  ] Register NMethod: java.util.ImmutableCollections$ListN.get (0x00007f374fa4ec10) [0x00007f374fa4eda0, 0x00007f374fa4ef30] Compiler: c1, Barriers: 2, Oops: 0, ImmediateOops: 0, NonImmediateOops: No
[1,105s][debug  ][gc,nmethod  ] Register NMethod: jdk.internal.module.ServicesCatalog$ServiceProvider.<init> (0x00007f374fa4f010) [0x00007f374fa4f1c0, 0x00007f374fa4f410] Compiler: c1, Barriers: 6, Oops: 0, ImmediateOops: 0, NonImmediateOops: No
[1,105s][debug  ][gc,nmethod  ] Register NMethod: java.lang.String.equals (0x00007f376f1bf910) [0x00007f376f1bfaa0, 0x00007f376f1bfd00] Compiler: c2, Barriers: 2, Oops: 0, ImmediateOops: 0, NonImmediateOops: No
[1,105s][debug  ][gc,nmethod  ] Register NMethod: java.lang.invoke.MemberName.allFlagsSet (0x00007f374fa4f510) [0x00007f374fa4f6a0, 0x00007f374fa4f800] Compiler: c1, Barriers: 0, Oops: 0, ImmediateOops: 0, NonImmediateOops: No
[1,106s][debug  ][gc,nmethod  ] Register NMethod: java.util.HashMap.newNode (0x00007f376f1bfd90) [0x00007f376f1bff20, 0x00007f376f1c0048] Compiler: c2, Barriers: 6, Oops: 0, ImmediateOops: 0, NonImmediateOops: No
[1,106s][debug  ][gc,nmethod  ] Register NMethod: java.lang.Enum.equals (0x00007f374fa4f890) [0x00007f374fa4fa20, 0x00007f374fa4fb80] Compiler: c1, Barriers: 0, Oops: 0, ImmediateOops: 0, NonImmediateOops: No
[1,106s][debug  ][gc,nmethod  ] Register NMethod: java.lang.String.coder (0x00007f376f1c0110) [0x00007f376f1c0280, 0x00007f376f1c0300] Compiler: c2, Barriers: 0, Oops: 0, ImmediateOops: 0, NonImmediateOops: No
[1,106s][debug  ][gc,nmethod  ] Register NMethod: java.util.ImmutableCollections$SetN.isEmpty (0x00007f376f1c0410) [0x00007f376f1c0580, 0x00007f376f1c0608] Compiler: c2, Barriers: 0, Oops: 0, ImmediateOops: 0, NonImmediateOops: No
[1,106s][debug  ][gc,nmethod  ] Register NMethod: java.lang.StringLatin1.replace (0x00007f374fa4fc10) [0x00007f374fa4fec0, 0x00007f374fa50d28] Compiler: c1, Barriers: 6, Oops: 0, ImmediateOops: 3, NonImmediateOops: No
[1,107s][debug  ][gc,nmethod  ] Register NMethod: java.util.HashMap.putVal (0x00007f376f1c0710) [0x00007f376f1c0980, 0x00007f376f1c1348] Compiler: c2, Barriers: 26, Oops: 0, ImmediateOops: 0, NonImmediateOops: No
[1,110s][debug  ][gc,director ] Rule Major: Warmup 10%, Used: 10MB, UsedThreshold: 1536MB
[1,111s][debug  ][gc,nmethod  ] Register NMethod: java.util.zip.ZipUtils.SH (0x00007f374fa51210) [0x00007f374fa513a0, 0x00007f374fa514e0] Compiler: c1, Barriers: 0, Oops: 0, ImmediateOops: 0, NonImmediateOops: No
[1,114s][debug  ][gc,nmethod  ] Register NMethod: java.lang.Class.getName (0x00007f374fa51610) [0x00007f374fa517c0, 0x00007f374fa51980] Compiler: c1, Barriers: 1, Oops: 0, ImmediateOops: 0, NonImmediateOops: No
[1,115s][debug  ][gc,nmethod  ] Register NMethod: jdk.internal.misc.VM.isBooted (0x00007f374fa51a10) [0x00007f374fa51ba0, 0x00007f374fa51cf0] Compiler: c1, Barriers: 0, Oops: 0, ImmediateOops: 1, NonImmediateOops: No
[1,116s][debug  ][gc,nmethod  ] Register NMethod: java.lang.invoke.MethodType.<init> (0x00007f374fa51d90) [0x00007f374fa51f40, 0x00007f374fa52190] Compiler: c1, Barriers: 6, Oops: 0, ImmediateOops: 0, NonImmediateOops: No
[1,116s][debug  ][gc,nmethod  ] Register NMethod: java.lang.invoke.MethodType$ConcurrentWeakInternSet.get (0x00007f374fa52290) [0x00007f374fa524c0, 0x00007f374fa52cf0] Compiler: c1, Barriers: 5, Oops: 0, ImmediateOops: 0, NonImmediateOops: No
[1,116s][debug  ][gc,nmethod  ] Register NMethod: java.lang.invoke.MethodType.methodType (0x00007f374fa52f10) [0x00007f374fa53120, 0x00007f374fa53658] Compiler: c1, Barriers: 2, Oops: 0, ImmediateOops: 4, NonImmediateOops: No
[1,116s][debug  ][gc,nmethod  ] Register NMethod: java.lang.invoke.MethodType$ConcurrentWeakInternSet$WeakEntry.hashCode (0x00007f376f1c1990) [0x00007f376f1c1b20, 0x00007f376f1c1be0] Compiler: c1, Barriers: 0, Oops: 0, ImmediateOops: 0, NonImmediateOops: No
[1,116s][debug  ][gc,nmethod  ] Register NMethod: java.lang.invoke.MethodType.makeImpl (0x00007f374fa53810) [0x00007f374fa53ae0, 0x00007f374fa54938] Compiler: c1, Barriers: 17, Oops: 0, ImmediateOops: 3, NonImmediateOops: No
[1,116s][debug  ][gc,nmethod  ] Register NMethod: java.lang.invoke.MethodHandle.linkToStatic (0x00007f376f1c1c90) [0x00007f376f1c1e00, 0x00007f376f1c1ef0] Compiler: , Barriers: 0, Oops: 0, ImmediateOops: 0, NonImmediateOops: No
[1,116s][debug  ][gc,nmethod  ] Register NMethod: java.lang.StringBuilder.append (0x00007f374fa54d90) [0x00007f374fa54f40, 0x00007f374fa55088] Compiler: c1, Barriers: 0, Oops: 0, ImmediateOops: 0, NonImmediateOops: No
[1,116s][debug  ][gc,nmethod  ] Register NMethod: java.lang.AbstractStringBuilder.append (0x00007f374fa55110) [0x00007f374fa55300, 0x00007f374fa55860] Compiler: c1, Barriers: 2, Oops: 0, ImmediateOops: 0, NonImmediateOops: No
[1,117s][debug  ][gc,nmethod  ] Register NMethod: java.util.concurrent.locks.AbstractOwnableSynchronizer.setExclusiveOwnerThread (0x00007f376f1c1f90) [0x00007f376f1c2120, 0x00007f376f1c2250] Compiler: c1, Barriers: 3, Oops: 0, ImmediateOops: 0, NonImmediateOops: No
[1,117s][debug  ][gc,nmethod  ] Register NMethod: java.util.concurrent.locks.AbstractQueuedSynchronizer.getState (0x00007f376f1c2290) [0x00007f376f1c2420, 0x00007f376f1c24e0] Compiler: c1, Barriers: 0, Oops: 0, ImmediateOops: 0, NonImmediateOops: No
[1,117s][debug  ][gc,nmethod  ] Register NMethod: java.util.concurrent.locks.AbstractQueuedSynchronizer.setState (0x00007f376f1c2590) [0x00007f376f1c2720, 0x00007f376f1c27e8] Compiler: c1, Barriers: 0, Oops: 0, ImmediateOops: 0, NonImmediateOops: No
[1,117s][debug  ][gc,nmethod  ] Register NMethod: jdk.internal.misc.Unsafe.compareAndSetInt (0x00007f376f1c2890) [0x00007f376f1c2a20, 0x00007f376f1c2c10] Compiler: , Barriers: 0, Oops: 0, ImmediateOops: 0, NonImmediateOops: No
[1,117s][debug  ][gc,nmethod  ] Register NMethod: java.util.concurrent.locks.AbstractOwnableSynchronizer.getExclusiveOwnerThread (0x00007f376f1c2c90) [0x00007f376f1c2e20, 0x00007f376f1c2f10] Compiler: c1, Barriers: 1, Oops: 0, ImmediateOops: 0, NonImmediateOops: No
[1,117s][debug  ][gc,nmethod  ] Register NMethod: java.util.concurrent.locks.ReentrantLock.lock (0x00007f374fa55a10) [0x00007f374fa55be0, 0x00007f374fa55ef8] Compiler: c1, Barriers: 1, Oops: 0, ImmediateOops: 0, NonImmediateOops: No
[1,117s][debug  ][gc,nmethod  ] Register NMethod: java.util.concurrent.locks.ReentrantLock$Sync.lock (0x00007f374fa56010) [0x00007f374fa561e0, 0x00007f374fa56458] Compiler: c1, Barriers: 0, Oops: 0, ImmediateOops: 0, NonImmediateOops: No
[1,117s][debug  ][gc,nmethod  ] Register NMethod: java.util.concurrent.locks.AbstractQueuedSynchronizer.compareAndSetState (0x00007f374fa56510) [0x00007f374fa566a0, 0x00007f374fa567c0] Compiler: c1, Barriers: 0, Oops: 0, ImmediateOops: 0, NonImmediateOops: No
[1,117s][debug  ][gc,nmethod  ] Register NMethod: java.util.concurrent.locks.ReentrantLock$NonfairSync.initialTryLock (0x00007f374fa56890) [0x00007f374fa56a80, 0x00007f374fa56ef0] Compiler: c1, Barriers: 5, Oops: 0, ImmediateOops: 1, NonImmediateOops: No
[1,117s][debug  ][gc,nmethod  ] Register NMethod: java.io.BufferedInputStream.getBufIfOpen (0x00007f374fa57010) [0x00007f374fa571e0, 0x00007f374fa57628] Compiler: c1, Barriers: 7, Oops: 0, ImmediateOops: 3, NonImmediateOops: No
[1,117s][debug  ][gc,nmethod  ] Register NMethod: jdk.internal.misc.InternalLock.lock (0x00007f374fa57710) [0x00007f374fa57900, 0x00007f374fa57d28] Compiler: c1, Barriers: 2, Oops: 0, ImmediateOops: 0, NonImmediateOops: No
[1,117s][debug  ][gc,nmethod  ] Register NMethod: java.io.BufferedInputStream.implRead (0x00007f374fa57e90) [0x00007f374fa58060, 0x00007f374fa58320] Compiler: c1, Barriers: 0, Oops: 0, ImmediateOops: 0, NonImmediateOops: No
[1,117s][debug  ][gc,nmethod  ] Register NMethod: jdk.internal.misc.InternalLock.unlock (0x00007f374fa58490) [0x00007f374fa58660, 0x00007f374fa58a98] Compiler: c1, Barriers: 3, Oops: 0, ImmediateOops: 0, NonImmediateOops: No
[1,117s][debug  ][gc,nmethod  ] Register NMethod: worker.org.gradle.internal.stream.EncodedStream$EncodedInput.hexToByte (0x00007f374fa58c10) [0x00007f374fa58e40, 0x00007f374fa59490] Compiler: c1, Barriers: 3, Oops: 2, ImmediateOops: 1, NonImmediateOops: No
[1,117s][debug  ][gc,nmethod  ] Register NMethod: java.util.concurrent.locks.AbstractQueuedSynchronizer.release (0x00007f374fa59690) [0x00007f374fa598a0, 0x00007f374fa59f38] Compiler: c1, Barriers: 3, Oops: 0, ImmediateOops: 1, NonImmediateOops: No
[1,117s][debug  ][gc,nmethod  ] Register NMethod: java.io.BufferedInputStream.read (0x00007f374fa5a110) [0x00007f374fa5a3e0, 0x00007f374fa5b260] Compiler: c1, Barriers: 11, Oops: 0, ImmediateOops: 0, NonImmediateOops: No
[1,117s][debug  ][gc,nmethod  ] Register NMethod: java.util.concurrent.locks.AbstractQueuedSynchronizer.compareAndSetState (0x00007f376f1c2f90) [0x00007f376f1c3100, 0x00007f376f1c3188] Compiler: c2, Barriers: 0, Oops: 0, ImmediateOops: 0, NonImmediateOops: No
[1,117s][debug  ][gc,nmethod  ] Register NMethod: java.util.concurrent.locks.ReentrantLock$Sync.tryRelease (0x00007f374fa5b710) [0x00007f374fa5b900, 0x00007f374fa5bd38] Compiler: c1, Barriers: 5, Oops: 0, ImmediateOops: 0, NonImmediateOops: No
[1,117s][debug  ][gc,nmethod  ] Register NMethod: java.io.BufferedInputStream.getBufIfOpen (0x00007f374fa5be10) [0x00007f374fa5bfc0, 0x00007f374fa5c100] Compiler: c1, Barriers: 0, Oops: 0, ImmediateOops: 0, NonImmediateOops: No
[1,117s][debug  ][gc,nmethod  ] Register NMethod: java.util.concurrent.locks.AbstractQueuedSynchronizer.signalNext (0x00007f374fa5c190) [0x00007f374fa5c380, 0x00007f374fa5c870] Compiler: c1, Barriers: 2, Oops: 0, ImmediateOops: 1, NonImmediateOops: No
[1,117s][debug  ][gc,nmethod  ] Register NMethod: java.util.concurrent.locks.ReentrantLock.unlock (0x00007f374fa5ca10) [0x00007f374fa5cbe0, 0x00007f374fa5cf08] Compiler: c1, Barriers: 2, Oops: 0, ImmediateOops: 0, NonImmediateOops: No
[1,117s][debug  ][gc,nmethod  ] Register NMethod: worker.org.gradle.internal.stream.EncodedStream$EncodedInput.read (0x00007f374fa5d010) [0x00007f374fa5d220, 0x00007f374fa5d700] Compiler: c1, Barriers: 2, Oops: 1, ImmediateOops: 1, NonImmediateOops: No
[1,118s][debug  ][gc,nmethod  ] Register NMethod: java.net.URL.getHost (0x00007f376f1c3290) [0x00007f376f1c3420, 0x00007f376f1c3510] Compiler: c1, Barriers: 1, Oops: 0, ImmediateOops: 0, NonImmediateOops: No
[1,118s][debug  ][gc,nmethod  ] Register NMethod: sun.net.util.IPAddressUtil.earlyURLParsing (0x00007f374fa5d890) [0x00007f374fa5da20, 0x00007f374fa5db28] Compiler: c1, Barriers: 0, Oops: 0, ImmediateOops: 0, NonImmediateOops: No
[1,118s][debug  ][gc,nmethod  ] Register NMethod: java.util.concurrent.locks.ReentrantLock$NonfairSync.initialTryLock (0x00007f376f1c3590) [0x00007f376f1c3720, 0x00007f376f1c38c8] Compiler: c2, Barriers: 4, Oops: 0, ImmediateOops: 0, NonImmediateOops: No
[1,118s][debug  ][gc,nmethod  ] Register NMethod: java.io.BufferedInputStream.getBufIfOpen (0x00007f376f1c3990) [0x00007f376f1c3b20, 0x00007f376f1c3c40] Compiler: c2, Barriers: 1, Oops: 1, ImmediateOops: 1, NonImmediateOops: No
[1,118s][debug  ][gc,nmethod  ] Register NMethod: java.lang.ref.Reference.<init> (0x00007f374fa5db90) [0x00007f374fa5dd40, 0x00007f374fa5dfe0] Compiler: c1, Barriers: 6, Oops: 0, ImmediateOops: 1, NonImmediateOops: No
[1,118s][debug  ][gc,nmethod  ] Register NMethod: java.lang.System.getSecurityManager (0x00007f374fa5e090) [0x00007f374fa5e220, 0x00007f374fa5e388] Compiler: c1, Barriers: 0, Oops: 0, ImmediateOops: 0, NonImmediateOops: No
[1,119s][debug  ][gc,nmethod  ] Register NMethod: java.lang.System.allowSecurityManager (0x00007f374fa5e410) [0x00007f374fa5e5a0, 0x00007f374fa5e698] Compiler: c1, Barriers: 0, Oops: 0, ImmediateOops: 0, NonImmediateOops: No
[1,119s][debug  ][gc,nmethod  ] Register NMethod: jdk.internal.misc.Blocker.begin (0x00007f374fa5e710) [0x00007f374fa5e940, 0x00007f374fa5f1e8] Compiler: c1, Barriers: 1, Oops: 0, ImmediateOops: 2, NonImmediateOops: No
[1,119s][debug  ][gc,nmethod  ] Register NMethod: java.lang.String.isLatin1 (0x00007f376f1c3d10) [0x00007f376f1c3e80, 0x00007f376f1c3f20] Compiler: c2, Barriers: 0, Oops: 0, ImmediateOops: 0, NonImmediateOops: No
[1,119s][debug  ][gc,nmethod  ] Register NMethod: jdk.internal.misc.Blocker.end (0x00007f374fa5f410) [0x00007f374fa5f600, 0x00007f374fa5fab8] Compiler: c1, Barriers: 1, Oops: 0, ImmediateOops: 1, NonImmediateOops: No
[1,119s][debug  ][gc,nmethod  ] Register NMethod: sun.net.www.ParseUtil.firstEncodeIndex (0x00007f374fa5fc90) [0x00007f374fa5fee0, 0x00007f374fa60910] Compiler: c1, Barriers: 3, Oops: 1, ImmediateOops: 2, NonImmediateOops: No
[1,119s][debug  ][gc,nmethod  ] Register NMethod: java.lang.StringBuilder.length (0x00007f374fa60c90) [0x00007f374fa60e20, 0x00007f374fa60f38] Compiler: c1, Barriers: 0, Oops: 0, ImmediateOops: 0, NonImmediateOops: No
[1,119s][debug  ][gc,nmethod  ] Register NMethod: java.lang.Enum.<init> (0x00007f374fa61010) [0x00007f374fa611c0, 0x00007f374fa61398] Compiler: c1, Barriers: 3, Oops: 0, ImmediateOops: 0, NonImmediateOops: No
[1,119s][debug  ][gc,nmethod  ] Register NMethod: java.lang.AbstractStringBuilder.<init> (0x00007f374fa61490) [0x00007f374fa61640, 0x00007f374fa618d0] Compiler: c1, Barriers: 3, Oops: 0, ImmediateOops: 0, NonImmediateOops: No
[1,119s][debug  ][gc,nmethod  ] Register NMethod: java.lang.StringBuilder.toString (0x00007f374fa61990) [0x00007f374fa61b40, 0x00007f374fa61d48] Compiler: c1, Barriers: 0, Oops: 0, ImmediateOops: 0, NonImmediateOops: No
[1,119s][debug  ][gc,nmethod  ] Register NMethod: java.lang.String.<init> (0x00007f374fa61e10) [0x00007f374fa61fc0, 0x00007f374fa62108] Compiler: c1, Barriers: 0, Oops: 0, ImmediateOops: 0, NonImmediateOops: No
[1,119s][debug  ][gc,nmethod  ] Register NMethod: java.lang.StringLatin1.indexOfChar (0x00007f376f1c4010) [0x00007f376f1c41a0, 0x00007f376f1c4428] Compiler: c2, Barriers: 0, Oops: 0, ImmediateOops: 0, NonImmediateOops: No
[1,119s][debug  ][gc,nmethod  ] Register NMethod: java.lang.String.lastIndexOf (0x00007f374fa62190) [0x00007f374fa62360, 0x00007f374fa62668] Compiler: c1, Barriers: 2, Oops: 0, ImmediateOops: 0, NonImmediateOops: No
[1,120s][debug  ][gc,nmethod  ] Register NMethod: java.lang.String.lastIndexOf (0x00007f374fa62790) [0x00007f374fa62980, 0x00007f374fa62da8] Compiler: c1, Barriers: 1, Oops: 0, ImmediateOops: 0, NonImmediateOops: No
[1,120s][debug  ][gc,nmethod  ] Register NMethod: java.lang.String.<init> (0x00007f374fa62f10) [0x00007f374fa63300, 0x00007f374fa64d80] Compiler: c1, Barriers: 10, Oops: 1, ImmediateOops: 2, NonImmediateOops: No
[1,120s][debug  ][gc,director ] Rule Major: Warmup 10%, Used: 12MB, UsedThreshold: 1536MB
[1,121s][debug  ][gc,nmethod  ] Register NMethod: java.lang.invoke.MethodHandle.linkToStatic (0x00007f376f1c4590) [0x00007f376f1c4700, 0x00007f376f1c47f0] Compiler: , Barriers: 0, Oops: 0, ImmediateOops: 0, NonImmediateOops: No
[1,121s][debug  ][gc,nmethod  ] Register NMethod: java.lang.invoke.MethodHandles$Lookup.lookupClass (0x00007f376f1c4890) [0x00007f376f1c4a20, 0x00007f376f1c4b10] Compiler: c1, Barriers: 1, Oops: 0, ImmediateOops: 0, NonImmediateOops: No
[1,121s][debug  ][gc,nmethod  ] Register NMethod: java.lang.invoke.MethodHandle.linkToInterface (0x00007f376f1c4b90) [0x00007f376f1c4d00, 0x00007f376f1c4e38] Compiler: , Barriers: 0, Oops: 0, ImmediateOops: 0, NonImmediateOops: No
[1,121s][debug  ][gc,nmethod  ] Register NMethod: java.lang.invoke.MemberName.initResolved (0x00007f374fa65690) [0x00007f374fa65840, 0x00007f374fa65a10] Compiler: c1, Barriers: 3, Oops: 0, ImmediateOops: 0, NonImmediateOops: No
[1,121s][debug  ][gc,nmethod  ] Register NMethod: jdk.internal.org.objectweb.asm.ByteVector.putByte (0x00007f374fa65a90) [0x00007f374fa65c40, 0x00007f374fa65e80] Compiler: c1, Barriers: 2, Oops: 0, ImmediateOops: 0, NonImmediateOops: No
[1,122s][debug  ][gc,nmethod  ] Register NMethod: java.lang.StringLatin1.indexOf (0x00007f374fa65f90) [0x00007f374fa66160, 0x00007f374fa66550] Compiler: c1, Barriers: 0, Oops: 0, ImmediateOops: 0, NonImmediateOops: No
[1,122s][debug  ][gc,nmethod  ] Register NMethod: jdk.internal.misc.Unsafe.allocateUninitializedArray0 (0x00007f374fa66690) [0x00007f374fa668a0, 0x00007f374fa67150] Compiler: c1, Barriers: 0, Oops: 0, ImmediateOops: 8, NonImmediateOops: No
[1,122s][debug  ][gc,nmethod  ] Register NMethod: java.util.Objects.requireNonNull (0x00007f376f1c4e90) [0x00007f376f1c5000, 0x00007f376f1c5088] Compiler: c2, Barriers: 0, Oops: 0, ImmediateOops: 0, NonImmediateOops: No
[1,122s][debug  ][gc,nmethod  ] Register NMethod: java.lang.invoke.MethodHandle.linkToSpecial (0x00007f376f1c5190) [0x00007f376f1c5300, 0x00007f376f1c53f8] Compiler: , Barriers: 0, Oops: 0, ImmediateOops: 0, NonImmediateOops: No
[1,122s][debug  ][gc,nmethod  ] Register NMethod: java.lang.invoke.MethodTypeForm.erasedType (0x00007f376f1c5490) [0x00007f376f1c5620, 0x00007f376f1c5710] Compiler: c1, Barriers: 1, Oops: 0, ImmediateOops: 0, NonImmediateOops: No
[1,122s][debug  ][gc,nmethod  ] Register NMethod: java.lang.invoke.MethodHandle.linkToSpecial (0x00007f376f1c5790) [0x00007f376f1c5900, 0x00007f376f1c59f8] Compiler: , Barriers: 0, Oops: 0, ImmediateOops: 0, NonImmediateOops: No
[1,122s][debug  ][gc,nmethod  ] Register NMethod: java.lang.Class.getPackageName (0x00007f374fa67290) [0x00007f374fa67540, 0x00007f374fa68068] Compiler: c1, Barriers: 7, Oops: 0, ImmediateOops: 2, NonImmediateOops: No
[1,122s][debug  ][gc,nmethod  ] Register NMethod: java.lang.invoke.MethodHandle.invokeBasic (0x00007f376f1c5a90) [0x00007f376f1c5c20, 0x00007f376f1c5eb8] Compiler: , Barriers: 0, Oops: 0, ImmediateOops: 0, NonImmediateOops: No
[1,122s][debug  ][gc,nmethod  ] Register NMethod: jdk.internal.util.ArraysSupport.newLength (0x00007f374fa68410) [0x00007f374fa685c0, 0x00007f374fa68820] Compiler: c1, Barriers: 0, Oops: 0, ImmediateOops: 0, NonImmediateOops: No
[1,122s][debug  ][gc,nmethod  ] Register NMethod: java.lang.invoke.MethodHandle.linkToSpecial (0x00007f376f1c5f10) [0x00007f376f1c6080, 0x00007f376f1c6178] Compiler: , Barriers: 0, Oops: 0, ImmediateOops: 0, NonImmediateOops: No
[1,122s][debug  ][gc,nmethod  ] Register NMethod: java.lang.invoke.MemberName.getMethodType (0x00007f374fa68910) [0x00007f374fa68c00, 0x00007f374fa6a108] Compiler: c1, Barriers: 16, Oops: 1, ImmediateOops: 1, NonImmediateOops: No
[1,123s][debug  ][gc,nmethod  ] Register NMethod: jdk.internal.misc.Unsafe.allocateUninitializedArray (0x00007f374fa6a610) [0x00007f374fa6a800, 0x00007f374fa6ac48] Compiler: c1, Barriers: 0, Oops: 0, ImmediateOops: 3, NonImmediateOops: No
[1,123s][debug  ][gc,nmethod  ] Register NMethod: java.lang.String.replace (0x00007f374fa6ae10) [0x00007f374fa6afe0, 0x00007f374fa6b368] Compiler: c1, Barriers: 2, Oops: 0, ImmediateOops: 0, NonImmediateOops: No
[1,123s][debug  ][gc,nmethod  ] Register NMethod: jdk.internal.misc.Unsafe.putReferenceVolatile (0x00007f376f1c6210) [0x00007f376f1c63a0, 0x00007f376f1c6580] Compiler: , Barriers: 0, Oops: 0, ImmediateOops: 0, NonImmediateOops: No
[1,123s][debug  ][gc,nmethod  ] Register NMethod: jdk.internal.misc.Unsafe.putReferenceRelease (0x00007f374fa6b490) [0x00007f374fa6b620, 0x00007f374fa6b7a0] Compiler: c1, Barriers: 3, Oops: 0, ImmediateOops: 0, NonImmediateOops: No
[1,123s][debug  ][gc,nmethod  ] Register NMethod: java.util.concurrent.ConcurrentHashMap.setTabAt (0x00007f374fa6b810) [0x00007f374fa6b9c0, 0x00007f374fa6bbb0] Compiler: c1, Barriers: 0, Oops: 0, ImmediateOops: 1, NonImmediateOops: No
[1,123s][debug  ][gc,nmethod  ] Register NMethod: java.util.concurrent.ConcurrentHashMap.casTabAt (0x00007f376f1c6590) [0x00007f376f1c6720, 0x00007f376f1c6828] Compiler: c2, Barriers: 5, Oops: 0, ImmediateOops: 0, NonImmediateOops: No
[1,123s][debug  ][gc,nmethod  ] Register NMethod: java.util.ArrayList.add (0x00007f374fa6bc90) [0x00007f374fa6be60, 0x00007f374fa6c208] Compiler: c1, Barriers: 3, Oops: 0, ImmediateOops: 0, NonImmediateOops: No
[1,124s][debug  ][gc,nmethod  ] Register NMethod: java.util.ArrayList.add (0x00007f374fa6c390) [0x00007f374fa6c560, 0x00007f374fa6c9a8] Compiler: c1, Barriers: 4, Oops: 0, ImmediateOops: 0, NonImmediateOops: No
[1,124s][debug  ][gc,nmethod  ] Register NMethod: java.util.zip.ZipCoder$UTF8ZipCoder.isUTF8 (0x00007f376f1c6890) [0x00007f376f1c6a20, 0x00007f376f1c6ae0] Compiler: c1, Barriers: 0, Oops: 0, ImmediateOops: 0, NonImmediateOops: No
[1,124s][debug  ][gc,nmethod  ] Register NMethod: java.util.zip.ZipUtils.LG (0x00007f374fa6cb90) [0x00007f374fa6cd40, 0x00007f374fa6cfa0] Compiler: c1, Barriers: 0, Oops: 0, ImmediateOops: 0, NonImmediateOops: No
[1,124s][debug  ][gc,nmethod  ] Register NMethod: java.util.zip.ZipUtils.CENEXT (0x00007f374fa6d110) [0x00007f374fa6d2c0, 0x00007f374fa6d460] Compiler: c1, Barriers: 0, Oops: 0, ImmediateOops: 0, NonImmediateOops: No
[1,124s][debug  ][gc,nmethod  ] Register NMethod: java.lang.StringCoding.countPositives (0x00007f374fa6d590) [0x00007f374fa6d740, 0x00007f374fa6d968] Compiler: c1, Barriers: 0, Oops: 0, ImmediateOops: 0, NonImmediateOops: No
[1,124s][debug  ][gc,nmethod  ] Register NMethod: java.util.zip.ZipUtils.CENCOM (0x00007f374fa6da90) [0x00007f374fa6dc40, 0x00007f374fa6dde0] Compiler: c1, Barriers: 0, Oops: 0, ImmediateOops: 0, NonImmediateOops: No
[1,124s][debug  ][gc,nmethod  ] Register NMethod: java.util.zip.ZipUtils.CENHOW (0x00007f374fa6df10) [0x00007f374fa6e0c0, 0x00007f374fa6e260] Compiler: c1, Barriers: 0, Oops: 0, ImmediateOops: 0, NonImmediateOops: No
[1,124s][debug  ][gc,nmethod  ] Register NMethod: java.util.zip.ZipUtils.CENFLG (0x00007f374fa6e390) [0x00007f374fa6e540, 0x00007f374fa6e6e0] Compiler: c1, Barriers: 0, Oops: 0, ImmediateOops: 0, NonImmediateOops: No
[1,124s][debug  ][gc,nmethod  ] Register NMethod: java.util.zip.ZipUtils.CENNAM (0x00007f374fa6e810) [0x00007f374fa6e9c0, 0x00007f374fa6eb60] Compiler: c1, Barriers: 0, Oops: 0, ImmediateOops: 0, NonImmediateOops: No
[1,124s][debug  ][gc,nmethod  ] Register NMethod: java.util.zip.ZipFile$Source.zipCoderForPos (0x00007f374fa6ec90) [0x00007f374fa6ee80, 0x00007f374fa6f310] Compiler: c1, Barriers: 4, Oops: 0, ImmediateOops: 1, NonImmediateOops: No
[1,124s][debug  ][gc,nmethod  ] Register NMethod: java.util.zip.ZipUtils.SH (0x00007f376f1c6b90) [0x00007f376f1c6d20, 0x00007f376f1c6df8] Compiler: c2, Barriers: 0, Oops: 0, ImmediateOops: 0, NonImmediateOops: No
[1,124s][debug  ][gc,nmethod  ] Register NMethod: java.util.zip.ZipFile$Source.nextEntryPos (0x00007f374fa6f490) [0x00007f374fa6f660, 0x00007f374fa6f9b0] Compiler: c1, Barriers: 1, Oops: 0, ImmediateOops: 0, NonImmediateOops: No
[1,124s][debug  ][gc,nmethod  ] Register NMethod: java.util.zip.ZipUtils.CENSIG (0x00007f374fa6fb90) [0x00007f374fa6fd40, 0x00007f374fa70008] Compiler: c1, Barriers: 0, Oops: 0, ImmediateOops: 0, NonImmediateOops: No
[1,124s][debug  ][gc,nmethod  ] Register NMethod: java.util.zip.ZipCoder$UTF8ZipCoder.checkedHash (0x00007f374fa70190) [0x00007f374fa703a0, 0x00007f374fa707f0] Compiler: c1, Barriers: 0, Oops: 0, ImmediateOops: 2, NonImmediateOops: No
[1,124s][debug  ][gc,nmethod  ] Register NMethod: java.lang.System$2.countPositives (0x00007f374fa70a10) [0x00007f374fa70bc0, 0x00007f374fa70e38] Compiler: c1, Barriers: 0, Oops: 0, ImmediateOops: 0, NonImmediateOops: No
[1,124s][debug  ][gc,nmethod  ] Register NMethod: java.util.zip.ZipFile$Source.isMetaName (0x00007f374fa70f90) [0x00007f374fa71160, 0x00007f374fa71630] Compiler: c1, Barriers: 0, Oops: 0, ImmediateOops: 0, NonImmediateOops: No
[1,124s][debug  ][gc,nmethod  ] Register NMethod: java.util.Objects.requireNonNull (0x00007f374fa71810) [0x00007f374fa719c0, 0x00007f374fa71ba8] Compiler: c1, Barriers: 0, Oops: 0, ImmediateOops: 0, NonImmediateOops: No
[1,124s][debug  ][gc,nmethod  ] Register NMethod: java.lang.StringBuilder.<init> (0x00007f374fa71c90) [0x00007f374fa71e40, 0x00007f374fa71f80] Compiler: c1, Barriers: 0, Oops: 0, ImmediateOops: 0, NonImmediateOops: No
[1,125s][debug  ][gc,nmethod  ] Register NMethod: java.util.zip.ZipFile$Source.checkAndAddEntry (0x00007f374fa72010) [0x00007f374fa72400, 0x00007f374fa73d18] Compiler: c1, Barriers: 3, Oops: 7, ImmediateOops: 7, NonImmediateOops: No
[1,125s][debug  ][gc,nmethod  ] Register NMethod: sun.nio.fs.UnixPath.checkNotNul (0x00007f374fa74c10) [0x00007f374fa74dc0, 0x00007f374fa74f70] Compiler: c1, Barriers: 0, Oops: 0, ImmediateOops: 1, NonImmediateOops: No
[1,125s][debug  ][gc,nmethod  ] Register NMethod: jdk.internal.util.Preconditions.checkFromIndexSize (0x00007f374fa75090) [0x00007f374fa75240, 0x00007f374fa753f0] Compiler: c1, Barriers: 0, Oops: 0, ImmediateOops: 0, NonImmediateOops: No
[1,125s][debug  ][gc,nmethod  ] Register NMethod: java.util.zip.Inflater$InflaterZStreamRef.address (0x00007f376f1c6f10) [0x00007f376f1c70a0, 0x00007f376f1c7160] Compiler: c1, Barriers: 0, Oops: 0, ImmediateOops: 0, NonImmediateOops: No
[1,126s][debug  ][gc,nmethod  ] Register NMethod: java.lang.ref.WeakReference.<init> (0x00007f374fa75510) [0x00007f374fa756c0, 0x00007f374fa759c0] Compiler: c1, Barriers: 6, Oops: 0, ImmediateOops: 1, NonImmediateOops: No
[1,126s][debug  ][gc,nmethod  ] Register NMethod: java.lang.invoke.MemberName.getReferenceKind (0x00007f374fa75a90) [0x00007f374fa75c20, 0x00007f374fa75d30] Compiler: c1, Barriers: 0, Oops: 0, ImmediateOops: 0, NonImmediateOops: No
[1,126s][debug  ][gc,nmethod  ] Register NMethod: java.lang.StringCoding.countPositives (0x00007f376f1c7210) [0x00007f376f1c73a0, 0x00007f376f1c7540] Compiler: c2, Barriers: 0, Oops: 0, ImmediateOops: 0, NonImmediateOops: No
[1,127s][debug  ][gc,nmethod  ] Register NMethod: java.lang.StringUTF16.compress (0x00007f374fa75d90) [0x00007f374fa75f40, 0x00007f374fa76178] Compiler: c1, Barriers: 0, Oops: 0, ImmediateOops: 0, NonImmediateOops: No
[1,128s][debug  ][gc,nmethod  ] Register NMethod: java.util.Arrays.copyOf (0x00007f374fa76310) [0x00007f374fa764e0, 0x00007f374fa76990] Compiler: c1, Barriers: 0, Oops: 0, ImmediateOops: 0, NonImmediateOops: No
[1,128s][debug  ][gc,nmethod  ] Register NMethod: java.net.URL.getUserInfo (0x00007f376f1c7610) [0x00007f376f1c77a0, 0x00007f376f1c7890] Compiler: c1, Barriers: 1, Oops: 0, ImmediateOops: 0, NonImmediateOops: No
[1,129s][debug  ][gc,nmethod  ] Register NMethod: java.net.URL.getProtocol (0x00007f376f1c7910) [0x00007f376f1c7aa0, 0x00007f376f1c7b90] Compiler: c1, Barriers: 1, Oops: 0, ImmediateOops: 0, NonImmediateOops: No
[1,129s][debug  ][gc,nmethod  ] Register NMethod: java.lang.ref.Reference.reachabilityFence (0x00007f374fa76b10) [0x00007f374fa76ca0, 0x00007f374fa76d80] Compiler: c1, Barriers: 0, Oops: 0, ImmediateOops: 0, NonImmediateOops: No
[1,129s][debug  ][gc,nmethod  ] Register NMethod: java.util.Properties$LineReader.readLine (0x00007f374fa76e10) [0x00007f374fa77220, 0x00007f374fa79e48] Compiler: c1, Barriers: 14, Oops: 0, ImmediateOops: 0, NonImmediateOops: No
[1,129s][debug  ][gc,nmethod  ] Register NMethod: java.util.ArrayDeque.inc (0x00007f374fa7ab10) [0x00007f374fa7aca0, 0x00007f374fa7adc0] Compiler: c1, Barriers: 0, Oops: 0, ImmediateOops: 0, NonImmediateOops: No
[1,129s][debug  ][gc,nmethod  ] Register NMethod: java.util.ArrayList.size (0x00007f376f1c7c10) [0x00007f376f1c7da0, 0x00007f376f1c7e60] Compiler: c1, Barriers: 0, Oops: 0, ImmediateOops: 0, NonImmediateOops: No
[1,130s][debug  ][gc,nmethod  ] Register NMethod: java.lang.AbstractStringBuilder.newCapacity (0x00007f374fa7ae90) [0x00007f374fa7b060, 0x00007f374fa7b480] Compiler: c1, Barriers: 1, Oops: 0, ImmediateOops: 1, NonImmediateOops: No
[1,130s][debug  ][gc,nmethod  ] Register NMethod: java.lang.String.endsWith (0x00007f374fa7b610) [0x00007f374fa7b7e0, 0x00007f374fa7bb78] Compiler: c1, Barriers: 2, Oops: 0, ImmediateOops: 0, NonImmediateOops: No
[1,130s][debug  ][gc,nmethod  ] Register NMethod: java.lang.Class.getModule (0x00007f376f1c7f10) [0x00007f376f1c80a0, 0x00007f376f1c8190] Compiler: c1, Barriers: 1, Oops: 0, ImmediateOops: 0, NonImmediateOops: No
[1,131s][debug  ][gc,nmethod  ] Register NMethod: jdk.internal.util.ArraysSupport.vectorizedHashCode (0x00007f376f1c8210) [0x00007f376f1c83a0, 0x00007f376f1c85e0] Compiler: c2, Barriers: 0, Oops: 0, ImmediateOops: 0, NonImmediateOops: No
[1,131s][debug  ][gc,nmethod  ] Register NMethod: java.util.Objects.checkIndex (0x00007f374fa7bd10) [0x00007f374fa7bea0, 0x00007f374fa7bfd0] Compiler: c1, Barriers: 0, Oops: 0, ImmediateOops: 0, NonImmediateOops: No
[1,131s][debug  ][gc,nmethod  ] Register NMethod: java.lang.StringConcatHelper.newArray (0x00007f374fa7c090) [0x00007f374fa7c260, 0x00007f374fa7c580] Compiler: c1, Barriers: 0, Oops: 0, ImmediateOops: 3, NonImmediateOops: No
[1,131s][debug  ][gc,nmethod  ] Register NMethod: java.util.ArrayList.get (0x00007f374fa7c690) [0x00007f374fa7c840, 0x00007f374fa7caf0] Compiler: c1, Barriers: 2, Oops: 0, ImmediateOops: 0, NonImmediateOops: No
[1,131s][debug  ][gc,nmethod  ] Register NMethod: java.util.ArrayList.elementData (0x00007f374fa7cc90) [0x00007f374fa7ce40, 0x00007f374fa7cfd0] Compiler: c1, Barriers: 2, Oops: 0, ImmediateOops: 0, NonImmediateOops: No
[1,131s][debug  ][gc,director ] Rule Major: Warmup 10%, Used: 44MB, UsedThreshold: 1536MB
[1,131s][debug  ][gc,nmethod  ] Register NMethod: java.io.UnixFileSystem.prefixLength (0x00007f374fa7d090) [0x00007f374fa7d240, 0x00007f374fa7d470] Compiler: c1, Barriers: 0, Oops: 1, ImmediateOops: 1, NonImmediateOops: No
[1,131s][debug  ][gc,nmethod  ] Register NMethod: jdk.internal.ref.CleanerImpl.getCleanerImpl (0x00007f374fa7d590) [0x00007f374fa7d740, 0x00007f374fa7da00] Compiler: c1, Barriers: 1, Oops: 0, ImmediateOops: 1, NonImmediateOops: No
[1,131s][debug  ][gc,nmethod  ] Register NMethod: java.lang.ref.Cleaner$1.apply (0x00007f374fa7db10) [0x00007f374fa7dcc0, 0x00007f374fa7df40] Compiler: c1, Barriers: 1, Oops: 0, ImmediateOops: 0, NonImmediateOops: No
[1,131s][debug  ][gc,nmethod  ] Register NMethod: java.lang.ref.Cleaner$1.apply (0x00007f374fa7e010) [0x00007f374fa7e1a0, 0x00007f374fa7e2d8] Compiler: c1, Barriers: 1, Oops: 0, ImmediateOops: 0, NonImmediateOops: No
[1,132s][debug  ][gc,nmethod  ] Register NMethod: java.lang.invoke.MethodTypeForm.parameterSlotCount (0x00007f376f1c8710) [0x00007f376f1c88a0, 0x00007f376f1c8960] Compiler: c1, Barriers: 0, Oops: 0, ImmediateOops: 0, NonImmediateOops: No
[1,132s][debug  ][gc,nmethod  ] Register NMethod: java.lang.StringLatin1.indexOfChar (0x00007f376f1c8a10) [0x00007f376f1c8b80, 0x00007f376f1c8d50] Compiler: c2, Barriers: 0, Oops: 0, ImmediateOops: 0, NonImmediateOops: No
[1,132s][debug  ][gc,nmethod  ] Register NMethod: java.lang.invoke.MethodHandle.linkToStatic (0x00007f376f1c8e10) [0x00007f376f1c8f80, 0x00007f376f1c9070] Compiler: , Barriers: 0, Oops: 0, ImmediateOops: 0, NonImmediateOops: No
[1,132s][debug  ][gc,nmethod  ] Register NMethod: java.lang.invoke.MethodHandle.invokeBasic (0x00007f376f1c9110) [0x00007f376f1c92a0, 0x00007f376f1c9538] Compiler: , Barriers: 0, Oops: 0, ImmediateOops: 0, NonImmediateOops: No
[1,132s][debug  ][gc,nmethod  ] Register NMethod: java.lang.invoke.MethodType.checkPtypes (0x00007f374fa7e390) [0x00007f374fa7e620, 0x00007f374fa7f0e0] Compiler: c1, Barriers: 1, Oops: 2, ImmediateOops: 5, NonImmediateOops: No
[1,132s][debug  ][gc,nmethod  ] Register NMethod: jdk.internal.org.objectweb.asm.ByteVector.put12 (0x00007f374fa7f510) [0x00007f374fa7f6c0, 0x00007f374fa7f950] Compiler: c1, Barriers: 2, Oops: 0, ImmediateOops: 0, NonImmediateOops: No
[1,132s][debug  ][gc,nmethod  ] Register NMethod: java.lang.String.toString (0x00007f374fa7fa90) [0x00007f374fa7fc20, 0x00007f374fa7fd28] Compiler: c1, Barriers: 0, Oops: 0, ImmediateOops: 0, NonImmediateOops: No
[1,133s][debug  ][gc,nmethod  ] Register NMethod: java.util.zip.ZipFile$Source.getEntryHash (0x00007f374fa7fd90) [0x00007f374fa7ff20, 0x00007f374fa80078] Compiler: c1, Barriers: 1, Oops: 0, ImmediateOops: 0, NonImmediateOops: No
[1,133s][debug  ][gc,nmethod  ] Register NMethod: java.lang.String.intern (0x00007f376f1c9590) [0x00007f376f1c9740, 0x00007f376f1c9ad8] Compiler: , Barriers: 0, Oops: 0, ImmediateOops: 0, NonImmediateOops: No
[1,133s][debug  ][gc,nmethod  ] Register NMethod: java.util.zip.ZipFile$Source.getEntryNext (0x00007f374fa80190) [0x00007f374fa80320, 0x00007f374fa80478] Compiler: c1, Barriers: 1, Oops: 0, ImmediateOops: 0, NonImmediateOops: No
[1,134s][debug  ][gc,nmethod  ] Register NMethod: java.io.RandomAccessFile.readBytes0 (0x00007f376f1c9b10) [0x00007f376f1c9ca0, 0x00007f376f1c9e80] Compiler: , Barriers: 0, Oops: 0, ImmediateOops: 0, NonImmediateOops: No
[1,134s][debug  ][gc,nmethod  ] Register NMethod: java.io.RandomAccessFile.read (0x00007f374fa80590) [0x00007f374fa80740, 0x00007f374fa80878] Compiler: c1, Barriers: 0, Oops: 0, ImmediateOops: 0, NonImmediateOops: No
[1,134s][debug  ][gc,nmethod  ] Register NMethod: java.io.RandomAccessFile.readBytes (0x00007f374fa80910) [0x00007f374fa80ae0, 0x00007f374fa80d00] Compiler: c1, Barriers: 0, Oops: 0, ImmediateOops: 0, NonImmediateOops: No
[1,134s][debug  ][gc,nmethod  ] Register NMethod: java.util.zip.ZipFile.ensureOpen (0x00007f374fa80e90) [0x00007f374fa81060, 0x00007f374fa81348] Compiler: c1, Barriers: 2, Oops: 0, ImmediateOops: 2, NonImmediateOops: No
[1,135s][debug  ][gc,nmethod  ] Register NMethod: java.security.ProtectionDomain.getCodeSource (0x00007f376f1c9e90) [0x00007f376f1ca020, 0x00007f376f1ca110] Compiler: c1, Barriers: 1, Oops: 0, ImmediateOops: 0, NonImmediateOops: No
[1,135s][debug  ][gc,nmethod  ] Register NMethod: java.lang.ClassLoader.checkName (0x00007f374fa81490) [0x00007f374fa816c0, 0x00007f374fa81f68] Compiler: c1, Barriers: 3, Oops: 1, ImmediateOops: 2, NonImmediateOops: No
[1,135s][debug  ][gc,nmethod  ] Register NMethod: java.net.URL.getFile (0x00007f376f1ca190) [0x00007f376f1ca320, 0x00007f376f1ca410] Compiler: c1, Barriers: 1, Oops: 0, ImmediateOops: 0, NonImmediateOops: No
[1,135s][debug  ][gc,nmethod  ] Register NMethod: java.lang.StringConcatHelper.stringOf (0x00007f374fa82290) [0x00007f374fa82440, 0x00007f374fa82668] Compiler: c1, Barriers: 0, Oops: 0, ImmediateOops: 1, NonImmediateOops: No
[1,135s][debug  ][gc,nmethod  ] Register NMethod: java.lang.StringConcatHelper.mix (0x00007f374fa82710) [0x00007f374fa828e0, 0x00007f374fa82d18] Compiler: c1, Barriers: 1, Oops: 0, ImmediateOops: 1, NonImmediateOops: No
[1,135s][debug  ][gc,nmethod  ] Register NMethod: java.lang.StringConcatHelper.checkOverflow (0x00007f374fa82f10) [0x00007f374fa830c0, 0x00007f374fa832b0] Compiler: c1, Barriers: 0, Oops: 0, ImmediateOops: 1, NonImmediateOops: No
[1,135s][debug  ][gc,nmethod  ] Register NMethod: java.lang.StringConcatHelper.prepend (0x00007f374fa83390) [0x00007f374fa83560, 0x00007f374fa83858] Compiler: c1, Barriers: 1, Oops: 0, ImmediateOops: 0, NonImmediateOops: No
[1,135s][debug  ][gc,nmethod  ] Register NMethod: java.util.jar.Attributes$Name.hashCode (0x00007f376f1ca490) [0x00007f376f1ca620, 0x00007f376f1ca6e0] Compiler: c1, Barriers: 0, Oops: 0, ImmediateOops: 0, NonImmediateOops: No
[1,136s][debug  ][gc,nmethod  ] Register NMethod: java.util.jar.JarFile.checkForSpecialAttributes (0x00007f374fa83a10) [0x00007f374fa83d20, 0x00007f374fa84de8] Compiler: c1, Barriers: 10, Oops: 1, ImmediateOops: 8, NonImmediateOops: No
[1,136s][debug  ][gc,nmethod  ] Register NMethod: java.util.jar.JarFile.isMultiRelease (0x00007f374fa85590) [0x00007f374fa85740, 0x00007f374fa85948] Compiler: c1, Barriers: 0, Oops: 0, ImmediateOops: 0, NonImmediateOops: No
[1,136s][debug  ][gc,nmethod  ] Register NMethod: jdk.internal.loader.URLClassPath$JarLoader.ensureOpen (0x00007f374fa85a10) [0x00007f374fa85c00, 0x00007f374fa86098] Compiler: c1, Barriers: 5, Oops: 0, ImmediateOops: 0, NonImmediateOops: No
[1,136s][debug  ][gc,nmethod  ] Register NMethod: java.util.zip.ZipFile.getEntry (0x00007f374fa86210) [0x00007f374fa86400, 0x00007f374fa868e8] Compiler: c1, Barriers: 2, Oops: 1, ImmediateOops: 1, NonImmediateOops: No
[1,136s][debug  ][gc,nmethod  ] Register NMethod: java.util.zip.ZipCoder.hash (0x00007f374fa86b90) [0x00007f374fa86da0, 0x00007f374fa874f0] Compiler: c1, Barriers: 1, Oops: 1, ImmediateOops: 2, NonImmediateOops: No
[1,136s][debug  ][gc,nmethod  ] Register NMethod: java.util.zip.ZipFile$Source.getEntryPos (0x00007f374fa87810) [0x00007f374fa87a60, 0x00007f374fa88448] Compiler: c1, Barriers: 5, Oops: 1, ImmediateOops: 1, NonImmediateOops: No
[1,138s][debug  ][gc,nmethod  ] Register NMethod: java.nio.Buffer.session (0x00007f374fa88910) [0x00007f374fa88ae0, 0x00007f374fa88dc8] Compiler: c1, Barriers: 1, Oops: 0, ImmediateOops: 0, NonImmediateOops: No
[1,138s][debug  ][gc,nmethod  ] Register NMethod: java.nio.Buffer.checkIndex (0x00007f374fa88e90) [0x00007f374fa89020, 0x00007f374fa89178] Compiler: c1, Barriers: 0, Oops: 1, ImmediateOops: 1, NonImmediateOops: No
[1,138s][debug  ][gc,nmethod  ] Register NMethod: java.lang.ref.Reference.reachabilityFence (0x00007f376f1ca790) [0x00007f376f1ca900, 0x00007f376f1ca968] Compiler: c2, Barriers: 0, Oops: 0, ImmediateOops: 0, NonImmediateOops: No
[1,138s][debug  ][gc,nmethod  ] Register NMethod: jdk.internal.misc.Unsafe.getByte (0x00007f376f1caa90) [0x00007f376f1cac20, 0x00007f376f1cae00] Compiler: , Barriers: 0, Oops: 0, ImmediateOops: 0, NonImmediateOops: No
[1,138s][debug  ][gc,nmethod  ] Register NMethod: java.nio.DirectByteBuffer.ix (0x00007f374fa89210) [0x00007f374fa893a0, 0x00007f374fa894b0] Compiler: c1, Barriers: 0, Oops: 0, ImmediateOops: 0, NonImmediateOops: No
[1,138s][debug  ][gc,nmethod  ] Register NMethod: jdk.internal.misc.ScopedMemoryAccess.getByteInternal (0x00007f374fa89510) [0x00007f374fa896c0, 0x00007f374fa89920] Compiler: c1, Barriers: 0, Oops: 0, ImmediateOops: 0, NonImmediateOops: No
[1,138s][debug  ][gc,nmethod  ] Register NMethod: jdk.internal.misc.ScopedMemoryAccess.getByte (0x00007f374fa89a90) [0x00007f374fa89c60, 0x00007f374fa8a030] Compiler: c1, Barriers: 0, Oops: 0, ImmediateOops: 0, NonImmediateOops: No
[1,138s][debug  ][gc,nmethod  ] Register NMethod: java.nio.DirectByteBuffer.get (0x00007f374fa8a210) [0x00007f374fa8a460, 0x00007f374fa8ad78] Compiler: c1, Barriers: 1, Oops: 2, ImmediateOops: 2, NonImmediateOops: No
[1,138s][debug  ][gc,nmethod  ] Register NMethod: java.lang.String.length (0x00007f376f1cae10) [0x00007f376f1cafa0, 0x00007f376f1cb070] Compiler: c2, Barriers: 1, Oops: 0, ImmediateOops: 0, NonImmediateOops: No
[1,138s][debug  ][gc,nmethod  ] Register NMethod: java.util.concurrent.ConcurrentHashMap.tabAt (0x00007f376f1cb110) [0x00007f376f1cb280, 0x00007f376f1cb328] Compiler: c2, Barriers: 1, Oops: 0, ImmediateOops: 0, NonImmediateOops: No
[1,138s][debug  ][gc,nmethod  ] Register NMethod: jdk.internal.jimage.ImageStringsReader.unmaskedHashCode (0x00007f374fa8b210) [0x00007f374fa8b460, 0x00007f374fa8bfd8] Compiler: c1, Barriers: 3, Oops: 1, ImmediateOops: 2, NonImmediateOops: No
[1,138s][debug  ][gc,nmethod  ] Register NMethod: jdk.internal.loader.URLClassPath$JarLoader.getResource (0x00007f374fa8c490) [0x00007f374fa8c6a0, 0x00007f374fa8cb90] Compiler: c1, Barriers: 1, Oops: 0, ImmediateOops: 0, NonImmediateOops: No
[1,138s][debug  ][gc,nmethod  ] Register NMethod: java.util.jar.JarFile.getJarEntry (0x00007f374fa8cd90) [0x00007f374fa8cf80, 0x00007f374fa8d418] Compiler: c1, Barriers: 0, Oops: 0, ImmediateOops: 0, NonImmediateOops: No
[1,138s][debug  ][gc,nmethod  ] Register NMethod: java.util.jar.JarFile.getEntry (0x00007f374fa8d590) [0x00007f374fa8d780, 0x00007f374fa8dbf8] Compiler: c1, Barriers: 0, Oops: 0, ImmediateOops: 0, NonImmediateOops: No
[1,139s][debug  ][gc,nmethod  ] Register NMethod: java.io.File.isInvalid (0x00007f374fa8dd90) [0x00007f374fa8df60, 0x00007f374fa8e3d0] Compiler: c1, Barriers: 5, Oops: 0, ImmediateOops: 4, NonImmediateOops: No
[1,139s][debug  ][gc,nmethod  ] Register NMethod: jdk.internal.loader.URLClassPath.getLoader (0x00007f374fa8e510) [0x00007f374fa8e840, 0x00007f374fa8fca8] Compiler: c1, Barriers: 12, Oops: 0, ImmediateOops: 0, NonImmediateOops: No
[1,139s][debug  ][gc,nmethod  ] Register NMethod: java.nio.DirectLongBufferU.ix (0x00007f374fa90410) [0x00007f374fa905a0, 0x00007f374fa906b8] Compiler: c1, Barriers: 0, Oops: 0, ImmediateOops: 0, NonImmediateOops: No
[1,139s][debug  ][gc,nmethod  ] Register NMethod: java.util.zip.ZipFile$Source.zipCoderForPos (0x00007f376f1cb410) [0x00007f376f1cb5a0, 0x00007f376f1cb698] Compiler: c2, Barriers: 1, Oops: 0, ImmediateOops: 0, NonImmediateOops: No
[1,139s][debug  ][gc,nmethod  ] Register NMethod: java.lang.ref.ReferenceQueue.poll (0x00007f374fa90790) [0x00007f374fa90a40, 0x00007f374fa916a0] Compiler: c1, Barriers: 9, Oops: 0, ImmediateOops: 0, NonImmediateOops: No
[1,139s][debug  ][gc,nmethod  ] Register NMethod: java.util.zip.ZipFile$Source.nextEntryPos (0x00007f376f1cb790) [0x00007f376f1cb920, 0x00007f376f1cbad0] Compiler: c2, Barriers: 1, Oops: 0, ImmediateOops: 0, NonImmediateOops: No
[1,139s][debug  ][gc,nmethod  ] Register NMethod: java.util.HashSet.contains (0x00007f374fa91a10) [0x00007f374fa91bc0, 0x00007f374fa91e68] Compiler: c1, Barriers: 1, Oops: 0, ImmediateOops: 0, NonImmediateOops: No
[1,140s][debug  ][gc,nmethod  ] Register NMethod: java.util.zip.ZipUtils.LG (0x00007f376f1cbc10) [0x00007f376f1cbda0, 0x00007f376f1cbea8] Compiler: c2, Barriers: 0, Oops: 0, ImmediateOops: 0, NonImmediateOops: No
[1,140s][debug  ][gc,nmethod  ] Register NMethod: java.io.RandomAccessFile.seek0 (0x00007f376f1cbf90) [0x00007f376f1cc120, 0x00007f376f1cc2d0] Compiler: , Barriers: 0, Oops: 0, ImmediateOops: 0, NonImmediateOops: No
[1,140s][debug  ][gc,nmethod  ] Register NMethod: java.util.Objects.checkFromIndexSize (0x00007f374fa91f90) [0x00007f374fa92140, 0x00007f374fa92350] Compiler: c1, Barriers: 0, Oops: 0, ImmediateOops: 0, NonImmediateOops: No
[1,140s][debug  ][gc,nmethod  ] Register NMethod: java.io.RandomAccessFile.seek (0x00007f374fa92490) [0x00007f374fa92680, 0x00007f374fa929c8] Compiler: c1, Barriers: 0, Oops: 0, ImmediateOops: 1, NonImmediateOops: No
[1,140s][debug  ][gc,nmethod  ] Register NMethod: java.util.WeakHashMap.maskNull (0x00007f374fa92b90) [0x00007f374fa92d20, 0x00007f374fa92e58] Compiler: c1, Barriers: 0, Oops: 0, ImmediateOops: 1, NonImmediateOops: No
[1,140s][debug  ][gc,nmethod  ] Register NMethod: java.util.WeakHashMap.hash (0x00007f374fa92f10) [0x00007f374fa930c0, 0x00007f374fa932a8] Compiler: c1, Barriers: 0, Oops: 0, ImmediateOops: 0, NonImmediateOops: No
[1,140s][debug  ][gc,nmethod  ] Register NMethod: java.util.WeakHashMap.getTable (0x00007f374fa93390) [0x00007f374fa93540, 0x00007f374fa936b8] Compiler: c1, Barriers: 1, Oops: 0, ImmediateOops: 0, NonImmediateOops: No
[1,140s][debug  ][gc,nmethod  ] Register NMethod: java.util.WeakHashMap.indexFor (0x00007f374fa93790) [0x00007f374fa93920, 0x00007f374fa93a08] Compiler: c1, Barriers: 0, Oops: 0, ImmediateOops: 0, NonImmediateOops: No
[1,140s][debug  ][gc,nmethod  ] Register NMethod: java.util.zip.ZipCoder$UTF8ZipCoder.checkedHash (0x00007f376f1cc310) [0x00007f376f1cc4c0, 0x00007f376f1cc8c0] Compiler: c2, Barriers: 0, Oops: 0, ImmediateOops: 0, NonImmediateOops: No
[1,140s][debug  ][gc,nmethod  ] Register NMethod: java.security.CodeSource.getLocationNoFragString (0x00007f376f1cca10) [0x00007f376f1ccba0, 0x00007f376f1ccc90] Compiler: c1, Barriers: 1, Oops: 0, ImmediateOops: 0, NonImmediateOops: No
[1,140s][debug  ][gc,nmethod  ] Register NMethod: java.util.WeakHashMap.expungeStaleEntries (0x00007f374fa93a90) [0x00007f374fa93cc0, 0x00007f374fa94660] Compiler: c1, Barriers: 14, Oops: 0, ImmediateOops: 0, NonImmediateOops: No
[1,141s][debug  ][gc,nmethod  ] Register NMethod: java.lang.System.nanoTime (0x00007f376f1ccd10) [0x00007f376f1ccea0, 0x00007f376f1cd068] Compiler: , Barriers: 0, Oops: 0, ImmediateOops: 1, NonImmediateOops: No
[1,141s][debug  ][gc,director ] Rule Major: Warmup 10%, Used: 44MB, UsedThreshold: 1536MB
[1,142s][debug  ][gc,nmethod  ] Register NMethod: java.lang.String.value (0x00007f376f1cd090) [0x00007f376f1cd220, 0x00007f376f1cd310] Compiler: c1, Barriers: 1, Oops: 0, ImmediateOops: 0, NonImmediateOops: No
[1,142s][debug  ][gc,nmethod  ] Register NMethod: java.util.zip.ZipUtils.CENLEN (0x00007f374fa94a90) [0x00007f374fa94c40, 0x00007f374fa94f08] Compiler: c1, Barriers: 0, Oops: 0, ImmediateOops: 0, NonImmediateOops: No
[1,142s][debug  ][gc,nmethod  ] Register NMethod: java.io.RandomAccessFile.readFully (0x00007f374fa95090) [0x00007f374fa95260, 0x00007f374fa955c8] Compiler: c1, Barriers: 0, Oops: 0, ImmediateOops: 0, NonImmediateOops: No
[1,142s][debug  ][gc,nmethod  ] Register NMethod: java.util.zip.ZipFile$Source.checkAndAddEntry (0x00007f376f1cd390) [0x00007f376f1cd5c0, 0x00007f376f1ce418] Compiler: c2, Barriers: 4, Oops: 0, ImmediateOops: 0, NonImmediateOops: No
[1,142s][debug  ][gc,nmethod  ] Register NMethod: java.security.CodeSource.getLocation (0x00007f376f1cec90) [0x00007f376f1cee20, 0x00007f376f1cef10] Compiler: c1, Barriers: 1, Oops: 0, ImmediateOops: 0, NonImmediateOops: No
[1,142s][debug  ][gc,nmethod  ] Register NMethod: java.lang.CharacterDataLatin1.equalsIgnoreCase (0x00007f374fa95790) [0x00007f374fa95940, 0x00007f374fa95c28] Compiler: c1, Barriers: 0, Oops: 0, ImmediateOops: 0, NonImmediateOops: No
[1,142s][debug  ][gc,nmethod  ] Register NMethod: java.net.URL.getPath (0x00007f376f1cef90) [0x00007f376f1cf120, 0x00007f376f1cf210] Compiler: c1, Barriers: 1, Oops: 0, ImmediateOops: 0, NonImmediateOops: No
[1,142s][debug  ][gc,nmethod  ] Register NMethod: jdk.internal.misc.Unsafe.putReferenceRelease (0x00007f376f1cf290) [0x00007f376f1cf420, 0x00007f376f1cf538] Compiler: c2, Barriers: 3, Oops: 0, ImmediateOops: 0, NonImmediateOops: No
[1,143s][debug  ][gc,nmethod  ] Register NMethod: java.lang.ClassLoader.findLoadedClass0 (0x00007f376f1cf590) [0x00007f376f1cf740, 0x00007f376f1cfaf0] Compiler: , Barriers: 0, Oops: 0, ImmediateOops: 0, NonImmediateOops: No
[1,143s][debug  ][gc,nmethod  ] Register NMethod: java.lang.ClassLoader.findLoadedClass (0x00007f374fa95c90) [0x00007f374fa95e40, 0x00007f374fa96028] Compiler: c1, Barriers: 0, Oops: 0, ImmediateOops: 0, NonImmediateOops: No
[1,143s][debug  ][gc,nmethod  ] Register NMethod: java.lang.ClassLoader.getClassLoadingLock (0x00007f374fa96110) [0x00007f374fa962e0, 0x00007f374fa96608] Compiler: c1, Barriers: 1, Oops: 0, ImmediateOops: 0, NonImmediateOops: No
[1,143s][debug  ][gc,nmethod  ] Register NMethod: java.lang.StringLatin1.regionMatchesCI (0x00007f374fa96790) [0x00007f374fa96960, 0x00007f374fa96c20] Compiler: c1, Barriers: 0, Oops: 0, ImmediateOops: 0, NonImmediateOops: No
[1,143s][debug  ][gc,nmethod  ] Register NMethod: java.lang.String.regionMatches (0x00007f374fa96e10) [0x00007f374fa97060, 0x00007f374fa97898] Compiler: c1, Barriers: 2, Oops: 0, ImmediateOops: 0, NonImmediateOops: No
[1,143s][debug  ][gc,nmethod  ] Register NMethod: jdk.internal.perf.PerfCounter.get (0x00007f374fa97b90) [0x00007f374fa97d40, 0x00007f374fa97fa0] Compiler: c1, Barriers: 1, Oops: 0, ImmediateOops: 0, NonImmediateOops: No
[1,143s][debug  ][gc,nmethod  ] Register NMethod: jdk.internal.perf.PerfCounter.add (0x00007f374fa98090) [0x00007f374fa98260, 0x00007f374fa986b8] Compiler: c1, Barriers: 2, Oops: 0, ImmediateOops: 0, NonImmediateOops: No
[1,143s][debug  ][gc,nmethod  ] Register NMethod: jdk.internal.misc.ScopedMemoryAccess.getLong (0x00007f374fa98890) [0x00007f374fa98a60, 0x00007f374fa98e18] Compiler: c1, Barriers: 0, Oops: 0, ImmediateOops: 0, NonImmediateOops: No
[1,143s][debug  ][gc,nmethod  ] Register NMethod: java.nio.DirectLongBufferU.get (0x00007f374fa99010) [0x00007f374fa99260, 0x00007f374fa99b70] Compiler: c1, Barriers: 1, Oops: 2, ImmediateOops: 2, NonImmediateOops: No
[1,143s][debug  ][gc,nmethod  ] Register NMethod: java.lang.StringLatin1.lastIndexOf (0x00007f376f1cfb10) [0x00007f376f1cfca0, 0x00007f376f1cfe70] Compiler: c2, Barriers: 0, Oops: 0, ImmediateOops: 0, NonImmediateOops: No
[1,143s][debug  ][gc,nmethod  ] Register NMethod: jdk.internal.misc.ScopedMemoryAccess.getLongInternal (0x00007f374fa9a010) [0x00007f374fa9a1c0, 0x00007f374fa9a418] Compiler: c1, Barriers: 0, Oops: 0, ImmediateOops: 0, NonImmediateOops: No
[1,144s][debug  ][gc,nmethod  ] Register NMethod: java.util.zip.Inflater.ensureOpen (0x00007f374fa9a590) [0x00007f374fa9a740, 0x00007f374fa9a9b0] Compiler: c1, Barriers: 1, Oops: 0, ImmediateOops: 1, NonImmediateOops: No
[1,144s][debug  ][gc,nmethod  ] Register NMethod: java.nio.DirectLongBufferU.put (0x00007f374fa9aa90) [0x00007f374fa9ace0, 0x00007f374fa9b620] Compiler: c1, Barriers: 1, Oops: 2, ImmediateOops: 2, NonImmediateOops: No
[1,144s][debug  ][gc,nmethod  ] Register NMethod: java.util.jar.Attributes.getValue (0x00007f374fa9bb10) [0x00007f374fa9bcc0, 0x00007f374fa9bff0] Compiler: c1, Barriers: 1, Oops: 0, ImmediateOops: 0, NonImmediateOops: No
[1,144s][debug  ][gc,nmethod  ] Register NMethod: java.util.jar.Attributes.get (0x00007f374fa9c110) [0x00007f374fa9c2c0, 0x00007f374fa9c4b8] Compiler: c1, Barriers: 1, Oops: 0, ImmediateOops: 0, NonImmediateOops: No
[1,144s][debug  ][gc,nmethod  ] Register NMethod: java.lang.ClassLoader.loadClass (0x00007f374fa9c590) [0x00007f374fa9c740, 0x00007f374fa9c8f8] Compiler: c1, Barriers: 0, Oops: 0, ImmediateOops: 0, NonImmediateOops: No
[1,144s][debug  ][gc,nmethod  ] Register NMethod: java.net.URL.getPort (0x00007f376f1cff90) [0x00007f376f1d0120, 0x00007f376f1d01e0] Compiler: c1, Barriers: 0, Oops: 0, ImmediateOops: 0, NonImmediateOops: No
[1,144s][debug  ][gc,nmethod  ] Register NMethod: java.net.URL.getRef (0x00007f376f1d0290) [0x00007f376f1d0420, 0x00007f376f1d0510] Compiler: c1, Barriers: 1, Oops: 0, ImmediateOops: 0, NonImmediateOops: No
[1,144s][debug  ][gc,nmethod  ] Register NMethod: java.net.URL.getAuthority (0x00007f376f1d0590) [0x00007f376f1d0720, 0x00007f376f1d0810] Compiler: c1, Barriers: 1, Oops: 0, ImmediateOops: 0, NonImmediateOops: No
[1,144s][debug  ][gc,nmethod  ] Register NMethod: java.net.URL.getQuery (0x00007f376f1d0890) [0x00007f376f1d0a20, 0x00007f376f1d0b10] Compiler: c1, Barriers: 1, Oops: 0, ImmediateOops: 0, NonImmediateOops: No
[1,145s][debug  ][gc,nmethod  ] Register NMethod: java.util.LinkedHashMap.get (0x00007f374fa9c990) [0x00007f374fa9cb60, 0x00007f374fa9cdd8] Compiler: c1, Barriers: 1, Oops: 0, ImmediateOops: 0, NonImmediateOops: No
[1,145s][debug  ][gc,nmethod  ] Register NMethod: java.util.jar.JarFile.maybeInstantiateVerifier (0x00007f374fa9cf10) [0x00007f374fa9d100, 0x00007f374fa9d490] Compiler: c1, Barriers: 1, Oops: 0, ImmediateOops: 1, NonImmediateOops: No
[1,147s][debug  ][gc,nmethod  ] Register NMethod: java.lang.invoke.MethodType.equals (0x00007f374fa9d610) [0x00007f374fa9d860, 0x00007f374fa9e490] Compiler: c1, Barriers: 10, Oops: 0, ImmediateOops: 0, NonImmediateOops: No
[1,147s][debug  ][gc,nmethod  ] Register NMethod: sun.invoke.util.VerifyAccess.isTypeVisible (0x00007f374fa9e690) [0x00007f374fa9e9a0, 0x00007f374fa9fa20] Compiler: c1, Barriers: 5, Oops: 1, ImmediateOops: 2, NonImmediateOops: No
[1,148s][debug  ][gc,nmethod  ] Register NMethod: jdk.internal.org.objectweb.asm.SymbolTable.addConstantClass (0x00007f374fa9ff10) [0x00007f374faa00c0, 0x00007f374faa0200] Compiler: c1, Barriers: 0, Oops: 0, ImmediateOops: 0, NonImmediateOops: No
[1,148s][debug  ][gc,nmethod  ] Register NMethod: jdk.internal.org.objectweb.asm.SymbolTable.addConstantUtf8Reference (0x00007f374faa0290) [0x00007f374faa04e0, 0x00007f374faa0bb0] Compiler: c1, Barriers: 5, Oops: 0, ImmediateOops: 0, NonImmediateOops: No
[1,149s][debug  ][gc,nmethod  ] Register NMethod: jdk.internal.org.objectweb.asm.SymbolTable.get (0x00007f376f1d0b90) [0x00007f376f1d0d20, 0x00007f376f1d0e88] Compiler: c2, Barriers: 2, Oops: 0, ImmediateOops: 0, NonImmediateOops: No
[1,149s][debug  ][gc,nmethod  ] Register NMethod: java.lang.invoke.MethodTypeForm.basicType (0x00007f376f1d0f90) [0x00007f376f1d1120, 0x00007f376f1d1210] Compiler: c1, Barriers: 1, Oops: 0, ImmediateOops: 0, NonImmediateOops: No
[1,149s][debug  ][gc,nmethod  ] Register NMethod: java.io.InputStream.<init> (0x00007f374faa0f10) [0x00007f374faa10a0, 0x00007f374faa1200] Compiler: c1, Barriers: 0, Oops: 0, ImmediateOops: 0, NonImmediateOops: No
[1,149s][debug  ][gc,nmethod  ] Register NMethod: java.util.Arrays.rangeCheck (0x00007f374faa1290) [0x00007f374faa1540, 0x00007f374faa1e60] Compiler: c1, Barriers: 0, Oops: 3, ImmediateOops: 3, NonImmediateOops: No
[1,149s][debug  ][gc,nmethod  ] Register NMethod: java.util.ArrayDeque.addLast (0x00007f374faa2290) [0x00007f374faa2480, 0x00007f374faa2958] Compiler: c1, Barriers: 4, Oops: 0, ImmediateOops: 0, NonImmediateOops: No
[1,150s][debug  ][gc,nmethod  ] Register NMethod: java.util.zip.Inflater.hasPendingOutput (0x00007f376f1d1290) [0x00007f376f1d1420, 0x00007f376f1d14e8] Compiler: c1, Barriers: 0, Oops: 0, ImmediateOops: 0, NonImmediateOops: No
[1,150s][debug  ][gc,nmethod  ] Register NMethod: java.util.Collections$SetFromMap.remove (0x00007f374faa2b10) [0x00007f374faa2cc0, 0x00007f374faa2f10] Compiler: c1, Barriers: 1, Oops: 0, ImmediateOops: 0, NonImmediateOops: No
[1,150s][debug  ][gc,nmethod  ] Register NMethod: java.util.zip.ZipFile$ZipFileInputStream.close (0x00007f374faa3010) [0x00007f374faa31e0, 0x00007f374faa3668] Compiler: c1, Barriers: 6, Oops: 0, ImmediateOops: 0, NonImmediateOops: No
[1,150s][debug  ][gc,nmethod  ] Register NMethod: java.util.WeakHashMap.remove (0x00007f374faa3890) [0x00007f374faa3b00, 0x00007f374faa46e0] Compiler: c1, Barriers: 12, Oops: 0, ImmediateOops: 1, NonImmediateOops: No
[1,151s][debug  ][gc,nmethod  ] Register NMethod: java.lang.StringConcatHelper.initialCoder (0x00007f374faa4b10) [0x00007f374faa4ca0, 0x00007f374faa4db0] Compiler: c1, Barriers: 0, Oops: 0, ImmediateOops: 0, NonImmediateOops: No
[1,151s][debug  ][gc,director ] Rule Major: Warmup 10%, Used: 46MB, UsedThreshold: 1536MB
[1,151s][debug  ][gc,nmethod  ] Register NMethod: java.util.HashMap.resize (0x00007f376f1d1590) [0x00007f376f1d17c0, 0x00007f376f1d2610] Compiler: c2, Barriers: 28, Oops: 0, ImmediateOops: 0, NonImmediateOops: No
[1,151s][debug  ][gc,nmethod  ] Register NMethod: java.lang.StringConcatHelper.newString (0x00007f374faa4e10) [0x00007f374faa50a0, 0x00007f374faa5a90] Compiler: c1, Barriers: 6, Oops: 2, ImmediateOops: 2, NonImmediateOops: No
[1,151s][debug  ][gc,nmethod  ] Register NMethod: java.lang.String.concat (0x00007f374faa5e90) [0x00007f374faa61e0, 0x00007f374faa7560] Compiler: c1, Barriers: 3, Oops: 0, ImmediateOops: 6, NonImmediateOops: No
[1,151s][debug  ][gc,nmethod  ] Register NMethod: java.util.ArrayDeque.add (0x00007f374faa7c90) [0x00007f374faa7e40, 0x00007f374faa7f90] Compiler: c1, Barriers: 0, Oops: 0, ImmediateOops: 0, NonImmediateOops: No
[1,151s][debug  ][gc,nmethod  ] Register NMethod: java.lang.StringConcatHelper.simpleConcat (0x00007f374faa8010) [0x00007f374faa8360, 0x00007f374faa9680] Compiler: c1, Barriers: 2, Oops: 0, ImmediateOops: 7, NonImmediateOops: No
[1,151s][debug  ][gc,nmethod  ] Register NMethod: java.util.zip.ZipUtils.CENSIZ (0x00007f374faa9d10) [0x00007f374faa9ec0, 0x00007f374faaa188] Compiler: c1, Barriers: 0, Oops: 0, ImmediateOops: 0, NonImmediateOops: No
[1,151s][debug  ][gc,nmethod  ] Register NMethod: sun.invoke.util.Wrapper.basicTypeChar (0x00007f376f1d2910) [0x00007f376f1d2aa0, 0x00007f376f1d2b68] Compiler: c1, Barriers: 0, Oops: 0, ImmediateOops: 0, NonImmediateOops: No
[1,151s][debug  ][gc,nmethod  ] Register NMethod: java.lang.invoke.MethodHandle.linkToStatic (0x00007f376f1d2c10) [0x00007f376f1d2d80, 0x00007f376f1d2e70] Compiler: , Barriers: 0, Oops: 0, ImmediateOops: 0, NonImmediateOops: No
[1,153s][debug  ][gc,nmethod  ] Register NMethod: java.lang.reflect.Modifier.isProtected (0x00007f374faaa310) [0x00007f374faaa4a0, 0x00007f374faaa5e0] Compiler: c1, Barriers: 0, Oops: 0, ImmediateOops: 0, NonImmediateOops: No
[1,153s][debug  ][gc,nmethod  ] Register NMethod: java.lang.reflect.Modifier.isPublic (0x00007f374faaa690) [0x00007f374faaa820, 0x00007f374faaa960] Compiler: c1, Barriers: 0, Oops: 0, ImmediateOops: 0, NonImmediateOops: No
[1,153s][debug  ][gc,nmethod  ] Register NMethod: java.net.URLStreamHandler.getDefaultPort (0x00007f376f1d2f10) [0x00007f376f1d30a0, 0x00007f376f1d3160] Compiler: c1, Barriers: 0, Oops: 0, ImmediateOops: 0, NonImmediateOops: No
[1,153s][debug  ][gc,nmethod  ] Register NMethod: java.lang.NamedPackage.module (0x00007f376f1d3210) [0x00007f376f1d33a0, 0x00007f376f1d3490] Compiler: c1, Barriers: 1, Oops: 0, ImmediateOops: 0, NonImmediateOops: No
[1,154s][debug  ][gc,nmethod  ] Register NMethod: java.util.concurrent.locks.ReentrantLock$Sync.tryRelease (0x00007f376f1d3510) [0x00007f376f1d36c0, 0x00007f376f1d3918] Compiler: c2, Barriers: 4, Oops: 0, ImmediateOops: 0, NonImmediateOops: No
[1,154s][debug  ][gc,nmethod  ] Register NMethod: java.util.concurrent.locks.AbstractQueuedSynchronizer.signalNext (0x00007f376f1d3a10) [0x00007f376f1d3b80, 0x00007f376f1d3c00] Compiler: c2, Barriers: 0, Oops: 0, ImmediateOops: 0, NonImmediateOops: No
[1,154s][debug  ][gc,nmethod  ] Register NMethod: java.lang.invoke.MethodHandle.linkToSpecial (0x00007f376f1d3d10) [0x00007f376f1d3e80, 0x00007f376f1d3f78] Compiler: , Barriers: 0, Oops: 0, ImmediateOops: 0, NonImmediateOops: No
[1,154s][debug  ][gc,nmethod  ] Register NMethod: java.lang.invoke.MemberName.clone (0x00007f374faaaa10) [0x00007f374faaabe0, 0x00007f374faaaf48] Compiler: c1, Barriers: 0, Oops: 0, ImmediateOops: 0, NonImmediateOops: No
[1,154s][debug  ][gc,nmethod  ] Register NMethod: sun.invoke.util.VerifyAccess.isSamePackage (0x00007f374faab110) [0x00007f374faab320, 0x00007f374faab918] Compiler: c1, Barriers: 2, Oops: 0, ImmediateOops: 0, NonImmediateOops: No
[1,154s][debug  ][gc,nmethod  ] Register NMethod: jdk.internal.org.objectweb.asm.ByteVector.putInt (0x00007f374faabb10) [0x00007f374faabcc0, 0x00007f374faabf70] Compiler: c1, Barriers: 2, Oops: 0, ImmediateOops: 0, NonImmediateOops: No
[1,154s][debug  ][gc,nmethod  ] Register NMethod: java.lang.invoke.MethodTypeForm.canonicalizeAll (0x00007f374faac110) [0x00007f374faac300, 0x00007f374faac948] Compiler: c1, Barriers: 4, Oops: 0, ImmediateOops: 1, NonImmediateOops: No
[1,154s][debug  ][gc,nmethod  ] Register NMethod: java.lang.invoke.MemberName.getModifiers (0x00007f374faacb10) [0x00007f374faacca0, 0x00007f374faacda8] Compiler: c1, Barriers: 0, Oops: 0, ImmediateOops: 0, NonImmediateOops: No
[1,155s][debug  ][gc,nmethod  ] Register NMethod: java.lang.invoke.MethodType$ConcurrentWeakInternSet$WeakEntry.<init> (0x00007f374faace10) [0x00007f374faacfe0, 0x00007f374faad408] Compiler: c1, Barriers: 6, Oops: 0, ImmediateOops: 1, NonImmediateOops: No
[1,155s][debug  ][gc,nmethod  ] Register NMethod: java.io.BufferedInputStream.implRead (0x00007f376f1d4010) [0x00007f376f1d41a0, 0x00007f376f1d4338] Compiler: c2, Barriers: 1, Oops: 1, ImmediateOops: 1, NonImmediateOops: No
[1,155s][debug  ][gc,nmethod  ] Register NMethod: worker.org.gradle.internal.stream.EncodedStream$EncodedInput.hexToByte (0x00007f376f1d4490) [0x00007f376f1d4600, 0x00007f376f1d46b0] Compiler: c2, Barriers: 0, Oops: 1, ImmediateOops: 0, NonImmediateOops: No
[1,155s][debug  ][gc,nmethod  ] Register NMethod: java.io.BufferedInputStream.read (0x00007f376f1d4790) [0x00007f376f1d49c0, 0x00007f376f1d5230] Compiler: c2, Barriers: 17, Oops: 1, ImmediateOops: 1, NonImmediateOops: No
[1,156s][debug  ][gc,nmethod  ] Register NMethod: java.lang.Module.getDescriptor (0x00007f376f1d5610) [0x00007f376f1d57a0, 0x00007f376f1d5890] Compiler: c1, Barriers: 1, Oops: 0, ImmediateOops: 0, NonImmediateOops: No
[1,156s][debug  ][gc,nmethod  ] Register NMethod: java.util.ImmutableCollections$List12.get (0x00007f374faad590) [0x00007f374faad740, 0x00007f374faada30] Compiler: c1, Barriers: 2, Oops: 0, ImmediateOops: 1, NonImmediateOops: No
[1,156s][debug  ][gc,nmethod  ] Register NMethod: jdk.internal.org.objectweb.asm.Frame.execute (0x00007f374faadb10) [0x00007f374faae9a0, 0x00007f374fab52d8] Compiler: c1, Barriers: 20, Oops: 1, ImmediateOops: 11, NonImmediateOops: No
[1,156s][debug  ][gc,nmethod  ] Register NMethod: java.util.Arrays.copyOf (0x00007f374fab6f10) [0x00007f374fab7120, 0x00007f374fab77a8] Compiler: c1, Barriers: 1, Oops: 0, ImmediateOops: 1, NonImmediateOops: No
[1,156s][debug  ][gc,nmethod  ] Register NMethod: java.util.concurrent.CopyOnWriteArrayList.setArray (0x00007f376f1d5910) [0x00007f376f1d5aa0, 0x00007f376f1d5bd8] Compiler: c1, Barriers: 3, Oops: 0, ImmediateOops: 0, NonImmediateOops: No
[1,156s][debug  ][gc,nmethod  ] Register NMethod: java.lang.module.ModuleDescriptor$Provides.providers (0x00007f376f1d5c90) [0x00007f376f1d5e20, 0x00007f376f1d5f10] Compiler: c1, Barriers: 1, Oops: 0, ImmediateOops: 0, NonImmediateOops: No
[1,156s][debug  ][gc,nmethod  ] Register NMethod: jdk.internal.misc.Unsafe.getInt (0x00007f376f1d5f90) [0x00007f376f1d6120, 0x00007f376f1d6300] Compiler: , Barriers: 0, Oops: 0, ImmediateOops: 0, NonImmediateOops: No
[1,156s][debug  ][gc,nmethod  ] Register NMethod: java.nio.Buffer.limit (0x00007f376f1d6310) [0x00007f376f1d64a0, 0x00007f376f1d6560] Compiler: c1, Barriers: 0, Oops: 0, ImmediateOops: 0, NonImmediateOops: No
[1,156s][debug  ][gc,nmethod  ] Register NMethod: java.nio.DirectByteBuffer.ix (0x00007f376f1d6610) [0x00007f376f1d6780, 0x00007f376f1d6800] Compiler: c2, Barriers: 0, Oops: 0, ImmediateOops: 0, NonImmediateOops: No
[1,156s][debug  ][gc,nmethod  ] Register NMethod: jdk.internal.jimage.ImageLocation.readValue (0x00007f374fab7990) [0x00007f374fab7b60, 0x00007f374fab7f18] Compiler: c1, Barriers: 0, Oops: 0, ImmediateOops: 1, NonImmediateOops: No
[1,156s][debug  ][gc,nmethod  ] Register NMethod: jdk.internal.loader.URLClassPath$JarLoader.ensureOpen (0x00007f374fab8090) [0x00007f374fab8280, 0x00007f374fab8718] Compiler: c1, Barriers: 5, Oops: 0, ImmediateOops: 0, NonImmediateOops: No
[1,156s][debug  ][gc,nmethod  ] Register NMethod: java.net.URL.isBuiltinStreamHandler (0x00007f374fab8890) [0x00007f374fab8a40, 0x00007f374fab8c00] Compiler: c1, Barriers: 0, Oops: 1, ImmediateOops: 1, NonImmediateOops: No
[1,157s][debug  ][gc,nmethod  ] Register NMethod: sun.net.util.IPAddressUtil.checkHostString (0x00007f374fab8d10) [0x00007f374fab8ec0, 0x00007f374fab90d0] Compiler: c1, Barriers: 0, Oops: 0, ImmediateOops: 0, NonImmediateOops: No
[1,157s][debug  ][gc,nmethod  ] Register NMethod: java.net.URL.isBuiltinStreamHandler (0x00007f374fab9190) [0x00007f374fab93e0, 0x00007f374fab9ca8] Compiler: c1, Barriers: 3, Oops: 1, ImmediateOops: 2, NonImmediateOops: No
[1,157s][debug  ][gc,nmethod  ] Register NMethod: sun.net.util.IPAddressUtil.scan (0x00007f374faba010) [0x00007f374faba280, 0x00007f374fabae50] Compiler: c1, Barriers: 3, Oops: 1, ImmediateOops: 2, NonImmediateOops: No
[1,157s][debug  ][gc,nmethod  ] Register NMethod: sun.net.util.IPAddressUtil.checkHost (0x00007f374fabb390) [0x00007f374fabb840, 0x00007f374fabd5d8] Compiler: c1, Barriers: 7, Oops: 5, ImmediateOops: 11, NonImmediateOops: No
[1,157s][debug  ][gc,nmethod  ] Register NMethod: java.util.zip.ZipEntry.getSize (0x00007f376f1d6910) [0x00007f376f1d6aa0, 0x00007f376f1d6b60] Compiler: c1, Barriers: 0, Oops: 0, ImmediateOops: 0, NonImmediateOops: No
[1,157s][debug  ][gc,nmethod  ] Register NMethod: java.lang.ref.PhantomReference.<init> (0x00007f374fabe110) [0x00007f374fabe2c0, 0x00007f374fabe5c0] Compiler: c1, Barriers: 6, Oops: 0, ImmediateOops: 1, NonImmediateOops: No
[1,157s][debug  ][gc,nmethod  ] Register NMethod: jdk.internal.ref.CleanerFactory.cleaner (0x00007f374fabe690) [0x00007f374fabe820, 0x00007f374fabe910] Compiler: c1, Barriers: 0, Oops: 0, ImmediateOops: 1, NonImmediateOops: No
[1,157s][debug  ][gc,nmethod  ] Register NMethod: jdk.internal.ref.PhantomCleanable.insert (0x00007f374fabe990) [0x00007f374fabeb60, 0x00007f374fabefd8] Compiler: c1, Barriers: 15, Oops: 0, ImmediateOops: 0, NonImmediateOops: No
[1,158s][debug  ][gc,nmethod  ] Register NMethod: jdk.internal.ref.PhantomCleanable.<init> (0x00007f374fabf110) [0x00007f374fabf3a0, 0x00007f374fabffb8] Compiler: c1, Barriers: 19, Oops: 0, ImmediateOops: 3, NonImmediateOops: No
[1,158s][debug  ][gc,nmethod  ] Register NMethod: java.lang.Integer.intValue (0x00007f376f1d6c10) [0x00007f376f1d6da0, 0x00007f376f1d6e60] Compiler: c1, Barriers: 0, Oops: 0, ImmediateOops: 0, NonImmediateOops: No
[1,158s][debug  ][gc,nmethod  ] Register NMethod: java.util.zip.ZipFile$Source.readFullyAt (0x00007f374fac0310) [0x00007f374fac0500, 0x00007f374fac09e0] Compiler: c1, Barriers: 3, Oops: 0, ImmediateOops: 0, NonImmediateOops: No
[1,158s][debug  ][gc,nmethod  ] Register NMethod: java.util.ArrayDeque.elementAt (0x00007f374fac0c90) [0x00007f374fac0e20, 0x00007f374fac0f58] Compiler: c1, Barriers: 1, Oops: 0, ImmediateOops: 0, NonImmediateOops: No
[1,158s][debug  ][gc,nmethod  ] Register NMethod: java.lang.Math.max (0x00007f376f1d6f10) [0x00007f376f1d7080, 0x00007f376f1d70f0] Compiler: c2, Barriers: 0, Oops: 0, ImmediateOops: 0, NonImmediateOops: No
[1,158s][debug  ][gc,nmethod  ] Register NMethod: java.util.zip.ZipFile$Source.isMetaName (0x00007f376f1d7210) [0x00007f376f1d73c0, 0x00007f376f1d7620] Compiler: c2, Barriers: 0, Oops: 0, ImmediateOops: 0, NonImmediateOops: No
[1,159s][debug  ][gc,nmethod  ] Register NMethod: java.lang.String.checkBoundsOffCount (0x00007f374fac1010) [0x00007f374fac11c0, 0x00007f374fac13d0] Compiler: c1, Barriers: 0, Oops: 1, ImmediateOops: 1, NonImmediateOops: No
[1,159s][debug  ][gc,nmethod  ] Register NMethod: java.lang.String.indexOf (0x00007f374fac1510) [0x00007f374fac1740, 0x00007f374fac1d38] Compiler: c1, Barriers: 6, Oops: 0, ImmediateOops: 0, NonImmediateOops: No
[1,159s][debug  ][gc,nmethod  ] Register NMethod: java.lang.StringLatin1.indexOf (0x00007f374fac1e90) [0x00007f374fac2040, 0x00007f374fac2238] Compiler: c1, Barriers: 0, Oops: 0, ImmediateOops: 0, NonImmediateOops: No
[1,159s][debug  ][gc,nmethod  ] Register NMethod: java.util.jar.Manifest$FastInputStream.readLine (0x00007f374fac2310) [0x00007f374fac2540, 0x00007f374fac2e30] Compiler: c1, Barriers: 1, Oops: 0, ImmediateOops: 0, NonImmediateOops: No
[1,159s][debug  ][gc,nmethod  ] Register NMethod: java.util.HashMap.putVal (0x00007f374fac3190) [0x00007f374fac3480, 0x00007f374fac4710] Compiler: c1, Barriers: 15, Oops: 0, ImmediateOops: 0, NonImmediateOops: No
[1,159s][debug  ][gc,nmethod  ] Register NMethod: sun.nio.fs.UnixPath.checkNotNul (0x00007f376f1d7810) [0x00007f376f1d7980, 0x00007f376f1d7a08] Compiler: c2, Barriers: 0, Oops: 0, ImmediateOops: 0, NonImmediateOops: No
[1,160s][debug  ][gc,nmethod  ] Register NMethod: java.util.jar.JarFile.checkForSpecialAttributes (0x00007f374fa83a10) [0x00007f374fa83d20, 0x00007f374fa84de8] Compiler: c1, Barriers: 10, Oops: 1, ImmediateOops: 8, NonImmediateOops: No
[1,160s][debug  ][gc,nmethod  ] Register NMethod: java.util.jar.JarFile.checkForSpecialAttributes (0x00007f374fa83a10) [0x00007f374fa83d20, 0x00007f374fa84de8] Compiler: c1, Barriers: 10, Oops: 1, ImmediateOops: 8, NonImmediateOops: No
[1,160s][debug  ][gc,nmethod  ] Register NMethod: java.util.jar.JarFile.checkForSpecialAttributes (0x00007f374fa83a10) [0x00007f374fa83d20, 0x00007f374fa84de8] Compiler: c1, Barriers: 10, Oops: 1, ImmediateOops: 8, NonImmediateOops: No
[1,160s][debug  ][gc,nmethod  ] Register NMethod: java.io.UnixFileSystem.normalize (0x00007f374fac4b90) [0x00007f374fac4dc0, 0x00007f374fac5440] Compiler: c1, Barriers: 2, Oops: 1, ImmediateOops: 3, NonImmediateOops: No
[1,160s][debug  ][gc,nmethod  ] Register NMethod: jdk.internal.ref.CleanerImpl$PhantomCleanableRef.<init> (0x00007f374fac5690) [0x00007f374fac5840, 0x00007f374fac5a08] Compiler: c1, Barriers: 3, Oops: 0, ImmediateOops: 0, NonImmediateOops: No
[1,160s][debug  ][gc,nmethod  ] Register NMethod: java.lang.ref.Cleaner.register (0x00007f374fac5a90) [0x00007f374fac5c80, 0x00007f374fac61c8] Compiler: c1, Barriers: 3, Oops: 2, ImmediateOops: 2, NonImmediateOops: No
[1,161s][debug  ][gc,director ] Rule Major: Warmup 10%, Used: 46MB, UsedThreshold: 1536MB
[1,161s][debug  ][gc,nmethod  ] Register NMethod: java.io.File.<init> (0x00007f374fac6410) [0x00007f374fac6620, 0x00007f374fac6b30] Compiler: c1, Barriers: 6, Oops: 1, ImmediateOops: 2, NonImmediateOops: No
[1,161s][debug  ][gc,nmethod  ] Register NMethod: java.util.zip.ZipUtils.get16 (0x00007f374fac6d10) [0x00007f374fac6ea0, 0x00007f374fac6fe0] Compiler: c1, Barriers: 0, Oops: 0, ImmediateOops: 0, NonImmediateOops: No
[1,162s][debug  ][gc,nmethod  ] Register NMethod: java.util.LinkedHashMap.removeEldestEntry (0x00007f376f1d7b10) [0x00007f376f1d7ca0, 0x00007f376f1d7d60] Compiler: c1, Barriers: 0, Oops: 0, ImmediateOops: 0, NonImmediateOops: No
[1,163s][debug  ][gc,nmethod  ] Register NMethod: java.util.ArrayDeque.pollFirst (0x00007f374fac7110) [0x00007f374fac72e0, 0x00007f374fac7728] Compiler: c1, Barriers: 5, Oops: 0, ImmediateOops: 0, NonImmediateOops: No
[1,163s][debug  ][gc,nmethod  ] Register NMethod: java.util.zip.InflaterInputStream.ensureOpen (0x00007f374fac7890) [0x00007f374fac7a40, 0x00007f374fac7c50] Compiler: c1, Barriers: 0, Oops: 0, ImmediateOops: 1, NonImmediateOops: No
[1,163s][debug  ][gc,nmethod  ] Register NMethod: java.util.HashMap.getNode (0x00007f376f1d7e10) [0x00007f376f1d7fe0, 0x00007f376f1d8498] Compiler: c2, Barriers: 6, Oops: 0, ImmediateOops: 0, NonImmediateOops: No
[1,163s][debug  ][gc,nmethod  ] Register NMethod: java.util.zip.Inflater.finished (0x00007f374fac7d10) [0x00007f374fac7ea0, 0x00007f374fac80d0] Compiler: c1, Barriers: 1, Oops: 0, ImmediateOops: 0, NonImmediateOops: No
[1,163s][debug  ][gc,nmethod  ] Register NMethod: java.util.zip.InflaterInputStream.read (0x00007f374fac8190) [0x00007f374fac8480, 0x00007f374fac9320] Compiler: c1, Barriers: 7, Oops: 0, ImmediateOops: 2, NonImmediateOops: No
[1,163s][debug  ][gc,nmethod  ] Register NMethod: java.lang.StringLatin1.indexOf (0x00007f376f1d8710) [0x00007f376f1d88c0, 0x00007f376f1d8c98] Compiler: c2, Barriers: 0, Oops: 0, ImmediateOops: 0, NonImmediateOops: No
[1,164s][debug  ][gc,nmethod  ] Register NMethod: sun.nio.fs.NativeBuffer.address (0x00007f376f1d8f10) [0x00007f376f1d90a0, 0x00007f376f1d9160] Compiler: c1, Barriers: 0, Oops: 0, ImmediateOops: 0, NonImmediateOops: No
[1,165s][debug  ][gc,nmethod  ] Register NMethod: java.util.zip.ZipFile$Source.isMetaName (0x00007f374fac9910) [0x00007f374fac9ae0, 0x00007f374fac9fb0] Compiler: c1, Barriers: 0, Oops: 0, ImmediateOops: 0, NonImmediateOops: No
[1,166s][debug  ][gc,nmethod  ] Register NMethod: jdk.internal.reflect.Reflection.getCallerClass (0x00007f376f1d9210) [0x00007f376f1d93c0, 0x00007f376f1d9760] Compiler: , Barriers: 0, Oops: 0, ImmediateOops: 1, NonImmediateOops: No
[1,166s][debug  ][gc,nmethod  ] Register NMethod: java.lang.ref.Reference.refersTo0 (0x00007f376f1d9790) [0x00007f376f1d9920, 0x00007f376f1d9b00] Compiler: , Barriers: 0, Oops: 0, ImmediateOops: 0, NonImmediateOops: No
[1,166s][debug  ][gc,nmethod  ] Register NMethod: java.lang.ref.Reference.refersToImpl (0x00007f374faca190) [0x00007f374faca340, 0x00007f374faca478] Compiler: c1, Barriers: 0, Oops: 0, ImmediateOops: 0, NonImmediateOops: No
[1,166s][debug  ][gc,nmethod  ] Register NMethod: java.util.zip.ZipFile$Source.isMetaName (0x00007f376f1d9b10) [0x00007f376f1d9cc0, 0x00007f376f1d9f08] Compiler: c2, Barriers: 0, Oops: 0, ImmediateOops: 0, NonImmediateOops: No
[1,169s][debug  ][gc,nmethod  ] Register NMethod: java.util.zip.ZipUtils.CENEXT (0x00007f376f1da110) [0x00007f376f1da2a0, 0x00007f376f1da380] Compiler: c2, Barriers: 0, Oops: 0, ImmediateOops: 0, NonImmediateOops: No
[1,170s][debug  ][gc,nmethod  ] Register NMethod: java.lang.String.equalsIgnoreCase (0x00007f374faca510) [0x00007f374faca700, 0x00007f374facac98] Compiler: c1, Barriers: 2, Oops: 0, ImmediateOops: 0, NonImmediateOops: No
[1,170s][debug  ][gc,nmethod  ] Register NMethod: java.util.zip.Inflater.inflateBytesBytes (0x00007f376f1da490) [0x00007f376f1da620, 0x00007f376f1da830] Compiler: , Barriers: 0, Oops: 0, ImmediateOops: 0, NonImmediateOops: No
[1,170s][debug  ][gc,nmethod  ] Register NMethod: java.util.zip.ZipFile$Source.isMetaName (0x00007f374facae90) [0x00007f374facb060, 0x00007f374facb530] Compiler: c1, Barriers: 0, Oops: 0, ImmediateOops: 0, NonImmediateOops: No
[1,170s][debug  ][gc,nmethod  ] Register NMethod: java.util.jar.JarFile.match (0x00007f374facb710) [0x00007f374facb900, 0x00007f374facbe58] Compiler: c1, Barriers: 0, Oops: 0, ImmediateOops: 0, NonImmediateOops: No
[1,171s][debug  ][gc,nmethod  ] Register NMethod: sun.nio.fs.UnixPath.getFileSystem (0x00007f376f1da890) [0x00007f376f1daa20, 0x00007f376f1dab10] Compiler: c1, Barriers: 1, Oops: 0, ImmediateOops: 0, NonImmediateOops: No
[1,171s][debug  ][gc,director ] Rule Major: Warmup 10%, Used: 48MB, UsedThreshold: 1536MB
[1,171s][debug  ][gc,nmethod  ] Register NMethod: java.util.zip.ZipFile$Source.checkExtraFields (0x00007f374facc110) [0x00007f374facc480, 0x00007f374facdb08] Compiler: c1, Barriers: 10, Oops: 3, ImmediateOops: 5, NonImmediateOops: No
[1,172s][debug  ][gc,nmethod  ] Register NMethod: java.lang.StringCoding.hasNegatives (0x00007f374face510) [0x00007f374face6c0, 0x00007f374face970] Compiler: c1, Barriers: 0, Oops: 0, ImmediateOops: 0, NonImmediateOops: No
[1,172s][debug  ][gc,nmethod  ] Register NMethod: java.lang.String.getBytesNoRepl (0x00007f374faceb10) [0x00007f374faced00, 0x00007f374facf440] Compiler: c1, Barriers: 1, Oops: 0, ImmediateOops: 0, NonImmediateOops: No
[1,172s][debug  ][gc,nmethod  ] Register NMethod: java.lang.System$2.getBytesNoRepl (0x00007f374facf610) [0x00007f374facf820, 0x00007f374facffe0] Compiler: c1, Barriers: 1, Oops: 0, ImmediateOops: 0, NonImmediateOops: No
[1,172s][debug  ][gc,nmethod  ] Register NMethod: java.lang.String.isASCII (0x00007f374fad0210) [0x00007f374fad03c0, 0x00007f374fad05f8] Compiler: c1, Barriers: 0, Oops: 0, ImmediateOops: 0, NonImmediateOops: No
[1,172s][debug  ][gc,nmethod  ] Register NMethod: java.lang.String.getBytesNoRepl1 (0x00007f374fad0710) [0x00007f374fad09c0, 0x00007f374fad14b0] Compiler: c1, Barriers: 3, Oops: 0, ImmediateOops: 1, NonImmediateOops: No
[1,173s][debug  ][gc,nmethod  ] Register NMethod: java.lang.Math.abs (0x00007f374fad1810) [0x00007f374fad19a0, 0x00007f374fad1b08] Compiler: c1, Barriers: 0, Oops: 0, ImmediateOops: 0, NonImmediateOops: No
[1,173s][debug  ][gc,nmethod  ] Register NMethod: java.util.jar.Manifest$FastInputStream.readLine (0x00007f374fad1b90) [0x00007f374fad1d40, 0x00007f374fad1e88] Compiler: c1, Barriers: 0, Oops: 0, ImmediateOops: 0, NonImmediateOops: No
[1,173s][debug  ][gc,nmethod  ] Register NMethod: java.util.jar.Manifest$FastInputStream.peek (0x00007f374fad1f90) [0x00007f374fad2140, 0x00007f374fad2390] Compiler: c1, Barriers: 1, Oops: 0, ImmediateOops: 0, NonImmediateOops: No
[1,173s][debug  ][gc,nmethod  ] Register NMethod: java.lang.StringCoding.countPositives (0x00007f374fad2490) [0x00007f374fad2640, 0x00007f374fad2868] Compiler: c1, Barriers: 0, Oops: 0, ImmediateOops: 0, NonImmediateOops: No
[1,173s][debug  ][gc,nmethod  ] Register NMethod: java.lang.String.<init> (0x00007f374fad2990) [0x00007f374fad2b80, 0x00007f374fad2fe8] Compiler: c1, Barriers: 0, Oops: 1, ImmediateOops: 1, NonImmediateOops: No
[1,173s][debug  ][gc,nmethod  ] Register NMethod: java.lang.ref.Reference.refersTo (0x00007f374fad3210) [0x00007f374fad33c0, 0x00007f374fad3578] Compiler: c1, Barriers: 0, Oops: 0, ImmediateOops: 0, NonImmediateOops: No
[1,173s][debug  ][gc,nmethod  ] Register NMethod: java.lang.Integer.numberOfLeadingZeros (0x00007f374fad3610) [0x00007f374fad37c0, 0x00007f374fad3a80] Compiler: c1, Barriers: 0, Oops: 0, ImmediateOops: 0, NonImmediateOops: No
[1,174s][debug  ][gc,nmethod  ] Register NMethod: java.lang.StringLatin1.indexOf (0x00007f376f1dab90) [0x00007f376f1dad20, 0x00007f376f1db258] Compiler: c2, Barriers: 0, Oops: 0, ImmediateOops: 0, NonImmediateOops: No
[1,174s][debug  ][gc,nmethod  ] Register NMethod: jdk.internal.access.SharedSecrets.javaUtilJarAccess (0x00007f374fad3b10) [0x00007f374fad3d20, 0x00007f374fad4210] Compiler: c1, Barriers: 2, Oops: 1, ImmediateOops: 4, NonImmediateOops: No
[1,174s][debug  ][gc,nmethod  ] Register NMethod: java.security.AccessController.executePrivileged (0x00007f374fad4490) [0x00007f374fad4660, 0x00007f374fad4950] Compiler: c1, Barriers: 0, Oops: 0, ImmediateOops: 0, NonImmediateOops: No
[1,175s][debug  ][gc,nmethod  ] Register NMethod: java.lang.String.<init> (0x00007f374fad4a90) [0x00007f374fad53c0, 0x00007f374fada608] Compiler: c1, Barriers: 43, Oops: 1, ImmediateOops: 8, NonImmediateOops: No
[1,175s][debug  ][gc,nmethod  ] Register NMethod: java.security.AccessController.checkContext (0x00007f374fadc110) [0x00007f374fadc2c0, 0x00007f374fadc490] Compiler: c1, Barriers: 0, Oops: 0, ImmediateOops: 0, NonImmediateOops: No
[1,175s][debug  ][gc,nmethod  ] Register NMethod: java.util.zip.ZipFile$Source.isMetaName (0x00007f376f1db490) [0x00007f376f1db620, 0x00007f376f1db850] Compiler: c2, Barriers: 0, Oops: 0, ImmediateOops: 0, NonImmediateOops: No
[1,176s][debug  ][gc,nmethod  ] Register NMethod: java.util.zip.ZipUtils.LOCSIG (0x00007f374fadc590) [0x00007f374fadc740, 0x00007f374fadc9f8] Compiler: c1, Barriers: 0, Oops: 0, ImmediateOops: 0, NonImmediateOops: No
[1,177s][debug  ][gc,nmethod  ] Register NMethod: java.util.ArrayDeque.poll (0x00007f374fadcb90) [0x00007f374fadcd40, 0x00007f374fadce90] Compiler: c1, Barriers: 0, Oops: 0, ImmediateOops: 0, NonImmediateOops: No
[1,179s][debug  ][gc,nmethod  ] Register NMethod: jdk.internal.perf.PerfCounter.addElapsedTimeFrom (0x00007f374fadcf10) [0x00007f374fadd0c0, 0x00007f374fadd248] Compiler: c1, Barriers: 0, Oops: 0, ImmediateOops: 0, NonImmediateOops: No
[1,179s][debug  ][gc,nmethod  ] Register NMethod: sun.nio.fs.UnixPath.normalizeAndCheck (0x00007f374fadd310) [0x00007f374fadd580, 0x00007f374faddfd0] Compiler: c1, Barriers: 3, Oops: 1, ImmediateOops: 3, NonImmediateOops: No
[1,179s][debug  ][gc,nmethod  ] Register NMethod: java.lang.Runtime$Version.feature (0x00007f374fade410) [0x00007f374fade5c0, 0x00007f374fade8b0] Compiler: c1, Barriers: 1, Oops: 0, ImmediateOops: 0, NonImmediateOops: No
[1,180s][debug  ][gc,nmethod  ] Register NMethod: java.util.zip.ZipFile$Source.isManifestName (0x00007f374fade990) [0x00007f374fadeb60, 0x00007f374fadf0e8] Compiler: c1, Barriers: 1, Oops: 0, ImmediateOops: 0, NonImmediateOops: No
[1,180s][debug  ][gc,nmethod  ] Register NMethod: java.lang.Thread.currentCarrierThread (0x00007f376f1dba10) [0x00007f376f1dbbc0, 0x00007f376f1dbf60] Compiler: , Barriers: 0, Oops: 0, ImmediateOops: 1, NonImmediateOops: No
[1,180s][debug  ][gc,nmethod  ] Register NMethod: java.util.jar.Attributes$Name.hash (0x00007f374fadf290) [0x00007f374fadf520, 0x00007f374fae0240] Compiler: c1, Barriers: 3, Oops: 2, ImmediateOops: 3, NonImmediateOops: No
[1,181s][debug  ][gc,nmethod  ] Register NMethod: java.security.AccessController.doPrivileged (0x00007f374fae0710) [0x00007f374fae0940, 0x00007f374fae0e90] Compiler: c1, Barriers: 0, Oops: 0, ImmediateOops: 0, NonImmediateOops: No
[1,181s][debug  ][gc,director ] Rule Major: Warmup 10%, Used: 48MB, UsedThreshold: 1536MB
[1,181s][debug  ][gc,nmethod  ] Register NMethod: java.util.Arrays.fill (0x00007f374fae1110) [0x00007f374fae12a0, 0x00007f374fae1438] Compiler: c1, Barriers: 0, Oops: 0, ImmediateOops: 0, NonImmediateOops: No
[1,183s][debug  ][gc,nmethod  ] Register NMethod: java.util.zip.ZipFile$Source.initCEN (0x00007f374fae1510) [0x00007f374fae1ac0, 0x00007f374fae4d18] Compiler: c1, Barriers: 39, Oops: 5, ImmediateOops: 8, NonImmediateOops: No
[1,183s][debug  ][gc,nmethod  ] Register NMethod: java.net.URL.lowerCaseProtocol (0x00007f374fae6010) [0x00007f374fae6240, 0x00007f374fae6790] Compiler: c1, Barriers: 2, Oops: 1, ImmediateOops: 8, NonImmediateOops: No
[1,183s][debug  ][gc,nmethod  ] Register NMethod: java.util.LinkedHashMap.linkNodeAtEnd (0x00007f374fae6910) [0x00007f374fae6b00, 0x00007f374fae7160] Compiler: c1, Barriers: 26, Oops: 0, ImmediateOops: 0, NonImmediateOops: No
[1,185s][debug  ][gc,nmethod  ] Register NMethod: jdk.internal.loader.FileURLMapper.getPath (0x00007f374fae7290) [0x00007f374fae74a0, 0x00007f374fae7a80] Compiler: c1, Barriers: 13, Oops: 0, ImmediateOops: 1, NonImmediateOops: No
[1,186s][debug  ][gc,nmethod  ] Register NMethod: java.lang.Class.isInterface (0x00007f376f1dbf90) [0x00007f376f1dc120, 0x00007f376f1dc2f0] Compiler: , Barriers: 0, Oops: 0, ImmediateOops: 0, NonImmediateOops: No
[1,186s][debug  ][gc,nmethod  ] Register NMethod: jdk.internal.org.objectweb.asm.SymbolTable.getMajorVersion (0x00007f376f1dc310) [0x00007f376f1dc4a0, 0x00007f376f1dc560] Compiler: c1, Barriers: 0, Oops: 0, ImmediateOops: 0, NonImmediateOops: No
[1,186s][debug  ][gc,nmethod  ] Register NMethod: jdk.internal.org.objectweb.asm.Handler.getExceptionTableLength (0x00007f374fae7c10) [0x00007f374fae7dc0, 0x00007f374fae7f88] Compiler: c1, Barriers: 1, Oops: 0, ImmediateOops: 0, NonImmediateOops: No
[1,186s][debug  ][gc,nmethod  ] Register NMethod: java.lang.invoke.LambdaForm.forceInterpretation (0x00007f374fae8090) [0x00007f374fae8220, 0x00007f374fae8380] Compiler: c1, Barriers: 0, Oops: 0, ImmediateOops: 0, NonImmediateOops: No
[1,186s][debug  ][gc,nmethod  ] Register NMethod: java.lang.invoke.LambdaForm.uncustomize (0x00007f374fae8410) [0x00007f374fae85e0, 0x00007f374fae8940] Compiler: c1, Barriers: 2, Oops: 0, ImmediateOops: 0, NonImmediateOops: No
[1,186s][debug  ][gc,nmethod  ] Register NMethod: java.lang.invoke.MethodHandles$Lookup.lookupClassOrNull (0x00007f374fae8a10) [0x00007f374fae8bc0, 0x00007f374fae8d70] Compiler: c1, Barriers: 1, Oops: 0, ImmediateOops: 0, NonImmediateOops: No
[1,186s][debug  ][gc,nmethod  ] Register NMethod: java.lang.invoke.MemberName.isConstructor (0x00007f374fae8e10) [0x00007f374fae8fa0, 0x00007f374fae9168] Compiler: c1, Barriers: 0, Oops: 0, ImmediateOops: 0, NonImmediateOops: No
[1,186s][debug  ][gc,nmethod  ] Register NMethod: java.lang.invoke.MethodTypeForm.canonicalize (0x00007f374fae9210) [0x00007f374fae9400, 0x00007f374fae9770] Compiler: c1, Barriers: 2, Oops: 0, ImmediateOops: 0, NonImmediateOops: No
[1,187s][debug  ][gc,nmethod  ] Register NMethod: java.lang.invoke.MethodType$ConcurrentWeakInternSet.add (0x00007f374fae9890) [0x00007f374fae9b00, 0x00007f374faea7c0] Compiler: c1, Barriers: 12, Oops: 0, ImmediateOops: 1, NonImmediateOops: No
[1,190s][debug  ][gc,nmethod  ] Register NMethod: jdk.internal.reflect.ClassFileAssembler.emitByte (0x00007f374faeab90) [0x00007f374faead40, 0x00007f374faeaee8] Compiler: c1, Barriers: 1, Oops: 0, ImmediateOops: 0, NonImmediateOops: No
[1,190s][debug  ][gc,nmethod  ] Register NMethod: jdk.internal.reflect.ByteVectorImpl.add (0x00007f374faeb010) [0x00007f374faeb1c0, 0x00007f374faeb3f8] Compiler: c1, Barriers: 2, Oops: 0, ImmediateOops: 0, NonImmediateOops: No
[1,191s][debug  ][gc,nmethod  ] Register NMethod: java.lang.Class.initClassName (0x00007f376f1dc610) [0x00007f376f1dc7c0, 0x00007f376f1dcb58] Compiler: , Barriers: 0, Oops: 0, ImmediateOops: 0, NonImmediateOops: No
[1,191s][debug  ][gc,nmethod  ] Register NMethod: java.lang.invoke.MemberName.isResolved (0x00007f374faeb510) [0x00007f374faeb6a0, 0x00007f374faeb830] Compiler: c1, Barriers: 1, Oops: 0, ImmediateOops: 0, NonImmediateOops: No
[1,191s][debug  ][gc,nmethod  ] Register NMethod: java.lang.invoke.MethodHandles$Lookup.previousLookupClass (0x00007f376f1dcb90) [0x00007f376f1dcd20, 0x00007f376f1dce10] Compiler: c1, Barriers: 1, Oops: 0, ImmediateOops: 0, NonImmediateOops: No
[1,191s][debug  ][gc,nmethod  ] Register NMethod: java.lang.invoke.MethodHandle.linkToSpecial (0x00007f376f1dce90) [0x00007f376f1dd000, 0x00007f376f1dd0f8] Compiler: , Barriers: 0, Oops: 0, ImmediateOops: 0, NonImmediateOops: No
[1,191s][debug  ][gc,nmethod  ] Register NMethod: jdk.internal.org.objectweb.asm.ByteVector.put122 (0x00007f374faeb890) [0x00007f374faeba40, 0x00007f374faebd18] Compiler: c1, Barriers: 2, Oops: 0, ImmediateOops: 0, NonImmediateOops: No
[1,191s][debug  ][gc,nmethod  ] Register NMethod: java.lang.invoke.LambdaForm$BasicType.basicType (0x00007f374faebe90) [0x00007f374faec140, 0x00007f374faecc00] Compiler: c1, Barriers: 0, Oops: 2, ImmediateOops: 9, NonImmediateOops: No
[1,191s][debug  ][gc,nmethod  ] Register NMethod: java.lang.invoke.MethodHandle.invokeBasic (0x00007f376f1dd190) [0x00007f376f1dd320, 0x00007f376f1dd5b8] Compiler: , Barriers: 0, Oops: 0, ImmediateOops: 0, NonImmediateOops: No
[1,191s][debug  ][gc,nmethod  ] Register NMethod: java.lang.invoke.LambdaForm$BasicType.basicType (0x00007f374faecf10) [0x00007f374faed0e0, 0x00007f374faed310] Compiler: c1, Barriers: 0, Oops: 0, ImmediateOops: 0, NonImmediateOops: No
[1,191s][debug  ][gc,nmethod  ] Register NMethod: sun.invoke.util.Wrapper.basicTypeChar (0x00007f374faed410) [0x00007f374faed5c0, 0x00007f374faed798] Compiler: c1, Barriers: 0, Oops: 0, ImmediateOops: 0, NonImmediateOops: No
[1,191s][debug  ][gc,director ] Rule Major: Warmup 10%, Used: 50MB, UsedThreshold: 1536MB
[1,191s][debug  ][gc,nmethod  ] Register NMethod: java.lang.Class.isAssignableFrom (0x00007f376f1dd610) [0x00007f376f1dd7a0, 0x00007f376f1dd980] Compiler: , Barriers: 0, Oops: 0, ImmediateOops: 0, NonImmediateOops: No
[1,191s][debug  ][gc,nmethod  ] Register NMethod: sun.invoke.util.VerifyAccess.isClassAccessible (0x00007f374faed890) [0x00007f374faedba0, 0x00007f374faeea60] Compiler: c1, Barriers: 3, Oops: 0, ImmediateOops: 3, NonImmediateOops: No
[1,192s][debug  ][gc,nmethod  ] Register NMethod: java.lang.invoke.MethodHandle.<init> (0x00007f374faeee10) [0x00007f374faef020, 0x00007f374faef5c0] Compiler: c1, Barriers: 6, Oops: 0, ImmediateOops: 0, NonImmediateOops: No
[1,192s][debug  ][gc,nmethod  ] Register NMethod: java.lang.ref.SoftReference.get (0x00007f374faef810) [0x00007f374faef9c0, 0x00007f374faefb98] Compiler: c1, Barriers: 2, Oops: 0, ImmediateOops: 1, NonImmediateOops: No
[1,192s][debug  ][gc,nmethod  ] Register NMethod: java.lang.reflect.Method.getName (0x00007f376f1dd990) [0x00007f376f1ddb20, 0x00007f376f1ddc10] Compiler: c1, Barriers: 1, Oops: 0, ImmediateOops: 0, NonImmediateOops: No
[1,192s][debug  ][gc,nmethod  ] Register NMethod: java.lang.invoke.LambdaForm.prepare (0x00007f374faefc10) [0x00007f374faefe80, 0x00007f374faf07a0] Compiler: c1, Barriers: 12, Oops: 0, ImmediateOops: 0, NonImmediateOops: No
[1,192s][debug  ][gc,nmethod  ] Register NMethod: java.lang.invoke.MethodType.genericMethodType (0x00007f374faf0a90) [0x00007f374faf0d40, 0x00007f374faf1a10] Compiler: c1, Barriers: 7, Oops: 1, ImmediateOops: 6, NonImmediateOops: No
[1,192s][debug  ][gc,nmethod  ] Register NMethod: java.lang.Number.<init> (0x00007f374faf1e10) [0x00007f374faf1fa0, 0x00007f374faf2100] Compiler: c1, Barriers: 0, Oops: 0, ImmediateOops: 0, NonImmediateOops: No
[1,192s][debug  ][gc,nmethod  ] Register NMethod: java.lang.Long.<init> (0x00007f374faf2190) [0x00007f374faf2340, 0x00007f374faf2500] Compiler: c1, Barriers: 0, Oops: 0, ImmediateOops: 0, NonImmediateOops: No
[1,192s][debug  ][gc,nmethod  ] Register NMethod: java.lang.invoke.MethodHandle.linkToStatic (0x00007f376f1ddc90) [0x00007f376f1dde00, 0x00007f376f1ddef0] Compiler: , Barriers: 0, Oops: 0, ImmediateOops: 0, NonImmediateOops: No
[1,192s][debug  ][gc,nmethod  ] Register NMethod: java.lang.Class.isHidden (0x00007f376f1ddf90) [0x00007f376f1de120, 0x00007f376f1de2f0] Compiler: , Barriers: 0, Oops: 0, ImmediateOops: 0, NonImmediateOops: No
[1,193s][debug  ][gc,nmethod  ] Register NMethod: java.io.ByteArrayOutputStream.write (0x00007f374faf2610) [0x00007f374faf2800, 0x00007f374faf2cd0] Compiler: c1, Barriers: 1, Oops: 0, ImmediateOops: 0, NonImmediateOops: No
[1,193s][debug  ][gc,nmethod  ] Register NMethod: java.lang.Math.min (0x00007f376f1de310) [0x00007f376f1de480, 0x00007f376f1de4f0] Compiler: c2, Barriers: 0, Oops: 0, ImmediateOops: 0, NonImmediateOops: No
[1,193s][debug  ][gc,nmethod  ] Register NMethod: java.io.ByteArrayOutputStream.ensureCapacity (0x00007f374faf2e90) [0x00007f374faf3060, 0x00007f374faf3450] Compiler: c1, Barriers: 4, Oops: 0, ImmediateOops: 0, NonImmediateOops: No
[1,193s][debug  ][gc,nmethod  ] Register NMethod: java.lang.CharacterDataLatin1.toLowerCase (0x00007f374faf3590) [0x00007f374faf3740, 0x00007f374faf39b8] Compiler: c1, Barriers: 0, Oops: 0, ImmediateOops: 0, NonImmediateOops: No
[1,196s][debug  ][gc,nmethod  ] Register NMethod: java.lang.Enum.name (0x00007f376f1de610) [0x00007f376f1de7a0, 0x00007f376f1de890] Compiler: c1, Barriers: 1, Oops: 0, ImmediateOops: 0, NonImmediateOops: No
[1,197s][debug  ][gc,nmethod  ] Register NMethod: java.lang.CharacterDataLatin1.getProperties (0x00007f374faf3a90) [0x00007f374faf3c20, 0x00007f374faf3d58] Compiler: c1, Barriers: 0, Oops: 0, ImmediateOops: 1, NonImmediateOops: No
[1,197s][debug  ][gc,nmethod  ] Register NMethod: java.lang.CharacterDataLatin1.toUpperCaseEx (0x00007f374faf3e10) [0x00007f374faf3fc0, 0x00007f374faf4270] Compiler: c1, Barriers: 0, Oops: 0, ImmediateOops: 1, NonImmediateOops: No
[1,197s][debug  ][gc,nmethod  ] Register NMethod: java.lang.StringLatin1.canEncode (0x00007f376f1de910) [0x00007f376f1dea80, 0x00007f376f1deb08] Compiler: c2, Barriers: 0, Oops: 0, ImmediateOops: 0, NonImmediateOops: No
[1,197s][debug  ][gc,nmethod  ] Register NMethod: java.util.concurrent.ConcurrentHashMap.put (0x00007f374faf4390) [0x00007f374faf4540, 0x00007f374faf4680] Compiler: c1, Barriers: 0, Oops: 0, ImmediateOops: 0, NonImmediateOops: No
[1,198s][debug  ][gc,nmethod  ] Register NMethod: sun.util.locale.BaseLocale.getLanguage (0x00007f376f1dec10) [0x00007f376f1deda0, 0x00007f376f1dee90] Compiler: c1, Barriers: 1, Oops: 0, ImmediateOops: 0, NonImmediateOops: No
[1,199s][debug  ][gc,nmethod  ] Register NMethod: sun.security.util.KnownOIDs.registerNames (0x00007f376f1def10) [0x00007f376f1df0a0, 0x00007f376f1df160] Compiler: c1, Barriers: 0, Oops: 0, ImmediateOops: 0, NonImmediateOops: No
[1,199s][debug  ][gc,nmethod  ] Register NMethod: java.lang.StringLatin1.toUpperCase (0x00007f374faf4710) [0x00007f374faf49a0, 0x00007f374faf54e8] Compiler: c1, Barriers: 5, Oops: 0, ImmediateOops: 5, NonImmediateOops: No
[1,200s][debug  ][gc,nmethod  ] Register NMethod: java.util.Objects.nonNull (0x00007f374faf5910) [0x00007f374faf5aa0, 0x00007f374faf5be0] Compiler: c1, Barriers: 0, Oops: 0, ImmediateOops: 0, NonImmediateOops: No
[1,200s][debug  ][gc,nmethod  ] Register NMethod: java.lang.String.toUpperCase (0x00007f374faf5c90) [0x00007f374faf5e60, 0x00007f374faf6170] Compiler: c1, Barriers: 2, Oops: 0, ImmediateOops: 0, NonImmediateOops: No
[1,201s][debug  ][gc,nmethod  ] Register NMethod: java.util.Locale.getLanguage (0x00007f374faf6290) [0x00007f374faf6420, 0x00007f374faf65a0] Compiler: c1, Barriers: 2, Oops: 0, ImmediateOops: 0, NonImmediateOops: No
[1,201s][debug  ][gc,nmethod  ] Register NMethod: java.util.LinkedHashMap.newNode (0x00007f374faf6690) [0x00007f374faf6840, 0x00007f374faf6a30] Compiler: c1, Barriers: 0, Oops: 0, ImmediateOops: 0, NonImmediateOops: No
[1,201s][debug  ][gc,nmethod  ] Register NMethod: java.util.LinkedHashMap.afterNodeInsertion (0x00007f374faf6b90) [0x00007f374faf6d40, 0x00007f374faf6f60] Compiler: c1, Barriers: 1, Oops: 0, ImmediateOops: 0, NonImmediateOops: No
[1,201s][debug  ][gc,nmethod  ] Register NMethod: java.util.LinkedHashMap$Entry.<init> (0x00007f374faf7010) [0x00007f374faf71c0, 0x00007f374faf74e0] Compiler: c1, Barriers: 9, Oops: 0, ImmediateOops: 0, NonImmediateOops: No
[1,201s][debug  ][gc,nmethod  ] Register NMethod: java.util.AbstractList.<init> (0x00007f374faf7610) [0x00007f374faf77c0, 0x00007f374faf7988] Compiler: c1, Barriers: 0, Oops: 0, ImmediateOops: 0, NonImmediateOops: No
[1,201s][debug  ][gc,nmethod  ] Register NMethod: java.util.HashMap$EntryIterator.next (0x00007f374faf7a90) [0x00007f374faf7c40, 0x00007f374faf7dd8] Compiler: c1, Barriers: 0, Oops: 0, ImmediateOops: 0, NonImmediateOops: No
[1,201s][debug  ][gc,nmethod  ] Register NMethod: java.util.HashMap$EntryIterator.next (0x00007f374faf7e90) [0x00007f374faf8040, 0x00007f374faf8178] Compiler: c1, Barriers: 0, Oops: 0, ImmediateOops: 0, NonImmediateOops: No
[1,201s][debug  ][gc,director ] Rule Major: Warmup 10%, Used: 50MB, UsedThreshold: 1536MB
[1,201s][debug  ][gc,nmethod  ] Register NMethod: java.util.concurrent.ConcurrentHashMap$Node.<init> (0x00007f374faf8210) [0x00007f374faf83c0, 0x00007f374faf86f0] Compiler: c1, Barriers: 9, Oops: 0, ImmediateOops: 0, NonImmediateOops: No
[1,201s][debug  ][gc,nmethod  ] Register NMethod: java.util.ArrayList$Itr.hasNext (0x00007f374faf8810) [0x00007f374faf89a0, 0x00007f374faf8b40] Compiler: c1, Barriers: 1, Oops: 0, ImmediateOops: 0, NonImmediateOops: No
[1,201s][debug  ][gc,nmethod  ] Register NMethod: java.util.Properties.put (0x00007f374faf8c10) [0x00007f374faf8dc0, 0x00007f374faf9080] Compiler: c1, Barriers: 1, Oops: 0, ImmediateOops: 0, NonImmediateOops: No
[1,202s][debug  ][gc,nmethod  ] Register NMethod: java.lang.CharacterDataLatin1.toUpperCaseEx (0x00007f376f1df210) [0x00007f376f1df3a0, 0x00007f376f1df490] Compiler: c2, Barriers: 0, Oops: 1, ImmediateOops: 1, NonImmediateOops: No
[1,202s][debug  ][gc,nmethod  ] Register NMethod: sun.security.util.KnownOIDs.register (0x00007f374faf9190) [0x00007f374faf9b00, 0x00007f374fafe530] Compiler: c1, Barriers: 30, Oops: 7, ImmediateOops: 22, NonImmediateOops: No
[1,202s][debug  ][gc,nmethod  ] Register NMethod: java.lang.Integer.rotateLeft (0x00007f374fafff90) [0x00007f374fb00120, 0x00007f374fb00218] Compiler: c1, Barriers: 0, Oops: 0, ImmediateOops: 0, NonImmediateOops: No
[1,202s][debug  ][gc,nmethod  ] Register NMethod: java.lang.Integer.rotateLeft (0x00007f376f1df590) [0x00007f376f1df700, 0x00007f376f1df770] Compiler: c2, Barriers: 0, Oops: 0, ImmediateOops: 0, NonImmediateOops: No
[1,202s][debug  ][gc,nmethod  ] Register NMethod: java.lang.invoke.VarForm.getMemberName (0x00007f374fb00290) [0x00007f374fb00460, 0x00007f374fb00760] Compiler: c1, Barriers: 2, Oops: 0, ImmediateOops: 0, NonImmediateOops: No
[1,202s][debug  ][gc,nmethod  ] Register NMethod: jdk.internal.misc.Unsafe.getIntUnaligned (0x00007f374fb00890) [0x00007f374fb00a80, 0x00007f374fb00f10] Compiler: c1, Barriers: 0, Oops: 0, ImmediateOops: 0, NonImmediateOops: No
[1,202s][debug  ][gc,nmethod  ] Register NMethod: java.lang.invoke.VarHandle.checkAccessModeThenIsDirect (0x00007f374fb01090) [0x00007f374fb012c0, 0x00007f374fb01c48] Compiler: c1, Barriers: 10, Oops: 0, ImmediateOops: 1, NonImmediateOops: No
[1,202s][debug  ][gc,nmethod  ] Register NMethod: java.lang.invoke.VarHandleByteArrayAsInts$ArrayHandle.index (0x00007f374fb01f10) [0x00007f374fb020a0, 0x00007f374fb021e0] Compiler: c1, Barriers: 0, Oops: 1, ImmediateOops: 1, NonImmediateOops: No
[1,202s][debug  ][gc,nmethod  ] Register NMethod: jdk.internal.misc.Unsafe.convEndian (0x00007f374fb02310) [0x00007f374fb024a0, 0x00007f374fb02658] Compiler: c1, Barriers: 0, Oops: 0, ImmediateOops: 0, NonImmediateOops: No
[1,202s][debug  ][gc,nmethod  ] Register NMethod: java.lang.Integer.reverseBytes (0x00007f374fb02710) [0x00007f374fb028a0, 0x00007f374fb029b0] Compiler: c1, Barriers: 0, Oops: 0, ImmediateOops: 0, NonImmediateOops: No
[1,202s][debug  ][gc,nmethod  ] Register NMethod: java.lang.invoke.VarHandle.accessModeType (0x00007f374fb02a10) [0x00007f374fb02c20, 0x00007f374fb03438] Compiler: c1, Barriers: 9, Oops: 0, ImmediateOops: 1, NonImmediateOops: No
[1,202s][debug  ][gc,nmethod  ] Register NMethod: java.lang.invoke.VarHandleByteArrayAsInts$ArrayHandle.get (0x00007f374fb03690) [0x00007f374fb03860, 0x00007f374fb03c58] Compiler: c1, Barriers: 0, Oops: 2, ImmediateOops: 2, NonImmediateOops: No
[1,203s][debug  ][gc,nmethod  ] Register NMethod: jdk.internal.misc.Unsafe.getIntUnaligned (0x00007f374fb03e10) [0x00007f374fb03fc0, 0x00007f374fb04218] Compiler: c1, Barriers: 0, Oops: 0, ImmediateOops: 0, NonImmediateOops: No
[1,203s][debug  ][gc,nmethod  ] Register NMethod: java.lang.AbstractStringBuilder.ensureCapacityInternal (0x00007f376f1df890) [0x00007f376f1dfa40, 0x00007f376f1dfef0] Compiler: c2, Barriers: 4, Oops: 0, ImmediateOops: 0, NonImmediateOops: No
[1,203s][debug  ][gc,nmethod  ] Register NMethod: java.lang.Float.isNaN (0x00007f374fb04310) [0x00007f374fb044a0, 0x00007f374fb04600] Compiler: c1, Barriers: 0, Oops: 0, ImmediateOops: 0, NonImmediateOops: No
[1,203s][debug  ][gc,nmethod  ] Register NMethod: java.lang.invoke.MethodHandle.invokeBasic (0x00007f376f1e0110) [0x00007f376f1e02a0, 0x00007f376f1e0538] Compiler: , Barriers: 0, Oops: 0, ImmediateOops: 0, NonImmediateOops: No
[1,203s][debug  ][gc,nmethod  ] Register NMethod: java.util.WeakHashMap.put (0x00007f374fb04690) [0x00007f374fb04960, 0x00007f374fb05ae0] Compiler: c1, Barriers: 26, Oops: 0, ImmediateOops: 2, NonImmediateOops: No
[1,203s][debug  ][gc,nmethod  ] Register NMethod: java.lang.invoke.VarHandleGuards.guard_LI_I (0x00007f374fb06010) [0x00007f374fb06380, 0x00007f374fb07ea8] Compiler: c1, Barriers: 26, Oops: 0, ImmediateOops: 1, NonImmediateOops: No
[1,203s][debug  ][gc,nmethod  ] Register NMethod: jdk.internal.reflect.ClassFileAssembler.emitShort (0x00007f374fb08610) [0x00007f374fb087e0, 0x00007f374fb08b38] Compiler: c1, Barriers: 2, Oops: 0, ImmediateOops: 0, NonImmediateOops: No
[1,203s][debug  ][gc,nmethod  ] Register NMethod: jdk.internal.reflect.ClassFileAssembler.cpi (0x00007f374fb08d10) [0x00007f374fb08ec0, 0x00007f374fb090d8] Compiler: c1, Barriers: 0, Oops: 0, ImmediateOops: 1, NonImmediateOops: No
[1,204s][debug  ][gc,nmethod  ] Register NMethod: java.lang.Throwable.fillInStackTrace (0x00007f376f1e0590) [0x00007f376f1e0740, 0x00007f376f1e0ad8] Compiler: , Barriers: 0, Oops: 0, ImmediateOops: 0, NonImmediateOops: No
[1,204s][debug  ][gc,nmethod  ] Register NMethod: java.util.Arrays.equals (0x00007f374fb09190) [0x00007f374fb09380, 0x00007f374fb09970] Compiler: c1, Barriers: 2, Oops: 0, ImmediateOops: 0, NonImmediateOops: No
[1,204s][debug  ][gc,nmethod  ] Register NMethod: java.lang.Throwable.fillInStackTrace (0x00007f374fb09b10) [0x00007f374fb09cc0, 0x00007f374fb0a028] Compiler: c1, Barriers: 5, Oops: 0, ImmediateOops: 1, NonImmediateOops: No
[1,204s][debug  ][gc,nmethod  ] Register NMethod: java.lang.StringBuilder.<init> (0x00007f374fb0a110) [0x00007f374fb0a2c0, 0x00007f374fb0a3f8] Compiler: c1, Barriers: 0, Oops: 0, ImmediateOops: 0, NonImmediateOops: No
[1,204s][debug  ][gc,nmethod  ] Register NMethod: java.lang.Math.min (0x00007f374fb0a490) [0x00007f374fb0a620, 0x00007f374fb0a750] Compiler: c1, Barriers: 0, Oops: 0, ImmediateOops: 0, NonImmediateOops: No
[1,204s][debug  ][gc,nmethod  ] Register NMethod: java.util.Collections$SetFromMap.add (0x00007f374fb0a810) [0x00007f374fb0a9c0, 0x00007f374fb0ac20] Compiler: c1, Barriers: 1, Oops: 0, ImmediateOops: 1, NonImmediateOops: No
[1,204s][debug  ][gc,nmethod  ] Register NMethod: java.nio.DirectLongBufferU.ix (0x00007f376f1e0b10) [0x00007f376f1e0c80, 0x00007f376f1e0d00] Compiler: c2, Barriers: 0, Oops: 0, ImmediateOops: 0, NonImmediateOops: No
[1,204s][debug  ][gc,nmethod  ] Register NMethod: jdk.internal.reflect.UTF8.utf8Length (0x00007f374fb0ad10) [0x00007f374fb0af40, 0x00007f374fb0b840] Compiler: c1, Barriers: 3, Oops: 1, ImmediateOops: 2, NonImmediateOops: No
[1,204s][debug  ][gc,nmethod  ] Register NMethod: jdk.internal.reflect.ByteVectorImpl.getLength (0x00007f374fb0bb90) [0x00007f374fb0bd20, 0x00007f374fb0be28] Compiler: c1, Barriers: 0, Oops: 0, ImmediateOops: 0, NonImmediateOops: No
[1,205s][debug  ][gc,nmethod  ] Register NMethod: java.util.WeakHashMap.matchesKey (0x00007f374fb0be90) [0x00007f374fb0c080, 0x00007f374fb0c580] Compiler: c1, Barriers: 2, Oops: 0, ImmediateOops: 0, NonImmediateOops: No
[1,205s][debug  ][gc,nmethod  ] Register NMethod: jdk.internal.reflect.UTF8.encode (0x00007f374fb0c710) [0x00007f374fb0c980, 0x00007f374fb0d5a8] Compiler: c1, Barriers: 3, Oops: 1, ImmediateOops: 3, NonImmediateOops: No
[1,205s][debug  ][gc,nmethod  ] Register NMethod: jdk.internal.reflect.ClassFileAssembler.emitConstantPoolUTF8 (0x00007f374fb0db90) [0x00007f374fb0dde0, 0x00007f374fb0e4f8] Compiler: c1, Barriers: 4, Oops: 0, ImmediateOops: 0, NonImmediateOops: No
[1,205s][debug  ][gc,nmethod  ] Register NMethod: java.io.ObjectStreamField.getName (0x00007f376f1e0e10) [0x00007f376f1e0fa0, 0x00007f376f1e1090] Compiler: c1, Barriers: 1, Oops: 0, ImmediateOops: 0, NonImmediateOops: No
[1,205s][debug  ][gc,nmethod  ] Register NMethod: java.util.HashMap.tableSizeFor (0x00007f374fb0e890) [0x00007f374fb0ea40, 0x00007f374fb0ec48] Compiler: c1, Barriers: 0, Oops: 0, ImmediateOops: 0, NonImmediateOops: No
[1,205s][debug  ][gc,nmethod  ] Register NMethod: java.lang.reflect.Modifier.isStatic (0x00007f374fb0ed10) [0x00007f374fb0eea0, 0x00007f374fb0efe0] Compiler: c1, Barriers: 0, Oops: 0, ImmediateOops: 0, NonImmediateOops: No
[1,205s][debug  ][gc,nmethod  ] Register NMethod: java.lang.Class.descriptorString (0x00007f374fb0f090) [0x00007f374fb0f520, 0x00007f374fb10d90] Compiler: c1, Barriers: 7, Oops: 1, ImmediateOops: 1, NonImmediateOops: No
[1,205s][debug  ][gc,nmethod  ] Register NMethod: java.lang.invoke.MethodHandle.invokeBasic (0x00007f376f1e1110) [0x00007f376f1e12a0, 0x00007f376f1e1538] Compiler: , Barriers: 0, Oops: 0, ImmediateOops: 0, NonImmediateOops: No
[1,205s][debug  ][gc,nmethod  ] Register NMethod: java.lang.invoke.MethodHandle.linkToSpecial (0x00007f376f1e1590) [0x00007f376f1e1700, 0x00007f376f1e17f8] Compiler: , Barriers: 0, Oops: 0, ImmediateOops: 0, NonImmediateOops: No
[1,205s][debug  ][gc,nmethod  ] Register NMethod: java.lang.invoke.MemberName.flagsMods (0x00007f374fb11710) [0x00007f374fb118a0, 0x00007f374fb119a0] Compiler: c1, Barriers: 0, Oops: 0, ImmediateOops: 0, NonImmediateOops: No
[1,205s][debug  ][gc,nmethod  ] Register NMethod: java.lang.invoke.MemberName.init (0x00007f374fb11a10) [0x00007f374fb11bc0, 0x00007f374fb11e38] Compiler: c1, Barriers: 9, Oops: 0, ImmediateOops: 0, NonImmediateOops: No
[1,206s][debug  ][gc,nmethod  ] Register NMethod: java.lang.invoke.MemberName.getMethodOrFieldType (0x00007f374fb11f10) [0x00007f374fb12260, 0x00007f374fb13058] Compiler: c1, Barriers: 0, Oops: 2, ImmediateOops: 4, NonImmediateOops: No
[1,206s][debug  ][gc,nmethod  ] Register NMethod: java.lang.String.getBytes (0x00007f376f1e1890) [0x00007f376f1e1a20, 0x00007f376f1e1bc8] Compiler: c2, Barriers: 1, Oops: 0, ImmediateOops: 0, NonImmediateOops: No
[1,206s][debug  ][gc,nmethod  ] Register NMethod: jdk.internal.reflect.ByteVectorImpl.get (0x00007f374fb13590) [0x00007f374fb13740, 0x00007f374fb13970] Compiler: c1, Barriers: 2, Oops: 0, ImmediateOops: 0, NonImmediateOops: No
[1,206s][debug  ][gc,nmethod  ] Register NMethod: jdk.internal.reflect.ByteVectorImpl.add (0x00007f376f1e1d10) [0x00007f376f1e1ea0, 0x00007f376f1e2038] Compiler: c2, Barriers: 2, Oops: 0, ImmediateOops: 0, NonImmediateOops: No
[1,207s][debug  ][gc,nmethod  ] Register NMethod: java.lang.invoke.MethodHandle.invokeBasic (0x00007f376f1e2190) [0x00007f376f1e2320, 0x00007f376f1e25b8] Compiler: , Barriers: 0, Oops: 0, ImmediateOops: 0, NonImmediateOops: No
[1,207s][debug  ][gc,nmethod  ] Register NMethod: java.lang.invoke.MemberName.isStatic (0x00007f374fb13a90) [0x00007f374fb13c20, 0x00007f374fb13de0] Compiler: c1, Barriers: 0, Oops: 0, ImmediateOops: 0, NonImmediateOops: No
[1,207s][debug  ][gc,nmethod  ] Register NMethod: java.lang.invoke.LambdaForm.argument (0x00007f374fb13e90) [0x00007f374fb14060, 0x00007f374fb14328] Compiler: c1, Barriers: 2, Oops: 0, ImmediateOops: 1, NonImmediateOops: No
[1,207s][debug  ][gc,nmethod  ] Register NMethod: java.lang.invoke.MethodHandle.linkToStatic (0x00007f376f1e2610) [0x00007f376f1e2780, 0x00007f376f1e2870] Compiler: , Barriers: 0, Oops: 0, ImmediateOops: 0, NonImmediateOops: No
[1,207s][debug  ][gc,nmethod  ] Register NMethod: java.lang.invoke.LambdaForm$Name.initIndex (0x00007f374fb14490) [0x00007f374fb14620, 0x00007f374fb147c8] Compiler: c1, Barriers: 0, Oops: 0, ImmediateOops: 0, NonImmediateOops: No
[1,207s][debug  ][gc,nmethod  ] Register NMethod: java.lang.invoke.MethodHandle.invokeBasic (0x00007f376f1e2910) [0x00007f376f1e2aa0, 0x00007f376f1e2d38] Compiler: , Barriers: 0, Oops: 0, ImmediateOops: 0, NonImmediateOops: No
[1,208s][debug  ][gc,nmethod  ] Register NMethod: jdk.internal.org.objectweb.asm.Type.getArgumentsAndReturnSizes (0x00007f374fb14890) [0x00007f374fb14c80, 0x00007f374fb16a28] Compiler: c1, Barriers: 10, Oops: 1, ImmediateOops: 10, NonImmediateOops: No
[1,209s][debug  ][gc,nmethod  ] Register NMethod: java.lang.reflect.Field.getName (0x00007f376f1e2d90) [0x00007f376f1e2f20, 0x00007f376f1e3010] Compiler: c1, Barriers: 1, Oops: 0, ImmediateOops: 0, NonImmediateOops: No
[1,210s][debug  ][gc,nmethod  ] Register NMethod: java.io.ObjectStreamField.getSignature (0x00007f374fb17510) [0x00007f374fb176e0, 0x00007f374fb17a18] Compiler: c1, Barriers: 6, Oops: 0, ImmediateOops: 0, NonImmediateOops: No
[1,210s][debug  ][gc,nmethod  ] Register NMethod: jdk.internal.reflect.AccessorGenerator.sub (0x00007f374fb17b10) [0x00007f374fb17ca0, 0x00007f374fb17d90] Compiler: c1, Barriers: 0, Oops: 0, ImmediateOops: 0, NonImmediateOops: No
[1,210s][debug  ][gc,nmethod  ] Register NMethod: jdk.internal.reflect.ClassFileAssembler.setStack (0x00007f374fb17e10) [0x00007f374fb17fa0, 0x00007f374fb180e0] Compiler: c1, Barriers: 0, Oops: 0, ImmediateOops: 0, NonImmediateOops: No
[1,210s][debug  ][gc,nmethod  ] Register NMethod: jdk.internal.reflect.ClassFileAssembler.emitByte (0x00007f376f1e3090) [0x00007f376f1e3240, 0x00007f376f1e3470] Compiler: c2, Barriers: 3, Oops: 0, ImmediateOops: 0, NonImmediateOops: No
[1,210s][debug  ][gc,nmethod  ] Register NMethod: jdk.internal.reflect.ClassFileAssembler.emitConstantPoolMethodref (0x00007f374fb18190) [0x00007f374fb183e0, 0x00007f374fb18b58] Compiler: c1, Barriers: 5, Oops: 0, ImmediateOops: 0, NonImmediateOops: No
[1,210s][debug  ][gc,nmethod  ] Register NMethod: java.lang.invoke.MethodType.rtype (0x00007f376f1e3610) [0x00007f376f1e37a0, 0x00007f376f1e3890] Compiler: c1, Barriers: 1, Oops: 0, ImmediateOops: 0, NonImmediateOops: No
[1,211s][debug  ][gc,nmethod  ] Register NMethod: jdk.internal.reflect.ClassFileAssembler.emitConstantPoolNameAndType (0x00007f374fb18f10) [0x00007f374fb19160, 0x00007f374fb198b8] Compiler: c1, Barriers: 5, Oops: 0, ImmediateOops: 0, NonImmediateOops: No
[1,211s][debug  ][gc,nmethod  ] Register NMethod: java.lang.Class.getReflectionFactory (0x00007f374fb19c90) [0x00007f374fb19ec0, 0x00007f374fb1a5d0] Compiler: c1, Barriers: 4, Oops: 1, ImmediateOops: 4, NonImmediateOops: No
[1,211s][debug  ][gc,nmethod  ] Register NMethod: java.lang.invoke.MethodHandleNatives.resolve (0x00007f376f1e3910) [0x00007f376f1e3ac0, 0x00007f376f1e3e98] Compiler: , Barriers: 0, Oops: 0, ImmediateOops: 1, NonImmediateOops: No
[1,211s][debug  ][gc,nmethod  ] Register NMethod: java.lang.invoke.MemberName$Factory.resolve (0x00007f374fb1a890) [0x00007f374fb1aae0, 0x00007f374fb1b250] Compiler: c1, Barriers: 7, Oops: 0, ImmediateOops: 0, NonImmediateOops: No
[1,211s][debug  ][gc,nmethod  ] Register NMethod: jdk.internal.loader.URLClassPath$Loader.getBaseURL (0x00007f376f1e3f10) [0x00007f376f1e40a0, 0x00007f376f1e4190] Compiler: c1, Barriers: 1, Oops: 0, ImmediateOops: 0, NonImmediateOops: No
[1,211s][debug  ][gc,director ] Rule Major: Warmup 10%, Used: 50MB, UsedThreshold: 1536MB
[1,211s][debug  ][gc,nmethod  ] Register NMethod: java.net.URL.getDefaultPort (0x00007f374fb1b590) [0x00007f374fb1b740, 0x00007f374fb1b950] Compiler: c1, Barriers: 1, Oops: 0, ImmediateOops: 0, NonImmediateOops: No
[1,212s][debug  ][gc,nmethod  ] Register NMethod: sun.net.www.protocol.jar.Handler.checkNestedProtocol (0x00007f374fb1ba10) [0x00007f374fb1bbc0, 0x00007f374fb1bd98] Compiler: c1, Barriers: 0, Oops: 0, ImmediateOops: 2, NonImmediateOops: No
[1,212s][debug  ][gc,nmethod  ] Register NMethod: java.net.URL.toString (0x00007f374fb1be90) [0x00007f374fb1c040, 0x00007f374fb1c290] Compiler: c1, Barriers: 1, Oops: 0, ImmediateOops: 0, NonImmediateOops: No
[1,212s][debug  ][gc,nmethod  ] Register NMethod: java.net.URL.toExternalForm (0x00007f374fb1c390) [0x00007f374fb1c540, 0x00007f374fb1c730] Compiler: c1, Barriers: 1, Oops: 0, ImmediateOops: 0, NonImmediateOops: No
[1,212s][debug  ][gc,nmethod  ] Register NMethod: java.lang.StringBuilder.append (0x00007f376f1e4210) [0x00007f376f1e43e0, 0x00007f376f1e4b68] Compiler: c2, Barriers: 7, Oops: 0, ImmediateOops: 0, NonImmediateOops: No
[1,212s][debug  ][gc,nmethod  ] Register NMethod: java.net.URLStreamHandler.toExternalForm (0x00007f374fb1c810) [0x00007f374fb1cc00, 0x00007f374fb1e208] Compiler: c1, Barriers: 6, Oops: 1, ImmediateOops: 5, NonImmediateOops: No
[1,212s][debug  ][gc,nmethod  ] Register NMethod: java.util.Arrays.mismatch (0x00007f374fb1ea10) [0x00007f374fb1ebe0, 0x00007f374fb1eef8] Compiler: c1, Barriers: 0, Oops: 0, ImmediateOops: 0, NonImmediateOops: No
[1,212s][debug  ][gc,nmethod  ] Register NMethod: java.util.WeakHashMap.getTable (0x00007f374fb1f090) [0x00007f374fb1f240, 0x00007f374fb1f3b8] Compiler: c1, Barriers: 1, Oops: 0, ImmediateOops: 0, NonImmediateOops: No
[1,212s][debug  ][gc,nmethod  ] Register NMethod: java.util.zip.ZipCoder$UTF8ZipCoder.compare (0x00007f374fb1f490) [0x00007f374fb1f700, 0x00007f374fb202e8] Compiler: c1, Barriers: 1, Oops: 1, ImmediateOops: 6, NonImmediateOops: No
[1,213s][debug  ][gc,nmethod  ] Register NMethod: java.util.zip.ZipFile$ZipFileInputStream.<init> (0x00007f374fb20810) [0x00007f374fb20a60, 0x00007f374fb21510] Compiler: c1, Barriers: 5, Oops: 0, ImmediateOops: 0, NonImmediateOops: No
[1,213s][debug  ][gc,nmethod  ] Register NMethod: java.util.WeakHashMap.remove (0x00007f374fb21990) [0x00007f374fb21c00, 0x00007f374fb227e0] Compiler: c1, Barriers: 12, Oops: 0, ImmediateOops: 1, NonImmediateOops: No
[1,213s][debug  ][gc,nmethod  ] Register NMethod: java.util.zip.ZipFile.getInputStream (0x00007f374fb22c10) [0x00007f374fb22f40, 0x00007f374fb24258] Compiler: c1, Barriers: 9, Oops: 1, ImmediateOops: 2, NonImmediateOops: No
[1,213s][debug  ][gc,nmethod  ] Register NMethod: java.util.zip.ZipUtils.CENOFF (0x00007f374fb24d10) [0x00007f374fb24ec0, 0x00007f374fb25188] Compiler: c1, Barriers: 0, Oops: 0, ImmediateOops: 0, NonImmediateOops: No
[1,213s][debug  ][gc,nmethod  ] Register NMethod: java.util.zip.ZipFile.ensureOpenOrZipException (0x00007f374fb25310) [0x00007f374fb254c0, 0x00007f374fb25688] Compiler: c1, Barriers: 0, Oops: 0, ImmediateOops: 1, NonImmediateOops: No
[1,213s][debug  ][gc,nmethod  ] Register NMethod: jdk.internal.ref.PhantomCleanable.remove (0x00007f374fb25790) [0x00007f374fb25960, 0x00007f374fb25ea0] Compiler: c1, Barriers: 16, Oops: 0, ImmediateOops: 0, NonImmediateOops: No
[1,213s][debug  ][gc,nmethod  ] Register NMethod: java.util.zip.ZipFile$ZipFileInputStream.read (0x00007f374fb26010) [0x00007f374fb26240, 0x00007f374fb269e0] Compiler: c1, Barriers: 5, Oops: 0, ImmediateOops: 1, NonImmediateOops: No
[1,213s][debug  ][gc,nmethod  ] Register NMethod: java.util.zip.ZipEntry.getCrc (0x00007f376f1e4f90) [0x00007f376f1e5120, 0x00007f376f1e51e0] Compiler: c1, Barriers: 0, Oops: 0, ImmediateOops: 0, NonImmediateOops: No
[1,213s][debug  ][gc,nmethod  ] Register NMethod: java.util.zip.ZipFile$ZipFileInputStream.initDataOffset (0x00007f374fb26d90) [0x00007f374fb26fc0, 0x00007f374fb277c8] Compiler: c1, Barriers: 3, Oops: 0, ImmediateOops: 2, NonImmediateOops: No
[1,213s][debug  ][gc,nmethod  ] Register NMethod: java.util.zip.Inflater.needsInput (0x00007f374fb27b10) [0x00007f374fb27cc0, 0x00007f374fb280d0] Compiler: c1, Barriers: 2, Oops: 0, ImmediateOops: 0, NonImmediateOops: No
[1,213s][debug  ][gc,nmethod  ] Register NMethod: java.util.concurrent.ConcurrentHashMap.setTabAt (0x00007f376f1e5290) [0x00007f376f1e5400, 0x00007f376f1e5508] Compiler: c2, Barriers: 3, Oops: 0, ImmediateOops: 0, NonImmediateOops: No
[1,213s][debug  ][gc,nmethod  ] Register NMethod: java.lang.String.indexOf (0x00007f374fb28210) [0x00007f374fb283e0, 0x00007f374fb286d0] Compiler: c1, Barriers: 1, Oops: 0, ImmediateOops: 0, NonImmediateOops: No
[1,213s][debug  ][gc,nmethod  ] Register NMethod: java.lang.String.indexOf (0x00007f374fb28810) [0x00007f374fb28a40, 0x00007f374fb29010] Compiler: c1, Barriers: 1, Oops: 0, ImmediateOops: 0, NonImmediateOops: No
[1,214s][debug  ][gc,nmethod  ] Register NMethod: java.lang.Math.max (0x00007f374fb29210) [0x00007f374fb293a0, 0x00007f374fb294d0] Compiler: c1, Barriers: 0, Oops: 0, ImmediateOops: 0, NonImmediateOops: No
[1,214s][debug  ][gc,nmethod  ] Register NMethod: java.lang.Math.clamp (0x00007f374fb29590) [0x00007f374fb297e0, 0x00007f374fb29fa0] Compiler: c1, Barriers: 0, Oops: 1, ImmediateOops: 1, NonImmediateOops: No
[1,214s][debug  ][gc,nmethod  ] Register NMethod: java.lang.ClassLoader.findBootstrapClass (0x00007f376f1e5590) [0x00007f376f1e5740, 0x00007f376f1e5af0] Compiler: , Barriers: 0, Oops: 0, ImmediateOops: 1, NonImmediateOops: No
[1,214s][debug  ][gc,nmethod  ] Register NMethod: java.lang.ClassLoader.findBootstrapClassOrNull (0x00007f374fb2a310) [0x00007f374fb2a4c0, 0x00007f374fb2a678] Compiler: c1, Barriers: 0, Oops: 0, ImmediateOops: 0, NonImmediateOops: No
[1,214s][debug  ][gc,nmethod  ] Register NMethod: java.lang.System$2.findBootstrapClassOrNull (0x00007f374fb2a710) [0x00007f374fb2a8c0, 0x00007f374fb2aad8] Compiler: c1, Barriers: 0, Oops: 0, ImmediateOops: 0, NonImmediateOops: No
[1,214s][debug  ][gc,nmethod  ] Register NMethod: java.util.jar.JarFile.entryFor (0x00007f374fb2ac10) [0x00007f374fb2ade0, 0x00007f374fb2b160] Compiler: c1, Barriers: 6, Oops: 0, ImmediateOops: 0, NonImmediateOops: No
[1,214s][debug  ][gc,nmethod  ] Register NMethod: java.util.jar.JavaUtilJarAccessImpl.entryFor (0x00007f374fb2b290) [0x00007f374fb2b460, 0x00007f374fb2b858] Compiler: c1, Barriers: 6, Oops: 0, ImmediateOops: 0, NonImmediateOops: No
[1,214s][debug  ][gc,nmethod  ] Register NMethod: java.lang.StringLatin1.replace (0x00007f376f1e5b10) [0x00007f376f1e5ce0, 0x00007f376f1e62b0] Compiler: c2, Barriers: 2, Oops: 0, ImmediateOops: 2, NonImmediateOops: No
[1,214s][debug  ][gc,nmethod  ] Register NMethod: java.util.jar.JarFile$JarFileEntry.<init> (0x00007f374fb2ba10) [0x00007f374fb2bbc0, 0x00007f374fb2be78] Compiler: c1, Barriers: 6, Oops: 0, ImmediateOops: 0, NonImmediateOops: No
[1,214s][debug  ][gc,nmethod  ] Register NMethod: java.util.jar.JarEntry.<init> (0x00007f374fb2bf90) [0x00007f374fb2c140, 0x00007f374fb2c278] Compiler: c1, Barriers: 0, Oops: 0, ImmediateOops: 0, NonImmediateOops: No
[1,214s][debug  ][gc,nmethod  ] Register NMethod: java.util.zip.ZipUtils.CENTIM (0x00007f374fb2c310) [0x00007f374fb2c4c0, 0x00007f374fb2c788] Compiler: c1, Barriers: 0, Oops: 0, ImmediateOops: 0, NonImmediateOops: No
[1,214s][debug  ][gc,nmethod  ] Register NMethod: java.util.zip.ZipEntry.<init> (0x00007f374fb2c910) [0x00007f374fb2cb00, 0x00007f374fb2d0c0] Compiler: c1, Barriers: 4, Oops: 1, ImmediateOops: 2, NonImmediateOops: No
[1,214s][debug  ][gc,nmethod  ] Register NMethod: java.util.zip.ZipUtils.CENCRC (0x00007f374fb2d310) [0x00007f374fb2d4c0, 0x00007f374fb2d788] Compiler: c1, Barriers: 0, Oops: 0, ImmediateOops: 0, NonImmediateOops: No
[1,214s][debug  ][gc,nmethod  ] Register NMethod: java.util.zip.ZipUtils.CENVEM_FA (0x00007f374fb2d910) [0x00007f374fb2daa0, 0x00007f374fb2dc10] Compiler: c1, Barriers: 0, Oops: 0, ImmediateOops: 0, NonImmediateOops: No
[1,214s][debug  ][gc,nmethod  ] Register NMethod: java.util.zip.Inflater.inflate (0x00007f374fb2dd10) [0x00007f374fb2e120, 0x00007f374fb2ff60] Compiler: c1, Barriers: 10, Oops: 1, ImmediateOops: 4, NonImmediateOops: No
[1,214s][debug  ][gc,nmethod  ] Register NMethod: java.util.jar.Manifest.getMainAttributes (0x00007f376f1e6590) [0x00007f376f1e6720, 0x00007f376f1e6810] Compiler: c1, Barriers: 1, Oops: 0, ImmediateOops: 0, NonImmediateOops: No
[1,214s][debug  ][gc,nmethod  ] Register NMethod: jdk.internal.loader.BuiltinClassLoader.loadClass (0x00007f374fb30f10) [0x00007f374fb310c0, 0x00007f374fb31360] Compiler: c1, Barriers: 0, Oops: 0, ImmediateOops: 0, NonImmediateOops: No
[1,214s][debug  ][gc,nmethod  ] Rebuilding NMethod Table: 1024->2048 entries, 717(70%->35%) registered, 0(0%->0%) unregistered
[1,214s][debug  ][gc,nmethod  ] Register NMethod: jdk.internal.loader.ClassLoaders$BootClassLoader.loadClassOrNull (0x00007f374fb31490) [0x00007f374fb31660, 0x00007f374fb318f0] Compiler: c1, Barriers: 0, Oops: 0, ImmediateOops: 1, NonImmediateOops: No
[1,215s][debug  ][gc,nmethod  ] Register NMethod: worker.org.gradle.internal.classloader.FilteringClassLoader$TrieSet.find (0x00007f374fb31a10) [0x00007f374fb31bc0, 0x00007f374fb31d50] Compiler: c1, Barriers: 1, Oops: 1, ImmediateOops: 0, NonImmediateOops: No
[1,215s][debug  ][gc,nmethod  ] Register NMethod: java.lang.ReflectiveOperationException.<init> (0x00007f374fb31e10) [0x00007f374fb31fc0, 0x00007f374fb32158] Compiler: c1, Barriers: 0, Oops: 0, ImmediateOops: 0, NonImmediateOops: No
[1,215s][debug  ][gc,nmethod  ] Register NMethod: java.util.jar.Manifest.getEntries (0x00007f376f1e6890) [0x00007f376f1e6a20, 0x00007f376f1e6b10] Compiler: c1, Barriers: 1, Oops: 0, ImmediateOops: 0, NonImmediateOops: No
[1,215s][debug  ][gc,nmethod  ] Register NMethod: worker.org.gradle.internal.util.Trie.find (0x00007f374fb32210) [0x00007f374fb32440, 0x00007f374fb32c38] Compiler: c1, Barriers: 2, Oops: 1, ImmediateOops: 0, NonImmediateOops: No
[1,216s][debug  ][gc,nmethod  ] Register NMethod: sun.net.www.ParseUtil.encodePath (0x00007f374fb32f10) [0x00007f374fb330c0, 0x00007f374fb332c8] Compiler: c1, Barriers: 0, Oops: 0, ImmediateOops: 0, NonImmediateOops: No
[1,216s][debug  ][gc,nmethod  ] Register NMethod: jdk.internal.perf.PerfCounter.increment (0x00007f374fb33390) [0x00007f374fb33540, 0x00007f374fb33698] Compiler: c1, Barriers: 0, Oops: 0, ImmediateOops: 0, NonImmediateOops: No
[1,217s][debug  ][gc,nmethod  ] Register NMethod: java.util.concurrent.ConcurrentHashMap.computeIfAbsent (0x00007f374fb33790) [0x00007f374fb33c00, 0x00007f374fb36100] Compiler: c1, Barriers: 24, Oops: 0, ImmediateOops: 2, NonImmediateOops: No
[1,217s][debug  ][gc,nmethod  ] Register NMethod: java.lang.invoke.MethodHandle.linkToStatic (0x00007f376f1e6b90) [0x00007f376f1e6d00, 0x00007f376f1e6df0] Compiler: , Barriers: 0, Oops: 0, ImmediateOops: 0, NonImmediateOops: No
[1,218s][debug  ][gc,nmethod  ] Register NMethod: java.lang.CharacterData.of (0x00007f374fb37190) [0x00007f374fb373c0, 0x00007f374fb37d28] Compiler: c1, Barriers: 7, Oops: 0, ImmediateOops: 1, NonImmediateOops: No
[1,219s][debug  ][gc,nmethod  ] Register NMethod: java.lang.Record.<init> (0x00007f374fb37f90) [0x00007f374fb38120, 0x00007f374fb38280] Compiler: c1, Barriers: 0, Oops: 0, ImmediateOops: 0, NonImmediateOops: No
[1,219s][debug  ][gc,nmethod  ] Register NMethod: java.io.FilterInputStream.<init> (0x00007f374fb38310) [0x00007f374fb384c0, 0x00007f374fb386f8] Compiler: c1, Barriers: 3, Oops: 0, ImmediateOops: 0, NonImmediateOops: No
[1,219s][debug  ][gc,nmethod  ] Register NMethod: java.lang.invoke.MethodType.parameterSlotCount (0x00007f374fb38810) [0x00007f374fb389a0, 0x00007f374fb38af0] Compiler: c1, Barriers: 1, Oops: 0, ImmediateOops: 0, NonImmediateOops: No
[1,220s][debug  ][gc,nmethod  ] Register NMethod: sun.net.util.URLUtil.urlNoFragString (0x00007f374fb38b90) [0x00007f374fb38ec0, 0x00007f374fb39f80] Compiler: c1, Barriers: 7, Oops: 3, ImmediateOops: 9, NonImmediateOops: No
[1,221s][debug  ][gc,nmethod  ] Register NMethod: worker.org.gradle.internal.classloader.FilteringClassLoader.loadClass (0x00007f374fb3a510) [0x00007f374fb3a7c0, 0x00007f374fb3b330] Compiler: c1, Barriers: 0, Oops: 3, ImmediateOops: 2, NonImmediateOops: No
[1,221s][debug  ][gc,nmethod  ] Register NMethod: java.lang.ClassLoader.loadClass (0x00007f374fb3b790) [0x00007f374fb3ba60, 0x00007f374fb3c720] Compiler: c1, Barriers: 1, Oops: 2, ImmediateOops: 3, NonImmediateOops: No
[1,221s][debug  ][gc,nmethod  ] Register NMethod: jdk.internal.loader.BuiltinClassLoader$LoadedModule.loader (0x00007f376f1e6e90) [0x00007f376f1e7020, 0x00007f376f1e7110] Compiler: c1, Barriers: 1, Oops: 0, ImmediateOops: 0, NonImmediateOops: No
[1,222s][debug  ][gc,director ] Rule Major: Warmup 10%, Used: 52MB, UsedThreshold: 1536MB
[1,222s][debug  ][gc,nmethod  ] Register NMethod: java.lang.invoke.MethodHandle.linkToSpecial (0x00007f376f1e7190) [0x00007f376f1e7300, 0x00007f376f1e73f8] Compiler: , Barriers: 0, Oops: 0, ImmediateOops: 0, NonImmediateOops: No
[1,222s][debug  ][gc,nmethod  ] Register NMethod: java.lang.invoke.MemberName.getName (0x00007f374fb3cd90) [0x00007f374fb3cf60, 0x00007f374fb3d3c0] Compiler: c1, Barriers: 5, Oops: 0, ImmediateOops: 0, NonImmediateOops: No
[1,223s][debug  ][gc,nmethod  ] Register NMethod: jdk.internal.org.objectweb.asm.MethodWriter.visitVarInsn (0x00007f374fb3d490) [0x00007f374fb3d700, 0x00007f374fb3e140] Compiler: c1, Barriers: 4, Oops: 0, ImmediateOops: 1, NonImmediateOops: No
[1,223s][debug  ][gc,nmethod  ] Register NMethod: java.util.Properties.loadConvert (0x00007f374fb3e410) [0x00007f374fb3e700, 0x00007f374fb3fa48] Compiler: c1, Barriers: 0, Oops: 0, ImmediateOops: 2, NonImmediateOops: No
[1,223s][debug  ][gc,nmethod  ] Register NMethod: java.lang.invoke.MethodType.erase (0x00007f374fb40090) [0x00007f374fb40220, 0x00007f374fb403a0] Compiler: c1, Barriers: 2, Oops: 0, ImmediateOops: 0, NonImmediateOops: No
[1,224s][debug  ][gc,nmethod  ] Register NMethod: java.lang.invoke.MethodHandleImpl.isCompileConstant (0x00007f376f1e7490) [0x00007f376f1e7620, 0x00007f376f1e76c0] Compiler: c1, Barriers: 0, Oops: 0, ImmediateOops: 0, NonImmediateOops: No
[1,224s][debug  ][gc,nmethod  ] Register NMethod: java.lang.invoke.TypeConvertingMethodAdapter.descriptorToName (0x00007f374fb40490) [0x00007f374fb40700, 0x00007f374fb412f8] Compiler: c1, Barriers: 1, Oops: 1, ImmediateOops: 4, NonImmediateOops: No
[1,224s][debug  ][gc,nmethod  ] Register NMethod: java.lang.invoke.MethodType.basicType (0x00007f374fb41790) [0x00007f374fb41920, 0x00007f374fb41aa0] Compiler: c1, Barriers: 2, Oops: 0, ImmediateOops: 0, NonImmediateOops: No
[1,224s][debug  ][gc,nmethod  ] Register NMethod: java.util.ArrayList$Itr.checkForComodification (0x00007f374fb41b90) [0x00007f374fb41d40, 0x00007f374fb41f38] Compiler: c1, Barriers: 1, Oops: 0, ImmediateOops: 0, NonImmediateOops: No
[1,224s][debug  ][gc,nmethod  ] Register NMethod: java.util.Properties$LineReader.readLine (0x00007f374fb42010) [0x00007f374fb42400, 0x00007f374fb44b08] Compiler: c1, Barriers: 14, Oops: 0, ImmediateOops: 0, NonImmediateOops: No
[1,225s][debug  ][gc,nmethod  ] Register NMethod: java.util.ArrayList$Itr.next (0x00007f374fb45610) [0x00007f374fb45800, 0x00007f374fb45c58] Compiler: c1, Barriers: 3, Oops: 0, ImmediateOops: 0, NonImmediateOops: No
[1,225s][debug  ][gc,nmethod  ] Register NMethod: java.lang.Module.isNamed (0x00007f374fb45e90) [0x00007f374fb46020, 0x00007f374fb461b0] Compiler: c1, Barriers: 1, Oops: 0, ImmediateOops: 0, NonImmediateOops: No
[1,225s][debug  ][gc,nmethod  ] Register NMethod: java.util.concurrent.locks.ReentrantLock$NonfairSync.initialTryLock (0x00007f374fb46210) [0x00007f374fb46400, 0x00007f374fb46870] Compiler: c1, Barriers: 5, Oops: 0, ImmediateOops: 1, NonImmediateOops: No
[1,226s][debug  ][gc,nmethod  ] Register NMethod: java.net.URL.<init> (0x00007f374fb46990) [0x00007f374fb47020, 0x00007f374fb4a7d0] Compiler: c1, Barriers: 55, Oops: 4, ImmediateOops: 12, NonImmediateOops: No
[1,226s][debug  ][gc,nmethod  ] Register NMethod: jdk.internal.org.objectweb.asm.ByteVector.putUTF8 (0x00007f376f1e7790) [0x00007f376f1e7960, 0x00007f376f1e7f30] Compiler: c2, Barriers: 4, Oops: 0, ImmediateOops: 0, NonImmediateOops: No
[1,227s][debug  ][gc,nmethod  ] Register NMethod: java.util.zip.ZipUtils.CENATX_PERMS (0x00007f374fb4c590) [0x00007f374fb4c740, 0x00007f374fb4c8e0] Compiler: c1, Barriers: 0, Oops: 0, ImmediateOops: 0, NonImmediateOops: No
[1,227s][debug  ][gc,nmethod  ] Register NMethod: jdk.internal.loader.Resource.cachedInputStream (0x00007f374fb4ca10) [0x00007f374fb4cbe0, 0x00007f374fb4d030] Compiler: c1, Barriers: 8, Oops: 0, ImmediateOops: 0, NonImmediateOops: No
[1,227s][debug  ][gc,nmethod  ] Register NMethod: java.security.CodeSource.getCertificates (0x00007f374fb4d190) [0x00007f374fb4d420, 0x00007f374fb4e010] Compiler: c1, Barriers: 10, Oops: 0, ImmediateOops: 1, NonImmediateOops: No
[1,228s][debug  ][gc,nmethod  ] Register NMethod: java.util.zip.ZipFile.getZipEntry (0x00007f374fb4e310) [0x00007f374fb4e8a0, 0x00007f374fb51950] Compiler: c1, Barriers: 18, Oops: 2, ImmediateOops: 4, NonImmediateOops: No
[1,229s][debug  ][gc,nmethod  ] Register NMethod: java.net.URL.<init> (0x00007f374fb52c10) [0x00007f374fb52dc0, 0x00007f374fb52f08] Compiler: c1, Barriers: 0, Oops: 0, ImmediateOops: 0, NonImmediateOops: No
[1,229s][debug  ][gc,nmethod  ] Register NMethod: java.net.URL.set (0x00007f374fb52f90) [0x00007f374fb53200, 0x00007f374fb53d48] Compiler: c1, Barriers: 27, Oops: 1, ImmediateOops: 1, NonImmediateOops: No
[1,229s][debug  ][gc,nmethod  ] Register NMethod: java.net.URLStreamHandler.setURL (0x00007f374fb54110) [0x00007f374fb54420, 0x00007f374fb55580] Compiler: c1, Barriers: 5, Oops: 1, ImmediateOops: 3, NonImmediateOops: No
[1,229s][debug  ][gc,nmethod  ] Register NMethod: java.lang.ClassLoader.getDefinedPackage (0x00007f374fb55b90) [0x00007f374fb55d80, 0x00007f374fb56338] Compiler: c1, Barriers: 2, Oops: 1, ImmediateOops: 1, NonImmediateOops: No
[1,229s][debug  ][gc,nmethod  ] Register NMethod: java.lang.ClassNotFoundException.<init> (0x00007f374fb56510) [0x00007f374fb566c0, 0x00007f374fb568c0] Compiler: c1, Barriers: 0, Oops: 0, ImmediateOops: 0, NonImmediateOops: No
[1,229s][debug  ][gc,nmethod  ] Register NMethod: java.lang.Throwable.<init> (0x00007f374fb56990) [0x00007f374fb56b60, 0x00007f374fb56ff8] Compiler: c1, Barriers: 15, Oops: 0, ImmediateOops: 2, NonImmediateOops: No
[1,230s][debug  ][gc,nmethod  ] Register NMethod: java.util.LinkedList$ListItr.hasNext (0x00007f374fb57110) [0x00007f374fb572a0, 0x00007f374fb57440] Compiler: c1, Barriers: 1, Oops: 0, ImmediateOops: 0, NonImmediateOops: No
[1,230s][debug  ][gc,nmethod  ] Register NMethod: java.lang.Class.getSuperclass (0x00007f376f1e8190) [0x00007f376f1e8340, 0x00007f376f1e86d8] Compiler: , Barriers: 0, Oops: 0, ImmediateOops: 0, NonImmediateOops: No
[1,230s][debug  ][gc,nmethod  ] Register NMethod: java.lang.Class.reflectionData (0x00007f374fb57510) [0x00007f374fb576e0, 0x00007f374fb57ae8] Compiler: c1, Barriers: 1, Oops: 0, ImmediateOops: 0, NonImmediateOops: No
[1,230s][debug  ][gc,nmethod  ] Register NMethod: java.lang.reflect.Method.getModifiers (0x00007f376f1e8710) [0x00007f376f1e88a0, 0x00007f376f1e8960] Compiler: c1, Barriers: 0, Oops: 0, ImmediateOops: 0, NonImmediateOops: No
[1,231s][debug  ][gc,nmethod  ] Register NMethod: java.util.jar.JarFile.getManifest (0x00007f374fb57c10) [0x00007f374fb57dc0, 0x00007f374fb57ef8] Compiler: c1, Barriers: 0, Oops: 0, ImmediateOops: 0, NonImmediateOops: No
[1,231s][debug  ][gc,nmethod  ] Register NMethod: java.util.jar.JarFile.getManifestFromReference (0x00007f374fb57f90) [0x00007f374fb582e0, 0x00007f374fb59888] Compiler: c1, Barriers: 21, Oops: 0, ImmediateOops: 3, NonImmediateOops: No
[1,232s][debug  ][gc,director ] Rule Major: Warmup 10%, Used: 52MB, UsedThreshold: 1536MB
[1,232s][debug  ][gc,nmethod  ] Register NMethod: java.security.AccessController.ensureMaterializedForStackWalk (0x00007f376f1e8a10) [0x00007f376f1e8ba0, 0x00007f376f1e8d68] Compiler: , Barriers: 0, Oops: 0, ImmediateOops: 1, NonImmediateOops: No
[1,233s][debug  ][gc,nmethod  ] Register NMethod: java.lang.reflect.Method.getReturnType (0x00007f376f1e8d90) [0x00007f376f1e8f20, 0x00007f376f1e9010] Compiler: c1, Barriers: 1, Oops: 0, ImmediateOops: 0, NonImmediateOops: No
[1,233s][debug  ][gc,nmethod  ] Register NMethod: java.lang.invoke.MethodHandle.linkToVirtual (0x00007f376f1e9090) [0x00007f376f1e9200, 0x00007f376f1e9228] Compiler: , Barriers: 0, Oops: 0, ImmediateOops: 0, NonImmediateOops: No
[1,233s][debug  ][gc,nmethod  ] Register NMethod: java.lang.invoke.LambdaForm$Name.index (0x00007f376f1e9390) [0x00007f376f1e9520, 0x00007f376f1e95e0] Compiler: c1, Barriers: 0, Oops: 0, ImmediateOops: 0, NonImmediateOops: No
[1,233s][debug  ][gc,nmethod  ] Register NMethod: java.lang.invoke.MethodHandle.linkToVirtual (0x00007f376f1e9690) [0x00007f376f1e9800, 0x00007f376f1e9828] Compiler: , Barriers: 0, Oops: 0, ImmediateOops: 0, NonImmediateOops: No
[1,233s][debug  ][gc,nmethod  ] Register NMethod: jdk.internal.org.objectweb.asm.Frame.push (0x00007f374fb59f90) [0x00007f374fb5a180, 0x00007f374fb5a7c0] Compiler: c1, Barriers: 10, Oops: 0, ImmediateOops: 0, NonImmediateOops: No
[1,234s][debug  ][gc,nmethod  ] Register NMethod: jdk.internal.org.objectweb.asm.MethodWriter.hasAsmInstructions (0x00007f376f1e9990) [0x00007f376f1e9b20, 0x00007f376f1e9be8] Compiler: c1, Barriers: 0, Oops: 0, ImmediateOops: 0, NonImmediateOops: No
[1,234s][debug  ][gc,nmethod  ] Register NMethod: jdk.internal.org.objectweb.asm.Handler.getExceptionTableSize (0x00007f374fb5a990) [0x00007f374fb5ab40, 0x00007f374fb5ad68] Compiler: c1, Barriers: 1, Oops: 0, ImmediateOops: 0, NonImmediateOops: No
[1,234s][debug  ][gc,nmethod  ] Register NMethod: java.lang.invoke.MethodHandle.linkToStatic (0x00007f376f1e9c90) [0x00007f376f1e9e00, 0x00007f376f1e9ef0] Compiler: , Barriers: 0, Oops: 0, ImmediateOops: 0, NonImmediateOops: No
[1,234s][debug  ][gc,nmethod  ] Register NMethod: java.lang.invoke.MethodHandle.invokeBasic (0x00007f376f1e9f90) [0x00007f376f1ea120, 0x00007f376f1ea3b8] Compiler: , Barriers: 0, Oops: 0, ImmediateOops: 0, NonImmediateOops: No
[1,234s][debug  ][gc,nmethod  ] Register NMethod: java.lang.invoke.MethodHandle.linkToSpecial (0x00007f376f1ea410) [0x00007f376f1ea580, 0x00007f376f1ea678] Compiler: , Barriers: 0, Oops: 0, ImmediateOops: 0, NonImmediateOops: No
[1,234s][debug  ][gc,nmethod  ] Register NMethod: java.lang.invoke.MethodHandle.linkToStatic (0x00007f376f1ea710) [0x00007f376f1ea880, 0x00007f376f1ea970] Compiler: , Barriers: 0, Oops: 0, ImmediateOops: 0, NonImmediateOops: No
[1,234s][debug  ][gc,nmethod  ] Register NMethod: java.lang.invoke.MethodHandle.invokeBasic (0x00007f376f1eaa10) [0x00007f376f1eaba0, 0x00007f376f1eae38] Compiler: , Barriers: 0, Oops: 0, ImmediateOops: 0, NonImmediateOops: No
[1,234s][debug  ][gc,nmethod  ] Register NMethod: java.lang.invoke.MethodHandle.linkToSpecial (0x00007f376f1eae90) [0x00007f376f1eb000, 0x00007f376f1eb0f8] Compiler: , Barriers: 0, Oops: 0, ImmediateOops: 0, NonImmediateOops: No
[1,235s][debug  ][gc,nmethod  ] Register NMethod: jdk.internal.org.objectweb.asm.ByteVector.<init> (0x00007f374fb5ae90) [0x00007f374fb5b040, 0x00007f374fb5b2a8] Compiler: c1, Barriers: 3, Oops: 0, ImmediateOops: 0, NonImmediateOops: No
[1,235s][debug  ][gc,nmethod  ] Register NMethod: jdk.internal.org.objectweb.asm.ByteVector.putByteArray (0x00007f374fb5b390) [0x00007f374fb5b560, 0x00007f374fb5b888] Compiler: c1, Barriers: 2, Oops: 0, ImmediateOops: 0, NonImmediateOops: No
[1,235s][debug  ][gc,nmethod  ] Register NMethod: java.lang.invoke.MethodHandle.invokeBasic (0x00007f376f1eb190) [0x00007f376f1eb320, 0x00007f376f1eb5b8] Compiler: , Barriers: 0, Oops: 0, ImmediateOops: 0, NonImmediateOops: No
[1,235s][debug  ][gc,nmethod  ] Register NMethod: java.lang.invoke.MethodHandle.linkToSpecial (0x00007f376f1eb610) [0x00007f376f1eb780, 0x00007f376f1eb878] Compiler: , Barriers: 0, Oops: 0, ImmediateOops: 0, NonImmediateOops: No
[1,235s][debug  ][gc,nmethod  ] Register NMethod: java.lang.invoke.MethodType.insertParameterTypes (0x00007f374fb5b990) [0x00007f374fb5bca0, 0x00007f374fb5cca0] Compiler: c1, Barriers: 6, Oops: 1, ImmediateOops: 2, NonImmediateOops: No
[1,235s][debug  ][gc,nmethod  ] Register NMethod: jdk.internal.util.ClassFileDumper.isEnabled (0x00007f376f1eb910) [0x00007f376f1ebaa0, 0x00007f376f1ebb68] Compiler: c1, Barriers: 0, Oops: 0, ImmediateOops: 0, NonImmediateOops: No
[1,235s][debug  ][gc,nmethod  ] Register NMethod: jdk.internal.org.objectweb.asm.SymbolTable.addType (0x00007f374fb5d210) [0x00007f374fb5d420, 0x00007f374fb5da18] Compiler: c1, Barriers: 4, Oops: 0, ImmediateOops: 0, NonImmediateOops: No
[1,235s][debug  ][gc,nmethod  ] Register NMethod: java.lang.invoke.LambdaForm$BasicType.basicTypeClass (0x00007f376f1ebc10) [0x00007f376f1ebda0, 0x00007f376f1ebe90] Compiler: c1, Barriers: 1, Oops: 0, ImmediateOops: 0, NonImmediateOops: No
[1,235s][debug  ][gc,nmethod  ] Register NMethod: sun.invoke.util.Wrapper.forPrimitiveType (0x00007f374fb5dd10) [0x00007f374fb5dfe0, 0x00007f374fb5eaf8] Compiler: c1, Barriers: 0, Oops: 1, ImmediateOops: 20, NonImmediateOops: No
[1,235s][debug  ][gc,nmethod  ] Register NMethod: jdk.internal.org.objectweb.asm.SymbolTable.hash (0x00007f374fb5ee10) [0x00007f374fb5efc0, 0x00007f374fb5f180] Compiler: c1, Barriers: 0, Oops: 0, ImmediateOops: 0, NonImmediateOops: No
[1,235s][debug  ][gc,nmethod  ] Register NMethod: java.lang.invoke.LambdaForm$Name.type (0x00007f376f1ebf10) [0x00007f376f1ec0a0, 0x00007f376f1ec190] Compiler: c1, Barriers: 1, Oops: 0, ImmediateOops: 0, NonImmediateOops: No
[1,235s][debug  ][gc,nmethod  ] Register NMethod: jdk.internal.org.objectweb.asm.SymbolTable.addConstantMemberReference (0x00007f374fb5f310) [0x00007f374fb5f5a0, 0x00007f374fb5ff98] Compiler: c1, Barriers: 7, Oops: 0, ImmediateOops: 0, NonImmediateOops: No
[1,236s][debug  ][gc,nmethod  ] Register NMethod: jdk.internal.loader.BuiltinClassLoader.hasClassPath (0x00007f374fb60510) [0x00007f374fb606a0, 0x00007f374fb60838] Compiler: c1, Barriers: 1, Oops: 0, ImmediateOops: 0, NonImmediateOops: No
[1,236s][debug  ][gc,nmethod  ] Register NMethod: java.lang.invoke.MemberName.getInvocationType (0x00007f374fb60910) [0x00007f374fb60b60, 0x00007f374fb61460] Compiler: c1, Barriers: 7, Oops: 0, ImmediateOops: 0, NonImmediateOops: No
[1,236s][debug  ][gc,nmethod  ] Register NMethod: jdk.internal.loader.BuiltinClassLoader.loadClassOrNull (0x00007f374fb61710) [0x00007f374fb618c0, 0x00007f374fb61a78] Compiler: c1, Barriers: 0, Oops: 0, ImmediateOops: 0, NonImmediateOops: No
[1,236s][debug  ][gc,nmethod  ] Register NMethod: jdk.internal.loader.BuiltinClassLoader.findLoadedModule (0x00007f374fb61b10) [0x00007f374fb61d40, 0x00007f374fb62390] Compiler: c1, Barriers: 1, Oops: 0, ImmediateOops: 1, NonImmediateOops: No
[1,237s][debug  ][gc,nmethod  ] Register NMethod: java.lang.ClassLoader.defineClass1 (0x00007f376f1ec210) [0x00007f376f1ec3c0, 0x00007f376f1ec7d8] Compiler: , Barriers: 0, Oops: 0, ImmediateOops: 1, NonImmediateOops: No
[1,238s][debug  ][gc,nmethod  ] Register NMethod: java.lang.ClassLoader.addClass (0x00007f374fb62610) [0x00007f374fb62800, 0x00007f374fb62e50] Compiler: c1, Barriers: 6, Oops: 0, ImmediateOops: 0, NonImmediateOops: No
[1,238s][debug  ][gc,nmethod  ] Register NMethod: java.lang.ref.Reference.clear0 (0x00007f376f1ec810) [0x00007f376f1ec9a0, 0x00007f376f1ecb50] Compiler: , Barriers: 0, Oops: 0, ImmediateOops: 0, NonImmediateOops: No
[1,238s][debug  ][gc,nmethod  ] Register NMethod: java.lang.ref.Reference.clear (0x00007f374fb63190) [0x00007f374fb63340, 0x00007f374fb63478] Compiler: c1, Barriers: 0, Oops: 0, ImmediateOops: 0, NonImmediateOops: No
[1,239s][debug  ][gc,nmethod  ] Register NMethod: java.util.zip.Inflater.reset (0x00007f376f1ecb90) [0x00007f376f1ecd20, 0x00007f376f1eced8] Compiler: , Barriers: 0, Oops: 0, ImmediateOops: 1, NonImmediateOops: No
[1,239s][debug  ][gc,nmethod  ] Register NMethod: java.util.zip.ZipFile$CleanableResource.getInflater (0x00007f374fb63510) [0x00007f374fb63700, 0x00007f374fb63c48] Compiler: c1, Barriers: 2, Oops: 0, ImmediateOops: 0, NonImmediateOops: No
[1,239s][debug  ][gc,nmethod  ] Register NMethod: java.util.zip.ZipFile$ZipFileInflaterInputStream.<init> (0x00007f374fb63e10) [0x00007f374fb64000, 0x00007f374fb644f0] Compiler: c1, Barriers: 12, Oops: 1, ImmediateOops: 1, NonImmediateOops: No
[1,239s][debug  ][gc,nmethod  ] Register NMethod: java.util.zip.ZipFile$InflaterCleanupAction.<init> (0x00007f374fb64690) [0x00007f374fb64840, 0x00007f374fb64a90] Compiler: c1, Barriers: 6, Oops: 0, ImmediateOops: 0, NonImmediateOops: No
[1,239s][debug  ][gc,nmethod  ] Register NMethod: java.util.zip.InflaterInputStream.<init> (0x00007f374fb64b90) [0x00007f374fb64da0, 0x00007f374fb654f8] Compiler: c1, Barriers: 12, Oops: 0, ImmediateOops: 1, NonImmediateOops: No
[1,239s][debug  ][gc,nmethod  ] Register NMethod: java.util.zip.ZipFile$ZipFileInflaterInputStream.fill (0x00007f374fb65710) [0x00007f374fb65900, 0x00007f374fb65dc8] Compiler: c1, Barriers: 5, Oops: 0, ImmediateOops: 1, NonImmediateOops: No
[1,239s][debug  ][gc,nmethod  ] Register NMethod: java.util.zip.Inflater.setInput (0x00007f374fb65f90) [0x00007f374fb66160, 0x00007f374fb665e0] Compiler: c1, Barriers: 7, Oops: 1, ImmediateOops: 1, NonImmediateOops: No
[1,239s][debug  ][gc,nmethod  ] Register NMethod: java.util.zip.InflaterInputStream.close (0x00007f374fb66790) [0x00007f374fb66960, 0x00007f374fb66c60] Compiler: c1, Barriers: 2, Oops: 0, ImmediateOops: 0, NonImmediateOops: No
[1,239s][debug  ][gc,nmethod  ] Register NMethod: java.util.zip.ZipFile$ZipFileInflaterInputStream.<init> (0x00007f374fb66d90) [0x00007f374fb66f40, 0x00007f374fb670f0] Compiler: c1, Barriers: 0, Oops: 0, ImmediateOops: 0, NonImmediateOops: No
[1,239s][debug  ][gc,nmethod  ] Register NMethod: java.util.zip.ZipFile$Source.readAt (0x00007f374fb67210) [0x00007f374fb673e0, 0x00007f374fb67788] Compiler: c1, Barriers: 3, Oops: 0, ImmediateOops: 0, NonImmediateOops: No
[1,239s][debug  ][gc,nmethod  ] Register NMethod: jdk.internal.ref.PhantomCleanable.clean (0x00007f374fb67a10) [0x00007f374fb67be0, 0x00007f374fb67eb0] Compiler: c1, Barriers: 0, Oops: 0, ImmediateOops: 0, NonImmediateOops: No
[1,239s][debug  ][gc,nmethod  ] Register NMethod: java.util.zip.ZipFile$ZipFileInflaterInputStream.close (0x00007f374fb67f90) [0x00007f374fb68200, 0x00007f374fb68bd8] Compiler: c1, Barriers: 9, Oops: 0, ImmediateOops: 0, NonImmediateOops: No
[1,239s][debug  ][gc,nmethod  ] Register NMethod: jdk.internal.ref.CleanerImpl$PhantomCleanableRef.performCleanup (0x00007f374fb68f90) [0x00007f374fb69140, 0x00007f374fb69338] Compiler: c1, Barriers: 1, Oops: 0, ImmediateOops: 0, NonImmediateOops: No
[1,239s][debug  ][gc,nmethod  ] Register NMethod: java.util.zip.ZipFile$InflaterCleanupAction.run (0x00007f374fb69410) [0x00007f374fb695c0, 0x00007f374fb69788] Compiler: c1, Barriers: 2, Oops: 0, ImmediateOops: 0, NonImmediateOops: No
[1,239s][debug  ][gc,nmethod  ] Register NMethod: java.util.zip.ZipCoder$UTF8ZipCoder.hasTrailingSlash (0x00007f374fb69890) [0x00007f374fb69a20, 0x00007f374fb69be0] Compiler: c1, Barriers: 0, Oops: 0, ImmediateOops: 0, NonImmediateOops: No
[1,239s][debug  ][gc,nmethod  ] Register NMethod: java.util.zip.ZipFile$CleanableResource.releaseInflater (0x00007f374fb69d10) [0x00007f374fb69f00, 0x00007f374fb6a390] Compiler: c1, Barriers: 2, Oops: 0, ImmediateOops: 0, NonImmediateOops: No
[1,239s][debug  ][gc,nmethod  ] Register NMethod: java.util.zip.Inflater.reset (0x00007f374fb6a590) [0x00007f374fb6a760, 0x00007f374fb6abb8] Compiler: c1, Barriers: 8, Oops: 0, ImmediateOops: 1, NonImmediateOops: No
[1,239s][debug  ][gc,nmethod  ] Register NMethod: java.lang.Thread.getAndClearInterrupt (0x00007f374fb6ad90) [0x00007f374fb6af40, 0x00007f374fb6b0c8] Compiler: c1, Barriers: 0, Oops: 0, ImmediateOops: 0, NonImmediateOops: No
[1,239s][debug  ][gc,nmethod  ] Register NMethod: java.lang.Thread.interrupted (0x00007f374fb6b190) [0x00007f374fb6b340, 0x00007f374fb6b5d0] Compiler: c1, Barriers: 1, Oops: 0, ImmediateOops: 0, NonImmediateOops: No
[1,240s][debug  ][gc,nmethod  ] Register NMethod: java.lang.reflect.AccessibleObject.<init> (0x00007f374fb6b710) [0x00007f374fb6b8a0, 0x00007f374fb6ba00] Compiler: c1, Barriers: 0, Oops: 0, ImmediateOops: 0, NonImmediateOops: No
[1,240s][debug  ][gc,nmethod  ] Register NMethod: java.lang.invoke.MethodHandle.linkToStatic (0x00007f376f1ecf10) [0x00007f376f1ed080, 0x00007f376f1ed170] Compiler: , Barriers: 0, Oops: 0, ImmediateOops: 0, NonImmediateOops: No
[1,240s][debug  ][gc,nmethod  ] Register NMethod: java.lang.invoke.MethodHandle.linkToVirtual (0x00007f376f1ed210) [0x00007f376f1ed380, 0x00007f376f1ed3a8] Compiler: , Barriers: 0, Oops: 0, ImmediateOops: 0, NonImmediateOops: No
[1,240s][debug  ][gc,nmethod  ] Register NMethod: java.lang.invoke.LambdaForm$NamedFunction.methodType (0x00007f374fb6ba90) [0x00007f374fb6bc60, 0x00007f374fb6c058] Compiler: c1, Barriers: 7, Oops: 0, ImmediateOops: 0, NonImmediateOops: No
[1,240s][debug  ][gc,nmethod  ] Register NMethod: jdk.internal.org.objectweb.asm.Frame.pop (0x00007f374fb6c190) [0x00007f374fb6c340, 0x00007f374fb6c520] Compiler: c1, Barriers: 1, Oops: 0, ImmediateOops: 0, NonImmediateOops: No
[1,240s][debug  ][gc,nmethod  ] Register NMethod: java.lang.invoke.LambdaForm.internArgument (0x00007f374fb6c610) [0x00007f374fb6c800, 0x00007f374fb6cc10] Compiler: c1, Barriers: 4, Oops: 0, ImmediateOops: 1, NonImmediateOops: No
[1,240s][debug  ][gc,nmethod  ] Register NMethod: jdk.internal.org.objectweb.asm.AnnotationWriter.putAnnotations (0x00007f374fb6cd90) [0x00007f374fb6cfa0, 0x00007f374fb6d390] Compiler: c1, Barriers: 0, Oops: 0, ImmediateOops: 4, NonImmediateOops: No
[1,241s][debug  ][gc,nmethod  ] Register NMethod: java.lang.invoke.LambdaForm$Name.<init> (0x00007f374fb6d610) [0x00007f374fb6d7c0, 0x00007f374fb6db18] Compiler: c1, Barriers: 12, Oops: 0, ImmediateOops: 0, NonImmediateOops: No
[1,241s][debug  ][gc,nmethod  ] Register NMethod: java.lang.AbstractStringBuilder.append (0x00007f376f1ed510) [0x00007f376f1ed700, 0x00007f376f1edf50] Compiler: c2, Barriers: 7, Oops: 0, ImmediateOops: 0, NonImmediateOops: No
[1,241s][debug  ][gc,nmethod  ] Register NMethod: java.lang.invoke.LambdaForm.parameter (0x00007f374fb6dc10) [0x00007f374fb6ddc0, 0x00007f374fb6df60] Compiler: c1, Barriers: 2, Oops: 0, ImmediateOops: 0, NonImmediateOops: No
[1,241s][debug  ][gc,nmethod  ] Register NMethod: jdk.internal.org.objectweb.asm.SymbolTable.hash (0x00007f374fb6e010) [0x00007f374fb6e1c0, 0x00007f374fb6e340] Compiler: c1, Barriers: 0, Oops: 0, ImmediateOops: 0, NonImmediateOops: No
[1,241s][debug  ][gc,nmethod  ] Register NMethod: sun.invoke.util.VerifyType.isNullConversion (0x00007f374fb6e490) [0x00007f374fb6e7c0, 0x00007f374fb6fcc0] Compiler: c1, Barriers: 0, Oops: 0, ImmediateOops: 5, NonImmediateOops: No
[1,242s][debug  ][gc,director ] Rule Major: Warmup 10%, Used: 54MB, UsedThreshold: 1536MB
[1,242s][debug  ][gc,nmethod  ] Register NMethod: java.io.BufferedInputStream.getBufIfOpen (0x00007f374fb70190) [0x00007f374fb70360, 0x00007f374fb70798] Compiler: c1, Barriers: 7, Oops: 0, ImmediateOops: 3, NonImmediateOops: No
[1,242s][debug  ][gc,nmethod  ] Register NMethod: java.util.concurrent.locks.ReentrantLock$Sync.tryRelease (0x00007f374fb70890) [0x00007f374fb70a80, 0x00007f374fb70eb8] Compiler: c1, Barriers: 5, Oops: 0, ImmediateOops: 0, NonImmediateOops: No
[1,242s][debug  ][gc,nmethod  ] Register NMethod: java.lang.invoke.VarHandleByteArrayAsShorts$ArrayHandle.index (0x00007f374fb70f90) [0x00007f374fb71120, 0x00007f374fb71258] Compiler: c1, Barriers: 0, Oops: 1, ImmediateOops: 1, NonImmediateOops: No
[1,242s][debug  ][gc,nmethod  ] Register NMethod: jdk.internal.misc.Unsafe.convEndian (0x00007f374fb71390) [0x00007f374fb71520, 0x00007f374fb716d0] Compiler: c1, Barriers: 0, Oops: 0, ImmediateOops: 0, NonImmediateOops: No
[1,243s][debug  ][gc,nmethod  ] Register NMethod: java.lang.Short.reverseBytes (0x00007f374fb71790) [0x00007f374fb71920, 0x00007f374fb71a20] Compiler: c1, Barriers: 0, Oops: 0, ImmediateOops: 0, NonImmediateOops: No
[1,243s][debug  ][gc,nmethod  ] Register NMethod: java.io.DataInputStream.readFully (0x00007f374fb71a90) [0x00007f374fb71c80, 0x00007f374fb72220] Compiler: c1, Barriers: 1, Oops: 0, ImmediateOops: 0, NonImmediateOops: No
[1,243s][debug  ][gc,nmethod  ] Register NMethod: jdk.internal.misc.Unsafe.getShort (0x00007f376f1ee390) [0x00007f376f1ee520, 0x00007f376f1ee700] Compiler: , Barriers: 0, Oops: 0, ImmediateOops: 0, NonImmediateOops: No
[1,243s][debug  ][gc,nmethod  ] Register NMethod: java.io.BufferedInputStream.read (0x00007f374fb72490) [0x00007f374fb72760, 0x00007f374fb73630] Compiler: c1, Barriers: 11, Oops: 0, ImmediateOops: 0, NonImmediateOops: No
[1,243s][debug  ][gc,nmethod  ] Register NMethod: java.io.BufferedInputStream.read1 (0x00007f374fb73b10) [0x00007f374fb73d40, 0x00007f374fb74500] Compiler: c1, Barriers: 1, Oops: 0, ImmediateOops: 1, NonImmediateOops: No
[1,243s][debug  ][gc,nmethod  ] Register NMethod: java.io.BufferedInputStream.ensureOpen (0x00007f374fb74790) [0x00007f374fb74940, 0x00007f374fb74b80] Compiler: c1, Barriers: 1, Oops: 0, ImmediateOops: 1, NonImmediateOops: No
[1,243s][debug  ][gc,nmethod  ] Register NMethod: java.io.DataInputStream.readUTF (0x00007f374fb74c90) [0x00007f374fb750e0, 0x00007f374fb76f78] Compiler: c1, Barriers: 9, Oops: 1, ImmediateOops: 5, NonImmediateOops: No
[1,243s][debug  ][gc,nmethod  ] Register NMethod: java.lang.invoke.VarHandleByteArrayAsShorts$ArrayHandle.get (0x00007f374fb77b90) [0x00007f374fb77d60, 0x00007f374fb78108] Compiler: c1, Barriers: 0, Oops: 2, ImmediateOops: 2, NonImmediateOops: No
[1,243s][debug  ][gc,nmethod  ] Register NMethod: java.io.BufferedInputStream.implRead (0x00007f374fb78290) [0x00007f374fb784c0, 0x00007f374fb78c28] Compiler: c1, Barriers: 2, Oops: 0, ImmediateOops: 1, NonImmediateOops: No
[1,243s][debug  ][gc,nmethod  ] Register NMethod: jdk.internal.misc.Unsafe.getShortUnaligned (0x00007f374fb78e90) [0x00007f374fb79040, 0x00007f374fb79270] Compiler: c1, Barriers: 0, Oops: 0, ImmediateOops: 0, NonImmediateOops: No
[1,243s][debug  ][gc,nmethod  ] Register NMethod: jdk.internal.misc.Unsafe.getShortUnaligned (0x00007f374fb79390) [0x00007f374fb79560, 0x00007f374fb79908] Compiler: c1, Barriers: 0, Oops: 0, ImmediateOops: 0, NonImmediateOops: No
[1,243s][debug  ][gc,nmethod  ] Register NMethod: java.lang.String.<init> (0x00007f374fb79a90) [0x00007f374fb79c60, 0x00007f374fb79fb8] Compiler: c1, Barriers: 0, Oops: 1, ImmediateOops: 1, NonImmediateOops: No
[1,243s][debug  ][gc,nmethod  ] Register NMethod: java.lang.String.rangeCheck (0x00007f374fb7a190) [0x00007f374fb7a340, 0x00007f374fb7a5c0] Compiler: c1, Barriers: 0, Oops: 1, ImmediateOops: 1, NonImmediateOops: No
[1,243s][debug  ][gc,nmethod  ] Register NMethod: java.lang.StringUTF16.compress (0x00007f374fb7a710) [0x00007f374fb7a8c0, 0x00007f374fb7aaf8] Compiler: c1, Barriers: 0, Oops: 0, ImmediateOops: 0, NonImmediateOops: No
[1,243s][debug  ][gc,nmethod  ] Register NMethod: java.lang.String.<init> (0x00007f374fb7ac10) [0x00007f374fb7ae00, 0x00007f374fb7b240] Compiler: c1, Barriers: 9, Oops: 0, ImmediateOops: 1, NonImmediateOops: No
[1,243s][debug  ][gc,nmethod  ] Register NMethod: java.io.DataInputStream.readUTF (0x00007f374fb7b390) [0x00007f374fb7b540, 0x00007f374fb7b678] Compiler: c1, Barriers: 0, Oops: 0, ImmediateOops: 0, NonImmediateOops: No
[1,243s][debug  ][gc,nmethod  ] Register NMethod: java.lang.Short.toUnsignedInt (0x00007f374fb7b710) [0x00007f374fb7b8a0, 0x00007f374fb7b990] Compiler: c1, Barriers: 0, Oops: 0, ImmediateOops: 0, NonImmediateOops: No
[1,243s][debug  ][gc,nmethod  ] Register NMethod: jdk.internal.misc.InternalLock.lock (0x00007f376f1ee710) [0x00007f376f1ee8c0, 0x00007f376f1eeba8] Compiler: c2, Barriers: 7, Oops: 0, ImmediateOops: 0, NonImmediateOops: No
[1,243s][debug  ][gc,nmethod  ] Register NMethod: java.io.DataInputStream.readUnsignedShort (0x00007f374fb7ba10) [0x00007f374fb7bc20, 0x00007f374fb7c2c8] Compiler: c1, Barriers: 2, Oops: 5, ImmediateOops: 7, NonImmediateOops: No
[1,243s][debug  ][gc,nmethod  ] Register NMethod: jdk.internal.util.ByteArray.getUnsignedShort (0x00007f374fb7c590) [0x00007f374fb7c780, 0x00007f374fb7ccf0] Compiler: c1, Barriers: 0, Oops: 5, ImmediateOops: 7, NonImmediateOops: No
[1,244s][debug  ][gc,nmethod  ] Register NMethod: java.io.BufferedInputStream.getBufIfOpen (0x00007f376f1eed10) [0x00007f376f1eeea0, 0x00007f376f1ef170] Compiler: c2, Barriers: 7, Oops: 0, ImmediateOops: 2, NonImmediateOops: No
[1,244s][debug  ][gc,nmethod  ] Register NMethod: java.io.DataInputStream.readFully (0x00007f374fb7cf90) [0x00007f374fb7d140, 0x00007f374fb7d288] Compiler: c1, Barriers: 0, Oops: 0, ImmediateOops: 0, NonImmediateOops: No
[1,244s][debug  ][gc,nmethod  ] Register NMethod: jdk.internal.util.ByteArray.getShort (0x00007f374fb7d390) [0x00007f374fb7d580, 0x00007f374fb7da98] Compiler: c1, Barriers: 0, Oops: 5, ImmediateOops: 7, NonImmediateOops: No
[1,244s][debug  ][gc,nmethod  ] Register NMethod: java.io.DataInputStream.readShort (0x00007f374fb7dd10) [0x00007f374fb7df20, 0x00007f374fb7e578] Compiler: c1, Barriers: 2, Oops: 5, ImmediateOops: 7, NonImmediateOops: No
[1,244s][debug  ][gc,nmethod  ] Register NMethod: jdk.internal.misc.InternalLock.unlock (0x00007f376f1ef290) [0x00007f376f1ef440, 0x00007f376f1ef770] Compiler: c2, Barriers: 7, Oops: 0, ImmediateOops: 0, NonImmediateOops: No
[1,244s][debug  ][gc,nmethod  ] Register NMethod: java.io.ByteArrayInputStream.read (0x00007f374fb7e810) [0x00007f374fb7e9c0, 0x00007f374fb7ec50] Compiler: c1, Barriers: 1, Oops: 0, ImmediateOops: 0, NonImmediateOops: No
[1,244s][debug  ][gc,nmethod  ] Register NMethod: java.io.DataInputStream.readUnsignedByte (0x00007f374fb7ed90) [0x00007f374fb7ef60, 0x00007f374fb7f260] Compiler: c1, Barriers: 1, Oops: 0, ImmediateOops: 0, NonImmediateOops: No
[1,245s][debug  ][gc,nmethod  ] Register NMethod: java.io.DataInputStream.readByte (0x00007f374fb7f390) [0x00007f374fb7f560, 0x00007f374fb7f8c8] Compiler: c1, Barriers: 1, Oops: 0, ImmediateOops: 0, NonImmediateOops: No
[1,245s][debug  ][gc,nmethod  ] Register NMethod: java.util.zip.Checksum.update (0x00007f374fb7fa10) [0x00007f374fb7fbc0, 0x00007f374fb7fda8] Compiler: c1, Barriers: 0, Oops: 0, ImmediateOops: 0, NonImmediateOops: No
[1,245s][debug  ][gc,nmethod  ] Register NMethod: java.util.HashMap.resize (0x00007f374fb7fe90) [0x00007f374fb80180, 0x00007f374fb816e0] Compiler: c1, Barriers: 31, Oops: 0, ImmediateOops: 0, NonImmediateOops: No
[1,245s][debug  ][gc,nmethod  ] Register NMethod: java.util.zip.CRC32.update (0x00007f374fb81b10) [0x00007f374fb81d00, 0x00007f374fb82128] Compiler: c1, Barriers: 0, Oops: 1, ImmediateOops: 1, NonImmediateOops: No
[1,245s][debug  ][gc,nmethod  ] Register NMethod: java.util.zip.CRC32.updateBytesCheck (0x00007f374fb82310) [0x00007f374fb824e0, 0x00007f374fb82820] Compiler: c1, Barriers: 0, Oops: 1, ImmediateOops: 1, NonImmediateOops: No
[1,245s][debug  ][gc,nmethod  ] Register NMethod: java.util.zip.CRC32.updateBytes (0x00007f374fb82990) [0x00007f374fb82b60, 0x00007f374fb82f10] Compiler: c1, Barriers: 0, Oops: 1, ImmediateOops: 1, NonImmediateOops: No
[1,245s][debug  ][gc,nmethod  ] Register NMethod: sun.util.calendar.ZoneInfoFile$Checksum.update (0x00007f374fb83110) [0x00007f374fb832c0, 0x00007f374fb835f8] Compiler: c1, Barriers: 0, Oops: 0, ImmediateOops: 0, NonImmediateOops: No
[1,246s][debug  ][gc,nmethod  ] Register NMethod: sun.util.locale.LocaleUtils.isUpper (0x00007f374fb83710) [0x00007f374fb838a0, 0x00007f374fb83a10] Compiler: c1, Barriers: 0, Oops: 0, ImmediateOops: 0, NonImmediateOops: No
[1,246s][debug  ][gc,nmethod  ] Register NMethod: java.lang.reflect.Constructor.getModifiers (0x00007f376f1ef910) [0x00007f376f1efaa0, 0x00007f376f1efb60] Compiler: c1, Barriers: 0, Oops: 0, ImmediateOops: 0, NonImmediateOops: No
[1,247s][debug  ][gc,nmethod  ] Register NMethod: sun.invoke.util.Wrapper.forBasicType (0x00007f374fb83a90) [0x00007f374fb83ca0, 0x00007f374fb84190] Compiler: c1, Barriers: 0, Oops: 0, ImmediateOops: 19, NonImmediateOops: No
[1,247s][debug  ][gc,nmethod  ] Register NMethod: jdk.internal.org.objectweb.asm.SymbolTable$Entry.<init> (0x00007f374fb84210) [0x00007f374fb843c0, 0x00007f374fb84540] Compiler: c1, Barriers: 0, Oops: 0, ImmediateOops: 0, NonImmediateOops: No
[1,247s][debug  ][gc,nmethod  ] Register NMethod: java.lang.invoke.MethodHandle.linkToStatic (0x00007f376f1efc10) [0x00007f376f1efd80, 0x00007f376f1efe70] Compiler: , Barriers: 0, Oops: 0, ImmediateOops: 0, NonImmediateOops: No
[1,248s][debug  ][gc,nmethod  ] Register NMethod: java.lang.invoke.MethodHandle.linkToSpecial (0x00007f376f1eff10) [0x00007f376f1f0080, 0x00007f376f1f0178] Compiler: , Barriers: 0, Oops: 0, ImmediateOops: 0, NonImmediateOops: No
[1,248s][debug  ][gc,nmethod  ] Register NMethod: java.lang.invoke.MemberName$Factory.resolveOrFail (0x00007f374fb84610) [0x00007f374fb84820, 0x00007f374fb84f00] Compiler: c1, Barriers: 1, Oops: 0, ImmediateOops: 0, NonImmediateOops: No
[1,248s][debug  ][gc,nmethod  ] Register NMethod: java.lang.invoke.MethodHandle.invokeBasic (0x00007f376f1f0210) [0x00007f376f1f03a0, 0x00007f376f1f0638] Compiler: , Barriers: 0, Oops: 0, ImmediateOops: 0, NonImmediateOops: No
[1,248s][debug  ][gc,nmethod  ] Register NMethod: java.lang.invoke.MethodHandle.linkToSpecial (0x00007f376f1f0690) [0x00007f376f1f0800, 0x00007f376f1f08f8] Compiler: , Barriers: 0, Oops: 0, ImmediateOops: 0, NonImmediateOops: No
[1,248s][debug  ][gc,nmethod  ] Register NMethod: jdk.internal.org.objectweb.asm.Label.resolve (0x00007f374fb85190) [0x00007f374fb85380, 0x00007f374fb858f0] Compiler: c1, Barriers: 2, Oops: 0, ImmediateOops: 0, NonImmediateOops: No
[1,248s][debug  ][gc,nmethod  ] Register NMethod: java.lang.invoke.LambdaForm.parameterType (0x00007f374fb85b90) [0x00007f374fb85d40, 0x00007f374fb85ec8] Compiler: c1, Barriers: 1, Oops: 0, ImmediateOops: 0, NonImmediateOops: No
[1,248s][debug  ][gc,nmethod  ] Register NMethod: java.lang.invoke.MemberName.<init> (0x00007f374fb85f90) [0x00007f374fb86180, 0x00007f374fb864a0] Compiler: c1, Barriers: 0, Oops: 0, ImmediateOops: 1, NonImmediateOops: No
[1,248s][debug  ][gc,nmethod  ] Register NMethod: java.util.regex.Pattern$$Lambda/0x0000000080142460.is (0x00007f374fb86610) [0x00007f374fb867a0, 0x00007f374fb86960] Compiler: c1, Barriers: 0, Oops: 0, ImmediateOops: 0, NonImmediateOops: No
[1,249s][debug  ][gc,nmethod  ] Register NMethod: java.util.regex.Pattern.lambda$Single$14 (0x00007f374fb86a10) [0x00007f374fb86ba0, 0x00007f374fb86ce0] Compiler: c1, Barriers: 0, Oops: 0, ImmediateOops: 0, NonImmediateOops: No
[1,249s][debug  ][gc,nmethod  ] Register NMethod: java.util.regex.Pattern$BmpCharPropertyGreedy.match (0x00007f374fb86d90) [0x00007f374fb86fa0, 0x00007f374fb876c8] Compiler: c1, Barriers: 2, Oops: 0, ImmediateOops: 0, NonImmediateOops: No
[1,249s][debug  ][gc,nmethod  ] Register NMethod: java.util.regex.Matcher.checkMatch (0x00007f374fb87910) [0x00007f374fb87ac0, 0x00007f374fb87d88] Compiler: c1, Barriers: 0, Oops: 0, ImmediateOops: 1, NonImmediateOops: No
[1,249s][debug  ][gc,nmethod  ] Register NMethod: java.util.regex.Matcher.hasMatch (0x00007f374fb87e90) [0x00007f374fb88020, 0x00007f374fb88180] Compiler: c1, Barriers: 0, Oops: 0, ImmediateOops: 0, NonImmediateOops: No
[1,249s][debug  ][gc,nmethod  ] Register NMethod: java.util.regex.Matcher.search (0x00007f374fb88210) [0x00007f374fb88400, 0x00007f374fb88a78] Compiler: c1, Barriers: 6, Oops: 0, ImmediateOops: 0, NonImmediateOops: No
[1,249s][debug  ][gc,nmethod  ] Register NMethod: java.util.regex.Matcher.start (0x00007f374fb88c90) [0x00007f374fb88e60, 0x00007f374fb89190] Compiler: c1, Barriers: 0, Oops: 0, ImmediateOops: 1, NonImmediateOops: No
[1,249s][debug  ][gc,nmethod  ] Register NMethod: java.util.regex.Matcher.end (0x00007f374fb89310) [0x00007f374fb894e0, 0x00007f374fb89818] Compiler: c1, Barriers: 0, Oops: 0, ImmediateOops: 1, NonImmediateOops: No
[1,249s][debug  ][gc,nmethod  ] Register NMethod: java.util.regex.Matcher.find (0x00007f374fb89990) [0x00007f374fb89b60, 0x00007f374fb89e70] Compiler: c1, Barriers: 1, Oops: 0, ImmediateOops: 0, NonImmediateOops: No
[1,249s][debug  ][gc,nmethod  ] Register NMethod: java.util.regex.Pattern$Start.match (0x00007f374fb89f90) [0x00007f374fb8a160, 0x00007f374fb8a5a0] Compiler: c1, Barriers: 2, Oops: 0, ImmediateOops: 0, NonImmediateOops: No
[1,249s][debug  ][gc,nmethod  ] Register NMethod: java.util.regex.Pattern$LastNode.match (0x00007f374fb8a710) [0x00007f374fb8a8c0, 0x00007f374fb8aaf0] Compiler: c1, Barriers: 1, Oops: 0, ImmediateOops: 0, NonImmediateOops: No
[1,249s][debug  ][gc,nmethod  ] Register NMethod: java.lang.String.subSequence (0x00007f374fb8ac10) [0x00007f374fb8adc0, 0x00007f374fb8aef8] Compiler: c1, Barriers: 0, Oops: 0, ImmediateOops: 0, NonImmediateOops: No
[1,249s][debug  ][gc,nmethod  ] Register NMethod: java.lang.String.toString (0x00007f376f1f0990) [0x00007f376f1f0b00, 0x00007f376f1f0b78] Compiler: c2, Barriers: 0, Oops: 0, ImmediateOops: 0, NonImmediateOops: No
[1,250s][debug  ][gc,nmethod  ] Register NMethod: java.util.ImmutableCollections$SetN.<init> (0x00007f374fb8af90) [0x00007f374fb8b240, 0x00007f374fb8bfc8] Compiler: c1, Barriers: 8, Oops: 1, ImmediateOops: 2, NonImmediateOops: No
[1,251s][debug  ][gc,nmethod  ] Register NMethod: sun.invoke.util.BytecodeDescriptor.unparse (0x00007f374fb8c490) [0x00007f374fb8c640, 0x00007f374fb8c848] Compiler: c1, Barriers: 0, Oops: 0, ImmediateOops: 4, NonImmediateOops: No
[1,251s][debug  ][gc,nmethod  ] Register NMethod: java.util.regex.Pattern$BmpCharPropertyGreedy.match (0x00007f376f1f0c90) [0x00007f376f1f0e60, 0x00007f376f1f1240] Compiler: c2, Barriers: 3, Oops: 0, ImmediateOops: 0, NonImmediateOops: No
[1,251s][debug  ][gc,nmethod  ] Register NMethod: sun.util.locale.StringTokenIterator.isDone (0x00007f376f1f1490) [0x00007f376f1f1620, 0x00007f376f1f16e8] Compiler: c1, Barriers: 0, Oops: 0, ImmediateOops: 0, NonImmediateOops: No
[1,251s][debug  ][gc,nmethod  ] Register NMethod: java.util.Collections$EmptyList.isEmpty (0x00007f376f1f1790) [0x00007f376f1f1920, 0x00007f376f1f19e0] Compiler: c1, Barriers: 0, Oops: 0, ImmediateOops: 0, NonImmediateOops: No
[1,251s][debug  ][gc,nmethod  ] Register NMethod: sun.util.locale.LocaleUtils.toLower (0x00007f374fb8c910) [0x00007f374fb8cac0, 0x00007f374fb8cce0] Compiler: c1, Barriers: 0, Oops: 0, ImmediateOops: 0, NonImmediateOops: No
[1,251s][debug  ][gc,nmethod  ] Register NMethod: sun.util.locale.BaseLocale.getRegion (0x00007f376f1f1a90) [0x00007f376f1f1c20, 0x00007f376f1f1d10] Compiler: c1, Barriers: 1, Oops: 0, ImmediateOops: 0, NonImmediateOops: No
[1,251s][debug  ][gc,nmethod  ] Register NMethod: sun.util.locale.BaseLocale.getVariant (0x00007f376f1f1d90) [0x00007f376f1f1f20, 0x00007f376f1f2010] Compiler: c1, Barriers: 1, Oops: 0, ImmediateOops: 0, NonImmediateOops: No
[1,251s][debug  ][gc,nmethod  ] Register NMethod: sun.util.locale.StringTokenIterator.current (0x00007f376f1f2090) [0x00007f376f1f2220, 0x00007f376f1f2310] Compiler: c1, Barriers: 1, Oops: 0, ImmediateOops: 0, NonImmediateOops: No
[1,251s][debug  ][gc,nmethod  ] Register NMethod: java.util.Collections.emptyList (0x00007f374fb8cd90) [0x00007f374fb8cf20, 0x00007f374fb8d010] Compiler: c1, Barriers: 0, Oops: 0, ImmediateOops: 1, NonImmediateOops: No
[1,251s][debug  ][gc,nmethod  ] Register NMethod: sun.util.locale.BaseLocale.getScript (0x00007f376f1f2390) [0x00007f376f1f2520, 0x00007f376f1f2610] Compiler: c1, Barriers: 1, Oops: 0, ImmediateOops: 0, NonImmediateOops: No
[1,252s][debug  ][gc,nmethod  ] Register NMethod: sun.util.locale.LocaleUtils.isAlpha (0x00007f374fb8d090) [0x00007f374fb8d220, 0x00007f374fb8d400] Compiler: c1, Barriers: 0, Oops: 0, ImmediateOops: 0, NonImmediateOops: No
[1,252s][debug  ][gc,nmethod  ] Register NMethod: sun.util.locale.StringTokenIterator.currentEnd (0x00007f376f1f2690) [0x00007f376f1f2820, 0x00007f376f1f28e0] Compiler: c1, Barriers: 0, Oops: 0, ImmediateOops: 0, NonImmediateOops: No
[1,252s][debug  ][gc,nmethod  ] Register NMethod: sun.util.locale.BaseLocale$Key.hashCode (0x00007f376f1f2990) [0x00007f376f1f2b20, 0x00007f376f1f2be0] Compiler: c1, Barriers: 0, Oops: 0, ImmediateOops: 0, NonImmediateOops: No
[1,252s][debug  ][gc,nmethod  ] Register NMethod: sun.util.locale.LocaleUtils.isLower (0x00007f374fb8d490) [0x00007f374fb8d620, 0x00007f374fb8d790] Compiler: c1, Barriers: 0, Oops: 0, ImmediateOops: 0, NonImmediateOops: No
[1,252s][debug  ][gc,nmethod  ] Register NMethod: java.lang.ref.SoftReference.<init> (0x00007f374fb8d810) [0x00007f374fb8d9e0, 0x00007f374fb8dd30] Compiler: c1, Barriers: 6, Oops: 0, ImmediateOops: 2, NonImmediateOops: No
[1,252s][debug  ][gc,nmethod  ] Register NMethod: java.lang.ref.Reference.<init> (0x00007f374fb8de90) [0x00007f374fb8e040, 0x00007f374fb8e318] Compiler: c1, Barriers: 6, Oops: 0, ImmediateOops: 1, NonImmediateOops: No
[1,252s][debug  ][gc,nmethod  ] Register NMethod: sun.util.locale.ParseStatus.isError (0x00007f374fb8e410) [0x00007f374fb8e5a0, 0x00007f374fb8e700] Compiler: c1, Barriers: 0, Oops: 0, ImmediateOops: 0, NonImmediateOops: No
[1,252s][debug  ][gc,nmethod  ] Register NMethod: java.util.stream.ReferencePipeline$3$1.accept (0x00007f374fb8e790) [0x00007f374fb8e960, 0x00007f374fb8ec90] Compiler: c1, Barriers: 3, Oops: 0, ImmediateOops: 0, NonImmediateOops: No
[1,252s][debug  ][gc,nmethod  ] Register NMethod: sun.util.locale.BaseLocale.hashCode (0x00007f374fb8ed90) [0x00007f374fb8ef80, 0x00007f374fb8f2f8] Compiler: c1, Barriers: 4, Oops: 0, ImmediateOops: 0, NonImmediateOops: No
[1,252s][debug  ][gc,director ] Rule Major: Warmup 10%, Used: 54MB, UsedThreshold: 1536MB
[1,252s][debug  ][gc,nmethod  ] Register NMethod: sun.util.locale.LocaleUtils.toLowerString (0x00007f374fb8f490) [0x00007f374fb8f780, 0x00007f374fb90958] Compiler: c1, Barriers: 5, Oops: 1, ImmediateOops: 4, NonImmediateOops: No
[1,252s][debug  ][gc,nmethod  ] Register NMethod: sun.util.locale.StringTokenIterator.next (0x00007f374fb90f90) [0x00007f374fb911a0, 0x00007f374fb91718] Compiler: c1, Barriers: 10, Oops: 0, ImmediateOops: 0, NonImmediateOops: No
[1,252s][debug  ][gc,nmethod  ] Register NMethod: sun.util.locale.StringTokenIterator.hasNext (0x00007f374fb91890) [0x00007f374fb91a40, 0x00007f374fb91d00] Compiler: c1, Barriers: 2, Oops: 0, ImmediateOops: 0, NonImmediateOops: No
[1,252s][debug  ][gc,nmethod  ] Register NMethod: java.lang.ref.SoftReference.<init> (0x00007f374fb91e10) [0x00007f374fb91fc0, 0x00007f374fb922d8] Compiler: c1, Barriers: 6, Oops: 0, ImmediateOops: 2, NonImmediateOops: No
[1,253s][debug  ][gc,nmethod  ] Register NMethod: sun.util.locale.LocaleUtils.isAlphaString (0x00007f374fb92410) [0x00007f374fb92640, 0x00007f374fb92fa0] Compiler: c1, Barriers: 3, Oops: 1, ImmediateOops: 2, NonImmediateOops: No
[1,253s][debug  ][gc,nmethod  ] Register NMethod: sun.util.locale.LanguageTag.getLanguage (0x00007f376f1f2c90) [0x00007f376f1f2e20, 0x00007f376f1f2f10] Compiler: c1, Barriers: 1, Oops: 0, ImmediateOops: 0, NonImmediateOops: No
[1,253s][debug  ][gc,nmethod  ] Register NMethod: sun.util.locale.LanguageTag.getScript (0x00007f376f1f2f90) [0x00007f376f1f3120, 0x00007f376f1f3210] Compiler: c1, Barriers: 1, Oops: 0, ImmediateOops: 0, NonImmediateOops: No
[1,253s][debug  ][gc,nmethod  ] Register NMethod: sun.util.locale.LanguageTag.getRegion (0x00007f376f1f3290) [0x00007f376f1f3420, 0x00007f376f1f3510] Compiler: c1, Barriers: 1, Oops: 0, ImmediateOops: 0, NonImmediateOops: No
[1,253s][debug  ][gc,nmethod  ] Register NMethod: sun.util.locale.LanguageTag.getPrivateuse (0x00007f376f1f3590) [0x00007f376f1f3720, 0x00007f376f1f3810] Compiler: c1, Barriers: 1, Oops: 0, ImmediateOops: 0, NonImmediateOops: No
[1,253s][debug  ][gc,nmethod  ] Register NMethod: sun.util.locale.StringTokenIterator.nextDelimiter (0x00007f374fb93310) [0x00007f374fb93660, 0x00007f374fb94ce0] Compiler: c1, Barriers: 13, Oops: 1, ImmediateOops: 6, NonImmediateOops: No
[1,253s][debug  ][gc,nmethod  ] Register NMethod: sun.util.locale.BaseLocale.<init> (0x00007f374fb95510) [0x00007f374fb95760, 0x00007f374fb95e40] Compiler: c1, Barriers: 24, Oops: 0, ImmediateOops: 0, NonImmediateOops: No
[1,253s][debug  ][gc,nmethod  ] Register NMethod: sun.util.locale.BaseLocale$Key.normalize (0x00007f374fb96090) [0x00007f374fb96260, 0x00007f374fb965d0] Compiler: c1, Barriers: 5, Oops: 0, ImmediateOops: 0, NonImmediateOops: No
[1,253s][debug  ][gc,nmethod  ] Register NMethod: sun.util.locale.LocaleObjectCache$CacheEntry.<init> (0x00007f374fb96710) [0x00007f374fb968e0, 0x00007f374fb96cc8] Compiler: c1, Barriers: 9, Oops: 0, ImmediateOops: 2, NonImmediateOops: No
[1,253s][debug  ][gc,nmethod  ] Register NMethod: sun.util.locale.LocaleUtils.isEmpty (0x00007f374fb96e10) [0x00007f374fb96fc0, 0x00007f374fb971e8] Compiler: c1, Barriers: 0, Oops: 0, ImmediateOops: 0, NonImmediateOops: No
[1,253s][debug  ][gc,nmethod  ] Register NMethod: sun.util.locale.InternalLocaleBuilder.clearExtensions (0x00007f374fb97290) [0x00007f374fb97480, 0x00007f374fb97918] Compiler: c1, Barriers: 3, Oops: 0, ImmediateOops: 0, NonImmediateOops: No
[1,253s][debug  ][gc,nmethod  ] Register NMethod: sun.util.locale.BaseLocale.getInstance (0x00007f374fb97a90) [0x00007f374fb97d20, 0x00007f374fb98890] Compiler: c1, Barriers: 6, Oops: 1, ImmediateOops: 6, NonImmediateOops: No
[1,254s][debug  ][gc,nmethod  ] Register NMethod: sun.util.locale.LocaleObjectCache.cleanStaleEntries (0x00007f374fb98c90) [0x00007f374fb98e80, 0x00007f374fb99358] Compiler: c1, Barriers: 3, Oops: 0, ImmediateOops: 0, NonImmediateOops: No
[1,254s][debug  ][gc,nmethod  ] Register NMethod: sun.util.locale.BaseLocale$Key.<init> (0x00007f374fb99510) [0x00007f374fb99740, 0x00007f374fb99f10] Compiler: c1, Barriers: 18, Oops: 0, ImmediateOops: 2, NonImmediateOops: No
[1,254s][debug  ][gc,nmethod  ] Register NMethod: sun.util.locale.LocaleUtils.toUpperString (0x00007f374fb9a110) [0x00007f374fb9a400, 0x00007f374fb9b5d8] Compiler: c1, Barriers: 5, Oops: 1, ImmediateOops: 4, NonImmediateOops: No
[1,254s][debug  ][gc,nmethod  ] Register NMethod: java.util.Locale.<init> (0x00007f374fb9bc10) [0x00007f374fb9bdc0, 0x00007f374fb9c010] Compiler: c1, Barriers: 6, Oops: 0, ImmediateOops: 0, NonImmediateOops: No
[1,254s][debug  ][gc,nmethod  ] Register NMethod: sun.util.locale.LocaleObjectCache.get (0x00007f374fb9c110) [0x00007f374fb9c400, 0x00007f374fb9d6a0] Compiler: c1, Barriers: 16, Oops: 0, ImmediateOops: 2, NonImmediateOops: No
[1,254s][debug  ][gc,nmethod  ] Register NMethod: java.util.Locale.getInstance (0x00007f374fb9db10) [0x00007f374fb9dd40, 0x00007f374fb9e500] Compiler: c1, Barriers: 1, Oops: 1, ImmediateOops: 3, NonImmediateOops: No
[1,254s][debug  ][gc,nmethod  ] Register NMethod: sun.util.locale.BaseLocale$Key.hashCode (0x00007f374fb9e710) [0x00007f374fb9eb40, 0x00007f374fba0e00] Compiler: c1, Barriers: 16, Oops: 1, ImmediateOops: 8, NonImmediateOops: No
[1,254s][debug  ][gc,nmethod  ] Register NMethod: sun.util.locale.InternalLocaleBuilder.<init> (0x00007f374fba1a90) [0x00007f374fba1c60, 0x00007f374fba1fc8] Compiler: c1, Barriers: 12, Oops: 0, ImmediateOops: 5, NonImmediateOops: No
[1,254s][debug  ][gc,nmethod  ] Register NMethod: sun.util.locale.BaseLocale.convertOldISOCodes (0x00007f374fba2090) [0x00007f374fba22c0, 0x00007f374fba29b0] Compiler: c1, Barriers: 0, Oops: 0, ImmediateOops: 9, NonImmediateOops: No
[1,254s][debug  ][gc,nmethod  ] Register NMethod: java.util.ImmutableCollections$SetN.probe (0x00007f376f1f3890) [0x00007f376f1f3a80, 0x00007f376f1f42e0] Compiler: c2, Barriers: 9, Oops: 0, ImmediateOops: 0, NonImmediateOops: No
[1,254s][debug  ][gc,nmethod  ] Register NMethod: java.util.Locale.forLanguageTag (0x00007f374fba2b10) [0x00007f374fba2d80, 0x00007f374fba35b0] Compiler: c1, Barriers: 17, Oops: 0, ImmediateOops: 5, NonImmediateOops: No
[1,255s][debug  ][gc,nmethod  ] Register NMethod: sun.util.locale.StringTokenIterator.<init> (0x00007f374fba3810) [0x00007f374fba3a40, 0x00007f374fba42c8] Compiler: c1, Barriers: 7, Oops: 1, ImmediateOops: 2, NonImmediateOops: No
[1,255s][debug  ][gc,nmethod  ] Register NMethod: java.util.Locale$Cache.createObject (0x00007f374fba4610) [0x00007f374fba47c0, 0x00007f374fba4910] Compiler: c1, Barriers: 0, Oops: 0, ImmediateOops: 0, NonImmediateOops: No
[1,255s][debug  ][gc,nmethod  ] Register NMethod: sun.util.locale.LanguageTag.parse (0x00007f374fba4990) [0x00007f374fba4d20, 0x00007f374fba60c8] Compiler: c1, Barriers: 13, Oops: 2, ImmediateOops: 5, NonImmediateOops: No
[1,255s][debug  ][gc,nmethod  ] Register NMethod: java.lang.String.isEmpty (0x00007f376f1f4590) [0x00007f376f1f4720, 0x00007f376f1f47f0] Compiler: c2, Barriers: 1, Oops: 0, ImmediateOops: 0, NonImmediateOops: No
[1,255s][debug  ][gc,nmethod  ] Register NMethod: java.lang.String.<init> (0x00007f374fba6790) [0x00007f374fba6940, 0x00007f374fba6a90] Compiler: c1, Barriers: 0, Oops: 0, ImmediateOops: 0, NonImmediateOops: No
[1,255s][debug  ][gc,nmethod  ] Register NMethod: sun.util.locale.LanguageTag.<init> (0x00007f374fba6b90) [0x00007f374fba6d80, 0x00007f374fba7380] Compiler: c1, Barriers: 21, Oops: 0, ImmediateOops: 9, NonImmediateOops: No
[1,255s][debug  ][gc,nmethod  ] Register NMethod: sun.util.locale.LanguageTag.parseVariants (0x00007f374fba7490) [0x00007f374fba76e0, 0x00007f374fba7f18] Compiler: c1, Barriers: 6, Oops: 0, ImmediateOops: 0, NonImmediateOops: No
[1,255s][debug  ][gc,nmethod  ] Register NMethod: java.util.Collections.emptyList (0x00007f376f1f4890) [0x00007f376f1f4a00, 0x00007f376f1f4a70] Compiler: c2, Barriers: 0, Oops: 0, ImmediateOops: 1, NonImmediateOops: No
[1,255s][debug  ][gc,nmethod  ] Register NMethod: sun.util.locale.StringTokenIterator.setStart (0x00007f374fba8190) [0x00007f374fba8380, 0x00007f374fba87e8] Compiler: c1, Barriers: 6, Oops: 0, ImmediateOops: 0, NonImmediateOops: No
[1,255s][debug  ][gc,nmethod  ] Register NMethod: sun.util.locale.LanguageTag.parseLanguage (0x00007f374fba8990) [0x00007f374fba8ba0, 0x00007f374fba9258] Compiler: c1, Barriers: 5, Oops: 0, ImmediateOops: 0, NonImmediateOops: No
[1,255s][debug  ][gc,nmethod  ] Register NMethod: sun.util.locale.LanguageTag.isRegion (0x00007f374fba9490) [0x00007f374fba97a0, 0x00007f374fbaabf8] Compiler: c1, Barriers: 6, Oops: 1, ImmediateOops: 4, NonImmediateOops: No
[1,255s][debug  ][gc,nmethod  ] Register NMethod: sun.util.locale.InternalLocaleBuilder.clear (0x00007f374fbab290) [0x00007f374fbab460, 0x00007f374fbab7b8] Compiler: c1, Barriers: 12, Oops: 0, ImmediateOops: 5, NonImmediateOops: No
[1,255s][debug  ][gc,nmethod  ] Register NMethod: sun.util.locale.LanguageTag.isLanguage (0x00007f374fbab890) [0x00007f374fbabae0, 0x00007f374fbac608] Compiler: c1, Barriers: 3, Oops: 1, ImmediateOops: 2, NonImmediateOops: No
[1,255s][debug  ][gc,nmethod  ] Register NMethod: sun.util.locale.LanguageTag.getExtlangs (0x00007f374fbaca10) [0x00007f374fbacbe0, 0x00007f374fbacf10] Compiler: c1, Barriers: 2, Oops: 0, ImmediateOops: 1, NonImmediateOops: No
[1,255s][debug  ][gc,nmethod  ] Register NMethod: java.util.regex.Matcher.search (0x00007f376f1f4b90) [0x00007f376f1f4dc0, 0x00007f376f1f5850] Compiler: c2, Barriers: 10, Oops: 0, ImmediateOops: 0, NonImmediateOops: No
[1,255s][debug  ][gc,nmethod  ] Register NMethod: sun.util.locale.LanguageTag.getVariants (0x00007f374fbad010) [0x00007f374fbad1e0, 0x00007f374fbad510] Compiler: c1, Barriers: 2, Oops: 0, ImmediateOops: 1, NonImmediateOops: No
[1,255s][debug  ][gc,nmethod  ] Register NMethod: sun.util.locale.LanguageTag.getExtensions (0x00007f374fbad610) [0x00007f374fbad7e0, 0x00007f374fbadb10] Compiler: c1, Barriers: 2, Oops: 0, ImmediateOops: 1, NonImmediateOops: No
[1,255s][debug  ][gc,nmethod  ] Register NMethod: sun.util.locale.LocaleUtils.isEmpty (0x00007f374fbadc10) [0x00007f374fbaddc0, 0x00007f374fbadfe8] Compiler: c1, Barriers: 0, Oops: 0, ImmediateOops: 0, NonImmediateOops: No
[1,255s][debug  ][gc,nmethod  ] Register NMethod: sun.util.locale.LanguageTag.parsePrivateuse (0x00007f374fbae090) [0x00007f374fbae3a0, 0x00007f374fbaf390] Compiler: c1, Barriers: 10, Oops: 1, ImmediateOops: 3, NonImmediateOops: No
[1,256s][debug  ][gc,nmethod  ] Register NMethod: sun.util.locale.LocaleUtils.isEmpty (0x00007f374fbaf910) [0x00007f374fbafac0, 0x00007f374fbafce8] Compiler: c1, Barriers: 0, Oops: 0, ImmediateOops: 0, NonImmediateOops: No
[1,256s][debug  ][gc,nmethod  ] Register NMethod: sun.util.locale.LocaleUtils.toTitleString (0x00007f374fbafd90) [0x00007f374fbb0120, 0x00007f374fbb1b30] Compiler: c1, Barriers: 5, Oops: 1, ImmediateOops: 6, NonImmediateOops: No
[1,256s][debug  ][gc,nmethod  ] Register NMethod: sun.util.locale.LanguageTag.parseScript (0x00007f374fbb2390) [0x00007f374fbb25a0, 0x00007f374fbb2c10] Compiler: c1, Barriers: 5, Oops: 0, ImmediateOops: 0, NonImmediateOops: No
[1,256s][debug  ][gc,nmethod  ] Register NMethod: sun.util.locale.LanguageTag.parseExtlangs (0x00007f374fbb2e10) [0x00007f374fbb30a0, 0x00007f374fbb3c38] Compiler: c1, Barriers: 8, Oops: 0, ImmediateOops: 0, NonImmediateOops: No
[1,256s][debug  ][gc,nmethod  ] Register NMethod: sun.util.locale.LanguageTag.parseRegion (0x00007f374fbb3f90) [0x00007f374fbb4180, 0x00007f374fbb45b8] Compiler: c1, Barriers: 4, Oops: 0, ImmediateOops: 0, NonImmediateOops: No
[1,256s][debug  ][gc,nmethod  ] Register NMethod: sun.util.locale.InternalLocaleBuilder.getLocaleExtensions (0x00007f374fbb4710) [0x00007f374fbb4960, 0x00007f374fbb5290] Compiler: c1, Barriers: 6, Oops: 0, ImmediateOops: 0, NonImmediateOops: No
[1,256s][debug  ][gc,nmethod  ] Register NMethod: sun.util.locale.BaseLocale$Key.getBaseLocale (0x00007f374fbb5490) [0x00007f374fbb5660, 0x00007f374fbb59c8] Compiler: c1, Barriers: 2, Oops: 0, ImmediateOops: 0, NonImmediateOops: No
[1,256s][debug  ][gc,nmethod  ] Register NMethod: sun.util.locale.InternalLocaleBuilder.getBaseLocale (0x00007f374fbb5a90) [0x00007f374fbb5dc0, 0x00007f374fbb6e80] Compiler: c1, Barriers: 7, Oops: 2, ImmediateOops: 6, NonImmediateOops: No
[1,256s][debug  ][gc,nmethod  ] Register NMethod: sun.util.locale.InternalLocaleBuilder.setExtensions (0x00007f374fbb7510) [0x00007f374fbb7a60, 0x00007f374fbba528] Compiler: c1, Barriers: 20, Oops: 1, ImmediateOops: 5, NonImmediateOops: No
[1,256s][debug  ][gc,nmethod  ] Register NMethod: sun.util.locale.provider.LocaleProviderAdapter$$Lambda/0x0000000080148dc0.apply (0x00007f374fbbb310) [0x00007f374fbbb4c0, 0x00007f374fbbb6d0] Compiler: c1, Barriers: 0, Oops: 0, ImmediateOops: 0, NonImmediateOops: No
[1,256s][debug  ][gc,nmethod  ] Register NMethod: sun.util.locale.InternalLocaleBuilder.setLanguageTag (0x00007f374fbbb790) [0x00007f374fbbbbe0, 0x00007f374fbbd948] Compiler: c1, Barriers: 39, Oops: 1, ImmediateOops: 11, NonImmediateOops: No
[1,257s][debug  ][gc,nmethod  ] Register NMethod: sun.util.locale.LanguageTag.parseExtensions (0x00007f374fbbe090) [0x00007f374fbbe4a0, 0x00007f374fbbfd20] Compiler: c1, Barriers: 12, Oops: 3, ImmediateOops: 4, NonImmediateOops: No
[1,257s][debug  ][gc,nmethod  ] Register NMethod: sun.util.locale.LocaleObjectCache.normalizeKey (0x00007f374fbc0610) [0x00007f374fbc07a0, 0x00007f374fbc08a8] Compiler: c1, Barriers: 0, Oops: 0, ImmediateOops: 0, NonImmediateOops: No
[1,257s][debug  ][gc,nmethod  ] Register NMethod: sun.util.locale.BaseLocale$Cache.normalizeKey (0x00007f374fbc0910) [0x00007f374fbc0ac0, 0x00007f374fbc0d30] Compiler: c1, Barriers: 0, Oops: 0, ImmediateOops: 0, NonImmediateOops: No
[1,257s][debug  ][gc,nmethod  ] Register NMethod: sun.util.locale.provider.LocaleProviderAdapter.lambda$toLocaleArray$0 (0x00007f374fbc0e10) [0x00007f374fbc1060, 0x00007f374fbc17a8] Compiler: c1, Barriers: 3, Oops: 0, ImmediateOops: 3, NonImmediateOops: No
[1,257s][debug  ][gc,nmethod  ] Register NMethod: sun.util.locale.BaseLocale$Cache.normalizeKey (0x00007f374fbc1990) [0x00007f374fbc1b40, 0x00007f374fbc1c78] Compiler: c1, Barriers: 0, Oops: 0, ImmediateOops: 0, NonImmediateOops: No
[1,257s][debug  ][gc,nmethod  ] Register NMethod: java.util.stream.Nodes$FixedNodeBuilder.accept (0x00007f374fbc1d10) [0x00007f374fbc1f60, 0x00007f374fbc2978] Compiler: c1, Barriers: 8, Oops: 1, ImmediateOops: 2, NonImmediateOops: No
[1,257s][debug  ][gc,nmethod  ] Register NMethod: sun.util.locale.BaseLocale$Cache.createObject (0x00007f374fbc2d10) [0x00007f374fbc2ee0, 0x00007f374fbc32e0] Compiler: c1, Barriers: 2, Oops: 0, ImmediateOops: 0, NonImmediateOops: No
[1,257s][debug  ][gc,nmethod  ] Register NMethod: sun.util.locale.BaseLocale$Cache.createObject (0x00007f374fbc3410) [0x00007f374fbc3600, 0x00007f374fbc3b38] Compiler: c1, Barriers: 2, Oops: 0, ImmediateOops: 0, NonImmediateOops: No
[1,257s][debug  ][gc,nmethod  ] Register NMethod: java.util.Locale.hasExtensions (0x00007f374fbc3d10) [0x00007f374fbc3ea0, 0x00007f374fbc4030] Compiler: c1, Barriers: 1, Oops: 0, ImmediateOops: 0, NonImmediateOops: No
[1,257s][debug  ][gc,nmethod  ] Register NMethod: java.util.Locale$Cache.createObject (0x00007f374fbc4090) [0x00007f374fbc42a0, 0x00007f374fbc4b18] Compiler: c1, Barriers: 11, Oops: 0, ImmediateOops: 0, NonImmediateOops: No
[1,257s][debug  ][gc,nmethod  ] Register NMethod: java.util.Locale.stripExtensions (0x00007f374fbc4d90) [0x00007f374fbc4f60, 0x00007f374fbc5238] Compiler: c1, Barriers: 2, Oops: 0, ImmediateOops: 0, NonImmediateOops: No
[1,257s][debug  ][gc,nmethod  ] Register NMethod: sun.util.locale.LanguageTag.isScript (0x00007f374fbc5310) [0x00007f374fbc5560, 0x00007f374fbc6058] Compiler: c1, Barriers: 3, Oops: 1, ImmediateOops: 2, NonImmediateOops: No
[1,257s][debug  ][gc,nmethod  ] Register NMethod: java.util.concurrent.ConcurrentHashMap.addCount (0x00007f376f1f5d90) [0x00007f376f1f5f40, 0x00007f376f1f61f0] Compiler: c2, Barriers: 2, Oops: 0, ImmediateOops: 0, NonImmediateOops: No
[1,257s][debug  ][gc,nmethod  ] Register NMethod: sun.util.locale.LanguageTag.isExtlang (0x00007f374fbc6410) [0x00007f374fbc6660, 0x00007f374fbc7158] Compiler: c1, Barriers: 3, Oops: 1, ImmediateOops: 2, NonImmediateOops: No
[1,257s][debug  ][gc,nmethod  ] Register NMethod: java.util.Locale.equals (0x00007f374fbc7510) [0x00007f374fbc7740, 0x00007f374fbc7f30] Compiler: c1, Barriers: 5, Oops: 0, ImmediateOops: 0, NonImmediateOops: No
[1,259s][debug  ][gc,nmethod  ] Register NMethod: java.lang.invoke.MethodTypeForm.cachedLambdaForm (0x00007f374fbc8090) [0x00007f374fbc8260, 0x00007f374fbc85f0] Compiler: c1, Barriers: 2, Oops: 0, ImmediateOops: 0, NonImmediateOops: No
[1,259s][debug  ][gc,nmethod  ] Register NMethod: java.lang.invoke.DirectMethodHandle.<init> (0x00007f374fbc8710) [0x00007f374fbc8a00, 0x00007f374fbc99f0] Compiler: c1, Barriers: 10, Oops: 2, ImmediateOops: 2, NonImmediateOops: No
[1,260s][debug  ][gc,nmethod  ] Register NMethod: java.lang.String.substring (0x00007f376f1f6490) [0x00007f376f1f6660, 0x00007f376f1f6d78] Compiler: c2, Barriers: 4, Oops: 1, ImmediateOops: 1, NonImmediateOops: No
[1,260s][debug  ][gc,nmethod  ] Register NMethod: java.util.regex.Matcher.search (0x00007f374fbc9e90) [0x00007f374fbca080, 0x00007f374fbca6f8] Compiler: c1, Barriers: 6, Oops: 0, ImmediateOops: 0, NonImmediateOops: No
[1,260s][debug  ][gc,nmethod  ] Register NMethod: java.lang.invoke.MethodType.parameterCount (0x00007f376f1f7090) [0x00007f376f1f7220, 0x00007f376f1f72e8] Compiler: c2, Barriers: 1, Oops: 0, ImmediateOops: 0, NonImmediateOops: No
[1,261s][debug  ][gc,nmethod  ] Register NMethod: java.lang.invoke.LambdaForm$MH/0x0000000080000800.invoke (0x00007f374fbca910) [0x00007f374fbcaac0, 0x00007f374fbcad10] Compiler: c1, Barriers: 1, Oops: 1, ImmediateOops: 0, NonImmediateOops: No
[1,261s][debug  ][gc,nmethod  ] Register NMethod: java.lang.invoke.Invokers$Holder.linkToTargetMethod (0x00007f374fbcae10) [0x00007f374fbcafc0, 0x00007f374fbcb270] Compiler: c1, Barriers: 0, Oops: 0, ImmediateOops: 0, NonImmediateOops: No
[1,261s][debug  ][gc,nmethod  ] Register NMethod: java.lang.invoke.MethodType.parameterType (0x00007f376f1f7390) [0x00007f376f1f7520, 0x00007f376f1f7658] Compiler: c2, Barriers: 2, Oops: 0, ImmediateOops: 0, NonImmediateOops: No
[1,261s][debug  ][gc,nmethod  ] Register NMethod: java.lang.String.checkIndex (0x00007f376f1f7710) [0x00007f376f1f7880, 0x00007f376f1f7920] Compiler: c2, Barriers: 0, Oops: 1, ImmediateOops: 0, NonImmediateOops: No
[1,262s][debug  ][gc,nmethod  ] Register NMethod: java.util.ArrayList.iterator (0x00007f374fbcb390) [0x00007f374fbcb540, 0x00007f374fbcb7d8] Compiler: c1, Barriers: 3, Oops: 0, ImmediateOops: 0, NonImmediateOops: No
[1,262s][debug  ][gc,nmethod  ] Register NMethod: java.util.ArrayList$Itr.<init> (0x00007f374fbcb910) [0x00007f374fbcbac0, 0x00007f374fbcbca8] Compiler: c1, Barriers: 3, Oops: 0, ImmediateOops: 0, NonImmediateOops: No
[1,262s][debug  ][gc,director ] Rule Major: Warmup 10%, Used: 58MB, UsedThreshold: 1536MB
[1,263s][debug  ][gc,nmethod  ] Register NMethod: java.lang.invoke.MethodHandles$Lookup.checkAccess (0x00007f374fbcbd90) [0x00007f374fbcc040, 0x00007f374fbccc80] Compiler: c1, Barriers: 5, Oops: 0, ImmediateOops: 1, NonImmediateOops: No
[1,263s][debug  ][gc,nmethod  ] Register NMethod: java.util.concurrent.ConcurrentHashMap.putVal (0x00007f376f1f7a10) [0x00007f376f1f7ca0, 0x00007f376f1f8d48] Compiler: c2, Barriers: 29, Oops: 0, ImmediateOops: 0, NonImmediateOops: No
[1,263s][debug  ][gc,nmethod  ] Register NMethod: java.lang.invoke.MethodHandle.linkToStatic (0x00007f376f1f9790) [0x00007f376f1f9900, 0x00007f376f1f99f0] Compiler: , Barriers: 0, Oops: 0, ImmediateOops: 0, NonImmediateOops: No
[1,263s][debug  ][gc,nmethod  ] Register NMethod: java.lang.invoke.MethodType.toMethodDescriptorString (0x00007f374fbcd010) [0x00007f374fbcd1c0, 0x00007f374fbcd458] Compiler: c1, Barriers: 6, Oops: 0, ImmediateOops: 0, NonImmediateOops: No
[1,264s][debug  ][gc,nmethod  ] Register NMethod: java.lang.invoke.MemberName.getType (0x00007f374fbcd510) [0x00007f374fbcd6e0, 0x00007f374fbcd9d0] Compiler: c1, Barriers: 0, Oops: 0, ImmediateOops: 0, NonImmediateOops: No
[1,264s][debug  ][gc,nmethod  ] Register NMethod: java.lang.StringUTF16.getChar (0x00007f374fbcdb10) [0x00007f374fbcdca0, 0x00007f374fbcde08] Compiler: c1, Barriers: 0, Oops: 0, ImmediateOops: 0, NonImmediateOops: No
[1,264s][debug  ][gc,nmethod  ] Register NMethod: java.lang.CharacterData.of (0x00007f374fb37190) [0x00007f374fb373c0, 0x00007f374fb37d28] Compiler: c1, Barriers: 7, Oops: 0, ImmediateOops: 3, NonImmediateOops: No
[1,264s][debug  ][gc,nmethod  ] Register NMethod: java.lang.CharacterData.of (0x00007f374fb37190) [0x00007f374fb373c0, 0x00007f374fb37d28] Compiler: c1, Barriers: 7, Oops: 0, ImmediateOops: 3, NonImmediateOops: No
[1,265s][debug  ][gc,nmethod  ] Register NMethod: java.lang.StringUTF16.getChar (0x00007f376f1f9a90) [0x00007f376f1f9c20, 0x00007f376f1f9d08] Compiler: c2, Barriers: 0, Oops: 0, ImmediateOops: 0, NonImmediateOops: No
[1,266s][debug  ][gc,nmethod  ] Register NMethod: java.util.HashMap.put (0x00007f376f1f9e10) [0x00007f376f1fa0a0, 0x00007f376f1fad88] Compiler: c2, Barriers: 32, Oops: 0, ImmediateOops: 0, NonImmediateOops: No
[1,267s][debug  ][gc,nmethod  ] Register NMethod: java.lang.invoke.MethodHandle.linkToVirtual (0x00007f376f1fb490) [0x00007f376f1fb600, 0x00007f376f1fb628] Compiler: , Barriers: 0, Oops: 0, ImmediateOops: 0, NonImmediateOops: No
[1,267s][debug  ][gc,nmethod  ] Register NMethod: sun.invoke.util.BytecodeDescriptor.unparseSig (0x00007f374fbcdf10) [0x00007f374fbce140, 0x00007f374fbce5b0] Compiler: c1, Barriers: 0, Oops: 1, ImmediateOops: 2, NonImmediateOops: No
[1,267s][debug  ][gc,nmethod  ] Register NMethod: jdk.internal.org.objectweb.asm.ByteVector.enlarge (0x00007f374fbce810) [0x00007f374fbce9e0, 0x00007f374fbcee30] Compiler: c1, Barriers: 4, Oops: 0, ImmediateOops: 1, NonImmediateOops: No
[1,268s][debug  ][gc,nmethod  ] Register NMethod: jdk.internal.org.objectweb.asm.Frame.pop (0x00007f374fbcef90) [0x00007f374fbcf120, 0x00007f374fbcf2b8] Compiler: c1, Barriers: 0, Oops: 0, ImmediateOops: 0, NonImmediateOops: No
[1,268s][debug  ][gc,nmethod  ] Register NMethod: java.lang.invoke.LambdaForm$Name.useCount (0x00007f374fbcf390) [0x00007f374fbcf540, 0x00007f374fbcf808] Compiler: c1, Barriers: 2, Oops: 0, ImmediateOops: 0, NonImmediateOops: No
[1,268s][debug  ][gc,nmethod  ] Register NMethod: jdk.internal.org.objectweb.asm.MethodWriter.visitInsn (0x00007f374fbcf910) [0x00007f374fbcfb00, 0x00007f374fbcffb0] Compiler: c1, Barriers: 3, Oops: 0, ImmediateOops: 1, NonImmediateOops: No
[1,268s][debug  ][gc,nmethod  ] Register NMethod: java.lang.Class.isInstance (0x00007f376f1fb790) [0x00007f376f1fb920, 0x00007f376f1fbb00] Compiler: , Barriers: 0, Oops: 0, ImmediateOops: 0, NonImmediateOops: No
[1,268s][debug  ][gc,nmethod  ] Register NMethod: java.lang.Class.getComponentType (0x00007f374fbd0110) [0x00007f374fbd02c0, 0x00007f374fbd04a0] Compiler: c1, Barriers: 1, Oops: 0, ImmediateOops: 0, NonImmediateOops: No
[1,268s][debug  ][gc,nmethod  ] Register NMethod: jdk.internal.org.objectweb.asm.Frame.getAbstractTypeFromDescriptor (0x00007f374fbd0590) [0x00007f374fbd0960, 0x00007f374fbd2670] Compiler: c1, Barriers: 8, Oops: 1, ImmediateOops: 6, NonImmediateOops: No
[1,269s][debug  ][gc,nmethod  ] Register NMethod: java.lang.invoke.MethodHandles$Lookup.isClassAccessible (0x00007f374fbd2f90) [0x00007f374fbd31a0, 0x00007f374fbd37e0] Compiler: c1, Barriers: 3, Oops: 0, ImmediateOops: 0, NonImmediateOops: No
[1,269s][debug  ][gc,nmethod  ] Register NMethod: java.lang.String.<init> (0x00007f374fbd3a10) [0x00007f374fbd3e20, 0x00007f374fbd5908] Compiler: c1, Barriers: 10, Oops: 1, ImmediateOops: 2, NonImmediateOops: No
[1,269s][debug  ][gc,nmethod  ] Register NMethod: java.lang.invoke.MemberName.checkForTypeAlias (0x00007f374fbd6190) [0x00007f374fbd6600, 0x00007f374fbd82c0] Compiler: c1, Barriers: 10, Oops: 3, ImmediateOops: 8, NonImmediateOops: No
[1,271s][debug  ][gc,nmethod  ] Register NMethod: java.lang.StringLatin1.indexOf (0x00007f376f1fbb10) [0x00007f376f1fbca0, 0x00007f376f1fbfe0] Compiler: c2, Barriers: 0, Oops: 0, ImmediateOops: 0, NonImmediateOops: No
[1,271s][debug  ][gc,nmethod  ] Register NMethod: worker.org.gradle.internal.classloader.FilteringClassLoader$TrieSet.contains (0x00007f374fbd8b90) [0x00007f374fbd8d40, 0x00007f374fbd8f38] Compiler: c1, Barriers: 1, Oops: 1, ImmediateOops: 0, NonImmediateOops: No
[1,271s][debug  ][gc,nmethod  ] Register NMethod: java.net.URLClassLoader$1.run (0x00007f374fbd9010) [0x00007f374fbd91c0, 0x00007f374fbd9310] Compiler: c1, Barriers: 0, Oops: 0, ImmediateOops: 0, NonImmediateOops: No
[1,271s][debug  ][gc,nmethod  ] Register NMethod: java.net.URLClassLoader$1.<init> (0x00007f374fbd9390) [0x00007f374fbd9540, 0x00007f374fbd9790] Compiler: c1, Barriers: 6, Oops: 0, ImmediateOops: 0, NonImmediateOops: No
[1,271s][debug  ][gc,nmethod  ] Register NMethod: java.net.URLClassLoader.findClass (0x00007f374fbd9890) [0x00007f374fbd9ac0, 0x00007f374fbda450] Compiler: c1, Barriers: 8, Oops: 0, ImmediateOops: 0, NonImmediateOops: No
[1,271s][debug  ][gc,nmethod  ] Register NMethod: java.util.jar.JavaUtilJarAccessImpl.getTrustedAttributes (0x00007f374fbda710) [0x00007f374fbda8c0, 0x00007f374fbdaa18] Compiler: c1, Barriers: 0, Oops: 0, ImmediateOops: 0, NonImmediateOops: No
[1,271s][debug  ][gc,nmethod  ] Register NMethod: java.util.jar.Manifest.getTrustedAttributes (0x00007f374fbdab10) [0x00007f374fbdad80, 0x00007f374fbdb6f8] Compiler: c1, Barriers: 2, Oops: 1, ImmediateOops: 1, NonImmediateOops: No
[1,271s][debug  ][gc,nmethod  ] Register NMethod: java.util.jar.Manifest.getAttributes (0x00007f374fbdba90) [0x00007f374fbdbc40, 0x00007f374fbdbf20] Compiler: c1, Barriers: 1, Oops: 0, ImmediateOops: 0, NonImmediateOops: No
[1,271s][debug  ][gc,nmethod  ] Register NMethod: jdk.internal.perf.PerfCounter.getReadClassBytesTime (0x00007f374fbdc010) [0x00007f374fbdc1a0, 0x00007f374fbdc290] Compiler: c1, Barriers: 0, Oops: 0, ImmediateOops: 1, NonImmediateOops: No
[1,271s][debug  ][gc,nmethod  ] Register NMethod: java.net.URLClassLoader.getAndVerifyPackage (0x00007f374fbdc310) [0x00007f374fbdc680, 0x00007f374fbdd7e8] Compiler: c1, Barriers: 4, Oops: 4, ImmediateOops: 4, NonImmediateOops: No
[1,271s][debug  ][gc,nmethod  ] Register NMethod: java.net.URLClassLoader$1.run (0x00007f374fbdde10) [0x00007f374fbde1e0, 0x00007f374fbdf858] Compiler: c1, Barriers: 8, Oops: 1, ImmediateOops: 13, NonImmediateOops: No
[1,272s][debug  ][gc,nmethod  ] Register NMethod: java.net.URLClassLoader.defineClass (0x00007f374fbe0110) [0x00007f374fbe0660, 0x00007f374fbe2a30] Compiler: c1, Barriers: 19, Oops: 2, ImmediateOops: 7, NonImmediateOops: No
[1,272s][debug  ][gc,nmethod  ] Register NMethod: jdk.internal.org.objectweb.asm.MethodVisitor.<init> (0x00007f374fbe3990) [0x00007f374fbe3bc0, 0x00007f374fbe4388] Compiler: c1, Barriers: 3, Oops: 1, ImmediateOops: 1, NonImmediateOops: No
[1,272s][debug  ][gc,director ] Rule Major: Warmup 10%, Used: 58MB, UsedThreshold: 1536MB
[1,272s][debug  ][gc,nmethod  ] Register NMethod: jdk.internal.jimage.ImageHeader.getTableLength (0x00007f376f1fc210) [0x00007f376f1fc3a0, 0x00007f376f1fc460] Compiler: c1, Barriers: 0, Oops: 0, ImmediateOops: 0, NonImmediateOops: No
[1,272s][debug  ][gc,nmethod  ] Register NMethod: java.nio.DirectIntBufferU.ix (0x00007f374fbe4690) [0x00007f374fbe4820, 0x00007f374fbe4938] Compiler: c1, Barriers: 0, Oops: 0, ImmediateOops: 0, NonImmediateOops: No
[1,272s][debug  ][gc,nmethod  ] Register NMethod: jdk.internal.misc.ScopedMemoryAccess.getInt (0x00007f374fbe4a10) [0x00007f374fbe4be0, 0x00007f374fbe4fa0] Compiler: c1, Barriers: 0, Oops: 0, ImmediateOops: 0, NonImmediateOops: No
[1,272s][debug  ][gc,nmethod  ] Register NMethod: jdk.internal.misc.ScopedMemoryAccess.getIntInternal (0x00007f374fbe5190) [0x00007f374fbe5340, 0x00007f374fbe5598] Compiler: c1, Barriers: 0, Oops: 0, ImmediateOops: 0, NonImmediateOops: No
[1,272s][debug  ][gc,nmethod  ] Register NMethod: java.util.concurrent.ConcurrentHashMap$BaseIterator.hasNext (0x00007f374fbe5710) [0x00007f374fbe58a0, 0x00007f374fbe5a30] Compiler: c1, Barriers: 1, Oops: 0, ImmediateOops: 0, NonImmediateOops: No
[1,273s][debug  ][gc,nmethod  ] Register NMethod: java.nio.DirectIntBufferU.get (0x00007f374fbe5a90) [0x00007f374fbe5ce0, 0x00007f374fbe65e0] Compiler: c1, Barriers: 1, Oops: 2, ImmediateOops: 2, NonImmediateOops: No
[1,273s][debug  ][gc,nmethod  ] Register NMethod: jdk.internal.loader.URLClassPath$JarLoader.findResource (0x00007f374fbe6a90) [0x00007f374fbe6c40, 0x00007f374fbe6e40] Compiler: c1, Barriers: 1, Oops: 0, ImmediateOops: 0, NonImmediateOops: No
[1,273s][debug  ][gc,nmethod  ] Register NMethod: java.util.concurrent.ConcurrentHashMap$Traverser.advance (0x00007f374fbe6f90) [0x00007f374fbe7200, 0x00007f374fbe7ed8] Compiler: c1, Barriers: 15, Oops: 0, ImmediateOops: 0, NonImmediateOops: No
[1,273s][debug  ][gc,nmethod  ] Register NMethod: sun.net.util.IPAddressUtil.scan (0x00007f374fbe8190) [0x00007f374fbe83e0, 0x00007f374fbe8d90] Compiler: c1, Barriers: 3, Oops: 1, ImmediateOops: 2, NonImmediateOops: No
[1,273s][debug  ][gc,nmethod  ] Register NMethod: jdk.internal.org.objectweb.asm.SymbolTable.addConstantMethodref (0x00007f374fbe9190) [0x00007f374fbe9340, 0x00007f374fbe94e0] Compiler: c1, Barriers: 0, Oops: 0, ImmediateOops: 0, NonImmediateOops: No
[1,273s][debug  ][gc,nmethod  ] Register NMethod: jdk.internal.org.objectweb.asm.MethodWriter.visitMethodInsn (0x00007f374fbe9590) [0x00007f374fbe9800, 0x00007f374fbea120] Compiler: c1, Barriers: 9, Oops: 0, ImmediateOops: 0, NonImmediateOops: No
[1,275s][debug  ][gc,nmethod  ] Register NMethod: java.io.UnixFileSystem.getBooleanAttributes0 (0x00007f376f1fc510) [0x00007f376f1fc6a0, 0x00007f376f1fc878] Compiler: , Barriers: 0, Oops: 0, ImmediateOops: 0, NonImmediateOops: No
[1,275s][debug  ][gc,nmethod  ] Register NMethod: java.io.UnixFileSystem.hasBooleanAttributes (0x00007f374fbea410) [0x00007f374fbea620, 0x00007f374fbeaab0] Compiler: c1, Barriers: 0, Oops: 1, ImmediateOops: 1, NonImmediateOops: No
[1,276s][debug  ][gc,nmethod  ] Register NMethod: java.util.concurrent.ConcurrentHashMap$ValueIterator.next (0x00007f374fbead10) [0x00007f374fbeaee0, 0x00007f374fbeb1c0] Compiler: c1, Barriers: 5, Oops: 0, ImmediateOops: 0, NonImmediateOops: No
[1,277s][debug  ][gc,nmethod  ] Register NMethod: jdk.internal.loader.BuiltinClassLoader.loadClassOrNull (0x00007f374fbeb310) [0x00007f374fbeb5e0, 0x00007f374fbec578] Compiler: c1, Barriers: 3, Oops: 0, ImmediateOops: 2, NonImmediateOops: No
[1,277s][debug  ][gc,nmethod  ] Register NMethod: jdk.internal.loader.URLClassPath$JarLoader.checkResource (0x00007f374fbecb90) [0x00007f374fbecde0, 0x00007f374fbed788] Compiler: c1, Barriers: 14, Oops: 0, ImmediateOops: 0, NonImmediateOops: No
[1,279s][debug  ][gc,nmethod  ] Register NMethod: java.lang.invoke.MethodHandles$Lookup.checkSymbolicClass (0x00007f374fbedb90) [0x00007f374fbedd60, 0x00007f374fbedfd8] Compiler: c1, Barriers: 0, Oops: 0, ImmediateOops: 1, NonImmediateOops: No
[1,281s][debug  ][gc,nmethod  ] Register NMethod: worker.org.gradle.internal.classloader.FilteringClassLoader.classAllowed (0x00007f374fbee110) [0x00007f374fbee3a0, 0x00007f374fbeeeb8] Compiler: c1, Barriers: 8, Oops: 3, ImmediateOops: 2, NonImmediateOops: No
[1,281s][debug  ][gc,nmethod  ] Register NMethod: java.util.jar.JarFile.getInputStream (0x00007f374fbef210) [0x00007f374fbef480, 0x00007f374fbefcf8] Compiler: c1, Barriers: 3, Oops: 1, ImmediateOops: 1, NonImmediateOops: No
[1,282s][debug  ][gc,nmethod  ] Register NMethod: java.lang.ClassLoader.compareCerts (0x00007f374fbeff90) [0x00007f374fbf01c0, 0x00007f374fbf0af8] Compiler: c1, Barriers: 4, Oops: 0, ImmediateOops: 0, NonImmediateOops: No
[1,282s][debug  ][gc,director ] Rule Major: Warmup 10%, Used: 58MB, UsedThreshold: 1536MB
[1,283s][debug  ][gc,nmethod  ] Register NMethod: java.lang.String.indexOf (0x00007f376f1fc890) [0x00007f376f1fca20, 0x00007f376f1fccd8] Compiler: c2, Barriers: 1, Oops: 0, ImmediateOops: 0, NonImmediateOops: No
[1,283s][debug  ][gc,nmethod  ] Register NMethod: java.lang.invoke.MethodHandle.linkToStatic (0x00007f376f1fce10) [0x00007f376f1fcf80, 0x00007f376f1fd070] Compiler: , Barriers: 0, Oops: 0, ImmediateOops: 0, NonImmediateOops: No
[1,284s][debug  ][gc,nmethod  ] Register NMethod: java.lang.StringCoding.countPositives (0x00007f376f1fd110) [0x00007f376f1fd280, 0x00007f376f1fd400] Compiler: c2, Barriers: 0, Oops: 0, ImmediateOops: 0, NonImmediateOops: No
[1,284s][debug  ][gc,nmethod  ] Register NMethod: java.lang.invoke.MethodHandleNatives.refKindIsField (0x00007f374fbf0e10) [0x00007f374fbf0fa0, 0x00007f374fbf10f0] Compiler: c1, Barriers: 0, Oops: 0, ImmediateOops: 0, NonImmediateOops: No
[1,285s][debug  ][gc,nmethod  ] Register NMethod: java.lang.ClassLoader.definePackage (0x00007f374fbf1190) [0x00007f374fbf14e0, 0x00007f374fbf2b70] Compiler: c1, Barriers: 10, Oops: 2, ImmediateOops: 6, NonImmediateOops: No
[1,285s][debug  ][gc,nmethod  ] Register NMethod: java.lang.reflect.Method.getDeclaringClass (0x00007f376f1fd510) [0x00007f376f1fd6a0, 0x00007f376f1fd790] Compiler: c1, Barriers: 1, Oops: 0, ImmediateOops: 0, NonImmediateOops: No
[1,285s][debug  ][gc,nmethod  ] Register NMethod: jdk.internal.org.objectweb.asm.Label.<init> (0x00007f374fbf3190) [0x00007f374fbf3320, 0x00007f374fbf3480] Compiler: c1, Barriers: 0, Oops: 0, ImmediateOops: 0, NonImmediateOops: No
[1,285s][debug  ][gc,nmethod  ] Register NMethod: jdk.internal.org.objectweb.asm.Frame.getLocal (0x00007f374fbf3510) [0x00007f374fbf36c0, 0x00007f374fbf3900] Compiler: c1, Barriers: 1, Oops: 0, ImmediateOops: 0, NonImmediateOops: No
[1,285s][debug  ][gc,nmethod  ] Register NMethod: jdk.internal.org.objectweb.asm.SymbolTable.addConstantNameAndType (0x00007f374fbf3a10) [0x00007f374fbf3c80, 0x00007f374fbf44a8] Compiler: c1, Barriers: 6, Oops: 0, ImmediateOops: 0, NonImmediateOops: No
[1,285s][debug  ][gc,nmethod  ] Register NMethod: jdk.internal.org.objectweb.asm.SymbolTable$Entry.<init> (0x00007f374fbf4890) [0x00007f374fbf4a40, 0x00007f374fbf4b98] Compiler: c1, Barriers: 0, Oops: 0, ImmediateOops: 0, NonImmediateOops: No
[1,286s][debug  ][gc,nmethod  ] Register NMethod: jdk.internal.org.objectweb.asm.Attribute.computeAttributesSize (0x00007f374fbf4c90) [0x00007f374fbf4e60, 0x00007f374fbf5158] Compiler: c1, Barriers: 0, Oops: 0, ImmediateOops: 3, NonImmediateOops: No
[1,286s][debug  ][gc,nmethod  ] Register NMethod: jdk.internal.org.objectweb.asm.Attribute.putAttributes (0x00007f374fbf5290) [0x00007f374fbf54e0, 0x00007f374fbf5a18] Compiler: c1, Barriers: 0, Oops: 0, ImmediateOops: 3, NonImmediateOops: No
[1,286s][debug  ][gc,nmethod  ] Register NMethod: jdk.internal.org.objectweb.asm.AnnotationWriter.computeAnnotationsSize (0x00007f374fbf5d10) [0x00007f374fbf5ee0, 0x00007f374fbf61e0] Compiler: c1, Barriers: 0, Oops: 0, ImmediateOops: 4, NonImmediateOops: No
[1,288s][debug  ][gc,nmethod  ] Register NMethod: sun.reflect.generics.parser.SignatureParser.current (0x00007f374fbf6390) [0x00007f374fbf65a0, 0x00007f374fbf6ce0] Compiler: c1, Barriers: 2, Oops: 1, ImmediateOops: 2, NonImmediateOops: No
[1,288s][debug  ][gc,nmethod  ] Register NMethod: sun.reflect.generics.parser.SignatureParser.advance (0x00007f374fbf6f90) [0x00007f374fbf7140, 0x00007f374fbf73f0] Compiler: c1, Barriers: 2, Oops: 0, ImmediateOops: 0, NonImmediateOops: No
[1,288s][debug  ][gc,nmethod  ] Register NMethod: java.util.concurrent.ConcurrentHashMap.putIfAbsent (0x00007f376f1fd810) [0x00007f376f1fd9a0, 0x00007f376f1fda48] Compiler: c2, Barriers: 0, Oops: 0, ImmediateOops: 0, NonImmediateOops: No
[1,289s][debug  ][gc,nmethod  ] Register NMethod: java.lang.invoke.MethodHandle.linkToSpecial (0x00007f376f1fdb10) [0x00007f376f1fdc80, 0x00007f376f1fdd78] Compiler: , Barriers: 0, Oops: 0, ImmediateOops: 0, NonImmediateOops: No
[1,289s][debug  ][gc,nmethod  ] Register NMethod: java.lang.invoke.MethodHandle.linkToSpecial (0x00007f376f1fde10) [0x00007f376f1fdf80, 0x00007f376f1fe078] Compiler: , Barriers: 0, Oops: 0, ImmediateOops: 0, NonImmediateOops: No
[1,290s][debug  ][gc,nmethod  ] Register NMethod: java.lang.invoke.LambdaForm$NamedFunction.returnType (0x00007f374fbf7510) [0x00007f374fbf7720, 0x00007f374fbf7d80] Compiler: c1, Barriers: 8, Oops: 0, ImmediateOops: 0, NonImmediateOops: No
[1,290s][debug  ][gc,nmethod  ] Register NMethod: jdk.internal.org.objectweb.asm.MethodWriter.visitLabel (0x00007f374fbf7f90) [0x00007f374fbf8280, 0x00007f374fbf9398] Compiler: c1, Barriers: 53, Oops: 0, ImmediateOops: 0, NonImmediateOops: No
[1,290s][debug  ][gc,nmethod  ] Register NMethod: java.lang.invoke.MethodHandle.linkToStatic (0x00007f376f1fe110) [0x00007f376f1fe280, 0x00007f376f1fe378] Compiler: , Barriers: 0, Oops: 0, ImmediateOops: 0, NonImmediateOops: No
[1,290s][debug  ][gc,nmethod  ] Register NMethod: java.lang.invoke.MethodHandle.invokeBasic (0x00007f376f1fe410) [0x00007f376f1fe5a0, 0x00007f376f1fe838] Compiler: , Barriers: 0, Oops: 0, ImmediateOops: 0, NonImmediateOops: No
[1,290s][debug  ][gc,nmethod  ] Register NMethod: java.lang.invoke.InvokerBytecodeGenerator.emitImplicitConversion (0x00007f374fbf9610) [0x00007f374fbf9940, 0x00007f374fbfa7c0] Compiler: c1, Barriers: 3, Oops: 2, ImmediateOops: 8, NonImmediateOops: No
[1,290s][debug  ][gc,nmethod  ] Register NMethod: java.lang.invoke.LambdaForm$BasicType.basicTypeSlots (0x00007f374fbfac90) [0x00007f374fbfae40, 0x00007f374fbfafe0] Compiler: c1, Barriers: 1, Oops: 0, ImmediateOops: 0, NonImmediateOops: No
[1,290s][debug  ][gc,nmethod  ] Register NMethod: sun.invoke.util.Wrapper.stackSlots (0x00007f374fbfb090) [0x00007f374fbfb220, 0x00007f374fbfb328] Compiler: c1, Barriers: 0, Oops: 0, ImmediateOops: 0, NonImmediateOops: No
[1,290s][debug  ][gc,nmethod  ] Register NMethod: java.lang.invoke.InvokerBytecodeGenerator.emitLoadInsn (0x00007f374fbfb390) [0x00007f374fbfb560, 0x00007f374fbfb808] Compiler: c1, Barriers: 2, Oops: 0, ImmediateOops: 0, NonImmediateOops: No
[1,291s][debug  ][gc,nmethod  ] Register NMethod: java.lang.invoke.DirectMethodHandle.internalMemberName (0x00007f376f1fe890) [0x00007f376f1fea20, 0x00007f376f1feb10] Compiler: c1, Barriers: 1, Oops: 0, ImmediateOops: 0, NonImmediateOops: No
[1,291s][debug  ][gc,nmethod  ] Register NMethod: java.lang.invoke.LambdaForm$Name.isParam (0x00007f374fbfb990) [0x00007f374fbfbb20, 0x00007f374fbfbcb0] Compiler: c1, Barriers: 1, Oops: 0, ImmediateOops: 0, NonImmediateOops: No
[1,291s][debug  ][gc,nmethod  ] Register NMethod: java.lang.invoke.InvokerBytecodeGenerator.emitPushArgument (0x00007f374fbfbd10) [0x00007f374fbfc000, 0x00007f374fbfce78] Compiler: c1, Barriers: 7, Oops: 0, ImmediateOops: 5, NonImmediateOops: No
[1,291s][debug  ][gc,nmethod  ] Register NMethod: java.lang.invoke.InvokerBytecodeGenerator.loadInsnOpcode (0x00007f374fbfd210) [0x00007f374fbfd480, 0x00007f374fbfde08] Compiler: c1, Barriers: 1, Oops: 1, ImmediateOops: 3, NonImmediateOops: No
[1,291s][debug  ][gc,nmethod  ] Register NMethod: java.lang.Class.cast (0x00007f374fbfe110) [0x00007f374fbfe2e0, 0x00007f374fbfe5a0] Compiler: c1, Barriers: 0, Oops: 0, ImmediateOops: 0, NonImmediateOops: No
[1,292s][debug  ][gc,nmethod  ] Register NMethod: jdk.internal.org.objectweb.asm.SymbolTable.addTypeInternal (0x00007f374fbfe690) [0x00007f374fbfe880, 0x00007f374fbfef40] Compiler: c1, Barriers: 12, Oops: 0, ImmediateOops: 0, NonImmediateOops: No
[1,292s][debug  ][gc,nmethod  ] Register NMethod: java.util.ArrayList.grow (0x00007f374fbff110) [0x00007f374fbff320, 0x00007f374fbff9f8] Compiler: c1, Barriers: 9, Oops: 0, ImmediateOops: 1, NonImmediateOops: No
[1,292s][debug  ][gc,nmethod  ] Register NMethod: jdk.internal.org.objectweb.asm.MethodWriter.endCurrentBasicBlockWithNoSuccessor (0x00007f374fbffc10) [0x00007f374fbffe40, 0x00007f374fc00678] Compiler: c1, Barriers: 22, Oops: 0, ImmediateOops: 0, NonImmediateOops: No
[1,292s][debug  ][gc,nmethod  ] Register NMethod: jdk.internal.org.objectweb.asm.Label.getCanonicalInstance (0x00007f374fc00890) [0x00007f374fc00a40, 0x00007f374fc00c00] Compiler: c1, Barriers: 2, Oops: 0, ImmediateOops: 0, NonImmediateOops: No
[1,292s][debug  ][gc,nmethod  ] Register NMethod: jdk.internal.org.objectweb.asm.Frame.merge (0x00007f374fc00c90) [0x00007f374fc00ec0, 0x00007f374fc017d8] Compiler: c1, Barriers: 0, Oops: 0, ImmediateOops: 2, NonImmediateOops: No
[1,292s][debug  ][gc,nmethod  ] Register NMethod: jdk.internal.org.objectweb.asm.Frame.push (0x00007f374fc01a10) [0x00007f374fc01c60, 0x00007f374fc02478] Compiler: c1, Barriers: 2, Oops: 1, ImmediateOops: 2, NonImmediateOops: No
[1,292s][debug  ][gc,director ] Rule Major: Warmup 10%, Used: 58MB, UsedThreshold: 1536MB
[1,293s][debug  ][gc,nmethod  ] Register NMethod: sun.net.www.protocol.jar.Handler.parseURL (0x00007f374fc02790) [0x00007f374fc02a40, 0x00007f374fc034b8] Compiler: c1, Barriers: 3, Oops: 0, ImmediateOops: 3, NonImmediateOops: No
[1,293s][debug  ][gc,nmethod  ] Register NMethod: sun.net.www.protocol.jar.Handler.indexOfBangSlash (0x00007f374fc03910) [0x00007f374fc03b80, 0x00007f374fc046f8] Compiler: c1, Barriers: 4, Oops: 1, ImmediateOops: 2, NonImmediateOops: No
[1,293s][debug  ][gc,nmethod  ] Register NMethod: sun.net.www.protocol.jar.Handler.canonicalizeString (0x00007f374fc04b10) [0x00007f374fc04e00, 0x00007f374fc05c58] Compiler: c1, Barriers: 4, Oops: 1, ImmediateOops: 3, NonImmediateOops: No
[1,293s][debug  ][gc,nmethod  ] Register NMethod: sun.net.www.protocol.jar.Handler.parseContextSpec (0x00007f374fc06290) [0x00007f374fc06700, 0x00007f374fc08240] Compiler: c1, Barriers: 5, Oops: 3, ImmediateOops: 6, NonImmediateOops: No
[1,293s][debug  ][gc,nmethod  ] Register NMethod: java.util.zip.CRC32.<init> (0x00007f374fc08c90) [0x00007f374fc08e20, 0x00007f374fc08f80] Compiler: c1, Barriers: 0, Oops: 0, ImmediateOops: 0, NonImmediateOops: No
[1,294s][debug  ][gc,nmethod  ] Register NMethod: java.util.zip.CRC32.getValue (0x00007f374fc09010) [0x00007f374fc091a0, 0x00007f374fc092b8] Compiler: c1, Barriers: 0, Oops: 0, ImmediateOops: 0, NonImmediateOops: No
[1,294s][debug  ][gc,nmethod  ] Register NMethod: java.security.SecureClassLoader.getProtectionDomain (0x00007f374fc09390) [0x00007f374fc095a0, 0x00007f374fc09c48] Compiler: c1, Barriers: 7, Oops: 0, ImmediateOops: 0, NonImmediateOops: No
[1,294s][debug  ][gc,nmethod  ] Register NMethod: java.security.SecureClassLoader$CodeSourceKey.<init> (0x00007f374fc09e10) [0x00007f374fc09fc0, 0x00007f374fc0a1f8] Compiler: c1, Barriers: 3, Oops: 0, ImmediateOops: 0, NonImmediateOops: No
[1,294s][debug  ][gc,nmethod  ] Register NMethod: java.security.SecureClassLoader$1.<init> (0x00007f374fc0a310) [0x00007f374fc0a4c0, 0x00007f374fc0a698] Compiler: c1, Barriers: 3, Oops: 0, ImmediateOops: 0, NonImmediateOops: No
[1,294s][debug  ][gc,nmethod  ] Register NMethod: jdk.internal.loader.Resource.getBytes (0x00007f374fc0a790) [0x00007f374fc0aae0, 0x00007f374fc0c3d8] Compiler: c1, Barriers: 14, Oops: 0, ImmediateOops: 1, NonImmediateOops: No
[1,294s][debug  ][gc,nmethod  ] Register NMethod: java.security.SecureClassLoader$CodeSourceKey.hashCode (0x00007f374fc0ce90) [0x00007f374fc0d040, 0x00007f374fc0d290] Compiler: c1, Barriers: 2, Oops: 0, ImmediateOops: 0, NonImmediateOops: No
[1,294s][debug  ][gc,nmethod  ] Register NMethod: java.lang.ClassLoader.defineClassSourceLocation (0x00007f374fc0d390) [0x00007f374fc0d560, 0x00007f374fc0d958] Compiler: c1, Barriers: 3, Oops: 0, ImmediateOops: 0, NonImmediateOops: No
[1,294s][debug  ][gc,nmethod  ] Register NMethod: java.net.URLStreamHandler.setURL (0x00007f374fc0db10) [0x00007f374fc0dea0, 0x00007f374fc0f3e0] Compiler: c1, Barriers: 5, Oops: 1, ImmediateOops: 1, NonImmediateOops: No
[1,294s][debug  ][gc,nmethod  ] Register NMethod: java.lang.ClassLoader.postDefineClass (0x00007f374fc0fc90) [0x00007f374fc0fe80, 0x00007f374fc10208] Compiler: c1, Barriers: 2, Oops: 0, ImmediateOops: 0, NonImmediateOops: No
[1,294s][debug  ][gc,nmethod  ] Register NMethod: java.lang.ClassLoader.checkCerts (0x00007f374fc10390) [0x00007f374fc106a0, 0x00007f374fc114b8] Compiler: c1, Barriers: 2, Oops: 2, ImmediateOops: 4, NonImmediateOops: No
[1,294s][debug  ][gc,nmethod  ] Register NMethod: jdk.internal.loader.URLClassPath$JarLoader$2.getContentLength (0x00007f374fc11a90) [0x00007f374fc11c20, 0x00007f374fc11df0] Compiler: c1, Barriers: 1, Oops: 0, ImmediateOops: 0, NonImmediateOops: No
[1,294s][debug  ][gc,nmethod  ] Register NMethod: java.lang.ClassLoader.preDefineClass (0x00007f374fc11e90) [0x00007f374fc12200, 0x00007f374fc13420] Compiler: c1, Barriers: 3, Oops: 3, ImmediateOops: 4, NonImmediateOops: No
[1,294s][debug  ][gc,nmethod  ] Register NMethod: java.lang.ClassLoader.getNamedPackage (0x00007f374fc13b10) [0x00007f374fc13d00, 0x00007f374fc14288] Compiler: c1, Barriers: 2, Oops: 0, ImmediateOops: 0, NonImmediateOops: No
[1,294s][debug  ][gc,nmethod  ] Register NMethod: java.util.jar.JarFile$JarFileEntry.getCodeSigners (0x00007f374fc14490) [0x00007f374fc146e0, 0x00007f374fc15040] Compiler: c1, Barriers: 10, Oops: 0, ImmediateOops: 0, NonImmediateOops: No
[1,295s][debug  ][gc,nmethod  ] Register NMethod: java.lang.ClassLoader.defineClass (0x00007f374fc15310) [0x00007f374fc15520, 0x00007f374fc15ab8] Compiler: c1, Barriers: 3, Oops: 0, ImmediateOops: 0, NonImmediateOops: No
[1,295s][debug  ][gc,nmethod  ] Register NMethod: java.util.concurrent.ConcurrentHashMap.get (0x00007f376f1feb90) [0x00007f376f1fed60, 0x00007f376f1ff1d0] Compiler: c2, Barriers: 8, Oops: 0, ImmediateOops: 0, NonImmediateOops: No
[1,295s][debug  ][gc,nmethod  ] Register NMethod: jdk.internal.loader.URLClassPath.getResource (0x00007f374fc15d10) [0x00007f374fc15ee0, 0x00007f374fc16220] Compiler: c1, Barriers: 0, Oops: 0, ImmediateOops: 0, NonImmediateOops: No
[1,295s][debug  ][gc,nmethod  ] Register NMethod: java.security.SecureClassLoader.defineClass (0x00007f374fc16390) [0x00007f374fc16540, 0x00007f374fc166e8] Compiler: c1, Barriers: 0, Oops: 0, ImmediateOops: 0, NonImmediateOops: No
[1,296s][debug  ][gc,nmethod  ] Register NMethod: java.util.jar.JarFile.ensureInitialization (0x00007f374fc16810) [0x00007f374fc16a60, 0x00007f374fc172a8] Compiler: c1, Barriers: 4, Oops: 0, ImmediateOops: 0, NonImmediateOops: No
[1,296s][debug  ][gc,nmethod  ] Register NMethod: java.security.CodeSource.<init> (0x00007f374fc17590) [0x00007f374fc177a0, 0x00007f374fc17dd8] Compiler: c1, Barriers: 18, Oops: 0, ImmediateOops: 0, NonImmediateOops: No
[1,296s][debug  ][gc,nmethod  ] Register NMethod: jdk.internal.loader.URLClassPath$JarLoader$2.getBytes (0x00007f374fc17f10) [0x00007f374fc18120, 0x00007f374fc18838] Compiler: c1, Barriers: 4, Oops: 0, ImmediateOops: 1, NonImmediateOops: No
[1,296s][debug  ][gc,nmethod  ] Register NMethod: java.security.SecureClassLoader$CodeSourceKey.equals (0x00007f374fc18a90) [0x00007f374fc18ca0, 0x00007f374fc193f0] Compiler: c1, Barriers: 6, Oops: 0, ImmediateOops: 0, NonImmediateOops: No
[1,296s][debug  ][gc,nmethod  ] Register NMethod: java.security.CodeSource.matchCerts (0x00007f374fc19610) [0x00007f374fc198e0, 0x00007f374fc1a738] Compiler: c1, Barriers: 17, Oops: 0, ImmediateOops: 0, NonImmediateOops: No
[1,296s][debug  ][gc,nmethod  ] Register NMethod: jdk.internal.org.objectweb.asm.MethodWriter.visitAbstractType (0x00007f374fc1ab10) [0x00007f374fc1aca0, 0x00007f374fc1ae08] Compiler: c1, Barriers: 1, Oops: 0, ImmediateOops: 0, NonImmediateOops: No
[1,296s][debug  ][gc,nmethod  ] Register NMethod: jdk.internal.org.objectweb.asm.MethodWriter.visitTypeInsn (0x00007f374fc1af10) [0x00007f374fc1b120, 0x00007f374fc1b660] Compiler: c1, Barriers: 6, Oops: 0, ImmediateOops: 0, NonImmediateOops: No
[1,297s][debug  ][gc,nmethod  ] Register NMethod: jdk.internal.org.objectweb.asm.Frame.pop (0x00007f374fc1b890) [0x00007f374fc1bae0, 0x00007f374fc1c2b0] Compiler: c1, Barriers: 2, Oops: 1, ImmediateOops: 2, NonImmediateOops: No
[1,297s][debug  ][gc,nmethod  ] Register NMethod: java.lang.invoke.MethodHandle.isBuiltinLoader (0x00007f374fc1c610) [0x00007f374fc1c7c0, 0x00007f374fc1ca30] Compiler: c1, Barriers: 0, Oops: 0, ImmediateOops: 2, NonImmediateOops: No
[1,299s][debug  ][gc,nmethod  ] Register NMethod: java.net.URLClassLoader.isSealed (0x00007f374fc1cb10) [0x00007f374fc1cf80, 0x00007f374fc1ecf8] Compiler: c1, Barriers: 6, Oops: 3, ImmediateOops: 20, NonImmediateOops: No
[1,302s][debug  ][gc,director ] Rule Major: Warmup 10%, Used: 60MB, UsedThreshold: 1536MB
[1,304s][debug  ][gc,nmethod  ] Register NMethod: java.lang.invoke.MethodHandle.linkToInterface (0x00007f376f1ff410) [0x00007f376f1ff580, 0x00007f376f1ff6b8] Compiler: , Barriers: 0, Oops: 0, ImmediateOops: 0, NonImmediateOops: No
[1,304s][debug  ][gc,nmethod  ] Register NMethod: java.lang.invoke.MethodHandle.invokeBasic (0x00007f376f1ff710) [0x00007f376f1ff8a0, 0x00007f376f1ffb38] Compiler: , Barriers: 0, Oops: 0, ImmediateOops: 0, NonImmediateOops: No
[1,305s][debug  ][gc,nmethod  ] Register NMethod: java.lang.invoke.BoundMethodHandle.<init> (0x00007f374fc1f890) [0x00007f374fc1fa40, 0x00007f374fc1fba0] Compiler: c1, Barriers: 0, Oops: 0, ImmediateOops: 0, NonImmediateOops: No
[1,305s][debug  ][gc,nmethod  ] Register NMethod: java.lang.invoke.InvokerBytecodeGenerator.getInternalName (0x00007f374fc1fc90) [0x00007f374fc1fec0, 0x00007f374fc204b8] Compiler: c1, Barriers: 9, Oops: 0, ImmediateOops: 8, NonImmediateOops: No
[1,305s][debug  ][gc,nmethod  ] Register NMethod: java.util.Arrays.copyOf (0x00007f374fc20610) [0x00007f374fc207c0, 0x00007f374fc20930] Compiler: c1, Barriers: 1, Oops: 0, ImmediateOops: 0, NonImmediateOops: No
[1,305s][debug  ][gc,nmethod  ] Register NMethod: jdk.internal.org.objectweb.asm.ByteVector.put11 (0x00007f374fc20a10) [0x00007f374fc20bc0, 0x00007f374fc20e28] Compiler: c1, Barriers: 2, Oops: 0, ImmediateOops: 0, NonImmediateOops: No
[1,305s][debug  ][gc,nmethod  ] Register NMethod: java.util.jar.Attributes.put (0x00007f374fc20f90) [0x00007f374fc21140, 0x00007f374fc214e8] Compiler: c1, Barriers: 1, Oops: 0, ImmediateOops: 0, NonImmediateOops: No
[1,305s][debug  ][gc,nmethod  ] Register NMethod: java.util.jar.Attributes$Name.of (0x00007f374fc21610) [0x00007f374fc21820, 0x00007f374fc21dd0] Compiler: c1, Barriers: 4, Oops: 1, ImmediateOops: 3, NonImmediateOops: No
[1,305s][debug  ][gc,nmethod  ] Register NMethod: java.util.jar.Attributes.putValue (0x00007f374fc22010) [0x00007f374fc22240, 0x00007f374fc22a50] Compiler: c1, Barriers: 4, Oops: 0, ImmediateOops: 1, NonImmediateOops: No
[1,307s][debug  ][gc,nmethod  ] Register NMethod: java.lang.invoke.DirectMethodHandle.internalMemberName (0x00007f374fc22c90) [0x00007f374fc22e40, 0x00007f374fc23038] Compiler: c1, Barriers: 1, Oops: 0, ImmediateOops: 0, NonImmediateOops: No
[1,308s][debug  ][gc,nmethod  ] Register NMethod: java.util.concurrent.locks.ReentrantLock.unlock (0x00007f376f1ffb90) [0x00007f376f1ffd80, 0x00007f376f200160] Compiler: c2, Barriers: 8, Oops: 0, ImmediateOops: 0, NonImmediateOops: No
[1,308s][debug  ][gc,nmethod  ] Register NMethod: java.util.zip.ZipFile.ensureOpen (0x00007f376f200310) [0x00007f376f2004a0, 0x00007f376f2005e0] Compiler: c2, Barriers: 2, Oops: 0, ImmediateOops: 0, NonImmediateOops: No
[1,310s][debug  ][gc,nmethod  ] Register NMethod: java.lang.StringCoding.countPositives (0x00007f376f200690) [0x00007f376f200820, 0x00007f376f200a58] Compiler: c2, Barriers: 0, Oops: 0, ImmediateOops: 0, NonImmediateOops: No
[1,311s][debug  ][gc,nmethod  ] Register NMethod: java.lang.invoke.MemberName.isCallerSensitive (0x00007f374fc23110) [0x00007f374fc232a0, 0x00007f374fc23468] Compiler: c1, Barriers: 0, Oops: 0, ImmediateOops: 0, NonImmediateOops: No
[1,311s][debug  ][gc,nmethod  ] Register NMethod: java.lang.Class.getModifiers (0x00007f376f200b90) [0x00007f376f200d20, 0x00007f376f200ee8] Compiler: , Barriers: 0, Oops: 0, ImmediateOops: 0, NonImmediateOops: No
[1,311s][debug  ][gc,nmethod  ] Register NMethod: jdk.internal.jimage.ImageStringsReader.hashCode (0x00007f374fc23510) [0x00007f374fc236c0, 0x00007f374fc23828] Compiler: c1, Barriers: 0, Oops: 0, ImmediateOops: 0, NonImmediateOops: No
[1,311s][debug  ][gc,nmethod  ] Register NMethod: java.util.Optional.empty (0x00007f374fc23910) [0x00007f374fc23aa0, 0x00007f374fc23b90] Compiler: c1, Barriers: 0, Oops: 0, ImmediateOops: 1, NonImmediateOops: No
[1,311s][debug  ][gc,nmethod  ] Register NMethod: jdk.internal.module.SystemModuleFinders$SystemImage.reader (0x00007f374fc23c10) [0x00007f374fc23da0, 0x00007f374fc23e90] Compiler: c1, Barriers: 0, Oops: 0, ImmediateOops: 1, NonImmediateOops: No
[1,311s][debug  ][gc,nmethod  ] Register NMethod: jdk.internal.jimage.ImageReader.requireOpen (0x00007f374fc23f10) [0x00007f374fc240c0, 0x00007f374fc242d8] Compiler: c1, Barriers: 0, Oops: 0, ImmediateOops: 1, NonImmediateOops: No
[1,311s][debug  ][gc,nmethod  ] Register NMethod: jdk.internal.jimage.ImageStringsReader.hashCode (0x00007f374fc24410) [0x00007f374fc245c0, 0x00007f374fc24778] Compiler: c1, Barriers: 0, Oops: 0, ImmediateOops: 0, NonImmediateOops: No
[1,311s][debug  ][gc,nmethod  ] Register NMethod: jdk.internal.loader.BuiltinClassLoader.moduleReaderFor (0x00007f374fc24890) [0x00007f374fc24a80, 0x00007f374fc25138] Compiler: c1, Barriers: 5, Oops: 0, ImmediateOops: 0, NonImmediateOops: No
[1,311s][debug  ][gc,nmethod  ] Register NMethod: jdk.internal.jimage.BasicImageReader.getLocationIndex (0x00007f374fc25310) [0x00007f374fc25520, 0x00007f374fc25a00] Compiler: c1, Barriers: 2, Oops: 0, ImmediateOops: 0, NonImmediateOops: No
[1,312s][debug  ][gc,nmethod  ] Register NMethod: jdk.internal.util.ArraysSupport.mismatch (0x00007f376f200f10) [0x00007f376f2010a0, 0x00007f376f201330] Compiler: c2, Barriers: 0, Oops: 0, ImmediateOops: 0, NonImmediateOops: No
[1,312s][debug  ][gc,nmethod  ] Register NMethod: jdk.internal.jimage.ImageReader.verifyLocation (0x00007f374fc25c10) [0x00007f374fc25de0, 0x00007f374fc26158] Compiler: c1, Barriers: 1, Oops: 0, ImmediateOops: 1, NonImmediateOops: No
[1,312s][debug  ][gc,nmethod  ] Register NMethod: jdk.internal.jimage.BasicImageReader.verifyLocation (0x00007f374fc26290) [0x00007f374fc26460, 0x00007f374fc267c8] Compiler: c1, Barriers: 3, Oops: 0, ImmediateOops: 0, NonImmediateOops: No
[1,312s][debug  ][gc,nmethod  ] Register NMethod: jdk.internal.module.SystemModuleFinders$SystemModuleReader.containsImageLocation (0x00007f374fc26910) [0x00007f374fc26b40, 0x00007f374fc27238] Compiler: c1, Barriers: 2, Oops: 1, ImmediateOops: 4, NonImmediateOops: No
[1,312s][debug  ][gc,nmethod  ] Register NMethod: jdk.internal.module.SystemModuleFinders$SystemModuleReader.find (0x00007f374fc27510) [0x00007f374fc277e0, 0x00007f374fc283c0] Compiler: c1, Barriers: 5, Oops: 2, ImmediateOops: 3, NonImmediateOops: No
[1,312s][debug  ][gc,nmethod  ] Register NMethod: java.lang.String.startsWith (0x00007f376f201510) [0x00007f376f2016c0, 0x00007f376f201a78] Compiler: c2, Barriers: 2, Oops: 0, ImmediateOops: 0, NonImmediateOops: No
[1,312s][debug  ][gc,nmethod  ] Register NMethod: java.lang.ThreadLocal.getMap (0x00007f374fc28890) [0x00007f374fc28a20, 0x00007f374fc28b58] Compiler: c1, Barriers: 1, Oops: 0, ImmediateOops: 0, NonImmediateOops: No
[1,313s][debug  ][gc,director ] Rule Major: Warmup 10%, Used: 62MB, UsedThreshold: 1536MB
[1,313s][debug  ][gc,nmethod  ] Register NMethod: jdk.internal.loader.URLClassPath$JarLoader.ensureOpen (0x00007f376f201d10) [0x00007f376f201f20, 0x00007f376f202358] Compiler: c2, Barriers: 4, Oops: 1, ImmediateOops: 1, NonImmediateOops: No
[1,313s][debug  ][gc,nmethod  ] Register NMethod: java.lang.String.isLatin1 (0x00007f376f202610) [0x00007f376f202780, 0x00007f376f202800] Compiler: c2, Barriers: 0, Oops: 0, ImmediateOops: 0, NonImmediateOops: No
[1,314s][debug  ][gc,nmethod  ] Register NMethod: java.util.jar.JarFile.getJarEntry (0x00007f374fc28c10) [0x00007f374fc28dc0, 0x00007f374fc29050] Compiler: c1, Barriers: 0, Oops: 0, ImmediateOops: 0, NonImmediateOops: No
[1,314s][debug  ][gc,nmethod  ] Register NMethod: jdk.internal.loader.URLClassPath$JarLoader.getResource (0x00007f374fc29110) [0x00007f374fc29320, 0x00007f374fc298c8] Compiler: c1, Barriers: 1, Oops: 0, ImmediateOops: 0, NonImmediateOops: No
[1,314s][debug  ][gc,nmethod  ] Register NMethod: java.util.jar.JarFile.getEntry (0x00007f374fc29a90) [0x00007f374fc29c80, 0x00007f374fc2a0f8] Compiler: c1, Barriers: 0, Oops: 0, ImmediateOops: 0, NonImmediateOops: No
[1,314s][debug  ][gc,nmethod  ] Register NMethod: java.nio.Buffer.hasRemaining (0x00007f374fc2a290) [0x00007f374fc2a420, 0x00007f374fc2a580] Compiler: c1, Barriers: 0, Oops: 0, ImmediateOops: 0, NonImmediateOops: No
[1,315s][debug  ][gc,nmethod  ] Register NMethod: java.io.File.exists (0x00007f374fc2a610) [0x00007f374fc2a7e0, 0x00007f374fc2aab0] Compiler: c1, Barriers: 0, Oops: 0, ImmediateOops: 1, NonImmediateOops: No
[1,316s][debug  ][gc,nmethod  ] Register NMethod: jdk.internal.misc.Unsafe.allocateInstance (0x00007f376f202910) [0x00007f376f202ac0, 0x00007f376f202e70] Compiler: , Barriers: 0, Oops: 0, ImmediateOops: 0, NonImmediateOops: No
[1,316s][debug  ][gc,nmethod  ] Register NMethod: java.util.HashMap.getNode (0x00007f376f202e90) [0x00007f376f203060, 0x00007f376f2034e8] Compiler: c2, Barriers: 6, Oops: 0, ImmediateOops: 0, NonImmediateOops: No
[1,317s][debug  ][gc,nmethod  ] Register NMethod: java.util.zip.ZipFile$Source.getEntryPos (0x00007f376f203790) [0x00007f376f2039c0, 0x00007f376f2041e8] Compiler: c2, Barriers: 6, Oops: 2, ImmediateOops: 1, NonImmediateOops: No
[1,318s][debug  ][gc,nmethod  ] Register NMethod: jdk.internal.org.objectweb.asm.MethodVisitor.<init> (0x00007f374fc2ac10) [0x00007f374fc2adc0, 0x00007f374fc2af08] Compiler: c1, Barriers: 0, Oops: 0, ImmediateOops: 0, NonImmediateOops: No
[1,318s][debug  ][gc,nmethod  ] Register NMethod: jdk.internal.org.objectweb.asm.ClassWriter.visitMethod (0x00007f374fc2af90) [0x00007f374fc2b160, 0x00007f374fc2b5a0] Compiler: c1, Barriers: 12, Oops: 0, ImmediateOops: 0, NonImmediateOops: No
[1,318s][debug  ][gc,nmethod  ] Register NMethod: jdk.internal.org.objectweb.asm.MethodWriter.visitEnd (0x00007f374fc2b710) [0x00007f374fc2b8a0, 0x00007f374fc2b9a0] Compiler: c1, Barriers: 0, Oops: 0, ImmediateOops: 0, NonImmediateOops: No
[1,319s][debug  ][gc,nmethod  ] Register NMethod: jdk.internal.org.objectweb.asm.MethodWriter.visitMaxs (0x00007f374fc2ba10) [0x00007f374fc2bbe0, 0x00007f374fc2bea0] Compiler: c1, Barriers: 0, Oops: 0, ImmediateOops: 0, NonImmediateOops: No
[1,319s][debug  ][gc,nmethod  ] Register NMethod: jdk.internal.org.objectweb.asm.MethodWriter.hasFrames (0x00007f374fc2bf90) [0x00007f374fc2c120, 0x00007f374fc2c280] Compiler: c1, Barriers: 0, Oops: 0, ImmediateOops: 0, NonImmediateOops: No
[1,319s][debug  ][gc,nmethod  ] Register NMethod: java.lang.invoke.MethodHandle.linkToStatic (0x00007f376f204890) [0x00007f376f204a00, 0x00007f376f204af0] Compiler: , Barriers: 0, Oops: 0, ImmediateOops: 0, NonImmediateOops: No
[1,319s][debug  ][gc,nmethod  ] Register NMethod: jdk.internal.org.objectweb.asm.MethodWriter.<init> (0x00007f374fc2c310) [0x00007f374fc2c5e0, 0x00007f374fc2d498] Compiler: c1, Barriers: 26, Oops: 0, ImmediateOops: 1, NonImmediateOops: No
[1,319s][debug  ][gc,nmethod  ] Register NMethod: java.lang.invoke.MethodHandles$Lookup.checkSecurityManager (0x00007f374fc2d990) [0x00007f374fc2db80, 0x00007f374fc2e070] Compiler: c1, Barriers: 0, Oops: 0, ImmediateOops: 0, NonImmediateOops: No
[1,320s][debug  ][gc,nmethod  ] Register NMethod: jdk.internal.org.objectweb.asm.MethodWriter.computeMethodInfoSize (0x00007f374fc2e210) [0x00007f374fc2e5e0, 0x00007f374fc2fda0] Compiler: c1, Barriers: 43, Oops: 0, ImmediateOops: 13, NonImmediateOops: No
[1,320s][debug  ][gc,nmethod  ] Register NMethod: java.util.logging.LogManager$LoggerContext.getOwner (0x00007f376f204b90) [0x00007f376f204d20, 0x00007f376f204e10] Compiler: c1, Barriers: 1, Oops: 0, ImmediateOops: 0, NonImmediateOops: No
[1,320s][debug  ][gc,nmethod  ] Register NMethod: jdk.internal.jimage.ImageStringsReader.unmaskedHashCode (0x00007f376f204e90) [0x00007f376f205020, 0x00007f376f205378] Compiler: c2, Barriers: 1, Oops: 0, ImmediateOops: 0, NonImmediateOops: No
[1,320s][debug  ][gc,nmethod  ] Register NMethod: java.util.jar.JarFile.isMultiRelease (0x00007f376f205510) [0x00007f376f205760, 0x00007f376f206190] Compiler: c2, Barriers: 11, Oops: 0, ImmediateOops: 7, NonImmediateOops: No
[1,320s][debug  ][gc,nmethod  ] Register NMethod: java.util.jar.JarFile.maybeInstantiateVerifier (0x00007f374fc30410) [0x00007f374fc305e0, 0x00007f374fc30978] Compiler: c1, Barriers: 1, Oops: 0, ImmediateOops: 1, NonImmediateOops: No
[1,320s][debug  ][gc,nmethod  ] Register NMethod: jdk.internal.loader.Resource.cachedInputStream (0x00007f374fc30a90) [0x00007f374fc30c60, 0x00007f374fc31100] Compiler: c1, Barriers: 8, Oops: 0, ImmediateOops: 0, NonImmediateOops: No
[1,320s][debug  ][gc,nmethod  ] Register NMethod: java.lang.invoke.DirectMethodHandle.maybeCompile (0x00007f374fc31290) [0x00007f374fc31460, 0x00007f374fc316c8] Compiler: c1, Barriers: 2, Oops: 0, ImmediateOops: 1, NonImmediateOops: No
[1,321s][debug  ][gc,nmethod  ] Register NMethod: jdk.internal.org.objectweb.asm.MethodWriter.putMethodInfo (0x00007f374fc31810) [0x00007f374fc320a0, 0x00007f374fc35b70] Compiler: c1, Barriers: 89, Oops: 0, ImmediateOops: 15, NonImmediateOops: No
[1,321s][debug  ][gc,nmethod  ] Register NMethod: jdk.internal.jimage.ImageStringsReader.match (0x00007f374fc36e90) [0x00007f374fc37040, 0x00007f374fc37230] Compiler: c1, Barriers: 1, Oops: 0, ImmediateOops: 0, NonImmediateOops: No
[1,321s][debug  ][gc,nmethod  ] Register NMethod: jdk.internal.jimage.BasicImageReader.match (0x00007f374fc37310) [0x00007f374fc374e0, 0x00007f374fc377b8] Compiler: c1, Barriers: 1, Oops: 0, ImmediateOops: 1, NonImmediateOops: No
[1,321s][debug  ][gc,nmethod  ] Register NMethod: java.lang.invoke.MethodType.changeReturnType (0x00007f374fc37910) [0x00007f374fc37ac0, 0x00007f374fc37ce0] Compiler: c1, Barriers: 2, Oops: 0, ImmediateOops: 0, NonImmediateOops: No
[1,321s][debug  ][gc,nmethod  ] Register NMethod: java.util.ArrayList.<init> (0x00007f374fc37d90) [0x00007f374fc37f40, 0x00007f374fc381e0] Compiler: c1, Barriers: 3, Oops: 0, ImmediateOops: 1, NonImmediateOops: No
[1,321s][debug  ][gc,nmethod  ] Register NMethod: jdk.internal.loader.Resource.getBytes (0x00007f374fc38310) [0x00007f374fc38660, 0x00007f374fc39fb8] Compiler: c1, Barriers: 14, Oops: 0, ImmediateOops: 1, NonImmediateOops: No
[1,321s][debug  ][gc,nmethod  ] Register NMethod: jdk.internal.jimage.ImageStringsReader.stringFromByteBufferMatches (0x00007f374fc3aa10) [0x00007f374fc3ad00, 0x00007f374fc3bf08] Compiler: c1, Barriers: 5, Oops: 1, ImmediateOops: 4, NonImmediateOops: No
[1,322s][debug  ][gc,nmethod  ] Register NMethod: java.util.Properties.getProperty (0x00007f374fc3c610) [0x00007f374fc3c800, 0x00007f374fc3cd20] Compiler: c1, Barriers: 2, Oops: 0, ImmediateOops: 0, NonImmediateOops: No
[1,322s][debug  ][gc,nmethod  ] Register NMethod: jdk.internal.jimage.ImageLocation.verifyName (0x00007f374fc3ce90) [0x00007f374fc3d200, 0x00007f374fc3e900] Compiler: c1, Barriers: 9, Oops: 1, ImmediateOops: 4, NonImmediateOops: No
[1,322s][debug  ][gc,nmethod  ] Register NMethod: sun.net.www.protocol.file.Handler.parseURL (0x00007f374fc3f210) [0x00007f374fc3f3c0, 0x00007f374fc3f578] Compiler: c1, Barriers: 0, Oops: 0, ImmediateOops: 0, NonImmediateOops: No
[1,322s][debug  ][gc,nmethod  ] Register NMethod: java.util.jar.JavaUtilJarAccessImpl.entryFor (0x00007f374fc3f690) [0x00007f374fc3f860, 0x00007f374fc3fcb8] Compiler: c1, Barriers: 6, Oops: 0, ImmediateOops: 0, NonImmediateOops: No
[1,322s][debug  ][gc,nmethod  ] Register NMethod: sun.net.www.ParseUtil.firstEncodeIndex (0x00007f376f206710) [0x00007f376f2068c0, 0x00007f376f206bd8] Compiler: c2, Barriers: 2, Oops: 1, ImmediateOops: 0, NonImmediateOops: No
[1,323s][debug  ][gc,director ] Rule Major: Warmup 10%, Used: 64MB, UsedThreshold: 1536MB
[1,323s][debug  ][gc,nmethod  ] Register NMethod: java.util.jar.JarFile.checkForSpecialAttributes (0x00007f376f206e10) [0x00007f376f207060, 0x00007f376f207a48] Compiler: c2, Barriers: 11, Oops: 0, ImmediateOops: 7, NonImmediateOops: No
[1,323s][debug  ][gc,nmethod  ] Register NMethod: java.lang.invoke.MemberName.getReferenceKind (0x00007f376f207f10) [0x00007f376f208080, 0x00007f376f208100] Compiler: c2, Barriers: 0, Oops: 0, ImmediateOops: 0, NonImmediateOops: No
[1,323s][debug  ][gc,nmethod  ] Register NMethod: java.lang.invoke.MethodHandles$Lookup.<init> (0x00007f374fc3fe90) [0x00007f374fc40040, 0x00007f374fc402b0] Compiler: c1, Barriers: 6, Oops: 0, ImmediateOops: 0, NonImmediateOops: No
[1,323s][debug  ][gc,nmethod  ] Register NMethod: jdk.internal.util.ArraysSupport.vectorizedHashCode (0x00007f374fc40390) [0x00007f374fc406a0, 0x00007f374fc415e0] Compiler: c1, Barriers: 0, Oops: 1, ImmediateOops: 1, NonImmediateOops: No
[1,323s][debug  ][gc,nmethod  ] Register NMethod: jdk.internal.jimage.ImageLocation.verify (0x00007f374fc41990) [0x00007f374fc41c40, 0x00007f374fc42938] Compiler: c1, Barriers: 1, Oops: 1, ImmediateOops: 1, NonImmediateOops: No
[1,323s][debug  ][gc,nmethod  ] Register NMethod: java.lang.invoke.InfoFromMemberName.getReferenceKind (0x00007f376f208210) [0x00007f376f2083a0, 0x00007f376f208460] Compiler: c1, Barriers: 0, Oops: 0, ImmediateOops: 0, NonImmediateOops: No
[1,324s][debug  ][gc,nmethod  ] Register NMethod: java.util.zip.ZipFile.getEntry (0x00007f376f208510) [0x00007f376f2086c0, 0x00007f376f208ae8] Compiler: c2, Barriers: 2, Oops: 1, ImmediateOops: 0, NonImmediateOops: No
[1,324s][debug  ][gc,nmethod  ] Register NMethod: jdk.internal.org.objectweb.asm.SymbolTable.getConstantPoolCount (0x00007f376f208d10) [0x00007f376f208ea0, 0x00007f376f208f60] Compiler: c1, Barriers: 0, Oops: 0, ImmediateOops: 0, NonImmediateOops: No
[1,324s][debug  ][gc,nmethod  ] Register NMethod: java.lang.invoke.DirectMethodHandle.preparedLambdaForm (0x00007f374fc42e90) [0x00007f374fc430a0, 0x00007f374fc435f0] Compiler: c1, Barriers: 4, Oops: 0, ImmediateOops: 0, NonImmediateOops: No
[1,324s][debug  ][gc,nmethod  ] Register NMethod: java.util.stream.AbstractPipeline.getStreamAndOpFlags (0x00007f376f209010) [0x00007f376f2091a0, 0x00007f376f209260] Compiler: c1, Barriers: 0, Oops: 0, ImmediateOops: 0, NonImmediateOops: No
[1,325s][debug  ][gc,nmethod  ] Register NMethod: java.lang.Character.charCount (0x00007f374fc43810) [0x00007f374fc439a0, 0x00007f374fc43b00] Compiler: c1, Barriers: 0, Oops: 0, ImmediateOops: 0, NonImmediateOops: No
[1,325s][debug  ][gc,reloc    ] Synchronize all workers 1 _nworkers: 0 _nsynchronized: 0
[1,325s][debug  ][gc,reloc    ] Synchronize all workers 1 _nworkers: 0 _nsynchronized: 0
[1,325s][debug  ][gc,reloc    ] Desynchronize all workers _nworkers: 0 _nsynchronized: 0
[1,325s][debug  ][gc,reloc    ] Desynchronize all workers _nworkers: 0 _nsynchronized: 0
[1,326s][debug  ][gc,nmethod  ] Register NMethod: java.util.jar.JarFile.getEntry (0x00007f376f209310) [0x00007f376f209500, 0x00007f376f209a18] Compiler: c2, Barriers: 2, Oops: 1, ImmediateOops: 0, NonImmediateOops: No
[1,326s][debug  ][gc,nmethod  ] Register NMethod: java.io.UnixFileSystem.trimSeparator (0x00007f374fc43b90) [0x00007f374fc43dc0, 0x00007f374fc44530] Compiler: c1, Barriers: 1, Oops: 1, ImmediateOops: 2, NonImmediateOops: No
[1,326s][debug  ][gc,nmethod  ] Register NMethod: java.io.UnixFileSystem.resolve (0x00007f374fc44810) [0x00007f374fc44be0, 0x00007f374fc46070] Compiler: c1, Barriers: 1, Oops: 1, ImmediateOops: 4, NonImmediateOops: No
[1,326s][debug  ][gc,nmethod  ] Register NMethod: java.nio.DirectByteBuffer.get (0x00007f376f209d10) [0x00007f376f209ec0, 0x00007f376f20a008] Compiler: c2, Barriers: 0, Oops: 2, ImmediateOops: 1, NonImmediateOops: No
[1,326s][debug  ][gc,nmethod  ] Register NMethod: java.lang.Integer.stringSize (0x00007f374fc46890) [0x00007f374fc46a40, 0x00007f374fc46c90] Compiler: c1, Barriers: 0, Oops: 0, ImmediateOops: 0, NonImmediateOops: No
[1,326s][debug  ][gc,nmethod  ] Register NMethod: java.lang.invoke.DirectMethodHandle.preparedLambdaForm (0x00007f374fc46d90) [0x00007f374fc470c0, 0x00007f374fc48228] Compiler: c1, Barriers: 12, Oops: 0, ImmediateOops: 1, NonImmediateOops: No
[1,326s][debug  ][gc,nmethod  ] Register NMethod: java.util.jar.JarFile$JarFileEntry.getCodeSigners (0x00007f374fc48810) [0x00007f374fc48a60, 0x00007f374fc493c0] Compiler: c1, Barriers: 10, Oops: 0, ImmediateOops: 0, NonImmediateOops: No
[1,327s][debug  ][gc,nmethod  ] Register NMethod: java.lang.Integer.getChars (0x00007f374fc49690) [0x00007f374fc49860, 0x00007f374fc49c98] Compiler: c1, Barriers: 0, Oops: 0, ImmediateOops: 4, NonImmediateOops: No
[1,327s][debug  ][gc,nmethod  ] Register NMethod: java.io.File.<init> (0x00007f374fc49f10) [0x00007f374fc4a180, 0x00007f374fc4aad0] Compiler: c1, Barriers: 15, Oops: 2, ImmediateOops: 6, NonImmediateOops: No
[1,327s][debug  ][gc,nmethod  ] Register NMethod: sun.invoke.util.VerifyAccess.isTypeVisible (0x00007f374fa9e690) [0x00007f374fa9e9a0, 0x00007f374fa9fa20] Compiler: c1, Barriers: 5, Oops: 1, ImmediateOops: 2, NonImmediateOops: No
[1,327s][debug  ][gc,nmethod  ] Register NMethod: java.lang.invoke.MemberName.changeReferenceKind (0x00007f374fc4ae10) [0x00007f374fc4afa0, 0x00007f374fc4b0c0] Compiler: c1, Barriers: 0, Oops: 0, ImmediateOops: 0, NonImmediateOops: No
[1,327s][debug  ][gc,nmethod  ] Register NMethod: jdk.internal.loader.URLClassPath$FileLoader.getResource (0x00007f374fc4b190) [0x00007f374fc4b4e0, 0x00007f374fc4c428] Compiler: c1, Barriers: 9, Oops: 1, ImmediateOops: 2, NonImmediateOops: No
[1,328s][debug  ][gc,nmethod  ] Register NMethod: java.lang.invoke.MemberName.isMethod (0x00007f374fc4cc10) [0x00007f374fc4cda0, 0x00007f374fc4cf68] Compiler: c1, Barriers: 0, Oops: 0, ImmediateOops: 0, NonImmediateOops: No
[1,328s][debug  ][gc,nmethod  ] Register NMethod: jdk.internal.loader.URLClassPath$FileLoader.getResource (0x00007f374fc4b190) [0x00007f374fc4b4e0, 0x00007f374fc4c428] Compiler: c1, Barriers: 9, Oops: 1, ImmediateOops: 2, NonImmediateOops: No
[1,329s][debug  ][gc,nmethod  ] Register NMethod: sun.net.util.IPAddressUtil.checkAuth (0x00007f374fc4d010) [0x00007f374fc4d2a0, 0x00007f374fc4dd58] Compiler: c1, Barriers: 2, Oops: 2, ImmediateOops: 3, NonImmediateOops: No
[1,330s][debug  ][gc,nmethod  ] Register NMethod: jdk.internal.loader.Resource.getByteBuffer (0x00007f374fc4e210) [0x00007f374fc4e400, 0x00007f374fc4eb28] Compiler: c1, Barriers: 5, Oops: 0, ImmediateOops: 0, NonImmediateOops: No
[1,330s][debug  ][gc,nmethod  ] Register NMethod: jdk.internal.loader.URLClassPath$JarLoader$2.getCodeSourceURL (0x00007f374fc4ec90) [0x00007f374fc4ee20, 0x00007f374fc4ef88] Compiler: c1, Barriers: 2, Oops: 0, ImmediateOops: 0, NonImmediateOops: No
[1,330s][debug  ][gc,nmethod  ] Register NMethod: java.util.jar.JavaUtilJarAccessImpl.ensureInitialization (0x00007f374fc4f010) [0x00007f374fc4f1c0, 0x00007f374fc4f378] Compiler: c1, Barriers: 0, Oops: 0, ImmediateOops: 0, NonImmediateOops: No
[1,330s][debug  ][gc,nmethod  ] Register NMethod: jdk.internal.loader.URLClassPath$JarLoader$2.getCodeSigners (0x00007f374fc4f490) [0x00007f374fc4f640, 0x00007f374fc4f838] Compiler: c1, Barriers: 1, Oops: 0, ImmediateOops: 0, NonImmediateOops: No
[1,330s][debug  ][gc,nmethod  ] Register NMethod: java.util.jar.JarFile.ensureInitialization (0x00007f374fc4f910) [0x00007f374fc4fb60, 0x00007f374fc503a8] Compiler: c1, Barriers: 4, Oops: 0, ImmediateOops: 0, NonImmediateOops: No
[1,330s][debug  ][gc,nmethod  ] Register NMethod: jdk.internal.loader.URLClassPath$JarLoader$2.getManifest (0x00007f374fc50690) [0x00007f374fc50900, 0x00007f374fc51160] Compiler: c1, Barriers: 6, Oops: 1, ImmediateOops: 4, NonImmediateOops: No
[1,331s][debug  ][gc,nmethod  ] Register NMethod: jdk.internal.misc.Blocker.begin (0x00007f376f20a190) [0x00007f376f20a320, 0x00007f376f20a418] Compiler: c2, Barriers: 1, Oops: 0, ImmediateOops: 1, NonImmediateOops: No
[1,331s][debug  ][gc,nmethod  ] Register NMethod: java.util.concurrent.ConcurrentHashMap.putVal (0x00007f374fc51590) [0x00007f374fc51940, 0x00007f374fc53618] Compiler: c1, Barriers: 28, Oops: 0, ImmediateOops: 1, NonImmediateOops: No
[1,331s][debug  ][gc,nmethod  ] Register NMethod: java.lang.invoke.MethodHandles$Lookup.isArrayClone (0x00007f374fc54010) [0x00007f374fc54240, 0x00007f374fc54a20] Compiler: c1, Barriers: 6, Oops: 0, ImmediateOops: 2, NonImmediateOops: No
[1,331s][debug  ][gc,nmethod  ] Register NMethod: jdk.internal.org.objectweb.asm.MethodWriter.visitCode (0x00007f374fc54c90) [0x00007f374fc54e20, 0x00007f374fc54f20] Compiler: c1, Barriers: 0, Oops: 0, ImmediateOops: 0, NonImmediateOops: No
[1,331s][debug  ][gc,nmethod  ] Register NMethod: java.lang.invoke.DirectMethodHandle.preparedLambdaForm (0x00007f374fc54f90) [0x00007f374fc55140, 0x00007f374fc55260] Compiler: c1, Barriers: 0, Oops: 0, ImmediateOops: 0, NonImmediateOops: No
[1,332s][debug  ][gc,nmethod  ] Register NMethod: sun.invoke.util.VerifyAccess.isMemberAccessible (0x00007f374fc55310) [0x00007f374fc556a0, 0x00007f374fc56940] Compiler: c1, Barriers: 0, Oops: 1, ImmediateOops: 1, NonImmediateOops: No
[1,332s][debug  ][gc,nmethod  ] Register NMethod: java.lang.invoke.MemberName.isVarargs (0x00007f374fc56e90) [0x00007f374fc57040, 0x00007f374fc573a8] Compiler: c1, Barriers: 0, Oops: 0, ImmediateOops: 0, NonImmediateOops: No
[1,332s][debug  ][gc,nmethod  ] Register NMethod: java.util.stream.AbstractPipeline.isParallel (0x00007f374fc57490) [0x00007f374fc57620, 0x00007f374fc57760] Compiler: c1, Barriers: 1, Oops: 0, ImmediateOops: 0, NonImmediateOops: No
[1,332s][debug  ][gc,nmethod  ] Register NMethod: java.lang.invoke.MethodHandleNatives.refKindIsMethod (0x00007f374fc57810) [0x00007f374fc579c0, 0x00007f374fc57bf0] Compiler: c1, Barriers: 0, Oops: 0, ImmediateOops: 0, NonImmediateOops: No
[1,332s][debug  ][gc,nmethod  ] Register NMethod: java.lang.invoke.MethodHandle.setVarargs (0x00007f374fc57c90) [0x00007f374fc57f40, 0x00007f374fc58b08] Compiler: c1, Barriers: 0, Oops: 2, ImmediateOops: 3, NonImmediateOops: No
[1,333s][debug  ][gc,director ] Rule Major: Warmup 10%, Used: 64MB, UsedThreshold: 1536MB
[1,333s][debug  ][gc,nmethod  ] Register NMethod: java.util.regex.Pattern.has (0x00007f374fc58f90) [0x00007f374fc59120, 0x00007f374fc59280] Compiler: c1, Barriers: 0, Oops: 0, ImmediateOops: 0, NonImmediateOops: No
[1,333s][debug  ][gc,nmethod  ] Register NMethod: java.lang.String.codePointAt (0x00007f374fc59310) [0x00007f374fc59500, 0x00007f374fc599b8] Compiler: c1, Barriers: 2, Oops: 1, ImmediateOops: 2, NonImmediateOops: No
[1,333s][debug  ][gc,nmethod  ] Register NMethod: java.util.regex.Pattern.isSupplementary (0x00007f374fc59c10) [0x00007f374fc59dc0, 0x00007f374fc5a028] Compiler: c1, Barriers: 0, Oops: 0, ImmediateOops: 0, NonImmediateOops: No
[1,333s][debug  ][gc,nmethod  ] Register NMethod: java.lang.Character.isSurrogate (0x00007f374fc5a110) [0x00007f374fc5a2a0, 0x00007f374fc5a418] Compiler: c1, Barriers: 0, Oops: 0, ImmediateOops: 0, NonImmediateOops: No
[1,333s][debug  ][gc,nmethod  ] Register NMethod: java.net.URLStreamHandler.parseURL (0x00007f374fc5a490) [0x00007f374fc5b900, 0x00007f374fc685a8] Compiler: c1, Barriers: 49, Oops: 8, ImmediateOops: 78, NonImmediateOops: No
[1,334s][debug  ][gc,nmethod  ] Register NMethod: java.lang.String.startsWith (0x00007f376f20a510) [0x00007f376f20a6c0, 0x00007f376f20aa08] Compiler: c2, Barriers: 2, Oops: 0, ImmediateOops: 0, NonImmediateOops: No
[1,334s][debug  ][gc,nmethod  ] Register NMethod: jdk.internal.loader.URLClassPath$JarLoader.findResource (0x00007f374fc6d310) [0x00007f374fc6d4e0, 0x00007f374fc6d738] Compiler: c1, Barriers: 0, Oops: 0, ImmediateOops: 0, NonImmediateOops: No
[1,334s][debug  ][gc,nmethod  ] Register NMethod: java.util.ArrayList.isEmpty (0x00007f374fc6d810) [0x00007f374fc6d9a0, 0x00007f374fc6db00] Compiler: c1, Barriers: 0, Oops: 0, ImmediateOops: 0, NonImmediateOops: No
[1,334s][debug  ][gc,nmethod  ] Register NMethod: java.lang.StringBuilder.append (0x00007f374fc6db90) [0x00007f374fc6dd40, 0x00007f374fc6de88] Compiler: c1, Barriers: 0, Oops: 0, ImmediateOops: 0, NonImmediateOops: No
[1,334s][debug  ][gc,nmethod  ] Register NMethod: java.lang.AbstractStringBuilder.append (0x00007f374fc6df10) [0x00007f374fc6e100, 0x00007f374fc6e498] Compiler: c1, Barriers: 2, Oops: 0, ImmediateOops: 0, NonImmediateOops: No
[1,335s][debug  ][gc,nmethod  ] Register NMethod: java.lang.invoke.MethodHandleNatives.findMethodHandleType (0x00007f374fc6e610) [0x00007f374fc6e7c0, 0x00007f374fc6e8e0] Compiler: c1, Barriers: 0, Oops: 0, ImmediateOops: 0, NonImmediateOops: No
[1,335s][debug  ][gc,nmethod  ] Register NMethod: java.lang.invoke.MethodHandleNatives.refKindHasReceiver (0x00007f374fc6e990) [0x00007f374fc6eb20, 0x00007f374fc6ec70] Compiler: c1, Barriers: 0, Oops: 0, ImmediateOops: 0, NonImmediateOops: No
[1,335s][debug  ][gc,nmethod  ] Register NMethod: jdk.internal.access.SharedSecrets.getJavaLangAccess (0x00007f374fc6ed10) [0x00007f374fc6eea0, 0x00007f374fc6efc8] Compiler: c1, Barriers: 1, Oops: 0, ImmediateOops: 1, NonImmediateOops: No
[1,335s][debug  ][gc,nmethod  ] Register NMethod: java.lang.invoke.DirectMethodHandle$Constructor.<init> (0x00007f374fc6f090) [0x00007f374fc6f240, 0x00007f374fc6f490] Compiler: c1, Barriers: 6, Oops: 0, ImmediateOops: 0, NonImmediateOops: No
[1,335s][debug  ][gc,nmethod  ] Register NMethod: jdk.internal.loader.Resource.<init> (0x00007f374fc6f590) [0x00007f374fc6f720, 0x00007f374fc6f880] Compiler: c1, Barriers: 0, Oops: 0, ImmediateOops: 0, NonImmediateOops: No
[1,335s][debug  ][gc,nmethod  ] Register NMethod: jdk.internal.loader.URLClassPath$JarLoader.checkResource (0x00007f374fc6f910) [0x00007f374fc6fb60, 0x00007f374fc70508] Compiler: c1, Barriers: 14, Oops: 0, ImmediateOops: 0, NonImmediateOops: No
[1,335s][debug  ][gc,nmethod  ] Register NMethod: jdk.internal.loader.URLClassPath$JarLoader$2.<init> (0x00007f374fc70910) [0x00007f374fc70ae0, 0x00007f374fc70ef0] Compiler: c1, Barriers: 15, Oops: 0, ImmediateOops: 0, NonImmediateOops: No
[1,335s][debug  ][gc,nmethod  ] Register NMethod: jdk.internal.loader.URLClassPath.getLoader (0x00007f376f20ac90) [0x00007f376f20afc0, 0x00007f376f20c670] Compiler: c2, Barriers: 25, Oops: 0, ImmediateOops: 0, NonImmediateOops: No
[1,337s][debug  ][gc,nmethod  ] Register NMethod: jdk.internal.loader.URLClassPath$JarLoader.getResource (0x00007f376f20d210) [0x00007f376f20d4c0, 0x00007f376f20dfc0] Compiler: c2, Barriers: 7, Oops: 2, ImmediateOops: 1, NonImmediateOops: No
[1,337s][debug  ][gc,nmethod  ] Register NMethod: java.util.stream.PipelineHelper.<init> (0x00007f374fc71010) [0x00007f374fc711a0, 0x00007f374fc71300] Compiler: c1, Barriers: 0, Oops: 0, ImmediateOops: 0, NonImmediateOops: No
[1,337s][debug  ][gc,nmethod  ] Register NMethod: java.lang.invoke.MethodHandle.linkToVirtual (0x00007f376f20e690) [0x00007f376f20e800, 0x00007f376f20e828] Compiler: , Barriers: 0, Oops: 0, ImmediateOops: 0, NonImmediateOops: No
[1,338s][debug  ][gc,nmethod  ] Register NMethod: java.lang.invoke.TypeConvertingMethodAdapter.cast (0x00007f374fc71390) [0x00007f374fc71580, 0x00007f374fc719f0] Compiler: c1, Barriers: 1, Oops: 0, ImmediateOops: 1, NonImmediateOops: No
[1,339s][debug  ][gc,nmethod  ] Register NMethod: jdk.internal.org.objectweb.asm.ByteVector.putShort (0x00007f376f20e990) [0x00007f376f20eb20, 0x00007f376f20ecb0] Compiler: c2, Barriers: 1, Oops: 0, ImmediateOops: 0, NonImmediateOops: No
[1,339s][debug  ][gc,nmethod  ] Register NMethod: java.lang.invoke.Invokers.checkCustomized (0x00007f374fc71b90) [0x00007f374fc71d40, 0x00007f374fc71f68] Compiler: c1, Barriers: 2, Oops: 0, ImmediateOops: 0, NonImmediateOops: No
[1,339s][debug  ][gc,nmethod  ] Register NMethod: java.lang.invoke.Invokers.maybeCustomize (0x00007f374fc72090) [0x00007f374fc72240, 0x00007f374fc723d8] Compiler: c1, Barriers: 0, Oops: 0, ImmediateOops: 0, NonImmediateOops: No
[1,339s][debug  ][gc,nmethod  ] Register NMethod: java.lang.invoke.MethodHandle.maybeCustomize (0x00007f374fc72490) [0x00007f374fc72660, 0x00007f374fc72a78] Compiler: c1, Barriers: 2, Oops: 0, ImmediateOops: 0, NonImmediateOops: No
[1,339s][debug  ][gc,nmethod  ] Register NMethod: java.lang.invoke.MethodHandle.linkToStatic (0x00007f376f20ee10) [0x00007f376f20ef80, 0x00007f376f20f070] Compiler: , Barriers: 0, Oops: 0, ImmediateOops: 0, NonImmediateOops: No
[1,339s][debug  ][gc,nmethod  ] Register NMethod: java.lang.invoke.Invokers.checkExactType (0x00007f374fc72c10) [0x00007f374fc72dc0, 0x00007f374fc72fe0] Compiler: c1, Barriers: 1, Oops: 0, ImmediateOops: 0, NonImmediateOops: No
[1,339s][debug  ][gc,nmethod  ] Register NMethod: jdk.internal.org.objectweb.asm.SymbolTable.addConstantFieldref (0x00007f374fc73110) [0x00007f374fc732c0, 0x00007f374fc73410] Compiler: c1, Barriers: 0, Oops: 0, ImmediateOops: 0, NonImmediateOops: No
[1,339s][debug  ][gc,nmethod  ] Register NMethod: java.lang.invoke.MethodHandle.linkToSpecial (0x00007f376f20f110) [0x00007f376f20f280, 0x00007f376f20f378] Compiler: , Barriers: 0, Oops: 0, ImmediateOops: 0, NonImmediateOops: No
[1,339s][debug  ][gc,nmethod  ] Register NMethod: java.lang.invoke.MethodHandle.invokeBasic (0x00007f376f20f410) [0x00007f376f20f5a0, 0x00007f376f20f838] Compiler: , Barriers: 0, Oops: 0, ImmediateOops: 0, NonImmediateOops: No
[1,339s][debug  ][gc,nmethod  ] Register NMethod: java.lang.invoke.MethodHandle.linkToSpecial (0x00007f376f20f890) [0x00007f376f20fa00, 0x00007f376f20faf8] Compiler: , Barriers: 0, Oops: 0, ImmediateOops: 0, NonImmediateOops: No
[1,340s][debug  ][gc,nmethod  ] Register NMethod: java.lang.invoke.MethodHandles$Lookup.in (0x00007f374fc73510) [0x00007f374fc73940, 0x00007f374fc753f8] Compiler: c1, Barriers: 8, Oops: 2, ImmediateOops: 4, NonImmediateOops: No
[1,340s][debug  ][gc,nmethod  ] Register NMethod: jdk.internal.org.objectweb.asm.MethodWriter.visitFieldInsn (0x00007f374fc75c90) [0x00007f374fc75f20, 0x00007f374fc76c30] Compiler: c1, Barriers: 8, Oops: 1, ImmediateOops: 2, NonImmediateOops: No
[1,340s][debug  ][gc,nmethod  ] Register NMethod: java.lang.invoke.MethodHandle.keepsAlive (0x00007f374fc77090) [0x00007f374fc772e0, 0x00007f374fc77d60] Compiler: c1, Barriers: 1, Oops: 0, ImmediateOops: 6, NonImmediateOops: No
[1,341s][debug  ][gc,nmethod  ] Register NMethod: java.lang.invoke.AbstractValidatingLambdaMetafactory.isAdaptableTo (0x00007f374fc78090) [0x00007f374fc78340, 0x00007f374fc78d38] Compiler: c1, Barriers: 2, Oops: 0, ImmediateOops: 0, NonImmediateOops: No
[1,341s][debug  ][gc,nmethod  ] Register NMethod: java.util.ImmutableCollections$Set12.<init> (0x00007f374fc79090) [0x00007f374fc79340, 0x00007f374fc79f98] Compiler: c1, Barriers: 6, Oops: 1, ImmediateOops: 2, NonImmediateOops: No
[1,342s][debug  ][gc,nmethod  ] Register NMethod: java.lang.Package.isSealed (0x00007f374fc7a410) [0x00007f374fc7a5c0, 0x00007f374fc7a960] Compiler: c1, Barriers: 4, Oops: 0, ImmediateOops: 0, NonImmediateOops: No
[1,342s][debug  ][gc,nmethod  ] Register NMethod: java.util.ImmutableCollections$ListN.size (0x00007f374fc7aa90) [0x00007f374fc7ac20, 0x00007f374fc7ad58] Compiler: c1, Barriers: 1, Oops: 0, ImmediateOops: 0, NonImmediateOops: No
[1,342s][debug  ][gc,nmethod  ] Register NMethod: java.util.jar.JarFile.getVersionedEntry (0x00007f374fc7ae10) [0x00007f374fc7b100, 0x00007f374fc7bf00] Compiler: c1, Barriers: 6, Oops: 3, ImmediateOops: 4, NonImmediateOops: No
[1,343s][debug  ][gc,director ] Rule Major: Warmup 10%, Used: 64MB, UsedThreshold: 1536MB
[1,344s][debug  ][gc,nmethod  ] Register NMethod: jdk.internal.reflect.Reflection.getClassAccessFlags (0x00007f376f20fb90) [0x00007f376f20fd20, 0x00007f376f20ff00] Compiler: , Barriers: 0, Oops: 0, ImmediateOops: 1, NonImmediateOops: No
[1,344s][debug  ][gc,nmethod  ] Register NMethod: java.lang.invoke.MethodHandleNatives.isCallerSensitive (0x00007f374fc7c490) [0x00007f374fc7c660, 0x00007f374fc7caa8] Compiler: c1, Barriers: 0, Oops: 0, ImmediateOops: 0, NonImmediateOops: No
[1,345s][debug  ][gc,nmethod  ] Register NMethod: java.lang.invoke.MethodHandleNatives.canBeCalledVirtual (0x00007f374fc7cc10) [0x00007f374fc7ce20, 0x00007f374fc7d3d0] Compiler: c1, Barriers: 5, Oops: 0, ImmediateOops: 2, NonImmediateOops: No
[1,345s][debug  ][gc,nmethod  ] Register NMethod: java.util.jar.JarFile.getInputStream (0x00007f374fc7d590) [0x00007f374fc7d800, 0x00007f374fc7e078] Compiler: c1, Barriers: 3, Oops: 1, ImmediateOops: 1, NonImmediateOops: No
[1,345s][debug  ][gc,nmethod  ] Register NMethod: jdk.internal.loader.Resource.cachedInputStream (0x00007f374fc7e290) [0x00007f374fc7e440, 0x00007f374fc7e7d8] Compiler: c1, Barriers: 5, Oops: 0, ImmediateOops: 0, NonImmediateOops: No
[1,345s][debug  ][gc,nmethod  ] Register NMethod: jdk.internal.loader.URLClassPath$JarLoader$2.getInputStream (0x00007f374fc7e890) [0x00007f374fc7ea40, 0x00007f374fc7eca0] Compiler: c1, Barriers: 3, Oops: 0, ImmediateOops: 0, NonImmediateOops: No
[1,346s][debug  ][gc,nmethod  ] Register NMethod: java.util.zip.ZipFile.getZipEntry (0x00007f374fc7ed90) [0x00007f374fc7f320, 0x00007f374fc82440] Compiler: c1, Barriers: 18, Oops: 2, ImmediateOops: 4, NonImmediateOops: No
[1,346s][debug  ][gc,nmethod  ] Register NMethod: java.lang.AbstractStringBuilder.<init> (0x00007f376f20ff10) [0x00007f376f2100a0, 0x00007f376f2102c0] Compiler: c2, Barriers: 3, Oops: 0, ImmediateOops: 0, NonImmediateOops: No
[1,347s][debug  ][gc,nmethod  ] Register NMethod: sun.net.www.ParseUtil.match (0x00007f374fc83710) [0x00007f374fc838c0, 0x00007f374fc83b48] Compiler: c1, Barriers: 0, Oops: 0, ImmediateOops: 0, NonImmediateOops: No
[1,347s][debug  ][gc,nmethod  ] Register NMethod: java.lang.invoke.InnerClassLambdaMetafactory.getOpcodeOffset (0x00007f374fc83c10) [0x00007f374fc83de0, 0x00007f374fc840a8] Compiler: c1, Barriers: 0, Oops: 0, ImmediateOops: 3, NonImmediateOops: No
[1,347s][debug  ][gc,nmethod  ] Register NMethod: jdk.internal.org.objectweb.asm.Symbol.<init> (0x00007f376f210390) [0x00007f376f210520, 0x00007f376f210778] Compiler: c2, Barriers: 9, Oops: 0, ImmediateOops: 0, NonImmediateOops: No
[1,347s][debug  ][gc,nmethod  ] Register NMethod: java.lang.invoke.MethodHandleNatives.isPullModeBSM (0x00007f376f210810) [0x00007f376f2109a0, 0x00007f376f210a40] Compiler: c1, Barriers: 0, Oops: 0, ImmediateOops: 0, NonImmediateOops: No
[1,347s][debug  ][gc,nmethod  ] Register NMethod: java.lang.invoke.ConstantCallSite.getTarget (0x00007f374fc84190) [0x00007f374fc84340, 0x00007f374fc84588] Compiler: c1, Barriers: 1, Oops: 0, ImmediateOops: 0, NonImmediateOops: No
[1,347s][debug  ][gc,nmethod  ] Register NMethod: java.lang.String.<init> (0x00007f376f210b10) [0x00007f376f210cc0, 0x00007f376f211250] Compiler: c2, Barriers: 4, Oops: 0, ImmediateOops: 0, NonImmediateOops: No
[1,348s][debug  ][gc,nmethod  ] Register NMethod: jdk.internal.org.objectweb.asm.SymbolTable.put (0x00007f376f211490) [0x00007f376f211640, 0x00007f376f211978] Compiler: c2, Barriers: 8, Oops: 0, ImmediateOops: 0, NonImmediateOops: No
[1,349s][debug  ][gc,nmethod  ] Register NMethod: java.util.jar.JarFile.getManifest (0x00007f374fc84690) [0x00007f374fc84840, 0x00007f374fc84978] Compiler: c1, Barriers: 0, Oops: 0, ImmediateOops: 0, NonImmediateOops: No
[1,349s][debug  ][gc,nmethod  ] Register NMethod: java.lang.StringBuilder.length (0x00007f376f211b10) [0x00007f376f211c80, 0x00007f376f211cf8] Compiler: c2, Barriers: 0, Oops: 0, ImmediateOops: 0, NonImmediateOops: No
[1,349s][debug  ][gc,nmethod  ] Register NMethod: java.util.jar.JarFile.getManifestFromReference (0x00007f374fc84a10) [0x00007f374fc84d60, 0x00007f374fc86308] Compiler: c1, Barriers: 21, Oops: 0, ImmediateOops: 3, NonImmediateOops: No
[1,353s][debug  ][gc,nmethod  ] Register NMethod: java.util.stream.ReferencePipeline$StatelessOp.opIsStateful (0x00007f376f211e10) [0x00007f376f211fa0, 0x00007f376f212060] Compiler: c1, Barriers: 0, Oops: 0, ImmediateOops: 0, NonImmediateOops: No
[1,353s][debug  ][gc,nmethod  ] Register NMethod: java.lang.invoke.DirectMethodHandle.isCrackable (0x00007f376f212110) [0x00007f376f2122a0, 0x00007f376f212368] Compiler: c1, Barriers: 0, Oops: 0, ImmediateOops: 0, NonImmediateOops: No
[1,353s][debug  ][gc,nmethod  ] Register NMethod: jdk.internal.misc.CDS.isDumpingArchive (0x00007f374fc86a10) [0x00007f374fc86ba0, 0x00007f374fc86c88] Compiler: c1, Barriers: 0, Oops: 0, ImmediateOops: 0, NonImmediateOops: No
[1,353s][debug  ][gc,director ] Rule Major: Warmup 10%, Used: 66MB, UsedThreshold: 1536MB
[1,353s][debug  ][gc,nmethod  ] Register NMethod: java.util.Arrays.hashCode (0x00007f374fc86d10) [0x00007f374fc86ee0, 0x00007f374fc87258] Compiler: c1, Barriers: 1, Oops: 0, ImmediateOops: 0, NonImmediateOops: No
[1,355s][debug  ][gc,nmethod  ] Register NMethod: java.lang.invoke.MethodHandle.linkToStatic (0x00007f376f212410) [0x00007f376f212580, 0x00007f376f212670] Compiler: , Barriers: 0, Oops: 0, ImmediateOops: 0, NonImmediateOops: No
[1,355s][debug  ][gc,nmethod  ] Register NMethod: java.util.regex.Pattern.peek (0x00007f374fc87390) [0x00007f374fc87540, 0x00007f374fc877d0] Compiler: c1, Barriers: 1, Oops: 0, ImmediateOops: 0, NonImmediateOops: No
[1,356s][debug  ][gc,nmethod  ] Register NMethod: java.util.logging.Logger.getName (0x00007f376f212710) [0x00007f376f2128a0, 0x00007f376f212990] Compiler: c1, Barriers: 1, Oops: 0, ImmediateOops: 0, NonImmediateOops: No
[1,356s][debug  ][gc,nmethod  ] Register NMethod: jdk.internal.org.objectweb.asm.Handler.putExceptionTable (0x00007f374fc87910) [0x00007f374fc87b40, 0x00007f374fc880c0] Compiler: c1, Barriers: 5, Oops: 0, ImmediateOops: 0, NonImmediateOops: No
[1,358s][debug  ][gc,nmethod  ] Register NMethod: java.util.concurrent.ConcurrentHashMap.transfer (0x00007f376f212a10) [0x00007f376f212c60, 0x00007f376f213d80] Compiler: c2, Barriers: 38, Oops: 1, ImmediateOops: 0, NonImmediateOops: No
[1,358s][debug  ][gc,nmethod  ] Register NMethod: jdk.internal.loader.ClassLoaders$AppClassLoader.loadClass (0x00007f374fc88390) [0x00007f374fc88560, 0x00007f374fc88940] Compiler: c1, Barriers: 0, Oops: 0, ImmediateOops: 0, NonImmediateOops: No
[1,360s][debug  ][gc,nmethod  ] Register NMethod: java.lang.System.identityHashCode (0x00007f376f214510) [0x00007f376f2146a0, 0x00007f376f2148a8] Compiler: , Barriers: 0, Oops: 0, ImmediateOops: 1, NonImmediateOops: No
[1,360s][debug  ][gc,nmethod  ] Register NMethod: java.lang.reflect.Method.getSharedParameterTypes (0x00007f376f214910) [0x00007f376f214aa0, 0x00007f376f214b90] Compiler: c1, Barriers: 1, Oops: 0, ImmediateOops: 0, NonImmediateOops: No
[1,360s][debug  ][gc,nmethod  ] Register NMethod: java.lang.reflect.Executable.<init> (0x00007f374fc88b10) [0x00007f374fc88cc0, 0x00007f374fc88e80] Compiler: c1, Barriers: 0, Oops: 0, ImmediateOops: 0, NonImmediateOops: No
[1,361s][debug  ][gc,nmethod  ] Register NMethod: java.lang.invoke.MethodHandle.linkToInterface (0x00007f376f214c10) [0x00007f376f214d80, 0x00007f376f214eb8] Compiler: , Barriers: 0, Oops: 0, ImmediateOops: 0, NonImmediateOops: No
[1,362s][debug  ][gc,nmethod  ] Register NMethod: java.util.jar.Manifest$FastInputStream.readLine (0x00007f376f214f10) [0x00007f376f2150c0, 0x00007f376f2156b8] Compiler: c2, Barriers: 1, Oops: 0, ImmediateOops: 0, NonImmediateOops: No
[1,362s][debug  ][gc,nmethod  ] Register NMethod: java.lang.invoke.TypeConvertingMethodAdapter.convertType (0x00007f374fc88f90) [0x00007f374fc89660, 0x00007f374fc8d1e8] Compiler: c1, Barriers: 12, Oops: 2, ImmediateOops: 28, NonImmediateOops: No
[1,362s][debug  ][gc,nmethod  ] Register NMethod: java.lang.Character.isWhitespace (0x00007f374fc8e590) [0x00007f374fc8e740, 0x00007f374fc8e980] Compiler: c1, Barriers: 0, Oops: 0, ImmediateOops: 0, NonImmediateOops: No
[1,362s][debug  ][gc,nmethod  ] Register NMethod: java.lang.Character.isWhitespace (0x00007f374fc8ea90) [0x00007f374fc8ec40, 0x00007f374fc8ee20] Compiler: c1, Barriers: 0, Oops: 0, ImmediateOops: 0, NonImmediateOops: No
[1,362s][debug  ][gc,nmethod  ] Register NMethod: java.lang.CharacterDataLatin1.isWhitespace (0x00007f374fc8ef10) [0x00007f374fc8f0c0, 0x00007f374fc8f2c8] Compiler: c1, Barriers: 0, Oops: 0, ImmediateOops: 1, NonImmediateOops: No
[1,363s][debug  ][gc,nmethod  ] Register NMethod: java.lang.invoke.Invokers$Holder.linkToTargetMethod (0x00007f374fc8f410) [0x00007f374fc8f5c0, 0x00007f374fc8f920] Compiler: c1, Barriers: 0, Oops: 0, ImmediateOops: 0, NonImmediateOops: No
[1,363s][debug  ][gc,director ] Rule Major: Warmup 10%, Used: 68MB, UsedThreshold: 1536MB
[1,363s][debug  ][gc,nmethod  ] Register NMethod: java.util.LinkedHashMap$LinkedHashIterator.hasNext (0x00007f374fc8fa10) [0x00007f374fc8fba0, 0x00007f374fc8fd30] Compiler: c1, Barriers: 1, Oops: 0, ImmediateOops: 0, NonImmediateOops: No
[1,363s][debug  ][gc,nmethod  ] Register NMethod: jdk.internal.org.objectweb.asm.Frame.getInputStackSize (0x00007f374fc8fd90) [0x00007f374fc8ff20, 0x00007f374fc90058] Compiler: c1, Barriers: 1, Oops: 0, ImmediateOops: 0, NonImmediateOops: No
[1,363s][debug  ][gc,nmethod  ] Register NMethod: java.lang.PublicMethods$Key.matches (0x00007f374fc90110) [0x00007f374fc902e0, 0x00007f374fc90658] Compiler: c1, Barriers: 2, Oops: 1, ImmediateOops: 2, NonImmediateOops: No
[1,364s][debug  ][gc,nmethod  ] Register NMethod: jdk.internal.org.objectweb.asm.Frame.setLocal (0x00007f374fc90810) [0x00007f374fc90a00, 0x00007f374fc90fc0] Compiler: c1, Barriers: 9, Oops: 0, ImmediateOops: 0, NonImmediateOops: No
[1,364s][debug  ][gc,nmethod  ] Register NMethod: java.lang.String.<init> (0x00007f374fc91190) [0x00007f374fc91aa0, 0x00007f374fc96fd8] Compiler: c1, Barriers: 53, Oops: 2, ImmediateOops: 16, NonImmediateOops: No
[1,364s][debug  ][gc,nmethod  ] Register NMethod: java.lang.invoke.DirectMethodHandle.allocateInstance (0x00007f374fc98a10) [0x00007f374fc98bc0, 0x00007f374fc98e00] Compiler: c1, Barriers: 1, Oops: 0, ImmediateOops: 1, NonImmediateOops: No
[1,364s][debug  ][gc,nmethod  ] Register NMethod: jdk.internal.loader.Resource.getBytes (0x00007f374fc98f10) [0x00007f374fc99260, 0x00007f374fc9aa48] Compiler: c1, Barriers: 10, Oops: 0, ImmediateOops: 1, NonImmediateOops: No
[1,365s][debug  ][gc,nmethod  ] Register NMethod: java.lang.invoke.DirectMethodHandle.constructorMethod (0x00007f374fc9b390) [0x00007f374fc9b540, 0x00007f374fc9b738] Compiler: c1, Barriers: 1, Oops: 0, ImmediateOops: 0, NonImmediateOops: No
[1,365s][debug  ][gc,nmethod  ] Register NMethod: jdk.internal.org.objectweb.asm.Type.getReturnTypeOffset (0x00007f374fc9b810) [0x00007f374fc9bb20, 0x00007f374fc9cdb8] Compiler: c1, Barriers: 6, Oops: 1, ImmediateOops: 6, NonImmediateOops: No
[1,365s][debug  ][gc,nmethod  ] Register NMethod: java.lang.reflect.ReflectAccess.copyMethod (0x00007f374fc9d490) [0x00007f374fc9d640, 0x00007f374fc9d780] Compiler: c1, Barriers: 0, Oops: 0, ImmediateOops: 0, NonImmediateOops: No
[1,365s][debug  ][gc,nmethod  ] Register NMethod: jdk.internal.org.objectweb.asm.ByteVector.putByte (0x00007f376f215a10) [0x00007f376f215ba0, 0x00007f376f215d78] Compiler: c2, Barriers: 2, Oops: 0, ImmediateOops: 0, NonImmediateOops: No
[1,365s][debug  ][gc,nmethod  ] Register NMethod: jdk.internal.reflect.ReflectionFactory.copyMethod (0x00007f374fc9d890) [0x00007f374fc9da40, 0x00007f374fc9dc60] Compiler: c1, Barriers: 1, Oops: 0, ImmediateOops: 0, NonImmediateOops: No
[1,365s][debug  ][gc,nmethod  ] Register NMethod: java.lang.reflect.Method.<init> (0x00007f374fc9dd90) [0x00007f374fc9df80, 0x00007f374fc9e5f0] Compiler: c1, Barriers: 27, Oops: 0, ImmediateOops: 0, NonImmediateOops: No
[1,365s][debug  ][gc,nmethod  ] Register NMethod: java.lang.reflect.Method.copy (0x00007f374fc9e710) [0x00007f374fc9e900, 0x00007f374fc9ef70] Compiler: c1, Barriers: 17, Oops: 0, ImmediateOops: 1, NonImmediateOops: No
[1,365s][debug  ][gc,nmethod  ] Register NMethod: jdk.internal.org.objectweb.asm.Frame.accept (0x00007f374fc9f090) [0x00007f374fc9f2c0, 0x00007f374fc9fcc0] Compiler: c1, Barriers: 5, Oops: 0, ImmediateOops: 0, NonImmediateOops: No
[1,365s][debug  ][gc,nmethod  ] Register NMethod: java.util.LinkedHashMap$LinkedHashIterator.nextNode (0x00007f374fca0090) [0x00007f374fca0280, 0x00007f374fca0708] Compiler: c1, Barriers: 10, Oops: 0, ImmediateOops: 0, NonImmediateOops: No
[1,366s][debug  ][gc,nmethod  ] Register NMethod: jdk.internal.org.objectweb.asm.Edge.<init> (0x00007f374fca0890) [0x00007f374fca0a40, 0x00007f374fca0c90] Compiler: c1, Barriers: 6, Oops: 0, ImmediateOops: 0, NonImmediateOops: No
[1,367s][debug  ][gc,nmethod  ] Register NMethod: jdk.internal.loader.AbstractClassLoaderValue$Sub.parent (0x00007f376f215e90) [0x00007f376f216020, 0x00007f376f216110] Compiler: c1, Barriers: 1, Oops: 0, ImmediateOops: 0, NonImmediateOops: No
[1,367s][debug  ][gc,nmethod  ] Register NMethod: sun.reflect.generics.parser.SignatureParser.skipIdentifier (0x00007f374fca0d90) [0x00007f374fca0fa0, 0x00007f374fca1518] Compiler: c1, Barriers: 0, Oops: 0, ImmediateOops: 0, NonImmediateOops: No
[1,367s][debug  ][gc,nmethod  ] Register NMethod: jdk.internal.org.objectweb.asm.Frame.merge (0x00007f374fca1690) [0x00007f374fca19a0, 0x00007f374fca2bb0] Compiler: c1, Barriers: 29, Oops: 0, ImmediateOops: 0, NonImmediateOops: No
[1,369s][debug  ][gc,nmethod  ] Register NMethod: java.util.concurrent.ConcurrentHashMap.transfer (0x00007f376f216190) [0x00007f376f2163e0, 0x00007f376f2177f8] Compiler: c2, Barriers: 44, Oops: 0, ImmediateOops: 0, NonImmediateOops: No
[1,369s][debug  ][gc,nmethod  ] Register NMethod: sun.invoke.util.VerifyAccess.isTypeVisible (0x00007f374fca3210) [0x00007f374fca3400, 0x00007f374fca38c0] Compiler: c1, Barriers: 4, Oops: 0, ImmediateOops: 0, NonImmediateOops: No
[1,369s][debug  ][gc,nmethod  ] Register NMethod: jdk.internal.misc.Unsafe.allocateUninitializedArray (0x00007f376f217f90) [0x00007f376f218120, 0x00007f376f2182d8] Compiler: c2, Barriers: 0, Oops: 0, ImmediateOops: 0, NonImmediateOops: No
[1,370s][debug  ][gc,nmethod  ] Register NMethod: jdk.internal.misc.Unsafe.allocateUninitializedArray0 (0x00007f376f218410) [0x00007f376f2185a0, 0x00007f376f218768] Compiler: c2, Barriers: 0, Oops: 1, ImmediateOops: 1, NonImmediateOops: No
[1,371s][debug  ][gc,nmethod  ] Register NMethod: jdk.internal.misc.Unsafe.allocateUninitializedArray (0x00007f376f218810) [0x00007f376f2189a0, 0x00007f376f218b48] Compiler: c2, Barriers: 0, Oops: 0, ImmediateOops: 0, NonImmediateOops: No
[1,371s][debug  ][gc,nmethod  ] Register NMethod: java.lang.invoke.MethodHandle.linkToSpecial (0x00007f376f218c90) [0x00007f376f218e00, 0x00007f376f218ef8] Compiler: , Barriers: 0, Oops: 0, ImmediateOops: 0, NonImmediateOops: No
[1,372s][debug  ][gc,nmethod  ] Register NMethod: jdk.internal.misc.Blocker.end (0x00007f376f218f90) [0x00007f376f219100, 0x00007f376f219198] Compiler: c2, Barriers: 0, Oops: 0, ImmediateOops: 0, NonImmediateOops: No
[1,372s][debug  ][gc,nmethod  ] Register NMethod: jdk.internal.org.objectweb.asm.Type.<init> (0x00007f374fca3a90) [0x00007f374fca3c40, 0x00007f374fca3e20] Compiler: c1, Barriers: 3, Oops: 0, ImmediateOops: 0, NonImmediateOops: No
[1,372s][debug  ][gc,nmethod  ] Register NMethod: java.lang.System.getSecurityManager (0x00007f376f219290) [0x00007f376f219400, 0x00007f376f219468] Compiler: c2, Barriers: 0, Oops: 0, ImmediateOops: 0, NonImmediateOops: No
[1,372s][debug  ][gc,nmethod  ] Register NMethod: jdk.internal.org.objectweb.asm.SymbolTable.addConstantUtf8 (0x00007f376f219590) [0x00007f376f2197c0, 0x00007f376f21a248] Compiler: c2, Barriers: 19, Oops: 0, ImmediateOops: 0, NonImmediateOops: No
[1,372s][debug  ][gc,nmethod  ] Register NMethod: java.lang.invoke.MethodHandle.maybeCustomize (0x00007f374fc72490) [0x00007f374fc72660, 0x00007f374fc72a78] Compiler: c1, Barriers: 2, Oops: 0, ImmediateOops: 0, NonImmediateOops: No
[1,373s][debug  ][gc,director ] Rule Major: Warmup 10%, Used: 68MB, UsedThreshold: 1536MB
[1,374s][debug  ][gc,nmethod  ] Register NMethod: java.lang.Integer.compare (0x00007f374fca3f10) [0x00007f374fca40c0, 0x00007f374fca4290] Compiler: c1, Barriers: 0, Oops: 0, ImmediateOops: 0, NonImmediateOops: No
[1,375s][debug  ][gc,nmethod  ] Register NMethod: java.lang.reflect.ProxyGenerator.dotToSlash (0x00007f374fca4310) [0x00007f374fca44c0, 0x00007f374fca45e8] Compiler: c1, Barriers: 0, Oops: 0, ImmediateOops: 0, NonImmediateOops: No
[1,376s][debug  ][gc,nmethod  ] Register NMethod: jdk.internal.org.objectweb.asm.SymbolTable$Entry.<init> (0x00007f376f21a710) [0x00007f376f21a8a0, 0x00007f376f21aad8] Compiler: c2, Barriers: 7, Oops: 0, ImmediateOops: 0, NonImmediateOops: No
[1,376s][debug  ][gc,nmethod  ] Register NMethod: jdk.internal.org.objectweb.asm.Type.getTypeInternal (0x00007f374fca4690) [0x00007f374fca49e0, 0x00007f374fca5cd0] Compiler: c1, Barriers: 11, Oops: 2, ImmediateOops: 12, NonImmediateOops: No
[1,376s][debug  ][gc,nmethod  ] Register NMethod: java.util.LinkedHashMap$LinkedValueIterator.next (0x00007f374fca6290) [0x00007f374fca6440, 0x00007f374fca65b0] Compiler: c1, Barriers: 1, Oops: 0, ImmediateOops: 0, NonImmediateOops: No
[1,376s][debug  ][gc,nmethod  ] Register NMethod: java.util.ArrayList.<init> (0x00007f374fca6690) [0x00007f374fca6900, 0x00007f374fca7200] Compiler: c1, Barriers: 6, Oops: 1, ImmediateOops: 2, NonImmediateOops: No
[1,376s][debug  ][gc,nmethod  ] Register NMethod: java.util.Arrays.equals (0x00007f374fca7510) [0x00007f374fca76e0, 0x00007f374fca79b8] Compiler: c1, Barriers: 0, Oops: 0, ImmediateOops: 0, NonImmediateOops: No
[1,376s][debug  ][gc,nmethod  ] Register NMethod: java.lang.Class.forName0 (0x00007f376f21ab90) [0x00007f376f21ad40, 0x00007f376f21b128] Compiler: , Barriers: 0, Oops: 0, ImmediateOops: 1, NonImmediateOops: No
[1,376s][debug  ][gc,nmethod  ] Register NMethod: java.lang.Class.forName (0x00007f374fca7a90) [0x00007f374fca7c40, 0x00007f374fca7e38] Compiler: c1, Barriers: 0, Oops: 0, ImmediateOops: 0, NonImmediateOops: No
[1,376s][debug  ][gc,nmethod  ] Register NMethod: java.lang.Class.forName (0x00007f374fca7f10) [0x00007f374fca80c0, 0x00007f374fca82d0] Compiler: c1, Barriers: 0, Oops: 0, ImmediateOops: 0, NonImmediateOops: No
[1,377s][debug  ][gc,nmethod  ] Register NMethod: jdk.internal.loader.ClassLoaders.platformClassLoader (0x00007f374fca8410) [0x00007f374fca85a0, 0x00007f374fca8690] Compiler: c1, Barriers: 0, Oops: 0, ImmediateOops: 1, NonImmediateOops: No
[1,378s][debug  ][gc,nmethod  ] Register NMethod: jdk.internal.org.objectweb.asm.MethodWriter.computeAllFrames (0x00007f374fca8710) [0x00007f374fca8b20, 0x00007f374fcaa8d8] Compiler: c1, Barriers: 65, Oops: 1, ImmediateOops: 5, NonImmediateOops: No
[1,380s][debug  ][gc,nmethod  ] Register NMethod: java.util.logging.LogManager.getProperty (0x00007f374fcab390) [0x00007f374fcab540, 0x00007f374fcab738] Compiler: c1, Barriers: 1, Oops: 0, ImmediateOops: 0, NonImmediateOops: No
[1,380s][debug  ][gc,nmethod  ] Register NMethod: java.util.LinkedHashMap.get (0x00007f374fcab810) [0x00007f374fcab9e0, 0x00007f374fcabcb8] Compiler: c1, Barriers: 1, Oops: 0, ImmediateOops: 0, NonImmediateOops: No
[1,380s][debug  ][gc,nmethod  ] Register NMethod: java.lang.StringConcatHelper.prepend (0x00007f376f21b190) [0x00007f376f21b320, 0x00007f376f21b528] Compiler: c2, Barriers: 1, Oops: 0, ImmediateOops: 0, NonImmediateOops: No
[1,381s][debug  ][gc,nmethod  ] Register NMethod: java.nio.Buffer.nextGetIndex (0x00007f374fcabd90) [0x00007f374fcabf40, 0x00007f374fcac110] Compiler: c1, Barriers: 0, Oops: 0, ImmediateOops: 0, NonImmediateOops: No
[1,381s][debug  ][gc,nmethod  ] Register NMethod: java.nio.HeapByteBuffer.byteOffset (0x00007f374fcac210) [0x00007f374fcac3a0, 0x00007f374fcac4a8] Compiler: c1, Barriers: 0, Oops: 0, ImmediateOops: 0, NonImmediateOops: No
[1,381s][debug  ][gc,nmethod  ] Register NMethod: java.util.LinkedHashMap.newNode (0x00007f374fcac510) [0x00007f374fcac6c0, 0x00007f374fcac8b0] Compiler: c1, Barriers: 0, Oops: 0, ImmediateOops: 0, NonImmediateOops: No
[1,381s][debug  ][gc,nmethod  ] Register NMethod: jdk.internal.misc.ScopedMemoryAccess.getShortUnaligned (0x00007f374fcac990) [0x00007f374fcacb80, 0x00007f374fcad008] Compiler: c1, Barriers: 0, Oops: 0, ImmediateOops: 1, NonImmediateOops: No
[1,381s][debug  ][gc,nmethod  ] Register NMethod: jdk.internal.misc.ScopedMemoryAccess.getShortUnalignedInternal (0x00007f374fcad290) [0x00007f374fcad460, 0x00007f374fcad768] Compiler: c1, Barriers: 0, Oops: 0, ImmediateOops: 1, NonImmediateOops: No
[1,381s][debug  ][gc,nmethod  ] Register NMethod: java.nio.HeapByteBuffer.getShort (0x00007f374fcad910) [0x00007f374fcadb60, 0x00007f374fcae4a8] Compiler: c1, Barriers: 2, Oops: 1, ImmediateOops: 2, NonImmediateOops: No
[1,381s][debug  ][gc,nmethod  ] Register NMethod: java.security.AccessController.executePrivileged (0x00007f374fcae890) [0x00007f374fcaea60, 0x00007f374fcaed50] Compiler: c1, Barriers: 0, Oops: 0, ImmediateOops: 0, NonImmediateOops: No
[1,381s][debug  ][gc,nmethod  ] Register NMethod: java.lang.invoke.MemberName.<init> (0x00007f374fcaee90) [0x00007f374fcaf1c0, 0x00007f374fcb02e8] Compiler: c1, Barriers: 0, Oops: 4, ImmediateOops: 5, NonImmediateOops: No
[1,381s][debug  ][gc,nmethod  ] Register NMethod: sun.invoke.util.VerifyAccess.getClassModifiers (0x00007f374fcb0810) [0x00007f374fcb09e0, 0x00007f374fcb0c20] Compiler: c1, Barriers: 0, Oops: 0, ImmediateOops: 0, NonImmediateOops: No
[1,382s][debug  ][gc,nmethod  ] Register NMethod: java.util.Objects.hash (0x00007f374fcb0d10) [0x00007f374fcb0ec0, 0x00007f374fcb0fd8] Compiler: c1, Barriers: 0, Oops: 0, ImmediateOops: 0, NonImmediateOops: No
[1,382s][debug  ][gc,nmethod  ] Register NMethod: java.lang.Byte.hashCode (0x00007f374fcb1090) [0x00007f374fcb1220, 0x00007f374fcb1308] Compiler: c1, Barriers: 0, Oops: 0, ImmediateOops: 0, NonImmediateOops: No
[1,382s][debug  ][gc,nmethod  ] Register NMethod: java.lang.Byte.hashCode (0x00007f374fcb1390) [0x00007f374fcb1520, 0x00007f374fcb1680] Compiler: c1, Barriers: 0, Oops: 0, ImmediateOops: 0, NonImmediateOops: No
[1,382s][debug  ][gc,nmethod  ] Register NMethod: java.lang.Byte.<init> (0x00007f374fcb1710) [0x00007f374fcb18c0, 0x00007f374fcb1a80] Compiler: c1, Barriers: 0, Oops: 0, ImmediateOops: 0, NonImmediateOops: No
[1,382s][debug  ][gc,nmethod  ] Register NMethod: java.lang.invoke.MemberName.hashCode (0x00007f374fcb1b90) [0x00007f374fcb1e00, 0x00007f374fcb2a50] Compiler: c1, Barriers: 14, Oops: 0, ImmediateOops: 0, NonImmediateOops: No
[1,382s][debug  ][gc,nmethod  ] Register NMethod: java.lang.String.replace (0x00007f376f21b710) [0x00007f376f21b8a0, 0x00007f376f21b9e0] Compiler: c2, Barriers: 1, Oops: 0, ImmediateOops: 0, NonImmediateOops: No
[1,382s][debug  ][gc,nmethod  ] Register NMethod: java.security.AccessController.doPrivileged (0x00007f374fcb2d90) [0x00007f374fcb2f60, 0x00007f374fcb3288] Compiler: c1, Barriers: 0, Oops: 0, ImmediateOops: 0, NonImmediateOops: No
[1,382s][debug  ][gc,nmethod  ] Register NMethod: java.util.HashMap.put (0x00007f376f21ba90) [0x00007f376f21bd20, 0x00007f376f21ca08] Compiler: c2, Barriers: 32, Oops: 0, ImmediateOops: 0, NonImmediateOops: No
[1,382s][debug  ][gc,nmethod  ] Register NMethod: java.util.LinkedHashMap.afterNodeInsertion (0x00007f374fcb3410) [0x00007f374fcb3600, 0x00007f374fcb3ac0] Compiler: c1, Barriers: 2, Oops: 0, ImmediateOops: 0, NonImmediateOops: No
[1,382s][debug  ][gc,nmethod  ] Register NMethod: java.util.HashMap.<init> (0x00007f374fcb3c10) [0x00007f374fcb3f20, 0x00007f374fcb4e78] Compiler: c1, Barriers: 0, Oops: 2, ImmediateOops: 2, NonImmediateOops: No
[1,382s][debug  ][gc,nmethod  ] Register NMethod: jdk.internal.org.objectweb.asm.MethodWriter.visitFrameStart (0x00007f374fcb5490) [0x00007f374fcb5640, 0x00007f374fcb59c0] Compiler: c1, Barriers: 5, Oops: 0, ImmediateOops: 0, NonImmediateOops: No
[1,382s][debug  ][gc,nmethod  ] Register NMethod: jdk.internal.org.objectweb.asm.MethodWriter.visitFrameEnd (0x00007f374fcb5b10) [0x00007f374fcb5d00, 0x00007f374fcb6320] Compiler: c1, Barriers: 15, Oops: 0, ImmediateOops: 0, NonImmediateOops: No
[1,383s][debug  ][gc,nmethod  ] Register NMethod: java.lang.Class.privateGetDeclaredMethods (0x00007f374fcb6490) [0x00007f374fcb66e0, 0x00007f374fcb6f68] Compiler: c1, Barriers: 10, Oops: 0, ImmediateOops: 2, NonImmediateOops: No
[1,383s][debug  ][gc,director ] Rule Major: Warmup 10%, Used: 70MB, UsedThreshold: 1536MB
[1,384s][debug  ][gc,nmethod  ] Register NMethod: java.lang.Class.getAnnotationType (0x00007f376f21d110) [0x00007f376f21d2a0, 0x00007f376f21d398] Compiler: c1, Barriers: 1, Oops: 0, ImmediateOops: 0, NonImmediateOops: No
[1,384s][debug  ][gc,nmethod  ] Register NMethod: java.lang.String.indexOf (0x00007f376f21d410) [0x00007f376f21d5a0, 0x00007f376f21d820] Compiler: c2, Barriers: 1, Oops: 0, ImmediateOops: 0, NonImmediateOops: No
[1,384s][debug  ][gc,nmethod  ] Register NMethod: java.lang.invoke.MethodHandle.linkToInterface (0x00007f376f21d990) [0x00007f376f21db00, 0x00007f376f21dc38] Compiler: , Barriers: 0, Oops: 0, ImmediateOops: 0, NonImmediateOops: No
[1,385s][debug  ][gc,nmethod  ] Register NMethod: java.util.stream.StreamOpFlag.combineOpFlags (0x00007f374fcb7190) [0x00007f374fcb7320, 0x00007f374fcb74d0] Compiler: c1, Barriers: 0, Oops: 0, ImmediateOops: 0, NonImmediateOops: No
[1,385s][debug  ][gc,nmethod  ] Register NMethod: java.util.stream.StreamOpFlag.getMask (0x00007f374fcb7590) [0x00007f374fcb7720, 0x00007f374fcb7890] Compiler: c1, Barriers: 0, Oops: 0, ImmediateOops: 0, NonImmediateOops: No
[1,385s][debug  ][gc,nmethod  ] Register NMethod: java.util.HashMap.get (0x00007f376f21dc90) [0x00007f376f21de80, 0x00007f376f21e350] Compiler: c2, Barriers: 7, Oops: 0, ImmediateOops: 0, NonImmediateOops: No
[1,385s][debug  ][gc,nmethod  ] Register NMethod: java.lang.StringBuilder.<init> (0x00007f376f21e610) [0x00007f376f21e7a0, 0x00007f376f21e938] Compiler: c2, Barriers: 3, Oops: 0, ImmediateOops: 0, NonImmediateOops: No
[1,385s][debug  ][gc,nmethod  ] Register NMethod: org.junit.platform.commons.util.ReflectionUtils$$Lambda/0x00000000801971b0.compare (0x00007f374fcb7910) [0x00007f374fcb7ac0, 0x00007f374fcb7da8] Compiler: c1, Barriers: 0, Oops: 1, ImmediateOops: 0, NonImmediateOops: No
[1,386s][debug  ][gc,nmethod  ] Register NMethod: org.junit.platform.commons.util.ReflectionUtils.defaultMethodSorter (0x00007f374fcb7e90) [0x00007f374fcb80a0, 0x00007f374fcb8510] Compiler: c1, Barriers: 2, Oops: 1, ImmediateOops: 0, NonImmediateOops: No
[1,386s][debug  ][gc,nmethod  ] Register NMethod: java.lang.StringBuilder.toString (0x00007f376f21ea10) [0x00007f376f21eba0, 0x00007f376f21ecc8] Compiler: c2, Barriers: 0, Oops: 0, ImmediateOops: 0, NonImmediateOops: No
[1,386s][debug  ][gc,nmethod  ] Register NMethod: sun.reflect.generics.visitor.Reifier.getFactory (0x00007f376f21ed90) [0x00007f376f21ef20, 0x00007f376f21f010] Compiler: c1, Barriers: 1, Oops: 0, ImmediateOops: 0, NonImmediateOops: No
[1,386s][debug  ][gc,nmethod  ] Register NMethod: sun.reflect.generics.tree.ClassTypeSignature.getPath (0x00007f376f21f090) [0x00007f376f21f220, 0x00007f376f21f310] Compiler: c1, Barriers: 1, Oops: 0, ImmediateOops: 0, NonImmediateOops: No
[1,386s][debug  ][gc,nmethod  ] Register NMethod: sun.reflect.generics.tree.SimpleClassTypeSignature.getDollar (0x00007f376f21f390) [0x00007f376f21f520, 0x00007f376f21f5e8] Compiler: c1, Barriers: 0, Oops: 0, ImmediateOops: 0, NonImmediateOops: No
[1,386s][debug  ][gc,nmethod  ] Register NMethod: sun.reflect.generics.tree.SimpleClassTypeSignature.getName (0x00007f376f21f690) [0x00007f376f21f820, 0x00007f376f21f910] Compiler: c1, Barriers: 1, Oops: 0, ImmediateOops: 0, NonImmediateOops: No
[1,386s][debug  ][gc,nmethod  ] Register NMethod: java.lang.reflect.Method.getRoot (0x00007f376f21f990) [0x00007f376f21fb20, 0x00007f376f21fc18] Compiler: c1, Barriers: 1, Oops: 0, ImmediateOops: 0, NonImmediateOops: No
[1,386s][debug  ][gc,nmethod  ] Register NMethod: sun.reflect.generics.tree.SimpleClassTypeSignature.getTypeArguments (0x00007f376f21fc90) [0x00007f376f21fe20, 0x00007f376f21ff10] Compiler: c1, Barriers: 1, Oops: 0, ImmediateOops: 0, NonImmediateOops: No
[1,387s][debug  ][gc,nmethod  ] Register NMethod: org.junit.platform.commons.util.Preconditions.condition (0x00007f374fcb8710) [0x00007f374fcb88c0, 0x00007f374fcb8ab8] Compiler: c1, Barriers: 0, Oops: 1, ImmediateOops: 0, NonImmediateOops: No
[1,387s][debug  ][gc,nmethod  ] Register NMethod: org.junit.platform.commons.util.Preconditions.notNull (0x00007f374fcb8b90) [0x00007f374fcb8d40, 0x00007f374fcb8ff0] Compiler: c1, Barriers: 0, Oops: 1, ImmediateOops: 0, NonImmediateOops: No
[1,387s][debug  ][gc,nmethod  ] Register NMethod: sun.reflect.generics.parser.SignatureParser.current (0x00007f376f21ff90) [0x00007f376f220120, 0x00007f376f2202d0] Compiler: c2, Barriers: 2, Oops: 1, ImmediateOops: 0, NonImmediateOops: No
[1,387s][debug  ][gc,nmethod  ] Register NMethod: jdk.internal.misc.Unsafe.fullFence (0x00007f376f220410) [0x00007f376f2205a0, 0x00007f376f220750] Compiler: , Barriers: 0, Oops: 0, ImmediateOops: 0, NonImmediateOops: No
[1,387s][debug  ][gc,nmethod  ] Register NMethod: java.lang.invoke.MethodHandle.asTypeUncached (0x00007f374fcb9110) [0x00007f374fcb93e0, 0x00007f374fcb9eb0] Compiler: c1, Barriers: 1, Oops: 2, ImmediateOops: 3, NonImmediateOops: No
[1,388s][debug  ][gc,nmethod  ] Register NMethod: java.lang.invoke.MethodHandleImpl.computeValueConversions (0x00007f374fcba310) [0x00007f374fcba540, 0x00007f374fcbae88] Compiler: c1, Barriers: 10, Oops: 0, ImmediateOops: 0, NonImmediateOops: No
[1,388s][debug  ][gc,nmethod  ] Register NMethod: java.lang.invoke.MethodHandleImpl.makePairwiseConvert (0x00007f374fcbb210) [0x00007f374fcbb3c0, 0x00007f374fcbb4e0] Compiler: c1, Barriers: 0, Oops: 0, ImmediateOops: 0, NonImmediateOops: No
[1,388s][debug  ][gc,nmethod  ] Register NMethod: java.lang.invoke.MethodHandle.getApproximateCommonClassLoader (0x00007f374fcbb590) [0x00007f374fcbb800, 0x00007f374fcbc438] Compiler: c1, Barriers: 5, Oops: 0, ImmediateOops: 4, NonImmediateOops: No
[1,388s][debug  ][gc,nmethod  ] Register NMethod: java.lang.invoke.MethodType.isConvertibleTo (0x00007f374fcbc890) [0x00007f374fcbcb00, 0x00007f374fcbd6a0] Compiler: c1, Barriers: 12, Oops: 0, ImmediateOops: 0, NonImmediateOops: No
[1,388s][debug  ][gc,nmethod  ] Register NMethod: java.lang.invoke.MethodHandleImpl.makePairwiseConvert (0x00007f374fcbd910) [0x00007f374fcbdac0, 0x00007f374fcbdcf8] Compiler: c1, Barriers: 1, Oops: 0, ImmediateOops: 0, NonImmediateOops: No
[1,388s][debug  ][gc,nmethod  ] Register NMethod: jdk.internal.loader.ClassLoaders$AppClassLoader.defineOrCheckPackage (0x00007f374fcbde10) [0x00007f374fcbdfc0, 0x00007f374fcbe0f8] Compiler: c1, Barriers: 0, Oops: 0, ImmediateOops: 0, NonImmediateOops: No
[1,388s][debug  ][gc,nmethod  ] Register NMethod: jdk.internal.loader.BuiltinClassLoader.defineOrCheckPackage (0x00007f374fcbe190) [0x00007f374fcbe400, 0x00007f374fcbecd8] Compiler: c1, Barriers: 0, Oops: 1, ImmediateOops: 1, NonImmediateOops: No
[1,388s][debug  ][gc,nmethod  ] Register NMethod: java.util.stream.ReduceOps$3ReducingSink.accept (0x00007f374fcbf090) [0x00007f374fcbf240, 0x00007f374fcbf470] Compiler: c1, Barriers: 2, Oops: 0, ImmediateOops: 0, NonImmediateOops: No
[1,388s][debug  ][gc,nmethod  ] Register NMethod: jdk.internal.loader.BuiltinClassLoader.defineClass (0x00007f374fcbf510) [0x00007f374fcbf840, 0x00007f374fcc0b48] Compiler: c1, Barriers: 6, Oops: 0, ImmediateOops: 0, NonImmediateOops: No
[1,388s][debug  ][gc,nmethod  ] Register NMethod: jdk.internal.loader.BuiltinClassLoader.getAndVerifyPackage (0x00007f374fcc1090) [0x00007f374fcc1400, 0x00007f374fcc2568] Compiler: c1, Barriers: 4, Oops: 4, ImmediateOops: 4, NonImmediateOops: No
[1,388s][debug  ][gc,nmethod  ] Register NMethod: java.lang.invoke.InnerClassLambdaMetafactory.getLoadOpcode (0x00007f374fcc2b90) [0x00007f374fcc2d60, 0x00007f374fcc2f98] Compiler: c1, Barriers: 0, Oops: 0, ImmediateOops: 2, NonImmediateOops: No
[1,388s][debug  ][gc,nmethod  ] Register NMethod: java.lang.invoke.InnerClassLambdaMetafactory.getParameterSize (0x00007f374fcc3090) [0x00007f374fcc3240, 0x00007f374fcc3448] Compiler: c1, Barriers: 0, Oops: 0, ImmediateOops: 3, NonImmediateOops: No
[1,389s][debug  ][gc,nmethod  ] Register NMethod: jdk.internal.org.objectweb.asm.MethodVisitor.visitVarInsn (0x00007f374fcc3510) [0x00007f374fcc36c0, 0x00007f374fcc38f0] Compiler: c1, Barriers: 1, Oops: 0, ImmediateOops: 0, NonImmediateOops: No
[1,389s][debug  ][gc,nmethod  ] Register NMethod: java.lang.String.valueOf (0x00007f374fcc3990) [0x00007f374fcc3b40, 0x00007f374fcc3d38] Compiler: c1, Barriers: 0, Oops: 0, ImmediateOops: 1, NonImmediateOops: No
[1,389s][debug  ][gc,nmethod  ] Register NMethod: java.util.stream.Collectors$CollectorImpl.characteristics (0x00007f376f220790) [0x00007f376f220920, 0x00007f376f220a10] Compiler: c1, Barriers: 1, Oops: 0, ImmediateOops: 0, NonImmediateOops: No
[1,389s][debug  ][gc,nmethod  ] Register NMethod: java.lang.invoke.MethodHandleImpl.makePairwiseConvertByEditor (0x00007f374fcc3e10) [0x00007f374fcc46c0, 0x00007f374fcc9ab8] Compiler: c1, Barriers: 43, Oops: 3, ImmediateOops: 15, NonImmediateOops: No
[1,389s][debug  ][gc,nmethod  ] Register NMethod: jdk.internal.loader.BuiltinClassLoader.findClassOnClassPathOrNull (0x00007f374fccb990) [0x00007f374fccbd20, 0x00007f374fccd110] Compiler: c1, Barriers: 2, Oops: 1, ImmediateOops: 13, NonImmediateOops: No
[1,390s][debug  ][gc,nmethod  ] Register NMethod: java.lang.invoke.MethodHandle.linkToSpecial (0x00007f376f220a90) [0x00007f376f220c00, 0x00007f376f220cf8] Compiler: , Barriers: 0, Oops: 0, ImmediateOops: 0, NonImmediateOops: No
[1,390s][debug  ][gc,nmethod  ] Register NMethod: jdk.internal.org.objectweb.asm.ClassWriter.<init> (0x00007f374fccd890) [0x00007f374fccda40, 0x00007f374fccdb88] Compiler: c1, Barriers: 0, Oops: 0, ImmediateOops: 0, NonImmediateOops: No
[1,390s][debug  ][gc,nmethod  ] Register NMethod: sun.invoke.util.BytecodeDescriptor.unparseMethod (0x00007f374fccdc10) [0x00007f374fccde40, 0x00007f374fcce438] Compiler: c1, Barriers: 1, Oops: 0, ImmediateOops: 0, NonImmediateOops: No
[1,390s][debug  ][gc,nmethod  ] Register NMethod: java.lang.invoke.MethodHandleNatives.linkMethodHandleConstant (0x00007f374fcce790) [0x00007f374fcce960, 0x00007f374fcceb58] Compiler: c1, Barriers: 0, Oops: 0, ImmediateOops: 1, NonImmediateOops: No
[1,390s][debug  ][gc,nmethod  ] Register NMethod: jdk.internal.org.objectweb.asm.ClassVisitor.<init> (0x00007f374fcced10) [0x00007f374fcceec0, 0x00007f374fccf008] Compiler: c1, Barriers: 0, Oops: 0, ImmediateOops: 0, NonImmediateOops: No
[1,390s][debug  ][gc,nmethod  ] Register NMethod: jdk.internal.org.objectweb.asm.ClassWriter.<init> (0x00007f374fccf090) [0x00007f374fccf280, 0x00007f374fccf720] Compiler: c1, Barriers: 3, Oops: 0, ImmediateOops: 0, NonImmediateOops: No
[1,390s][debug  ][gc,nmethod  ] Register NMethod: jdk.internal.org.objectweb.asm.ClassWriter.visit (0x00007f374fccf890) [0x00007f374fccfae0, 0x00007f374fcd0428] Compiler: c1, Barriers: 12, Oops: 0, ImmediateOops: 0, NonImmediateOops: No
[1,390s][debug  ][gc,nmethod  ] Register NMethod: jdk.internal.org.objectweb.asm.SymbolTable.<init> (0x00007f374fcd0890) [0x00007f374fcd0a80, 0x00007f374fcd1070] Compiler: c1, Barriers: 15, Oops: 0, ImmediateOops: 0, NonImmediateOops: No
[1,390s][debug  ][gc,nmethod  ] Register NMethod: jdk.internal.org.objectweb.asm.SymbolTable.setMajorVersionAndClassName (0x00007f374fcd1190) [0x00007f374fcd1340, 0x00007f374fcd1560] Compiler: c1, Barriers: 3, Oops: 0, ImmediateOops: 0, NonImmediateOops: No
[1,390s][debug  ][gc,nmethod  ] Register NMethod: jdk.internal.org.objectweb.asm.ClassVisitor.<init> (0x00007f374fcd1690) [0x00007f374fcd18c0, 0x00007f374fcd2088] Compiler: c1, Barriers: 3, Oops: 1, ImmediateOops: 1, NonImmediateOops: No
[1,390s][debug  ][gc,nmethod  ] Register NMethod: java.lang.reflect.Modifier.isPrivate (0x00007f374fcd2390) [0x00007f374fcd2520, 0x00007f374fcd2660] Compiler: c1, Barriers: 0, Oops: 0, ImmediateOops: 0, NonImmediateOops: No
[1,390s][debug  ][gc,nmethod  ] Register NMethod: java.lang.invoke.MemberName.asSpecial (0x00007f374fcd2710) [0x00007f374fcd29e0, 0x00007f374fcd36a8] Compiler: c1, Barriers: 0, Oops: 0, ImmediateOops: 0, NonImmediateOops: No
[1,390s][debug  ][gc,nmethod  ] Register NMethod: java.lang.invoke.DirectMethodHandle.make (0x00007f374fcd3b10) [0x00007f374fcd3ce0, 0x00007f374fcd3ff8] Compiler: c1, Barriers: 1, Oops: 0, ImmediateOops: 0, NonImmediateOops: No
[1,390s][debug  ][gc,nmethod  ] Register NMethod: java.lang.invoke.MemberName.isField (0x00007f374fcd4110) [0x00007f374fcd42a0, 0x00007f374fcd4468] Compiler: c1, Barriers: 0, Oops: 0, ImmediateOops: 0, NonImmediateOops: No
[1,391s][debug  ][gc,nmethod  ] Register NMethod: java.lang.invoke.MethodHandles$Lookup.linkMethodHandleConstant (0x00007f374fcd4510) [0x00007f374fcd4940, 0x00007f374fcd6368] Compiler: c1, Barriers: 12, Oops: 0, ImmediateOops: 6, NonImmediateOops: No
[1,391s][debug  ][gc,nmethod  ] Register NMethod: java.lang.invoke.MethodHandles$Lookup.resolveOrFail (0x00007f374fcd6b10) [0x00007f374fcd6d60, 0x00007f374fcd7428] Compiler: c1, Barriers: 1, Oops: 1, ImmediateOops: 3, NonImmediateOops: No
[1,391s][debug  ][gc,nmethod  ] Register NMethod: java.lang.invoke.DirectMethodHandle.make (0x00007f374fcd7710) [0x00007f374fcd7ac0, 0x00007f374fcd8ee0] Compiler: c1, Barriers: 4, Oops: 0, ImmediateOops: 1, NonImmediateOops: No
[1,391s][debug  ][gc,nmethod  ] Register NMethod: java.lang.invoke.MethodHandles$Lookup.checkMethodName (0x00007f374fcd9690) [0x00007f374fcd98c0, 0x00007f374fcd9f70] Compiler: c1, Barriers: 0, Oops: 2, ImmediateOops: 2, NonImmediateOops: No
[1,391s][debug  ][gc,nmethod  ] Register NMethod: jdk.internal.misc.VM.isSystemDomainLoader (0x00007f374fcda290) [0x00007f374fcda460, 0x00007f374fcda7d0] Compiler: c1, Barriers: 0, Oops: 0, ImmediateOops: 1, NonImmediateOops: No
[1,392s][debug  ][gc,nmethod  ] Register NMethod: java.lang.invoke.LambdaForm$MH/0x0000000080104000.invoke (0x00007f374fcda910) [0x00007f374fcdaae0, 0x00007f374fcdafd0] Compiler: c1, Barriers: 2, Oops: 1, ImmediateOops: 0, NonImmediateOops: No
[1,392s][debug  ][gc,nmethod  ] Register NMethod: java.lang.invoke.DirectMethodHandle$Holder.invokeStatic (0x00007f374fcdb110) [0x00007f374fcdb2e0, 0x00007f374fcdb7d0] Compiler: c1, Barriers: 1, Oops: 0, ImmediateOops: 0, NonImmediateOops: No
[1,392s][debug  ][gc,nmethod  ] Register NMethod: java.lang.invoke.MethodHandle.linkToInterface (0x00007f376f220d90) [0x00007f376f220f00, 0x00007f376f221038] Compiler: , Barriers: 0, Oops: 0, ImmediateOops: 0, NonImmediateOops: No
[1,392s][debug  ][gc,nmethod  ] Register NMethod: java.lang.Module.implIsExportedOrOpen (0x00007f374fcdb910) [0x00007f374fcdbb60, 0x00007f374fcdc350] Compiler: c1, Barriers: 5, Oops: 0, ImmediateOops: 0, NonImmediateOops: No
[1,393s][debug  ][gc,nmethod  ] Register NMethod: java.lang.invoke.DirectMethodHandle$Holder.newInvokeSpecial (0x00007f374fcdc510) [0x00007f374fcdc700, 0x00007f374fcdce10] Compiler: c1, Barriers: 2, Oops: 0, ImmediateOops: 1, NonImmediateOops: No
[1,393s][debug  ][gc,nmethod  ] Register NMethod: java.lang.reflect.Array.newArray (0x00007f376f221090) [0x00007f376f221240, 0x00007f376f2215f8] Compiler: , Barriers: 0, Oops: 0, ImmediateOops: 1, NonImmediateOops: No
[1,393s][debug  ][gc,director ] Rule Major: Warmup 10%, Used: 72MB, UsedThreshold: 1536MB
[1,394s][debug  ][gc,nmethod  ] Register NMethod: java.lang.reflect.Method.getParameterCount (0x00007f374fcdd010) [0x00007f374fcdd1a0, 0x00007f374fcdd2d8] Compiler: c1, Barriers: 1, Oops: 0, ImmediateOops: 0, NonImmediateOops: No
[1,394s][debug  ][gc,nmethod  ] Rebuilding NMethod Table: 2048->4096 entries, 1434(70%->35%) registered, 0(0%->0%) unregistered
[1,394s][debug  ][gc,nmethod  ] Register NMethod: java.util.Spliterators$ArraySpliterator.characteristics (0x00007f376f221610) [0x00007f376f2217a0, 0x00007f376f221860] Compiler: c1, Barriers: 0, Oops: 0, ImmediateOops: 0, NonImmediateOops: No
[1,394s][debug  ][gc,nmethod  ] Register NMethod: java.util.Optional.isPresent (0x00007f374fcdd390) [0x00007f374fcdd520, 0x00007f374fcdd6b0] Compiler: c1, Barriers: 1, Oops: 0, ImmediateOops: 0, NonImmediateOops: No
[1,394s][debug  ][gc,nmethod  ] Register NMethod: java.lang.reflect.Array.newInstance (0x00007f374fcdd710) [0x00007f374fcdd8c0, 0x00007f374fcdd9d8] Compiler: c1, Barriers: 0, Oops: 0, ImmediateOops: 0, NonImmediateOops: No
[1,394s][debug  ][gc,nmethod  ] Register NMethod: java.lang.reflect.Method.isDefault (0x00007f374fcdda90) [0x00007f374fcddc40, 0x00007f374fcdde78] Compiler: c1, Barriers: 1, Oops: 0, ImmediateOops: 0, NonImmediateOops: No
[1,394s][debug  ][gc,nmethod  ] Register NMethod: java.util.stream.Collectors$$Lambda/0x0000000080176d00.accept (0x00007f374fcddf10) [0x00007f374fcde0c0, 0x00007f374fcde378] Compiler: c1, Barriers: 0, Oops: 0, ImmediateOops: 0, NonImmediateOops: No
[1,394s][debug  ][gc,nmethod  ] Register NMethod: org.junit.platform.commons.util.ReflectionUtils$$Lambda/0x0000000080196b58.test (0x00007f374fcde490) [0x00007f374fcde660, 0x00007f374fcde9e0] Compiler: c1, Barriers: 1, Oops: 1, ImmediateOops: 0, NonImmediateOops: No
[1,394s][debug  ][gc,nmethod  ] Register NMethod: sun.reflect.annotation.AnnotationInvocationHandler.invoke (0x00007f374fcdeb10) [0x00007f374fcdee60, 0x00007f374fce00c8] Compiler: c1, Barriers: 9, Oops: 0, ImmediateOops: 7, NonImmediateOops: No
[1,395s][debug  ][gc,nmethod  ] Register NMethod: java.util.stream.SortedOps$SizedRefSortingSink.accept (0x00007f374fce0610) [0x00007f374fce07c0, 0x00007f374fce0aa0] Compiler: c1, Barriers: 4, Oops: 0, ImmediateOops: 0, NonImmediateOops: No
[1,395s][debug  ][gc,nmethod  ] Register NMethod: java.util.stream.ReferencePipeline.<init> (0x00007f374fce0b90) [0x00007f374fce0d40, 0x00007f374fce0e78] Compiler: c1, Barriers: 0, Oops: 0, ImmediateOops: 0, NonImmediateOops: No
[1,395s][debug  ][gc,nmethod  ] Register NMethod: org.junit.platform.commons.util.AnnotationUtils.isInJavaLangAnnotationPackage (0x00007f374fce0f10) [0x00007f374fce10e0, 0x00007f374fce1418] Compiler: c1, Barriers: 1, Oops: 2, ImmediateOops: 1, NonImmediateOops: No
[1,395s][debug  ][gc,nmethod  ] Register NMethod: java.util.stream.Sink$ChainedReference.<init> (0x00007f374fce1590) [0x00007f374fce1760, 0x00007f374fce1b80] Compiler: c1, Barriers: 3, Oops: 0, ImmediateOops: 0, NonImmediateOops: No
[1,395s][debug  ][gc,nmethod  ] Register NMethod: java.util.Collections$EmptySet.contains (0x00007f376f221910) [0x00007f376f221aa0, 0x00007f376f221b60] Compiler: c1, Barriers: 0, Oops: 0, ImmediateOops: 0, NonImmediateOops: No
[1,395s][debug  ][gc,nmethod  ] Register NMethod: java.util.stream.AbstractPipeline.<init> (0x00007f374fce1d10) [0x00007f374fce1f20, 0x00007f374fce2628] Compiler: c1, Barriers: 11, Oops: 0, ImmediateOops: 1, NonImmediateOops: No
[1,395s][debug  ][gc,nmethod  ] Register NMethod: java.util.stream.ReferencePipeline$StatelessOp.<init> (0x00007f374fce2810) [0x00007f374fce29c0, 0x00007f374fce2b78] Compiler: c1, Barriers: 0, Oops: 0, ImmediateOops: 0, NonImmediateOops: No
[1,395s][debug  ][gc,nmethod  ] Register NMethod: java.util.stream.Sink$ChainedReference.end (0x00007f374fce2c90) [0x00007f374fce2e40, 0x00007f374fce3038] Compiler: c1, Barriers: 1, Oops: 0, ImmediateOops: 0, NonImmediateOops: No
[1,395s][debug  ][gc,nmethod  ] Register NMethod: java.util.stream.StreamOpFlag.isKnown (0x00007f374fce3110) [0x00007f374fce32a0, 0x00007f374fce3408] Compiler: c1, Barriers: 0, Oops: 0, ImmediateOops: 0, NonImmediateOops: No
[1,395s][debug  ][gc,nmethod  ] Register NMethod: java.util.stream.Collectors$CollectorImpl.supplier (0x00007f376f221c10) [0x00007f376f221da0, 0x00007f376f221e90] Compiler: c1, Barriers: 1, Oops: 0, ImmediateOops: 0, NonImmediateOops: No
[1,395s][debug  ][gc,nmethod  ] Register NMethod: java.util.stream.Collectors$CollectorImpl.accumulator (0x00007f376f221f10) [0x00007f376f2220a0, 0x00007f376f222190] Compiler: c1, Barriers: 1, Oops: 0, ImmediateOops: 0, NonImmediateOops: No
[1,395s][debug  ][gc,nmethod  ] Register NMethod: java.util.stream.Collectors$CollectorImpl.combiner (0x00007f376f222210) [0x00007f376f2223a0, 0x00007f376f222490] Compiler: c1, Barriers: 1, Oops: 0, ImmediateOops: 0, NonImmediateOops: No
[1,395s][debug  ][gc,nmethod  ] Register NMethod: java.lang.Class.getName (0x00007f376f222510) [0x00007f376f2226a0, 0x00007f376f222780] Compiler: c2, Barriers: 1, Oops: 0, ImmediateOops: 0, NonImmediateOops: No
[1,395s][debug  ][gc,nmethod  ] Register NMethod: java.lang.Boolean.booleanValue (0x00007f376f222810) [0x00007f376f2229a0, 0x00007f376f222a68] Compiler: c1, Barriers: 0, Oops: 0, ImmediateOops: 0, NonImmediateOops: No
[1,395s][debug  ][gc,nmethod  ] Register NMethod: java.lang.Class.annotationData (0x00007f374fce3490) [0x00007f374fce3660, 0x00007f374fce3978] Compiler: c1, Barriers: 1, Oops: 0, ImmediateOops: 0, NonImmediateOops: No
[1,395s][debug  ][gc,nmethod  ] Register NMethod: java.util.stream.ReferencePipeline$Head.<init> (0x00007f374fce3a90) [0x00007f374fce3c40, 0x00007f374fce3dd8] Compiler: c1, Barriers: 0, Oops: 0, ImmediateOops: 0, NonImmediateOops: No
[1,395s][debug  ][gc,nmethod  ] Register NMethod: java.util.stream.StreamOpFlag.fromCharacteristics (0x00007f374fce3e90) [0x00007f374fce4060, 0x00007f374fce4370] Compiler: c1, Barriers: 0, Oops: 0, ImmediateOops: 0, NonImmediateOops: No
[1,395s][debug  ][gc,nmethod  ] Register NMethod: java.util.stream.AbstractPipeline.<init> (0x00007f374fce4490) [0x00007f374fce4640, 0x00007f374fce4990] Compiler: c1, Barriers: 9, Oops: 0, ImmediateOops: 0, NonImmediateOops: No
[1,396s][debug  ][gc,nmethod  ] Register NMethod: java.util.stream.StreamSupport.stream (0x00007f374fce4a90) [0x00007f374fce4c80, 0x00007f374fce5090] Compiler: c1, Barriers: 0, Oops: 0, ImmediateOops: 0, NonImmediateOops: No
[1,396s][debug  ][gc,nmethod  ] Register NMethod: java.util.stream.ReduceOps$Box.get (0x00007f376f222b10) [0x00007f376f222ca0, 0x00007f376f222d90] Compiler: c1, Barriers: 1, Oops: 0, ImmediateOops: 0, NonImmediateOops: No
[1,396s][debug  ][gc,nmethod  ] Register NMethod: java.util.stream.ReferencePipeline.<init> (0x00007f374fce5290) [0x00007f374fce5440, 0x00007f374fce5578] Compiler: c1, Barriers: 0, Oops: 0, ImmediateOops: 0, NonImmediateOops: No
[1,396s][debug  ][gc,nmethod  ] Register NMethod: java.util.StringJoiner.checkAddLength (0x00007f374fce5610) [0x00007f374fce5800, 0x00007f374fce5ce8] Compiler: c1, Barriers: 4, Oops: 0, ImmediateOops: 1, NonImmediateOops: No
[1,396s][debug  ][gc,nmethod  ] Register NMethod: java.util.Spliterator.getExactSizeIfKnown (0x00007f374fce5f10) [0x00007f374fce60c0, 0x00007f374fce6390] Compiler: c1, Barriers: 0, Oops: 0, ImmediateOops: 0, NonImmediateOops: No
[1,396s][debug  ][gc,nmethod  ] Register NMethod: java.lang.Class.getInterfaces (0x00007f374fce6490) [0x00007f374fce66a0, 0x00007f374fce6ba8] Compiler: c1, Barriers: 4, Oops: 0, ImmediateOops: 0, NonImmediateOops: No
[1,396s][debug  ][gc,nmethod  ] Register NMethod: java.util.stream.AbstractPipeline.wrapSink (0x00007f374fce6d10) [0x00007f374fce6ee0, 0x00007f374fce7328] Compiler: c1, Barriers: 2, Oops: 0, ImmediateOops: 0, NonImmediateOops: No
[1,396s][debug  ][gc,nmethod  ] Register NMethod: java.util.stream.AbstractPipeline.wrapAndCopyInto (0x00007f374fce7510) [0x00007f374fce7700, 0x00007f374fce7ae8] Compiler: c1, Barriers: 0, Oops: 0, ImmediateOops: 0, NonImmediateOops: No
[1,396s][debug  ][gc,nmethod  ] Register NMethod: java.util.LinkedHashMap.values (0x00007f374fce7c90) [0x00007f374fce7e40, 0x00007f374fce7ff0] Compiler: c1, Barriers: 0, Oops: 0, ImmediateOops: 0, NonImmediateOops: No
[1,396s][debug  ][gc,nmethod  ] Register NMethod: java.util.stream.AbstractPipeline.copyInto (0x00007f374fce8090) [0x00007f374fce82c0, 0x00007f374fce89b8] Compiler: c1, Barriers: 0, Oops: 1, ImmediateOops: 1, NonImmediateOops: No
[1,396s][debug  ][gc,nmethod  ] Register NMethod: java.util.stream.Sink.end (0x00007f374fce8c10) [0x00007f374fce8da0, 0x00007f374fce8ea0] Compiler: c1, Barriers: 0, Oops: 0, ImmediateOops: 0, NonImmediateOops: No
[1,396s][debug  ][gc,nmethod  ] Register NMethod: java.util.LinkedHashMap.sequencedValues (0x00007f374fce8f10) [0x00007f374fce90e0, 0x00007f374fce95c0] Compiler: c1, Barriers: 7, Oops: 0, ImmediateOops: 0, NonImmediateOops: No
[1,396s][debug  ][gc,nmethod  ] Register NMethod: java.lang.reflect.Executable.declaredAnnotations (0x00007f374fce9710) [0x00007f374fce9960, 0x00007f374fcea2d8] Compiler: c1, Barriers: 6, Oops: 0, ImmediateOops: 1, NonImmediateOops: No
[1,396s][debug  ][gc,nmethod  ] Register NMethod: java.util.stream.AbstractPipeline.sourceSpliterator (0x00007f374fcea690) [0x00007f374fcea960, 0x00007f374fcebac0] Compiler: c1, Barriers: 13, Oops: 1, ImmediateOops: 2, NonImmediateOops: No
[1,396s][debug  ][gc,nmethod  ] Register NMethod: java.util.stream.AbstractPipeline.evaluate (0x00007f374fcec010) [0x00007f374fcec240, 0x00007f374fcec8e8] Compiler: c1, Barriers: 1, Oops: 0, ImmediateOops: 1, NonImmediateOops: No
[1,396s][debug  ][gc,nmethod  ] Register NMethod: java.lang.StringLatin1.getChar (0x00007f374fcecb10) [0x00007f374fcecca0, 0x00007f374fcecdb8] Compiler: c1, Barriers: 0, Oops: 0, ImmediateOops: 0, NonImmediateOops: No
[1,396s][debug  ][gc,nmethod  ] Register NMethod: sun.reflect.annotation.AnnotationParser.toArray (0x00007f374fcece90) [0x00007f374fced060, 0x00007f374fced3b0] Compiler: c1, Barriers: 0, Oops: 0, ImmediateOops: 1, NonImmediateOops: No
[1,396s][debug  ][gc,nmethod  ] Register NMethod: java.lang.Class.getInterfaces (0x00007f374fced490) [0x00007f374fced640, 0x00007f374fced780] Compiler: c1, Barriers: 0, Oops: 0, ImmediateOops: 0, NonImmediateOops: No
[1,397s][debug  ][gc,nmethod  ] Register NMethod: java.util.LinkedHashMap$LinkedValues.toArray (0x00007f374fced810) [0x00007f374fced9c0, 0x00007f374fcedb88] Compiler: c1, Barriers: 1, Oops: 0, ImmediateOops: 0, NonImmediateOops: No
[1,397s][debug  ][gc,nmethod  ] Register NMethod: java.util.LinkedHashMap$LinkedHashIterator.<init> (0x00007f374fcedc90) [0x00007f374fcede60, 0x00007f374fcee1f8] Compiler: c1, Barriers: 11, Oops: 0, ImmediateOops: 0, NonImmediateOops: No
[1,397s][debug  ][gc,nmethod  ] Register NMethod: java.util.LinkedHashMap.valuesToArray (0x00007f374fcee310) [0x00007f374fcee500, 0x00007f374fceec30] Compiler: c1, Barriers: 12, Oops: 0, ImmediateOops: 0, NonImmediateOops: No
[1,397s][debug  ][gc,nmethod  ] Register NMethod: java.util.HashMap.prepareArray (0x00007f374fceee90) [0x00007f374fcef0a0, 0x00007f374fcef6c0] Compiler: c1, Barriers: 5, Oops: 0, ImmediateOops: 0, NonImmediateOops: No
[1,397s][debug  ][gc,nmethod  ] Register NMethod: java.util.stream.Collectors$CollectorImpl.finisher (0x00007f376f222e10) [0x00007f376f222fa0, 0x00007f376f223090] Compiler: c1, Barriers: 1, Oops: 0, ImmediateOops: 0, NonImmediateOops: No
[1,397s][debug  ][gc,nmethod  ] Register NMethod: jdk.internal.util.Preconditions.checkFromToIndex (0x00007f376f223110) [0x00007f376f2232a0, 0x00007f376f223380] Compiler: c2, Barriers: 0, Oops: 0, ImmediateOops: 0, NonImmediateOops: No
[1,397s][debug  ][gc,nmethod  ] Register NMethod: java.lang.String.<init> (0x00007f376f223490) [0x00007f376f223620, 0x00007f376f223728] Compiler: c2, Barriers: 3, Oops: 0, ImmediateOops: 0, NonImmediateOops: No
[1,397s][debug  ][gc,nmethod  ] Register NMethod: java.util.ArrayList$ArrayListSpliterator.characteristics (0x00007f376f223790) [0x00007f376f223920, 0x00007f376f2239e0] Compiler: c1, Barriers: 0, Oops: 0, ImmediateOops: 0, NonImmediateOops: No
[1,397s][debug  ][gc,nmethod  ] Register NMethod: org.junit.platform.commons.util.AnnotationUtils.findMetaAnnotation (0x00007f374fcef890) [0x00007f374fcefae0, 0x00007f374fcf03b0] Compiler: c1, Barriers: 3, Oops: 2, ImmediateOops: 2, NonImmediateOops: No
[1,398s][debug  ][gc,nmethod  ] Register NMethod: jdk.proxy2.$Proxy4.annotationType (0x00007f374fcf0790) [0x00007f374fcf0960, 0x00007f374fcf0d60] Compiler: c1, Barriers: 1, Oops: 0, ImmediateOops: 1, NonImmediateOops: No
[1,398s][debug  ][gc,nmethod  ] Register NMethod: java.util.stream.ReferencePipeline$3.<init> (0x00007f374fcf0f10) [0x00007f374fcf10c0, 0x00007f374fcf1358] Compiler: c1, Barriers: 3, Oops: 0, ImmediateOops: 0, NonImmediateOops: No
[1,398s][debug  ][gc,nmethod  ] Register NMethod: jdk.proxy2.$Proxy10.annotationType (0x00007f374fcf1490) [0x00007f374fcf1660, 0x00007f374fcf1a60] Compiler: c1, Barriers: 1, Oops: 0, ImmediateOops: 1, NonImmediateOops: No
[1,398s][debug  ][gc,nmethod  ] Register NMethod: java.util.stream.Sink$ChainedReference.begin (0x00007f374fcf1c10) [0x00007f374fcf1dc0, 0x00007f374fcf1fb8] Compiler: c1, Barriers: 1, Oops: 0, ImmediateOops: 0, NonImmediateOops: No
[1,398s][debug  ][gc,nmethod  ] Register NMethod: java.util.stream.ReferencePipeline$3.opWrapSink (0x00007f374fcf2090) [0x00007f374fcf2280, 0x00007f374fcf2840] Compiler: c1, Barriers: 6, Oops: 0, ImmediateOops: 0, NonImmediateOops: No
[1,398s][debug  ][gc,nmethod  ] Register NMethod: java.util.stream.ReferencePipeline$3$1.<init> (0x00007f374fcf2a10) [0x00007f374fcf2c00, 0x00007f374fcf30f8] Compiler: c1, Barriers: 6, Oops: 0, ImmediateOops: 0, NonImmediateOops: No
[1,398s][debug  ][gc,nmethod  ] Register NMethod: java.util.stream.ReferencePipeline.map (0x00007f374fcf3290) [0x00007f374fcf3480, 0x00007f374fcf3940] Compiler: c1, Barriers: 3, Oops: 1, ImmediateOops: 0, NonImmediateOops: No
[1,398s][debug  ][gc,nmethod  ] Register NMethod: java.util.Optional.of (0x00007f374fcf3b90) [0x00007f374fcf3d60, 0x00007f374fcf4120] Compiler: c1, Barriers: 3, Oops: 0, ImmediateOops: 0, NonImmediateOops: No
[1,398s][debug  ][gc,nmethod  ] Register NMethod: java.util.LinkedHashMap.entrySet (0x00007f374fcf4290) [0x00007f374fcf4440, 0x00007f374fcf45f0] Compiler: c1, Barriers: 0, Oops: 0, ImmediateOops: 0, NonImmediateOops: No
[1,398s][debug  ][gc,nmethod  ] Register NMethod: java.util.LinkedHashMap$LinkedEntryIterator.<init> (0x00007f374fcf4690) [0x00007f374fcf4840, 0x00007f374fcf4978] Compiler: c1, Barriers: 0, Oops: 0, ImmediateOops: 0, NonImmediateOops: No
[1,398s][debug  ][gc,nmethod  ] Register NMethod: java.util.LinkedHashMap.sequencedEntrySet (0x00007f374fcf4a10) [0x00007f374fcf4c00, 0x00007f374fcf5140] Compiler: c1, Barriers: 7, Oops: 0, ImmediateOops: 0, NonImmediateOops: No
[1,398s][debug  ][gc,nmethod  ] Register NMethod: java.util.LinkedHashMap$LinkedEntrySet.iterator (0x00007f374fcf5290) [0x00007f374fcf5440, 0x00007f374fcf5678] Compiler: c1, Barriers: 1, Oops: 0, ImmediateOops: 0, NonImmediateOops: No
[1,398s][debug  ][gc,nmethod  ] Register NMethod: java.util.stream.Collectors$CollectorImpl.<init> (0x00007f374fcf5790) [0x00007f374fcf5960, 0x00007f374fcf5d68] Compiler: c1, Barriers: 15, Oops: 0, ImmediateOops: 0, NonImmediateOops: No
[1,398s][debug  ][gc,nmethod  ] Register NMethod: sun.reflect.annotation.AnnotationInvocationHandler.hashCodeImpl (0x00007f374fcf5e90) [0x00007f374fcf60e0, 0x00007f374fcf6990] Compiler: c1, Barriers: 1, Oops: 0, ImmediateOops: 0, NonImmediateOops: No
[1,398s][debug  ][gc,nmethod  ] Register NMethod: java.lang.Class.copyMethods (0x00007f374fcf6c10) [0x00007f374fcf6e80, 0x00007f374fcf7998] Compiler: c1, Barriers: 9, Oops: 0, ImmediateOops: 2, NonImmediateOops: No
[1,399s][debug  ][gc,nmethod  ] Register NMethod: java.util.Spliterators$ArraySpliterator.forEachRemaining (0x00007f374fcf7e10) [0x00007f374fcf7fe0, 0x00007f374fcf84a0] Compiler: c1, Barriers: 2, Oops: 0, ImmediateOops: 0, NonImmediateOops: No
[1,399s][debug  ][gc,nmethod  ] Register NMethod: java.util.stream.ReduceOps.makeRef (0x00007f374fcf8610) [0x00007f374fcf8840, 0x00007f374fcf90f8] Compiler: c1, Barriers: 18, Oops: 1, ImmediateOops: 1, NonImmediateOops: No
[1,399s][debug  ][gc,nmethod  ] Register NMethod: java.util.stream.ReduceOps$3.<init> (0x00007f374fcf9390) [0x00007f374fcf9560, 0x00007f374fcf9968] Compiler: c1, Barriers: 15, Oops: 0, ImmediateOops: 0, NonImmediateOops: No
[1,399s][debug  ][gc,nmethod  ] Register NMethod: java.util.stream.ReduceOps$ReduceOp.<init> (0x00007f374fcf9a90) [0x00007f374fcf9c40, 0x00007f374fcf9e18] Compiler: c1, Barriers: 3, Oops: 0, ImmediateOops: 0, NonImmediateOops: No
[1,399s][debug  ][gc,nmethod  ] Register NMethod: java.util.stream.ReduceOps$3.makeSink (0x00007f374fcf9f10) [0x00007f374fcfa0c0, 0x00007f374fcfa210] Compiler: c1, Barriers: 0, Oops: 0, ImmediateOops: 0, NonImmediateOops: No
[1,399s][debug  ][gc,nmethod  ] Register NMethod: java.util.stream.ReduceOps$3.getOpFlags (0x00007f374fcfa290) [0x00007f374fcfa460, 0x00007f374fcfa768] Compiler: c1, Barriers: 2, Oops: 0, ImmediateOops: 1, NonImmediateOops: No
[1,399s][debug  ][gc,nmethod  ] Register NMethod: java.util.stream.ReduceOps$ReduceOp.evaluateSequential (0x00007f374fcfa890) [0x00007f374fcfaa60, 0x00007f374fcfaec8] Compiler: c1, Barriers: 1, Oops: 0, ImmediateOops: 0, NonImmediateOops: No
[1,399s][debug  ][gc,nmethod  ] Register NMethod: java.util.stream.ReduceOps$3.makeSink (0x00007f374fcfb090) [0x00007f374fcfb260, 0x00007f374fcfb6e0] Compiler: c1, Barriers: 12, Oops: 0, ImmediateOops: 0, NonImmediateOops: No
[1,399s][debug  ][gc,nmethod  ] Register NMethod: java.util.stream.ReferencePipeline.collect (0x00007f374fcfb810) [0x00007f374fcfbae0, 0x00007f374fcfc818] Compiler: c1, Barriers: 7, Oops: 1, ImmediateOops: 4, NonImmediateOops: No
[1,399s][debug  ][gc,nmethod  ] Register NMethod: java.util.StringJoiner.toString (0x00007f374fcfcc90) [0x00007f374fcfce60, 0x00007f374fcfd160] Compiler: c1, Barriers: 5, Oops: 0, ImmediateOops: 2, NonImmediateOops: No
[1,399s][debug  ][gc,nmethod  ] Register NMethod: java.util.StringJoiner.<init> (0x00007f374fcfd210) [0x00007f374fcfd480, 0x00007f374fcfdde0] Compiler: c1, Barriers: 9, Oops: 3, ImmediateOops: 3, NonImmediateOops: No
[1,399s][debug  ][gc,nmethod  ] Register NMethod: java.util.Set.of (0x00007f374fcfe110) [0x00007f374fcfe2c0, 0x00007f374fcfe448] Compiler: c1, Barriers: 0, Oops: 0, ImmediateOops: 0, NonImmediateOops: No
[1,399s][debug  ][gc,nmethod  ] Register NMethod: java.lang.invoke.MethodHandles$Lookup$ClassOption.optionsToFlag (0x00007f374fcfe510) [0x00007f374fcfe700, 0x00007f374fcfebb0] Compiler: c1, Barriers: 0, Oops: 0, ImmediateOops: 0, NonImmediateOops: No
[1,399s][debug  ][gc,nmethod  ] Register NMethod: java.lang.invoke.MethodHandles$Lookup.makeHiddenClassDefiner (0x00007f374fcfed90) [0x00007f374fcfef60, 0x00007f374fcff260] Compiler: c1, Barriers: 0, Oops: 0, ImmediateOops: 0, NonImmediateOops: No
[1,399s][debug  ][gc,nmethod  ] Register NMethod: java.lang.invoke.MethodHandles$Lookup$ClassFile.newInstanceNoCheck (0x00007f374fcff390) [0x00007f374fcff540, 0x00007f374fcff828] Compiler: c1, Barriers: 6, Oops: 0, ImmediateOops: 0, NonImmediateOops: No
[1,400s][debug  ][gc,nmethod  ] Register NMethod: java.lang.invoke.MethodHandles$Lookup$ClassFile.<init> (0x00007f374fcff910) [0x00007f374fcffac0, 0x00007f374fcffd10] Compiler: c1, Barriers: 6, Oops: 0, ImmediateOops: 0, NonImmediateOops: No
[1,400s][debug  ][gc,nmethod  ] Register NMethod: java.util.ArrayList.add (0x00007f376f223a90) [0x00007f376f223c40, 0x00007f376f223e90] Compiler: c2, Barriers: 4, Oops: 0, ImmediateOops: 0, NonImmediateOops: No
[1,400s][debug  ][gc,nmethod  ] Register NMethod: java.lang.invoke.MethodHandles$Lookup$ClassDefiner.<init> (0x00007f374fcffe10) [0x00007f374fcfffe0, 0x00007f374fd003a0] Compiler: c1, Barriers: 14, Oops: 0, ImmediateOops: 0, NonImmediateOops: No
[1,400s][debug  ][gc,nmethod  ] Register NMethod: java.lang.System$2.join (0x00007f374fd00490) [0x00007f374fd00820, 0x00007f374fd02000] Compiler: c1, Barriers: 14, Oops: 0, ImmediateOops: 4, NonImmediateOops: No
[1,400s][debug  ][gc,nmethod  ] Register NMethod: java.lang.invoke.MethodHandleImpl$IntrinsicMethodHandle.getTarget (0x00007f376f224010) [0x00007f376f2241a0, 0x00007f376f224290] Compiler: c1, Barriers: 1, Oops: 0, ImmediateOops: 0, NonImmediateOops: No
[1,400s][debug  ][gc,nmethod  ] Register NMethod: java.lang.invoke.MethodHandles$Lookup.makeHiddenClassDefiner (0x00007f374fd02b10) [0x00007f374fd02d40, 0x00007f374fd03488] Compiler: c1, Barriers: 2, Oops: 0, ImmediateOops: 1, NonImmediateOops: No
[1,400s][debug  ][gc,nmethod  ] Register NMethod: java.lang.String.join (0x00007f374fd03710) [0x00007f374fd03aa0, 0x00007f374fd051d0] Compiler: c1, Barriers: 14, Oops: 0, ImmediateOops: 4, NonImmediateOops: No
[1,400s][debug  ][gc,nmethod  ] Register NMethod: java.lang.invoke.MethodHandles$Lookup$ClassDefiner.defineClass (0x00007f374fd05c90) [0x00007f374fd05f40, 0x00007f374fd06c38] Compiler: c1, Barriers: 19, Oops: 0, ImmediateOops: 2, NonImmediateOops: No
[1,400s][debug  ][gc,nmethod  ] Register NMethod: java.lang.invoke.MemberName.asConstructor (0x00007f374fd07110) [0x00007f374fd07340, 0x00007f374fd07958] Compiler: c1, Barriers: 0, Oops: 0, ImmediateOops: 0, NonImmediateOops: No
[1,400s][debug  ][gc,nmethod  ] Register NMethod: java.lang.invoke.MethodHandles$Lookup.getDirectConstructorCommon (0x00007f374fd07b90) [0x00007f374fd07da0, 0x00007f374fd082f0] Compiler: c1, Barriers: 1, Oops: 0, ImmediateOops: 0, NonImmediateOops: No
[1,401s][debug  ][gc,nmethod  ] Register NMethod: jdk.internal.misc.Unsafe.storeFence (0x00007f374fd08510) [0x00007f374fd086a0, 0x00007f374fd087b8] Compiler: c1, Barriers: 0, Oops: 0, ImmediateOops: 0, NonImmediateOops: No
[1,401s][debug  ][gc,nmethod  ] Register NMethod: java.lang.invoke.MethodHandle.internalForm (0x00007f376f224310) [0x00007f376f2244a0, 0x00007f376f224590] Compiler: c1, Barriers: 1, Oops: 0, ImmediateOops: 0, NonImmediateOops: No
[1,402s][debug  ][gc,nmethod  ] Register NMethod: java.lang.invoke.MethodHandle.asType (0x00007f374fd08890) [0x00007f374fd08ae0, 0x00007f374fd092b8] Compiler: c1, Barriers: 9, Oops: 0, ImmediateOops: 1, NonImmediateOops: No
[1,402s][debug  ][gc,nmethod  ] Register NMethod: java.lang.AbstractStringBuilder.append (0x00007f376f224610) [0x00007f376f224800, 0x00007f376f224f20] Compiler: c2, Barriers: 5, Oops: 0, ImmediateOops: 0, NonImmediateOops: No
[1,403s][debug  ][gc,nmethod  ] Register NMethod: java.lang.invoke.LambdaFormEditor$TransformKey.inRange (0x00007f374fd09510) [0x00007f374fd096a0, 0x00007f374fd097f0] Compiler: c1, Barriers: 0, Oops: 0, ImmediateOops: 0, NonImmediateOops: No
[1,403s][debug  ][gc,nmethod  ] Register NMethod: java.lang.invoke.LambdaFormEditor$TransformKey.<init> (0x00007f374fd09890) [0x00007f374fd09a40, 0x00007f374fd09c20] Compiler: c1, Barriers: 3, Oops: 0, ImmediateOops: 0, NonImmediateOops: No
[1,403s][debug  ][gc,nmethod  ] Register NMethod: sun.reflect.generics.parser.SignatureParser.advance (0x00007f376f225210) [0x00007f376f2253a0, 0x00007f376f225500] Compiler: c2, Barriers: 2, Oops: 0, ImmediateOops: 0, NonImmediateOops: No
[1,403s][debug  ][gc,nmethod  ] Register NMethod: java.lang.invoke.LambdaFormEditor.getInCache (0x00007f374fd09d10) [0x00007f374fd09fa0, 0x00007f374fd0aed0] Compiler: c1, Barriers: 7, Oops: 0, ImmediateOops: 0, NonImmediateOops: No
[1,403s][debug  ][gc,nmethod  ] Register NMethod: jdk.internal.org.objectweb.asm.FieldVisitor.<init> (0x00007f374fd0b290) [0x00007f374fd0b440, 0x00007f374fd0b588] Compiler: c1, Barriers: 0, Oops: 0, ImmediateOops: 0, NonImmediateOops: No
[1,403s][debug  ][gc,nmethod  ] Register NMethod: jdk.internal.org.objectweb.asm.ClassWriter.visitField (0x00007f374fd0b610) [0x00007f374fd0b7e0, 0x00007f374fd0bc00] Compiler: c1, Barriers: 12, Oops: 0, ImmediateOops: 0, NonImmediateOops: No
[1,403s][debug  ][gc,nmethod  ] Register NMethod: java.lang.Math.ceil (0x00007f374fd0bd10) [0x00007f374fd0bec0, 0x00007f374fd0bfd8] Compiler: c1, Barriers: 0, Oops: 0, ImmediateOops: 0, NonImmediateOops: No
[1,403s][debug  ][gc,nmethod  ] Register NMethod: java.lang.StrictMath.ceil (0x00007f374fd0c090) [0x00007f374fd0c260, 0x00007f374fd0c390] Compiler: c1, Barriers: 0, Oops: 0, ImmediateOops: 0, NonImmediateOops: No
[1,403s][debug  ][gc,nmethod  ] Register NMethod: jdk.internal.org.objectweb.asm.FieldWriter.<init> (0x00007f374fd0c410) [0x00007f374fd0c600, 0x00007f374fd0c9c8] Compiler: c1, Barriers: 3, Oops: 0, ImmediateOops: 0, NonImmediateOops: No
[1,403s][debug  ][gc,nmethod  ] Register NMethod: java.lang.Math.getExponent (0x00007f374fd0cc10) [0x00007f374fd0cda0, 0x00007f374fd0cec8] Compiler: c1, Barriers: 0, Oops: 0, ImmediateOops: 0, NonImmediateOops: No
[1,403s][debug  ][gc,nmethod  ] Register NMethod: java.lang.StrictMath.floorOrCeil (0x00007f374fd0cf90) [0x00007f374fd0d160, 0x00007f374fd0d5e0] Compiler: c1, Barriers: 0, Oops: 0, ImmediateOops: 0, NonImmediateOops: No
[1,403s][debug  ][gc,nmethod  ] Register NMethod: jdk.internal.org.objectweb.asm.FieldVisitor.<init> (0x00007f374fd0d690) [0x00007f374fd0d8c0, 0x00007f374fd0e088] Compiler: c1, Barriers: 3, Oops: 1, ImmediateOops: 1, NonImmediateOops: No
[1,403s][debug  ][gc,nmethod  ] Register NMethod: java.util.HashMap.calculateHashMapCapacity (0x00007f374fd0e390) [0x00007f374fd0e560, 0x00007f374fd0e6f8] Compiler: c1, Barriers: 0, Oops: 0, ImmediateOops: 0, NonImmediateOops: No
[1,403s][debug  ][gc,nmethod  ] Register NMethod: java.util.LinkedHashMap$LinkedKeyIterator.next (0x00007f374fd0e810) [0x00007f374fd0e9c0, 0x00007f374fd0eb48] Compiler: c1, Barriers: 1, Oops: 0, ImmediateOops: 0, NonImmediateOops: No
[1,403s][debug  ][gc,nmethod  ] Register NMethod: java.util.Collections$UnmodifiableCollection$1.hasNext (0x00007f374fd0ec10) [0x00007f374fd0edc0, 0x00007f374fd0efb8] Compiler: c1, Barriers: 1, Oops: 0, ImmediateOops: 0, NonImmediateOops: No
[1,403s][debug  ][gc,nmethod  ] Register NMethod: org.junit.platform.engine.support.descriptor.AbstractTestDescriptor.getUniqueId (0x00007f376f225610) [0x00007f376f2257a0, 0x00007f376f225890] Compiler: c1, Barriers: 1, Oops: 1, ImmediateOops: 0, NonImmediateOops: No
[1,404s][debug  ][gc,director ] Rule Major: Warmup 10%, Used: 72MB, UsedThreshold: 1536MB
[1,404s][debug  ][gc,nmethod  ] Register NMethod: java.lang.invoke.InfoFromMemberName.getModifiers (0x00007f374fd0f090) [0x00007f374fd0f240, 0x00007f374fd0f3e8] Compiler: c1, Barriers: 1, Oops: 0, ImmediateOops: 0, NonImmediateOops: No
[1,404s][debug  ][gc,nmethod  ] Register NMethod: java.lang.invoke.DirectMethodHandle$Constructor.viewAsType (0x00007f374fd0f490) [0x00007f374fd0f640, 0x00007f374fd0f8e8] Compiler: c1, Barriers: 4, Oops: 0, ImmediateOops: 0, NonImmediateOops: No
[1,404s][debug  ][gc,nmethod  ] Register NMethod: jdk.internal.org.objectweb.asm.ClassWriter.toByteArray (0x00007f374fd0f990) [0x00007f374fd10460, 0x00007f374fd152f0] Compiler: c1, Barriers: 91, Oops: 0, ImmediateOops: 28, NonImmediateOops: No
[1,404s][debug  ][gc,nmethod  ] Register NMethod: java.lang.invoke.MethodHandle.asTypeCached (0x00007f374fd17290) [0x00007f374fd17460, 0x00007f374fd17940] Compiler: c1, Barriers: 4, Oops: 0, ImmediateOops: 0, NonImmediateOops: No
[1,405s][debug  ][gc,nmethod  ] Register NMethod: java.lang.invoke.MethodHandle.linkToStatic (0x00007f376f225910) [0x00007f376f225a80, 0x00007f376f225b70] Compiler: , Barriers: 0, Oops: 0, ImmediateOops: 0, NonImmediateOops: No
[1,405s][debug  ][gc,nmethod  ] Register NMethod: java.lang.invoke.MethodHandles$Lookup.findBoundCallerLookup (0x00007f374fd17a90) [0x00007f374fd17ca0, 0x00007f374fd18308] Compiler: c1, Barriers: 0, Oops: 0, ImmediateOops: 1, NonImmediateOops: No
[1,406s][debug  ][gc,nmethod  ] Register NMethod: java.util.Optional.isEmpty (0x00007f374fd18510) [0x00007f374fd186a0, 0x00007f374fd18830] Compiler: c1, Barriers: 1, Oops: 0, ImmediateOops: 0, NonImmediateOops: No
[1,406s][debug  ][gc,nmethod  ] Register NMethod: java.lang.invoke.MethodHandles$Lookup.checkMethod (0x00007f374fd18890) [0x00007f374fd18aa0, 0x00007f374fd19130] Compiler: c1, Barriers: 0, Oops: 0, ImmediateOops: 4, NonImmediateOops: No
[1,406s][debug  ][gc,nmethod  ] Register NMethod: java.util.regex.Matcher.reset (0x00007f374fd19390) [0x00007f374fd195a0, 0x00007f374fd19c28] Compiler: c1, Barriers: 5, Oops: 0, ImmediateOops: 0, NonImmediateOops: No
[1,406s][debug  ][gc,nmethod  ] Register NMethod: java.lang.invoke.MethodHandles$Lookup.maybeBindCaller (0x00007f374fd19e90) [0x00007f374fd1a0c0, 0x00007f374fd1a870] Compiler: c1, Barriers: 1, Oops: 0, ImmediateOops: 1, NonImmediateOops: No
[1,406s][debug  ][gc,nmethod  ] Register NMethod: java.util.regex.Pattern$Slice.match (0x00007f374fd1ab10) [0x00007f374fd1ad00, 0x00007f374fd1b1d8] Compiler: c1, Barriers: 2, Oops: 0, ImmediateOops: 0, NonImmediateOops: No
[1,406s][debug  ][gc,nmethod  ] Register NMethod: java.util.Optional.empty (0x00007f376f225c10) [0x00007f376f225d80, 0x00007f376f225df0] Compiler: c2, Barriers: 0, Oops: 0, ImmediateOops: 1, NonImmediateOops: No
[1,406s][debug  ][gc,nmethod  ] Register NMethod: java.util.AbstractCollection.addAll (0x00007f374fd1b390) [0x00007f374fd1b580, 0x00007f374fd1ba68] Compiler: c1, Barriers: 0, Oops: 0, ImmediateOops: 0, NonImmediateOops: No
[1,406s][debug  ][gc,nmethod  ] Register NMethod: java.util.LinkedHashMap.keySet (0x00007f374fd1bc10) [0x00007f374fd1bdc0, 0x00007f374fd1bf70] Compiler: c1, Barriers: 0, Oops: 0, ImmediateOops: 0, NonImmediateOops: No
[1,406s][debug  ][gc,nmethod  ] Register NMethod: java.util.regex.Matcher.match (0x00007f374fd1c010) [0x00007f374fd1c200, 0x00007f374fd1c880] Compiler: c1, Barriers: 6, Oops: 0, ImmediateOops: 0, NonImmediateOops: No
[1,406s][debug  ][gc,nmethod  ] Register NMethod: java.util.LinkedHashMap$LinkedKeySet.iterator (0x00007f374fd1ca90) [0x00007f374fd1cc40, 0x00007f374fd1ce78] Compiler: c1, Barriers: 1, Oops: 0, ImmediateOops: 0, NonImmediateOops: No
[1,406s][debug  ][gc,nmethod  ] Register NMethod: java.util.LinkedHashMap.sequencedKeySet (0x00007f374fd1cf90) [0x00007f374fd1d180, 0x00007f374fd1d6c0] Compiler: c1, Barriers: 7, Oops: 0, ImmediateOops: 0, NonImmediateOops: No
[1,406s][debug  ][gc,nmethod  ] Register NMethod: java.util.LinkedHashMap$LinkedKeyIterator.<init> (0x00007f374fd1d810) [0x00007f374fd1d9c0, 0x00007f374fd1daf8] Compiler: c1, Barriers: 0, Oops: 0, ImmediateOops: 0, NonImmediateOops: No
[1,406s][debug  ][gc,nmethod  ] Register NMethod: java.lang.invoke.MethodHandles$Lookup.getDirectMethodCommon (0x00007f374fd1db90) [0x00007f374fd1df20, 0x00007f374fd1f338] Compiler: c1, Barriers: 13, Oops: 1, ImmediateOops: 1, NonImmediateOops: No
[1,406s][debug  ][gc,nmethod  ] Register NMethod: java.util.Optional.map (0x00007f374fd1f990) [0x00007f374fd1fba0, 0x00007f374fd202b8] Compiler: c1, Barriers: 4, Oops: 0, ImmediateOops: 2, NonImmediateOops: No
[1,406s][debug  ][gc,nmethod  ] Register NMethod: org.junit.platform.engine.UniqueId.hashCode (0x00007f374fd20510) [0x00007f374fd206c0, 0x00007f374fd20940] Compiler: c1, Barriers: 1, Oops: 1, ImmediateOops: 0, NonImmediateOops: No
[1,407s][debug  ][gc,nmethod  ] Register NMethod: java.lang.invoke.MethodHandle.linkToInterface (0x00007f376f225f10) [0x00007f376f226080, 0x00007f376f2261b8] Compiler: , Barriers: 0, Oops: 0, ImmediateOops: 0, NonImmediateOops: No
[1,407s][debug  ][gc,nmethod  ] Register NMethod: java.lang.invoke.MethodHandle.linkToStatic (0x00007f376f226210) [0x00007f376f226380, 0x00007f376f226470] Compiler: , Barriers: 0, Oops: 0, ImmediateOops: 0, NonImmediateOops: No
[1,407s][debug  ][gc,nmethod  ] Register NMethod: java.lang.invoke.MethodHandle.linkToSpecial (0x00007f376f226510) [0x00007f376f226680, 0x00007f376f226778] Compiler: , Barriers: 0, Oops: 0, ImmediateOops: 0, NonImmediateOops: No
[1,408s][debug  ][gc,nmethod  ] Register NMethod: java.lang.invoke.MethodHandle.invokeBasic (0x00007f376f226810) [0x00007f376f2269a0, 0x00007f376f226c38] Compiler: , Barriers: 0, Oops: 0, ImmediateOops: 0, NonImmediateOops: No
[1,408s][debug  ][gc,nmethod  ] Register NMethod: java.lang.invoke.MethodHandle.linkToSpecial (0x00007f376f226c90) [0x00007f376f226e00, 0x00007f376f226ef8] Compiler: , Barriers: 0, Oops: 0, ImmediateOops: 0, NonImmediateOops: No
[1,408s][debug  ][gc,nmethod  ] Register NMethod: jdk.internal.org.objectweb.asm.Type.getDescriptor (0x00007f374fd20a10) [0x00007f374fd20c80, 0x00007f374fd213f0] Compiler: c1, Barriers: 3, Oops: 0, ImmediateOops: 0, NonImmediateOops: No
[1,408s][debug  ][gc,nmethod  ] Register NMethod: java.lang.invoke.BoundMethodHandle$Species_L.<init> (0x00007f374fd21690) [0x00007f374fd21840, 0x00007f374fd21a80] Compiler: c1, Barriers: 3, Oops: 0, ImmediateOops: 0, NonImmediateOops: No
[1,408s][debug  ][gc,nmethod  ] Register NMethod: java.util.HashSet.size (0x00007f374fd21b90) [0x00007f374fd21d20, 0x00007f374fd21ee8] Compiler: c1, Barriers: 1, Oops: 0, ImmediateOops: 0, NonImmediateOops: No
[1,409s][debug  ][gc,nmethod  ] Register NMethod: java.lang.reflect.Field.getModifiers (0x00007f376f226f90) [0x00007f376f227120, 0x00007f376f2271e0] Compiler: c1, Barriers: 0, Oops: 0, ImmediateOops: 0, NonImmediateOops: No
[1,409s][debug  ][gc,nmethod  ] Register NMethod: java.lang.StringLatin1.compareTo (0x00007f374fd21f90) [0x00007f374fd22140, 0x00007f374fd22270] Compiler: c1, Barriers: 0, Oops: 0, ImmediateOops: 0, NonImmediateOops: No
[1,409s][debug  ][gc,nmethod  ] Register NMethod: java.lang.StringLatin1.compareTo (0x00007f374fd22390) [0x00007f374fd22560, 0x00007f374fd228c8] Compiler: c1, Barriers: 0, Oops: 0, ImmediateOops: 0, NonImmediateOops: No
[1,409s][debug  ][gc,nmethod  ] Register NMethod: jdk.internal.reflect.ByteVectorImpl.getLength (0x00007f376f227290) [0x00007f376f227400, 0x00007f376f227480] Compiler: c2, Barriers: 0, Oops: 0, ImmediateOops: 0, NonImmediateOops: No
[1,409s][debug  ][gc,nmethod  ] Register NMethod: java.lang.reflect.Field.getType (0x00007f376f227590) [0x00007f376f227720, 0x00007f376f227810] Compiler: c1, Barriers: 1, Oops: 0, ImmediateOops: 0, NonImmediateOops: No
[1,409s][debug  ][gc,nmethod  ] Register NMethod: java.io.ObjectStreamField.getField (0x00007f376f227890) [0x00007f376f227a20, 0x00007f376f227b10] Compiler: c1, Barriers: 1, Oops: 0, ImmediateOops: 0, NonImmediateOops: No
[1,410s][debug  ][gc,nmethod  ] Register NMethod: java.io.ObjectStreamField.getTypeCode (0x00007f374fd22a90) [0x00007f374fd22ca0, 0x00007f374fd232d0] Compiler: c1, Barriers: 2, Oops: 1, ImmediateOops: 2, NonImmediateOops: No
[1,410s][debug  ][gc,nmethod  ] Register NMethod: jdk.internal.org.objectweb.asm.MethodVisitor.visitMethodInsn (0x00007f374fd23590) [0x00007f374fd23780, 0x00007f374fd23c68] Compiler: c1, Barriers: 1, Oops: 0, ImmediateOops: 1, NonImmediateOops: No
[1,410s][debug  ][gc,nmethod  ] Register NMethod: java.lang.invoke.MethodHandleNatives.linkCallSite (0x00007f374fd23e10) [0x00007f374fd24000, 0x00007f374fd244e8] Compiler: c1, Barriers: 0, Oops: 0, ImmediateOops: 0, NonImmediateOops: No
[1,410s][debug  ][gc,nmethod  ] Register NMethod: java.lang.invoke.MethodHandleNatives.linkCallSiteImpl (0x00007f374fd24690) [0x00007f374fd248e0, 0x00007f374fd25238] Compiler: c1, Barriers: 9, Oops: 0, ImmediateOops: 0, NonImmediateOops: No
[1,410s][debug  ][gc,nmethod  ] Register NMethod: java.lang.invoke.MethodHandleNatives.staticArgumentsPulled (0x00007f374fd25590) [0x00007f374fd25720, 0x00007f374fd258e8] Compiler: c1, Barriers: 0, Oops: 0, ImmediateOops: 0, NonImmediateOops: No
[1,410s][debug  ][gc,nmethod  ] Register NMethod: java.lang.invoke.ConstantCallSite.<init> (0x00007f374fd25990) [0x00007f374fd25b80, 0x00007f374fd26140] Compiler: c1, Barriers: 7, Oops: 0, ImmediateOops: 2, NonImmediateOops: No
[1,410s][debug  ][gc,nmethod  ] Register NMethod: java.lang.invoke.CallSite.<init> (0x00007f374fd26390) [0x00007f374fd26580, 0x00007f374fd26ab8] Compiler: c1, Barriers: 7, Oops: 0, ImmediateOops: 1, NonImmediateOops: No
[1,410s][debug  ][gc,nmethod  ] Register NMethod: java.lang.invoke.MethodHandleNatives$CallSiteContext.make (0x00007f374fd26c90) [0x00007f374fd26e40, 0x00007f374fd270e0] Compiler: c1, Barriers: 0, Oops: 0, ImmediateOops: 1, NonImmediateOops: No
[1,410s][debug  ][gc,nmethod  ] Register NMethod: java.lang.invoke.MethodHandle.linkToStatic (0x00007f376f227b90) [0x00007f376f227d00, 0x00007f376f227df0] Compiler: , Barriers: 0, Oops: 0, ImmediateOops: 0, NonImmediateOops: No
[1,410s][debug  ][gc,nmethod  ] Register NMethod: java.lang.invoke.MethodHandleNatives$CallSiteContext.<init> (0x00007f374fd27210) [0x00007f374fd273a0, 0x00007f374fd27500] Compiler: c1, Barriers: 0, Oops: 0, ImmediateOops: 0, NonImmediateOops: No
[1,410s][debug  ][gc,nmethod  ] Register NMethod: jdk.internal.misc.Unsafe.storeStoreFence (0x00007f374fd27590) [0x00007f374fd27720, 0x00007f374fd27838] Compiler: c1, Barriers: 0, Oops: 0, ImmediateOops: 0, NonImmediateOops: No
[1,410s][debug  ][gc,nmethod  ] Register NMethod: java.util.LinkedHashMap.<init> (0x00007f374fd27910) [0x00007f374fd27ac0, 0x00007f374fd27c18] Compiler: c1, Barriers: 0, Oops: 0, ImmediateOops: 0, NonImmediateOops: No
[1,410s][debug  ][gc,nmethod  ] Register NMethod: java.lang.invoke.CallSite.makeSite (0x00007f374fd27d10) [0x00007f374fd28080, 0x00007f374fd292e0] Compiler: c1, Barriers: 3, Oops: 1, ImmediateOops: 6, NonImmediateOops: No
[1,411s][debug  ][gc,nmethod  ] Register NMethod: java.lang.invoke.MethodHandle.linkToInterface (0x00007f376f227e90) [0x00007f376f228000, 0x00007f376f228138] Compiler: , Barriers: 0, Oops: 0, ImmediateOops: 0, NonImmediateOops: No
[1,411s][debug  ][gc,nmethod  ] Register NMethod: java.lang.invoke.LambdaMetafactory.metafactory (0x00007f374fd29f10) [0x00007f374fd2a1a0, 0x00007f374fd2ac80] Compiler: c1, Barriers: 0, Oops: 0, ImmediateOops: 2, NonImmediateOops: No
[1,411s][debug  ][gc,nmethod  ] Register NMethod: java.lang.invoke.MethodHandles$Lookup.hasFullPrivilegeAccess (0x00007f374fd2b190) [0x00007f374fd2b320, 0x00007f374fd2b480] Compiler: c1, Barriers: 0, Oops: 0, ImmediateOops: 0, NonImmediateOops: No
[1,412s][debug  ][gc,nmethod  ] Register NMethod: java.lang.invoke.BootstrapMethodInvoker.invoke (0x00007f374fd2b510) [0x00007f374fd2be60, 0x00007f374fd33230] Compiler: c1, Barriers: 63, Oops: 2, ImmediateOops: 14, NonImmediateOops: No
[1,412s][debug  ][gc,nmethod  ] Register NMethod: java.lang.invoke.InnerClassLambdaMetafactory.<init> (0x00007f374fd36410) [0x00007f374fd368e0, 0x00007f374fd38de0] Compiler: c1, Barriers: 65, Oops: 2, ImmediateOops: 10, NonImmediateOops: No
[1,412s][debug  ][gc,nmethod  ] Register NMethod: java.lang.invoke.MethodHandles$Lookup.revealDirect (0x00007f374fd39910) [0x00007f374fd39c60, 0x00007f374fd3af30] Compiler: c1, Barriers: 2, Oops: 2, ImmediateOops: 3, NonImmediateOops: No
[1,412s][debug  ][gc,nmethod  ] Register NMethod: java.lang.invoke.InfoFromMemberName.<init> (0x00007f374fd3b610) [0x00007f374fd3b7c0, 0x00007f374fd3b9c0] Compiler: c1, Barriers: 3, Oops: 0, ImmediateOops: 0, NonImmediateOops: No
[1,412s][debug  ][gc,nmethod  ] Register NMethod: java.lang.invoke.InnerClassLambdaMetafactory.lambdaClassName (0x00007f374fd3ba90) [0x00007f374fd3bc40, 0x00007f374fd3bd58] Compiler: c1, Barriers: 0, Oops: 0, ImmediateOops: 0, NonImmediateOops: No
[1,412s][debug  ][gc,nmethod  ] Register NMethod: java.lang.invoke.InfoFromMemberName.getMethodType (0x00007f374fd3be10) [0x00007f374fd3bfc0, 0x00007f374fd3c138] Compiler: c1, Barriers: 1, Oops: 0, ImmediateOops: 0, NonImmediateOops: No
[1,412s][debug  ][gc,nmethod  ] Register NMethod: java.lang.invoke.InfoFromMemberName.getName (0x00007f374fd3c210) [0x00007f374fd3c400, 0x00007f374fd3c900] Compiler: c1, Barriers: 6, Oops: 0, ImmediateOops: 0, NonImmediateOops: No
[1,412s][debug  ][gc,nmethod  ] Register NMethod: jdk.internal.org.objectweb.asm.MethodVisitor.visitInsn (0x00007f374fd3ca10) [0x00007f374fd3cbc0, 0x00007f374fd3cdf0] Compiler: c1, Barriers: 1, Oops: 0, ImmediateOops: 0, NonImmediateOops: No
[1,413s][debug  ][gc,nmethod  ] Register NMethod: java.util.Collections$UnmodifiableCollection.<init> (0x00007f374fd3ce90) [0x00007f374fd3d040, 0x00007f374fd3d318] Compiler: c1, Barriers: 3, Oops: 0, ImmediateOops: 0, NonImmediateOops: No
[1,413s][debug  ][gc,nmethod  ] Register NMethod: java.lang.invoke.AbstractValidatingLambdaMetafactory.<init> (0x00007f374fd3d410) [0x00007f374fd3dd80, 0x00007f374fd434e8] Compiler: c1, Barriers: 116, Oops: 5, ImmediateOops: 12, NonImmediateOops: No
[1,413s][debug  ][gc,nmethod  ] Register NMethod: java.lang.invoke.MethodHandleStatics.dumper (0x00007f374fd45190) [0x00007f374fd45320, 0x00007f374fd45410] Compiler: c1, Barriers: 0, Oops: 0, ImmediateOops: 1, NonImmediateOops: No
[1,414s][debug  ][gc,nmethod  ] Register NMethod: jdk.internal.misc.CDS.isSharingEnabled (0x00007f374fd45490) [0x00007f374fd45620, 0x00007f374fd45708] Compiler: c1, Barriers: 0, Oops: 0, ImmediateOops: 0, NonImmediateOops: No
[1,414s][debug  ][gc,director ] Rule Major: Warmup 10%, Used: 74MB, UsedThreshold: 1536MB
[1,415s][debug  ][gc,nmethod  ] Register NMethod: java.util.Collections$1.hasNext (0x00007f376f228190) [0x00007f376f228320, 0x00007f376f2283e8] Compiler: c1, Barriers: 0, Oops: 0, ImmediateOops: 0, NonImmediateOops: No
[1,417s][debug  ][gc,nmethod  ] Register NMethod: java.lang.invoke.MethodHandle.linkToStatic (0x00007f376f228490) [0x00007f376f228600, 0x00007f376f2286f0] Compiler: , Barriers: 0, Oops: 0, ImmediateOops: 0, NonImmediateOops: No
[1,417s][debug  ][gc,nmethod  ] Register NMethod: java.lang.invoke.BootstrapMethodInvoker.invoke (0x00007f374fd2b510) [0x00007f374fd2be60, 0x00007f374fd33230] Compiler: c1, Barriers: 63, Oops: 2, ImmediateOops: 15, NonImmediateOops: No
[1,417s][debug  ][gc,nmethod  ] Register NMethod: java.lang.invoke.MethodHandle.linkToSpecial (0x00007f376f228790) [0x00007f376f228900, 0x00007f376f2289f8] Compiler: , Barriers: 0, Oops: 0, ImmediateOops: 0, NonImmediateOops: No
[1,417s][debug  ][gc,nmethod  ] Register NMethod: java.util.ArrayList.get (0x00007f376f228a90) [0x00007f376f228c20, 0x00007f376f228d98] Compiler: c2, Barriers: 2, Oops: 0, ImmediateOops: 0, NonImmediateOops: No
[1,417s][debug  ][gc,nmethod  ] Register NMethod: jdk.internal.org.objectweb.asm.MethodWriter.visitLdcInsn (0x00007f374fd45790) [0x00007f374fd45a40, 0x00007f374fd46730] Compiler: c1, Barriers: 11, Oops: 1, ImmediateOops: 2, NonImmediateOops: No
[1,417s][debug  ][gc,nmethod  ] Register NMethod: java.lang.invoke.MethodHandles$Lookup.getDirectMethodNoSecurityManager (0x00007f374fd46b90) [0x00007f374fd46d40, 0x00007f374fd46e90] Compiler: c1, Barriers: 0, Oops: 0, ImmediateOops: 0, NonImmediateOops: No
[1,418s][debug  ][gc,nmethod  ] Register NMethod: jdk.internal.org.objectweb.asm.FieldWriter.visitEnd (0x00007f374fd46f90) [0x00007f374fd47120, 0x00007f374fd47220] Compiler: c1, Barriers: 0, Oops: 0, ImmediateOops: 0, NonImmediateOops: No
[1,418s][debug  ][gc,nmethod  ] Register NMethod: java.lang.invoke.MemberName$Factory.resolveOrNull (0x00007f374fd47290) [0x00007f374fd47460, 0x00007f374fd47740] Compiler: c1, Barriers: 1, Oops: 0, ImmediateOops: 0, NonImmediateOops: No
[1,419s][debug  ][gc,nmethod  ] Register NMethod: jdk.internal.reflect.ConstantPool.getUTF8At0 (0x00007f376f228e90) [0x00007f376f229040, 0x00007f376f2293f0] Compiler: , Barriers: 0, Oops: 0, ImmediateOops: 0, NonImmediateOops: No
[1,419s][debug  ][gc,nmethod  ] Register NMethod: jdk.internal.reflect.ConstantPool.getUTF8At (0x00007f374fd47890) [0x00007f374fd47a40, 0x00007f374fd47bb0] Compiler: c1, Barriers: 1, Oops: 0, ImmediateOops: 0, NonImmediateOops: No
[1,419s][debug  ][gc,nmethod  ] Register NMethod: java.lang.Class.getClassLoader (0x00007f376f229410) [0x00007f376f229580, 0x00007f376f229638] Compiler: c2, Barriers: 1, Oops: 0, ImmediateOops: 0, NonImmediateOops: No
[1,419s][debug  ][gc,nmethod  ] Register NMethod: java.util.HashSet.<init> (0x00007f374fd47c90) [0x00007f374fd47e60, 0x00007f374fd48208] Compiler: c1, Barriers: 3, Oops: 0, ImmediateOops: 0, NonImmediateOops: No
[1,419s][debug  ][gc,nmethod  ] Register NMethod: java.lang.CharacterData.of (0x00007f376f229710) [0x00007f376f229880, 0x00007f376f229928] Compiler: c2, Barriers: 0, Oops: 0, ImmediateOops: 2, NonImmediateOops: No
[1,419s][debug  ][gc,nmethod  ] Register NMethod: java.util.Collections$UnmodifiableCollection.contains (0x00007f374fd48390) [0x00007f374fd48540, 0x00007f374fd48738] Compiler: c1, Barriers: 1, Oops: 0, ImmediateOops: 0, NonImmediateOops: No
[1,419s][debug  ][gc,nmethod  ] Register NMethod: java.util.RegularEnumSet.contains (0x00007f374fd48810) [0x00007f374fd489e0, 0x00007f374fd48e58] Compiler: c1, Barriers: 3, Oops: 0, ImmediateOops: 0, NonImmediateOops: No
[1,420s][debug  ][gc,nmethod  ] Register NMethod: java.lang.invoke.MethodHandle.linkToStatic (0x00007f376f229a10) [0x00007f376f229b80, 0x00007f376f229c70] Compiler: , Barriers: 0, Oops: 0, ImmediateOops: 0, NonImmediateOops: No
[1,421s][debug  ][gc,nmethod  ] Register NMethod: java.lang.ClassLoader.getUnnamedModule (0x00007f376f229d10) [0x00007f376f229ea0, 0x00007f376f229f90] Compiler: c1, Barriers: 1, Oops: 0, ImmediateOops: 0, NonImmediateOops: No
[1,421s][debug  ][gc,nmethod  ] Register NMethod: java.lang.Character.isHighSurrogate (0x00007f374fd48f90) [0x00007f374fd49120, 0x00007f374fd49298] Compiler: c1, Barriers: 0, Oops: 0, ImmediateOops: 0, NonImmediateOops: No
[1,421s][debug  ][gc,nmethod  ] Register NMethod: java.lang.Character.codePointAt (0x00007f374fd49310) [0x00007f374fd49500, 0x00007f374fd49b40] Compiler: c1, Barriers: 0, Oops: 0, ImmediateOops: 0, NonImmediateOops: No
[1,422s][debug  ][gc,nmethod  ] Register NMethod: java.lang.ref.ReferenceQueue.poll (0x00007f376f22a010) [0x00007f376f22a1a0, 0x00007f376f22a270] Compiler: c2, Barriers: 1, Oops: 0, ImmediateOops: 0, NonImmediateOops: No
[1,423s][debug  ][gc,nmethod  ] Register NMethod: java.util.Spliterators$ArraySpliterator.<init> (0x00007f374fd49d10) [0x00007f374fd49ec0, 0x00007f374fd4a0c0] Compiler: c1, Barriers: 3, Oops: 0, ImmediateOops: 0, NonImmediateOops: No
[1,424s][debug  ][gc,director ] Rule Major: Warmup 10%, Used: 74MB, UsedThreshold: 1536MB
[1,424s][debug  ][gc,nmethod  ] Register NMethod: java.util.stream.ReferencePipeline$2.<init> (0x00007f374fd4a190) [0x00007f374fd4a340, 0x00007f374fd4a5d8] Compiler: c1, Barriers: 3, Oops: 0, ImmediateOops: 0, NonImmediateOops: No
[1,424s][debug  ][gc,nmethod  ] Register NMethod: java.util.stream.ReferencePipeline$2.opWrapSink (0x00007f374fd4a710) [0x00007f374fd4a900, 0x00007f374fd4aec0] Compiler: c1, Barriers: 6, Oops: 0, ImmediateOops: 0, NonImmediateOops: No
[1,424s][debug  ][gc,nmethod  ] Register NMethod: java.util.stream.ReferencePipeline$2$1.<init> (0x00007f374fd4b090) [0x00007f374fd4b280, 0x00007f374fd4b778] Compiler: c1, Barriers: 6, Oops: 0, ImmediateOops: 0, NonImmediateOops: No
[1,424s][debug  ][gc,nmethod  ] Register NMethod: java.util.stream.ReferencePipeline.filter (0x00007f374fd4b910) [0x00007f374fd4bb00, 0x00007f374fd4bfc0] Compiler: c1, Barriers: 3, Oops: 1, ImmediateOops: 0, NonImmediateOops: No
[1,424s][debug  ][gc,nmethod  ] Register NMethod: java.util.stream.ReferencePipeline$2$1.begin (0x00007f374fd4c210) [0x00007f374fd4c3c0, 0x00007f374fd4c5c8] Compiler: c1, Barriers: 1, Oops: 0, ImmediateOops: 0, NonImmediateOops: No
[1,425s][debug  ][gc,nmethod  ] Register NMethod: java.lang.invoke.BoundMethodHandle$Species_L.make (0x00007f374fd4c690) [0x00007f374fd4c840, 0x00007f374fd4cab0] Compiler: c1, Barriers: 3, Oops: 0, ImmediateOops: 0, NonImmediateOops: No
[1,427s][debug  ][gc,nmethod  ] Register NMethod: java.lang.StringBuilder.append (0x00007f374fd4cc10) [0x00007f374fd4cdc0, 0x00007f374fd4cf68] Compiler: c1, Barriers: 0, Oops: 0, ImmediateOops: 0, NonImmediateOops: No
[1,427s][debug  ][gc,nmethod  ] Register NMethod: jdk.internal.misc.Unsafe.shouldBeInitialized0 (0x00007f376f22a310) [0x00007f376f22a4a0, 0x00007f376f22a680] Compiler: , Barriers: 0, Oops: 0, ImmediateOops: 0, NonImmediateOops: No
[1,427s][debug  ][gc,nmethod  ] Register NMethod: jdk.internal.misc.Unsafe.shouldBeInitialized (0x00007f374fd4d010) [0x00007f374fd4d1c0, 0x00007f374fd4d3f8] Compiler: c1, Barriers: 0, Oops: 0, ImmediateOops: 0, NonImmediateOops: No
[1,427s][debug  ][gc,nmethod  ] Register NMethod: java.lang.CharacterDataLatin1.isWhitespace (0x00007f376f22a690) [0x00007f376f22a820, 0x00007f376f22a8f0] Compiler: c2, Barriers: 0, Oops: 1, ImmediateOops: 1, NonImmediateOops: No
[1,428s][debug  ][gc,nmethod  ] Register NMethod: java.lang.ClassLoader.defineClass0 (0x00007f376f22aa10) [0x00007f376f22abc0, 0x00007f376f22aff8] Compiler: , Barriers: 0, Oops: 0, ImmediateOops: 1, NonImmediateOops: No
[1,428s][debug  ][gc,nmethod  ] Register NMethod: java.lang.invoke.MethodHandleImpl.countNonNull (0x00007f374fd4d510) [0x00007f374fd4d6c0, 0x00007f374fd4d938] Compiler: c1, Barriers: 1, Oops: 0, ImmediateOops: 0, NonImmediateOops: No
[1,428s][debug  ][gc,nmethod  ] Register NMethod: java.lang.System$2.defineClass (0x00007f374fd4da10) [0x00007f374fd4dbc0, 0x00007f374fd4dd38] Compiler: c1, Barriers: 0, Oops: 0, ImmediateOops: 0, NonImmediateOops: No
[1,428s][debug  ][gc,nmethod  ] Register NMethod: java.lang.invoke.DirectMethodHandle.makeAllocator (0x00007f374fd4de10) [0x00007f374fd4e040, 0x00007f374fd4e550] Compiler: c1, Barriers: 3, Oops: 0, ImmediateOops: 0, NonImmediateOops: No
[1,429s][debug  ][gc,nmethod  ] Register NMethod: java.lang.invoke.MethodType.hashCode (0x00007f376f22b010) [0x00007f376f22b1c0, 0x00007f376f22b448] Compiler: c2, Barriers: 3, Oops: 0, ImmediateOops: 0, NonImmediateOops: No
[1,429s][debug  ][gc,nmethod  ] Register NMethod: java.util.HashMap.<init> (0x00007f374fd4e790) [0x00007f374fd4e960, 0x00007f374fd4eaa0] Compiler: c1, Barriers: 0, Oops: 0, ImmediateOops: 0, NonImmediateOops: No
[1,429s][debug  ][gc,nmethod  ] Register NMethod: java.lang.reflect.AnnotatedElement.isAnnotationPresent (0x00007f374fd4eb90) [0x00007f374fd4ed40, 0x00007f374fd4ef50] Compiler: c1, Barriers: 0, Oops: 0, ImmediateOops: 0, NonImmediateOops: No
[1,429s][debug  ][gc,nmethod  ] Register NMethod: java.util.stream.AbstractPipeline.isParallel (0x00007f376f22b610) [0x00007f376f22b7a0, 0x00007f376f22b868] Compiler: c2, Barriers: 1, Oops: 0, ImmediateOops: 0, NonImmediateOops: No
[1,430s][debug  ][gc,nmethod  ] Register NMethod: java.util.Arrays.spliterator (0x00007f374fd4f010) [0x00007f374fd4f1c0, 0x00007f374fd4f2e0] Compiler: c1, Barriers: 0, Oops: 0, ImmediateOops: 0, NonImmediateOops: No
[1,430s][debug  ][gc,nmethod  ] Register NMethod: java.util.Arrays.stream (0x00007f374fd4f390) [0x00007f374fd4f560, 0x00007f374fd4f778] Compiler: c1, Barriers: 0, Oops: 0, ImmediateOops: 0, NonImmediateOops: No
[1,430s][debug  ][gc,nmethod  ] Register NMethod: java.util.Arrays.stream (0x00007f374fd4f890) [0x00007f374fd4fa40, 0x00007f374fd4fbe8] Compiler: c1, Barriers: 0, Oops: 0, ImmediateOops: 0, NonImmediateOops: No
[1,430s][debug  ][gc,nmethod  ] Register NMethod: java.util.Spliterators.spliterator (0x00007f374fd4fd10) [0x00007f374fd4fee0, 0x00007f374fd50220] Compiler: c1, Barriers: 0, Oops: 0, ImmediateOops: 0, NonImmediateOops: No
[1,430s][debug  ][gc,nmethod  ] Register NMethod: java.util.Spliterators.checkFromToBounds (0x00007f374fd50390) [0x00007f374fd50640, 0x00007f374fd50f18] Compiler: c1, Barriers: 0, Oops: 3, ImmediateOops: 3, NonImmediateOops: No
[1,430s][debug  ][gc,nmethod  ] Register NMethod: java.lang.Class.getAnnotation (0x00007f374fd51310) [0x00007f374fd51500, 0x00007f374fd51988] Compiler: c1, Barriers: 1, Oops: 0, ImmediateOops: 0, NonImmediateOops: No
[1,431s][debug  ][gc,nmethod  ] Register NMethod: java.lang.Boolean.valueOf (0x00007f374fd51b10) [0x00007f374fd51cc0, 0x00007f374fd51e28] Compiler: c1, Barriers: 0, Oops: 0, ImmediateOops: 2, NonImmediateOops: No
[1,431s][debug  ][gc,nmethod  ] Register NMethod: java.lang.Class.getDeclaredAnnotations (0x00007f374fd51e90) [0x00007f374fd52080, 0x00007f374fd524b8] Compiler: c1, Barriers: 1, Oops: 0, ImmediateOops: 1, NonImmediateOops: No
[1,431s][debug  ][gc,nmethod  ] Register NMethod: jdk.proxy2.$Proxy9.annotationType (0x00007f374fd52610) [0x00007f374fd527e0, 0x00007f374fd52be0] Compiler: c1, Barriers: 1, Oops: 0, ImmediateOops: 1, NonImmediateOops: No
[1,431s][debug  ][gc,nmethod  ] Register NMethod: java.lang.Class.getAnnotations (0x00007f374fd52d90) [0x00007f374fd52f80, 0x00007f374fd533b8] Compiler: c1, Barriers: 1, Oops: 0, ImmediateOops: 1, NonImmediateOops: No
[1,431s][debug  ][gc,nmethod  ] Register NMethod: org.junit.platform.commons.util.AnnotationUtils.findAnnotation (0x00007f374fd53510) [0x00007f374fd53860, 0x00007f374fd54c08] Compiler: c1, Barriers: 7, Oops: 2, ImmediateOops: 4, NonImmediateOops: No
[1,431s][debug  ][gc,nmethod  ] Register NMethod: java.util.Spliterators$ArraySpliterator.estimateSize (0x00007f374fd55290) [0x00007f374fd55420, 0x00007f374fd555b0] Compiler: c1, Barriers: 0, Oops: 0, ImmediateOops: 0, NonImmediateOops: No
[1,431s][debug  ][gc,nmethod  ] Register NMethod: jdk.proxy3.$Proxy5.annotationType (0x00007f374fd55610) [0x00007f374fd557e0, 0x00007f374fd55be0] Compiler: c1, Barriers: 1, Oops: 1, ImmediateOops: 1, NonImmediateOops: No
[1,431s][debug  ][gc,nmethod  ] Register NMethod: jdk.proxy2.$Proxy11.annotationType (0x00007f374fd55d90) [0x00007f374fd55f60, 0x00007f374fd56360] Compiler: c1, Barriers: 1, Oops: 0, ImmediateOops: 1, NonImmediateOops: No
[1,431s][debug  ][gc,nmethod  ] Register NMethod: java.lang.reflect.Method.getDeclaredAnnotations (0x00007f374fd56510) [0x00007f374fd56700, 0x00007f374fd56b68] Compiler: c1, Barriers: 0, Oops: 0, ImmediateOops: 1, NonImmediateOops: No
[1,431s][debug  ][gc,nmethod  ] Register NMethod: java.lang.reflect.Executable.getDeclaredAnnotations (0x00007f374fd56d10) [0x00007f374fd56f00, 0x00007f374fd57308] Compiler: c1, Barriers: 0, Oops: 0, ImmediateOops: 1, NonImmediateOops: No
[1,431s][debug  ][gc,nmethod  ] Register NMethod: java.lang.Class.isAnnotationPresent (0x00007f374fd57490) [0x00007f374fd57680, 0x00007f374fd57c28] Compiler: c1, Barriers: 1, Oops: 0, ImmediateOops: 0, NonImmediateOops: No
[1,431s][debug  ][gc,nmethod  ] Register NMethod: jdk.proxy3.$Proxy12.annotationType (0x00007f374fd57e10) [0x00007f374fd57fe0, 0x00007f374fd583e0] Compiler: c1, Barriers: 1, Oops: 1, ImmediateOops: 1, NonImmediateOops: No
[1,431s][debug  ][gc,nmethod  ] Register NMethod: jdk.proxy3.$Proxy12.hashCode (0x00007f374fd58590) [0x00007f374fd58760, 0x00007f374fd58b80] Compiler: c1, Barriers: 1, Oops: 1, ImmediateOops: 1, NonImmediateOops: No
[1,432s][debug  ][gc,nmethod  ] Register NMethod: jdk.proxy3.$Proxy5.hashCode (0x00007f374fd58d90) [0x00007f374fd58f60, 0x00007f374fd59380] Compiler: c1, Barriers: 1, Oops: 1, ImmediateOops: 1, NonImmediateOops: No
[1,432s][debug  ][gc,nmethod  ] Register NMethod: java.lang.Class.getDeclaredAnnotation (0x00007f374fd59590) [0x00007f374fd59780, 0x00007f374fd59c08] Compiler: c1, Barriers: 1, Oops: 0, ImmediateOops: 0, NonImmediateOops: No
[1,432s][debug  ][gc,nmethod  ] Register NMethod: jdk.proxy3.$Proxy12.equals (0x00007f374fd59d90) [0x00007f374fd59f80, 0x00007f374fd5a5a0] Compiler: c1, Barriers: 4, Oops: 2, ImmediateOops: 1, NonImmediateOops: No
[1,432s][debug  ][gc,nmethod  ] Register NMethod: java.lang.reflect.Method.getAnnotation (0x00007f374fd5a890) [0x00007f374fd5aac0, 0x00007f374fd5b198] Compiler: c1, Barriers: 0, Oops: 0, ImmediateOops: 0, NonImmediateOops: No
[1,432s][debug  ][gc,nmethod  ] Register NMethod: java.lang.reflect.Executable.getAnnotation (0x00007f374fd5b410) [0x00007f374fd5b640, 0x00007f374fd5bcb0] Compiler: c1, Barriers: 0, Oops: 0, ImmediateOops: 0, NonImmediateOops: No
[1,432s][debug  ][gc,nmethod  ] Register NMethod: java.lang.reflect.Method.getRoot (0x00007f374fd5bf10) [0x00007f374fd5c0a0, 0x00007f374fd5c1f0] Compiler: c1, Barriers: 1, Oops: 0, ImmediateOops: 0, NonImmediateOops: No
[1,432s][debug  ][gc,nmethod  ] Register NMethod: org.junit.platform.commons.util.AnnotationUtils.findAnnotation (0x00007f374fd5c290) [0x00007f374fd5c500, 0x00007f374fd5d038] Compiler: c1, Barriers: 4, Oops: 3, ImmediateOops: 2, NonImmediateOops: No
[1,432s][debug  ][gc,nmethod  ] Register NMethod: jdk.internal.org.objectweb.asm.SymbolTable.putBootstrapMethods (0x00007f374fd5d490) [0x00007f374fd5d6a0, 0x00007f374fd5da80] Compiler: c1, Barriers: 4, Oops: 0, ImmediateOops: 1, NonImmediateOops: No
[1,432s][debug  ][gc,nmethod  ] Register NMethod: java.lang.Class.getTypeName (0x00007f374fd5dc90) [0x00007f374fd5e0c0, 0x00007f374fd5fb28] Compiler: c1, Barriers: 6, Oops: 0, ImmediateOops: 8, NonImmediateOops: No
[1,432s][debug  ][gc,nmethod  ] Register NMethod: java.lang.reflect.AccessibleObject.getDeclaredAnnotation (0x00007f374fd60810) [0x00007f374fd609c0, 0x00007f374fd60b78] Compiler: c1, Barriers: 0, Oops: 0, ImmediateOops: 0, NonImmediateOops: No
[1,433s][debug  ][gc,nmethod  ] Register NMethod: sun.reflect.annotation.AnnotationInvocationHandler.equalsImpl (0x00007f374fd60c10) [0x00007f374fd61160, 0x00007f374fd63c98] Compiler: c1, Barriers: 20, Oops: 2, ImmediateOops: 12, NonImmediateOops: No
[1,433s][debug  ][gc,nmethod  ] Register NMethod: java.lang.invoke.MethodHandles$Lookup.resolveOrFail (0x00007f374fd64c10) [0x00007f374fd64ee0, 0x00007f374fd65c00] Compiler: c1, Barriers: 7, Oops: 1, ImmediateOops: 3, NonImmediateOops: No
[1,433s][debug  ][gc,nmethod  ] Register NMethod: java.lang.Class.protectionDomain (0x00007f374fd66010) [0x00007f374fd66260, 0x00007f374fd669e0] Compiler: c1, Barriers: 11, Oops: 0, ImmediateOops: 4, NonImmediateOops: No
[1,433s][debug  ][gc,nmethod  ] Register NMethod: java.util.Collection.stream (0x00007f374fd66c10) [0x00007f374fd66dc0, 0x00007f374fd66fb0] Compiler: c1, Barriers: 0, Oops: 0, ImmediateOops: 0, NonImmediateOops: No
[1,433s][debug  ][gc,nmethod  ] Register NMethod: java.lang.invoke.MethodHandles$Lookup.getDirectMethodForConstant (0x00007f374fd67090) [0x00007f374fd673e0, 0x00007f374fd68500] Compiler: c1, Barriers: 0, Oops: 1, ImmediateOops: 3, NonImmediateOops: No
[1,433s][debug  ][gc,nmethod  ] Register NMethod: java.lang.invoke.MethodHandles$Lookup.canBeCached (0x00007f374fd68b10) [0x00007f374fd68e80, 0x00007f374fd6a328] Compiler: c1, Barriers: 8, Oops: 1, ImmediateOops: 1, NonImmediateOops: No
[1,433s][debug  ][gc,nmethod  ] Register NMethod: jdk.internal.org.objectweb.asm.ByteVector.put12 (0x00007f376f22b910) [0x00007f376f22bac0, 0x00007f376f22bce8] Compiler: c2, Barriers: 2, Oops: 0, ImmediateOops: 0, NonImmediateOops: No
[1,434s][debug  ][gc,nmethod  ] Register NMethod: java.util.stream.FindOps$FindOp.getOpFlags (0x00007f376f22be10) [0x00007f376f22bfa0, 0x00007f376f22c060] Compiler: c1, Barriers: 0, Oops: 0, ImmediateOops: 0, NonImmediateOops: No
[1,434s][debug  ][gc,nmethod  ] Register NMethod: java.util.ArrayList$ArrayListSpliterator.getFence (0x00007f374fd6aa10) [0x00007f374fd6aba0, 0x00007f374fd6ad20] Compiler: c1, Barriers: 1, Oops: 0, ImmediateOops: 0, NonImmediateOops: No
[1,434s][debug  ][gc,nmethod  ] Register NMethod: jdk.internal.org.objectweb.asm.FieldWriter.computeFieldInfoSize (0x00007f374fd6ae10) [0x00007f374fd6b000, 0x00007f374fd6b470] Compiler: c1, Barriers: 8, Oops: 0, ImmediateOops: 1, NonImmediateOops: No
[1,434s][debug  ][gc,director ] Rule Major: Warmup 10%, Used: 76MB, UsedThreshold: 1536MB
[1,434s][debug  ][gc,nmethod  ] Register NMethod: java.lang.invoke.MethodHandle.keepsAlive (0x00007f374fd6b590) [0x00007f374fd6b820, 0x00007f374fd6c450] Compiler: c1, Barriers: 5, Oops: 0, ImmediateOops: 4, NonImmediateOops: No
[1,434s][debug  ][gc,nmethod  ] Register NMethod: java.lang.Class.getProtectionDomain0 (0x00007f376f22c110) [0x00007f376f22c2c0, 0x00007f376f22c658] Compiler: , Barriers: 0, Oops: 0, ImmediateOops: 0, NonImmediateOops: No
[1,434s][debug  ][gc,nmethod  ] Register NMethod: jdk.internal.org.objectweb.asm.FieldWriter.putFieldInfo (0x00007f374fd6c810) [0x00007f374fd6cae0, 0x00007f374fd6d730] Compiler: c1, Barriers: 16, Oops: 0, ImmediateOops: 1, NonImmediateOops: No
[1,434s][debug  ][gc,nmethod  ] Register NMethod: java.util.regex.Pattern.lambda$ALL$10 (0x00007f376f22c690) [0x00007f376f22c820, 0x00007f376f22c8c0] Compiler: c1, Barriers: 0, Oops: 0, ImmediateOops: 0, NonImmediateOops: No
[1,434s][debug  ][gc,nmethod  ] Register NMethod: java.lang.invoke.DirectMethodHandle.shouldBeInitialized (0x00007f374fd6da90) [0x00007f374fd6dce0, 0x00007f374fd6e4d8] Compiler: c1, Barriers: 1, Oops: 1, ImmediateOops: 9, NonImmediateOops: No
[1,435s][debug  ][gc,nmethod  ] Register NMethod: java.lang.Module.allows (0x00007f374fd6e710) [0x00007f374fd6e920, 0x00007f374fd6ef40] Compiler: c1, Barriers: 1, Oops: 0, ImmediateOops: 3, NonImmediateOops: No
[1,435s][debug  ][gc,nmethod  ] Register NMethod: jdk.internal.org.objectweb.asm.MethodVisitor.visitFieldInsn (0x00007f374fd6f090) [0x00007f374fd6f240, 0x00007f374fd6f470] Compiler: c1, Barriers: 1, Oops: 0, ImmediateOops: 0, NonImmediateOops: No
[1,435s][debug  ][gc,nmethod  ] Register NMethod: java.util.regex.Pattern$$Lambda/0x0000000080173e90.is (0x00007f374fd6f590) [0x00007f374fd6f720, 0x00007f374fd6f880] Compiler: c1, Barriers: 0, Oops: 0, ImmediateOops: 0, NonImmediateOops: No
[1,435s][debug  ][gc,nmethod  ] Register NMethod: java.lang.Character.isLowSurrogate (0x00007f374fd6f910) [0x00007f374fd6faa0, 0x00007f374fd6fc18] Compiler: c1, Barriers: 0, Oops: 0, ImmediateOops: 0, NonImmediateOops: No
[1,435s][debug  ][gc,nmethod  ] Register NMethod: java.lang.Module.isExported (0x00007f374fd6fc90) [0x00007f374fd6fe80, 0x00007f374fd70270] Compiler: c1, Barriers: 0, Oops: 0, ImmediateOops: 0, NonImmediateOops: No
[1,435s][debug  ][gc,nmethod  ] Register NMethod: java.lang.invoke.MethodHandle.invokeBasic (0x00007f376f22c990) [0x00007f376f22cb20, 0x00007f376f22cdb8] Compiler: , Barriers: 0, Oops: 0, ImmediateOops: 0, NonImmediateOops: No
[1,436s][debug  ][gc,nmethod  ] Register NMethod: java.util.ImmutableCollections$List12.size (0x00007f374fd70410) [0x00007f374fd705c0, 0x00007f374fd70778] Compiler: c1, Barriers: 1, Oops: 0, ImmediateOops: 1, NonImmediateOops: No
[1,436s][debug  ][gc,nmethod  ] Register NMethod: java.lang.Module.canRead (0x00007f374fd70810) [0x00007f374fd70c00, 0x00007f374fd72730] Compiler: c1, Barriers: 16, Oops: 3, ImmediateOops: 10, NonImmediateOops: No
[1,436s][debug  ][gc,nmethod  ] Register NMethod: java.lang.invoke.InvokerBytecodeGenerator.emitStoreResult (0x00007f374fd72e10) [0x00007f374fd72fc0, 0x00007f374fd731d0] Compiler: c1, Barriers: 1, Oops: 0, ImmediateOops: 1, NonImmediateOops: No
[1,436s][debug  ][gc,nmethod  ] Register NMethod: java.lang.ref.NativeReferenceQueue.poll (0x00007f376f22ce10) [0x00007f376f22cfa0, 0x00007f376f22d070] Compiler: c2, Barriers: 1, Oops: 0, ImmediateOops: 0, NonImmediateOops: No
[1,436s][debug  ][gc,nmethod  ] Register NMethod: java.lang.invoke.LambdaForm$NamedFunction.intrinsicName (0x00007f374fd73290) [0x00007f374fd73440, 0x00007f374fd736b0] Compiler: c1, Barriers: 1, Oops: 0, ImmediateOops: 1, NonImmediateOops: No
[1,436s][debug  ][gc,nmethod  ] Register NMethod: java.lang.invoke.LambdaForm$NamedFunction.member (0x00007f374fd73790) [0x00007f374fd73920, 0x00007f374fd73a60] Compiler: c1, Barriers: 1, Oops: 0, ImmediateOops: 0, NonImmediateOops: No
[1,436s][debug  ][gc,nmethod  ] Register NMethod: java.lang.invoke.MemberName.isPrivate (0x00007f374fd73b10) [0x00007f374fd73ca0, 0x00007f374fd73e60] Compiler: c1, Barriers: 0, Oops: 0, ImmediateOops: 0, NonImmediateOops: No
[1,436s][debug  ][gc,nmethod  ] Register NMethod: java.lang.invoke.InvokerBytecodeGenerator.emitPushArguments (0x00007f374fd73f10) [0x00007f374fd74120, 0x00007f374fd74878] Compiler: c1, Barriers: 12, Oops: 0, ImmediateOops: 0, NonImmediateOops: No
[1,436s][debug  ][gc,nmethod  ] Register NMethod: java.lang.invoke.InvokerBytecodeGenerator.refKindOpcode (0x00007f374fd74b90) [0x00007f374fd74e00, 0x00007f374fd75620] Compiler: c1, Barriers: 0, Oops: 1, ImmediateOops: 1, NonImmediateOops: No
[1,437s][debug  ][gc,nmethod  ] Register NMethod: jdk.internal.misc.Unsafe.checkPrimitivePointer (0x00007f374fd75890) [0x00007f374fd75aa0, 0x00007f374fd760f0] Compiler: c1, Barriers: 2, Oops: 0, ImmediateOops: 0, NonImmediateOops: No
[1,437s][debug  ][gc,nmethod  ] Register NMethod: jdk.internal.misc.Unsafe.checkPointer (0x00007f374fd76390) [0x00007f374fd76560, 0x00007f374fd768f0] Compiler: c1, Barriers: 0, Oops: 0, ImmediateOops: 0, NonImmediateOops: No
[1,437s][debug  ][gc,nmethod  ] Register NMethod: java.lang.invoke.InvokerBytecodeGenerator.emitStaticInvoke (0x00007f374fd76a90) [0x00007f374fd76e00, 0x00007f374fd77f90] Compiler: c1, Barriers: 17, Oops: 0, ImmediateOops: 6, NonImmediateOops: No
[1,437s][debug  ][gc,nmethod  ] Register NMethod: java.lang.invoke.InvokerBytecodeGenerator.isStaticallyInvocable (0x00007f374fd78590) [0x00007f374fd78940, 0x00007f374fd79d98] Compiler: c1, Barriers: 2, Oops: 1, ImmediateOops: 3, NonImmediateOops: No
[1,437s][debug  ][gc,nmethod  ] Register NMethod: jdk.internal.org.objectweb.asm.Type.getArgumentTypes (0x00007f374fd7a290) [0x00007f374fd7a720, 0x00007f374fd7cdf0] Compiler: c1, Barriers: 15, Oops: 1, ImmediateOops: 12, NonImmediateOops: No
[1,437s][debug  ][gc,nmethod  ] Register NMethod: sun.reflect.generics.parser.SignatureParser.mark (0x00007f374fd7dc10) [0x00007f374fd7dda0, 0x00007f374fd7dea8] Compiler: c1, Barriers: 0, Oops: 0, ImmediateOops: 0, NonImmediateOops: No
[1,437s][debug  ][gc,nmethod  ] Register NMethod: sun.reflect.generics.parser.SignatureParser.markToCurrent (0x00007f374fd7df10) [0x00007f374fd7e0c0, 0x00007f374fd7e240] Compiler: c1, Barriers: 1, Oops: 0, ImmediateOops: 0, NonImmediateOops: No
[1,438s][debug  ][gc,nmethod  ] Register NMethod: java.lang.invoke.MethodHandle.linkToStatic (0x00007f376f22d110) [0x00007f376f22d280, 0x00007f376f22d370] Compiler: , Barriers: 0, Oops: 0, ImmediateOops: 0, NonImmediateOops: No
[1,438s][debug  ][gc,nmethod  ] Register NMethod: java.lang.invoke.MethodHandle.linkToSpecial (0x00007f376f22d410) [0x00007f376f22d580, 0x00007f376f22d678] Compiler: , Barriers: 0, Oops: 0, ImmediateOops: 0, NonImmediateOops: No
[1,438s][debug  ][gc,nmethod  ] Register NMethod: java.lang.invoke.LambdaForm$Name.<init> (0x00007f374fd7e310) [0x00007f374fd7e560, 0x00007f374fd7ed18] Compiler: c1, Barriers: 8, Oops: 0, ImmediateOops: 1, NonImmediateOops: No
[1,438s][debug  ][gc,nmethod  ] Register NMethod: java.lang.invoke.MethodHandle.linkToInterface (0x00007f376f22d710) [0x00007f376f22d880, 0x00007f376f22d9b8] Compiler: , Barriers: 0, Oops: 0, ImmediateOops: 0, NonImmediateOops: No
[1,441s][debug  ][gc,nmethod  ] Register NMethod: java.lang.String.indexOf (0x00007f376f22da10) [0x00007f376f22dba0, 0x00007f376f22de78] Compiler: c2, Barriers: 2, Oops: 0, ImmediateOops: 0, NonImmediateOops: No
[1,441s][debug  ][gc,nmethod  ] Register NMethod: java.lang.StringLatin1.indexOf (0x00007f376f22df90) [0x00007f376f22e120, 0x00007f376f22e330] Compiler: c2, Barriers: 0, Oops: 0, ImmediateOops: 0, NonImmediateOops: No
[1,444s][debug  ][gc,director ] Rule Major: Warmup 10%, Used: 78MB, UsedThreshold: 1536MB
[1,445s][debug  ][gc,nmethod  ] Register NMethod: jdk.internal.loader.BuiltinClassLoader.isSealed (0x00007f374fd7f010) [0x00007f374fd7f480, 0x00007f374fd811f8] Compiler: c1, Barriers: 6, Oops: 3, ImmediateOops: 20, NonImmediateOops: No
[1,446s][debug  ][gc,nmethod  ] Register NMethod: java.lang.ThreadLocal.get (0x00007f374fd81d90) [0x00007f374fd81f60, 0x00007f374fd822c8] Compiler: c1, Barriers: 2, Oops: 0, ImmediateOops: 0, NonImmediateOops: No
[1,448s][debug  ][gc,nmethod  ] Register NMethod: java.io.BufferedReader.ensureOpen (0x00007f374fd82410) [0x00007f374fd825c0, 0x00007f374fd82800] Compiler: c1, Barriers: 1, Oops: 0, ImmediateOops: 1, NonImmediateOops: No
[1,448s][debug  ][gc,nmethod  ] Register NMethod: java.io.StreamTokenizer.read (0x00007f374fd82910) [0x00007f374fd82b00, 0x00007f374fd82f48] Compiler: c1, Barriers: 2, Oops: 0, ImmediateOops: 0, NonImmediateOops: No
[1,448s][debug  ][gc,nmethod  ] Register NMethod: java.io.BufferedReader.implRead (0x00007f374fd83090) [0x00007f374fd83280, 0x00007f374fd83798] Compiler: c1, Barriers: 3, Oops: 0, ImmediateOops: 1, NonImmediateOops: No
[1,449s][debug  ][gc,nmethod  ] Register NMethod: java.io.BufferedReader.read (0x00007f374fd83990) [0x00007f374fd83c60, 0x00007f374fd84c20] Compiler: c1, Barriers: 9, Oops: 0, ImmediateOops: 0, NonImmediateOops: No
[1,449s][debug  ][gc,nmethod  ] Register NMethod: jdk.internal.misc.InternalLock.lock (0x00007f376f22e410) [0x00007f376f22e5e0, 0x00007f376f22e960] Compiler: c2, Barriers: 7, Oops: 0, ImmediateOops: 0, NonImmediateOops: No
[1,449s][debug  ][gc,nmethod  ] Register NMethod: java.util.concurrent.locks.AbstractQueuedSynchronizer.signalNext (0x00007f374fd85110) [0x00007f374fd85300, 0x00007f374fd857f0] Compiler: c1, Barriers: 2, Oops: 0, ImmediateOops: 1, NonImmediateOops: No
[1,449s][debug  ][gc,nmethod  ] Register NMethod: java.util.concurrent.locks.AbstractQueuedSynchronizer.compareAndSetState (0x00007f376f22ea90) [0x00007f376f22ec00, 0x00007f376f22ec88] Compiler: c2, Barriers: 0, Oops: 0, ImmediateOops: 0, NonImmediateOops: No
[1,449s][debug  ][gc,nmethod  ] Register NMethod: jdk.internal.misc.InternalLock.unlock (0x00007f376f22ed90) [0x00007f376f22ef80, 0x00007f376f22f3b0] Compiler: c2, Barriers: 9, Oops: 0, ImmediateOops: 0, NonImmediateOops: No
[1,449s][debug  ][gc,nmethod  ] Register NMethod: sun.security.provider.PolicyParser.peek (0x00007f374fd85990) [0x00007f374fd85bc0, 0x00007f374fd86238] Compiler: c1, Barriers: 2, Oops: 0, ImmediateOops: 6, NonImmediateOops: No
[1,449s][debug  ][gc,nmethod  ] Register NMethod: java.lang.String.copyValueOf (0x00007f374fd86490) [0x00007f374fd86640, 0x00007f374fd867d0] Compiler: c1, Barriers: 0, Oops: 0, ImmediateOops: 0, NonImmediateOops: No
[1,449s][debug  ][gc,nmethod  ] Register NMethod: java.util.concurrent.locks.ReentrantLock$NonfairSync.initialTryLock (0x00007f376f22f590) [0x00007f376f22f720, 0x00007f376f22f918] Compiler: c2, Barriers: 5, Oops: 0, ImmediateOops: 0, NonImmediateOops: No
[1,449s][debug  ][gc,reloc    ] Synchronize all workers 1 _nworkers: 0 _nsynchronized: 0
[1,449s][debug  ][gc,reloc    ] Synchronize all workers 1 _nworkers: 0 _nsynchronized: 0
[1,450s][debug  ][gc,reloc    ] Desynchronize all workers _nworkers: 0 _nsynchronized: 0
[1,450s][debug  ][gc,reloc    ] Desynchronize all workers _nworkers: 0 _nsynchronized: 0
[1,450s][debug  ][gc,nmethod  ] Register NMethod: java.util.concurrent.locks.ReentrantLock$Sync.tryRelease (0x00007f376f22f990) [0x00007f376f22fb20, 0x00007f376f22fd78] Compiler: c2, Barriers: 4, Oops: 0, ImmediateOops: 0, NonImmediateOops: No
[1,450s][debug  ][gc,nmethod  ] Register NMethod: java.nio.Buffer.position (0x00007f376f22fe10) [0x00007f376f22ffa0, 0x00007f376f230060] Compiler: c1, Barriers: 0, Oops: 0, ImmediateOops: 0, NonImmediateOops: No
[1,450s][debug  ][gc,nmethod  ] Register NMethod: java.io.StreamTokenizer.nextToken (0x00007f374fd86890) [0x00007f374fd86e80, 0x00007f374fd89bc8] Compiler: c1, Barriers: 29, Oops: 0, ImmediateOops: 1, NonImmediateOops: No
[1,450s][debug  ][gc,nmethod  ] Register NMethod: java.lang.System$2.getCarrierThreadLocal (0x00007f374fd8a610) [0x00007f374fd8a7c0, 0x00007f374fd8aa30] Compiler: c1, Barriers: 1, Oops: 0, ImmediateOops: 0, NonImmediateOops: No
[1,450s][debug  ][gc,nmethod  ] Register NMethod: java.lang.ThreadLocal.getCarrierThreadLocal (0x00007f374fd8ab10) [0x00007f374fd8acc0, 0x00007f374fd8ae58] Compiler: c1, Barriers: 1, Oops: 0, ImmediateOops: 0, NonImmediateOops: No
[1,450s][debug  ][gc,nmethod  ] Register NMethod: jdk.internal.misc.CarrierThreadLocal.get (0x00007f374fd8af10) [0x00007f374fd8b0c0, 0x00007f374fd8b3a0] Compiler: c1, Barriers: 1, Oops: 0, ImmediateOops: 1, NonImmediateOops: No
[1,450s][debug  ][gc,nmethod  ] Register NMethod: sun.security.provider.PolicyParser.match (0x00007f374fd8b490) [0x00007f374fd8bba0, 0x00007f374fd8e8a0] Compiler: c1, Barriers: 37, Oops: 3, ImmediateOops: 24, NonImmediateOops: No
[1,450s][debug  ][gc,nmethod  ] Register NMethod: java.util.concurrent.locks.ReentrantLock.lock (0x00007f376f230110) [0x00007f376f2302e0, 0x00007f376f230608] Compiler: c2, Barriers: 6, Oops: 0, ImmediateOops: 0, NonImmediateOops: No
[1,451s][debug  ][gc,nmethod  ] Register NMethod: java.util.concurrent.locks.AbstractQueuedSynchronizer.signalNext (0x00007f376f230710) [0x00007f376f2308a0, 0x00007f376f2309d8] Compiler: c2, Barriers: 2, Oops: 0, ImmediateOops: 0, NonImmediateOops: No
[1,451s][debug  ][gc,nmethod  ] Register NMethod: java.util.Collections$UnmodifiableCollection$1.next (0x00007f374fd8f990) [0x00007f374fd8fb40, 0x00007f374fd8fd38] Compiler: c1, Barriers: 1, Oops: 0, ImmediateOops: 0, NonImmediateOops: No
[1,451s][debug  ][gc,nmethod  ] Register NMethod: java.lang.String.contains (0x00007f374fd8fe10) [0x00007f374fd8ffc0, 0x00007f374fd90218] Compiler: c1, Barriers: 0, Oops: 0, ImmediateOops: 0, NonImmediateOops: No
[1,452s][debug  ][gc,nmethod  ] Register NMethod: java.lang.StringUTF16.compress (0x00007f376f230a90) [0x00007f376f230c20, 0x00007f376f230e80] Compiler: c2, Barriers: 0, Oops: 0, ImmediateOops: 0, NonImmediateOops: No
[1,452s][debug  ][gc,nmethod  ] Register NMethod: java.lang.CharacterDataLatin1.getProperties (0x00007f376f230f90) [0x00007f376f231100, 0x00007f376f2311a8] Compiler: c2, Barriers: 0, Oops: 1, ImmediateOops: 1, NonImmediateOops: No
[1,452s][debug  ][gc,nmethod  ] Register NMethod: java.util.ArrayList$Itr.next (0x00007f374fd90310) [0x00007f374fd90500, 0x00007f374fd90958] Compiler: c1, Barriers: 3, Oops: 0, ImmediateOops: 0, NonImmediateOops: No
[1,453s][debug  ][gc,nmethod  ] Register NMethod: java.security.Permission.getName (0x00007f376f231290) [0x00007f376f231420, 0x00007f376f231510] Compiler: c1, Barriers: 1, Oops: 0, ImmediateOops: 0, NonImmediateOops: No
[1,453s][debug  ][gc,nmethod  ] Register NMethod: java.security.PermissionCollection.isReadOnly (0x00007f376f231590) [0x00007f376f231720, 0x00007f376f2317e8] Compiler: c1, Barriers: 0, Oops: 0, ImmediateOops: 0, NonImmediateOops: No
[1,453s][debug  ][gc,nmethod  ] Register NMethod: java.lang.StringLatin1.lastIndexOf (0x00007f374fd90b90) [0x00007f374fd90d40, 0x00007f374fd90f38] Compiler: c1, Barriers: 0, Oops: 0, ImmediateOops: 0, NonImmediateOops: No
[1,453s][debug  ][gc,nmethod  ] Register NMethod: java.io.StreamTokenizer.read (0x00007f376f231890) [0x00007f376f231b00, 0x00007f376f2324c8] Compiler: c2, Barriers: 19, Oops: 0, ImmediateOops: 0, NonImmediateOops: No
[1,453s][debug  ][gc,nmethod  ] Register NMethod: java.lang.String.startsWith (0x00007f374fd91010) [0x00007f374fd91240, 0x00007f374fd91a60] Compiler: c1, Barriers: 2, Oops: 0, ImmediateOops: 0, NonImmediateOops: No
[1,454s][debug  ][gc,nmethod  ] Register NMethod: java.nio.Buffer.session (0x00007f376f232990) [0x00007f376f232b20, 0x00007f376f232bf0] Compiler: c2, Barriers: 1, Oops: 0, ImmediateOops: 0, NonImmediateOops: No
[1,454s][debug  ][gc,nmethod  ] Register NMethod: java.io.BufferedReader.read (0x00007f376f232c90) [0x00007f376f232ee0, 0x00007f376f233850] Compiler: c2, Barriers: 18, Oops: 0, ImmediateOops: 0, NonImmediateOops: No
[1,454s][debug  ][gc,nmethod  ] Register NMethod: java.io.BufferedReader.implRead (0x00007f376f233c90) [0x00007f376f233e40, 0x00007f376f234020] Compiler: c2, Barriers: 2, Oops: 0, ImmediateOops: 0, NonImmediateOops: No
[1,454s][debug  ][gc,director ] Rule Major: Warmup 10%, Used: 78MB, UsedThreshold: 1536MB
[1,454s][debug  ][gc,nmethod  ] Register NMethod: java.lang.CharacterDataLatin1.equalsIgnoreCase (0x00007f376f234190) [0x00007f376f234300, 0x00007f376f2343b0] Compiler: c2, Barriers: 0, Oops: 0, ImmediateOops: 0, NonImmediateOops: No
[1,454s][debug  ][gc,nmethod  ] Register NMethod: jdk.internal.misc.ScopedMemoryAccess.getByte (0x00007f376f234490) [0x00007f376f234620, 0x00007f376f2346e8] Compiler: c2, Barriers: 0, Oops: 1, ImmediateOops: 0, NonImmediateOops: No
[1,455s][debug  ][gc,nmethod  ] Register NMethod: java.util.Objects.equals (0x00007f376f234810) [0x00007f376f234980, 0x00007f376f234a28] Compiler: c2, Barriers: 0, Oops: 0, ImmediateOops: 0, NonImmediateOops: No
[1,455s][debug  ][gc,nmethod  ] Register NMethod: java.lang.StringLatin1.lastIndexOf (0x00007f376f234b10) [0x00007f376f234ca0, 0x00007f376f234dd8] Compiler: c2, Barriers: 0, Oops: 0, ImmediateOops: 0, NonImmediateOops: No
[1,457s][debug  ][gc,nmethod  ] Register NMethod: java.lang.String.regionMatches (0x00007f376f234f10) [0x00007f376f2350c0, 0x00007f376f2354d8] Compiler: c2, Barriers: 2, Oops: 0, ImmediateOops: 0, NonImmediateOops: No
[1,459s][debug  ][gc,nmethod  ] Register NMethod: java.nio.DirectIntBufferU.ix (0x00007f376f235790) [0x00007f376f235900, 0x00007f376f235980] Compiler: c2, Barriers: 0, Oops: 0, ImmediateOops: 0, NonImmediateOops: No
[1,460s][debug  ][gc,nmethod  ] Register NMethod: java.lang.invoke.Invokers.callSiteForm (0x00007f374fd91d10) [0x00007f374fd92060, 0x00007f374fd93588] Compiler: c1, Barriers: 21, Oops: 0, ImmediateOops: 5, NonImmediateOops: No
[1,464s][debug  ][gc,director ] Rule Major: Warmup 10%, Used: 78MB, UsedThreshold: 1536MB
[1,465s][debug  ][gc,nmethod  ] Register NMethod: java.lang.String.startsWith (0x00007f374fd93e10) [0x00007f374fd93fc0, 0x00007f374fd94100] Compiler: c1, Barriers: 0, Oops: 0, ImmediateOops: 0, NonImmediateOops: No
[1,465s][debug  ][gc,nmethod  ] Register NMethod: com.sun.org.apache.xerces.internal.utils.XMLSecurityManager$Limit.systemProperty (0x00007f376f235a90) [0x00007f376f235c20, 0x00007f376f235d10] Compiler: c1, Barriers: 1, Oops: 0, ImmediateOops: 0, NonImmediateOops: No
[1,465s][debug  ][gc,nmethod  ] Register NMethod: java.util.ArrayList.indexOfRange (0x00007f374fd94190) [0x00007f374fd94380, 0x00007f374fd948b8] Compiler: c1, Barriers: 3, Oops: 0, ImmediateOops: 0, NonImmediateOops: No
[1,465s][debug  ][gc,nmethod  ] Register NMethod: jdk.internal.util.ArraysSupport.vectorizedMismatch (0x00007f374fd94a90) [0x00007f374fd94c80, 0x00007f374fd950c8] Compiler: c1, Barriers: 0, Oops: 0, ImmediateOops: 0, NonImmediateOops: No
[1,466s][debug  ][gc,nmethod  ] Register NMethod: java.util.ArrayList.contains (0x00007f374fd95210) [0x00007f374fd953c0, 0x00007f374fd955d0] Compiler: c1, Barriers: 0, Oops: 0, ImmediateOops: 0, NonImmediateOops: No
[1,466s][debug  ][gc,nmethod  ] Register NMethod: jdk.internal.util.ArraysSupport.mismatch (0x00007f374fd95690) [0x00007f374fd95860, 0x00007f374fd95c80] Compiler: c1, Barriers: 0, Oops: 0, ImmediateOops: 0, NonImmediateOops: No
[1,466s][debug  ][gc,nmethod  ] Register NMethod: java.util.ArrayList.indexOf (0x00007f374fd95e90) [0x00007f374fd96040, 0x00007f374fd96188] Compiler: c1, Barriers: 0, Oops: 0, ImmediateOops: 0, NonImmediateOops: No
[1,467s][debug  ][gc,nmethod  ] Register NMethod: java.util.Arrays.fill (0x00007f374fd96210) [0x00007f374fd963c0, 0x00007f374fd965d8] Compiler: c1, Barriers: 0, Oops: 0, ImmediateOops: 0, NonImmediateOops: No
[1,467s][debug  ][gc,nmethod  ] Register NMethod: java.lang.String.substring (0x00007f374fd96710) [0x00007f374fd968c0, 0x00007f374fd96b20] Compiler: c1, Barriers: 1, Oops: 0, ImmediateOops: 0, NonImmediateOops: No
[1,467s][debug  ][gc,nmethod  ] Register NMethod: com.sun.org.apache.xerces.internal.util.Status.isExceptional (0x00007f376f235d90) [0x00007f376f235f20, 0x00007f376f235fe8] Compiler: c1, Barriers: 0, Oops: 0, ImmediateOops: 0, NonImmediateOops: No
[1,467s][debug  ][gc,nmethod  ] Register NMethod: com.sun.org.apache.xerces.internal.util.XMLChar.isInvalid (0x00007f374fd96c90) [0x00007f374fd96e40, 0x00007f374fd97108] Compiler: c1, Barriers: 0, Oops: 0, ImmediateOops: 1, NonImmediateOops: No
[1,467s][debug  ][gc,nmethod  ] Register NMethod: com.sun.org.apache.xerces.internal.util.XMLChar.isValid (0x00007f374fd97210) [0x00007f374fd973c0, 0x00007f374fd975d8] Compiler: c1, Barriers: 0, Oops: 0, ImmediateOops: 1, NonImmediateOops: No
[1,469s][debug  ][gc,nmethod  ] Register NMethod: com.sun.org.apache.xerces.internal.util.XMLChar.isContent (0x00007f374fd97690) [0x00007f374fd97840, 0x00007f374fd97a58] Compiler: c1, Barriers: 0, Oops: 0, ImmediateOops: 1, NonImmediateOops: No
[1,470s][debug  ][gc,nmethod  ] Register NMethod: java.util.Arrays.fill (0x00007f376f236090) [0x00007f376f236220, 0x00007f376f236478] Compiler: c2, Barriers: 0, Oops: 0, ImmediateOops: 0, NonImmediateOops: No
[1,470s][debug  ][gc,nmethod  ] Register NMethod: java.io.BufferedInputStream.read (0x00007f376f236590) [0x00007f376f236800, 0x00007f376f237338] Compiler: c2, Barriers: 25, Oops: 0, ImmediateOops: 2, NonImmediateOops: No
[1,470s][debug  ][gc,nmethod  ] Register NMethod: java.lang.StringLatin1.toLowerCase (0x00007f374fd97b10) [0x00007f374fd97da0, 0x00007f374fd988e8] Compiler: c1, Barriers: 5, Oops: 0, ImmediateOops: 5, NonImmediateOops: No
[1,470s][debug  ][gc,nmethod  ] Register NMethod: java.lang.StringLatin1.lastIndexOf (0x00007f376f237710) [0x00007f376f2378a0, 0x00007f376f2379b8] Compiler: c2, Barriers: 0, Oops: 0, ImmediateOops: 0, NonImmediateOops: No
[1,471s][debug  ][gc,nmethod  ] Register NMethod: java.lang.String.toLowerCase (0x00007f374fd98d10) [0x00007f374fd98ee0, 0x00007f374fd991f0] Compiler: c1, Barriers: 2, Oops: 0, ImmediateOops: 0, NonImmediateOops: No
[1,472s][debug  ][gc,nmethod  ] Register NMethod: sun.net.www.ParseUtil.firstEncodeIndex (0x00007f374fd99310) [0x00007f374fd99560, 0x00007f374fd9a050] Compiler: c1, Barriers: 3, Oops: 1, ImmediateOops: 2, NonImmediateOops: No
[1,472s][debug  ][gc,nmethod  ] Register NMethod: sun.net.www.ParseUtil.firstEncodeIndex (0x00007f374fd9a410) [0x00007f374fd9a660, 0x00007f374fd9b090] Compiler: c1, Barriers: 3, Oops: 1, ImmediateOops: 2, NonImmediateOops: No
[1,474s][debug  ][gc,director ] Rule Major: Warmup 10%, Used: 80MB, UsedThreshold: 1536MB
[1,476s][debug  ][gc,nmethod  ] Register NMethod: ch.qos.logback.core.joran.spi.ElementPath.get (0x00007f374fd9b410) [0x00007f374fd9b5e0, 0x00007f374fd9b9f8] Compiler: c1, Barriers: 3, Oops: 1, ImmediateOops: 0, NonImmediateOops: No
[1,477s][debug  ][gc,nmethod  ] Register NMethod: ch.qos.logback.core.joran.spi.ElementPath.size (0x00007f374fd9bc10) [0x00007f374fd9bda0, 0x00007f374fd9bf00] Compiler: c1, Barriers: 1, Oops: 1, ImmediateOops: 0, NonImmediateOops: No
[1,477s][debug  ][gc,nmethod  ] Register NMethod: jdk.internal.reflect.ReflectionFactory.getExecutableSharedParameterTypes (0x00007f374fd9c010) [0x00007f374fd9c1c0, 0x00007f374fd9c448] Compiler: c1, Barriers: 1, Oops: 0, ImmediateOops: 0, NonImmediateOops: No
[1,477s][debug  ][gc,nmethod  ] Register NMethod: java.lang.reflect.ReflectAccess.getExecutableSharedParameterTypes (0x00007f374fd9c590) [0x00007f374fd9c740, 0x00007f374fd9c908] Compiler: c1, Barriers: 0, Oops: 0, ImmediateOops: 0, NonImmediateOops: No
[1,477s][debug  ][gc,nmethod  ] Register NMethod: java.lang.PublicMethods$Key.hashCode (0x00007f374fd9ca10) [0x00007f374fd9cbc0, 0x00007f374fd9cdb8] Compiler: c1, Barriers: 2, Oops: 0, ImmediateOops: 0, NonImmediateOops: No
[1,477s][debug  ][gc,nmethod  ] Register NMethod: java.lang.PublicMethods$MethodList.<init> (0x00007f374fd9ce90) [0x00007f374fd9d040, 0x00007f374fd9d218] Compiler: c1, Barriers: 3, Oops: 0, ImmediateOops: 0, NonImmediateOops: No
[1,478s][debug  ][gc,nmethod  ] Register NMethod: java.lang.PublicMethods$MethodList.length (0x00007f374fd9d310) [0x00007f374fd9d4c0, 0x00007f374fd9d6e0] Compiler: c1, Barriers: 2, Oops: 0, ImmediateOops: 0, NonImmediateOops: No
[1,478s][debug  ][gc,nmethod  ] Register NMethod: java.lang.PublicMethods$Key.<init> (0x00007f374fd9d810) [0x00007f374fd9d9e0, 0x00007f374fd9dda8] Compiler: c1, Barriers: 8, Oops: 1, ImmediateOops: 2, NonImmediateOops: No
[1,478s][debug  ][gc,nmethod  ] Register NMethod: java.lang.reflect.Method.getParameterTypes (0x00007f374fd9df10) [0x00007f374fd9e0c0, 0x00007f374fd9e390] Compiler: c1, Barriers: 1, Oops: 0, ImmediateOops: 0, NonImmediateOops: No
[1,478s][debug  ][gc,nmethod  ] Register NMethod: java.lang.PublicMethods.merge (0x00007f374fd9e490) [0x00007f374fd9e700, 0x00007f374fd9f258] Compiler: c1, Barriers: 14, Oops: 1, ImmediateOops: 2, NonImmediateOops: No
[1,478s][debug  ][gc,nmethod  ] Register NMethod: java.lang.PublicMethods$MethodList.merge (0x00007f374fd9f610) [0x00007f374fd9f8c0, 0x00007f374fda05b0] Compiler: c1, Barriers: 25, Oops: 0, ImmediateOops: 0, NonImmediateOops: No
[1,478s][debug  ][gc,nmethod  ] Register NMethod: java.lang.String.startsWith (0x00007f376f237a90) [0x00007f376f237c40, 0x00007f376f237fd8] Compiler: c2, Barriers: 2, Oops: 0, ImmediateOops: 0, NonImmediateOops: No
[1,479s][debug  ][gc,nmethod  ] Register NMethod: java.lang.invoke.LambdaFormBuffer.ownedCount (0x00007f374fda0910) [0x00007f374fda0aa0, 0x00007f374fda0ba8] Compiler: c1, Barriers: 0, Oops: 0, ImmediateOops: 0, NonImmediateOops: No
[1,480s][debug  ][gc,nmethod  ] Register NMethod: ch.qos.logback.core.joran.spi.SimpleRuleStore.isKleeneStar (0x00007f374fda0c10) [0x00007f374fda0dc0, 0x00007f374fda0f50] Compiler: c1, Barriers: 1, Oops: 1, ImmediateOops: 1, NonImmediateOops: No
[1,480s][debug  ][gc,nmethod  ] Register NMethod: ch.qos.logback.core.joran.spi.ElementPath.peekLast (0x00007f374fda1010) [0x00007f374fda1200, 0x00007f374fda1770] Compiler: c1, Barriers: 3, Oops: 1, ImmediateOops: 0, NonImmediateOops: No
[1,480s][debug  ][gc,nmethod  ] Register NMethod: java.lang.StringLatin1.inflate (0x00007f374fda1990) [0x00007f374fda1b40, 0x00007f374fda1d40] Compiler: c1, Barriers: 0, Oops: 0, ImmediateOops: 0, NonImmediateOops: No
[1,480s][debug  ][gc,nmethod  ] Register NMethod: java.lang.reflect.Constructor.getDeclaringClass (0x00007f376f238210) [0x00007f376f2383a0, 0x00007f376f238490] Compiler: c1, Barriers: 1, Oops: 0, ImmediateOops: 0, NonImmediateOops: No
[1,480s][debug  ][gc,nmethod  ] Register NMethod: java.util.StringJoiner.add (0x00007f374fda1e90) [0x00007f374fda2100, 0x00007f374fda2c88] Compiler: c1, Barriers: 15, Oops: 0, ImmediateOops: 1, NonImmediateOops: No
[1,480s][debug  ][gc,nmethod  ] Register NMethod: java.util.HashMap.getNode (0x00007f376f238510) [0x00007f376f238700, 0x00007f376f238b90] Compiler: c2, Barriers: 6, Oops: 0, ImmediateOops: 0, NonImmediateOops: No
[1,481s][debug  ][gc,nmethod  ] Register NMethod: java.lang.invoke.MethodType.dropParameterTypes (0x00007f374fda3010) [0x00007f374fda3320, 0x00007f374fda42a8] Compiler: c1, Barriers: 6, Oops: 2, ImmediateOops: 3, NonImmediateOops: No
[1,481s][debug  ][gc,nmethod  ] Register NMethod: java.lang.invoke.LambdaFormEditor$TransformKey.packedBytes (0x00007f374fda4790) [0x00007f374fda4920, 0x00007f374fda4a20] Compiler: c1, Barriers: 0, Oops: 0, ImmediateOops: 0, NonImmediateOops: No
[1,481s][debug  ][gc,nmethod  ] Register NMethod: java.lang.invoke.LambdaForm.useCount (0x00007f374fda4a90) [0x00007f374fda4c60, 0x00007f374fda5018] Compiler: c1, Barriers: 2, Oops: 0, ImmediateOops: 0, NonImmediateOops: No
[1,481s][debug  ][gc,nmethod  ] Register NMethod: java.lang.invoke.InvokerBytecodeGenerator.emitReferenceCast (0x00007f374fda5190) [0x00007f374fda5480, 0x00007f374fda6240] Compiler: c1, Barriers: 8, Oops: 0, ImmediateOops: 7, NonImmediateOops: No
[1,481s][debug  ][gc,nmethod  ] Register NMethod: java.lang.invoke.LambdaFormEditor.bindArgumentType (0x00007f374fda6590) [0x00007f374fda6740, 0x00007f374fda6980] Compiler: c1, Barriers: 1, Oops: 0, ImmediateOops: 0, NonImmediateOops: No
[1,481s][debug  ][gc,nmethod  ] Register NMethod: java.lang.invoke.LambdaFormEditor$TransformKey.bval (0x00007f374fda6a90) [0x00007f374fda6c20, 0x00007f374fda6d20] Compiler: c1, Barriers: 0, Oops: 0, ImmediateOops: 0, NonImmediateOops: No
[1,481s][debug  ][gc,nmethod  ] Register NMethod: java.lang.invoke.LambdaFormEditor$TransformKey.of (0x00007f374fda6d90) [0x00007f374fda6fa0, 0x00007f374fda7520] Compiler: c1, Barriers: 3, Oops: 0, ImmediateOops: 0, NonImmediateOops: No
[1,482s][debug  ][gc,nmethod  ] Register NMethod: java.lang.invoke.LambdaFormEditor.bindArgumentForm (0x00007f374fda7710) [0x00007f374fda7b00, 0x00007f374fda9100] Compiler: c1, Barriers: 14, Oops: 1, ImmediateOops: 1, NonImmediateOops: No
[1,485s][debug  ][gc,director ] Rule Major: Warmup 10%, Used: 82MB, UsedThreshold: 1536MB
[1,485s][debug  ][gc,nmethod  ] Register NMethod: java.lang.Character.isJavaIdentifierPart (0x00007f374fda9a90) [0x00007f374fda9c40, 0x00007f374fda9e20] Compiler: c1, Barriers: 0, Oops: 0, ImmediateOops: 0, NonImmediateOops: No
[1,486s][debug  ][gc,nmethod  ] Register NMethod: java.lang.CharacterDataLatin1.isJavaIdentifierPart (0x00007f374fda9f10) [0x00007f374fdaa0c0, 0x00007f374fdaa2c0] Compiler: c1, Barriers: 0, Oops: 0, ImmediateOops: 1, NonImmediateOops: No
[1,486s][debug  ][gc,nmethod  ] Register NMethod: sun.net.www.ParseUtil.firstEncodeIndex (0x00007f376f238e10) [0x00007f376f238fc0, 0x00007f376f2392a0] Compiler: c2, Barriers: 2, Oops: 1, ImmediateOops: 0, NonImmediateOops: No
[1,487s][debug  ][gc,nmethod  ] Register NMethod: java.lang.ClassLoader.checkName (0x00007f376f239510) [0x00007f376f2396a0, 0x00007f376f239930] Compiler: c2, Barriers: 1, Oops: 1, ImmediateOops: 0, NonImmediateOops: No
[1,487s][debug  ][gc,nmethod  ] Register NMethod: ch.qos.logback.core.joran.spi.ElementSelector.fullPathMatch (0x00007f374fdaa410) [0x00007f374fdaa6a0, 0x00007f374fdab510] Compiler: c1, Barriers: 8, Oops: 1, ImmediateOops: 0, NonImmediateOops: No
[1,488s][debug  ][gc,nmethod  ] Register NMethod: java.lang.invoke.TypeConvertingMethodAdapter.<init> (0x00007f374fdaba10) [0x00007f374fdabbc0, 0x00007f374fdabd00] Compiler: c1, Barriers: 0, Oops: 0, ImmediateOops: 0, NonImmediateOops: No
[1,488s][debug  ][gc,nmethod  ] Register NMethod: jdk.internal.org.objectweb.asm.MethodVisitor.visitCode (0x00007f374fdabd90) [0x00007f374fdabf40, 0x00007f374fdac170] Compiler: c1, Barriers: 1, Oops: 0, ImmediateOops: 0, NonImmediateOops: No
[1,488s][debug  ][gc,nmethod  ] Register NMethod: jdk.internal.org.objectweb.asm.MethodVisitor.visitEnd (0x00007f374fdac210) [0x00007f374fdac3c0, 0x00007f374fdac5f0] Compiler: c1, Barriers: 1, Oops: 0, ImmediateOops: 0, NonImmediateOops: No
[1,488s][debug  ][gc,nmethod  ] Register NMethod: jdk.internal.org.objectweb.asm.MethodVisitor.visitMaxs (0x00007f374fdac690) [0x00007f374fdac840, 0x00007f374fdaca70] Compiler: c1, Barriers: 1, Oops: 0, ImmediateOops: 0, NonImmediateOops: No
[1,488s][debug  ][gc,nmethod  ] Register NMethod: ch.qos.logback.core.joran.util.beans.BeanUtil.getParameterCount (0x00007f374fdacb10) [0x00007f374fdaccc0, 0x00007f374fdacfd8] Compiler: c1, Barriers: 1, Oops: 1, ImmediateOops: 0, NonImmediateOops: No
[1,488s][debug  ][gc,nmethod  ] Register NMethod: java.lang.invoke.MethodHandle.linkToVirtual (0x00007f376f239b10) [0x00007f376f239c80, 0x00007f376f239ca8] Compiler: , Barriers: 0, Oops: 0, ImmediateOops: 0, NonImmediateOops: No
[1,488s][debug  ][gc,nmethod  ] Register NMethod: java.util.HashMap.get (0x00007f374fdad110) [0x00007f374fdad2c0, 0x00007f374fdad4a8] Compiler: c1, Barriers: 1, Oops: 0, ImmediateOops: 0, NonImmediateOops: No
[1,488s][debug  ][gc,nmethod  ] Register NMethod: ch.qos.logback.core.joran.spi.SimpleRuleStore.isSuffixPattern (0x00007f374fdad590) [0x00007f374fdad7a0, 0x00007f374fdade80] Compiler: c1, Barriers: 4, Oops: 1, ImmediateOops: 1, NonImmediateOops: No
[1,489s][debug  ][gc,nmethod  ] Register NMethod: java.lang.invoke.MethodHandle.invokeBasic (0x00007f376f239e10) [0x00007f376f239fa0, 0x00007f376f23a238] Compiler: , Barriers: 0, Oops: 0, ImmediateOops: 0, NonImmediateOops: No
[1,489s][debug  ][gc,nmethod  ] Register NMethod: java.lang.invoke.MethodHandle.linkToSpecial (0x00007f376f23a290) [0x00007f376f23a400, 0x00007f376f23a4f8] Compiler: , Barriers: 0, Oops: 0, ImmediateOops: 0, NonImmediateOops: No
[1,489s][debug  ][gc,nmethod  ] Register NMethod: sun.invoke.util.Wrapper.isNumeric (0x00007f374fdae110) [0x00007f374fdae2a0, 0x00007f374fdae400] Compiler: c1, Barriers: 0, Oops: 0, ImmediateOops: 0, NonImmediateOops: No
[1,489s][debug  ][gc,nmethod  ] Register NMethod: sun.invoke.util.Wrapper.isIntegral (0x00007f374fdae490) [0x00007f374fdae640, 0x00007f374fdae890] Compiler: c1, Barriers: 0, Oops: 0, ImmediateOops: 0, NonImmediateOops: No
[1,489s][debug  ][gc,nmethod  ] Register NMethod: sun.invoke.util.Wrapper.isSubwordOrInt (0x00007f374fdae910) [0x00007f374fdaeac0, 0x00007f374fdaeeb0] Compiler: c1, Barriers: 0, Oops: 0, ImmediateOops: 0, NonImmediateOops: No
[1,489s][debug  ][gc,nmethod  ] Register NMethod: java.lang.invoke.MethodHandle.linkToStatic (0x00007f376f23a590) [0x00007f376f23a700, 0x00007f376f23a7f0] Compiler: , Barriers: 0, Oops: 0, ImmediateOops: 0, NonImmediateOops: No
[1,490s][debug  ][gc,nmethod  ] Register NMethod: jdk.internal.org.objectweb.asm.AnnotationVisitor.<init> (0x00007f374fdaef90) [0x00007f374fdaf140, 0x00007f374fdaf288] Compiler: c1, Barriers: 0, Oops: 0, ImmediateOops: 0, NonImmediateOops: No
[1,490s][debug  ][gc,nmethod  ] Register NMethod: jdk.internal.org.objectweb.asm.AnnotationWriter.create (0x00007f374fdaf310) [0x00007f374fdaf500, 0x00007f374fdaf9b8] Compiler: c1, Barriers: 3, Oops: 0, ImmediateOops: 0, NonImmediateOops: No
[1,490s][debug  ][gc,nmethod  ] Register NMethod: jdk.internal.org.objectweb.asm.AnnotationWriter.<init> (0x00007f374fdafb90) [0x00007f374fdafd60, 0x00007f374fdb01b0] Compiler: c1, Barriers: 12, Oops: 0, ImmediateOops: 0, NonImmediateOops: No
[1,490s][debug  ][gc,nmethod  ] Register NMethod: java.lang.invoke.MethodHandle.invokeBasic (0x00007f376f23a890) [0x00007f376f23aa20, 0x00007f376f23acb8] Compiler: , Barriers: 0, Oops: 0, ImmediateOops: 0, NonImmediateOops: No
[1,490s][debug  ][gc,nmethod  ] Register NMethod: jdk.internal.org.objectweb.asm.AnnotationWriter.visitEnd (0x00007f374fdb0310) [0x00007f374fdb04c0, 0x00007f374fdb06b8] Compiler: c1, Barriers: 2, Oops: 0, ImmediateOops: 0, NonImmediateOops: No
[1,490s][debug  ][gc,nmethod  ] Register NMethod: jdk.internal.org.objectweb.asm.AnnotationVisitor.<init> (0x00007f374fdb0810) [0x00007f374fdb0a40, 0x00007f374fdb1208] Compiler: c1, Barriers: 3, Oops: 1, ImmediateOops: 1, NonImmediateOops: No
[1,490s][debug  ][gc,nmethod  ] Register NMethod: jdk.internal.org.objectweb.asm.MethodWriter.visitAnnotation (0x00007f374fdb1510) [0x00007f374fdb16e0, 0x00007f374fdb1aa8] Compiler: c1, Barriers: 10, Oops: 0, ImmediateOops: 0, NonImmediateOops: No
[1,490s][debug  ][gc,nmethod  ] Register NMethod: java.lang.invoke.MethodHandle.invokeBasic (0x00007f376f23ad10) [0x00007f376f23aea0, 0x00007f376f23b138] Compiler: , Barriers: 0, Oops: 0, ImmediateOops: 0, NonImmediateOops: No
[1,490s][debug  ][gc,nmethod  ] Register NMethod: java.lang.invoke.InvokerBytecodeGenerator.storeInsnOpcode (0x00007f374fdb1b90) [0x00007f374fdb1e00, 0x00007f374fdb2788] Compiler: c1, Barriers: 1, Oops: 1, ImmediateOops: 3, NonImmediateOops: No
[1,490s][debug  ][gc,nmethod  ] Register NMethod: java.lang.invoke.LambdaForm.returnType (0x00007f374fdb2a90) [0x00007f374fdb2c40, 0x00007f374fdb2e70] Compiler: c1, Barriers: 3, Oops: 0, ImmediateOops: 1, NonImmediateOops: No
[1,490s][debug  ][gc,nmethod  ] Register NMethod: java.lang.invoke.MemberName.getFieldType (0x00007f374fdb2f90) [0x00007f374fdb32c0, 0x00007f374fdb4710] Compiler: c1, Barriers: 12, Oops: 2, ImmediateOops: 2, NonImmediateOops: No
[1,491s][debug  ][gc,nmethod  ] Register NMethod: java.util.Vector.elementData (0x00007f374fdb4d10) [0x00007f374fdb4ec0, 0x00007f374fdb5050] Compiler: c1, Barriers: 2, Oops: 0, ImmediateOops: 0, NonImmediateOops: No
[1,492s][debug  ][gc,nmethod  ] Register NMethod: jdk.internal.org.objectweb.asm.ClassWriter.visitEnd (0x00007f374fdb5110) [0x00007f374fdb52a0, 0x00007f374fdb53a0] Compiler: c1, Barriers: 0, Oops: 0, ImmediateOops: 0, NonImmediateOops: No
[1,493s][debug  ][gc,nmethod  ] Register NMethod: java.lang.invoke.BootstrapMethodInvoker.widenAndCast (0x00007f374fdb5410) [0x00007f374fdb5680, 0x00007f374fdb5fb8] Compiler: c1, Barriers: 0, Oops: 0, ImmediateOops: 0, NonImmediateOops: No
[1,493s][debug  ][gc,nmethod  ] Register NMethod: jdk.internal.reflect.Reflection.areNestMates (0x00007f376f23b190) [0x00007f376f23b320, 0x00007f376f23b520] Compiler: , Barriers: 0, Oops: 0, ImmediateOops: 1, NonImmediateOops: No
[1,493s][debug  ][gc,nmethod  ] Register NMethod: java.lang.invoke.InnerClassLambdaMetafactory.createNameFromTargetClass (0x00007f374fdb6290) [0x00007f374fdb64e0, 0x00007f374fdb6bc8] Compiler: c1, Barriers: 1, Oops: 1, ImmediateOops: 1, NonImmediateOops: No
[1,493s][debug  ][gc,nmethod  ] Register NMethod: java.lang.invoke.AbstractValidatingLambdaMetafactory.isAdaptableToAsReturn (0x00007f374fdb6e90) [0x00007f374fdb7060, 0x00007f374fdb74e0] Compiler: c1, Barriers: 0, Oops: 1, ImmediateOops: 2, NonImmediateOops: No
[1,493s][debug  ][gc,nmethod  ] Register NMethod: java.lang.invoke.InnerClassLambdaMetafactory$ForwardingMethodGenerator.convertArgumentTypes (0x00007f374fdb7610) [0x00007f374fdb78a0, 0x00007f374fdb8590] Compiler: c1, Barriers: 14, Oops: 0, ImmediateOops: 5, NonImmediateOops: No
[1,493s][debug  ][gc,nmethod  ] Register NMethod: java.lang.StringBuilder.append (0x00007f376f23b590) [0x00007f376f23b720, 0x00007f376f23b7c8] Compiler: c2, Barriers: 0, Oops: 0, ImmediateOops: 0, NonImmediateOops: No
[1,493s][debug  ][gc,nmethod  ] Register NMethod: java.lang.invoke.InnerClassLambdaMetafactory.generateConstructor (0x00007f374fdb8b10) [0x00007f374fdb8e40, 0x00007f374fdba0a8] Compiler: c1, Barriers: 18, Oops: 1, ImmediateOops: 8, NonImmediateOops: No
[1,494s][debug  ][gc,nmethod  ] Register NMethod: java.lang.invoke.AbstractValidatingLambdaMetafactory.checkDescriptor (0x00007f374fdba610) [0x00007f374fdbaaa0, 0x00007f374fdbcfb0] Compiler: c1, Barriers: 37, Oops: 3, ImmediateOops: 7, NonImmediateOops: No
[1,494s][debug  ][gc,nmethod  ] Register NMethod: java.util.regex.Pattern$GroupTail.match (0x00007f374fdbdb10) [0x00007f374fdbdd00, 0x00007f374fdbe168] Compiler: c1, Barriers: 4, Oops: 0, ImmediateOops: 0, NonImmediateOops: No
[1,494s][debug  ][gc,nmethod  ] Register NMethod: java.util.regex.Pattern$BmpCharProperty.match (0x00007f374fdbe390) [0x00007f374fdbe580, 0x00007f374fdbea60] Compiler: c1, Barriers: 2, Oops: 0, ImmediateOops: 0, NonImmediateOops: No
[1,494s][debug  ][gc,nmethod  ] Register NMethod: java.lang.invoke.InnerClassLambdaMetafactory$ForwardingMethodGenerator.generate (0x00007f374fdbec10) [0x00007f374fdbf060, 0x00007f374fdc1270] Compiler: c1, Barriers: 41, Oops: 2, ImmediateOops: 4, NonImmediateOops: No
[1,494s][debug  ][gc,nmethod  ] Register NMethod: java.lang.invoke.InnerClassLambdaMetafactory.generateInnerClass (0x00007f374fdc1b10) [0x00007f374fdc2060, 0x00007f374fdc4820] Compiler: c1, Barriers: 50, Oops: 2, ImmediateOops: 7, NonImmediateOops: No
[1,494s][debug  ][gc,nmethod  ] Register NMethod: java.lang.Character.codePointBefore (0x00007f374fdc5610) [0x00007f374fdc5800, 0x00007f374fdc5d80] Compiler: c1, Barriers: 0, Oops: 0, ImmediateOops: 0, NonImmediateOops: No
[1,494s][debug  ][gc,nmethod  ] Register NMethod: java.lang.invoke.AbstractValidatingLambdaMetafactory.isAdaptableToAsReturnStrict (0x00007f374fdc5f10) [0x00007f374fdc60e0, 0x00007f374fdc6660] Compiler: c1, Barriers: 0, Oops: 1, ImmediateOops: 2, NonImmediateOops: No
[1,495s][debug  ][gc,nmethod  ] Register NMethod: java.lang.invoke.InnerClassLambdaMetafactory.spinInnerClass (0x00007f374fdc6810) [0x00007f374fdc6a00, 0x00007f374fdc6e60] Compiler: c1, Barriers: 8, Oops: 0, ImmediateOops: 0, NonImmediateOops: No
[1,495s][debug  ][gc,nmethod  ] Register NMethod: java.lang.invoke.LambdaProxyClassArchive.find (0x00007f374fdc6f90) [0x00007f374fdc7180, 0x00007f374fdc7730] Compiler: c1, Barriers: 1, Oops: 0, ImmediateOops: 0, NonImmediateOops: No
[1,495s][debug  ][gc,nmethod  ] Register NMethod: java.lang.invoke.InnerClassLambdaMetafactory$ForwardingMethodGenerator.<init> (0x00007f374fdc7910) [0x00007f374fdc7ac0, 0x00007f374fdc7cd0] Compiler: c1, Barriers: 3, Oops: 0, ImmediateOops: 0, NonImmediateOops: No
[1,495s][debug  ][gc,director ] Rule Major: Warmup 10%, Used: 82MB, UsedThreshold: 1536MB
[1,495s][debug  ][gc,nmethod  ] Register NMethod: java.lang.invoke.LambdaProxyClassArchive.loadedByBuiltinLoader (0x00007f374fdc7d90) [0x00007f374fdc7f60, 0x00007f374fdc8370] Compiler: c1, Barriers: 1, Oops: 0, ImmediateOops: 0, NonImmediateOops: No
[1,495s][debug  ][gc,nmethod  ] Register NMethod: java.lang.invoke.InnerClassLambdaMetafactory$ForwardingMethodGenerator.invocationOpcode (0x00007f374fdc8490) [0x00007f374fdc8700, 0x00007f374fdc8ef8] Compiler: c1, Barriers: 2, Oops: 1, ImmediateOops: 1, NonImmediateOops: No
[1,495s][debug  ][gc,nmethod  ] Register NMethod: java.lang.invoke.InnerClassLambdaMetafactory.getReturnOpcode (0x00007f374fdc9210) [0x00007f374fdc93c0, 0x00007f374fdc9548] Compiler: c1, Barriers: 0, Oops: 0, ImmediateOops: 1, NonImmediateOops: No
[1,495s][debug  ][gc,nmethod  ] Register NMethod: java.lang.invoke.MethodHandles$Lookup.getDirectConstructor (0x00007f374fdc9610) [0x00007f374fdc97c0, 0x00007f374fdc9900] Compiler: c1, Barriers: 0, Oops: 0, ImmediateOops: 0, NonImmediateOops: No
[1,495s][debug  ][gc,nmethod  ] Register NMethod: java.lang.invoke.MethodHandles$Lookup.findConstructor (0x00007f374fdc9990) [0x00007f374fdc9c00, 0x00007f374fdca3e8] Compiler: c1, Barriers: 1, Oops: 1, ImmediateOops: 2, NonImmediateOops: No
[1,495s][debug  ][gc,nmethod  ] Register NMethod: java.util.stream.ReduceOps$3ReducingSink.begin (0x00007f374fdca710) [0x00007f374fdca8c0, 0x00007f374fdcab38] Compiler: c1, Barriers: 4, Oops: 0, ImmediateOops: 0, NonImmediateOops: No
[1,495s][debug  ][gc,nmethod  ] Register NMethod: java.lang.invoke.LambdaForm.editor (0x00007f374fdcac10) [0x00007f374fdcade0, 0x00007f374fdcb108] Compiler: c1, Barriers: 3, Oops: 0, ImmediateOops: 0, NonImmediateOops: No
[1,495s][debug  ][gc,nmethod  ] Register NMethod: java.lang.invoke.LambdaFormEditor.<init> (0x00007f374fdcb290) [0x00007f374fdcb440, 0x00007f374fdcb618] Compiler: c1, Barriers: 3, Oops: 0, ImmediateOops: 0, NonImmediateOops: No
[1,495s][debug  ][gc,nmethod  ] Register NMethod: java.lang.invoke.LambdaFormEditor.lambdaFormEditor (0x00007f374fdcb710) [0x00007f374fdcb8c0, 0x00007f374fdcbb80] Compiler: c1, Barriers: 3, Oops: 0, ImmediateOops: 0, NonImmediateOops: No
[1,495s][debug  ][gc,nmethod  ] Register NMethod: java.lang.invoke.BoundMethodHandle.editor (0x00007f374fdcbd10) [0x00007f374fdcbee0, 0x00007f374fdcc2a8] Compiler: c1, Barriers: 4, Oops: 0, ImmediateOops: 0, NonImmediateOops: No
[1,495s][debug  ][gc,nmethod  ] Register NMethod: java.lang.invoke.InnerClassLambdaMetafactory.buildCallSite (0x00007f374fdcc410) [0x00007f374fdcc860, 0x00007f374fdce5b8] Compiler: c1, Barriers: 26, Oops: 2, ImmediateOops: 8, NonImmediateOops: No
[1,496s][debug  ][gc,nmethod  ] Register NMethod: java.lang.invoke.AbstractValidatingLambdaMetafactory.validateMetafactoryArgs (0x00007f374fdcf310) [0x00007f374fdcff20, 0x00007f374fdd8030] Compiler: c1, Barriers: 155, Oops: 7, ImmediateOops: 25, NonImmediateOops: No
[1,496s][debug  ][gc,nmethod  ] Register NMethod: java.lang.StringConcatHelper.newString (0x00007f376f23b890) [0x00007f376f23ba20, 0x00007f376f23bb48] Compiler: c2, Barriers: 2, Oops: 0, ImmediateOops: 0, NonImmediateOops: No
[1,497s][debug  ][gc,nmethod  ] Register NMethod: java.lang.String.hashCode (0x00007f374fdda890) [0x00007f374fddaa60, 0x00007f374fddae18] Compiler: c1, Barriers: 2, Oops: 0, ImmediateOops: 0, NonImmediateOops: No
[1,499s][debug  ][gc,nmethod  ] Register NMethod: sun.nio.fs.UnixFileSystem.provider (0x00007f376f23bc10) [0x00007f376f23bda0, 0x00007f376f23be90] Compiler: c1, Barriers: 1, Oops: 0, ImmediateOops: 0, NonImmediateOops: No
[1,499s][debug  ][gc,nmethod  ] Register NMethod: sun.nio.fs.NativeBuffer.setOwner (0x00007f376f23bf10) [0x00007f376f23c0a0, 0x00007f376f23c1d0] Compiler: c1, Barriers: 3, Oops: 0, ImmediateOops: 0, NonImmediateOops: No
[1,500s][debug  ][gc,nmethod  ] Register NMethod: sun.nio.fs.UnixFileSystem.needToResolveAgainstDefaultDirectory (0x00007f376f23c210) [0x00007f376f23c3a0, 0x00007f376f23c468] Compiler: c1, Barriers: 0, Oops: 0, ImmediateOops: 0, NonImmediateOops: No
[1,500s][debug  ][gc,nmethod  ] Register NMethod: sun.nio.fs.NativeBuffer.size (0x00007f376f23c510) [0x00007f376f23c6a0, 0x00007f376f23c760] Compiler: c1, Barriers: 0, Oops: 0, ImmediateOops: 0, NonImmediateOops: No
[1,500s][debug  ][gc,nmethod  ] Register NMethod: sun.nio.fs.NativeBuffer.owner (0x00007f376f23c810) [0x00007f376f23c9a0, 0x00007f376f23ca90] Compiler: c1, Barriers: 1, Oops: 0, ImmediateOops: 0, NonImmediateOops: No
[1,503s][debug  ][gc,nmethod  ] Register NMethod: java.util.stream.ReduceOps$ReduceOp.evaluateSequential (0x00007f374fddaf10) [0x00007f374fddb0e0, 0x00007f374fddb510] Compiler: c1, Barriers: 0, Oops: 0, ImmediateOops: 0, NonImmediateOops: No
[1,503s][debug  ][gc,nmethod  ] Register NMethod: java.lang.reflect.Modifier.isAbstract (0x00007f374fddb690) [0x00007f374fddb820, 0x00007f374fddb960] Compiler: c1, Barriers: 0, Oops: 0, ImmediateOops: 0, NonImmediateOops: No
[1,505s][debug  ][gc,nmethod  ] Register NMethod: java.util.concurrent.CopyOnWriteArrayList.getArray (0x00007f376f23cb10) [0x00007f376f23cca0, 0x00007f376f23cd90] Compiler: c1, Barriers: 1, Oops: 0, ImmediateOops: 0, NonImmediateOops: No
[1,505s][debug  ][gc,nmethod  ] Register NMethod: java.util.Arrays.copyOfRange (0x00007f376f23ce10) [0x00007f376f23cfc0, 0x00007f376f23d410] Compiler: c2, Barriers: 0, Oops: 0, ImmediateOops: 0, NonImmediateOops: No
[1,505s][debug  ][gc,director ] Rule Major: Warmup 10%, Used: 84MB, UsedThreshold: 1536MB
[1,512s][debug  ][gc,nmethod  ] Register NMethod: java.lang.invoke.LambdaForm$DMH/0x00000000801a4400.invokeStatic (0x00007f374fddba10) [0x00007f374fddbbe0, 0x00007f374fddbfd8] Compiler: c1, Barriers: 0, Oops: 2, ImmediateOops: 3, NonImmediateOops: No
[1,513s][debug  ][gc,nmethod  ] Register NMethod: java.lang.invoke.MethodHandle.linkToVirtual (0x00007f376f23d610) [0x00007f376f23d780, 0x00007f376f23d7a8] Compiler: , Barriers: 0, Oops: 0, ImmediateOops: 0, NonImmediateOops: No
[1,514s][debug  ][gc,nmethod  ] Register NMethod: sun.nio.fs.UnixPath.<init> (0x00007f374fddc110) [0x00007f374fddc2c0, 0x00007f374fddc510] Compiler: c1, Barriers: 6, Oops: 0, ImmediateOops: 0, NonImmediateOops: No
[1,515s][debug  ][gc,director ] Rule Major: Warmup 10%, Used: 84MB, UsedThreshold: 1536MB
[1,524s][debug  ][gc,nmethod  ] Register NMethod: java.lang.invoke.DirectMethodHandle$Holder.newInvokeSpecial (0x00007f374fddc610) [0x00007f374fddc800, 0x00007f374fddcd90] Compiler: c1, Barriers: 2, Oops: 0, ImmediateOops: 1, NonImmediateOops: No
[1,524s][debug  ][gc,nmethod  ] Register NMethod: java.lang.StringLatin1.hashCode (0x00007f376f23d910) [0x00007f376f23dac0, 0x00007f376f23dd50] Compiler: c2, Barriers: 0, Oops: 0, ImmediateOops: 0, NonImmediateOops: No
[1,525s][debug  ][gc,director ] Rule Major: Warmup 10%, Used: 84MB, UsedThreshold: 1536MB
[1,528s][debug  ][gc,nmethod  ] Register NMethod: java.util.regex.Pattern.next (0x00007f374fddcf90) [0x00007f374fddd140, 0x00007f374fddd3d8] Compiler: c1, Barriers: 1, Oops: 0, ImmediateOops: 0, NonImmediateOops: No
[1,528s][debug  ][gc,nmethod  ] Register NMethod: java.util.Formatter$Flags.contains (0x00007f374fddd510) [0x00007f374fddd6a0, 0x00007f374fddd7e0] Compiler: c1, Barriers: 0, Oops: 0, ImmediateOops: 0, NonImmediateOops: No
[1,528s][debug  ][gc,nmethod  ] Register NMethod: java.util.regex.Matcher.groupCount (0x00007f374fddd890) [0x00007f374fddda20, 0x00007f374fdddb58] Compiler: c1, Barriers: 1, Oops: 0, ImmediateOops: 0, NonImmediateOops: No
[1,528s][debug  ][gc,nmethod  ] Register NMethod: java.util.regex.Matcher.<init> (0x00007f374fdddc10) [0x00007f374fddde00, 0x00007f374fdde478] Compiler: c1, Barriers: 15, Oops: 0, ImmediateOops: 0, NonImmediateOops: No
[1,528s][debug  ][gc,nmethod  ] Register NMethod: java.util.regex.Pattern.matcher (0x00007f374fdde610) [0x00007f374fdde7e0, 0x00007f374fddeb50] Compiler: c1, Barriers: 0, Oops: 0, ImmediateOops: 0, NonImmediateOops: No
[1,528s][debug  ][gc,nmethod  ] Register NMethod: java.util.regex.Pattern$GroupHead.match (0x00007f374fddec90) [0x00007f374fddee60, 0x00007f374fddf150] Compiler: c1, Barriers: 3, Oops: 0, ImmediateOops: 0, NonImmediateOops: No
[1,528s][debug  ][gc,nmethod  ] Register NMethod: java.util.regex.Matcher.checkGroup (0x00007f374fddf310) [0x00007f374fddf540, 0x00007f374fddfbf0] Compiler: c1, Barriers: 1, Oops: 1, ImmediateOops: 1, NonImmediateOops: No
[1,528s][debug  ][gc,nmethod  ] Register NMethod: java.nio.Buffer.position (0x00007f374fddff10) [0x00007f374fde00c0, 0x00007f374fde0328] Compiler: c1, Barriers: 0, Oops: 0, ImmediateOops: 0, NonImmediateOops: No
[1,530s][info   ][gc          ] GC(0) Major Collection (Metadata GC Threshold)
[1,531s][info   ][gc,task     ] GC(0) Using 1 Workers for Young Generation
[1,531s][info   ][gc,task     ] GC(0) Using 1 Workers for Old Generation
[1,531s][debug  ][gc,heap     ] GC(0) Y: Heap before GC invocations=0 (full 0):
[1,531s][debug  ][gc,heap     ] GC(0) Y:  ZHeap           used 86M, capacity 5120M, max capacity 15360M
[1,531s][debug  ][gc,heap     ] GC(0) Y:  Metaspace       used 21259K, committed 21568K, reserved 1114112K
[1,531s][debug  ][gc,heap     ] GC(0) Y:   class space    used 2375K, committed 2496K, reserved 1048576K
[1,531s][info   ][gc,phases   ] GC(0) Y: Young Generation
[1,531s][debug  ][gc,reloc    ] Synchronize all workers 1 _nworkers: 0 _nsynchronized: 0
[1,531s][debug  ][gc,reloc    ] Synchronize all workers 1 _nworkers: 0 _nsynchronized: 0
[1,531s][debug  ][gc,phases,start] GC(0) Y: Pause Mark Start (Major)
[1,531s][debug  ][gc,marking     ] GC(0) Y: Using 1 mark stripes
[1,531s][debug  ][gc,marking     ] GC(0) Y: Mark Worker/Stripe Distribution
[1,531s][debug  ][gc,marking     ] GC(0) Y:   Worker 0(1) -> Stripe 0(1)
[1,531s][debug  ][gc,marking     ] GC(0) Y: Using 1 mark stripes
[1,531s][debug  ][gc,marking     ] GC(0) Y: Mark Worker/Stripe Distribution
[1,531s][debug  ][gc,marking     ] GC(0) Y:   Worker 0(1) -> Stripe 0(1)
[1,531s][info   ][gc,phases      ] GC(0) Y: Pause Mark Start (Major) 0,061ms
[1,531s][debug  ][gc,reloc       ] Desynchronize all workers _nworkers: 0 _nsynchronized: 0
[1,531s][debug  ][gc,reloc       ] Desynchronize all workers _nworkers: 0 _nsynchronized: 0
[1,531s][debug  ][gc,phases,start] GC(0) Y: Concurrent Mark
[1,531s][debug  ][gc,phases,start] GC(0) Y: Concurrent Mark Roots
[1,531s][debug  ][gc,marking     ] Resurrection broke termination
[1,531s][debug  ][gc,task        ] GC(0) Y: Executing ZMarkYoungRootsTask using ZWorkerYoung with 1 workers
[1,533s][debug  ][gc,nmethod     ] Register NMethod: java.net.URL.<init> (0x00007f376f23de10) [0x00007f376f23e0c0, 0x00007f376f23f598] Compiler: c2, Barriers: 33, Oops: 3, ImmediateOops: 0, NonImmediateOops: No
[1,533s][debug  ][gc,tlab        ] GC(0) Y: TLAB totals: thrds: 11  refills: 171 max: 161 slow allocs: 9 max 9 waste:  6,1% gc: 2345112B max: 261928B slow: 382368B max: 382368B
[1,533s][debug  ][gc,phases      ] GC(0) Y: Concurrent Mark Roots 2,472ms
[1,533s][debug  ][gc,phases,start] GC(0) Y: Concurrent Mark Follow
[1,533s][debug  ][gc,marking     ] GC(0) Y: Using 1 mark stripes
[1,533s][debug  ][gc,task        ] GC(0) Y: Executing ZRememberedScanMarkFollowTask using ZWorkerYoung with 1 workers
[1,535s][debug  ][gc,nmethod     ] Register NMethod: java.util.regex.Pattern$BmpCharPropertyGreedy.match (0x00007f376f240010) [0x00007f376f2401e0, 0x00007f376f240718] Compiler: c2, Barriers: 3, Oops: 1, ImmediateOops: 0, NonImmediateOops: No
[1,540s][debug  ][gc,remset      ] GC(0) Y: Remset forwarding retained: 0,000ms count: 0 ZWorkerYoung#1
[1,540s][debug  ][gc,remset      ] GC(0) Y: Remset forwarding released: 0,000ms count: 0 ZWorkerYoung#1
[1,540s][debug  ][gc,marking     ] GC(0) Y: Try terminate after resurrection
[1,540s][debug  ][gc,phases      ] GC(0) Y: Concurrent Mark Follow 6,832ms
[1,540s][info   ][gc,phases      ] GC(0) Y: Concurrent Mark 9,371ms
[1,540s][debug  ][gc,reloc       ] Synchronize all workers 1 _nworkers: 0 _nsynchronized: 0
[1,540s][debug  ][gc,reloc       ] Synchronize all workers 1 _nworkers: 0 _nsynchronized: 0
[1,540s][debug  ][gc,phases,start] GC(0) Y: Pause Mark End
[1,540s][info   ][gc,phases      ] GC(0) Y: Pause Mark End 0,016ms
[1,540s][debug  ][gc,reloc       ] Desynchronize all workers _nworkers: 0 _nsynchronized: 0
[1,540s][debug  ][gc,reloc       ] Desynchronize all workers _nworkers: 0 _nsynchronized: 0
[1,540s][debug  ][gc,phases,start] GC(0) Y: Concurrent Mark Free
[1,540s][info   ][gc,phases      ] GC(0) Y: Concurrent Mark Free 0,009ms
[1,540s][debug  ][gc,phases,start] GC(0) Y: Concurrent Reset Relocation Set
[1,540s][info   ][gc,phases      ] GC(0) Y: Concurrent Reset Relocation Set 0,007ms
[1,540s][debug  ][gc,phases,start] GC(0) Y: Concurrent Select Relocation Set
[1,543s][debug  ][gc,reloc       ] GC(0) Y: Relocation Set (Medium Pages): 0->0, 1 skipped, 0 forwarding entries
[1,543s][debug  ][gc,reloc       ] GC(0) Y: Relocation Set (Small Pages): 25->4, 1 skipped, 277376 forwarding entries
[1,543s][debug  ][gc,reloc       ] GC(0) Y: Allocated To Garbage: 2097152,0
[1,543s][debug  ][gc,reloc       ] GC(0) Y: Young Log Residency: 2,6
[1,543s][debug  ][gc,reloc       ] GC(0) Y: Life Decay Factor: 1,0
[1,543s][info   ][gc,reloc       ] GC(0) Y: Using tenuring threshold: 1 (Computed)
[1,543s][debug  ][gc,task        ] GC(0) Y: Executing ZRelocationSetInstallTask using ZWorkerYoung with 1 workers
[1,544s][debug  ][gc,task        ] GC(0) Y: Executing ZPromotePagesTask using ZWorkerYoung with 1 workers
[1,544s][debug  ][gc,task        ] GC(0) Y: Executing ZPromotePagesTask using ZWorkerYoung with 1 workers
[1,544s][debug  ][gc,nmethod     ] Register NMethod: java.lang.NamedPackage.<init> (0x00007f374fde0410) [0x00007f374fde06a0, 0x00007f374fde1180] Compiler: c1, Barriers: 8, Oops: 1, ImmediateOops: 2, NonImmediateOops: No
[1,544s][debug  ][gc,task        ] GC(0) Y: Executing ZPromotePagesTask using ZWorkerYoung with 1 workers
[1,545s][info   ][gc,phases      ] GC(0) Y: Concurrent Select Relocation Set 4,300ms
[1,545s][debug  ][gc,reloc       ] Synchronize all workers 1 _nworkers: 0 _nsynchronized: 0
[1,545s][debug  ][gc,reloc       ] Synchronize all workers 1 _nworkers: 0 _nsynchronized: 0
[1,545s][debug  ][gc,phases,start] GC(0) Y: Pause Relocate Start
[1,545s][debug  ][gc,reloc       ] GC(0) Y: Joining workers: 1
[1,545s][info   ][gc,phases      ] GC(0) Y: Pause Relocate Start 0,020ms
[1,545s][debug  ][gc,reloc       ] Desynchronize all workers _nworkers: 0 _nsynchronized: 0
[1,545s][debug  ][gc,reloc       ] Desynchronize all workers _nworkers: 1 _nsynchronized: 0
[1,545s][debug  ][gc,phases,start] GC(0) Y: Concurrent Relocate
[1,545s][debug  ][gc,task        ] GC(0) Y: Executing ZRelocateStoreBufferInstallBasePointersTask using ZWorkerYoung with 1 workers
[1,545s][debug  ][gc             ] JNI Critical Stall (Test worker) 0,209ms
[1,545s][debug  ][gc,task        ] GC(0) Y: Executing ZRelocateTask using ZWorkerYoung with 1 workers
[1,546s][debug  ][gc,nmethod     ] Register NMethod: java.lang.ref.SoftReference.get (0x00007f376f240a90) [0x00007f376f240c20, 0x00007f376f240d40] Compiler: c2, Barriers: 2, Oops: 0, ImmediateOops: 1, NonImmediateOops: No
[1,549s][debug  ][gc,reloc       ] GC(0) Y: Leaving workers: left: 0 _synchronize: 0 _nsynchronized: 0
[1,549s][debug  ][gc,phases,start] GC(0) Y: Concurrent Relocate Remset FP
[1,549s][debug  ][gc,task        ] GC(0) Y: Executing ZRelocateAddRemsetForFlipPromoted using ZWorkerYoung with 1 workers
[1,549s][debug  ][gc,phases      ] GC(0) Y: Concurrent Relocate Remset FP 0,137ms
[1,549s][info   ][gc,phases      ] GC(0) Y: Concurrent Relocate 3,943ms
[1,549s][debug  ][gc,heap        ] GC(0) Y: Heap after GC invocations=1 (full 1):
[1,549s][debug  ][gc,heap        ] GC(0) Y:  ZHeap           used 54M, capacity 5120M, max capacity 15360M
[1,549s][debug  ][gc,heap        ] GC(0) Y:  Metaspace       used 21912K, committed 22144K, reserved 1114112K
[1,549s][debug  ][gc,heap        ] GC(0) Y:   class space    used 2440K, committed 2560K, reserved 1048576K
[1,549s][info   ][gc,alloc       ] GC(0) Y:                         Mark Start        Mark End      Relocate Start    Relocate End   
[1,549s][info   ][gc,alloc       ] GC(0) Y: Allocation Stalls:          0                0                0                0         
[1,549s][info   ][gc,load        ] GC(0) Y: Load: 1,94 (10%) / 1,93 (10%) / 4,96 (25%)
[1,549s][info   ][gc,mmu         ] GC(0) Y: MMU: 2ms/96,9%, 5ms/98,8%, 10ms/99,2%, 20ms/99,5%, 50ms/99,8%, 100ms/99,9%
[1,549s][info   ][gc,marking     ] GC(0) Y: Mark: 1 stripe(s), 2 proactive flush(es), 1 terminate flush(es), 0 completion(s), 0 continuation(s) 
[1,549s][info   ][gc,marking     ] GC(0) Y: Mark Stack Usage: 32M
[1,549s][info   ][gc,nmethod     ] GC(0) Y: NMethods: 1899 registered, 0 unregistered
[1,549s][info   ][gc,metaspace   ] GC(0) Y: Metaspace: 21M used, 21M committed, 1088M reserved
[1,549s][info   ][gc,reloc       ] GC(0) Y:                        Candidates     Selected     In-Place         Size        Empty    Relocated 
[1,549s][info   ][gc,reloc       ] GC(0) Y: Small Pages:                   27           21            0          54M           0M           4M 
[1,549s][info   ][gc,reloc       ] GC(0) Y: Medium Pages:                   1            0            0          32M           0M           0M 
[1,549s][info   ][gc,reloc       ] GC(0) Y: Large Pages:                    0            0            0           0M           0M           0M 
[1,549s][info   ][gc,reloc       ] GC(0) Y: Forwarding Usage: 2M
[1,549s][info   ][gc,reloc       ] GC(0) Y: Age Table:
[1,549s][info   ][gc,reloc       ] GC(0) Y:                    Live             Garbage             Small              Medium             Large        
[1,549s][info   ][gc,reloc       ] GC(0) Y: Eden              12M (0%)           73M (0%)          27 / 21             1 / 0              0 / 0        
[1,549s][info   ][gc,heap        ] GC(0) Y: Min Capacity: 5120M(33%)
[1,549s][info   ][gc,heap        ] GC(0) Y: Max Capacity: 15360M(100%)
[1,549s][info   ][gc,heap        ] GC(0) Y: Soft Max Capacity: 15360M(100%)
[1,549s][info   ][gc,heap        ] GC(0) Y: Heap Statistics:
[1,549s][info   ][gc,heap        ] GC(0) Y:                Mark Start          Mark End        Relocate Start      Relocate End           High               Low         
[1,549s][info   ][gc,heap        ] GC(0) Y:  Capacity:     5120M (33%)        5120M (33%)        5120M (33%)        5120M (33%)        5120M (33%)        5120M (33%)    
[1,549s][info   ][gc,heap        ] GC(0) Y:      Free:    15274M (99%)       15272M (99%)       15272M (99%)       15306M (100%)      15308M (100%)      15268M (99%)    
[1,549s][info   ][gc,heap        ] GC(0) Y:      Used:       86M (1%)           88M (1%)           88M (1%)           54M (0%)           92M (1%)           52M (0%)     
[1,549s][info   ][gc,heap        ] GC(0) Y: Young Generation Statistics:
[1,549s][info   ][gc,heap        ] GC(0) Y:                Mark Start          Mark End        Relocate Start      Relocate End    
[1,549s][info   ][gc,heap        ] GC(0) Y:      Used:       86M (1%)           88M (1%)           88M (1%)           54M (0%)     
[1,549s][info   ][gc,heap        ] GC(0) Y:      Live:         -                12M (0%)           12M (0%)           12M (0%)     
[1,549s][info   ][gc,heap        ] GC(0) Y:   Garbage:         -                73M (0%)           73M (0%)           30M (0%)     
[1,549s][info   ][gc,heap        ] GC(0) Y: Allocated:         -                 2M (0%)            2M (0%)           11M (0%)     
[1,549s][info   ][gc,heap        ] GC(0) Y: Reclaimed:         -                  -                 0M (0%)           43M (0%)     
[1,549s][info   ][gc,heap        ] GC(0) Y:  Promoted:         -                  -                 0M (0%)            0M (0%)     
[1,549s][info   ][gc,heap        ] GC(0) Y: Compacted:         -                  -                  -                 6M (0%)     
[1,549s][info   ][gc,phases      ] GC(0) Y: Young Generation 86M(1%)->54M(0%) 0,018s
[1,549s][debug  ][gc,heap        ] GC(0) O: Heap before GC invocations=1 (full 1):
[1,549s][debug  ][gc,heap        ] GC(0) O:  ZHeap           used 54M, capacity 5120M, max capacity 15360M
[1,549s][debug  ][gc,heap        ] GC(0) O:  Metaspace       used 21932K, committed 22208K, reserved 1114112K
[1,549s][debug  ][gc,heap        ] GC(0) O:   class space    used 2441K, committed 2560K, reserved 1048576K
[1,549s][info   ][gc,phases      ] GC(0) O: Old Generation
[1,549s][debug  ][gc,phases,start] GC(0) O: Concurrent Mark
[1,549s][debug  ][gc,phases,start] GC(0) O: Concurrent Mark Roots
[1,549s][debug  ][gc,task        ] GC(0) O: Executing ZMarkOldRootsTask using ZWorkerOld with 1 workers
[1,550s][debug  ][gc,tlab        ] GC(0) O: TLAB totals: thrds: 1  refills: 7 max: 7 slow allocs: 0 max 0 waste:  2,5% gc: 22272B max: 22272B slow: 23752B max: 23752B
[1,550s][debug  ][gc,phases      ] GC(0) O: Concurrent Mark Roots 0,936ms
[1,550s][debug  ][gc,phases,start] GC(0) O: Concurrent Mark Follow
[1,550s][debug  ][gc,marking     ] GC(0) O: Using 1 mark stripes
[1,550s][debug  ][gc,task        ] GC(0) O: Executing ZMarkTask using ZWorkerOld with 1 workers
[1,550s][debug  ][gc,phases      ] GC(0) O: Concurrent Mark Follow 0,486ms
[1,550s][info   ][gc,phases      ] GC(0) O: Concurrent Mark 1,436ms
[1,551s][debug  ][gc,reloc       ] Synchronize all workers 1 _nworkers: 0 _nsynchronized: 0
[1,551s][debug  ][gc,reloc       ] Synchronize all workers 1 _nworkers: 0 _nsynchronized: 0
[1,551s][debug  ][gc,phases,start] GC(0) O: Pause Mark End
[1,551s][info   ][gc,phases      ] GC(0) O: Pause Mark End 0,016ms
[1,551s][debug  ][gc,reloc       ] Desynchronize all workers _nworkers: 0 _nsynchronized: 0
[1,551s][debug  ][gc,reloc       ] Desynchronize all workers _nworkers: 0 _nsynchronized: 0
[1,551s][debug  ][gc,phases,start] GC(0) O: Concurrent Mark Free
[1,551s][debug  ][gc,marking     ] GC(0) O: Shrinking mark stack space: 32M->0M
[1,551s][info   ][gc,phases      ] GC(0) O: Concurrent Mark Free 0,015ms
[1,551s][debug  ][gc,phases,start] GC(0) O: Concurrent Process Non-Strong
[1,551s][debug  ][gc,phases,start] GC(0) O: Concurrent References Process
[1,551s][debug  ][gc,task        ] GC(0) O: Executing ZReferenceProcessorTask using ZWorkerOld with 1 workers
[1,551s][debug  ][gc,phases      ] GC(0) O: Concurrent References Process 0,019ms
[1,551s][debug  ][gc,task        ] GC(0) O: Executing ZProcessWeakRootsTask using ZWorkerOld with 1 workers
[1,551s][debug  ][gc,phases,start] GC(0) O: Concurrent Classes Unlink
[1,551s][debug  ][gc,phases,start] GC(0) O: ClassLoaderData
[1,551s][debug  ][gc,phases      ] GC(0) O: ClassLoaderData 0,011ms
[1,551s][debug  ][gc,phases,start] GC(0) O: Trigger cleanups
[1,551s][debug  ][gc,phases      ] GC(0) O: Trigger cleanups 0,004ms
[1,551s][debug  ][gc,task        ] GC(0) O: Executing ZNMethodUnlinkTask using ZWorkerOld with 1 workers
[1,551s][debug  ][gc,nmethod     ] GC(0) O: Unregister NMethod: jdk.internal.org.objectweb.asm.Symbol.<init> (0x00007f374fa30b90) [0x00007f374fa30d40, 0x00007f374fa31018] 
[1,551s][debug  ][gc,nmethod     ] GC(0) O: Unregister NMethod: java.util.concurrent.locks.ReentrantLock$Sync.tryRelease (0x00007f376f1d3510) [0x00007f376f1d36c0, 0x00007f376f1d3918] 
[1,551s][debug  ][gc,nmethod     ] GC(0) O: Unregister NMethod: java.lang.String.startsWith (0x00007f376f20a510) [0x00007f376f20a6c0, 0x00007f376f20aa08] 
[1,551s][debug  ][gc,nmethod     ] GC(0) O: Unregister NMethod: java.lang.CharacterDataLatin1.toUpperCaseEx (0x00007f374faf3e10) [0x00007f374faf3fc0, 0x00007f374faf4270] 
[1,552s][debug  ][gc,nmethod     ] GC(0) O: Unregister NMethod: java.util.zip.ZipFile.ensureOpen (0x00007f374fa80e90) [0x00007f374fa81060, 0x00007f374fa81348] 
[1,552s][debug  ][gc,nmethod     ] GC(0) O: Unregister NMethod: java.util.concurrent.locks.AbstractQueuedSynchronizer.signalNext (0x00007f376f1d3a10) [0x00007f376f1d3b80, 0x00007f376f1d3c00] 
[1,552s][debug  ][gc,nmethod     ] Register NMethod: jdk.internal.loader.URLClassPath.getResource (0x00007f376f240e10) [0x00007f376f2411c0, 0x00007f376f243598] Compiler: c2, Barriers: 33, Oops: 4, ImmediateOops: 44, NonImmediateOops: No
[1,552s][debug  ][gc,nmethod     ] GC(0) O: Unregister NMethod: java.nio.DirectLongBufferU.ix (0x00007f374fa90410) [0x00007f374fa905a0, 0x00007f374fa906b8] 
[1,552s][debug  ][gc,nmethod     ] GC(0) O: Unregister NMethod: sun.reflect.generics.parser.SignatureParser.current (0x00007f374fbf6390) [0x00007f374fbf65a0, 0x00007f374fbf6ce0] 
[1,552s][debug  ][gc,nmethod     ] GC(0) O: Unregister NMethod: java.io.BufferedInputStream.getBufIfOpen (0x00007f374fa57010) [0x00007f374fa571e0, 0x00007f374fa57628] 
[1,552s][debug  ][gc,nmethod     ] GC(0) O: Unregister NMethod: java.util.HashMap.afterNodeInsertion (0x00007f374fa38310) [0x00007f374fa384a0, 0x00007f374fa385a0] 
[1,552s][debug  ][gc,nmethod     ] GC(0) O: Unregister NMethod: java.lang.AbstractStringBuilder.append (0x00007f374fa4ce90) [0x00007f374fa4d0a0, 0x00007f374fa4d630] 
[1,552s][debug  ][gc,nmethod     ] GC(0) O: Unregister NMethod: java.util.HashMap.resize (0x00007f376f1d1590) [0x00007f376f1d17c0, 0x00007f376f1d2610] 
[1,552s][debug  ][gc,nmethod     ] GC(0) O: Unregister NMethod: java.util.jar.JarFile.getEntry (0x00007f374fc29a90) [0x00007f374fc29c80, 0x00007f374fc2a0f8] 
[1,552s][debug  ][gc,nmethod     ] GC(0) O: Unregister NMethod: sun.net.www.ParseUtil.firstEncodeIndex (0x00007f376f206710) [0x00007f376f2068c0, 0x00007f376f206bd8] 
[1,552s][debug  ][gc,nmethod     ] GC(0) O: Unregister NMethod: java.lang.String.<init> (0x00007f374fbd3a10) [0x00007f374fbd3e20, 0x00007f374fbd5908] 
[1,552s][debug  ][gc,nmethod     ] GC(0) O: Unregister NMethod: jdk.internal.loader.Resource.getBytes (0x00007f374fc38310) [0x00007f374fc38660, 0x00007f374fc39fb8] 
[1,552s][debug  ][gc,nmethod     ] GC(0) O: Unregister NMethod: java.lang.String.isLatin1 (0x00007f374fa1ac90) [0x00007f374fa1ae20, 0x00007f374fa1af90] 
[1,552s][debug  ][gc,nmethod     ] GC(0) O: Unregister NMethod: java.lang.StringLatin1.indexOf (0x00007f376f1dab90) [0x00007f376f1dad20, 0x00007f376f1db258] 
[1,552s][debug  ][gc,nmethod     ] GC(0) O: Unregister NMethod: java.util.concurrent.locks.AbstractQueuedSynchronizer.signalNext (0x00007f374fd85110) [0x00007f374fd85300, 0x00007f374fd857f0] 
[1,552s][debug  ][gc,nmethod     ] GC(0) O: Unregister NMethod: java.util.HashMap.getNode (0x00007f374fa37190) [0x00007f374fa373e0, 0x00007f374fa38008] 
[1,552s][debug  ][gc,nmethod     ] GC(0) O: Unregister NMethod: java.util.stream.ReduceOps$ReduceOp.evaluateSequential (0x00007f374fcfa890) [0x00007f374fcfaa60, 0x00007f374fcfaec8] 
[1,552s][debug  ][gc,nmethod     ] GC(0) O: Unregister NMethod: java.lang.String.startsWith (0x00007f374fa1da90) [0x00007f374fa1dce0, 0x00007f374fa1e560] 
[1,552s][debug  ][gc,nmethod     ] GC(0) O: Unregister NMethod: java.lang.String.regionMatches (0x00007f374fa96e10) [0x00007f374fa97060, 0x00007f374fa97898] 
[1,552s][debug  ][gc,nmethod     ] GC(0) O: Unregister NMethod: java.lang.StringCoding.countPositives (0x00007f376f1c7210) [0x00007f376f1c73a0, 0x00007f376f1c7540] 
[1,552s][debug  ][gc,nmethod     ] GC(0) O: Unregister NMethod: java.lang.String.hashCode (0x00007f376f1b9010) [0x00007f376f1b91c0, 0x00007f376f1b94f8] 
[1,552s][debug  ][gc,nmethod     ] GC(0) O: Unregister NMethod: jdk.internal.misc.Unsafe.allocateUninitializedArray0 (0x00007f374fa66690) [0x00007f374fa668a0, 0x00007f374fa67150] 
[1,552s][debug  ][gc,nmethod     ] GC(0) O: Unregister NMethod: java.util.zip.ZipFile$Source.isMetaName (0x00007f376f1d7210) [0x00007f376f1d73c0, 0x00007f376f1d7620] 
[1,552s][debug  ][gc,nmethod     ] GC(0) O: Unregister NMethod: java.lang.StringBuilder.append (0x00007f374fa54d90) [0x00007f374fa54f40, 0x00007f374fa55088] 
[1,552s][debug  ][gc,nmethod     ] GC(0) O: Unregister NMethod: java.lang.String.startsWith (0x00007f374fd91010) [0x00007f374fd91240, 0x00007f374fd91a60] 
[1,552s][debug  ][gc,nmethod     ] GC(0) O: Unregister NMethod: java.util.LinkedHashMap.get (0x00007f374fa9c990) [0x00007f374fa9cb60, 0x00007f374fa9cdd8] 
[1,552s][debug  ][gc,nmethod     ] GC(0) O: Unregister NMethod: java.util.concurrent.ConcurrentHashMap.setTabAt (0x00007f374fa6b810) [0x00007f374fa6b9c0, 0x00007f374fa6bbb0] 
[1,552s][debug  ][gc,nmethod     ] GC(0) O: Unregister NMethod: jdk.internal.org.objectweb.asm.ByteVector.putByte (0x00007f374fa65a90) [0x00007f374fa65c40, 0x00007f374fa65e80] 
[1,552s][debug  ][gc,nmethod     ] GC(0) O: Unregister NMethod: java.util.ImmutableCollections$SetN$SetNIterator.next (0x00007f374fa24d90) [0x00007f374fa24f60, 0x00007f374fa252e8] 
[1,552s][debug  ][gc,nmethod     ] GC(0) O: Unregister NMethod: java.nio.DirectIntBufferU.ix (0x00007f374fbe4690) [0x00007f374fbe4820, 0x00007f374fbe4938] 
[1,552s][debug  ][gc,nmethod     ] GC(0) O: Unregister NMethod: java.lang.String.toString (0x00007f374fa7fa90) [0x00007f374fa7fc20, 0x00007f374fa7fd28] 
[1,552s][debug  ][gc,nmethod     ] GC(0) O: Unregister NMethod: jdk.internal.util.ArraysSupport.vectorizedHashCode (0x00007f376f1c8210) [0x00007f376f1c83a0, 0x00007f376f1c85e0] 
[1,552s][debug  ][gc,nmethod     ] GC(0) O: Unregister NMethod: java.lang.String.replace (0x00007f374fa6ae10) [0x00007f374fa6afe0, 0x00007f374fa6b368] 
[1,552s][debug  ][gc,nmethod     ] GC(0) O: Unregister NMethod: java.lang.String.coder (0x00007f374fa1a490) [0x00007f374fa1a620, 0x00007f374fa1a750] 
[1,552s][debug  ][gc,nmethod     ] GC(0) O: Unregister NMethod: jdk.internal.loader.URLClassPath$JarLoader.ensureOpen (0x00007f374fab8090) [0x00007f374fab8280, 0x00007f374fab8718] 
[1,552s][debug  ][gc,nmethod     ] GC(0) O: Unregister NMethod: java.lang.CharacterDataLatin1.isWhitespace (0x00007f374fc8ef10) [0x00007f374fc8f0c0, 0x00007f374fc8f2c8] 
[1,552s][debug  ][gc,nmethod     ] GC(0) O: Unregister NMethod: java.util.concurrent.ConcurrentHashMap.get (0x00007f374fa2de90) [0x00007f374fa2e100, 0x00007f374fa2eca0] 
[1,552s][debug  ][gc,nmethod     ] GC(0) O: Unregister NMethod: java.net.URLClassLoader.defineClass (0x00007f374fbe0110) [0x00007f374fbe0660, 0x00007f374fbe2a30] 
[1,552s][debug  ][gc,nmethod     ] GC(0) O: Unregister NMethod: java.util.HashMap.putVal (0x00007f374fa39410) [0x00007f374fa39700, 0x00007f374fa3a990] 
[1,552s][debug  ][gc,nmethod     ] GC(0) O: Unregister NMethod: jdk.internal.util.ArraysSupport.signedHashCode (0x00007f374fa10990) [0x00007f374fa10b40, 0x00007f374fa10d08] 
[1,552s][debug  ][gc,nmethod     ] GC(0) O: Unregister NMethod: java.util.HashMap.newNode (0x00007f374fa34c90) [0x00007f374fa34e40, 0x00007f374fa351c0] 
[1,552s][debug  ][gc,nmethod     ] GC(0) O: Unregister NMethod: java.util.regex.Matcher.search (0x00007f376f1f4b90) [0x00007f376f1f4dc0, 0x00007f376f1f5850] 
[1,552s][debug  ][gc,nmethod     ] GC(0) O: Unregister NMethod: java.lang.Integer.rotateLeft (0x00007f374fafff90) [0x00007f374fb00120, 0x00007f374fb00218] 
[1,552s][debug  ][gc,nmethod     ] GC(0) O: Unregister NMethod: java.util.regex.Matcher.search (0x00007f374fb88210) [0x00007f374fb88400, 0x00007f374fb88a78] 
[1,552s][debug  ][gc,nmethod     ] GC(0) O: Unregister NMethod: java.util.concurrent.ConcurrentHashMap.tabAt (0x00007f374fa25490) [0x00007f374fa25640, 0x00007f374fa25900] 
[1,552s][debug  ][gc,nmethod     ] GC(0) O: Unregister NMethod: java.lang.String.indexOf (0x00007f374fa21210) [0x00007f374fa213c0, 0x00007f374fa21500] 
[1,552s][debug  ][gc,nmethod     ] GC(0) O: Unregister NMethod: java.lang.invoke.MethodType.hashCode (0x00007f374fa2a310) [0x00007f374fa2a4e0, 0x00007f374fa2a8d8] 
[1,552s][debug  ][gc,nmethod     ] GC(0) O: Unregister NMethod: java.util.HashMap.getNode (0x00007f376f1d7e10) [0x00007f376f1d7fe0, 0x00007f376f1d8498] 
[1,552s][debug  ][gc,nmethod     ] GC(0) O: Unregister NMethod: java.lang.String.<init> (0x00007f374fad4a90) [0x00007f374fad53c0, 0x00007f374fada608] 
[1,552s][debug  ][gc,nmethod     ] GC(0) O: Unregister NMethod: java.util.concurrent.locks.ReentrantLock$Sync.tryRelease (0x00007f374fa5b710) [0x00007f374fa5b900, 0x00007f374fa5bd38] 
[1,552s][debug  ][gc,nmethod     ] GC(0) O: Unregister NMethod: java.net.URLClassLoader$1.run (0x00007f374fbdde10) [0x00007f374fbde1e0, 0x00007f374fbdf858] 
[1,552s][debug  ][gc,nmethod     ] GC(0) O: Unregister NMethod: java.util.ImmutableCollections$SetN.probe (0x00007f374fa12410) [0x00007f374fa12600, 0x00007f374fa12bd8] 
[1,552s][debug  ][gc,nmethod     ] GC(0) O: Unregister NMethod: java.util.jar.JarFile.ensureInitialization (0x00007f374fc16810) [0x00007f374fc16a60, 0x00007f374fc172a8] 
[1,552s][debug  ][gc,nmethod     ] GC(0) O: Unregister NMethod: jdk.internal.util.ArraysSupport.mismatch (0x00007f376f200f10) [0x00007f376f2010a0, 0x00007f376f201330] 
[1,552s][debug  ][gc,nmethod     ] GC(0) O: Unregister NMethod: java.util.jar.JarFile.getManifest (0x00007f374fb57c10) [0x00007f374fb57dc0, 0x00007f374fb57ef8] 
[1,552s][debug  ][gc,nmethod     ] GC(0) O: Unregister NMethod: java.util.Optional.empty (0x00007f374fc23910) [0x00007f374fc23aa0, 0x00007f374fc23b90] 
[1,552s][debug  ][gc,nmethod     ] GC(0) O: Unregister NMethod: jdk.internal.misc.InternalLock.lock (0x00007f374fa57710) [0x00007f374fa57900, 0x00007f374fa57d28] 
[1,552s][debug  ][gc,nmethod     ] GC(0) O: Unregister NMethod: worker.org.gradle.internal.stream.EncodedStream$EncodedInput.hexToByte (0x00007f374fa58c10) [0x00007f374fa58e40, 0x00007f374fa59490] 
[1,552s][debug  ][gc,nmethod     ] GC(0) O: Unregister NMethod: jdk.internal.loader.Resource.getBytes (0x00007f374fc0a790) [0x00007f374fc0aae0, 0x00007f374fc0c3d8] 
[1,552s][debug  ][gc,nmethod     ] GC(0) O: Unregister NMethod: java.nio.Buffer.session (0x00007f374fa88910) [0x00007f374fa88ae0, 0x00007f374fa88dc8] 
[1,552s][debug  ][gc,nmethod     ] GC(0) O: Unregister NMethod: jdk.internal.misc.InternalLock.unlock (0x00007f376f1ef290) [0x00007f376f1ef440, 0x00007f376f1ef770] 
[1,552s][debug  ][gc,nmethod     ] GC(0) O: Unregister NMethod: java.lang.Math.min (0x00007f374fa1d390) [0x00007f374fa1d520, 0x00007f374fa1d650] 
[1,552s][debug  ][gc,nmethod     ] GC(0) O: Unregister NMethod: java.lang.StringBuilder.toString (0x00007f374fa61990) [0x00007f374fa61b40, 0x00007f374fa61d48] 
[1,552s][debug  ][gc,nmethod     ] GC(0) O: Unregister NMethod: java.lang.String.indexOf (0x00007f374fac1510) [0x00007f374fac1740, 0x00007f374fac1d38] 
[1,552s][debug  ][gc,nmethod     ] GC(0) O: Unregister NMethod: java.util.concurrent.locks.ReentrantLock$NonfairSync.initialTryLock (0x00007f376f1c3590) [0x00007f376f1c3720, 0x00007f376f1c38c8] 
[1,552s][debug  ][gc,nmethod     ] GC(0) O: Unregister NMethod: java.lang.StringLatin1.lastIndexOf (0x00007f374fa21c90) [0x00007f374fa21e60, 0x00007f374fa22240] 
[1,552s][debug  ][gc,nmethod     ] GC(0) O: Unregister NMethod: jdk.internal.misc.Unsafe.putReferenceRelease (0x00007f374fa6b490) [0x00007f374fa6b620, 0x00007f374fa6b7a0] 
[1,552s][debug  ][gc,nmethod     ] GC(0) O: Unregister NMethod: java.lang.StringBuilder.length (0x00007f374fa60c90) [0x00007f374fa60e20, 0x00007f374fa60f38] 
[1,552s][debug  ][gc,nmethod     ] GC(0) O: Unregister NMethod: java.util.zip.ZipFile$Source.checkAndAddEntry (0x00007f374fa72010) [0x00007f374fa72400, 0x00007f374fa73d18] 
[1,552s][debug  ][gc,nmethod     ] GC(0) O: Unregister NMethod: jdk.internal.org.objectweb.asm.SymbolTable$Entry.<init> (0x00007f374fa33b90) [0x00007f374fa33d40, 0x00007f374fa33ec0] 
[1,552s][debug  ][gc,nmethod     ] GC(0) O: Unregister NMethod: java.lang.AbstractStringBuilder.<init> (0x00007f374fa61490) [0x00007f374fa61640, 0x00007f374fa618d0] 
[1,552s][debug  ][gc,nmethod     ] GC(0) O: Unregister NMethod: java.util.HashMap.put (0x00007f374fa38610) [0x00007f374fa387e0, 0x00007f374fa38ad8] 
[1,553s][debug  ][gc,nmethod     ] GC(0) O: Unregister NMethod: java.util.zip.ZipUtils.LG (0x00007f374fa6cb90) [0x00007f374fa6cd40, 0x00007f374fa6cfa0] 
[1,553s][debug  ][gc,nmethod     ] GC(0) O: Unregister NMethod: java.util.ArrayList.get (0x00007f374fa7c690) [0x00007f374fa7c840, 0x00007f374fa7caf0] 
[1,553s][debug  ][gc,nmethod     ] GC(0) O: Unregister NMethod: java.lang.String.hashCode (0x00007f374fa10310) [0x00007f374fa104e0, 0x00007f374fa10890] 
[1,553s][debug  ][gc,nmethod     ] GC(0) O: Unregister NMethod: java.io.BufferedReader.read (0x00007f374fd83990) [0x00007f374fd83c60, 0x00007f374fd84c20] 
[1,553s][debug  ][gc,nmethod     ] GC(0) O: Unregister NMethod: java.io.BufferedInputStream.read (0x00007f376f1d4790) [0x00007f376f1d49c0, 0x00007f376f1d5230] 
[1,553s][debug  ][gc,nmethod     ] GC(0) O: Unregister NMethod: java.util.concurrent.locks.AbstractQueuedSynchronizer.compareAndSetState (0x00007f374fa56510) [0x00007f374fa566a0, 0x00007f374fa567c0] 
[1,553s][debug  ][gc,nmethod     ] GC(0) O: Unregister NMethod: java.util.Collections.emptyList (0x00007f374fb8cd90) [0x00007f374fb8cf20, 0x00007f374fb8d010] 
[1,553s][debug  ][gc,nmethod     ] GC(0) O: Unregister NMethod: java.lang.String.<init> (0x00007f374fa28210) [0x00007f374fa283c0, 0x00007f374fa28598] 
[1,553s][debug  ][gc,nmethod     ] GC(0) O: Unregister NMethod: java.lang.String.equals (0x00007f374fa13c90) [0x00007f374fa13e60, 0x00007f374fa142f8] 
[1,553s][debug  ][gc,nmethod     ] GC(0) O: Unregister NMethod: java.util.zip.ZipFile$Source.isMetaName (0x00007f376f1d9b10) [0x00007f376f1d9cc0, 0x00007f376f1d9f08] 
[1,553s][debug  ][gc,nmethod     ] GC(0) O: Unregister NMethod: java.lang.String.indexOf (0x00007f374fa20910) [0x00007f374fa20b00, 0x00007f374fa21008] 
[1,553s][debug  ][gc,nmethod     ] GC(0) O: Unregister NMethod: java.util.HashMap.getNode (0x00007f376f202e90) [0x00007f376f203060, 0x00007f376f2034e8] 
[1,553s][debug  ][gc,nmethod     ] GC(0) O: Unregister NMethod: java.util.jar.JarFile.isMultiRelease (0x00007f374fa85590) [0x00007f374fa85740, 0x00007f374fa85948] 
[1,553s][debug  ][gc,nmethod     ] GC(0) O: Unregister NMethod: java.util.Objects.requireNonNull (0x00007f374fa15e10) [0x00007f374fa15fc0, 0x00007f374fa161a8] 
[1,553s][debug  ][gc,nmethod     ] GC(0) O: Unregister NMethod: java.util.jar.JavaUtilJarAccessImpl.entryFor (0x00007f374fb2b290) [0x00007f374fb2b460, 0x00007f374fb2b858] 
[1,553s][debug  ][gc,nmethod     ] GC(0) O: Unregister NMethod: java.util.jar.JarFile.checkForSpecialAttributes (0x00007f374fa83a10) [0x00007f374fa83d20, 0x00007f374fa84de8] 
[1,553s][debug  ][gc,nmethod     ] GC(0) O: Unregister NMethod: java.util.jar.JarFile.getJarEntry (0x00007f374fa8cd90) [0x00007f374fa8cf80, 0x00007f374fa8d418] 
[1,553s][debug  ][gc,nmethod     ] GC(0) O: Unregister NMethod: java.util.jar.Manifest$FastInputStream.readLine (0x00007f374fac2310) [0x00007f374fac2540, 0x00007f374fac2e30] 
[1,553s][debug  ][gc,nmethod     ] GC(0) O: Unregister NMethod: java.lang.StringBuilder.append (0x00007f374fa4c010) [0x00007f374fa4c1c0, 0x00007f374fa4c308] 
[1,553s][debug  ][gc,nmethod     ] GC(0) O: Unregister NMethod: java.util.HashMap.putVal (0x00007f374fa35890) [0x00007f374fa35b60, 0x00007f374fa36c70] 
[1,553s][debug  ][gc,nmethod     ] GC(0) O: Unregister NMethod: sun.nio.fs.UnixPath.checkNotNul (0x00007f374fa74c10) [0x00007f374fa74dc0, 0x00007f374fa74f70] 
[1,553s][debug  ][gc,nmethod     ] GC(0) O: Unregister NMethod: java.util.zip.ZipUtils.SH (0x00007f374fa51210) [0x00007f374fa513a0, 0x00007f374fa514e0] 
[1,553s][debug  ][gc,nmethod     ] GC(0) O: Unregister NMethod: jdk.internal.util.ArraysSupport.mismatch (0x00007f374fa1fd90) [0x00007f374fa1ff60, 0x00007f374fa20380] 
[1,553s][debug  ][gc,nmethod     ] GC(0) O: Unregister NMethod: jdk.internal.org.objectweb.asm.SymbolTable.get (0x00007f374fa2b810) [0x00007f374fa2b9c0, 0x00007f374fa2bb70] 
[1,553s][debug  ][gc,nmethod     ] GC(0) O: Unregister NMethod: jdk.internal.reflect.ByteVectorImpl.getLength (0x00007f374fb0bb90) [0x00007f374fb0bd20, 0x00007f374fb0be28] 
[1,553s][debug  ][gc,nmethod     ] GC(0) O: Unregister NMethod: jdk.internal.loader.Resource.cachedInputStream (0x00007f374fc30a90) [0x00007f374fc30c60, 0x00007f374fc31100] 
[1,553s][debug  ][gc,nmethod     ] GC(0) O: Unregister NMethod: java.lang.Object.<init> (0x00007f374fa10010) [0x00007f374fa101a0, 0x00007f374fa102a0] 
[1,553s][debug  ][gc,nmethod     ] GC(0) O: Unregister NMethod: java.lang.String.startsWith (0x00007f376f201510) [0x00007f376f2016c0, 0x00007f376f201a78] 
[1,553s][debug  ][gc,nmethod     ] GC(0) O: Unregister NMethod: java.lang.String.length (0x00007f374fa1a810) [0x00007f374fa1a9c0, 0x00007f374fa1ab88] 
[1,553s][debug  ][gc,nmethod     ] GC(0) O: Unregister NMethod: jdk.internal.loader.URLClassPath$JarLoader.getResource (0x00007f374fc29110) [0x00007f374fc29320, 0x00007f374fc298c8] 
[1,553s][debug  ][gc,nmethod     ] GC(0) O: Unregister NMethod: java.io.BufferedInputStream.read (0x00007f374fa5a110) [0x00007f374fa5a3e0, 0x00007f374fa5b260] 
[1,553s][debug  ][gc,nmethod     ] GC(0) O: Unregister NMethod: java.util.regex.Pattern$BmpCharPropertyGreedy.match (0x00007f376f1f0c90) [0x00007f376f1f0e60, 0x00007f376f1f1240] 
[1,553s][debug  ][gc,nmethod     ] GC(0) O: Unregister NMethod: sun.reflect.generics.parser.SignatureParser.advance (0x00007f374fbf6f90) [0x00007f374fbf7140, 0x00007f374fbf73f0] 
[1,553s][debug  ][gc,nmethod     ] GC(0) O: Unregister NMethod: java.lang.StringLatin1.hashCode (0x00007f374fa13790) [0x00007f374fa13940, 0x00007f374fa13b70] 
[1,553s][debug  ][gc,nmethod     ] GC(0) O: Unregister NMethod: java.util.HashMap.putVal (0x00007f376f1c0710) [0x00007f376f1c0980, 0x00007f376f1c1348] 
[1,553s][debug  ][gc,nmethod     ] GC(0) O: Unregister NMethod: jdk.internal.misc.InternalLock.unlock (0x00007f374fa58490) [0x00007f374fa58660, 0x00007f374fa58a98] 
[1,553s][debug  ][gc,nmethod     ] GC(0) O: Unregister NMethod: jdk.internal.org.objectweb.asm.ByteVector.putShort (0x00007f374fa2ef90) [0x00007f374fa2f140, 0x00007f374fa2f3a0] 
[1,553s][debug  ][gc,nmethod     ] GC(0) O: Unregister NMethod: java.util.WeakHashMap.getTable (0x00007f374fa93390) [0x00007f374fa93540, 0x00007f374fa936b8] 
[1,553s][debug  ][gc,nmethod     ] GC(0) O: Unregister NMethod: java.util.Objects.equals (0x00007f374fa15910) [0x00007f374fa15ac0, 0x00007f374fa15d18] 
[1,553s][debug  ][gc,nmethod     ] GC(0) O: Unregister NMethod: java.lang.String.charAt (0x00007f374fa1be90) [0x00007f374fa1c060, 0x00007f374fa1c450] 
[1,553s][debug  ][gc,nmethod     ] GC(0) O: Unregister NMethod: jdk.internal.reflect.ClassFileAssembler.emitByte (0x00007f374faeab90) [0x00007f374faead40, 0x00007f374faeaee8] 
[1,553s][debug  ][gc,nmethod     ] GC(0) O: Unregister NMethod: java.lang.CharacterDataLatin1.equalsIgnoreCase (0x00007f374fa95790) [0x00007f374fa95940, 0x00007f374fa95c28] 
[1,553s][debug  ][gc,nmethod     ] GC(0) O: Unregister NMethod: java.util.zip.ZipFile$Source.isMetaName (0x00007f374facae90) [0x00007f374facb060, 0x00007f374facb530] 
[1,553s][debug  ][gc,nmethod     ] GC(0) O: Unregister NMethod: java.util.concurrent.locks.ReentrantLock.lock (0x00007f374fa55a10) [0x00007f374fa55be0, 0x00007f374fa55ef8] 
[1,553s][debug  ][gc,nmethod     ] GC(0) O: Unregister NMethod: java.io.BufferedInputStream.getBufIfOpen (0x00007f376f1c3990) [0x00007f376f1c3b20, 0x00007f376f1c3c40] 
[1,553s][debug  ][gc,nmethod     ] GC(0) O: Unregister NMethod: java.lang.CharacterDataLatin1.getProperties (0x00007f374faf3a90) [0x00007f374faf3c20, 0x00007f374faf3d58] 
[1,553s][debug  ][gc,nmethod     ] GC(0) O: Unregister NMethod: java.util.jar.JarFile$JarFileEntry.getCodeSigners (0x00007f374fc14490) [0x00007f374fc146e0, 0x00007f374fc15040] 
[1,553s][debug  ][gc,nmethod     ] GC(0) O: Unregister NMethod: java.util.stream.AbstractPipeline.isParallel (0x00007f374fc57490) [0x00007f374fc57620, 0x00007f374fc57760] 
[1,553s][debug  ][gc,nmethod     ] GC(0) O: Unregister NMethod: jdk.internal.org.objectweb.asm.SymbolTable.put (0x00007f374fa31110) [0x00007f374fa31320, 0x00007f374fa31cd0] 
[1,553s][debug  ][gc,nmethod     ] GC(0) O: Unregister NMethod: jdk.internal.loader.Resource.cachedInputStream (0x00007f374fb4ca10) [0x00007f374fb4cbe0, 0x00007f374fb4d030] 
[1,553s][debug  ][gc,nmethod     ] GC(0) O: Unregister NMethod: java.lang.StringLatin1.indexOf (0x00007f374fa1eb90) [0x00007f374fa1ed80, 0x00007f374fa1f298] 
[1,553s][debug  ][gc,nmethod     ] GC(0) O: Unregister NMethod: java.lang.StringConcatHelper.prepend (0x00007f374fa83390) [0x00007f374fa83560, 0x00007f374fa83858] 
[1,553s][debug  ][gc,nmethod     ] GC(0) O: Unregister NMethod: java.lang.String.isLatin1 (0x00007f376f1c3d10) [0x00007f376f1c3e80, 0x00007f376f1c3f20] 
[1,553s][debug  ][gc,nmethod     ] GC(0) O: Unregister NMethod: java.util.HashMap.get (0x00007f376f21dc90) [0x00007f376f21de80, 0x00007f376f21e350] 
[1,553s][debug  ][gc,nmethod     ] GC(0) O: Unregister NMethod: jdk.internal.loader.URLClassPath$JarLoader.findResource (0x00007f374fbe6a90) [0x00007f374fbe6c40, 0x00007f374fbe6e40] 
[1,553s][debug  ][gc,nmethod     ] GC(0) O: Unregister NMethod: java.lang.invoke.MemberName.getReferenceKind (0x00007f374fa75a90) [0x00007f374fa75c20, 0x00007f374fa75d30] 
[1,553s][debug  ][gc,nmethod     ] GC(0) O: Unregister NMethod: java.util.HashMap.put (0x00007f376f1f9e10) [0x00007f376f1fa0a0, 0x00007f376f1fad88] 
[1,553s][debug  ][gc,nmethod     ] GC(0) O: Unregister NMethod: java.util.jar.JarFile.maybeInstantiateVerifier (0x00007f374fa9cf10) [0x00007f374fa9d100, 0x00007f374fa9d490] 
[1,553s][debug  ][gc,nmethod     ] GC(0) O: Unregister NMethod: jdk.internal.loader.URLClassPath$JarLoader.ensureOpen (0x00007f374fa85a10) [0x00007f374fa85c00, 0x00007f374fa86098] 
[1,553s][debug  ][gc,nmethod     ] GC(0) O: Unregister NMethod: jdk.internal.loader.URLClassPath$JarLoader.checkResource (0x00007f374fbecb90) [0x00007f374fbecde0, 0x00007f374fbed788] 
[1,553s][debug  ][gc,nmethod     ] GC(0) O: Unregister NMethod: java.util.concurrent.locks.AbstractQueuedSynchronizer.compareAndSetState (0x00007f376f1c2f90) [0x00007f376f1c3100, 0x00007f376f1c3188] 
[1,553s][debug  ][gc,nmethod     ] GC(0) O: Unregister NMethod: java.util.concurrent.ConcurrentHashMap.addCount (0x00007f374fa26090) [0x00007f374fa262e0, 0x00007f374fa26cb8] 
[1,553s][debug  ][gc,nmethod     ] GC(0) O: Unregister NMethod: java.util.ImmutableCollections$SetN.isEmpty (0x00007f374fa3f490) [0x00007f374fa3f620, 0x00007f374fa3f780] 
[1,553s][debug  ][gc,nmethod     ] GC(0) O: Unregister NMethod: java.lang.ref.NativeReferenceQueue.poll (0x00007f374fa2b110) [0x00007f374fa2b2e0, 0x00007f374fa2b690] 
[1,553s][debug  ][gc,nmethod     ] GC(0) O: Unregister NMethod: java.util.zip.ZipFile$Source.isMetaName (0x00007f374fac9910) [0x00007f374fac9ae0, 0x00007f374fac9fb0] 
[1,553s][debug  ][gc,nmethod     ] GC(0) O: Unregister NMethod: jdk.internal.util.ArraysSupport.vectorizedHashCode (0x00007f374fa10e10) [0x00007f374fa11120, 0x00007f374fa12060] 
[1,553s][debug  ][gc,nmethod     ] GC(0) O: Unregister NMethod: java.util.concurrent.locks.ReentrantLock.unlock (0x00007f374fa5ca10) [0x00007f374fa5cbe0, 0x00007f374fa5cf08] 
[1,553s][debug  ][gc,nmethod     ] GC(0) O: Unregister NMethod: java.io.BufferedReader.implRead (0x00007f374fd83090) [0x00007f374fd83280, 0x00007f374fd83798] 
[1,553s][debug  ][gc,nmethod     ] GC(0) O: Unregister NMethod: java.lang.StringLatin1.indexOf (0x00007f374fa1f490) [0x00007f374fa1f660, 0x00007f374fa1fb38] 
[1,553s][debug  ][gc,nmethod     ] GC(0) O: Unregister NMethod: jdk.internal.misc.ScopedMemoryAccess.getByte (0x00007f374fa89a90) [0x00007f374fa89c60, 0x00007f374fa8a030] 
[1,553s][debug  ][gc,nmethod     ] GC(0) O: Unregister NMethod: java.util.concurrent.ConcurrentHashMap.putVal (0x00007f374fa22390) [0x00007f374fa22740, 0x00007f374fa243c0] 
[1,553s][debug  ][gc,nmethod     ] GC(0) O: Unregister NMethod: java.util.HashMap.get (0x00007f374fa3b890) [0x00007f374fa3ba40, 0x00007f374fa3bc28] 
[1,553s][debug  ][gc,nmethod     ] GC(0) O: Unregister NMethod: java.io.BufferedInputStream.getBufIfOpen (0x00007f374fa5be10) [0x00007f374fa5bfc0, 0x00007f374fa5c100] 
[1,553s][debug  ][gc,nmethod     ] GC(0) O: Unregister NMethod: jdk.internal.org.objectweb.asm.ByteVector.putUTF8 (0x00007f374fa2ce10) [0x00007f374fa2d080, 0x00007f374fa2dac0] 
[1,553s][debug  ][gc,nmethod     ] GC(0) O: Unregister NMethod: java.lang.System.getSecurityManager (0x00007f374fa5e090) [0x00007f374fa5e220, 0x00007f374fa5e388] 
[1,553s][debug  ][gc,nmethod     ] GC(0) O: Unregister NMethod: java.lang.AbstractStringBuilder.append (0x00007f374fa55110) [0x00007f374fa55300, 0x00007f374fa55860] 
[1,553s][debug  ][gc,nmethod     ] GC(0) O: Unregister NMethod: java.util.zip.ZipFile$Source.isMetaName (0x00007f374fa70f90) [0x00007f374fa71160, 0x00007f374fa71630] 
[1,553s][debug  ][gc,nmethod     ] GC(0) O: Unregister NMethod: java.util.regex.Pattern$BmpCharPropertyGreedy.match (0x00007f374fb86d90) [0x00007f374fb86fa0, 0x00007f374fb876c8] 
[1,553s][debug  ][gc,nmethod     ] GC(0) O: Unregister NMethod: jdk.internal.misc.Blocker.end (0x00007f374fa5f410) [0x00007f374fa5f600, 0x00007f374fa5fab8] 
[1,553s][debug  ][gc,nmethod     ] GC(0) O: Unregister NMethod: java.lang.String.<init> (0x00007f374fa62f10) [0x00007f374fa63300, 0x00007f374fa64d80] 
[1,553s][debug  ][gc,nmethod     ] GC(0) O: Unregister NMethod: jdk.internal.misc.Blocker.begin (0x00007f374fa5e710) [0x00007f374fa5e940, 0x00007f374fa5f1e8] 
[1,553s][debug  ][gc,nmethod     ] GC(0) O: Unregister NMethod: java.lang.StringUTF16.getChar (0x00007f374fbcdb10) [0x00007f374fbcdca0, 0x00007f374fbcde08] 
[1,553s][debug  ][gc,nmethod     ] GC(0) O: Unregister NMethod: java.lang.StringCoding.countPositives (0x00007f374fad2490) [0x00007f374fad2640, 0x00007f374fad2868] 
[1,553s][debug  ][gc,nmethod     ] GC(0) O: Unregister NMethod: java.lang.StringLatin1.canEncode (0x00007f374fa1d710) [0x00007f374fa1d8a0, 0x00007f374fa1d9e0] 
[1,553s][debug  ][gc,nmethod     ] GC(0) O: Unregister NMethod: java.util.concurrent.ConcurrentHashMap.putVal (0x00007f376f1f7a10) [0x00007f376f1f7ca0, 0x00007f376f1f8d48] 
[1,553s][debug  ][gc,nmethod     ] GC(0) O: Unregister NMethod: java.lang.invoke.MethodType.parameterCount (0x00007f374fa33190) [0x00007f374fa33320, 0x00007f374fa33458] 
[1,553s][debug  ][gc,nmethod     ] GC(0) O: Unregister NMethod: java.lang.String.isEmpty (0x00007f374fa1ca90) [0x00007f374fa1cc20, 0x00007f374fa1cdb8] 
[1,553s][debug  ][gc,nmethod     ] GC(0) O: Unregister NMethod: java.lang.Class.getClassLoader (0x00007f374fa2bc90) [0x00007f374fa2bf00, 0x00007f374fa2cae0] 
[1,553s][debug  ][gc,nmethod     ] GC(0) O: Unregister NMethod: jdk.internal.loader.URLClassPath.getLoader (0x00007f374fa8e510) [0x00007f374fa8e840, 0x00007f374fa8fca8] 
[1,554s][debug  ][gc,nmethod     ] GC(0) O: Unregister NMethod: java.lang.CharacterData.of (0x00007f374fb37190) [0x00007f374fb373c0, 0x00007f374fb37d28] 
[1,554s][debug  ][gc,nmethod     ] GC(0) O: Unregister NMethod: jdk.internal.loader.URLClassPath$JarLoader.getResource (0x00007f374fa8c490) [0x00007f374fa8c6a0, 0x00007f374fa8cb90] 
[1,554s][debug  ][gc,nmethod     ] GC(0) O: Unregister NMethod: java.util.concurrent.locks.AbstractQueuedSynchronizer.release (0x00007f374fa59690) [0x00007f374fa598a0, 0x00007f374fa59f38] 
[1,554s][debug  ][gc,nmethod     ] GC(0) O: Unregister NMethod: java.lang.invoke.MethodType.parameterType (0x00007f374fa34410) [0x00007f374fa345a0, 0x00007f374fa34730] 
[1,554s][debug  ][gc,nmethod     ] GC(0) O: Unregister NMethod: java.lang.ref.Reference.reachabilityFence (0x00007f374fa76b10) [0x00007f374fa76ca0, 0x00007f374fa76d80] 
[1,554s][debug  ][gc,nmethod     ] GC(0) O: Unregister NMethod: jdk.internal.misc.InternalLock.lock (0x00007f376f1ee710) [0x00007f376f1ee8c0, 0x00007f376f1eeba8] 
[1,554s][debug  ][gc,nmethod     ] GC(0) O: Unregister NMethod: jdk.internal.org.objectweb.asm.ByteVector.put12 (0x00007f374fa7f510) [0x00007f374fa7f6c0, 0x00007f374fa7f950] 
[1,554s][debug  ][gc,nmethod     ] GC(0) O: Unregister NMethod: java.util.concurrent.locks.ReentrantLock$NonfairSync.initialTryLock (0x00007f374fb46210) [0x00007f374fb46400, 0x00007f374fb46870] 
[1,554s][debug  ][gc,nmethod     ] GC(0) O: Unregister NMethod: java.util.zip.ZipUtils.CENEXT (0x00007f374fa6d110) [0x00007f374fa6d2c0, 0x00007f374fa6d460] 
[1,554s][debug  ][gc,nmethod     ] GC(0) O: Unregister NMethod: java.lang.module.ModuleDescriptor$Exports.isQualified (0x00007f374fa3e890) [0x00007f374fa3ea40, 0x00007f374fa3ec88] 
[1,554s][debug  ][gc,nmethod     ] GC(0) O: Unregister NMethod: java.util.concurrent.locks.ReentrantLock$Sync.tryRelease (0x00007f374fb70890) [0x00007f374fb70a80, 0x00007f374fb70eb8] 
[1,554s][debug  ][gc,nmethod     ] GC(0) O: Unregister NMethod: jdk.internal.org.objectweb.asm.SymbolTable.addConstantUtf8 (0x00007f374fa32510) [0x00007f374fa32760, 0x00007f374fa32e50] 
[1,554s][debug  ][gc,nmethod     ] GC(0) O: Unregister NMethod: java.lang.String.getBytes (0x00007f374fa29190) [0x00007f374fa29360, 0x00007f374fa296b8] 
[1,554s][debug  ][gc,nmethod     ] Register NMethod: java.util.Locale.getDefault (0x00007f374fde1590) [0x00007f374fde1720, 0x00007f374fde1848] Compiler: c1, Barriers: 1, Oops: 0, ImmediateOops: 1, NonImmediateOops: No
[1,554s][debug  ][gc,nmethod     ] GC(0) O: Unregister NMethod: java.nio.DirectByteBuffer.ix (0x00007f374fa89210) [0x00007f374fa893a0, 0x00007f374fa894b0] 
[1,554s][debug  ][gc,nmethod     ] GC(0) O: Unregister NMethod: java.util.ArrayList$Itr.<init> (0x00007f374fbcb910) [0x00007f374fbcbac0, 0x00007f374fbcbca8] 
[1,554s][debug  ][gc,nmethod     ] GC(0) O: Unregister NMethod: sun.net.www.ParseUtil.firstEncodeIndex (0x00007f374fd9a410) [0x00007f374fd9a660, 0x00007f374fd9b090] 
[1,554s][debug  ][gc,nmethod     ] GC(0) O: Unregister NMethod: java.lang.StringLatin1.indexOfChar (0x00007f374fa1ce90) [0x00007f374fa1d040, 0x00007f374fa1d260] 
[1,554s][debug  ][gc,nmethod     ] GC(0) O: Unregister NMethod: java.util.ArrayList.add (0x00007f374fa6c390) [0x00007f374fa6c560, 0x00007f374fa6c9a8] 
[1,554s][debug  ][gc,nmethod     ] GC(0) O: Unregister NMethod: java.nio.DirectByteBuffer.get (0x00007f374fa8a210) [0x00007f374fa8a460, 0x00007f374fa8ad78] 
[1,554s][debug  ][gc,nmethod     ] GC(0) O: Unregister NMethod: sun.net.www.ParseUtil.firstEncodeIndex (0x00007f374fa5fc90) [0x00007f374fa5fee0, 0x00007f374fa60910] 
[1,554s][debug  ][gc,nmethod     ] GC(0) O: Unregister NMethod: java.util.LinkedHashMap.afterNodeInsertion (0x00007f374faf6b90) [0x00007f374faf6d40, 0x00007f374faf6f60] 
[1,554s][debug  ][gc,nmethod     ] GC(0) O: Unregister NMethod: java.util.zip.ZipFile.getZipEntry (0x00007f374fb4e310) [0x00007f374fb4e8a0, 0x00007f374fb51950] 
[1,554s][debug  ][gc,nmethod     ] GC(0) O: Unregister NMethod: java.lang.StringLatin1.lastIndexOf (0x00007f374fd90b90) [0x00007f374fd90d40, 0x00007f374fd90f38] 
[1,554s][debug  ][gc,nmethod     ] GC(0) O: Unregister NMethod: java.util.Arrays.copyOfRange (0x00007f374fa2f910) [0x00007f374fa2fba0, 0x00007f374fa30710] 
[1,554s][debug  ][gc,nmethod     ] GC(0) O: Unregister NMethod: sun.security.util.KnownOIDs.register (0x00007f374faf9190) [0x00007f374faf9b00, 0x00007f374fafe530] 
[1,554s][debug  ][gc,nmethod     ] GC(0) O: Unregister NMethod: java.util.concurrent.locks.AbstractQueuedSynchronizer.signalNext (0x00007f374fa5c190) [0x00007f374fa5c380, 0x00007f374fa5c870] 
[1,554s][debug  ][gc,nmethod     ] GC(0) O: Unregister NMethod: java.util.jar.JarFile.getManifestFromReference (0x00007f374fb57f90) [0x00007f374fb582e0, 0x00007f374fb59888] 
[1,554s][debug  ][gc,nmethod     ] GC(0) O: Unregister NMethod: java.util.zip.ZipFile$Source.zipCoderForPos (0x00007f374fa6ec90) [0x00007f374fa6ee80, 0x00007f374fa6f310] 
[1,554s][debug  ][gc,nmethod     ] GC(0) O: Unregister NMethod: java.util.ArrayList$Itr.next (0x00007f374fb45610) [0x00007f374fb45800, 0x00007f374fb45c58] 
[1,554s][debug  ][gc,nmethod     ] GC(0) O: Unregister NMethod: jdk.internal.util.Preconditions.checkFromToIndex (0x00007f374fa47790) [0x00007f374fa47940, 0x00007f374fa47b18] 
[1,554s][debug  ][gc,nmethod     ] GC(0) O: Unregister NMethod: java.lang.StringLatin1.lastIndexOf (0x00007f376f1cfb10) [0x00007f376f1cfca0, 0x00007f376f1cfe70] 
[1,554s][debug  ][gc,nmethod     ] GC(0) O: Unregister NMethod: java.util.HashMap.resize (0x00007f374fa44010) [0x00007f374fa44300, 0x00007f374fa45860] 
[1,554s][debug  ][gc,nmethod     ] GC(0) O: Unregister NMethod: java.util.concurrent.locks.ReentrantLock$NonfairSync.initialTryLock (0x00007f374fa56890) [0x00007f374fa56a80, 0x00007f374fa56ef0] 
[1,554s][debug  ][gc,nmethod     ] GC(0) O: Unregister NMethod: java.io.StreamTokenizer.read (0x00007f374fd82910) [0x00007f374fd82b00, 0x00007f374fd82f48] 
[1,554s][debug  ][gc,nmethod     ] GC(0) O: Unregister NMethod: java.util.zip.ZipCoder$UTF8ZipCoder.checkedHash (0x00007f374fa70190) [0x00007f374fa703a0, 0x00007f374fa707f0] 
[1,554s][debug  ][gc,nmethod     ] GC(0) O: Unregister NMethod: java.lang.StringCoding.countPositives (0x00007f374fa6d590) [0x00007f374fa6d740, 0x00007f374fa6d968] 
[1,554s][debug  ][gc,nmethod     ] GC(0) O: Unregister NMethod: java.util.jar.JarFile.getInputStream (0x00007f374fbef210) [0x00007f374fbef480, 0x00007f374fbefcf8] 
[1,554s][debug  ][gc,nmethod     ] Register NMethod: java.lang.String.toLowerCase (0x00007f374fde1910) [0x00007f374fde1b00, 0x00007f374fde1f08] Compiler: c1, Barriers: 3, Oops: 0, ImmediateOops: 1, NonImmediateOops: No
[1,554s][debug  ][gc,nmethod     ] GC(0) O: Unregister NMethod: java.lang.ClassLoader.checkName (0x00007f374fa81490) [0x00007f374fa816c0, 0x00007f374fa81f68] 
[1,554s][debug  ][gc,nmethod     ] GC(0) O: Unregister NMethod: java.util.ImmutableCollections$SetN$SetNIterator.hasNext (0x00007f374fa16b90) [0x00007f374fa16d20, 0x00007f374fa16e80] 
[1,554s][debug  ][gc,nmethod     ] GC(0) O: Unregister NMethod: jdk.internal.misc.Unsafe.allocateUninitializedArray (0x00007f376f217f90) [0x00007f376f218120, 0x00007f376f2182d8] 
[1,554s][debug  ][gc,nmethod     ] GC(0) O: Unregister NMethod: java.lang.ref.ReferenceQueue.poll (0x00007f374fa90790) [0x00007f374fa90a40, 0x00007f374fa916a0] 
[1,554s][debug  ][gc,nmethod     ] GC(0) O: Unregister NMethod: jdk.internal.jimage.ImageStringsReader.unmaskedHashCode (0x00007f374fa8b210) [0x00007f374fa8b460, 0x00007f374fa8bfd8] 
[1,554s][debug  ][gc,nmethod     ] GC(0) O: Unregister NMethod: java.lang.StringLatin1.replace (0x00007f374fa4fc10) [0x00007f374fa4fec0, 0x00007f374fa50d28] 
[1,554s][debug  ][gc,nmethod     ] GC(0) O: Unregister NMethod: java.lang.Math.max (0x00007f374fa1e810) [0x00007f374fa1e9a0, 0x00007f374fa1ead0] 
[1,554s][debug  ][gc,nmethod     ] GC(0) O: Unregister NMethod: jdk.internal.misc.Unsafe.allocateUninitializedArray (0x00007f374fa6a610) [0x00007f374fa6a800, 0x00007f374fa6ac48] 
[1,554s][debug  ][gc,nmethod     ] GC(0) O: Unregister NMethod: java.lang.StringLatin1.equals (0x00007f374fa12e10) [0x00007f374fa12fc0, 0x00007f374fa13250] 
[1,554s][debug  ][gc,nmethod     ] GC(0) O: Unregister NMethod: java.lang.StringUTF16.compress (0x00007f374fa75d90) [0x00007f374fa75f40, 0x00007f374fa76178] 
[1,554s][debug  ][gc,nmethod     ] GC(0) O: Unregister NMethod: java.lang.Class.getName (0x00007f374fa51610) [0x00007f374fa517c0, 0x00007f374fa51980] 
[1,554s][debug  ][gc,nmethod     ] GC(0) O: Unregister NMethod: java.util.zip.ZipFile$Source.nextEntryPos (0x00007f374fa6f490) [0x00007f374fa6f660, 0x00007f374fa6f9b0] 
[1,554s][debug  ][gc,nmethod     ] GC(0) O: Unregister NMethod: java.util.WeakHashMap.remove (0x00007f374faa3890) [0x00007f374faa3b00, 0x00007f374faa46e0] 
[1,554s][debug  ][gc,nmethod     ] GC(0) O: Unregister NMethod: java.lang.StringConcatHelper.newString (0x00007f374faa4e10) [0x00007f374faa50a0, 0x00007f374faa5a90] 
[1,554s][debug  ][gc,nmethod     ] GC(0) O: Unregister NMethod: java.lang.String.startsWith (0x00007f374fa20590) [0x00007f374fa20740, 0x00007f374fa20880] 
[1,554s][debug  ][gc,nmethod     ] GC(0) O: Unregister NMethod: java.util.jar.JarFile.getEntry (0x00007f374fa8d590) [0x00007f374fa8d780, 0x00007f374fa8dbf8] 
[1,554s][debug  ][gc,nmethod     ] GC(0) O: Unregister NMethod: java.lang.StringLatin1.indexOf (0x00007f374fac1e90) [0x00007f374fac2040, 0x00007f374fac2238] 
[1,554s][debug  ][gc,nmethod     ] GC(0) O: Unregister NMethod: java.util.zip.ZipFile.getEntry (0x00007f374fa86210) [0x00007f374fa86400, 0x00007f374fa868e8] 
[1,554s][debug  ][gc,nmethod     ] GC(0) O: Unregister NMethod: java.util.concurrent.ConcurrentHashMap.casTabAt (0x00007f374fa4ab10) [0x00007f374fa4aca0, 0x00007f374fa4ae20] 
[1,554s][debug  ][gc,nmethod     ] GC(0) O: Unregister NMethod: java.lang.AbstractStringBuilder.ensureCapacityInternal (0x00007f374fa31f90) [0x00007f374fa32160, 0x00007f374fa323e0] 
[1,554s][debug  ][gc,nmethod     ] GC(0) O: Unregister NMethod: java.lang.StringBuilder.<init> (0x00007f374fa71c90) [0x00007f374fa71e40, 0x00007f374fa71f80] 
[1,554s][debug  ][gc,nmethod     ] GC(0) O: Unregister NMethod: java.util.LinkedHashMap.newNode (0x00007f374faf6690) [0x00007f374faf6840, 0x00007f374faf6a30] 
[1,554s][debug  ][gc,nmethod     ] GC(0) O: Unregister NMethod: java.io.BufferedInputStream.implRead (0x00007f374fa57e90) [0x00007f374fa58060, 0x00007f374fa58320] 
[1,554s][debug  ][gc,nmethod     ] GC(0) O: Unregister NMethod: jdk.internal.reflect.ByteVectorImpl.add (0x00007f374faeb010) [0x00007f374faeb1c0, 0x00007f374faeb3f8] 
[1,554s][debug  ][gc,nmethod     ] GC(0) O: Unregister NMethod: java.util.zip.ZipFile$Source.getEntryPos (0x00007f374fa87810) [0x00007f374fa87a60, 0x00007f374fa88448] 
[1,554s][debug  ][gc,nmethod     ] GC(0) O: Unregister NMethod: java.lang.String.substring (0x00007f374fa48110) [0x00007f374fa48320, 0x00007f374fa48958] 
[1,554s][debug  ][gc,nmethod     ] GC(0) O: Unregister NMethod: java.util.concurrent.ConcurrentHashMap.putIfAbsent (0x00007f374fa27490) [0x00007f374fa27640, 0x00007f374fa27780] 
[1,554s][debug  ][gc,phases      ] GC(0) O: Concurrent Classes Unlink 2,927ms
[1,554s][debug  ][gc,phases,start] GC(0) O: Concurrent Classes Purge
[1,554s][debug  ][gc,nmethod     ] GC(0) O: Purge NMethod: java.util.concurrent.ConcurrentHashMap.putIfAbsent (0x00007f374fa27490) [0x00007f374fa27640, 0x00007f374fa27780] 
[1,554s][debug  ][gc,nmethod     ] GC(0) O: Purge NMethod: java.lang.String.substring (0x00007f374fa48110) [0x00007f374fa48320, 0x00007f374fa48958] 
[1,554s][debug  ][gc,nmethod     ] GC(0) O: Purge NMethod: java.util.zip.ZipFile$Source.getEntryPos (0x00007f374fa87810) [0x00007f374fa87a60, 0x00007f374fa88448] 
[1,554s][debug  ][gc,nmethod     ] GC(0) O: Purge NMethod: jdk.internal.reflect.ByteVectorImpl.add (0x00007f374faeb010) [0x00007f374faeb1c0, 0x00007f374faeb3f8] 
[1,554s][debug  ][gc,nmethod     ] GC(0) O: Purge NMethod: java.io.BufferedInputStream.implRead (0x00007f374fa57e90) [0x00007f374fa58060, 0x00007f374fa58320] 
[1,554s][debug  ][gc,nmethod     ] GC(0) O: Purge NMethod: java.util.LinkedHashMap.newNode (0x00007f374faf6690) [0x00007f374faf6840, 0x00007f374faf6a30] 
[1,554s][debug  ][gc,nmethod     ] GC(0) O: Purge NMethod: java.lang.StringBuilder.<init> (0x00007f374fa71c90) [0x00007f374fa71e40, 0x00007f374fa71f80] 
[1,554s][debug  ][gc,nmethod     ] GC(0) O: Purge NMethod: java.lang.AbstractStringBuilder.ensureCapacityInternal (0x00007f374fa31f90) [0x00007f374fa32160, 0x00007f374fa323e0] 
[1,554s][debug  ][gc,nmethod     ] GC(0) O: Purge NMethod: java.util.concurrent.ConcurrentHashMap.casTabAt (0x00007f374fa4ab10) [0x00007f374fa4aca0, 0x00007f374fa4ae20] 
[1,554s][debug  ][gc,nmethod     ] GC(0) O: Purge NMethod: java.util.zip.ZipFile.getEntry (0x00007f374fa86210) [0x00007f374fa86400, 0x00007f374fa868e8] 
[1,554s][debug  ][gc,nmethod     ] GC(0) O: Purge NMethod: java.lang.StringLatin1.indexOf (0x00007f374fac1e90) [0x00007f374fac2040, 0x00007f374fac2238] 
[1,554s][debug  ][gc,nmethod     ] GC(0) O: Purge NMethod: java.util.jar.JarFile.getEntry (0x00007f374fa8d590) [0x00007f374fa8d780, 0x00007f374fa8dbf8] 
[1,554s][debug  ][gc,nmethod     ] GC(0) O: Purge NMethod: java.lang.String.startsWith (0x00007f374fa20590) [0x00007f374fa20740, 0x00007f374fa20880] 
[1,554s][debug  ][gc,nmethod     ] GC(0) O: Purge NMethod: java.lang.StringConcatHelper.newString (0x00007f374faa4e10) [0x00007f374faa50a0, 0x00007f374faa5a90] 
[1,555s][debug  ][gc,nmethod     ] GC(0) O: Purge NMethod: java.util.WeakHashMap.remove (0x00007f374faa3890) [0x00007f374faa3b00, 0x00007f374faa46e0] 
[1,555s][debug  ][gc,nmethod     ] GC(0) O: Purge NMethod: java.util.zip.ZipFile$Source.nextEntryPos (0x00007f374fa6f490) [0x00007f374fa6f660, 0x00007f374fa6f9b0] 
[1,555s][debug  ][gc,nmethod     ] GC(0) O: Purge NMethod: java.lang.Class.getName (0x00007f374fa51610) [0x00007f374fa517c0, 0x00007f374fa51980] 
[1,555s][debug  ][gc,nmethod     ] GC(0) O: Purge NMethod: java.lang.StringUTF16.compress (0x00007f374fa75d90) [0x00007f374fa75f40, 0x00007f374fa76178] 
[1,555s][debug  ][gc,nmethod     ] GC(0) O: Purge NMethod: java.lang.StringLatin1.equals (0x00007f374fa12e10) [0x00007f374fa12fc0, 0x00007f374fa13250] 
[1,555s][debug  ][gc,nmethod     ] GC(0) O: Purge NMethod: jdk.internal.misc.Unsafe.allocateUninitializedArray (0x00007f374fa6a610) [0x00007f374fa6a800, 0x00007f374fa6ac48] 
[1,555s][debug  ][gc,nmethod     ] GC(0) O: Purge NMethod: java.lang.Math.max (0x00007f374fa1e810) [0x00007f374fa1e9a0, 0x00007f374fa1ead0] 
[1,555s][debug  ][gc,nmethod     ] GC(0) O: Purge NMethod: java.lang.StringLatin1.replace (0x00007f374fa4fc10) [0x00007f374fa4fec0, 0x00007f374fa50d28] 
[1,555s][debug  ][gc,nmethod     ] GC(0) O: Purge NMethod: jdk.internal.jimage.ImageStringsReader.unmaskedHashCode (0x00007f374fa8b210) [0x00007f374fa8b460, 0x00007f374fa8bfd8] 
[1,555s][debug  ][gc,nmethod     ] GC(0) O: Purge NMethod: java.lang.ref.ReferenceQueue.poll (0x00007f374fa90790) [0x00007f374fa90a40, 0x00007f374fa916a0] 
[1,555s][debug  ][gc,nmethod     ] GC(0) O: Purge NMethod: jdk.internal.misc.Unsafe.allocateUninitializedArray (0x00007f376f217f90) [0x00007f376f218120, 0x00007f376f2182d8] 
[1,555s][debug  ][gc,nmethod     ] GC(0) O: Purge NMethod: java.util.ImmutableCollections$SetN$SetNIterator.hasNext (0x00007f374fa16b90) [0x00007f374fa16d20, 0x00007f374fa16e80] 
[1,555s][debug  ][gc,nmethod     ] GC(0) O: Purge NMethod: java.lang.ClassLoader.checkName (0x00007f374fa81490) [0x00007f374fa816c0, 0x00007f374fa81f68] 
[1,555s][debug  ][gc,nmethod     ] GC(0) O: Purge NMethod: java.util.jar.JarFile.getInputStream (0x00007f374fbef210) [0x00007f374fbef480, 0x00007f374fbefcf8] 
[1,555s][debug  ][gc,nmethod     ] GC(0) O: Purge NMethod: java.lang.StringCoding.countPositives (0x00007f374fa6d590) [0x00007f374fa6d740, 0x00007f374fa6d968] 
[1,555s][debug  ][gc,nmethod     ] GC(0) O: Purge NMethod: java.util.zip.ZipCoder$UTF8ZipCoder.checkedHash (0x00007f374fa70190) [0x00007f374fa703a0, 0x00007f374fa707f0] 
[1,555s][debug  ][gc,nmethod     ] GC(0) O: Purge NMethod: java.io.StreamTokenizer.read (0x00007f374fd82910) [0x00007f374fd82b00, 0x00007f374fd82f48] 
[1,555s][debug  ][gc,nmethod     ] GC(0) O: Purge NMethod: java.util.concurrent.locks.ReentrantLock$NonfairSync.initialTryLock (0x00007f374fa56890) [0x00007f374fa56a80, 0x00007f374fa56ef0] 
[1,555s][debug  ][gc,nmethod     ] GC(0) O: Purge NMethod: java.util.HashMap.resize (0x00007f374fa44010) [0x00007f374fa44300, 0x00007f374fa45860] 
[1,555s][debug  ][gc,nmethod     ] GC(0) O: Purge NMethod: java.lang.StringLatin1.lastIndexOf (0x00007f376f1cfb10) [0x00007f376f1cfca0, 0x00007f376f1cfe70] 
[1,555s][debug  ][gc,nmethod     ] GC(0) O: Purge NMethod: jdk.internal.util.Preconditions.checkFromToIndex (0x00007f374fa47790) [0x00007f374fa47940, 0x00007f374fa47b18] 
[1,555s][debug  ][gc,nmethod     ] GC(0) O: Purge NMethod: java.util.ArrayList$Itr.next (0x00007f374fb45610) [0x00007f374fb45800, 0x00007f374fb45c58] 
[1,555s][debug  ][gc,nmethod     ] GC(0) O: Purge NMethod: java.util.zip.ZipFile$Source.zipCoderForPos (0x00007f374fa6ec90) [0x00007f374fa6ee80, 0x00007f374fa6f310] 
[1,555s][debug  ][gc,nmethod     ] GC(0) O: Purge NMethod: java.util.jar.JarFile.getManifestFromReference (0x00007f374fb57f90) [0x00007f374fb582e0, 0x00007f374fb59888] 
[1,555s][debug  ][gc,nmethod     ] GC(0) O: Purge NMethod: java.util.concurrent.locks.AbstractQueuedSynchronizer.signalNext (0x00007f374fa5c190) [0x00007f374fa5c380, 0x00007f374fa5c870] 
[1,555s][debug  ][gc,nmethod     ] GC(0) O: Purge NMethod: sun.security.util.KnownOIDs.register (0x00007f374faf9190) [0x00007f374faf9b00, 0x00007f374fafe530] 
[1,555s][debug  ][gc,nmethod     ] GC(0) O: Purge NMethod: java.util.Arrays.copyOfRange (0x00007f374fa2f910) [0x00007f374fa2fba0, 0x00007f374fa30710] 
[1,555s][debug  ][gc,nmethod     ] GC(0) O: Purge NMethod: java.lang.StringLatin1.lastIndexOf (0x00007f374fd90b90) [0x00007f374fd90d40, 0x00007f374fd90f38] 
[1,555s][debug  ][gc,nmethod     ] GC(0) O: Purge NMethod: java.util.zip.ZipFile.getZipEntry (0x00007f374fb4e310) [0x00007f374fb4e8a0, 0x00007f374fb51950] 
[1,555s][debug  ][gc,nmethod     ] GC(0) O: Purge NMethod: java.util.LinkedHashMap.afterNodeInsertion (0x00007f374faf6b90) [0x00007f374faf6d40, 0x00007f374faf6f60] 
[1,555s][debug  ][gc,nmethod     ] GC(0) O: Purge NMethod: sun.net.www.ParseUtil.firstEncodeIndex (0x00007f374fa5fc90) [0x00007f374fa5fee0, 0x00007f374fa60910] 
[1,555s][debug  ][gc,nmethod     ] GC(0) O: Purge NMethod: java.nio.DirectByteBuffer.get (0x00007f374fa8a210) [0x00007f374fa8a460, 0x00007f374fa8ad78] 
[1,555s][debug  ][gc,nmethod     ] GC(0) O: Purge NMethod: java.util.ArrayList.add (0x00007f374fa6c390) [0x00007f374fa6c560, 0x00007f374fa6c9a8] 
[1,555s][debug  ][gc,nmethod     ] GC(0) O: Purge NMethod: java.lang.StringLatin1.indexOfChar (0x00007f374fa1ce90) [0x00007f374fa1d040, 0x00007f374fa1d260] 
[1,555s][debug  ][gc,nmethod     ] GC(0) O: Purge NMethod: sun.net.www.ParseUtil.firstEncodeIndex (0x00007f374fd9a410) [0x00007f374fd9a660, 0x00007f374fd9b090] 
[1,555s][debug  ][gc,nmethod     ] GC(0) O: Purge NMethod: java.util.ArrayList$Itr.<init> (0x00007f374fbcb910) [0x00007f374fbcbac0, 0x00007f374fbcbca8] 
[1,555s][debug  ][gc,nmethod     ] GC(0) O: Purge NMethod: java.nio.DirectByteBuffer.ix (0x00007f374fa89210) [0x00007f374fa893a0, 0x00007f374fa894b0] 
[1,555s][debug  ][gc,nmethod     ] GC(0) O: Purge NMethod: java.lang.String.getBytes (0x00007f374fa29190) [0x00007f374fa29360, 0x00007f374fa296b8] 
[1,555s][debug  ][gc,nmethod     ] GC(0) O: Purge NMethod: jdk.internal.org.objectweb.asm.SymbolTable.addConstantUtf8 (0x00007f374fa32510) [0x00007f374fa32760, 0x00007f374fa32e50] 
[1,555s][debug  ][gc,nmethod     ] GC(0) O: Purge NMethod: java.util.concurrent.locks.ReentrantLock$Sync.tryRelease (0x00007f374fb70890) [0x00007f374fb70a80, 0x00007f374fb70eb8] 
[1,555s][debug  ][gc,nmethod     ] GC(0) O: Purge NMethod: java.lang.module.ModuleDescriptor$Exports.isQualified (0x00007f374fa3e890) [0x00007f374fa3ea40, 0x00007f374fa3ec88] 
[1,555s][debug  ][gc,nmethod     ] GC(0) O: Purge NMethod: java.util.zip.ZipUtils.CENEXT (0x00007f374fa6d110) [0x00007f374fa6d2c0, 0x00007f374fa6d460] 
[1,555s][debug  ][gc,nmethod     ] GC(0) O: Purge NMethod: java.util.concurrent.locks.ReentrantLock$NonfairSync.initialTryLock (0x00007f374fb46210) [0x00007f374fb46400, 0x00007f374fb46870] 
[1,555s][debug  ][gc,nmethod     ] GC(0) O: Purge NMethod: jdk.internal.org.objectweb.asm.ByteVector.put12 (0x00007f374fa7f510) [0x00007f374fa7f6c0, 0x00007f374fa7f950] 
[1,555s][debug  ][gc,nmethod     ] GC(0) O: Purge NMethod: jdk.internal.misc.InternalLock.lock (0x00007f376f1ee710) [0x00007f376f1ee8c0, 0x00007f376f1eeba8] 
[1,555s][debug  ][gc,nmethod     ] GC(0) O: Purge NMethod: java.lang.ref.Reference.reachabilityFence (0x00007f374fa76b10) [0x00007f374fa76ca0, 0x00007f374fa76d80] 
[1,555s][debug  ][gc,nmethod     ] GC(0) O: Purge NMethod: java.lang.invoke.MethodType.parameterType (0x00007f374fa34410) [0x00007f374fa345a0, 0x00007f374fa34730] 
[1,555s][debug  ][gc,nmethod     ] GC(0) O: Purge NMethod: java.util.concurrent.locks.AbstractQueuedSynchronizer.release (0x00007f374fa59690) [0x00007f374fa598a0, 0x00007f374fa59f38] 
[1,555s][debug  ][gc,nmethod     ] GC(0) O: Purge NMethod: jdk.internal.loader.URLClassPath$JarLoader.getResource (0x00007f374fa8c490) [0x00007f374fa8c6a0, 0x00007f374fa8cb90] 
[1,555s][debug  ][gc,nmethod     ] GC(0) O: Purge NMethod: java.lang.CharacterData.of (0x00007f374fb37190) [0x00007f374fb373c0, 0x00007f374fb37d28] 
[1,555s][debug  ][gc,nmethod     ] GC(0) O: Purge NMethod: jdk.internal.loader.URLClassPath.getLoader (0x00007f374fa8e510) [0x00007f374fa8e840, 0x00007f374fa8fca8] 
[1,555s][debug  ][gc,nmethod     ] GC(0) O: Purge NMethod: java.lang.Class.getClassLoader (0x00007f374fa2bc90) [0x00007f374fa2bf00, 0x00007f374fa2cae0] 
[1,555s][debug  ][gc,nmethod     ] GC(0) O: Purge NMethod: java.lang.String.isEmpty (0x00007f374fa1ca90) [0x00007f374fa1cc20, 0x00007f374fa1cdb8] 
[1,555s][debug  ][gc,nmethod     ] GC(0) O: Purge NMethod: java.lang.invoke.MethodType.parameterCount (0x00007f374fa33190) [0x00007f374fa33320, 0x00007f374fa33458] 
[1,555s][debug  ][gc,nmethod     ] GC(0) O: Purge NMethod: java.util.concurrent.ConcurrentHashMap.putVal (0x00007f376f1f7a10) [0x00007f376f1f7ca0, 0x00007f376f1f8d48] 
[1,555s][debug  ][gc,nmethod     ] GC(0) O: Purge NMethod: java.lang.StringLatin1.canEncode (0x00007f374fa1d710) [0x00007f374fa1d8a0, 0x00007f374fa1d9e0] 
[1,555s][debug  ][gc,nmethod     ] GC(0) O: Purge NMethod: java.lang.StringCoding.countPositives (0x00007f374fad2490) [0x00007f374fad2640, 0x00007f374fad2868] 
[1,555s][debug  ][gc,nmethod     ] GC(0) O: Purge NMethod: java.lang.StringUTF16.getChar (0x00007f374fbcdb10) [0x00007f374fbcdca0, 0x00007f374fbcde08] 
[1,555s][debug  ][gc,nmethod     ] GC(0) O: Purge NMethod: jdk.internal.misc.Blocker.begin (0x00007f374fa5e710) [0x00007f374fa5e940, 0x00007f374fa5f1e8] 
[1,555s][debug  ][gc,nmethod     ] GC(0) O: Purge NMethod: java.lang.String.<init> (0x00007f374fa62f10) [0x00007f374fa63300, 0x00007f374fa64d80] 
[1,555s][debug  ][gc,nmethod     ] GC(0) O: Purge NMethod: jdk.internal.misc.Blocker.end (0x00007f374fa5f410) [0x00007f374fa5f600, 0x00007f374fa5fab8] 
[1,555s][debug  ][gc,nmethod     ] GC(0) O: Purge NMethod: java.util.regex.Pattern$BmpCharPropertyGreedy.match (0x00007f374fb86d90) [0x00007f374fb86fa0, 0x00007f374fb876c8] 
[1,555s][debug  ][gc,nmethod     ] GC(0) O: Purge NMethod: java.util.zip.ZipFile$Source.isMetaName (0x00007f374fa70f90) [0x00007f374fa71160, 0x00007f374fa71630] 
[1,555s][debug  ][gc,nmethod     ] GC(0) O: Purge NMethod: java.lang.AbstractStringBuilder.append (0x00007f374fa55110) [0x00007f374fa55300, 0x00007f374fa55860] 
[1,555s][debug  ][gc,nmethod     ] GC(0) O: Purge NMethod: java.lang.System.getSecurityManager (0x00007f374fa5e090) [0x00007f374fa5e220, 0x00007f374fa5e388] 
[1,555s][debug  ][gc,nmethod     ] GC(0) O: Purge NMethod: jdk.internal.org.objectweb.asm.ByteVector.putUTF8 (0x00007f374fa2ce10) [0x00007f374fa2d080, 0x00007f374fa2dac0] 
[1,555s][debug  ][gc,nmethod     ] GC(0) O: Purge NMethod: java.io.BufferedInputStream.getBufIfOpen (0x00007f374fa5be10) [0x00007f374fa5bfc0, 0x00007f374fa5c100] 
[1,555s][debug  ][gc,nmethod     ] GC(0) O: Purge NMethod: java.util.HashMap.get (0x00007f374fa3b890) [0x00007f374fa3ba40, 0x00007f374fa3bc28] 
[1,555s][debug  ][gc,nmethod     ] GC(0) O: Purge NMethod: java.util.concurrent.ConcurrentHashMap.putVal (0x00007f374fa22390) [0x00007f374fa22740, 0x00007f374fa243c0] 
[1,555s][debug  ][gc,nmethod     ] GC(0) O: Purge NMethod: jdk.internal.misc.ScopedMemoryAccess.getByte (0x00007f374fa89a90) [0x00007f374fa89c60, 0x00007f374fa8a030] 
[1,555s][debug  ][gc,nmethod     ] GC(0) O: Purge NMethod: java.lang.StringLatin1.indexOf (0x00007f374fa1f490) [0x00007f374fa1f660, 0x00007f374fa1fb38] 
[1,555s][debug  ][gc,nmethod     ] GC(0) O: Purge NMethod: java.io.BufferedReader.implRead (0x00007f374fd83090) [0x00007f374fd83280, 0x00007f374fd83798] 
[1,555s][debug  ][gc,nmethod     ] GC(0) O: Purge NMethod: java.util.concurrent.locks.ReentrantLock.unlock (0x00007f374fa5ca10) [0x00007f374fa5cbe0, 0x00007f374fa5cf08] 
[1,555s][debug  ][gc,nmethod     ] GC(0) O: Purge NMethod: jdk.internal.util.ArraysSupport.vectorizedHashCode (0x00007f374fa10e10) [0x00007f374fa11120, 0x00007f374fa12060] 
[1,555s][debug  ][gc,nmethod     ] GC(0) O: Purge NMethod: java.util.zip.ZipFile$Source.isMetaName (0x00007f374fac9910) [0x00007f374fac9ae0, 0x00007f374fac9fb0] 
[1,555s][debug  ][gc,nmethod     ] GC(0) O: Purge NMethod: java.lang.ref.NativeReferenceQueue.poll (0x00007f374fa2b110) [0x00007f374fa2b2e0, 0x00007f374fa2b690] 
[1,555s][debug  ][gc,nmethod     ] GC(0) O: Purge NMethod: java.util.ImmutableCollections$SetN.isEmpty (0x00007f374fa3f490) [0x00007f374fa3f620, 0x00007f374fa3f780] 
[1,555s][debug  ][gc,nmethod     ] GC(0) O: Purge NMethod: java.util.concurrent.ConcurrentHashMap.addCount (0x00007f374fa26090) [0x00007f374fa262e0, 0x00007f374fa26cb8] 
[1,555s][debug  ][gc,nmethod     ] GC(0) O: Purge NMethod: java.util.concurrent.locks.AbstractQueuedSynchronizer.compareAndSetState (0x00007f376f1c2f90) [0x00007f376f1c3100, 0x00007f376f1c3188] 
[1,555s][debug  ][gc,nmethod     ] GC(0) O: Purge NMethod: jdk.internal.loader.URLClassPath$JarLoader.checkResource (0x00007f374fbecb90) [0x00007f374fbecde0, 0x00007f374fbed788] 
[1,555s][debug  ][gc,nmethod     ] GC(0) O: Purge NMethod: jdk.internal.loader.URLClassPath$JarLoader.ensureOpen (0x00007f374fa85a10) [0x00007f374fa85c00, 0x00007f374fa86098] 
[1,555s][debug  ][gc,nmethod     ] GC(0) O: Purge NMethod: java.util.jar.JarFile.maybeInstantiateVerifier (0x00007f374fa9cf10) [0x00007f374fa9d100, 0x00007f374fa9d490] 
[1,555s][debug  ][gc,nmethod     ] GC(0) O: Purge NMethod: java.util.HashMap.put (0x00007f376f1f9e10) [0x00007f376f1fa0a0, 0x00007f376f1fad88] 
[1,555s][debug  ][gc,nmethod     ] GC(0) O: Purge NMethod: java.lang.invoke.MemberName.getReferenceKind (0x00007f374fa75a90) [0x00007f374fa75c20, 0x00007f374fa75d30] 
[1,555s][debug  ][gc,nmethod     ] GC(0) O: Purge NMethod: jdk.internal.loader.URLClassPath$JarLoader.findResource (0x00007f374fbe6a90) [0x00007f374fbe6c40, 0x00007f374fbe6e40] 
[1,555s][debug  ][gc,nmethod     ] GC(0) O: Purge NMethod: java.util.HashMap.get (0x00007f376f21dc90) [0x00007f376f21de80, 0x00007f376f21e350] 
[1,555s][debug  ][gc,nmethod     ] GC(0) O: Purge NMethod: java.lang.String.isLatin1 (0x00007f376f1c3d10) [0x00007f376f1c3e80, 0x00007f376f1c3f20] 
[1,555s][debug  ][gc,nmethod     ] GC(0) O: Purge NMethod: java.lang.StringConcatHelper.prepend (0x00007f374fa83390) [0x00007f374fa83560, 0x00007f374fa83858] 
[1,555s][debug  ][gc,nmethod     ] GC(0) O: Purge NMethod: java.lang.StringLatin1.indexOf (0x00007f374fa1eb90) [0x00007f374fa1ed80, 0x00007f374fa1f298] 
[1,555s][debug  ][gc,nmethod     ] GC(0) O: Purge NMethod: jdk.internal.loader.Resource.cachedInputStream (0x00007f374fb4ca10) [0x00007f374fb4cbe0, 0x00007f374fb4d030] 
[1,555s][debug  ][gc,nmethod     ] GC(0) O: Purge NMethod: jdk.internal.org.objectweb.asm.SymbolTable.put (0x00007f374fa31110) [0x00007f374fa31320, 0x00007f374fa31cd0] 
[1,555s][debug  ][gc,nmethod     ] GC(0) O: Purge NMethod: java.util.stream.AbstractPipeline.isParallel (0x00007f374fc57490) [0x00007f374fc57620, 0x00007f374fc57760] 
[1,555s][debug  ][gc,nmethod     ] GC(0) O: Purge NMethod: java.util.jar.JarFile$JarFileEntry.getCodeSigners (0x00007f374fc14490) [0x00007f374fc146e0, 0x00007f374fc15040] 
[1,555s][debug  ][gc,nmethod     ] GC(0) O: Purge NMethod: java.lang.CharacterDataLatin1.getProperties (0x00007f374faf3a90) [0x00007f374faf3c20, 0x00007f374faf3d58] 
[1,555s][debug  ][gc,nmethod     ] GC(0) O: Purge NMethod: java.io.BufferedInputStream.getBufIfOpen (0x00007f376f1c3990) [0x00007f376f1c3b20, 0x00007f376f1c3c40] 
[1,555s][debug  ][gc,nmethod     ] GC(0) O: Purge NMethod: java.util.concurrent.locks.ReentrantLock.lock (0x00007f374fa55a10) [0x00007f374fa55be0, 0x00007f374fa55ef8] 
[1,555s][debug  ][gc,nmethod     ] GC(0) O: Purge NMethod: java.util.zip.ZipFile$Source.isMetaName (0x00007f374facae90) [0x00007f374facb060, 0x00007f374facb530] 
[1,555s][debug  ][gc,nmethod     ] GC(0) O: Purge NMethod: java.lang.CharacterDataLatin1.equalsIgnoreCase (0x00007f374fa95790) [0x00007f374fa95940, 0x00007f374fa95c28] 
[1,555s][debug  ][gc,nmethod     ] GC(0) O: Purge NMethod: jdk.internal.reflect.ClassFileAssembler.emitByte (0x00007f374faeab90) [0x00007f374faead40, 0x00007f374faeaee8] 
[1,555s][debug  ][gc,nmethod     ] GC(0) O: Purge NMethod: java.lang.String.charAt (0x00007f374fa1be90) [0x00007f374fa1c060, 0x00007f374fa1c450] 
[1,555s][debug  ][gc,nmethod     ] GC(0) O: Purge NMethod: java.util.Objects.equals (0x00007f374fa15910) [0x00007f374fa15ac0, 0x00007f374fa15d18] 
[1,555s][debug  ][gc,nmethod     ] GC(0) O: Purge NMethod: java.util.WeakHashMap.getTable (0x00007f374fa93390) [0x00007f374fa93540, 0x00007f374fa936b8] 
[1,555s][debug  ][gc,nmethod     ] GC(0) O: Purge NMethod: jdk.internal.org.objectweb.asm.ByteVector.putShort (0x00007f374fa2ef90) [0x00007f374fa2f140, 0x00007f374fa2f3a0] 
[1,555s][debug  ][gc,nmethod     ] GC(0) O: Purge NMethod: jdk.internal.misc.InternalLock.unlock (0x00007f374fa58490) [0x00007f374fa58660, 0x00007f374fa58a98] 
[1,555s][debug  ][gc,nmethod     ] GC(0) O: Purge NMethod: java.util.HashMap.putVal (0x00007f376f1c0710) [0x00007f376f1c0980, 0x00007f376f1c1348] 
[1,555s][debug  ][gc,nmethod     ] GC(0) O: Purge NMethod: java.lang.StringLatin1.hashCode (0x00007f374fa13790) [0x00007f374fa13940, 0x00007f374fa13b70] 
[1,555s][debug  ][gc,nmethod     ] GC(0) O: Purge NMethod: sun.reflect.generics.parser.SignatureParser.advance (0x00007f374fbf6f90) [0x00007f374fbf7140, 0x00007f374fbf73f0] 
[1,555s][debug  ][gc,nmethod     ] GC(0) O: Purge NMethod: java.util.regex.Pattern$BmpCharPropertyGreedy.match (0x00007f376f1f0c90) [0x00007f376f1f0e60, 0x00007f376f1f1240] 
[1,555s][debug  ][gc,nmethod     ] GC(0) O: Purge NMethod: java.io.BufferedInputStream.read (0x00007f374fa5a110) [0x00007f374fa5a3e0, 0x00007f374fa5b260] 
[1,555s][debug  ][gc,nmethod     ] GC(0) O: Purge NMethod: jdk.internal.loader.URLClassPath$JarLoader.getResource (0x00007f374fc29110) [0x00007f374fc29320, 0x00007f374fc298c8] 
[1,555s][debug  ][gc,nmethod     ] GC(0) O: Purge NMethod: java.lang.String.length (0x00007f374fa1a810) [0x00007f374fa1a9c0, 0x00007f374fa1ab88] 
[1,555s][debug  ][gc,nmethod     ] GC(0) O: Purge NMethod: java.lang.String.startsWith (0x00007f376f201510) [0x00007f376f2016c0, 0x00007f376f201a78] 
[1,555s][debug  ][gc,nmethod     ] GC(0) O: Purge NMethod: java.lang.Object.<init> (0x00007f374fa10010) [0x00007f374fa101a0, 0x00007f374fa102a0] 
[1,555s][debug  ][gc,nmethod     ] GC(0) O: Purge NMethod: jdk.internal.loader.Resource.cachedInputStream (0x00007f374fc30a90) [0x00007f374fc30c60, 0x00007f374fc31100] 
[1,555s][debug  ][gc,nmethod     ] GC(0) O: Purge NMethod: jdk.internal.reflect.ByteVectorImpl.getLength (0x00007f374fb0bb90) [0x00007f374fb0bd20, 0x00007f374fb0be28] 
[1,555s][debug  ][gc,nmethod     ] GC(0) O: Purge NMethod: jdk.internal.org.objectweb.asm.SymbolTable.get (0x00007f374fa2b810) [0x00007f374fa2b9c0, 0x00007f374fa2bb70] 
[1,555s][debug  ][gc,nmethod     ] GC(0) O: Purge NMethod: jdk.internal.util.ArraysSupport.mismatch (0x00007f374fa1fd90) [0x00007f374fa1ff60, 0x00007f374fa20380] 
[1,555s][debug  ][gc,nmethod     ] GC(0) O: Purge NMethod: java.util.zip.ZipUtils.SH (0x00007f374fa51210) [0x00007f374fa513a0, 0x00007f374fa514e0] 
[1,555s][debug  ][gc,nmethod     ] GC(0) O: Purge NMethod: sun.nio.fs.UnixPath.checkNotNul (0x00007f374fa74c10) [0x00007f374fa74dc0, 0x00007f374fa74f70] 
[1,555s][debug  ][gc,nmethod     ] GC(0) O: Purge NMethod: java.util.HashMap.putVal (0x00007f374fa35890) [0x00007f374fa35b60, 0x00007f374fa36c70] 
[1,555s][debug  ][gc,nmethod     ] GC(0) O: Purge NMethod: java.lang.StringBuilder.append (0x00007f374fa4c010) [0x00007f374fa4c1c0, 0x00007f374fa4c308] 
[1,555s][debug  ][gc,nmethod     ] GC(0) O: Purge NMethod: java.util.jar.Manifest$FastInputStream.readLine (0x00007f374fac2310) [0x00007f374fac2540, 0x00007f374fac2e30] 
[1,555s][debug  ][gc,nmethod     ] GC(0) O: Purge NMethod: java.util.jar.JarFile.getJarEntry (0x00007f374fa8cd90) [0x00007f374fa8cf80, 0x00007f374fa8d418] 
[1,555s][debug  ][gc,nmethod     ] GC(0) O: Purge NMethod: java.util.jar.JarFile.checkForSpecialAttributes (0x00007f374fa83a10) [0x00007f374fa83d20, 0x00007f374fa84de8] 
[1,555s][debug  ][gc,nmethod     ] GC(0) O: Purge NMethod: java.util.jar.JavaUtilJarAccessImpl.entryFor (0x00007f374fb2b290) [0x00007f374fb2b460, 0x00007f374fb2b858] 
[1,555s][debug  ][gc,nmethod     ] GC(0) O: Purge NMethod: java.util.Objects.requireNonNull (0x00007f374fa15e10) [0x00007f374fa15fc0, 0x00007f374fa161a8] 
[1,555s][debug  ][gc,nmethod     ] GC(0) O: Purge NMethod: java.util.jar.JarFile.isMultiRelease (0x00007f374fa85590) [0x00007f374fa85740, 0x00007f374fa85948] 
[1,555s][debug  ][gc,nmethod     ] GC(0) O: Purge NMethod: java.util.HashMap.getNode (0x00007f376f202e90) [0x00007f376f203060, 0x00007f376f2034e8] 
[1,555s][debug  ][gc,nmethod     ] GC(0) O: Purge NMethod: java.lang.String.indexOf (0x00007f374fa20910) [0x00007f374fa20b00, 0x00007f374fa21008] 
[1,555s][debug  ][gc,nmethod     ] GC(0) O: Purge NMethod: java.util.zip.ZipFile$Source.isMetaName (0x00007f376f1d9b10) [0x00007f376f1d9cc0, 0x00007f376f1d9f08] 
[1,555s][debug  ][gc,nmethod     ] GC(0) O: Purge NMethod: java.lang.String.equals (0x00007f374fa13c90) [0x00007f374fa13e60, 0x00007f374fa142f8] 
[1,555s][debug  ][gc,nmethod     ] GC(0) O: Purge NMethod: java.lang.String.<init> (0x00007f374fa28210) [0x00007f374fa283c0, 0x00007f374fa28598] 
[1,555s][debug  ][gc,nmethod     ] GC(0) O: Purge NMethod: java.util.Collections.emptyList (0x00007f374fb8cd90) [0x00007f374fb8cf20, 0x00007f374fb8d010] 
[1,555s][debug  ][gc,nmethod     ] GC(0) O: Purge NMethod: java.util.concurrent.locks.AbstractQueuedSynchronizer.compareAndSetState (0x00007f374fa56510) [0x00007f374fa566a0, 0x00007f374fa567c0] 
[1,555s][debug  ][gc,nmethod     ] GC(0) O: Purge NMethod: java.io.BufferedInputStream.read (0x00007f376f1d4790) [0x00007f376f1d49c0, 0x00007f376f1d5230] 
[1,555s][debug  ][gc,nmethod     ] GC(0) O: Purge NMethod: java.io.BufferedReader.read (0x00007f374fd83990) [0x00007f374fd83c60, 0x00007f374fd84c20] 
[1,555s][debug  ][gc,nmethod     ] GC(0) O: Purge NMethod: java.lang.String.hashCode (0x00007f374fa10310) [0x00007f374fa104e0, 0x00007f374fa10890] 
[1,555s][debug  ][gc,nmethod     ] GC(0) O: Purge NMethod: java.util.ArrayList.get (0x00007f374fa7c690) [0x00007f374fa7c840, 0x00007f374fa7caf0] 
[1,555s][debug  ][gc,nmethod     ] GC(0) O: Purge NMethod: java.util.zip.ZipUtils.LG (0x00007f374fa6cb90) [0x00007f374fa6cd40, 0x00007f374fa6cfa0] 
[1,555s][debug  ][gc,nmethod     ] GC(0) O: Purge NMethod: java.util.HashMap.put (0x00007f374fa38610) [0x00007f374fa387e0, 0x00007f374fa38ad8] 
[1,555s][debug  ][gc,nmethod     ] GC(0) O: Purge NMethod: java.lang.AbstractStringBuilder.<init> (0x00007f374fa61490) [0x00007f374fa61640, 0x00007f374fa618d0] 
[1,555s][debug  ][gc,nmethod     ] GC(0) O: Purge NMethod: jdk.internal.org.objectweb.asm.SymbolTable$Entry.<init> (0x00007f374fa33b90) [0x00007f374fa33d40, 0x00007f374fa33ec0] 
[1,555s][debug  ][gc,nmethod     ] GC(0) O: Purge NMethod: java.util.zip.ZipFile$Source.checkAndAddEntry (0x00007f374fa72010) [0x00007f374fa72400, 0x00007f374fa73d18] 
[1,555s][debug  ][gc,nmethod     ] GC(0) O: Purge NMethod: java.lang.StringBuilder.length (0x00007f374fa60c90) [0x00007f374fa60e20, 0x00007f374fa60f38] 
[1,555s][debug  ][gc,nmethod     ] GC(0) O: Purge NMethod: jdk.internal.misc.Unsafe.putReferenceRelease (0x00007f374fa6b490) [0x00007f374fa6b620, 0x00007f374fa6b7a0] 
[1,555s][debug  ][gc,nmethod     ] GC(0) O: Purge NMethod: java.lang.StringLatin1.lastIndexOf (0x00007f374fa21c90) [0x00007f374fa21e60, 0x00007f374fa22240] 
[1,555s][debug  ][gc,nmethod     ] GC(0) O: Purge NMethod: java.util.concurrent.locks.ReentrantLock$NonfairSync.initialTryLock (0x00007f376f1c3590) [0x00007f376f1c3720, 0x00007f376f1c38c8] 
[1,555s][debug  ][gc,nmethod     ] GC(0) O: Purge NMethod: java.lang.String.indexOf (0x00007f374fac1510) [0x00007f374fac1740, 0x00007f374fac1d38] 
[1,555s][debug  ][gc,nmethod     ] GC(0) O: Purge NMethod: java.lang.StringBuilder.toString (0x00007f374fa61990) [0x00007f374fa61b40, 0x00007f374fa61d48] 
[1,555s][debug  ][gc,nmethod     ] GC(0) O: Purge NMethod: java.lang.Math.min (0x00007f374fa1d390) [0x00007f374fa1d520, 0x00007f374fa1d650] 
[1,555s][debug  ][gc,nmethod     ] GC(0) O: Purge NMethod: jdk.internal.misc.InternalLock.unlock (0x00007f376f1ef290) [0x00007f376f1ef440, 0x00007f376f1ef770] 
[1,555s][debug  ][gc,nmethod     ] GC(0) O: Purge NMethod: java.nio.Buffer.session (0x00007f374fa88910) [0x00007f374fa88ae0, 0x00007f374fa88dc8] 
[1,555s][debug  ][gc,nmethod     ] GC(0) O: Purge NMethod: jdk.internal.loader.Resource.getBytes (0x00007f374fc0a790) [0x00007f374fc0aae0, 0x00007f374fc0c3d8] 
[1,555s][debug  ][gc,nmethod     ] GC(0) O: Purge NMethod: worker.org.gradle.internal.stream.EncodedStream$EncodedInput.hexToByte (0x00007f374fa58c10) [0x00007f374fa58e40, 0x00007f374fa59490] 
[1,555s][debug  ][gc,nmethod     ] GC(0) O: Purge NMethod: jdk.internal.misc.InternalLock.lock (0x00007f374fa57710) [0x00007f374fa57900, 0x00007f374fa57d28] 
[1,555s][debug  ][gc,nmethod     ] GC(0) O: Purge NMethod: java.util.Optional.empty (0x00007f374fc23910) [0x00007f374fc23aa0, 0x00007f374fc23b90] 
[1,555s][debug  ][gc,nmethod     ] GC(0) O: Purge NMethod: java.util.jar.JarFile.getManifest (0x00007f374fb57c10) [0x00007f374fb57dc0, 0x00007f374fb57ef8] 
[1,555s][debug  ][gc,nmethod     ] GC(0) O: Purge NMethod: jdk.internal.util.ArraysSupport.mismatch (0x00007f376f200f10) [0x00007f376f2010a0, 0x00007f376f201330] 
[1,555s][debug  ][gc,nmethod     ] GC(0) O: Purge NMethod: java.util.jar.JarFile.ensureInitialization (0x00007f374fc16810) [0x00007f374fc16a60, 0x00007f374fc172a8] 
[1,555s][debug  ][gc,nmethod     ] GC(0) O: Purge NMethod: java.util.ImmutableCollections$SetN.probe (0x00007f374fa12410) [0x00007f374fa12600, 0x00007f374fa12bd8] 
[1,555s][debug  ][gc,nmethod     ] GC(0) O: Purge NMethod: java.net.URLClassLoader$1.run (0x00007f374fbdde10) [0x00007f374fbde1e0, 0x00007f374fbdf858] 
[1,555s][debug  ][gc,nmethod     ] GC(0) O: Purge NMethod: java.util.concurrent.locks.ReentrantLock$Sync.tryRelease (0x00007f374fa5b710) [0x00007f374fa5b900, 0x00007f374fa5bd38] 
[1,555s][debug  ][gc,nmethod     ] GC(0) O: Purge NMethod: java.lang.String.<init> (0x00007f374fad4a90) [0x00007f374fad53c0, 0x00007f374fada608] 
[1,555s][debug  ][gc,nmethod     ] GC(0) O: Purge NMethod: java.util.HashMap.getNode (0x00007f376f1d7e10) [0x00007f376f1d7fe0, 0x00007f376f1d8498] 
[1,555s][debug  ][gc,nmethod     ] GC(0) O: Purge NMethod: java.lang.invoke.MethodType.hashCode (0x00007f374fa2a310) [0x00007f374fa2a4e0, 0x00007f374fa2a8d8] 
[1,555s][debug  ][gc,nmethod     ] GC(0) O: Purge NMethod: java.lang.String.indexOf (0x00007f374fa21210) [0x00007f374fa213c0, 0x00007f374fa21500] 
[1,555s][debug  ][gc,nmethod     ] GC(0) O: Purge NMethod: java.util.concurrent.ConcurrentHashMap.tabAt (0x00007f374fa25490) [0x00007f374fa25640, 0x00007f374fa25900] 
[1,555s][debug  ][gc,nmethod     ] GC(0) O: Purge NMethod: java.util.regex.Matcher.search (0x00007f374fb88210) [0x00007f374fb88400, 0x00007f374fb88a78] 
[1,555s][debug  ][gc,nmethod     ] GC(0) O: Purge NMethod: java.lang.Integer.rotateLeft (0x00007f374fafff90) [0x00007f374fb00120, 0x00007f374fb00218] 
[1,555s][debug  ][gc,nmethod     ] GC(0) O: Purge NMethod: java.util.regex.Matcher.search (0x00007f376f1f4b90) [0x00007f376f1f4dc0, 0x00007f376f1f5850] 
[1,555s][debug  ][gc,nmethod     ] GC(0) O: Purge NMethod: java.util.HashMap.newNode (0x00007f374fa34c90) [0x00007f374fa34e40, 0x00007f374fa351c0] 
[1,555s][debug  ][gc,nmethod     ] GC(0) O: Purge NMethod: jdk.internal.util.ArraysSupport.signedHashCode (0x00007f374fa10990) [0x00007f374fa10b40, 0x00007f374fa10d08] 
[1,555s][debug  ][gc,nmethod     ] GC(0) O: Purge NMethod: java.util.HashMap.putVal (0x00007f374fa39410) [0x00007f374fa39700, 0x00007f374fa3a990] 
[1,555s][debug  ][gc,nmethod     ] GC(0) O: Purge NMethod: java.net.URLClassLoader.defineClass (0x00007f374fbe0110) [0x00007f374fbe0660, 0x00007f374fbe2a30] 
[1,555s][debug  ][gc,nmethod     ] GC(0) O: Purge NMethod: java.util.concurrent.ConcurrentHashMap.get (0x00007f374fa2de90) [0x00007f374fa2e100, 0x00007f374fa2eca0] 
[1,555s][debug  ][gc,nmethod     ] GC(0) O: Purge NMethod: java.lang.CharacterDataLatin1.isWhitespace (0x00007f374fc8ef10) [0x00007f374fc8f0c0, 0x00007f374fc8f2c8] 
[1,555s][debug  ][gc,nmethod     ] GC(0) O: Purge NMethod: jdk.internal.loader.URLClassPath$JarLoader.ensureOpen (0x00007f374fab8090) [0x00007f374fab8280, 0x00007f374fab8718] 
[1,555s][debug  ][gc,nmethod     ] GC(0) O: Purge NMethod: java.lang.String.coder (0x00007f374fa1a490) [0x00007f374fa1a620, 0x00007f374fa1a750] 
[1,555s][debug  ][gc,nmethod     ] GC(0) O: Purge NMethod: java.lang.String.replace (0x00007f374fa6ae10) [0x00007f374fa6afe0, 0x00007f374fa6b368] 
[1,555s][debug  ][gc,nmethod     ] GC(0) O: Purge NMethod: jdk.internal.util.ArraysSupport.vectorizedHashCode (0x00007f376f1c8210) [0x00007f376f1c83a0, 0x00007f376f1c85e0] 
[1,555s][debug  ][gc,nmethod     ] GC(0) O: Purge NMethod: java.lang.String.toString (0x00007f374fa7fa90) [0x00007f374fa7fc20, 0x00007f374fa7fd28] 
[1,555s][debug  ][gc,nmethod     ] GC(0) O: Purge NMethod: java.nio.DirectIntBufferU.ix (0x00007f374fbe4690) [0x00007f374fbe4820, 0x00007f374fbe4938] 
[1,555s][debug  ][gc,nmethod     ] GC(0) O: Purge NMethod: java.util.ImmutableCollections$SetN$SetNIterator.next (0x00007f374fa24d90) [0x00007f374fa24f60, 0x00007f374fa252e8] 
[1,555s][debug  ][gc,nmethod     ] GC(0) O: Purge NMethod: jdk.internal.org.objectweb.asm.ByteVector.putByte (0x00007f374fa65a90) [0x00007f374fa65c40, 0x00007f374fa65e80] 
[1,555s][debug  ][gc,nmethod     ] GC(0) O: Purge NMethod: java.util.concurrent.ConcurrentHashMap.setTabAt (0x00007f374fa6b810) [0x00007f374fa6b9c0, 0x00007f374fa6bbb0] 
[1,555s][debug  ][gc,nmethod     ] GC(0) O: Purge NMethod: java.util.LinkedHashMap.get (0x00007f374fa9c990) [0x00007f374fa9cb60, 0x00007f374fa9cdd8] 
[1,555s][debug  ][gc,nmethod     ] GC(0) O: Purge NMethod: java.lang.String.startsWith (0x00007f374fd91010) [0x00007f374fd91240, 0x00007f374fd91a60] 
[1,555s][debug  ][gc,nmethod     ] GC(0) O: Purge NMethod: java.lang.StringBuilder.append (0x00007f374fa54d90) [0x00007f374fa54f40, 0x00007f374fa55088] 
[1,556s][debug  ][gc,nmethod     ] GC(0) O: Purge NMethod: java.util.zip.ZipFile$Source.isMetaName (0x00007f376f1d7210) [0x00007f376f1d73c0, 0x00007f376f1d7620] 
[1,556s][debug  ][gc,nmethod     ] GC(0) O: Purge NMethod: jdk.internal.misc.Unsafe.allocateUninitializedArray0 (0x00007f374fa66690) [0x00007f374fa668a0, 0x00007f374fa67150] 
[1,556s][debug  ][gc,nmethod     ] GC(0) O: Purge NMethod: java.lang.String.hashCode (0x00007f376f1b9010) [0x00007f376f1b91c0, 0x00007f376f1b94f8] 
[1,556s][debug  ][gc,nmethod     ] GC(0) O: Purge NMethod: java.lang.StringCoding.countPositives (0x00007f376f1c7210) [0x00007f376f1c73a0, 0x00007f376f1c7540] 
[1,556s][debug  ][gc,nmethod     ] GC(0) O: Purge NMethod: java.lang.String.regionMatches (0x00007f374fa96e10) [0x00007f374fa97060, 0x00007f374fa97898] 
[1,556s][debug  ][gc,nmethod     ] GC(0) O: Purge NMethod: java.lang.String.startsWith (0x00007f374fa1da90) [0x00007f374fa1dce0, 0x00007f374fa1e560] 
[1,556s][debug  ][gc,nmethod     ] GC(0) O: Purge NMethod: java.util.stream.ReduceOps$ReduceOp.evaluateSequential (0x00007f374fcfa890) [0x00007f374fcfaa60, 0x00007f374fcfaec8] 
[1,556s][debug  ][gc,nmethod     ] GC(0) O: Purge NMethod: java.util.HashMap.getNode (0x00007f374fa37190) [0x00007f374fa373e0, 0x00007f374fa38008] 
[1,556s][debug  ][gc,nmethod     ] GC(0) O: Purge NMethod: java.util.concurrent.locks.AbstractQueuedSynchronizer.signalNext (0x00007f374fd85110) [0x00007f374fd85300, 0x00007f374fd857f0] 
[1,556s][debug  ][gc,nmethod     ] GC(0) O: Purge NMethod: java.lang.StringLatin1.indexOf (0x00007f376f1dab90) [0x00007f376f1dad20, 0x00007f376f1db258] 
[1,556s][debug  ][gc,nmethod     ] GC(0) O: Purge NMethod: java.lang.String.isLatin1 (0x00007f374fa1ac90) [0x00007f374fa1ae20, 0x00007f374fa1af90] 
[1,556s][debug  ][gc,nmethod     ] GC(0) O: Purge NMethod: jdk.internal.loader.Resource.getBytes (0x00007f374fc38310) [0x00007f374fc38660, 0x00007f374fc39fb8] 
[1,556s][debug  ][gc,nmethod     ] GC(0) O: Purge NMethod: java.lang.String.<init> (0x00007f374fbd3a10) [0x00007f374fbd3e20, 0x00007f374fbd5908] 
[1,556s][debug  ][gc,nmethod     ] GC(0) O: Purge NMethod: sun.net.www.ParseUtil.firstEncodeIndex (0x00007f376f206710) [0x00007f376f2068c0, 0x00007f376f206bd8] 
[1,556s][debug  ][gc,nmethod     ] GC(0) O: Purge NMethod: java.util.jar.JarFile.getEntry (0x00007f374fc29a90) [0x00007f374fc29c80, 0x00007f374fc2a0f8] 
[1,556s][debug  ][gc,nmethod     ] GC(0) O: Purge NMethod: java.util.HashMap.resize (0x00007f376f1d1590) [0x00007f376f1d17c0, 0x00007f376f1d2610] 
[1,556s][debug  ][gc,nmethod     ] GC(0) O: Purge NMethod: java.lang.AbstractStringBuilder.append (0x00007f374fa4ce90) [0x00007f374fa4d0a0, 0x00007f374fa4d630] 
[1,556s][debug  ][gc,nmethod     ] GC(0) O: Purge NMethod: java.util.HashMap.afterNodeInsertion (0x00007f374fa38310) [0x00007f374fa384a0, 0x00007f374fa385a0] 
[1,556s][debug  ][gc,nmethod     ] GC(0) O: Purge NMethod: java.io.BufferedInputStream.getBufIfOpen (0x00007f374fa57010) [0x00007f374fa571e0, 0x00007f374fa57628] 
[1,556s][debug  ][gc,nmethod     ] GC(0) O: Purge NMethod: sun.reflect.generics.parser.SignatureParser.current (0x00007f374fbf6390) [0x00007f374fbf65a0, 0x00007f374fbf6ce0] 
[1,556s][debug  ][gc,nmethod     ] GC(0) O: Purge NMethod: java.nio.DirectLongBufferU.ix (0x00007f374fa90410) [0x00007f374fa905a0, 0x00007f374fa906b8] 
[1,556s][debug  ][gc,nmethod     ] GC(0) O: Purge NMethod: java.util.concurrent.locks.AbstractQueuedSynchronizer.signalNext (0x00007f376f1d3a10) [0x00007f376f1d3b80, 0x00007f376f1d3c00] 
[1,556s][debug  ][gc,nmethod     ] GC(0) O: Purge NMethod: java.util.zip.ZipFile.ensureOpen (0x00007f374fa80e90) [0x00007f374fa81060, 0x00007f374fa81348] 
[1,556s][debug  ][gc,nmethod     ] GC(0) O: Purge NMethod: java.lang.CharacterDataLatin1.toUpperCaseEx (0x00007f374faf3e10) [0x00007f374faf3fc0, 0x00007f374faf4270] 
[1,556s][debug  ][gc,nmethod     ] GC(0) O: Purge NMethod: java.lang.String.startsWith (0x00007f376f20a510) [0x00007f376f20a6c0, 0x00007f376f20aa08] 
[1,556s][debug  ][gc,nmethod     ] GC(0) O: Purge NMethod: java.util.concurrent.locks.ReentrantLock$Sync.tryRelease (0x00007f376f1d3510) [0x00007f376f1d36c0, 0x00007f376f1d3918] 
[1,556s][debug  ][gc,nmethod     ] GC(0) O: Purge NMethod: jdk.internal.org.objectweb.asm.Symbol.<init> (0x00007f374fa30b90) [0x00007f374fa30d40, 0x00007f374fa31018] 
[1,556s][debug  ][gc,phases      ] GC(0) O: Concurrent Classes Purge 1,222ms
[1,556s][debug  ][gc,phases,start] GC(0) O: Concurrent References Enqueue
[1,556s][debug  ][gc,phases      ] GC(0) O: Concurrent References Enqueue 0,004ms
[1,556s][info   ][gc,phases      ] GC(0) O: Concurrent Process Non-Strong 4,980ms
[1,556s][debug  ][gc,phases,start] GC(0) O: Concurrent Reset Relocation Set
[1,556s][info   ][gc,phases      ] GC(0) O: Concurrent Reset Relocation Set 0,005ms
[1,556s][debug  ][gc,phases,start] GC(0) O: Concurrent Select Relocation Set
[1,556s][debug  ][gc,reloc       ] Synchronize all workers 1 _nworkers: 0 _nsynchronized: 0
[1,556s][debug  ][gc,reloc       ] Synchronize all workers 1 _nworkers: 0 _nsynchronized: 0
[1,556s][debug  ][gc,reloc       ] Desynchronize all workers _nworkers: 0 _nsynchronized: 0
[1,556s][debug  ][gc,reloc       ] Desynchronize all workers _nworkers: 0 _nsynchronized: 0
[1,556s][debug  ][gc,reloc       ] GC(0) O: Relocation Set (Medium Pages): 0->0, 0 skipped, 0 forwarding entries
[1,556s][debug  ][gc,reloc       ] GC(0) O: Relocation Set (Small Pages): 0->0, 0 skipped, 0 forwarding entries
[1,556s][debug  ][gc,task        ] GC(0) O: Executing ZRelocationSetInstallTask using ZWorkerOld with 1 workers
[1,556s][info   ][gc,phases      ] GC(0) O: Concurrent Select Relocation Set 0,617ms
[1,556s][debug  ][gc,phases,start] GC(0) O: Concurrent Remap Roots
[1,556s][info   ][gc,task        ] GC(0) O: Using 2 Workers for Old Generation
[1,556s][debug  ][gc,task        ] GC(0) O: Executing ZRemapYoungRootsTask using ZWorkerOld with 2 workers
[1,557s][debug  ][gc,nmethod     ] Register NMethod: com.google.protobuf.GeneratedMessageV3$Builder.onChanged (0x00007f374fa3e890) [0x00007f374fa3ea40, 0x00007f374fa3ecb8] Compiler: c1, Barriers: 1, Oops: 1, ImmediateOops: 0, NonImmediateOops: No
[1,559s][debug  ][gc,nmethod     ] Register NMethod: java.nio.ByteBuffer.arrayOffset (0x00007f374fa7c690) [0x00007f374fa7c860, 0x00007f374fa7cb58] Compiler: c1, Barriers: 1, Oops: 0, ImmediateOops: 0, NonImmediateOops: No
[1,560s][debug  ][gc,nmethod     ] Register NMethod: java.nio.CharBuffer.arrayOffset (0x00007f374fa29190) [0x00007f374fa29360, 0x00007f374fa29658] Compiler: c1, Barriers: 1, Oops: 0, ImmediateOops: 0, NonImmediateOops: No
[1,560s][debug  ][gc,nmethod     ] Register NMethod: java.nio.ByteBuffer.position (0x00007f374fa16b90) [0x00007f374fa16d40, 0x00007f374fa16e88] Compiler: c1, Barriers: 0, Oops: 0, ImmediateOops: 0, NonImmediateOops: No
[1,560s][debug  ][gc,nmethod     ] Register NMethod: java.nio.CharBuffer.position (0x00007f374fa27490) [0x00007f374fa27640, 0x00007f374fa27788] Compiler: c1, Barriers: 0, Oops: 0, ImmediateOops: 0, NonImmediateOops: No
[1,560s][debug  ][gc,nmethod     ] Register NMethod: java.nio.CharBuffer.position (0x00007f374fa33b90) [0x00007f374fa33d40, 0x00007f374fa33ee8] Compiler: c1, Barriers: 0, Oops: 0, ImmediateOops: 0, NonImmediateOops: No
[1,560s][debug  ][gc,nmethod     ] Register NMethod: java.nio.Buffer.remaining (0x00007f374fa3f490) [0x00007f374fa3f620, 0x00007f374fa3f7a0] Compiler: c1, Barriers: 0, Oops: 0, ImmediateOops: 0, NonImmediateOops: No
[1,560s][debug  ][gc,nmethod     ] Register NMethod: java.nio.Buffer.capacity (0x00007f376f1c2f90) [0x00007f376f1c3120, 0x00007f376f1c31e0] Compiler: c1, Barriers: 0, Oops: 0, ImmediateOops: 0, NonImmediateOops: No
[1,560s][debug  ][gc,nmethod     ] Register NMethod: java.nio.charset.CoderResult.isUnderflow (0x00007f374fa4ab10) [0x00007f374fa4aca0, 0x00007f374fa4ae00] Compiler: c1, Barriers: 0, Oops: 0, ImmediateOops: 0, NonImmediateOops: No
[1,560s][debug  ][gc,nmethod     ] Register NMethod: java.nio.charset.CharsetEncoder.maxBytesPerChar (0x00007f376f1c7210) [0x00007f376f1c73a0, 0x00007f376f1c7460] Compiler: c1, Barriers: 0, Oops: 0, ImmediateOops: 0, NonImmediateOops: No
[1,560s][debug  ][gc,nmethod     ] Register NMethod: java.nio.Buffer.limit (0x00007f374fa65a90) [0x00007f374fa65c40, 0x00007f374fa65ee8] Compiler: c1, Barriers: 0, Oops: 0, ImmediateOops: 0, NonImmediateOops: No
[1,560s][debug  ][gc,nmethod     ] Register NMethod: java.lang.ThreadLocal$ThreadLocalMap.getEntry (0x00007f374fab8090) [0x00007f374fab8260, 0x00007f374fab8680] Compiler: c1, Barriers: 2, Oops: 0, ImmediateOops: 0, NonImmediateOops: No
[1,560s][debug  ][gc,nmethod     ] Register NMethod: java.io.FileInputStream.readBytes (0x00007f376f1cfb10) [0x00007f376f1cfca0, 0x00007f376f1cfe80] Compiler: , Barriers: 0, Oops: 0, ImmediateOops: 0, NonImmediateOops: No
[1,561s][debug  ][gc,nmethod     ] Register NMethod: java.io.FileDescriptor.<init> (0x00007f374fa34410) [0x00007f374fa345a0, 0x00007f374fa34718] Compiler: c1, Barriers: 0, Oops: 0, ImmediateOops: 0, NonImmediateOops: No
[1,562s][debug  ][gc,nmethod     ] Register NMethod: jdk.internal.loader.URLClassPath$JarLoader$2.getCodeSourceURL (0x00007f376f217f90) [0x00007f376f218120, 0x00007f376f218220] Compiler: c2, Barriers: 2, Oops: 0, ImmediateOops: 0, NonImmediateOops: No
[1,562s][debug  ][gc,nmethod     ] Register NMethod: java.lang.invoke.DirectMethodHandle$Holder.newInvokeSpecial (0x00007f374fa4ce90) [0x00007f374fa4d080, 0x00007f374fa4d700] Compiler: c1, Barriers: 2, Oops: 0, ImmediateOops: 1, NonImmediateOops: No
[1,563s][info   ][gc,task        ] GC(0) O: Using 1 Workers for Old Generation
[1,563s][debug  ][gc,nmethod     ] Register NMethod: sun.net.util.IPAddressUtil.scan (0x00007f376f1c8210) [0x00007f376f1c83a0, 0x00007f376f1c84d8] Compiler: c2, Barriers: 1, Oops: 0, ImmediateOops: 0, NonImmediateOops: No
[1,563s][info   ][gc,phases      ] GC(0) O: Concurrent Remap Roots 7,137ms
[1,563s][debug  ][gc,reloc       ] Synchronize all workers 1 _nworkers: 0 _nsynchronized: 0
[1,564s][debug  ][gc,reloc       ] Synchronize all workers 1 _nworkers: 0 _nsynchronized: 0
[1,564s][debug  ][gc,phases,start] GC(0) O: Pause Relocate Start
[1,564s][debug  ][gc,reloc       ] GC(0) O: Joining workers: 1
[1,564s][info   ][gc,phases      ] GC(0) O: Pause Relocate Start 0,022ms
[1,564s][debug  ][gc,reloc       ] Desynchronize all workers _nworkers: 1 _nsynchronized: 0
[1,564s][debug  ][gc,reloc       ] Desynchronize all workers _nworkers: 0 _nsynchronized: 0
[1,564s][debug  ][gc,phases,start] GC(0) O: Concurrent Relocate
[1,564s][debug  ][gc,task        ] GC(0) O: Executing ZRelocateStoreBufferInstallBasePointersTask using ZWorkerOld with 1 workers
[1,564s][debug  ][gc             ] JNI Critical Stall (Test worker) 0,099ms
[1,564s][debug  ][gc,task        ] GC(0) O: Executing ZRelocateTask using ZWorkerOld with 1 workers
[1,564s][debug  ][gc,reloc       ] GC(0) O: Leaving workers: left: 0 _synchronize: 0 _nsynchronized: 0
[1,564s][info   ][gc,phases      ] GC(0) O: Concurrent Relocate 0,129ms
[1,564s][debug  ][gc,heap        ] GC(0) O: Heap after GC invocations=1 (full 1):
[1,564s][debug  ][gc,heap        ] GC(0) O:  ZHeap           used 54M, capacity 5120M, max capacity 15360M
[1,564s][debug  ][gc,heap        ] GC(0) O:  Metaspace       used 22263K, committed 22528K, reserved 1114112K
[1,564s][debug  ][gc,heap        ] GC(0) O:   class space    used 2488K, committed 2624K, reserved 1048576K
[1,564s][info   ][gc,alloc       ] GC(0) O:                         Mark Start        Mark End      Relocate Start    Relocate End   
[1,564s][info   ][gc,alloc       ] GC(0) O: Allocation Stalls:          0                0                0                0         
[1,564s][info   ][gc,load        ] GC(0) O: Load: 1,94 (10%) / 1,93 (10%) / 4,96 (25%)
[1,564s][info   ][gc,mmu         ] GC(0) O: MMU: 2ms/96,9%, 5ms/98,8%, 10ms/99,2%, 20ms/99,4%, 50ms/99,7%, 100ms/99,9%
[1,564s][info   ][gc,marking     ] GC(0) O: Mark: 1 stripe(s), 1 proactive flush(es), 1 terminate flush(es), 0 completion(s), 0 continuation(s) 
[1,564s][info   ][gc,marking     ] GC(0) O: Mark Stack Usage: 0M
[1,564s][info   ][gc,nmethod     ] GC(0) O: NMethods: 1690 registered, 229 unregistered
[1,564s][info   ][gc,metaspace   ] GC(0) O: Metaspace: 21M used, 22M committed, 1088M reserved
[1,564s][info   ][gc,ref         ] GC(0) O:                       Encountered   Discovered     Enqueued 
[1,564s][info   ][gc,ref         ] GC(0) O: Soft References:             3630            0            0 
[1,564s][info   ][gc,ref         ] GC(0) O: Weak References:             1937            0            0 
[1,564s][info   ][gc,ref         ] GC(0) O: Final References:               0            0            0 
[1,564s][info   ][gc,ref         ] GC(0) O: Phantom References:           797            0            0 
[1,564s][info   ][gc,heap        ] GC(0) O: Min Capacity: 5120M(33%)
[1,564s][info   ][gc,heap        ] GC(0) O: Max Capacity: 15360M(100%)
[1,564s][info   ][gc,heap        ] GC(0) O: Soft Max Capacity: 15360M(100%)
[1,564s][info   ][gc,heap        ] GC(0) O: Heap Statistics:
[1,564s][info   ][gc,heap        ] GC(0) O:                Mark Start          Mark End        Relocate Start      Relocate End           High               Low         
[1,564s][info   ][gc,heap        ] GC(0) O:  Capacity:     5120M (33%)        5120M (33%)        5120M (33%)        5120M (33%)        5120M (33%)        5120M (33%)    
[1,564s][info   ][gc,heap        ] GC(0) O:      Free:    15274M (99%)       15306M (100%)      15306M (100%)      15306M (100%)      15308M (100%)      15268M (99%)    
[1,564s][info   ][gc,heap        ] GC(0) O:      Used:       86M (1%)           54M (0%)           54M (0%)           54M (0%)           92M (1%)           52M (0%)     
[1,564s][info   ][gc,heap        ] GC(0) O: Old Generation Statistics:
[1,564s][info   ][gc,heap        ] GC(0) O:                Mark Start          Mark End        Relocate Start      Relocate End    
[1,564s][info   ][gc,heap        ] GC(0) O:      Used:        0M (0%)            0M (0%)            0M (0%)            0M (0%)     
[1,564s][info   ][gc,heap        ] GC(0) O:      Live:         -                 0M (0%)            0M (0%)            0M (0%)     
[1,564s][info   ][gc,heap        ] GC(0) O:   Garbage:         -                 0M (0%)            0M (0%)            0M (0%)     
[1,564s][info   ][gc,heap        ] GC(0) O: Allocated:         -                 0M (0%)            0M (0%)            0M (0%)     
[1,564s][info   ][gc,heap        ] GC(0) O: Reclaimed:         -                  -                 0M (0%)            0M (0%)     
[1,564s][info   ][gc,heap        ] GC(0) O: Compacted:         -                  -                  -                 0M (0%)     
[1,564s][info   ][gc,phases      ] GC(0) O: Old Generation 54M(0%)->54M(0%) 0,015s
[1,564s][info   ][gc             ] GC(0) Major Collection (Metadata GC Threshold) 86M(1%)->54M(0%) 0,033s
[1,564s][debug  ][gc,nmethod     ] Register NMethod: sun.net.util.IPAddressUtil.checkHostString (0x00007f376f1b9010) [0x00007f376f1b91a0, 0x00007f376f1b9310] Compiler: c2, Barriers: 1, Oops: 2, ImmediateOops: 0, NonImmediateOops: No
[1,565s][debug  ][gc,director    ] Rule Major: Warmup 10%, Used: 54MB, UsedThreshold: 1536MB
[1,566s][debug  ][gc,nmethod     ] Register NMethod: java.lang.Math.clamp (0x00007f376f1d7510) [0x00007f376f1d7680, 0x00007f376f1d7720] Compiler: c2, Barriers: 0, Oops: 0, ImmediateOops: 0, NonImmediateOops: No
[1,568s][debug  ][gc,nmethod     ] Register NMethod: java.lang.String.indexOf (0x00007f376f1d3510) [0x00007f376f1d36c0, 0x00007f376f1d3b10] Compiler: c2, Barriers: 2, Oops: 0, ImmediateOops: 0, NonImmediateOops: No
[1,568s][debug  ][gc,nmethod     ] Register NMethod: java.lang.invoke.MethodHandle.linkToSpecial (0x00007f376f1d7210) [0x00007f376f1d7380, 0x00007f376f1d7478] Compiler: , Barriers: 0, Oops: 0, ImmediateOops: 0, NonImmediateOops: No
[1,569s][debug  ][gc,nmethod     ] Register NMethod: java.lang.invoke.MethodHandle.invokeBasic (0x00007f376f1d9b10) [0x00007f376f1d9ca0, 0x00007f376f1d9f38] Compiler: , Barriers: 0, Oops: 0, ImmediateOops: 0, NonImmediateOops: No
[1,569s][debug  ][gc,nmethod     ] Register NMethod: java.lang.invoke.MethodHandle.linkToSpecial (0x00007f376f1eea10) [0x00007f376f1eeb80, 0x00007f376f1eec78] Compiler: , Barriers: 0, Oops: 0, ImmediateOops: 0, NonImmediateOops: No
[1,573s][debug  ][gc,nmethod     ] Register NMethod: java.lang.invoke.MethodHandle.linkToStatic (0x00007f376f1ee710) [0x00007f376f1ee880, 0x00007f376f1ee970] Compiler: , Barriers: 0, Oops: 0, ImmediateOops: 0, NonImmediateOops: No
[1,574s][debug  ][gc,nmethod     ] Register NMethod: java.util.Arrays.copyOf (0x00007f376f206710) [0x00007f376f2068a0, 0x00007f376f206ca0] Compiler: c2, Barriers: 0, Oops: 0, ImmediateOops: 0, NonImmediateOops: No
[1,574s][debug  ][gc,nmethod     ] Register NMethod: java.lang.ref.SoftReference.get (0x00007f374fa93390) [0x00007f374fa93540, 0x00007f374fa93718] Compiler: c1, Barriers: 2, Oops: 0, ImmediateOops: 1, NonImmediateOops: No
[1,575s][debug  ][gc,nmethod     ] Register NMethod: java.io.FileInputStream.read (0x00007f374fa34c90) [0x00007f374fa34e60, 0x00007f374fa35080] Compiler: c1, Barriers: 0, Oops: 0, ImmediateOops: 0, NonImmediateOops: No
[1,575s][debug  ][gc,nmethod     ] Register NMethod: java.io.FileDescriptor.attach (0x00007f374fbf6390) [0x00007f374fbf6600, 0x00007f374fbf71c8] Compiler: c1, Barriers: 16, Oops: 0, ImmediateOops: 1, NonImmediateOops: No
[1,575s][debug  ][gc,nmethod     ] Register NMethod: java.lang.invoke.MethodHandle.isSafeToCache (0x00007f374fbcdb10) [0x00007f374fbcdcc0, 0x00007f374fbcde68] Compiler: c1, Barriers: 1, Oops: 0, ImmediateOops: 0, NonImmediateOops: No
[1,575s][debug  ][gc,nmethod     ] Register NMethod: java.io.FileDescriptor.valid (0x00007f374fa28210) [0x00007f374fa283a0, 0x00007f374fa28540] Compiler: c1, Barriers: 0, Oops: 0, ImmediateOops: 0, NonImmediateOops: No
[1,575s][debug  ][gc,nmethod     ] Register NMethod: java.lang.StringBuilder.<init> (0x00007f374fa4c010) [0x00007f374fa4c1c0, 0x00007f374fa4c2f8] Compiler: c1, Barriers: 0, Oops: 0, ImmediateOops: 0, NonImmediateOops: No
[1,575s][debug  ][gc,nmethod     ] Register NMethod: java.lang.AbstractStringBuilder.<init> (0x00007f374fa15910) [0x00007f374fa15b00, 0x00007f374fa160b0] Compiler: c1, Barriers: 4, Oops: 0, ImmediateOops: 0, NonImmediateOops: No
[1,576s][debug  ][gc,director    ] Rule Major: Warmup 10%, Used: 56MB, UsedThreshold: 1536MB
[1,576s][debug  ][gc,nmethod     ] Register NMethod: java.io.FileDescriptor$1.get (0x00007f374fa5e090) [0x00007f374fa5e220, 0x00007f374fa5e328] Compiler: c1, Barriers: 0, Oops: 0, ImmediateOops: 0, NonImmediateOops: No
[1,576s][debug  ][gc,nmethod     ] Register NMethod: java.io.FileDescriptor$1.getHandle (0x00007f374fbe4690) [0x00007f374fbe4820, 0x00007f374fbe4930] Compiler: c1, Barriers: 0, Oops: 0, ImmediateOops: 0, NonImmediateOops: No
[1,576s][debug  ][gc,nmethod     ] Register NMethod: java.io.FileCleanable.<init> (0x00007f374fa3b890) [0x00007f374fa3ba40, 0x00007f374fa3bba8] Compiler: c1, Barriers: 0, Oops: 0, ImmediateOops: 0, NonImmediateOops: No
[1,576s][debug  ][gc,nmethod     ] Register NMethod: java.io.FileDescriptor.registerCleanup (0x00007f374fc30a90) [0x00007f374fc30c60, 0x00007f374fc31138] Compiler: c1, Barriers: 4, Oops: 1, ImmediateOops: 1, NonImmediateOops: No
[1,576s][debug  ][gc,nmethod     ] Register NMethod: java.io.FileCleanable.register (0x00007f374fa96e10) [0x00007f374fa97020, 0x00007f374fa97880] Compiler: c1, Barriers: 4, Oops: 2, ImmediateOops: 2, NonImmediateOops: No
[1,577s][debug  ][gc,nmethod     ] Register NMethod: jdk.internal.loader.Resource.getManifest (0x00007f376f1ef610) [0x00007f376f1ef7a0, 0x00007f376f1ef868] Compiler: c1, Barriers: 0, Oops: 0, ImmediateOops: 0, NonImmediateOops: No
[1,577s][debug  ][gc,nmethod     ] Register NMethod: jdk.internal.loader.Resource.getCodeSigners (0x00007f376f1ef290) [0x00007f376f1ef420, 0x00007f376f1ef4e8] Compiler: c1, Barriers: 0, Oops: 0, ImmediateOops: 0, NonImmediateOops: No
[1,581s][debug  ][gc,nmethod     ] Register NMethod: java.lang.String.hashCode (0x00007f376f20a510) [0x00007f376f20a6e0, 0x00007f376f20aa38] Compiler: c2, Barriers: 1, Oops: 0, ImmediateOops: 0, NonImmediateOops: No
[1,584s][debug  ][gc,nmethod     ] Register NMethod: sun.nio.fs.UnixPath.isEmpty (0x00007f374fa47790) [0x00007f374fa47920, 0x00007f374fa47ab8] Compiler: c1, Barriers: 1, Oops: 0, ImmediateOops: 0, NonImmediateOops: No
[1,586s][debug  ][gc,director    ] Rule Major: Warmup 10%, Used: 56MB, UsedThreshold: 1536MB
[1,586s][debug  ][gc,nmethod     ] Register NMethod: java.util.jar.JarFile.ensureInitialization (0x00007f374fc4f910) [0x00007f374fc4fb60, 0x00007f374fc503a8] Compiler: c1, Barriers: 4, Oops: 0, ImmediateOops: 2, NonImmediateOops: No
[1,586s][debug  ][gc,nmethod     ] Register NMethod: java.util.jar.JarFile.ensureInitialization (0x00007f374fc4f910) [0x00007f374fc4fb60, 0x00007f374fc503a8] Compiler: c1, Barriers: 4, Oops: 0, ImmediateOops: 2, NonImmediateOops: No
[1,586s][debug  ][gc,nmethod     ] Register NMethod: java.util.jar.JarFile.ensureInitialization (0x00007f374fc4f910) [0x00007f374fc4fb60, 0x00007f374fc503a8] Compiler: c1, Barriers: 4, Oops: 0, ImmediateOops: 4, NonImmediateOops: No
[1,586s][debug  ][gc,nmethod     ] Register NMethod: java.util.jar.JarFile.ensureInitialization (0x00007f374fc4f910) [0x00007f374fc4fb60, 0x00007f374fc503a8] Compiler: c1, Barriers: 4, Oops: 0, ImmediateOops: 4, NonImmediateOops: No
[1,596s][debug  ][gc,director    ] Rule Major: Warmup 10%, Used: 58MB, UsedThreshold: 1536MB
[1,603s][debug  ][gc,nmethod     ] Register NMethod: java.lang.invoke.MethodHandle.setAsTypeCache (0x00007f374fa1a490) [0x00007f374fa1a6a0, 0x00007f374fa1ad78] Compiler: c1, Barriers: 14, Oops: 0, ImmediateOops: 2, NonImmediateOops: No
[1,604s][debug  ][gc,nmethod     ] Register NMethod: java.lang.invoke.MemberName.equals (0x00007f374fc29110) [0x00007f374fc293a0, 0x00007f374fc29fc0] Compiler: c1, Barriers: 4, Oops: 0, ImmediateOops: 0, NonImmediateOops: No
[1,606s][debug  ][gc,director    ] Rule Major: Warmup 10%, Used: 58MB, UsedThreshold: 1536MB
[1,606s][debug  ][gc,nmethod     ] Register NMethod: java.lang.Module.isStaticallyExportedOrOpen (0x00007f374fa48110) [0x00007f374fa48320, 0x00007f374fa48a00] Compiler: c1, Barriers: 2, Oops: 0, ImmediateOops: 0, NonImmediateOops: No
[1,610s][debug  ][gc,nmethod     ] Register NMethod: java.lang.Short.<init> (0x00007f374fbcb910) [0x00007f374fbcbac0, 0x00007f374fbcbc80] Compiler: c1, Barriers: 0, Oops: 0, ImmediateOops: 0, NonImmediateOops: No
[1,610s][debug  ][gc,nmethod     ] Register NMethod: java.lang.invoke.Invokers$Holder.linkToTargetMethod (0x00007f374fa95790) [0x00007f374fa95940, 0x00007f374fa95bb0] Compiler: c1, Barriers: 0, Oops: 0, ImmediateOops: 0, NonImmediateOops: No
[1,610s][debug  ][gc,nmethod     ] Register NMethod: java.lang.invoke.MethodType.leadingReferenceParameter (0x00007f374fb70890) [0x00007f374fb70a60, 0x00007f374fb70db0] Compiler: c1, Barriers: 2, Oops: 1, ImmediateOops: 1, NonImmediateOops: No
[1,610s][debug  ][gc,nmethod     ] Register NMethod: java.lang.invoke.MethodHandle.bindTo (0x00007f374fb86d90) [0x00007f374fb86fc0, 0x00007f374fb87680] Compiler: c1, Barriers: 3, Oops: 1, ImmediateOops: 1, NonImmediateOops: No
[1,610s][debug  ][gc,nmethod     ] Register NMethod: java.lang.invoke.BoundMethodHandle.bindArgumentL (0x00007f374faf3a90) [0x00007f374faf3c80, 0x00007f374faf4180] Compiler: c1, Barriers: 4, Oops: 0, ImmediateOops: 0, NonImmediateOops: No
[1,610s][debug  ][gc,nmethod     ] Register NMethod: java.lang.invoke.LambdaFormEditor.bindArgumentL (0x00007f374fa1be90) [0x00007f374fa1c060, 0x00007f374fa1c2f8] Compiler: c1, Barriers: 0, Oops: 0, ImmediateOops: 1, NonImmediateOops: No
[1,610s][debug  ][gc,nmethod     ] Register NMethod: java.lang.invoke.MethodHandle.bindArgumentL (0x00007f374fa66690) [0x00007f374fa668a0, 0x00007f374fa66f30] Compiler: c1, Barriers: 4, Oops: 0, ImmediateOops: 0, NonImmediateOops: No
[1,611s][debug  ][gc,nmethod     ] Register NMethod: java.lang.invoke.MethodHandle.linkToVirtual (0x00007f376f1f1190) [0x00007f376f1f1300, 0x00007f376f1f1328] Compiler: , Barriers: 0, Oops: 0, ImmediateOops: 0, NonImmediateOops: No
[1,611s][debug  ][gc,nmethod     ] Register NMethod: sun.invoke.util.VerifyAccess.isModuleAccessible (0x00007f374fa6a610) [0x00007f374fa6a8e0, 0x00007f374fa6b5b0] Compiler: c1, Barriers: 1, Oops: 0, ImmediateOops: 0, NonImmediateOops: No
[1,611s][debug  ][gc,nmethod     ] Register NMethod: java.lang.invoke.MethodHandle.linkToVirtual (0x00007f376f1f0c90) [0x00007f376f1f0e00, 0x00007f376f1f0e28] Compiler: , Barriers: 0, Oops: 0, ImmediateOops: 0, NonImmediateOops: No
[1,611s][debug  ][gc,nmethod     ] Register NMethod: java.lang.invoke.MethodHandle.linkToVirtual (0x00007f376f1d8410) [0x00007f376f1d8580, 0x00007f376f1d85a8] Compiler: , Barriers: 0, Oops: 0, ImmediateOops: 0, NonImmediateOops: No
[1,611s][debug  ][gc,nmethod     ] Register NMethod: java.lang.invoke.ClassSpecializer$SpeciesData.fieldCount (0x00007f374fad2490) [0x00007f374fad2640, 0x00007f374fad2838] Compiler: c1, Barriers: 1, Oops: 0, ImmediateOops: 0, NonImmediateOops: No
[1,612s][debug  ][gc,reloc       ] Synchronize all workers 1 _nworkers: 0 _nsynchronized: 0
[1,612s][debug  ][gc,reloc       ] Synchronize all workers 1 _nworkers: 0 _nsynchronized: 0
[1,612s][debug  ][gc,reloc       ] Desynchronize all workers _nworkers: 0 _nsynchronized: 0
[1,612s][debug  ][gc,reloc       ] Desynchronize all workers _nworkers: 0 _nsynchronized: 0
[1,613s][debug  ][gc,nmethod     ] Register NMethod: java.lang.Class.getPackageName (0x00007f376f1dab90) [0x00007f376f1dad60, 0x00007f376f1db100] Compiler: c2, Barriers: 6, Oops: 0, ImmediateOops: 0, NonImmediateOops: No
[1,613s][debug  ][gc,nmethod     ] Register NMethod: sun.reflect.generics.tree.SimpleClassTypeSignature.make (0x00007f374fa2a310) [0x00007f374fa2a4c0, 0x00007f374fa2a7b0] Compiler: c1, Barriers: 6, Oops: 0, ImmediateOops: 0, NonImmediateOops: No
[1,613s][debug  ][gc,nmethod     ] Register NMethod: sun.reflect.generics.parser.SignatureParser.parsePackageNameAndSimpleClassTypeSignature (0x00007f374fd90b90) [0x00007f374fd90e80, 0x00007f374fd918d8] Compiler: c1, Barriers: 1, Oops: 1, ImmediateOops: 1, NonImmediateOops: No
[1,613s][debug  ][gc,nmethod     ] Register NMethod: sun.reflect.generics.tree.SimpleClassTypeSignature.<init> (0x00007f374fbe6a90) [0x00007f374fbe6c40, 0x00007f374fbe6e90] Compiler: c1, Barriers: 6, Oops: 0, ImmediateOops: 0, NonImmediateOops: No
[1,614s][debug  ][gc,nmethod     ] Register NMethod: sun.reflect.generics.parser.SignatureParser.parseClassTypeSignatureSuffix (0x00007f374fb2b290) [0x00007f374fb2b480, 0x00007f374fb2b7b0] Compiler: c1, Barriers: 0, Oops: 0, ImmediateOops: 0, NonImmediateOops: No
[1,614s][debug  ][gc,nmethod     ] Register NMethod: sun.reflect.generics.parser.SignatureParser.parseClassTypeSignature (0x00007f374fb58090) [0x00007f374fb58440, 0x00007f374fb597c8] Compiler: c1, Barriers: 11, Oops: 2, ImmediateOops: 3, NonImmediateOops: No
[1,614s][debug  ][gc,nmethod     ] Register NMethod: jdk.internal.reflect.ReflectionFactory.config (0x00007f374fa76b10) [0x00007f374fa76ca0, 0x00007f374fa76da0] Compiler: c1, Barriers: 0, Oops: 0, ImmediateOops: 1, NonImmediateOops: No
[1,615s][debug  ][gc,nmethod     ] Register NMethod: jdk.internal.org.objectweb.asm.Frame.setInputFrameFromDescriptor (0x00007f374fbecb90) [0x00007f374fbecde0, 0x00007f374fbed710] Compiler: c1, Barriers: 12, Oops: 0, ImmediateOops: 0, NonImmediateOops: No
[1,615s][debug  ][gc,nmethod     ] Register NMethod: jdk.internal.org.objectweb.asm.SymbolTable.addConstantUtf8Reference (0x00007f376f1f9e10) [0x00007f376f1fa080, 0x00007f376f1fadf8] Compiler: c2, Barriers: 19, Oops: 0, ImmediateOops: 0, NonImmediateOops: No
[1,616s][debug  ][gc,nmethod     ] Register NMethod: java.lang.invoke.MethodHandle.linkToVirtual (0x00007f376f1d8110) [0x00007f376f1d8280, 0x00007f376f1d82a8] Compiler: , Barriers: 0, Oops: 0, ImmediateOops: 0, NonImmediateOops: No
[1,616s][debug  ][gc,director    ] Rule Major: Warmup 10%, Used: 60MB, UsedThreshold: 1536MB
[1,617s][debug  ][gc,nmethod     ] Register NMethod: org.gradle.internal.io.StreamByteBuffer.access$000 (0x00007f376f1d7e10) [0x00007f376f1d7fa0, 0x00007f376f1d8070] Compiler: c1, Barriers: 1, Oops: 1, ImmediateOops: 0, NonImmediateOops: No
[1,617s][debug  ][gc,nmethod     ] Register NMethod: java.lang.StringCoding.hasNegatives (0x00007f374fb57c10) [0x00007f374fb57dc0, 0x00007f374fb57f38] Compiler: c1, Barriers: 0, Oops: 0, ImmediateOops: 0, NonImmediateOops: No
[1,617s][debug  ][gc,nmethod     ] Register NMethod: org.gradle.internal.io.StreamByteBuffer$StreamByteBufferOutputStream.write (0x00007f374fb46210) [0x00007f374fb463e0, 0x00007f374fb46650] Compiler: c1, Barriers: 3, Oops: 1, ImmediateOops: 0, NonImmediateOops: No
[1,617s][debug  ][gc,nmethod     ] Register NMethod: org.gradle.internal.io.StreamByteBuffer$StreamByteBufferChunk.spaceLeft (0x00007f374fa89210) [0x00007f374fa893a0, 0x00007f374fa894a8] Compiler: c1, Barriers: 0, Oops: 1, ImmediateOops: 0, NonImmediateOops: No
[1,617s][debug  ][gc,nmethod     ] Register NMethod: org.gradle.internal.io.StreamByteBuffer$StreamByteBufferChunk.write (0x00007f374fc8ef10) [0x00007f374fc8f0c0, 0x00007f374fc8f298] Compiler: c1, Barriers: 1, Oops: 1, ImmediateOops: 0, NonImmediateOops: No
[1,617s][debug  ][gc,nmethod     ] Register NMethod: org.gradle.internal.io.StreamByteBuffer.allocateSpace (0x00007f374fbef210) [0x00007f374fbef420, 0x00007f374fbefc20] Compiler: c1, Barriers: 9, Oops: 1, ImmediateOops: 0, NonImmediateOops: No
[1,617s][debug  ][gc,nmethod     ] Register NMethod: org.gradle.internal.io.LineBufferingOutputStream.endsWithLineSeparator (0x00007f374fb4cd90) [0x00007f374fb4cf20, 0x00007f374fb4d0c0] Compiler: c1, Barriers: 0, Oops: 1, ImmediateOops: 0, NonImmediateOops: No
[1,617s][debug  ][gc,nmethod     ] Register NMethod: org.gradle.internal.io.LineBufferingOutputStream.write (0x00007f374fa80e90) [0x00007f374fa81140, 0x00007f374fa81d58] Compiler: c1, Barriers: 4, Oops: 1, ImmediateOops: 2, NonImmediateOops: No
[1,617s][debug  ][gc,nmethod     ] Register NMethod: java.util.Collections$EmptyIterator.hasNext (0x00007f376f203490) [0x00007f376f203620, 0x00007f376f2036e0] Compiler: c1, Barriers: 0, Oops: 0, ImmediateOops: 0, NonImmediateOops: No
[1,618s][debug  ][gc,nmethod     ] Register NMethod: java.nio.file.attribute.FileTime.<init> (0x00007f374fcfab90) [0x00007f374fcfad40, 0x00007f374fcfaf90] Compiler: c1, Barriers: 6, Oops: 0, ImmediateOops: 0, NonImmediateOops: No
[1,618s][debug  ][gc,nmethod     ] Register NMethod: java.nio.file.attribute.FileTime.from (0x00007f374fa70190) [0x00007f374fa70360, 0x00007f374fa70750] Compiler: c1, Barriers: 3, Oops: 1, ImmediateOops: 1, NonImmediateOops: No
[1,619s][debug  ][gc,nmethod     ] Register NMethod: java.lang.invoke.MethodHandle.linkToSpecial (0x00007f376f203190) [0x00007f376f203300, 0x00007f376f2033f8] Compiler: , Barriers: 0, Oops: 0, ImmediateOops: 0, NonImmediateOops: No
[1,619s][debug  ][gc,nmethod     ] Register NMethod: jdk.internal.org.objectweb.asm.MethodWriter.visitEnd (0x00007f376f202e90) [0x00007f376f203000, 0x00007f376f203078] Compiler: c2, Barriers: 0, Oops: 0, ImmediateOops: 0, NonImmediateOops: No
[1,619s][debug  ][gc,nmethod     ] Register NMethod: sun.reflect.generics.parser.SignatureParser.make (0x00007f374fa71390) [0x00007f374fa71540, 0x00007f374fa71730] Compiler: c1, Barriers: 0, Oops: 0, ImmediateOops: 0, NonImmediateOops: No
[1,619s][debug  ][gc,nmethod     ] Register NMethod: sun.reflect.generics.parser.SignatureParser.init (0x00007f374fb4ca10) [0x00007f374fb4cba0, 0x00007f374fb4cd28] Compiler: c1, Barriers: 3, Oops: 0, ImmediateOops: 0, NonImmediateOops: No
[1,619s][debug  ][gc,nmethod     ] Register NMethod: sun.reflect.generics.parser.SignatureParser.<init> (0x00007f374fc57490) [0x00007f374fc57620, 0x00007f374fc57780] Compiler: c1, Barriers: 0, Oops: 0, ImmediateOops: 0, NonImmediateOops: No
[1,620s][debug  ][gc,nmethod     ] Register NMethod: sun.reflect.generics.parser.SignatureParser.parseFieldTypeSignature (0x00007f374fa70f90) [0x00007f374fa71140, 0x00007f374fa71280] Compiler: c1, Barriers: 0, Oops: 0, ImmediateOops: 0, NonImmediateOops: No
[1,620s][debug  ][gc,nmethod     ] Register NMethod: sun.reflect.generics.parser.SignatureParser.parseFieldTypeSignature (0x00007f374fa61490) [0x00007f374fa616e0, 0x00007f374fa61bd0] Compiler: c1, Barriers: 0, Oops: 0, ImmediateOops: 3, NonImmediateOops: No
[1,620s][debug  ][gc,nmethod     ] Register NMethod: sun.reflect.generics.scope.AbstractScope.<init> (0x00007f374fa75e90) [0x00007f374fa76040, 0x00007f374fa76218] Compiler: c1, Barriers: 3, Oops: 0, ImmediateOops: 0, NonImmediateOops: No
[1,620s][debug  ][gc,nmethod     ] Register NMethod: sun.reflect.generics.factory.CoreReflectionFactory.make (0x00007f374fa7f810) [0x00007f374fa7f9c0, 0x00007f374fa7fca8] Compiler: c1, Barriers: 6, Oops: 0, ImmediateOops: 0, NonImmediateOops: No
[1,620s][debug  ][gc,nmethod     ] Register NMethod: sun.reflect.generics.factory.CoreReflectionFactory.<init> (0x00007f374fac9c90) [0x00007f374fac9e40, 0x00007f374faca090] Compiler: c1, Barriers: 6, Oops: 0, ImmediateOops: 0, NonImmediateOops: No
[1,620s][debug  ][gc,nmethod     ] Register NMethod: sun.reflect.generics.visitor.Reifier.make (0x00007f374facb210) [0x00007f374facb3c0, 0x00007f374facb630] Compiler: c1, Barriers: 3, Oops: 0, ImmediateOops: 0, NonImmediateOops: No
[1,620s][debug  ][gc,nmethod     ] Register NMethod: java.lang.reflect.Method.getSharedExceptionTypes (0x00007f376f21e310) [0x00007f376f21e4a0, 0x00007f376f21e590] Compiler: c1, Barriers: 1, Oops: 0, ImmediateOops: 0, NonImmediateOops: No
[1,620s][debug  ][gc,nmethod     ] Register NMethod: sun.reflect.generics.visitor.Reifier.<init> (0x00007f374fb45a10) [0x00007f374fb45bc0, 0x00007f374fb45d98] Compiler: c1, Barriers: 3, Oops: 0, ImmediateOops: 0, NonImmediateOops: No
[1,620s][debug  ][gc,nmethod     ] Register NMethod: sun.reflect.annotation.AnnotationType.memberTypes (0x00007f376f21e010) [0x00007f376f21e1a0, 0x00007f376f21e290] Compiler: c1, Barriers: 1, Oops: 0, ImmediateOops: 0, NonImmediateOops: No
[1,620s][debug  ][gc,nmethod     ] Register NMethod: sun.reflect.annotation.AnnotationType.memberDefaults (0x00007f376f21dc90) [0x00007f376f21de20, 0x00007f376f21df10] Compiler: c1, Barriers: 1, Oops: 0, ImmediateOops: 0, NonImmediateOops: No
[1,620s][debug  ][gc,nmethod     ] Register NMethod: java.lang.System$2.getAnnotationType (0x00007f374fac9910) [0x00007f374fac9aa0, 0x00007f374fac9bf8] Compiler: c1, Barriers: 1, Oops: 0, ImmediateOops: 0, NonImmediateOops: No
[1,620s][debug  ][gc,nmethod     ] Register NMethod: sun.reflect.annotation.AnnotationType.getInstance (0x00007f374fb88210) [0x00007f374fb88420, 0x00007f374fb88a20] Compiler: c1, Barriers: 3, Oops: 0, ImmediateOops: 1, NonImmediateOops: No
[1,620s][debug  ][gc,nmethod     ] Register NMethod: sun.reflect.annotation.AnnotationType.retention (0x00007f376f1c3d10) [0x00007f376f1c3ea0, 0x00007f376f1c3f90] Compiler: c1, Barriers: 1, Oops: 0, ImmediateOops: 0, NonImmediateOops: No
[1,621s][debug  ][gc,nmethod     ] Register NMethod: java.lang.Class$ReflectionData.<init> (0x00007f374facae90) [0x00007f374facb020, 0x00007f374facb180] Compiler: c1, Barriers: 0, Oops: 0, ImmediateOops: 0, NonImmediateOops: No
[1,621s][debug  ][gc,nmethod     ] Register NMethod: java.lang.Class$Atomic.casReflectionData (0x00007f374fa75a90) [0x00007f374fa75c20, 0x00007f374fa75d80] Compiler: c1, Barriers: 5, Oops: 0, ImmediateOops: 0, NonImmediateOops: No
[1,622s][debug  ][gc,nmethod     ] Register NMethod: java.lang.invoke.LambdaForm.expressionCount (0x00007f374fb45610) [0x00007f374fb457a0, 0x00007f374fb458e0] Compiler: c1, Barriers: 1, Oops: 0, ImmediateOops: 0, NonImmediateOops: No
[1,622s][debug  ][gc,nmethod     ] Register NMethod: java.lang.invoke.BoundMethodHandle.tooComplex (0x00007f374faeab90) [0x00007f374faead80, 0x00007f374faeb260] Compiler: c1, Barriers: 3, Oops: 0, ImmediateOops: 0, NonImmediateOops: No
[1,622s][debug  ][gc,nmethod     ] Register NMethod: java.lang.invoke.BoundMethodHandle.fieldCount (0x00007f374faf6a10) [0x00007f374faf6be0, 0x00007f374faf6ee8] Compiler: c1, Barriers: 1, Oops: 0, ImmediateOops: 0, NonImmediateOops: No
[1,622s][debug  ][gc,nmethod     ] Register NMethod: java.lang.invoke.BoundMethodHandle.rebind (0x00007f374fa13790) [0x00007f374fa139a0, 0x00007f374fa13f68] Compiler: c1, Barriers: 3, Oops: 0, ImmediateOops: 0, NonImmediateOops: No
[1,623s][debug  ][gc,nmethod     ] Register NMethod: java.util.concurrent.ConcurrentHashMap.putVal (0x00007f376f244810) [0x00007f376f244aa0, 0x00007f376f245b80] Compiler: c2, Barriers: 29, Oops: 0, ImmediateOops: 0, NonImmediateOops: No
[1,625s][debug  ][gc,nmethod     ] Register NMethod: java.lang.invoke.MethodHandle.linkToStatic (0x00007f376f1c3a10) [0x00007f376f1c3b80, 0x00007f376f1c3c70] Compiler: , Barriers: 0, Oops: 0, ImmediateOops: 0, NonImmediateOops: No
[1,625s][debug  ][gc,nmethod     ] Register NMethod: java.lang.invoke.MethodHandle.linkToStatic (0x00007f376f1c3590) [0x00007f376f1c3700, 0x00007f376f1c37f0] Compiler: , Barriers: 0, Oops: 0, ImmediateOops: 0, NonImmediateOops: No
[1,626s][debug  ][gc,director    ] Rule Major: Warmup 10%, Used: 64MB, UsedThreshold: 1536MB
[1,628s][debug  ][gc,nmethod     ] Register NMethod: java.lang.ref.Cleaner$1.apply (0x00007f376f201990) [0x00007f376f201b20, 0x00007f376f201c10] Compiler: c2, Barriers: 1, Oops: 0, ImmediateOops: 0, NonImmediateOops: No
[1,631s][debug  ][gc,nmethod     ] Register NMethod: java.lang.invoke.DelegatingMethodHandle.chooseDelegatingForm (0x00007f374fa9d010) [0x00007f374fa9d1c0, 0x00007f374fa9d4f0] Compiler: c1, Barriers: 1, Oops: 0, ImmediateOops: 2, NonImmediateOops: No
[1,631s][debug  ][gc,nmethod     ] Register NMethod: java.lang.invoke.DelegatingMethodHandle.<init> (0x00007f374fc16e90) [0x00007f374fc17060, 0x00007f374fc17438] Compiler: c1, Barriers: 1, Oops: 0, ImmediateOops: 2, NonImmediateOops: No
[1,632s][debug  ][gc,nmethod     ] Register NMethod: java.lang.invoke.MethodHandleImpl$IntrinsicMethodHandle.<init> (0x00007f374fb37510) [0x00007f374fb37700, 0x00007f374fb37db0] Compiler: c1, Barriers: 11, Oops: 0, ImmediateOops: 2, NonImmediateOops: No
[1,633s][debug  ][gc,nmethod     ] Register NMethod: java.util.regex.Pattern$Node.<init> (0x00007f374fa9c990) [0x00007f374fa9cb40, 0x00007f374fa9cd20] Compiler: c1, Barriers: 3, Oops: 0, ImmediateOops: 1, NonImmediateOops: No
[1,633s][debug  ][gc,nmethod     ] Register NMethod: net.openhft.chronicle.core.pool.ClassAliasPool$CAPKey.charAt (0x00007f374fc16810) [0x00007f374fc169c0, 0x00007f374fc16bb8] Compiler: c1, Barriers: 1, Oops: 1, ImmediateOops: 0, NonImmediateOops: No
[1,633s][debug  ][gc,nmethod     ] Register NMethod: net.openhft.chronicle.core.pool.ClassAliasPool$CAPKey.length (0x00007f374fc14e90) [0x00007f374fc15040, 0x00007f374fc15238] Compiler: c1, Barriers: 1, Oops: 1, ImmediateOops: 0, NonImmediateOops: No
[1,634s][debug  ][gc,nmethod     ] Register NMethod: java.lang.invoke.SimpleMethodHandle.make (0x00007f374fc14a10) [0x00007f374fc14bc0, 0x00007f374fc14da8] Compiler: c1, Barriers: 0, Oops: 0, ImmediateOops: 0, NonImmediateOops: No
[1,634s][debug  ][gc,nmethod     ] Register NMethod: java.lang.invoke.SimpleMethodHandle.<init> (0x00007f374fc14490) [0x00007f374fc14640, 0x00007f374fc14800] Compiler: c1, Barriers: 0, Oops: 0, ImmediateOops: 0, NonImmediateOops: No
[1,635s][debug  ][gc,nmethod     ] Register NMethod: java.lang.System.checkKey (0x00007f374fa26890) [0x00007f374fa26a60, 0x00007f374fa26e40] Compiler: c1, Barriers: 1, Oops: 0, ImmediateOops: 2, NonImmediateOops: No
[1,635s][debug  ][gc,nmethod     ] Register NMethod: java.lang.invoke.MethodType.methodType (0x00007f374fa26090) [0x00007f374fa26280, 0x00007f374fa26718] Compiler: c1, Barriers: 3, Oops: 0, ImmediateOops: 3, NonImmediateOops: No
[1,635s][debug  ][gc,nmethod     ] Register NMethod: java.lang.invoke.LambdaForm.identityForm (0x00007f374fa6f690) [0x00007f374fa6f840, 0x00007f374fa6fa88] Compiler: c1, Barriers: 2, Oops: 0, ImmediateOops: 2, NonImmediateOops: No
[1,635s][debug  ][gc,nmethod     ] Register NMethod: java.lang.invoke.MethodHandleImpl$IntrinsicMethodHandle.<init> (0x00007f374fd9a910) [0x00007f374fd9ab20, 0x00007f374fd9b238] Compiler: c1, Barriers: 11, Oops: 0, ImmediateOops: 2, NonImmediateOops: No
[1,635s][debug  ][gc,nmethod     ] Register NMethod: java.lang.invoke.MethodHandleImpl.makeIntrinsic (0x00007f374faa5290) [0x00007f374faa54a0, 0x00007f374faa5c30] Compiler: c1, Barriers: 11, Oops: 0, ImmediateOops: 0, NonImmediateOops: No
[1,635s][debug  ][gc,nmethod     ] Register NMethod: java.lang.invoke.DelegatingMethodHandle.rebind (0x00007f374fd9a410) [0x00007f374fd9a5c0, 0x00007f374fd9a838] Compiler: c1, Barriers: 0, Oops: 0, ImmediateOops: 0, NonImmediateOops: No
[1,635s][debug  ][gc,nmethod     ] Register NMethod: java.lang.invoke.MethodHandles.makeIdentity (0x00007f374fa54d90) [0x00007f374fa55020, 0x00007f374fa55af0] Compiler: c1, Barriers: 12, Oops: 1, ImmediateOops: 3, NonImmediateOops: No
[1,635s][debug  ][gc,nmethod     ] Register NMethod: java.lang.invoke.MethodHandle.linkToSpecial (0x00007f376f201690) [0x00007f376f201800, 0x00007f376f2018f8] Compiler: , Barriers: 0, Oops: 0, ImmediateOops: 0, NonImmediateOops: No
[1,636s][debug  ][gc,nmethod     ] Register NMethod: java.lang.invoke.LambdaForm.normalizeNames (0x00007f374fa44010) [0x00007f374fa442e0, 0x00007f374fa455f8] Compiler: c1, Barriers: 14, Oops: 0, ImmediateOops: 0, NonImmediateOops: No
[1,637s][debug  ][gc,director    ] Rule Major: Warmup 10%, Used: 68MB, UsedThreshold: 1536MB
[1,640s][debug  ][gc,nmethod     ] Register NMethod: java.lang.invoke.MethodHandle.linkToStatic (0x00007f376f201390) [0x00007f376f201500, 0x00007f376f2015f0] Compiler: , Barriers: 0, Oops: 0, ImmediateOops: 0, NonImmediateOops: No
[1,640s][debug  ][gc,nmethod     ] Register NMethod: java.lang.invoke.MethodHandle.invokeBasic (0x00007f376f200f10) [0x00007f376f2010a0, 0x00007f376f201338] Compiler: , Barriers: 0, Oops: 0, ImmediateOops: 0, NonImmediateOops: No
[1,640s][debug  ][gc,nmethod     ] Register NMethod: java.lang.invoke.MethodHandle.linkToSpecial (0x00007f376f1d5310) [0x00007f376f1d5480, 0x00007f376f1d5578] Compiler: , Barriers: 0, Oops: 0, ImmediateOops: 0, NonImmediateOops: No
[1,640s][debug  ][gc,nmethod     ] Register NMethod: java.lang.invoke.MethodHandle.linkToStatic (0x00007f376f1d5010) [0x00007f376f1d5180, 0x00007f376f1d5270] Compiler: , Barriers: 0, Oops: 0, ImmediateOops: 0, NonImmediateOops: No
[1,640s][debug  ][gc,nmethod     ] Register NMethod: java.lang.invoke.MethodHandle.invokeBasic (0x00007f376f1d4b90) [0x00007f376f1d4d20, 0x00007f376f1d4fb8] Compiler: , Barriers: 0, Oops: 0, ImmediateOops: 0, NonImmediateOops: No
[1,640s][debug  ][gc,nmethod     ] Register NMethod: java.lang.invoke.MethodHandle.linkToSpecial (0x00007f376f1d4790) [0x00007f376f1d4900, 0x00007f376f1d49f8] Compiler: , Barriers: 0, Oops: 0, ImmediateOops: 0, NonImmediateOops: No
[1,640s][debug  ][gc,nmethod     ] Register NMethod: sun.invoke.util.Wrapper.isDoubleWord (0x00007f374faf6690) [0x00007f374faf6820, 0x00007f374faf6980] Compiler: c1, Barriers: 0, Oops: 0, ImmediateOops: 0, NonImmediateOops: No
[1,640s][debug  ][gc,nmethod     ] Register NMethod: java.lang.invoke.MethodHandle.invokeBasic (0x00007f376f1f5910) [0x00007f376f1f5aa0, 0x00007f376f1f5d38] Compiler: , Barriers: 0, Oops: 0, ImmediateOops: 0, NonImmediateOops: No
[1,640s][debug  ][gc,nmethod     ] Register NMethod: java.lang.invoke.MethodHandle.linkToSpecial (0x00007f376f1f5610) [0x00007f376f1f5780, 0x00007f376f1f5878] Compiler: , Barriers: 0, Oops: 0, ImmediateOops: 0, NonImmediateOops: No
[1,641s][debug  ][gc,nmethod     ] Register NMethod: java.lang.invoke.MethodHandle.invokeBasic (0x00007f376f1f5190) [0x00007f376f1f5320, 0x00007f376f1f55b8] Compiler: , Barriers: 0, Oops: 0, ImmediateOops: 0, NonImmediateOops: No
[1,641s][debug  ][gc,nmethod     ] Register NMethod: java.lang.invoke.MethodHandle.linkToSpecial (0x00007f376f1f4e90) [0x00007f376f1f5000, 0x00007f376f1f50f8] Compiler: , Barriers: 0, Oops: 0, ImmediateOops: 0, NonImmediateOops: No
[1,641s][debug  ][gc,nmethod     ] Register NMethod: jdk.internal.org.objectweb.asm.Frame.execute (0x00007f376f246610) [0x00007f376f247440, 0x00007f376f249c38] Compiler: c2, Barriers: 13, Oops: 3, ImmediateOops: 2, NonImmediateOops: No
[1,641s][debug  ][gc,nmethod     ] Register NMethod: java.lang.invoke.MethodHandle.linkToStatic (0x00007f376f1f4b90) [0x00007f376f1f4d00, 0x00007f376f1f4df0] Compiler: , Barriers: 0, Oops: 0, ImmediateOops: 0, NonImmediateOops: No
[1,641s][debug  ][gc,nmethod     ] Register NMethod: java.lang.invoke.MethodHandle.invokeBasic (0x00007f376f1c1510) [0x00007f376f1c16a0, 0x00007f376f1c1938] Compiler: , Barriers: 0, Oops: 0, ImmediateOops: 0, NonImmediateOops: No
[1,641s][debug  ][gc,nmethod     ] Register NMethod: java.lang.invoke.MethodHandle.linkToSpecial (0x00007f376f1c1210) [0x00007f376f1c1380, 0x00007f376f1c1478] Compiler: , Barriers: 0, Oops: 0, ImmediateOops: 0, NonImmediateOops: No
[1,641s][debug  ][gc,nmethod     ] Register NMethod: java.lang.invoke.MethodHandle.linkToStatic (0x00007f376f1c0f10) [0x00007f376f1c1080, 0x00007f376f1c1170] Compiler: , Barriers: 0, Oops: 0, ImmediateOops: 0, NonImmediateOops: No
[1,641s][debug  ][gc,nmethod     ] Register NMethod: java.lang.invoke.MethodHandle.invokeBasic (0x00007f376f1c0a90) [0x00007f376f1c0c20, 0x00007f376f1c0eb8] Compiler: , Barriers: 0, Oops: 0, ImmediateOops: 0, NonImmediateOops: No
[1,641s][debug  ][gc,nmethod     ] Register NMethod: java.lang.invoke.MethodHandle.invokeBasic (0x00007f376f1d2490) [0x00007f376f1d2620, 0x00007f376f1d28b8] Compiler: , Barriers: 0, Oops: 0, ImmediateOops: 0, NonImmediateOops: No
[1,641s][debug  ][gc,nmethod     ] Register NMethod: java.lang.invoke.MethodHandle.linkToSpecial (0x00007f376f1c0710) [0x00007f376f1c0880, 0x00007f376f1c0978] Compiler: , Barriers: 0, Oops: 0, ImmediateOops: 0, NonImmediateOops: No
[1,641s][debug  ][gc,nmethod     ] Register NMethod: java.lang.invoke.InvokerBytecodeGenerator.emitStoreInsn (0x00007f374fa6f090) [0x00007f374fa6f260, 0x00007f374fa6f508] Compiler: c1, Barriers: 2, Oops: 0, ImmediateOops: 0, NonImmediateOops: No
[1,642s][debug  ][gc,nmethod     ] Register NMethod: sun.nio.fs.UnixPath.toUnixPath (0x00007f374faa4390) [0x00007f374faa4560, 0x00007f374faa49b0] Compiler: c1, Barriers: 0, Oops: 0, ImmediateOops: 0, NonImmediateOops: No
[1,642s][debug  ][gc,nmethod     ] Register NMethod: jdk.internal.org.objectweb.asm.SymbolTable.addConstant (0x00007f374fa89f90) [0x00007f374fa8a520, 0x00007f374fa8d430] Compiler: c1, Barriers: 8, Oops: 1, ImmediateOops: 2, NonImmediateOops: No
[1,646s][debug  ][gc,nmethod     ] Register NMethod: java.lang.Package$VersionInfo.getInstance (0x00007f374faa3d10) [0x00007f374faa3ec0, 0x00007f374faa4258] Compiler: c1, Barriers: 0, Oops: 0, ImmediateOops: 1, NonImmediateOops: No
[1,646s][debug  ][gc,nmethod     ] Register NMethod: java.lang.Package.<init> (0x00007f374fa88590) [0x00007f374fa88780, 0x00007f374fa88c18] Compiler: c1, Barriers: 4, Oops: 0, ImmediateOops: 1, NonImmediateOops: No
[1,647s][debug  ][gc,director    ] Rule Major: Warmup 10%, Used: 68MB, UsedThreshold: 1536MB
[1,647s][debug  ][gc,nmethod     ] Register NMethod: java.util.regex.Matcher.search (0x00007f376f1f8110) [0x00007f376f1f8360, 0x00007f376f1f9020] Compiler: c2, Barriers: 12, Oops: 1, ImmediateOops: 0, NonImmediateOops: No
[1,655s][debug  ][gc,nmethod     ] Register NMethod: java.util.concurrent.ConcurrentHashMap.putVal (0x00007f376f24b690) [0x00007f376f24b940, 0x00007f376f24cab8] Compiler: c2, Barriers: 29, Oops: 0, ImmediateOops: 0, NonImmediateOops: No
[1,655s][debug  ][gc,nmethod     ] Register NMethod: java.util.concurrent.ConcurrentHashMap.spread (0x00007f376f1f7e10) [0x00007f376f1f7f80, 0x00007f376f1f7ff8] Compiler: c2, Barriers: 0, Oops: 0, ImmediateOops: 0, NonImmediateOops: No
[1,657s][debug  ][gc,director    ] Rule Major: Warmup 10%, Used: 68MB, UsedThreshold: 1536MB
[1,659s][debug  ][gc,nmethod     ] Register NMethod: java.net.URLStreamHandler.setURL (0x00007f376f24d590) [0x00007f376f24d7c0, 0x00007f376f24e520] Compiler: c2, Barriers: 31, Oops: 4, ImmediateOops: 2, NonImmediateOops: No
[1,659s][debug  ][gc,nmethod     ] Register NMethod: java.net.URL.set (0x00007f376f1d1b10) [0x00007f376f1d1ce0, 0x00007f376f1d23b0] Compiler: c2, Barriers: 25, Oops: 0, ImmediateOops: 0, NonImmediateOops: No
[1,663s][debug  ][gc,nmethod     ] Register NMethod: java.util.WeakHashMap.hash (0x00007f376f1f7a10) [0x00007f376f1f7ba0, 0x00007f376f1f7cb8] Compiler: c2, Barriers: 0, Oops: 0, ImmediateOops: 0, NonImmediateOops: No
[1,665s][debug  ][gc,nmethod     ] Register NMethod: java.lang.invoke.SimpleMethodHandle.speciesData (0x00007f374fa7f510) [0x00007f374fa7f6a0, 0x00007f374fa7f7b0] Compiler: c1, Barriers: 0, Oops: 0, ImmediateOops: 1, NonImmediateOops: No
[1,665s][debug  ][gc,nmethod     ] Register NMethod: java.lang.invoke.SimpleMethodHandle.copyWithExtendL (0x00007f374fa6ec90) [0x00007f374fa6ee40, 0x00007f374fa6efd8] Compiler: c1, Barriers: 0, Oops: 0, ImmediateOops: 0, NonImmediateOops: No
[1,665s][debug  ][gc,nmethod     ] Register NMethod: java.util.concurrent.ConcurrentHashMap.<init> (0x00007f374faa3890) [0x00007f374faa3a40, 0x00007f374faa3c00] Compiler: c1, Barriers: 0, Oops: 0, ImmediateOops: 0, NonImmediateOops: No
[1,667s][debug  ][gc,director    ] Rule Major: Warmup 10%, Used: 70MB, UsedThreshold: 1536MB
[1,667s][debug  ][gc,nmethod     ] Register NMethod: java.lang.invoke.MethodHandle.linkToSpecial (0x00007f376f1d1590) [0x00007f376f1d1700, 0x00007f376f1d17f8] Compiler: , Barriers: 0, Oops: 0, ImmediateOops: 0, NonImmediateOops: No
[1,667s][debug  ][gc,nmethod     ] Register NMethod: java.lang.invoke.MethodHandle.linkToSpecial (0x00007f376f24eb10) [0x00007f376f24ec80, 0x00007f376f24ed78] Compiler: , Barriers: 0, Oops: 0, ImmediateOops: 0, NonImmediateOops: No
[1,667s][debug  ][gc,nmethod     ] Register NMethod: java.lang.invoke.MethodType.methodType (0x00007f376f24ee10) [0x00007f376f24f560, 0x00007f376f253ed8] Compiler: c2, Barriers: 132, Oops: 6, ImmediateOops: 41, NonImmediateOops: No
[1,668s][debug  ][gc,nmethod     ] Register NMethod: java.lang.invoke.MethodHandle.invokeBasic (0x00007f376f256310) [0x00007f376f2564a0, 0x00007f376f256738] Compiler: , Barriers: 0, Oops: 0, ImmediateOops: 0, NonImmediateOops: No
[1,668s][debug  ][gc,nmethod     ] Register NMethod: java.lang.invoke.MethodHandle.linkToSpecial (0x00007f376f256790) [0x00007f376f256900, 0x00007f376f2569f8] Compiler: , Barriers: 0, Oops: 0, ImmediateOops: 0, NonImmediateOops: No
[1,668s][debug  ][gc,nmethod     ] Register NMethod: java.lang.invoke.MethodHandle.intrinsicName (0x00007f374fb0bb90) [0x00007f374fb0bd20, 0x00007f374fb0be30] Compiler: c1, Barriers: 0, Oops: 0, ImmediateOops: 1, NonImmediateOops: No
[1,673s][debug  ][gc,nmethod     ] Register NMethod: java.io.FileDescriptor.close0 (0x00007f376f256a90) [0x00007f376f256c20, 0x00007f376f256dd0] Compiler: , Barriers: 0, Oops: 0, ImmediateOops: 0, NonImmediateOops: No
[1,673s][debug  ][gc,nmethod     ] Register NMethod: java.io.FileDescriptor.unregisterCleanup (0x00007f374fa87f90) [0x00007f374fa88140, 0x00007f374fa884b0] Compiler: c1, Barriers: 4, Oops: 0, ImmediateOops: 0, NonImmediateOops: No
[1,674s][debug  ][gc,nmethod     ] Register NMethod: java.io.FileDescriptor.close (0x00007f374fa6d290) [0x00007f374fa6d460, 0x00007f374fa6d950] Compiler: c1, Barriers: 4, Oops: 0, ImmediateOops: 0, NonImmediateOops: No
[1,674s][debug  ][gc,nmethod     ] Register NMethod: java.io.FileInputStream.open0 (0x00007f376f256e10) [0x00007f376f256fa0, 0x00007f376f257160] Compiler: , Barriers: 0, Oops: 0, ImmediateOops: 0, NonImmediateOops: No
[1,675s][debug  ][gc,nmethod     ] Register NMethod: java.io.FileInputStream.open (0x00007f374fa89a90) [0x00007f374fa89c60, 0x00007f374fa89e80] Compiler: c1, Barriers: 0, Oops: 0, ImmediateOops: 0, NonImmediateOops: No
[1,675s][debug  ][gc,nmethod     ] Register NMethod: jdk.internal.ref.PhantomCleanable.clear (0x00007f374faa4e10) [0x00007f374faa4fc0, 0x00007f374faa51c8] Compiler: c1, Barriers: 0, Oops: 0, ImmediateOops: 0, NonImmediateOops: No
[1,675s][debug  ][gc,nmethod     ] Register NMethod: java.io.FileInputStream$1.<init> (0x00007f374fa87b10) [0x00007f374fa87cc0, 0x00007f374fa87e98] Compiler: c1, Barriers: 3, Oops: 0, ImmediateOops: 0, NonImmediateOops: No
[1,675s][debug  ][gc,nmethod     ] Register NMethod: java.io.FileInputStream.close (0x00007f374fa6c890) [0x00007f374fa6caa0, 0x00007f374fa6d088] Compiler: c1, Barriers: 6, Oops: 0, ImmediateOops: 0, NonImmediateOops: No
[1,675s][debug  ][gc,nmethod     ] Register NMethod: java.io.FileInputStream.<init> (0x00007f374fa39e90) [0x00007f374fa3a100, 0x00007f374fa3aad8] Compiler: c1, Barriers: 11, Oops: 0, ImmediateOops: 1, NonImmediateOops: No
[1,675s][debug  ][gc,nmethod     ] Register NMethod: java.io.FileDescriptor.closeAll (0x00007f374fac1a90) [0x00007f374fac1d20, 0x00007f374fac2b58] Compiler: c1, Barriers: 1, Oops: 0, ImmediateOops: 0, NonImmediateOops: No
[1,675s][debug  ][gc,nmethod     ] Register NMethod: java.io.FileInputStream$1.close (0x00007f374fa39410) [0x00007f374fa39600, 0x00007f374fa39c00] Compiler: c1, Barriers: 6, Oops: 0, ImmediateOops: 0, NonImmediateOops: No
[1,675s][debug  ][gc,nmethod     ] Register NMethod: java.lang.Class.desiredAssertionStatus0 (0x00007f376f257190) [0x00007f376f257320, 0x00007f376f257508] Compiler: , Barriers: 0, Oops: 0, ImmediateOops: 1, NonImmediateOops: No
[1,676s][debug  ][gc,nmethod     ] Register NMethod: java.lang.Class.desiredAssertionStatus (0x00007f374fa51010) [0x00007f374fa51220, 0x00007f374fa517e8] Compiler: c1, Barriers: 4, Oops: 0, ImmediateOops: 0, NonImmediateOops: No
[1,677s][debug  ][gc,nmethod     ] Register NMethod: java.util.concurrent.locks.AbstractOwnableSynchronizer.<init> (0x00007f374fb37190) [0x00007f374fb37320, 0x00007f374fb37480] Compiler: c1, Barriers: 0, Oops: 0, ImmediateOops: 0, NonImmediateOops: No
[1,677s][debug  ][gc,nmethod     ] Register NMethod: java.util.concurrent.locks.AbstractQueuedSynchronizer.<init> (0x00007f374fa6c390) [0x00007f374fa6c540, 0x00007f374fa6c700] Compiler: c1, Barriers: 0, Oops: 0, ImmediateOops: 0, NonImmediateOops: No
[1,677s][debug  ][gc,director    ] Rule Major: Warmup 10%, Used: 72MB, UsedThreshold: 1536MB
[1,677s][debug  ][gc,nmethod     ] Register NMethod: java.io.UnixFileSystem.getLength0 (0x00007f376f257590) [0x00007f376f257720, 0x00007f376f2578f8] Compiler: , Barriers: 0, Oops: 0, ImmediateOops: 0, NonImmediateOops: No
[1,677s][debug  ][gc,nmethod     ] Register NMethod: jdk.internal.loader.URLClassPath$FileLoader$1.getCodeSourceURL (0x00007f374fac1510) [0x00007f374fac16a0, 0x00007f374fac1820] Compiler: c1, Barriers: 2, Oops: 0, ImmediateOops: 0, NonImmediateOops: No
[1,677s][debug  ][gc,nmethod     ] Register NMethod: java.io.File.length (0x00007f374fa50a10) [0x00007f374fa50be0, 0x00007f374fa50eb0] Compiler: c1, Barriers: 0, Oops: 0, ImmediateOops: 1, NonImmediateOops: No
[1,677s][debug  ][gc,nmethod     ] Register NMethod: jdk.internal.loader.URLClassPath$FileLoader$1.getContentLength (0x00007f374fa50390) [0x00007f374fa50560, 0x00007f374fa508b8] Compiler: c1, Barriers: 1, Oops: 0, ImmediateOops: 1, NonImmediateOops: No
[1,677s][debug  ][gc,nmethod     ] Register NMethod: java.io.UnixFileSystem.getLength (0x00007f374fa4fc10) [0x00007f374fa4fde0, 0x00007f374fa4fff8] Compiler: c1, Barriers: 0, Oops: 0, ImmediateOops: 0, NonImmediateOops: No
[1,677s][debug  ][gc,nmethod     ] Register NMethod: java.lang.invoke.Invokers$Holder.linkToTargetMethod (0x00007f374fc0c810) [0x00007f374fc0c9c0, 0x00007f374fc0cd78] Compiler: c1, Barriers: 0, Oops: 0, ImmediateOops: 0, NonImmediateOops: No
[1,678s][debug  ][gc,nmethod     ] Register NMethod: jdk.internal.loader.URLClassPath$FileLoader$1.getInputStream (0x00007f374fc0c390) [0x00007f374fc0c540, 0x00007f374fc0c718] Compiler: c1, Barriers: 1, Oops: 0, ImmediateOops: 0, NonImmediateOops: No
[1,678s][debug  ][gc,nmethod     ] Register NMethod: java.lang.invoke.DirectMethodHandle$Holder.newInvokeSpecial (0x00007f374fc0b890) [0x00007f374fc0ba80, 0x00007f374fc0c1b8] Compiler: c1, Barriers: 2, Oops: 0, ImmediateOops: 1, NonImmediateOops: No
[1,680s][debug  ][gc,nmethod     ] Register NMethod: java.lang.Thread.onSpinWait (0x00007f374fa87810) [0x00007f374fa879a0, 0x00007f374fa87a80] Compiler: c1, Barriers: 0, Oops: 0, ImmediateOops: 0, NonImmediateOops: No
[1,680s][debug  ][gc,nmethod     ] Register NMethod: java.util.ArrayList$ArrayListSpliterator.estimateSize (0x00007f374fc0b410) [0x00007f374fc0b5c0, 0x00007f374fc0b7a8] Compiler: c1, Barriers: 1, Oops: 0, ImmediateOops: 0, NonImmediateOops: No
[1,681s][debug  ][gc,nmethod     ] Register NMethod: sun.net.www.protocol.file.Handler.parseURL (0x00007f376f257910) [0x00007f376f257aa0, 0x00007f376f257b60] Compiler: c2, Barriers: 0, Oops: 0, ImmediateOops: 0, NonImmediateOops: No
[1,685s][debug  ][gc,nmethod     ] Register NMethod: java.util.HashMap.put (0x00007f374fc0ae10) [0x00007f374fc0afe0, 0x00007f374fc0b2d8] Compiler: c1, Barriers: 0, Oops: 0, ImmediateOops: 0, NonImmediateOops: No
[1,686s][debug  ][gc,nmethod     ] Register NMethod: net.openhft.chronicle.bytes.AbstractBytes.writePosition (0x00007f376f257c10) [0x00007f376f257da0, 0x00007f376f257e60] Compiler: c1, Barriers: 0, Oops: 1, ImmediateOops: 0, NonImmediateOops: No
[1,687s][debug  ][gc,nmethod     ] Register NMethod: java.util.zip.Inflater.ensureOpen (0x00007f376f257f10) [0x00007f376f2580a0, 0x00007f376f258198] Compiler: c2, Barriers: 1, Oops: 0, ImmediateOops: 0, NonImmediateOops: No
[1,687s][debug  ][gc,nmethod     ] Register NMethod: java.lang.Integer.rotateRight (0x00007f374fb8cd90) [0x00007f374fb8cf20, 0x00007f374fb8d018] Compiler: c1, Barriers: 0, Oops: 0, ImmediateOops: 0, NonImmediateOops: No
[1,687s][debug  ][gc,director    ] Rule Major: Warmup 10%, Used: 80MB, UsedThreshold: 1536MB
[1,689s][debug  ][gc,nmethod     ] Register NMethod: java.util.Arrays.fill (0x00007f374fc3a310) [0x00007f374fc3a4e0, 0x00007f374fc3a868] Compiler: c1, Barriers: 3, Oops: 0, ImmediateOops: 0, NonImmediateOops: No
[1,690s][debug  ][gc,nmethod     ] Register NMethod: java.lang.Character.getType (0x00007f374fc0a790) [0x00007f374fc0a940, 0x00007f374fc0ab20] Compiler: c1, Barriers: 0, Oops: 0, ImmediateOops: 0, NonImmediateOops: No
[1,690s][debug  ][gc,nmethod     ] Register NMethod: java.lang.CharacterDataLatin1.getType (0x00007f374fc39e90) [0x00007f374fc3a040, 0x00007f374fc3a1e8] Compiler: c1, Barriers: 0, Oops: 0, ImmediateOops: 1, NonImmediateOops: No
[1,695s][debug  ][gc,nmethod     ] Register NMethod: java.net.URLStreamHandler.parseURL (0x00007f376f258290) [0x00007f376f2585a0, 0x00007f376f25a3c8] Compiler: c2, Barriers: 20, Oops: 7, ImmediateOops: 3, NonImmediateOops: No
[1,696s][debug  ][gc,nmethod     ] Register NMethod: net.openhft.chronicle.bytes.internal.AbstractBytesStore.start (0x00007f376f25b910) [0x00007f376f25baa0, 0x00007f376f25bb68] Compiler: c1, Barriers: 0, Oops: 1, ImmediateOops: 0, NonImmediateOops: No
[1,696s][debug  ][gc,nmethod     ] Register NMethod: java.lang.Object.<init> (0x00007f376f25bc10) [0x00007f376f25bd80, 0x00007f376f25be28] Compiler: c2, Barriers: 0, Oops: 0, ImmediateOops: 0, NonImmediateOops: No
[1,696s][debug  ][gc,nmethod     ] Register NMethod: java.lang.Thread.onSpinWait (0x00007f376f25bf10) [0x00007f376f25c080, 0x00007f376f25c0e8] Compiler: c2, Barriers: 0, Oops: 0, ImmediateOops: 0, NonImmediateOops: No
[1,697s][debug  ][gc,nmethod     ] Register NMethod: java.lang.invoke.MethodHandle.invokeBasic (0x00007f376f25c210) [0x00007f376f25c3a0, 0x00007f376f25c638] Compiler: , Barriers: 0, Oops: 0, ImmediateOops: 0, NonImmediateOops: No
[1,697s][debug  ][gc,nmethod     ] Register NMethod: jdk.internal.org.objectweb.asm.MethodWriter.visitCode (0x00007f376f25c690) [0x00007f376f25c800, 0x00007f376f25c878] Compiler: c2, Barriers: 0, Oops: 0, ImmediateOops: 0, NonImmediateOops: No
[1,697s][debug  ][gc,nmethod     ] Register NMethod: java.lang.invoke.MethodHandle.linkToStatic (0x00007f376f25c990) [0x00007f376f25cb00, 0x00007f376f25cbf0] Compiler: , Barriers: 0, Oops: 0, ImmediateOops: 0, NonImmediateOops: No
[1,697s][debug  ][gc,director    ] Rule Major: Warmup 10%, Used: 80MB, UsedThreshold: 1536MB
[1,697s][debug  ][gc,nmethod     ] Register NMethod: java.lang.invoke.MemberName.getFactory (0x00007f374fc23910) [0x00007f374fc23aa0, 0x00007f374fc23b90] Compiler: c1, Barriers: 0, Oops: 0, ImmediateOops: 1, NonImmediateOops: No
[1,697s][debug  ][gc,nmethod     ] Register NMethod: java.lang.invoke.InvokerBytecodeGenerator.setClassWriter (0x00007f376f25cc90) [0x00007f376f25ce20, 0x00007f376f25cf50] Compiler: c1, Barriers: 3, Oops: 0, ImmediateOops: 0, NonImmediateOops: No
[1,697s][debug  ][gc,nmethod     ] Register NMethod: java.lang.Class.getClassData (0x00007f376f25cf90) [0x00007f376f25d120, 0x00007f376f25d210] Compiler: c1, Barriers: 1, Oops: 0, ImmediateOops: 0, NonImmediateOops: No
[1,698s][debug  ][gc,nmethod     ] Register NMethod: java.lang.invoke.MethodHandle.linkToStatic (0x00007f376f25d290) [0x00007f376f25d400, 0x00007f376f25d4f0] Compiler: , Barriers: 0, Oops: 0, ImmediateOops: 0, NonImmediateOops: No
[1,698s][debug  ][gc,nmethod     ] Register NMethod: java.lang.invoke.LambdaFormBuffer.changeName (0x00007f374fc39510) [0x00007f374fc39700, 0x00007f374fc39cf8] Compiler: c1, Barriers: 10, Oops: 0, ImmediateOops: 0, NonImmediateOops: No
[1,698s][debug  ][gc,nmethod     ] Register NMethod: java.lang.Integer.valueOf (0x00007f374fc38e90) [0x00007f374fc39060, 0x00007f374fc39398] Compiler: c1, Barriers: 1, Oops: 0, ImmediateOops: 1, NonImmediateOops: No
[1,698s][debug  ][gc,nmethod     ] Register NMethod: java.lang.invoke.MethodHandle.linkToStatic (0x00007f376f25d590) [0x00007f376f25d700, 0x00007f376f25d7f0] Compiler: , Barriers: 0, Oops: 0, ImmediateOops: 0, NonImmediateOops: No
[1,698s][debug  ][gc,nmethod     ] Register NMethod: java.lang.invoke.MethodHandle.invokeBasic (0x00007f376f25d890) [0x00007f376f25da20, 0x00007f376f25dcb8] Compiler: , Barriers: 0, Oops: 0, ImmediateOops: 0, NonImmediateOops: No
[1,698s][debug  ][gc,nmethod     ] Register NMethod: java.lang.invoke.MethodHandle.linkToSpecial (0x00007f376f25dd10) [0x00007f376f25de80, 0x00007f376f25df78] Compiler: , Barriers: 0, Oops: 0, ImmediateOops: 0, NonImmediateOops: No
[1,699s][debug  ][gc,nmethod     ] Register NMethod: java.lang.invoke.InvokerBytecodeGenerator.isStaticallyNameable (0x00007f374fa64590) [0x00007f374fa64840, 0x00007f374fa653b8] Compiler: c1, Barriers: 3, Oops: 2, ImmediateOops: 5, NonImmediateOops: No
[1,699s][debug  ][gc,nmethod     ] Register NMethod: jdk.internal.misc.Unsafe.weakCompareAndSetInt (0x00007f374fc38b10) [0x00007f374fc38ca0, 0x00007f374fc38dc0] Compiler: c1, Barriers: 0, Oops: 0, ImmediateOops: 0, NonImmediateOops: No
[1,699s][debug  ][gc,nmethod     ] Register NMethod: java.lang.Class.searchMethods (0x00007f374fa63210) [0x00007f374fa634c0, 0x00007f374fa640f8] Compiler: c1, Barriers: 10, Oops: 0, ImmediateOops: 2, NonImmediateOops: No
[1,699s][debug  ][gc,nmethod     ] Register NMethod: jdk.internal.org.objectweb.asm.Frame.getConcreteOutputType (0x00007f374fc38310) [0x00007f374fc384e0, 0x00007f374fc388f8] Compiler: c1, Barriers: 2, Oops: 0, ImmediateOops: 0, NonImmediateOops: No
[1,699s][debug  ][gc,nmethod     ] Register NMethod: jdk.internal.misc.Unsafe.ensureClassInitialized0 (0x00007f376f25e010) [0x00007f376f25e1a0, 0x00007f376f25e360] Compiler: , Barriers: 0, Oops: 0, ImmediateOops: 0, NonImmediateOops: No
[1,700s][debug  ][gc,nmethod     ] Register NMethod: java.lang.invoke.MethodHandle.invokeBasic (0x00007f376f25e390) [0x00007f376f25e520, 0x00007f376f25e7b8] Compiler: , Barriers: 0, Oops: 0, ImmediateOops: 0, NonImmediateOops: No
[1,700s][debug  ][gc,nmethod     ] Register NMethod: java.lang.invoke.MethodHandle.invokeBasic (0x00007f376f25e810) [0x00007f376f25e9a0, 0x00007f376f25ec38] Compiler: , Barriers: 0, Oops: 0, ImmediateOops: 0, NonImmediateOops: No
[1,700s][debug  ][gc,nmethod     ] Register NMethod: java.lang.invoke.MethodHandle.linkToSpecial (0x00007f376f25ec90) [0x00007f376f25ee00, 0x00007f376f25eef8] Compiler: , Barriers: 0, Oops: 0, ImmediateOops: 0, NonImmediateOops: No
[1,700s][debug  ][gc,nmethod     ] Register NMethod: jdk.internal.org.objectweb.asm.Frame.execute (0x00007f374fde2010) [0x00007f374fde2ea0, 0x00007f374fde9838] Compiler: c1, Barriers: 20, Oops: 1, ImmediateOops: 11, NonImmediateOops: No
[1,701s][debug  ][gc,nmethod     ] Register NMethod: java.lang.invoke.MethodHandle.invokeBasic (0x00007f376f25ef90) [0x00007f376f25f120, 0x00007f376f25f3b8] Compiler: , Barriers: 0, Oops: 0, ImmediateOops: 0, NonImmediateOops: No
[1,701s][debug  ][gc,nmethod     ] Register NMethod: java.lang.invoke.MethodHandle.linkToSpecial (0x00007f376f25f410) [0x00007f376f25f580, 0x00007f376f25f678] Compiler: , Barriers: 0, Oops: 0, ImmediateOops: 0, NonImmediateOops: No
[1,701s][debug  ][gc,nmethod     ] Register NMethod: java.util.Arrays.copyOfRange (0x00007f374fbd4e10) [0x00007f374fbd50c0, 0x00007f374fbd5d18] Compiler: c1, Barriers: 1, Oops: 1, ImmediateOops: 2, NonImmediateOops: No
[1,701s][debug  ][gc,nmethod     ] Register NMethod: java.lang.invoke.MethodHandle.invokeBasic (0x00007f376f25f710) [0x00007f376f25f8a0, 0x00007f376f25fb38] Compiler: , Barriers: 0, Oops: 0, ImmediateOops: 0, NonImmediateOops: No
[1,701s][debug  ][gc,nmethod     ] Register NMethod: java.lang.invoke.MethodHandle.linkToSpecial (0x00007f376f25fb90) [0x00007f376f25fd00, 0x00007f376f25fdf8] Compiler: , Barriers: 0, Oops: 0, ImmediateOops: 0, NonImmediateOops: No
[1,701s][debug  ][gc,nmethod     ] Register NMethod: jdk.internal.org.objectweb.asm.Frame.putAbstractType (0x00007f374fa5e710) [0x00007f374fa5eb80, 0x00007f374fa60468] Compiler: c1, Barriers: 8, Oops: 0, ImmediateOops: 0, NonImmediateOops: No
[1,701s][debug  ][gc,nmethod     ] Register NMethod: java.lang.invoke.LambdaForm.fixResult (0x00007f374fbd4910) [0x00007f374fbd4ac0, 0x00007f374fbd4cf8] Compiler: c1, Barriers: 2, Oops: 0, ImmediateOops: 1, NonImmediateOops: No
[1,701s][debug  ][gc,nmethod     ] Register NMethod: java.lang.invoke.LambdaForm.<init> (0x00007f374fbd4310) [0x00007f374fbd44c0, 0x00007f374fbd4820] Compiler: c1, Barriers: 12, Oops: 0, ImmediateOops: 0, NonImmediateOops: No
[1,701s][debug  ][gc,nmethod     ] Register NMethod: java.lang.invoke.InvokerBytecodeGenerator.generateCustomizedCode (0x00007f374fbd3d10) [0x00007f374fbd3f00, 0x00007f374fbd41b8] Compiler: c1, Barriers: 0, Oops: 0, ImmediateOops: 1, NonImmediateOops: No
[1,701s][debug  ][gc,nmethod     ] Register NMethod: java.lang.invoke.MethodHandle.invokeBasic (0x00007f376f25fe90) [0x00007f376f260020, 0x00007f376f2602b8] Compiler: , Barriers: 0, Oops: 0, ImmediateOops: 0, NonImmediateOops: No
[1,701s][debug  ][gc,nmethod     ] Register NMethod: java.lang.invoke.MethodHandle.linkToSpecial (0x00007f376f260310) [0x00007f376f260480, 0x00007f376f260578] Compiler: , Barriers: 0, Oops: 0, ImmediateOops: 0, NonImmediateOops: No
[1,701s][debug  ][gc,nmethod     ] Register NMethod: java.lang.invoke.LambdaForm.create (0x00007f374fd84e90) [0x00007f374fd850a0, 0x00007f374fd856c0] Compiler: c1, Barriers: 2, Oops: 0, ImmediateOops: 1, NonImmediateOops: No
[1,702s][debug  ][gc,nmethod     ] Register NMethod: jdk.internal.misc.Unsafe.ensureClassInitialized (0x00007f374fd84990) [0x00007f374fd84b40, 0x00007f374fd84d70] Compiler: c1, Barriers: 0, Oops: 0, ImmediateOops: 0, NonImmediateOops: No
[1,702s][debug  ][gc,nmethod     ] Register NMethod: jdk.internal.org.objectweb.asm.ByteVector.putShort (0x00007f374fd84410) [0x00007f374fd845c0, 0x00007f374fd84820] Compiler: c1, Barriers: 2, Oops: 0, ImmediateOops: 0, NonImmediateOops: No
[1,702s][debug  ][gc,nmethod     ] Register NMethod: java.lang.invoke.InvokerBytecodeGenerator.lookupPregenerated (0x00007f374fa11310) [0x00007f374fa116c0, 0x00007f374fa12d08] Compiler: c1, Barriers: 10, Oops: 1, ImmediateOops: 11, NonImmediateOops: No
[1,702s][debug  ][gc,nmethod     ] Register NMethod: net.openhft.chronicle.bytes.AbstractBytes.uncheckedWritePosition (0x00007f376f260610) [0x00007f376f2607a0, 0x00007f376f260860] Compiler: c1, Barriers: 0, Oops: 1, ImmediateOops: 0, NonImmediateOops: No
[1,702s][debug  ][gc,nmethod     ] Register NMethod: java.lang.Integer.rotateRight (0x00007f376f260910) [0x00007f376f260a80, 0x00007f376f260af0] Compiler: c2, Barriers: 0, Oops: 0, ImmediateOops: 0, NonImmediateOops: No
[1,702s][debug  ][gc,nmethod     ] Register NMethod: jdk.internal.misc.Unsafe.putByte (0x00007f376f260c10) [0x00007f376f260da0, 0x00007f376f260f68] Compiler: , Barriers: 0, Oops: 0, ImmediateOops: 0, NonImmediateOops: No
[1,702s][debug  ][gc,nmethod     ] Register NMethod: jdk.internal.misc.Unsafe.putLong (0x00007f376f260f90) [0x00007f376f261120, 0x00007f376f2612e8] Compiler: , Barriers: 0, Oops: 0, ImmediateOops: 0, NonImmediateOops: No
[1,702s][debug  ][gc,nmethod     ] Register NMethod: net.openhft.chronicle.bytes.internal.NativeBytesStore.safeLimit (0x00007f376f261310) [0x00007f376f2614a0, 0x00007f376f261560] Compiler: c1, Barriers: 0, Oops: 1, ImmediateOops: 0, NonImmediateOops: No
[1,703s][debug  ][gc,nmethod     ] Register NMethod: jdk.internal.misc.Unsafe.putInt (0x00007f376f261610) [0x00007f376f2617a0, 0x00007f376f261968] Compiler: , Barriers: 0, Oops: 0, ImmediateOops: 0, NonImmediateOops: No
[1,703s][debug  ][gc,nmethod     ] Register NMethod: java.lang.invoke.MethodHandle.invokeBasic (0x00007f376f261990) [0x00007f376f261b20, 0x00007f376f261db8] Compiler: , Barriers: 0, Oops: 0, ImmediateOops: 0, NonImmediateOops: No
[1,703s][debug  ][gc,nmethod     ] Register NMethod: jdk.internal.misc.Unsafe.putByte (0x00007f374fa10f90) [0x00007f374fa11120, 0x00007f374fa11230] Compiler: c1, Barriers: 0, Oops: 0, ImmediateOops: 0, NonImmediateOops: No
[1,703s][debug  ][gc,nmethod     ] Register NMethod: net.openhft.chronicle.bytes.internal.NativeBytesStore.translate (0x00007f374fa62f10) [0x00007f374fa630a0, 0x00007f374fa631a8] Compiler: c1, Barriers: 0, Oops: 1, ImmediateOops: 0, NonImmediateOops: No
[1,703s][debug  ][gc,nmethod     ] Register NMethod: sun.misc.Unsafe.getLong (0x00007f374fbd3a10) [0x00007f374fbd3ba0, 0x00007f374fbd3ca8] Compiler: c1, Barriers: 0, Oops: 0, ImmediateOops: 0, NonImmediateOops: No
[1,703s][debug  ][gc,nmethod     ] Register NMethod: java.lang.Math.addExact (0x00007f374fa10b10) [0x00007f374fa10cc0, 0x00007f374fa10ec8] Compiler: c1, Barriers: 0, Oops: 0, ImmediateOops: 1, NonImmediateOops: No
[1,704s][debug  ][gc,nmethod     ] Register NMethod: java.lang.invoke.VarHandleGuards.guard_LII_V (0x00007f374fa83390) [0x00007f374fa83820, 0x00007f374fa860e0] Compiler: c1, Barriers: 42, Oops: 1, ImmediateOops: 4, NonImmediateOops: No
[1,704s][debug  ][gc,nmethod     ] Register NMethod: jdk.internal.misc.VM.isJavaLangInvokeInited (0x00007f374fcfa890) [0x00007f374fcfaa20, 0x00007f374fcfab08] Compiler: c1, Barriers: 0, Oops: 0, ImmediateOops: 0, NonImmediateOops: No
[1,705s][debug  ][gc,nmethod     ] Register NMethod: java.lang.Throwable.<init> (0x00007f374fa10410) [0x00007f374fa105e0, 0x00007f374fa109f0] Compiler: c1, Barriers: 12, Oops: 0, ImmediateOops: 2, NonImmediateOops: No
[1,705s][debug  ][gc,nmethod     ] Register NMethod: net.openhft.chronicle.bytes.AbstractBytes.writeOffsetPositionMoved (0x00007f374fa10010) [0x00007f374fa101c0, 0x00007f374fa10380] Compiler: c1, Barriers: 0, Oops: 1, ImmediateOops: 0, NonImmediateOops: No
[1,705s][debug  ][gc,nmethod     ] Register NMethod: net.openhft.chronicle.core.UnsafeMemory.writeLong (0x00007f374fd83f90) [0x00007f374fd84120, 0x00007f374fd842f0] Compiler: c1, Barriers: 0, Oops: 1, ImmediateOops: 1, NonImmediateOops: No
[1,705s][debug  ][gc,nmethod     ] Register NMethod: sun.misc.Unsafe.putLong (0x00007f374fd83c90) [0x00007f374fd83e20, 0x00007f374fd83f28] Compiler: c1, Barriers: 0, Oops: 0, ImmediateOops: 0, NonImmediateOops: No
[1,706s][debug  ][gc,nmethod     ] Register NMethod: java.lang.invoke.MethodHandle.linkToStatic (0x00007f376f261e10) [0x00007f376f261f80, 0x00007f376f262070] Compiler: , Barriers: 0, Oops: 0, ImmediateOops: 0, NonImmediateOops: No
[1,706s][debug  ][gc,nmethod     ] Register NMethod: net.openhft.chronicle.bytes.NativeBytes.writeOffsetPositionMoved (0x00007f374fd82e90) [0x00007f374fd830c0, 0x00007f374fd83a10] Compiler: c1, Barriers: 2, Oops: 1, ImmediateOops: 0, NonImmediateOops: No
[1,706s][debug  ][gc,nmethod     ] Register NMethod: java.lang.invoke.MethodHandle.linkToSpecial (0x00007f376f262110) [0x00007f376f262280, 0x00007f376f262378] Compiler: , Barriers: 0, Oops: 0, ImmediateOops: 0, NonImmediateOops: No
[1,706s][debug  ][gc,nmethod     ] Register NMethod: java.lang.invoke.MethodHandle.invokeBasic (0x00007f376f262410) [0x00007f376f2625a0, 0x00007f376f262838] Compiler: , Barriers: 0, Oops: 0, ImmediateOops: 0, NonImmediateOops: No
[1,706s][debug  ][gc,nmethod     ] Register NMethod: java.lang.invoke.MethodHandle.linkToSpecial (0x00007f376f262890) [0x00007f376f262a00, 0x00007f376f262af8] Compiler: , Barriers: 0, Oops: 0, ImmediateOops: 0, NonImmediateOops: No
[1,707s][debug  ][gc,nmethod     ] Register NMethod: java.lang.invoke.MethodHandle.linkToSpecial (0x00007f376f262b90) [0x00007f376f262d00, 0x00007f376f262df8] Compiler: , Barriers: 0, Oops: 0, ImmediateOops: 0, NonImmediateOops: No
[1,707s][debug  ][gc,nmethod     ] Register NMethod: java.lang.invoke.MethodHandle.linkToSpecial (0x00007f376f262e90) [0x00007f376f263000, 0x00007f376f2630f8] Compiler: , Barriers: 0, Oops: 0, ImmediateOops: 0, NonImmediateOops: No
[1,707s][debug  ][gc,nmethod     ] Register NMethod: java.lang.invoke.MethodHandle.invokeBasic (0x00007f376f263190) [0x00007f376f263320, 0x00007f376f2635b8] Compiler: , Barriers: 0, Oops: 0, ImmediateOops: 0, NonImmediateOops: No
[1,707s][debug  ][gc,nmethod     ] Register NMethod: java.lang.invoke.MethodHandle.linkToSpecial (0x00007f376f263610) [0x00007f376f263780, 0x00007f376f263878] Compiler: , Barriers: 0, Oops: 0, ImmediateOops: 0, NonImmediateOops: No
[1,707s][debug  ][gc,director    ] Rule Major: Warmup 10%, Used: 82MB, UsedThreshold: 1536MB
[1,707s][debug  ][gc,nmethod     ] Register NMethod: java.lang.invoke.MethodHandle.linkToSpecial (0x00007f376f263910) [0x00007f376f263a80, 0x00007f376f263b78] Compiler: , Barriers: 0, Oops: 0, ImmediateOops: 0, NonImmediateOops: No
[1,708s][debug  ][gc,nmethod     ] Register NMethod: java.lang.invoke.MethodHandle.linkToSpecial (0x00007f376f263c10) [0x00007f376f263d80, 0x00007f376f263e78] Compiler: , Barriers: 0, Oops: 0, ImmediateOops: 0, NonImmediateOops: No
[1,708s][debug  ][gc,nmethod     ] Register NMethod: java.lang.invoke.LambdaForm$Name.<init> (0x00007f374fa37d10) [0x00007f374fa37f60, 0x00007f374fa388b8] Compiler: c1, Barriers: 11, Oops: 0, ImmediateOops: 0, NonImmediateOops: No
[1,708s][debug  ][gc,nmethod     ] Register NMethod: java.lang.invoke.MethodHandle.invokeBasic (0x00007f376f263f10) [0x00007f376f2640a0, 0x00007f376f264338] Compiler: , Barriers: 0, Oops: 0, ImmediateOops: 0, NonImmediateOops: No
[1,708s][debug  ][gc,nmethod     ] Register NMethod: java.lang.invoke.MethodHandle.linkToSpecial (0x00007f376f264390) [0x00007f376f264500, 0x00007f376f2645f8] Compiler: , Barriers: 0, Oops: 0, ImmediateOops: 0, NonImmediateOops: No
[1,708s][debug  ][gc,nmethod     ] Register NMethod: java.lang.invoke.MethodType.isAllObject (0x00007f374fd82910) [0x00007f374fd82ac0, 0x00007f374fd82d20] Compiler: c1, Barriers: 1, Oops: 0, ImmediateOops: 1, NonImmediateOops: No
[1,708s][debug  ][gc,alloc       ] Mutator Allocation Rate: 182,0MB/s Predicted: 182,0MB/s, Avg: 182,0(+/-0,0)MB/s
[1,708s][debug  ][gc,director    ] Rule Major: Warmup 10%, Used: 84MB, UsedThreshold: 1536MB
[1,708s][debug  ][gc,nmethod     ] Register NMethod: jdk.internal.misc.Unsafe.putIntUnaligned (0x00007f374fa37710) [0x00007f374fa378e0, 0x00007f374fa37c60] Compiler: c1, Barriers: 0, Oops: 0, ImmediateOops: 0, NonImmediateOops: No
[1,708s][debug  ][gc,nmethod     ] Register NMethod: jdk.internal.misc.Unsafe.checkSize (0x00007f374fa37210) [0x00007f374fa373c0, 0x00007f374fa37638] Compiler: c1, Barriers: 0, Oops: 0, ImmediateOops: 0, NonImmediateOops: No
[1,708s][debug  ][gc,nmethod     ] Register NMethod: jdk.internal.misc.Unsafe.putIntUnaligned (0x00007f374fa36d10) [0x00007f374fa36ec0, 0x00007f374fa37100] Compiler: c1, Barriers: 0, Oops: 0, ImmediateOops: 0, NonImmediateOops: No
[1,708s][debug  ][gc,nmethod     ] Register NMethod: java.lang.invoke.VarHandleByteArrayAsInts$ArrayHandle.set (0x00007f374fa36590) [0x00007f374fa36760, 0x00007f374fa36b58] Compiler: c1, Barriers: 0, Oops: 2, ImmediateOops: 2, NonImmediateOops: No
[1,710s][debug  ][gc,nmethod     ] Register NMethod: jdk.internal.misc.Unsafe.getIntVolatile (0x00007f376f264690) [0x00007f376f264820, 0x00007f376f264a00] Compiler: , Barriers: 0, Oops: 0, ImmediateOops: 0, NonImmediateOops: No
[1,710s][debug  ][gc,nmethod     ] Register NMethod: java.nio.ByteOrder.nativeOrder (0x00007f374fa36290) [0x00007f374fa36420, 0x00007f374fa36510] Compiler: c1, Barriers: 0, Oops: 0, ImmediateOops: 1, NonImmediateOops: No
[1,713s][debug  ][gc,nmethod     ] Register NMethod: sun.nio.fs.UnixPath.getFileSystem (0x00007f374fa35f10) [0x00007f374fa360a0, 0x00007f374fa361f8] Compiler: c1, Barriers: 1, Oops: 0, ImmediateOops: 0, NonImmediateOops: No
[1,713s][debug  ][gc,nmethod     ] Register NMethod: sun.nio.fs.UnixPath.initOffsets (0x00007f374fa74190) [0x00007f374fa743a0, 0x00007f374fa74d88] Compiler: c1, Barriers: 8, Oops: 0, ImmediateOops: 0, NonImmediateOops: No
[1,713s][debug  ][gc,nmethod     ] Register NMethod: net.openhft.chronicle.core.util.ObjectUtils.requireNonNull (0x00007f374fa35b90) [0x00007f374fa35d20, 0x00007f374fa35e58] Compiler: c1, Barriers: 1, Oops: 1, ImmediateOops: 0, NonImmediateOops: No
[1,713s][debug  ][gc,nmethod     ] Register NMethod: net.openhft.chronicle.core.util.Longs.requireNonNegative (0x00007f374fa73a10) [0x00007f374fa73c00, 0x00007f374fa74018] Compiler: c1, Barriers: 1, Oops: 1, ImmediateOops: 0, NonImmediateOops: No
[1,713s][debug  ][gc,nmethod     ] Register NMethod: jdk.internal.misc.Unsafe.checkOffset (0x00007f374fa73510) [0x00007f374fa736c0, 0x00007f374fa73938] Compiler: c1, Barriers: 0, Oops: 0, ImmediateOops: 0, NonImmediateOops: No
[1,714s][debug  ][gc,nmethod     ] Register NMethod: net.openhft.chronicle.bytes.AbstractBytes.readLimit (0x00007f374fa73110) [0x00007f374fa732a0, 0x00007f374fa73430] Compiler: c1, Barriers: 0, Oops: 1, ImmediateOops: 0, NonImmediateOops: No
[1,715s][debug  ][gc,nmethod     ] Register NMethod: jdk.internal.misc.Unsafe.copyMemory0 (0x00007f376f264a10) [0x00007f376f264ba0, 0x00007f376f264d88] Compiler: , Barriers: 0, Oops: 0, ImmediateOops: 0, NonImmediateOops: No
[1,715s][debug  ][gc,nmethod     ] Register NMethod: net.openhft.chronicle.bytes.AbstractBytes.start (0x00007f374fa72c90) [0x00007f374fa72e40, 0x00007f374fa73038] Compiler: c1, Barriers: 1, Oops: 1, ImmediateOops: 0, NonImmediateOops: No
[1,715s][debug  ][gc,nmethod     ] Register NMethod: java.nio.Buffer.<init> (0x00007f374fa90810) [0x00007f374fa90ac0, 0x00007f374fa915a0] Compiler: c1, Barriers: 3, Oops: 3, ImmediateOops: 3, NonImmediateOops: No
[1,715s][debug  ][gc,nmethod     ] Register NMethod: net.openhft.chronicle.bytes.AbstractBytes.readPosition (0x00007f376f264e10) [0x00007f376f264fa0, 0x00007f376f265060] Compiler: c1, Barriers: 0, Oops: 1, ImmediateOops: 0, NonImmediateOops: No
[1,715s][debug  ][gc,nmethod     ] Register NMethod: java.lang.Math.toIntExact (0x00007f374fa72810) [0x00007f374fa729c0, 0x00007f374fa72bb0] Compiler: c1, Barriers: 0, Oops: 0, ImmediateOops: 1, NonImmediateOops: No
[1,715s][debug  ][gc,nmethod     ] Register NMethod: net.openhft.chronicle.bytes.AbstractBytes.readCheckOffset (0x00007f374fa72410) [0x00007f374fa725c0, 0x00007f374fa72708] Compiler: c1, Barriers: 0, Oops: 1, ImmediateOops: 0, NonImmediateOops: No
[1,715s][debug  ][gc,nmethod     ] Register NMethod: jdk.internal.misc.Unsafe.copyMemoryChecks (0x00007f374fa8f210) [0x00007f374fa8f4e0, 0x00007f374fa90260] Compiler: c1, Barriers: 4, Oops: 0, ImmediateOops: 0, NonImmediateOops: No
[1,715s][debug  ][gc,nmethod     ] Register NMethod: net.openhft.chronicle.bytes.AbstractBytes.readCheckOffset0 (0x00007f374fa8e510) [0x00007f374fa8e700, 0x00007f374fa8ed30] Compiler: c1, Barriers: 1, Oops: 1, ImmediateOops: 0, NonImmediateOops: No
[1,715s][debug  ][gc,nmethod     ] Register NMethod: jdk.internal.misc.Unsafe.copyMemory (0x00007f374fa31f10) [0x00007f374fa321e0, 0x00007f374fa32f58] Compiler: c1, Barriers: 4, Oops: 0, ImmediateOops: 0, NonImmediateOops: No
[1,715s][debug  ][gc,nmethod     ] Register NMethod: net.openhft.chronicle.bytes.AbstractBytes.readOffsetPositionMoved (0x00007f374fa31510) [0x00007f374fa31700, 0x00007f374fa31d08] Compiler: c1, Barriers: 0, Oops: 1, ImmediateOops: 1, NonImmediateOops: No
[1,715s][debug  ][gc,nmethod     ] Register NMethod: sun.misc.Unsafe.getByte (0x00007f374fa72090) [0x00007f374fa72220, 0x00007f374fa72330] Compiler: c1, Barriers: 0, Oops: 0, ImmediateOops: 0, NonImmediateOops: No
[1,715s][debug  ][gc,nmethod     ] Register NMethod: net.openhft.chronicle.bytes.internal.HeapBytesStore.capacity (0x00007f376f265110) [0x00007f376f2652a0, 0x00007f376f265360] Compiler: c1, Barriers: 0, Oops: 1, ImmediateOops: 0, NonImmediateOops: No
[1,715s][debug  ][gc,nmethod     ] Register NMethod: java.util.ArrayList.toArray (0x00007f374fa31010) [0x00007f374fa311c0, 0x00007f374fa313e8] Compiler: c1, Barriers: 2, Oops: 0, ImmediateOops: 0, NonImmediateOops: No
[1,715s][debug  ][gc,nmethod     ] Register NMethod: java.nio.ByteBuffer.array (0x00007f374fa30a10) [0x00007f374fa30be0, 0x00007f374fa30ed0] Compiler: c1, Barriers: 1, Oops: 0, ImmediateOops: 0, NonImmediateOops: No
[1,715s][debug  ][gc,nmethod     ] Register NMethod: org.magicwerk.brownies.collections.GapList.size (0x00007f376f265410) [0x00007f376f2655a0, 0x00007f376f265660] Compiler: c1, Barriers: 0, Oops: 1, ImmediateOops: 0, NonImmediateOops: No
[1,716s][debug  ][gc,nmethod     ] Register NMethod: java.nio.ByteBuffer.limit (0x00007f374fa71c90) [0x00007f374fa71e40, 0x00007f374fa71f88] Compiler: c1, Barriers: 0, Oops: 0, ImmediateOops: 0, NonImmediateOops: No
[1,717s][debug  ][gc,nmethod     ] Register NMethod: java.io.ByteArrayInputStream.read (0x00007f374fa30010) [0x00007f374fa30200, 0x00007f374fa30838] Compiler: c1, Barriers: 1, Oops: 0, ImmediateOops: 0, NonImmediateOops: No
[1,717s][debug  ][gc,nmethod     ] Register NMethod: net.openhft.chronicle.core.UnsafeMemory.readByte (0x00007f374fa2fc10) [0x00007f374fa2fda0, 0x00007f374fa2ff70] Compiler: c1, Barriers: 0, Oops: 1, ImmediateOops: 1, NonImmediateOops: No
[1,717s][debug  ][gc,nmethod     ] Register NMethod: java.util.BitSet.wordIndex (0x00007f374fa2f910) [0x00007f374fa2faa0, 0x00007f374fa2fb88] Compiler: c1, Barriers: 0, Oops: 0, ImmediateOops: 0, NonImmediateOops: No
[1,717s][debug  ][gc,nmethod     ] Register NMethod: net.openhft.chronicle.bytes.internal.HeapBytesStore.readByte (0x00007f374fa24e90) [0x00007f374fa25080, 0x00007f374fa257b8] Compiler: c1, Barriers: 3, Oops: 1, ImmediateOops: 2, NonImmediateOops: No
[1,718s][debug  ][gc,director    ] Rule Major: Warmup 10%, Used: 86MB, UsedThreshold: 1536MB
[1,719s][debug  ][gc,nmethod     ] Register NMethod: java.nio.HeapByteBuffer.ix (0x00007f374fa35890) [0x00007f374fa35a20, 0x00007f374fa35b28] Compiler: c1, Barriers: 0, Oops: 0, ImmediateOops: 0, NonImmediateOops: No
[1,723s][debug  ][gc,nmethod     ] Register NMethod: java.nio.ByteBuffer.position (0x00007f374fa24a90) [0x00007f374fa24c40, 0x00007f374fa24df8] Compiler: c1, Barriers: 0, Oops: 0, ImmediateOops: 0, NonImmediateOops: No
[1,723s][debug  ][gc,nmethod     ] Register NMethod: java.util.BitSet.checkInvariants (0x00007f374fa24710) [0x00007f374fa248a0, 0x00007f374fa249d0] Compiler: c1, Barriers: 0, Oops: 0, ImmediateOops: 0, NonImmediateOops: No
[1,724s][debug  ][gc,nmethod     ] Register NMethod: net.openhft.chronicle.bytes.AbstractBytes.readByte (0x00007f374fa24090) [0x00007f374fa24260, 0x00007f374fa245b0] Compiler: c1, Barriers: 1, Oops: 1, ImmediateOops: 0, NonImmediateOops: No
[1,724s][debug  ][gc,nmethod     ] Register NMethod: java.lang.invoke.MethodTypeForm.canonicalize (0x00007f376f265710) [0x00007f376f2658a0, 0x00007f376f265970] Compiler: c2, Barriers: 0, Oops: 0, ImmediateOops: 1, NonImmediateOops: No
[1,725s][debug  ][gc,nmethod     ] Register NMethod: java.lang.ThreadLocal.get (0x00007f374fa23a10) [0x00007f374fa23be0, 0x00007f374fa23f08] Compiler: c1, Barriers: 1, Oops: 0, ImmediateOops: 0, NonImmediateOops: No
[1,725s][debug  ][gc,nmethod     ] Register NMethod: net.jpountz.util.SafeUtils.checkRange (0x00007f374fa23510) [0x00007f374fa236c0, 0x00007f374fa238f8] Compiler: c1, Barriers: 0, Oops: 1, ImmediateOops: 0, NonImmediateOops: No
[1,727s][debug  ][gc,nmethod     ] Register NMethod: io.sirix.settings.Fixed.getStandardProperty (0x00007f376f265a90) [0x00007f376f265c20, 0x00007f376f265ce0] Compiler: c1, Barriers: 0, Oops: 1, ImmediateOops: 0, NonImmediateOops: No
[1,727s][debug  ][gc,nmethod     ] Register NMethod: io.sirix.page.PageReference.setPage (0x00007f376f265d90) [0x00007f376f265f20, 0x00007f376f266058] Compiler: c1, Barriers: 3, Oops: 1, ImmediateOops: 0, NonImmediateOops: No
[1,727s][debug  ][gc,nmethod     ] Register NMethod: net.openhft.chronicle.core.io.VanillaReferenceCounted.refCount (0x00007f376f266110) [0x00007f376f2662a0, 0x00007f376f266360] Compiler: c1, Barriers: 0, Oops: 1, ImmediateOops: 0, NonImmediateOops: No
[1,727s][debug  ][gc,nmethod     ] Register NMethod: io.sirix.access.trx.page.NodePageReadOnlyTrx.assertNotClosed (0x00007f374fa23010) [0x00007f374fa231c0, 0x00007f374fa233e8] Compiler: c1, Barriers: 0, Oops: 1, ImmediateOops: 1, NonImmediateOops: No
[1,727s][debug  ][gc,nmethod     ] Register NMethod: io.sirix.node.delegates.NodeDelegate.getNodeKey (0x00007f376f266410) [0x00007f376f2665a0, 0x00007f376f266660] Compiler: c1, Barriers: 0, Oops: 1, ImmediateOops: 0, NonImmediateOops: No
[1,727s][debug  ][gc,nmethod     ] Register NMethod: io.sirix.node.delegates.StructNodeDelegate.delegate (0x00007f376f266710) [0x00007f376f2668a0, 0x00007f376f266990] Compiler: c1, Barriers: 1, Oops: 1, ImmediateOops: 0, NonImmediateOops: No
[1,727s][debug  ][gc,nmethod     ] Register NMethod: io.sirix.page.RevisionRootPage.getRevision (0x00007f376f266a10) [0x00007f376f266ba0, 0x00007f376f266c60] Compiler: c1, Barriers: 0, Oops: 1, ImmediateOops: 0, NonImmediateOops: No
[1,728s][debug  ][gc,nmethod     ] Register NMethod: io.sirix.node.AbstractForwardingNode.getNodeDelegate (0x00007f374fa22c10) [0x00007f374fa22dc0, 0x00007f374fa22f78] Compiler: c1, Barriers: 0, Oops: 1, ImmediateOops: 0, NonImmediateOops: No
[1,728s][debug  ][gc,nmethod     ] Register NMethod: io.sirix.node.AbstractForwardingNode.getNodeKey (0x00007f374fa22790) [0x00007f374fa22940, 0x00007f374fa22b30] Compiler: c1, Barriers: 0, Oops: 1, ImmediateOops: 0, NonImmediateOops: No
[1,728s][debug  ][gc,nmethod     ] Register NMethod: io.sirix.api.PageReadOnlyTrx.recordPageOffset (0x00007f374fa22490) [0x00007f374fa22620, 0x00007f374fa22720] Compiler: c1, Barriers: 0, Oops: 1, ImmediateOops: 0, NonImmediateOops: No
[1,728s][debug  ][gc,nmethod     ] Register NMethod: io.sirix.node.delegates.NodeDelegate.getParentKey (0x00007f376f266d10) [0x00007f376f266ea0, 0x00007f376f266f60] Compiler: c1, Barriers: 0, Oops: 1, ImmediateOops: 0, NonImmediateOops: No
[1,728s][debug  ][gc,nmethod     ] Register NMethod: io.sirix.access.trx.node.AbstractNodeReadOnlyTrx.assertNotClosed (0x00007f374fa21f90) [0x00007f374fa22140, 0x00007f374fa22358] Compiler: c1, Barriers: 0, Oops: 1, ImmediateOops: 1, NonImmediateOops: No
[1,728s][debug  ][gc,nmethod     ] Register NMethod: net.openhft.chronicle.bytes.NativeBytes.writeByte (0x00007f374fa2f110) [0x00007f374fa2f2c0, 0x00007f374fa2f470] Compiler: c1, Barriers: 0, Oops: 1, ImmediateOops: 0, NonImmediateOops: No
[1,728s][debug  ][gc,nmethod     ] Register NMethod: io.sirix.access.trx.node.AbstractNodeReadOnlyTrx.getCurrentNode (0x00007f376f267010) [0x00007f376f2671a0, 0x00007f376f267290] Compiler: c1, Barriers: 1, Oops: 1, ImmediateOops: 0, NonImmediateOops: No
[1,728s][debug  ][gc,nmethod     ] Register NMethod: net.openhft.chronicle.bytes.NativeBytes.writeByte (0x00007f374fa2ec10) [0x00007f374fa2edc0, 0x00007f374fa2f018] Compiler: c1, Barriers: 1, Oops: 1, ImmediateOops: 0, NonImmediateOops: No
[1,728s][debug  ][gc,director    ] Rule Major: Warmup 10%, Used: 88MB, UsedThreshold: 1536MB
[1,728s][debug  ][gc,nmethod     ] Register NMethod: io.sirix.cache.PageContainer.getModified (0x00007f376f267310) [0x00007f376f2674a0, 0x00007f376f267590] Compiler: c1, Barriers: 1, Oops: 1, ImmediateOops: 0, NonImmediateOops: No
[1,728s][debug  ][gc,nmethod     ] Register NMethod: net.openhft.hashing.Access.i64 (0x00007f374fa2e810) [0x00007f374fa2e9c0, 0x00007f374fa2eb78] Compiler: c1, Barriers: 0, Oops: 1, ImmediateOops: 0, NonImmediateOops: No
[1,728s][debug  ][gc,nmethod     ] Register NMethod: net.openhft.hashing.UnsafeAccess.getLong (0x00007f374fa2e410) [0x00007f374fa2e5a0, 0x00007f374fa2e768] Compiler: c1, Barriers: 0, Oops: 1, ImmediateOops: 1, NonImmediateOops: No
[1,729s][debug  ][gc,nmethod     ] Register NMethod: io.sirix.node.json.ObjectKeyNode.delegate (0x00007f374fa2df10) [0x00007f374fa2e0c0, 0x00007f374fa2e318] Compiler: c1, Barriers: 2, Oops: 1, ImmediateOops: 0, NonImmediateOops: No
[1,729s][debug  ][gc,nmethod     ] Register NMethod: io.sirix.access.trx.page.NodePageTrx.getMostRecentPageContainer (0x00007f374fa2d510) [0x00007f374fa2d700, 0x00007f374fa2ddc8] Compiler: c1, Barriers: 9, Oops: 1, ImmediateOops: 1, NonImmediateOops: No
[1,729s][debug  ][gc,nmethod     ] Register NMethod: net.openhft.chronicle.bytes.BytesStore.safeLimit (0x00007f374fa2d110) [0x00007f374fa2d2c0, 0x00007f374fa2d478] Compiler: c1, Barriers: 0, Oops: 1, ImmediateOops: 0, NonImmediateOops: No
[1,729s][debug  ][gc,nmethod     ] Register NMethod: io.sirix.access.trx.page.NodePageReadOnlyTrx.pageKey (0x00007f374fa2c910) [0x00007f374fa2cae0, 0x00007f374fa2cf30] Compiler: c1, Barriers: 0, Oops: 1, ImmediateOops: 2, NonImmediateOops: No
[1,729s][debug  ][gc,nmethod     ] Register NMethod: java.lang.invoke.ClassSpecializer$SpeciesData.factory (0x00007f374fa2c390) [0x00007f374fa2c540, 0x00007f374fa2c818] Compiler: c1, Barriers: 1, Oops: 0, ImmediateOops: 0, NonImmediateOops: No
[1,729s][debug  ][gc,nmethod     ] Register NMethod: java.lang.invoke.DelegatingMethodHandle.whichKind (0x00007f374fa2bf90) [0x00007f374fa2c140, 0x00007f374fa2c318] Compiler: c1, Barriers: 0, Oops: 0, ImmediateOops: 3, NonImmediateOops: No
[1,729s][debug  ][gc,nmethod     ] Register NMethod: java.util.ImmutableCollections$SubList.size (0x00007f376f267610) [0x00007f376f2677a0, 0x00007f376f267860] Compiler: c1, Barriers: 0, Oops: 0, ImmediateOops: 0, NonImmediateOops: No
[1,729s][debug  ][gc,nmethod     ] Register NMethod: java.lang.invoke.BoundMethodHandle$SpeciesData.extendWith (0x00007f374fb51c90) [0x00007f374fb51f00, 0x00007f374fb528f0] Compiler: c1, Barriers: 7, Oops: 1, ImmediateOops: 1, NonImmediateOops: No
[1,729s][debug  ][gc,nmethod     ] Register NMethod: io.sirix.index.path.summary.PathNode.delegate (0x00007f376f267910) [0x00007f376f267aa0, 0x00007f376f267b90] Compiler: c1, Barriers: 1, Oops: 1, ImmediateOops: 0, NonImmediateOops: No
[1,729s][debug  ][gc,nmethod     ] Register NMethod: io.sirix.node.json.ObjectKeyNode.structDelegate (0x00007f376f267c10) [0x00007f376f267da0, 0x00007f376f267e90] Compiler: c1, Barriers: 1, Oops: 1, ImmediateOops: 0, NonImmediateOops: No
[1,729s][debug  ][gc,nmethod     ] Register NMethod: io.sirix.page.KeyValueLeafPage.getRecord (0x00007f374fa2bb10) [0x00007f374fa2bcc0, 0x00007f374fa2be98] Compiler: c1, Barriers: 2, Oops: 1, ImmediateOops: 0, NonImmediateOops: No
[1,729s][debug  ][gc,nmethod     ] Register NMethod: net.openhft.chronicle.core.io.ReferenceCountedTracer.throwExceptionIfReleased (0x00007f374fa2b590) [0x00007f374fa2b760, 0x00007f374fa2ba28] Compiler: c1, Barriers: 0, Oops: 1, ImmediateOops: 1, NonImmediateOops: No
[1,729s][debug  ][gc,nmethod     ] Register NMethod: net.openhft.chronicle.core.io.AbstractReferenceCounted.throwExceptionIfReleased (0x00007f374fb51510) [0x00007f374fb516e0, 0x00007f374fb51ae8] Compiler: c1, Barriers: 1, Oops: 1, ImmediateOops: 1, NonImmediateOops: No
[1,730s][debug  ][gc,nmethod     ] Register NMethod: io.sirix.access.trx.page.NodePageReadOnlyTrx.getValue (0x00007f374fb50290) [0x00007f374fb50520, 0x00007f374fb51030] Compiler: c1, Barriers: 6, Oops: 1, ImmediateOops: 0, NonImmediateOops: No
[1,730s][debug  ][gc,nmethod     ] Register NMethod: io.sirix.node.AbstractForwardingNode.getParentKey (0x00007f374fa2b110) [0x00007f374fa2b2c0, 0x00007f374fa2b4b0] Compiler: c1, Barriers: 0, Oops: 1, ImmediateOops: 0, NonImmediateOops: No
[1,730s][debug  ][gc,nmethod     ] Register NMethod: io.sirix.node.delegates.StructNodeDelegate.getDescendantCount (0x00007f376f267f10) [0x00007f376f2680a0, 0x00007f376f268160] Compiler: c1, Barriers: 0, Oops: 1, ImmediateOops: 0, NonImmediateOops: No
[1,730s][debug  ][gc,nmethod     ] Register NMethod: io.sirix.index.path.summary.PathSummaryReader.assertNotClosed (0x00007f374fb4fd90) [0x00007f374fb4ff40, 0x00007f374fb50158] Compiler: c1, Barriers: 0, Oops: 1, ImmediateOops: 1, NonImmediateOops: No
[1,730s][debug  ][gc,nmethod     ] Register NMethod: io.sirix.page.PageReference.getPage (0x00007f376f268210) [0x00007f376f2683a0, 0x00007f376f268490] Compiler: c1, Barriers: 1, Oops: 1, ImmediateOops: 0, NonImmediateOops: No
[1,730s][debug  ][gc,nmethod     ] Register NMethod: io.sirix.node.json.ObjectNode.structDelegate (0x00007f376f268510) [0x00007f376f2686a0, 0x00007f376f268790] Compiler: c1, Barriers: 1, Oops: 1, ImmediateOops: 0, NonImmediateOops: No
[1,730s][debug  ][gc,nmethod     ] Register NMethod: io.sirix.node.json.ObjectNode.delegate (0x00007f374fb4f890) [0x00007f374fb4fa40, 0x00007f374fb4fc98] Compiler: c1, Barriers: 2, Oops: 1, ImmediateOops: 0, NonImmediateOops: No
[1,730s][debug  ][gc,nmethod     ] Register NMethod: java.lang.invoke.DelegatingMethodHandle.makeReinvokerForm (0x00007f374fa1e410) [0x00007f374fa1e820, 0x00007f374fa20898] Compiler: c1, Barriers: 38, Oops: 0, ImmediateOops: 3, NonImmediateOops: No
[1,730s][debug  ][gc,nmethod     ] Register NMethod: sun.misc.Unsafe.putByte (0x00007f374fa21c90) [0x00007f374fa21e20, 0x00007f374fa21f28] Compiler: c1, Barriers: 0, Oops: 0, ImmediateOops: 0, NonImmediateOops: No
[1,730s][debug  ][gc,nmethod     ] Register NMethod: io.sirix.access.trx.node.AbstractNodeReadOnlyTrx.setCurrentNode (0x00007f374fb4f210) [0x00007f374fb4f3e0, 0x00007f374fb4f748] Compiler: c1, Barriers: 3, Oops: 1, ImmediateOops: 1, NonImmediateOops: No
[1,730s][debug  ][gc,nmethod     ] Register NMethod: net.openhft.chronicle.core.UnsafeMemory.writeByte (0x00007f374fb4ee10) [0x00007f374fb4efa0, 0x00007f374fb4f148] Compiler: c1, Barriers: 0, Oops: 1, ImmediateOops: 1, NonImmediateOops: No
[1,730s][debug  ][gc,nmethod     ] Register NMethod: net.openhft.chronicle.bytes.StreamingDataOutput.rawWriteByte (0x00007f374fb4ea10) [0x00007f374fb4ebc0, 0x00007f374fb4ed78] Compiler: c1, Barriers: 0, Oops: 1, ImmediateOops: 0, NonImmediateOops: No
[1,730s][debug  ][gc,nmethod     ] Register NMethod: net.openhft.chronicle.bytes.internal.HeapBytesStore.writeByte (0x00007f374fb4e610) [0x00007f374fb4e7c0, 0x00007f374fb4e910] Compiler: c1, Barriers: 0, Oops: 1, ImmediateOops: 0, NonImmediateOops: No
[1,730s][debug  ][gc,nmethod     ] Register NMethod: net.openhft.chronicle.bytes.internal.HeapBytesStore.writeByte (0x00007f374fa1d390) [0x00007f374fa1d5e0, 0x00007f374fa1e018] Compiler: c1, Barriers: 4, Oops: 1, ImmediateOops: 2, NonImmediateOops: No
[1,730s][debug  ][gc,nmethod     ] Register NMethod: jdk.internal.org.objectweb.asm.ByteVector.put122 (0x00007f376f268810) [0x00007f376f2689c0, 0x00007f376f268c50] Compiler: c2, Barriers: 2, Oops: 0, ImmediateOops: 0, NonImmediateOops: No
[1,730s][debug  ][gc,nmethod     ] Register NMethod: net.openhft.chronicle.bytes.internal.HeapBytesStore.writeLong (0x00007f374fa1cf90) [0x00007f374fa1d140, 0x00007f374fa1d290] Compiler: c1, Barriers: 0, Oops: 1, ImmediateOops: 0, NonImmediateOops: No
[1,730s][debug  ][gc,nmethod     ] Register NMethod: net.openhft.chronicle.bytes.internal.BytesInternal.appendUtf8Char (0x00007f374fbe1e90) [0x00007f374fbe2180, 0x00007f374fbe3570] Compiler: c1, Barriers: 0, Oops: 1, ImmediateOops: 0, NonImmediateOops: No
[1,730s][debug  ][gc,nmethod     ] Register NMethod: net.openhft.chronicle.bytes.internal.HeapBytesStore.readLong (0x00007f374fbe1290) [0x00007f374fbe14a0, 0x00007f374fbe1bf0] Compiler: c1, Barriers: 3, Oops: 1, ImmediateOops: 2, NonImmediateOops: No
[1,730s][debug  ][gc,nmethod     ] Register NMethod: net.openhft.chronicle.core.UnsafeMemory.readLong (0x00007f374fa1ca90) [0x00007f374fa1cc20, 0x00007f374fa1cdc8] Compiler: c1, Barriers: 0, Oops: 1, ImmediateOops: 1, NonImmediateOops: No
[1,730s][debug  ][gc,nmethod     ] Register NMethod: net.openhft.chronicle.bytes.internal.HeapBytesStore.writeLong (0x00007f374fbe0210) [0x00007f374fbe0460, 0x00007f374fbe0e98] Compiler: c1, Barriers: 4, Oops: 1, ImmediateOops: 2, NonImmediateOops: No
[1,731s][debug  ][gc,nmethod     ] Register NMethod: io.sirix.index.path.summary.PathNode.structDelegate (0x00007f376f268d90) [0x00007f376f268f20, 0x00007f376f269010] Compiler: c1, Barriers: 1, Oops: 1, ImmediateOops: 0, NonImmediateOops: No
[1,731s][debug  ][gc,nmethod     ] Register NMethod: java.util.BitSet.expandTo (0x00007f374fbdfe10) [0x00007f374fbdffc0, 0x00007f374fbe0158] Compiler: c1, Barriers: 0, Oops: 0, ImmediateOops: 0, NonImmediateOops: No
[1,731s][debug  ][gc,nmethod     ] Register NMethod: sun.misc.Unsafe.getLong (0x00007f376f269090) [0x00007f376f269200, 0x00007f376f269298] Compiler: c2, Barriers: 0, Oops: 1, ImmediateOops: 0, NonImmediateOops: No
[1,731s][debug  ][gc,nmethod     ] Register NMethod: io.sirix.node.delegates.StructNodeDelegate.setDescendantCount (0x00007f376f269390) [0x00007f376f269520, 0x00007f376f2695e0] Compiler: c1, Barriers: 0, Oops: 1, ImmediateOops: 0, NonImmediateOops: No
[1,731s][debug  ][gc,nmethod     ] Register NMethod: io.sirix.cache.PageContainer.getModifiedAsUnorderedKeyValuePage (0x00007f374fbdf990) [0x00007f374fbdfb40, 0x00007f374fbdfd50] Compiler: c1, Barriers: 1, Oops: 1, ImmediateOops: 0, NonImmediateOops: No
[1,731s][debug  ][gc,nmethod     ] Register NMethod: io.sirix.node.json.ObjectKeyNode.getKind (0x00007f374fbdf610) [0x00007f374fbdf7a0, 0x00007f374fbdf8b0] Compiler: c1, Barriers: 0, Oops: 1, ImmediateOops: 1, NonImmediateOops: No
[1,731s][debug  ][gc,nmethod     ] Register NMethod: com.google.common.base.Preconditions.checkArgument (0x00007f374fbdef90) [0x00007f374fbdf160, 0x00007f374fbdf4b8] Compiler: c1, Barriers: 0, Oops: 1, ImmediateOops: 1, NonImmediateOops: No
[1,731s][debug  ][gc,nmethod     ] Register NMethod: io.sirix.axis.filter.AbstractFilter.getTrx (0x00007f376f269690) [0x00007f376f269820, 0x00007f376f269910] Compiler: c1, Barriers: 1, Oops: 1, ImmediateOops: 0, NonImmediateOops: No
[1,731s][debug  ][gc,nmethod     ] Register NMethod: io.sirix.page.RevisionRootPage.delegate (0x00007f376f269990) [0x00007f376f269b20, 0x00007f376f269c10] Compiler: c1, Barriers: 1, Oops: 1, ImmediateOops: 0, NonImmediateOops: No
[1,731s][debug  ][gc,nmethod     ] Register NMethod: java.util.BitSet.recalculateWordsInUse (0x00007f374fbdea90) [0x00007f374fbdec40, 0x00007f374fbdee98] Compiler: c1, Barriers: 1, Oops: 0, ImmediateOops: 0, NonImmediateOops: No
[1,731s][debug  ][gc,nmethod     ] Register NMethod: io.sirix.node.json.JsonDocumentRootNode.delegate (0x00007f376f269c90) [0x00007f376f269e20, 0x00007f376f269f10] Compiler: c1, Barriers: 1, Oops: 1, ImmediateOops: 0, NonImmediateOops: No
[1,731s][debug  ][gc,nmethod     ] Register NMethod: io.sirix.node.json.ObjectNode.getHash (0x00007f376f269f90) [0x00007f376f26a120, 0x00007f376f26a1e0] Compiler: c1, Barriers: 0, Oops: 1, ImmediateOops: 0, NonImmediateOops: No
[1,731s][debug  ][gc,nmethod     ] Register NMethod: io.sirix.access.trx.page.NodePageTrx.prepareRecordPage (0x00007f374fa5b010) [0x00007f374fa5b340, 0x00007f374fa5c9f0] Compiler: c1, Barriers: 36, Oops: 4, ImmediateOops: 5, NonImmediateOops: No
[1,731s][debug  ][gc,nmethod     ] Register NMethod: io.sirix.node.json.ObjectKeyNode.getHash (0x00007f376f26a290) [0x00007f376f26a420, 0x00007f376f26a4e0] Compiler: c1, Barriers: 0, Oops: 1, ImmediateOops: 0, NonImmediateOops: No
[1,731s][debug  ][gc,nmethod     ] Register NMethod: io.sirix.axis.AbstractAxis.getCursor (0x00007f376f26a590) [0x00007f376f26a720, 0x00007f376f26a810] Compiler: c1, Barriers: 1, Oops: 1, ImmediateOops: 0, NonImmediateOops: No
[1,732s][debug  ][gc,nmethod     ] Register NMethod: com.google.gson.stream.JsonReader.nextNonWhitespace (0x00007f374fa57f10) [0x00007f374fa58400, 0x00007f374fa5a3d0] Compiler: c1, Barriers: 1, Oops: 4, ImmediateOops: 5, NonImmediateOops: No
[1,732s][debug  ][gc,nmethod     ] Register NMethod: com.google.common.base.Preconditions.checkArgument (0x00007f374fbde610) [0x00007f374fbde7c0, 0x00007f374fbde9a8] Compiler: c1, Barriers: 0, Oops: 1, ImmediateOops: 0, NonImmediateOops: No
[1,732s][debug  ][gc,nmethod     ] Register NMethod: io.sirix.access.trx.page.NodePageTrx.prepareRecordForModification (0x00007f374fa56510) [0x00007f374fa56800, 0x00007f374fa57750] Compiler: c1, Barriers: 7, Oops: 2, ImmediateOops: 4, NonImmediateOops: No
[1,732s][debug  ][gc,nmethod     ] Register NMethod: io.sirix.access.trx.page.NodePageReadOnlyTrx.checkItemIfDeleted (0x00007f374fbde190) [0x00007f374fbde340, 0x00007f374fbde590] Compiler: c1, Barriers: 0, Oops: 1, ImmediateOops: 0, NonImmediateOops: No
[1,732s][debug  ][gc,nmethod     ] Register NMethod: io.sirix.node.delegates.StructNodeDelegate.getRightSiblingKey (0x00007f376f26a890) [0x00007f376f26aa20, 0x00007f376f26aae0] Compiler: c1, Barriers: 0, Oops: 1, ImmediateOops: 0, NonImmediateOops: No
[1,732s][debug  ][gc,nmethod     ] Register NMethod: io.sirix.utils.IntToObjectMap.calcBaseHashIndex (0x00007f374fb4e310) [0x00007f374fb4e4a0, 0x00007f374fb4e5a8] Compiler: c1, Barriers: 0, Oops: 1, ImmediateOops: 0, NonImmediateOops: No
[1,732s][debug  ][gc,nmethod     ] Register NMethod: io.sirix.access.trx.node.AbstractNodeReadOnlyTrx.moveTo (0x00007f374fafea90) [0x00007f374fafed40, 0x00007f374faffd28] Compiler: c1, Barriers: 11, Oops: 1, ImmediateOops: 4, NonImmediateOops: No
[1,732s][debug  ][gc,nmethod     ] Register NMethod: io.sirix.access.trx.page.NodePageTrx.getPageContainer (0x00007f374fafd610) [0x00007f374fafd880, 0x00007f374fafe6b8] Compiler: c1, Barriers: 12, Oops: 4, ImmediateOops: 4, NonImmediateOops: No
[1,732s][debug  ][gc,nmethod     ] Register NMethod: io.sirix.access.trx.page.NodePageTrx.getRecord (0x00007f374fafc210) [0x00007f374fafc4c0, 0x00007f374fafd1b8] Compiler: c1, Barriers: 8, Oops: 1, ImmediateOops: 2, NonImmediateOops: No
[1,732s][debug  ][gc,nmethod     ] Register NMethod: net.openhft.chronicle.bytes.NativeBytes.capacity (0x00007f376f26ab90) [0x00007f376f26ad20, 0x00007f376f26ade0] Compiler: c1, Barriers: 0, Oops: 1, ImmediateOops: 0, NonImmediateOops: No
[1,732s][debug  ][gc,nmethod     ] Register NMethod: io.sirix.access.trx.node.json.JsonNodeHashing.getCurrentNode (0x00007f374fafbd10) [0x00007f374fafbec0, 0x00007f374fafc0e8] Compiler: c1, Barriers: 2, Oops: 1, ImmediateOops: 0, NonImmediateOops: No
[1,732s][debug  ][gc,nmethod     ] Register NMethod: io.sirix.api.PageReadOnlyTrx.recordPageOffset (0x00007f376f26ae90) [0x00007f376f26b000, 0x00007f376f26b078] Compiler: c2, Barriers: 0, Oops: 1, ImmediateOops: 0, NonImmediateOops: No
[1,732s][debug  ][gc,nmethod     ] Register NMethod: net.openhft.chronicle.bytes.NativeBytes.writeLong (0x00007f374fafb910) [0x00007f374fafbac0, 0x00007f374fafbc70] Compiler: c1, Barriers: 0, Oops: 1, ImmediateOops: 0, NonImmediateOops: No
[1,732s][debug  ][gc,nmethod     ] Register NMethod: net.openhft.chronicle.bytes.NativeBytes.writeLong (0x00007f374fafb410) [0x00007f374fafb5c0, 0x00007f374fafb818] Compiler: c1, Barriers: 1, Oops: 1, ImmediateOops: 0, NonImmediateOops: No
[1,732s][debug  ][gc,nmethod     ] Register NMethod: io.sirix.index.path.summary.PathSummaryReader.getStructuralNode (0x00007f374fafaf90) [0x00007f374fafb140, 0x00007f374fafb358] Compiler: c1, Barriers: 1, Oops: 1, ImmediateOops: 0, NonImmediateOops: No
[1,732s][debug  ][gc,nmethod     ] Register NMethod: com.google.common.base.Preconditions.checkState (0x00007f374fafab10) [0x00007f374fafacc0, 0x00007f374fafaeb0] Compiler: c1, Barriers: 0, Oops: 1, ImmediateOops: 0, NonImmediateOops: No
[1,732s][debug  ][gc,nmethod     ] Register NMethod: io.sirix.node.xml.AbstractStructForwardingNode.getDescendantCount (0x00007f374fafa690) [0x00007f374fafa840, 0x00007f374fafaa30] Compiler: c1, Barriers: 0, Oops: 1, ImmediateOops: 0, NonImmediateOops: No
[1,732s][debug  ][gc,nmethod     ] Register NMethod: io.sirix.access.trx.node.json.JsonNodeTrxImpl.nodeReadOnlyTrxDelegate (0x00007f374fafa210) [0x00007f374fafa3c0, 0x00007f374fafa5e8] Compiler: c1, Barriers: 1, Oops: 1, ImmediateOops: 0, NonImmediateOops: No
[1,732s][debug  ][gc,nmethod     ] Register NMethod: io.sirix.node.delegates.NameNodeDelegate.getLocalNameKey (0x00007f376f26b190) [0x00007f376f26b320, 0x00007f376f26b3e0] Compiler: c1, Barriers: 0, Oops: 1, ImmediateOops: 0, NonImmediateOops: No
[1,732s][debug  ][gc,nmethod     ] Register NMethod: io.sirix.axis.AbstractAxis.hasNext (0x00007f374faf9790) [0x00007f374faf99c0, 0x00007f374fafa018] Compiler: c1, Barriers: 2, Oops: 1, ImmediateOops: 1, NonImmediateOops: No
[1,733s][debug  ][gc,nmethod     ] Register NMethod: io.sirix.index.path.summary.PathSummaryReader.getNodeKey (0x00007f374fadba90) [0x00007f374fadbc60, 0x00007f374fadbfd0] Compiler: c1, Barriers: 1, Oops: 1, ImmediateOops: 1, NonImmediateOops: No
[1,733s][debug  ][gc,nmethod     ] Register NMethod: io.sirix.utils.IntToObjectMap.find (0x00007f374fadb310) [0x00007f374fadb4e0, 0x00007f374fadb878] Compiler: c1, Barriers: 3, Oops: 1, ImmediateOops: 0, NonImmediateOops: No
[1,733s][debug  ][gc,nmethod     ] Register NMethod: java.nio.ByteBuffer.hasArray (0x00007f374faf9190) [0x00007f374faf9320, 0x00007f374faf94e8] Compiler: c1, Barriers: 1, Oops: 0, ImmediateOops: 0, NonImmediateOops: No
[1,733s][debug  ][gc,nmethod     ] Register NMethod: java.lang.invoke.MethodType.methodType (0x00007f376f26b490) [0x00007f376f26bc00, 0x00007f376f2706a8] Compiler: c2, Barriers: 136, Oops: 6, ImmediateOops: 41, NonImmediateOops: No
[1,733s][debug  ][gc,nmethod     ] Register NMethod: io.sirix.node.json.ObjectKeyNode.setHash (0x00007f376f272b10) [0x00007f376f272ca0, 0x00007f376f272d60] Compiler: c1, Barriers: 0, Oops: 1, ImmediateOops: 0, NonImmediateOops: No
[1,733s][debug  ][gc,nmethod     ] Register NMethod: io.sirix.utils.IntToObjectMap.get (0x00007f374fadae90) [0x00007f374fadb040, 0x00007f374fadb218] Compiler: c1, Barriers: 2, Oops: 1, ImmediateOops: 0, NonImmediateOops: No
[1,733s][debug  ][gc,nmethod     ] Register NMethod: io.sirix.index.path.summary.PathSummaryReader.moveTo (0x00007f374fad9f10) [0x00007f374fada160, 0x00007f374fadabb0] Compiler: c1, Barriers: 14, Oops: 1, ImmediateOops: 2, NonImmediateOops: No
[1,733s][debug  ][gc,nmethod     ] Register NMethod: io.sirix.node.xml.AbstractStructForwardingNode.hasRightSibling (0x00007f374fad9990) [0x00007f374fad9b40, 0x00007f374fad9df8] Compiler: c1, Barriers: 0, Oops: 1, ImmediateOops: 1, NonImmediateOops: No
[1,733s][debug  ][gc,nmethod     ] Register NMethod: io.sirix.node.delegates.StructNodeDelegate.hasRightSibling (0x00007f374fad9590) [0x00007f374fad9720, 0x00007f374fad98a8] Compiler: c1, Barriers: 0, Oops: 1, ImmediateOops: 1, NonImmediateOops: No
[1,733s][debug  ][gc,nmethod     ] Register NMethod: io.sirix.node.json.ObjectNode.setHash (0x00007f376f272e10) [0x00007f376f272fa0, 0x00007f376f273060] Compiler: c1, Barriers: 0, Oops: 1, ImmediateOops: 0, NonImmediateOops: No
[1,733s][debug  ][gc,nmethod     ] Register NMethod: io.sirix.access.trx.node.AbstractNodeHashing.setAddDescendants (0x00007f374fad8b10) [0x00007f374fad8d20, 0x00007f374fad93d8] Compiler: c1, Barriers: 0, Oops: 1, ImmediateOops: 0, NonImmediateOops: No
[1,733s][debug  ][gc,nmethod     ] Register NMethod: io.sirix.node.xml.AbstractStructForwardingNode.setDescendantCount (0x00007f374fad8690) [0x00007f374fad8840, 0x00007f374fad8a30] Compiler: c1, Barriers: 0, Oops: 1, ImmediateOops: 0, NonImmediateOops: No
[1,734s][debug  ][gc,nmethod     ] Register NMethod: io.sirix.axis.ChildAxis.nextKey (0x00007f374fad7c10) [0x00007f374fad7e20, 0x00007f374fad8510] Compiler: c1, Barriers: 1, Oops: 1, ImmediateOops: 1, NonImmediateOops: No
[1,734s][debug  ][gc,nmethod     ] Register NMethod: io.sirix.axis.AbstractAxis.tryToComputeNext (0x00007f374fad7510) [0x00007f374fad76e0, 0x00007f374fad7b28] Compiler: c1, Barriers: 10, Oops: 1, ImmediateOops: 5, NonImmediateOops: No
[1,734s][debug  ][gc,nmethod     ] Register NMethod: io.sirix.axis.AbstractAxis.resetToLastKey (0x00007f374fad6f10) [0x00007f374fad70e0, 0x00007f374fad7410] Compiler: c1, Barriers: 2, Oops: 1, ImmediateOops: 0, NonImmediateOops: No
[1,734s][debug  ][gc,nmethod     ] Register NMethod: io.sirix.node.xml.AbstractStructForwardingNode.getRightSiblingKey (0x00007f374fad6a90) [0x00007f374fad6c40, 0x00007f374fad6e30] Compiler: c1, Barriers: 0, Oops: 1, ImmediateOops: 0, NonImmediateOops: No
[1,734s][debug  ][gc,nmethod     ] Register NMethod: it.unimi.dsi.fastutil.HashCommon.mix (0x00007f374fbdde10) [0x00007f374fbddfa0, 0x00007f374fbde098] Compiler: c1, Barriers: 0, Oops: 1, ImmediateOops: 0, NonImmediateOops: No
[1,734s][debug  ][gc,nmethod     ] Register NMethod: io.sirix.node.json.AbstractStringNode.delegate (0x00007f374fad6590) [0x00007f374fad6740, 0x00007f374fad6998] Compiler: c1, Barriers: 2, Oops: 1, ImmediateOops: 0, NonImmediateOops: No
[1,734s][debug  ][gc,nmethod     ] Register NMethod: io.sirix.axis.AbstractAxis.nextLong (0x00007f374fad5a90) [0x00007f374fad5cc0, 0x00007f374fad6350] Compiler: c1, Barriers: 5, Oops: 1, ImmediateOops: 1, NonImmediateOops: No
[1,734s][debug  ][gc,nmethod     ] Register NMethod: io.sirix.axis.filter.PathNameFilter.filter (0x00007f374fdeb490) [0x00007f374fdeb760, 0x00007f374fdec970] Compiler: c1, Barriers: 5, Oops: 1, ImmediateOops: 3, NonImmediateOops: No
[1,734s][debug  ][gc,nmethod     ] Register NMethod: io.sirix.index.path.summary.PathSummaryReader.isNameNode (0x00007f374fad5410) [0x00007f374fad55e0, 0x00007f374fad5988] Compiler: c1, Barriers: 1, Oops: 1, ImmediateOops: 1, NonImmediateOops: No
[1,734s][debug  ][gc,nmethod     ] Register NMethod: io.sirix.index.path.summary.PathSummaryReader.getLocalNameKey (0x00007f374fad4a90) [0x00007f374fad4c80, 0x00007f374fad5238] Compiler: c1, Barriers: 1, Oops: 1, ImmediateOops: 1, NonImmediateOops: No
[1,734s][debug  ][gc,nmethod     ] Register NMethod: io.sirix.index.path.summary.PathSummaryReader.hasRightSibling (0x00007f374fdecd90) [0x00007f374fdecf80, 0x00007f374fded400] Compiler: c1, Barriers: 1, Oops: 1, ImmediateOops: 1, NonImmediateOops: No
[1,734s][debug  ][gc,nmethod     ] Register NMethod: io.sirix.index.path.summary.PathNode.getLocalNameKey (0x00007f374fded590) [0x00007f374fded720, 0x00007f374fded880] Compiler: c1, Barriers: 1, Oops: 1, ImmediateOops: 0, NonImmediateOops: No
[1,734s][debug  ][gc,nmethod     ] Register NMethod: com.google.common.collect.ForwardingObject.<init> (0x00007f374fded990) [0x00007f374fdedb20, 0x00007f374fdedc80] Compiler: c1, Barriers: 0, Oops: 1, ImmediateOops: 0, NonImmediateOops: No
[1,734s][debug  ][gc,nmethod     ] Register NMethod: io.sirix.index.path.summary.PathSummaryReader.getRightSiblingKey (0x00007f374fdedd90) [0x00007f374fdedf80, 0x00007f374fdee400] Compiler: c1, Barriers: 1, Oops: 1, ImmediateOops: 1, NonImmediateOops: No
[1,734s][debug  ][gc,nmethod     ] Register NMethod: java.lang.Math.multiplyHigh (0x00007f374fdee590) [0x00007f374fdee720, 0x00007f374fdee880] Compiler: c1, Barriers: 0, Oops: 0, ImmediateOops: 0, NonImmediateOops: No
[1,734s][debug  ][gc,nmethod     ] Register NMethod: net.openhft.hashing.Maths.unsignedLongMulXorFold (0x00007f374fdee910) [0x00007f374fdeeac0, 0x00007f374fdeec00] Compiler: c1, Barriers: 0, Oops: 1, ImmediateOops: 1, NonImmediateOops: No
[1,734s][debug  ][gc,nmethod     ] Register NMethod: net.openhft.hashing.MathsJDK9.unsignedLongMulXorFoldImp (0x00007f374fdeec90) [0x00007f374fdeee40, 0x00007f374fdeefc8] Compiler: c1, Barriers: 0, Oops: 1, ImmediateOops: 0, NonImmediateOops: No
[1,734s][debug  ][gc,nmethod     ] Register NMethod: io.sirix.node.json.JsonDocumentRootNode.structDelegate (0x00007f376f273110) [0x00007f376f2732a0, 0x00007f376f273390] Compiler: c1, Barriers: 1, Oops: 1, ImmediateOops: 0, NonImmediateOops: No
[1,734s][debug  ][gc,nmethod     ] Register NMethod: java.lang.Long.bitCount (0x00007f374fdef090) [0x00007f374fdef220, 0x00007f374fdef388] Compiler: c1, Barriers: 0, Oops: 0, ImmediateOops: 0, NonImmediateOops: No
[1,734s][debug  ][gc,nmethod     ] Register NMethod: io.sirix.access.trx.node.AbstractNodeReadOnlyTrx.getKind (0x00007f374fdef410) [0x00007f374fdef5e0, 0x00007f374fdef9c0] Compiler: c1, Barriers: 1, Oops: 1, ImmediateOops: 1, NonImmediateOops: No
[1,734s][debug  ][gc,nmethod     ] Register NMethod: io.sirix.node.json.AbstractNumberNode.delegate (0x00007f374fdefb10) [0x00007f374fdefcc0, 0x00007f374fdeff18] Compiler: c1, Barriers: 2, Oops: 1, ImmediateOops: 0, NonImmediateOops: No
[1,735s][debug  ][gc,nmethod     ] Register NMethod: io.brackit.query.atomic.QNm.getLocalName (0x00007f376f273410) [0x00007f376f2735a0, 0x00007f376f273690] Compiler: c1, Barriers: 1, Oops: 1, ImmediateOops: 0, NonImmediateOops: No
[1,735s][debug  ][gc,nmethod     ] Register NMethod: io.sirix.node.json.JsonDocumentRootNode.getHash (0x00007f376f273710) [0x00007f376f2738a0, 0x00007f376f273960] Compiler: c1, Barriers: 0, Oops: 1, ImmediateOops: 0, NonImmediateOops: No
[1,735s][debug  ][gc,nmethod     ] Register NMethod: it.unimi.dsi.fastutil.longs.LongArrayList.size (0x00007f376f273a10) [0x00007f376f273ba0, 0x00007f376f273c60] Compiler: c1, Barriers: 0, Oops: 1, ImmediateOops: 0, NonImmediateOops: No
[1,735s][debug  ][gc,nmethod     ] Register NMethod: io.sirix.node.AbstractForwardingNode.<init> (0x00007f374fdf0010) [0x00007f374fdf01c0, 0x00007f374fdf0380] Compiler: c1, Barriers: 0, Oops: 1, ImmediateOops: 0, NonImmediateOops: No
[1,735s][debug  ][gc,nmethod     ] Register NMethod: io.sirix.node.delegates.StructNodeDelegate.getFirstChildKey (0x00007f376f273d10) [0x00007f376f273ea0, 0x00007f376f273f60] Compiler: c1, Barriers: 0, Oops: 1, ImmediateOops: 0, NonImmediateOops: No
[1,735s][debug  ][gc,nmethod     ] Register NMethod: io.sirix.page.AbstractForwardingPage.getOrCreateReference (0x00007f374fdf0490) [0x00007f374fdf0640, 0x00007f374fdf08b8] Compiler: c1, Barriers: 0, Oops: 1, ImmediateOops: 0, NonImmediateOops: No
[1,735s][debug  ][gc,nmethod     ] Register NMethod: java.util.BitSet.set (0x00007f374fdf0990) [0x00007f374fdf0c00, 0x00007f374fdf1428] Compiler: c1, Barriers: 1, Oops: 1, ImmediateOops: 1, NonImmediateOops: No
[1,735s][debug  ][gc,nmethod     ] Register NMethod: org.magicwerk.brownies.collections.GapList.doGet (0x00007f374fdf1810) [0x00007f374fdf19e0, 0x00007f374fdf1d48] Compiler: c1, Barriers: 2, Oops: 1, ImmediateOops: 0, NonImmediateOops: No
[1,735s][debug  ][gc,nmethod     ] Register NMethod: java.util.BitSet.cardinality (0x00007f374fdf1e90) [0x00007f374fdf2040, 0x00007f374fdf22b0] Compiler: c1, Barriers: 1, Oops: 0, ImmediateOops: 0, NonImmediateOops: No
[1,735s][debug  ][gc,nmethod     ] Register NMethod: java.util.BitSet.ensureCapacity (0x00007f374fdf2410) [0x00007f374fdf25c0, 0x00007f374fdf28a0] Compiler: c1, Barriers: 4, Oops: 0, ImmediateOops: 0, NonImmediateOops: No
[1,736s][debug  ][gc,nmethod     ] Register NMethod: java.util.BitSet.get (0x00007f374fdf2990) [0x00007f374fdf2be0, 0x00007f374fdf3388] Compiler: c1, Barriers: 1, Oops: 1, ImmediateOops: 1, NonImmediateOops: No
[1,736s][debug  ][gc,nmethod     ] Register NMethod: java.util.BitSet.clear (0x00007f374fdf3710) [0x00007f374fdf38c0, 0x00007f374fdf3ad0] Compiler: c1, Barriers: 1, Oops: 0, ImmediateOops: 0, NonImmediateOops: No
[1,736s][debug  ][gc,nmethod     ] Register NMethod: org.magicwerk.brownies.collections.GapList.get (0x00007f374fdf3c10) [0x00007f374fdf3ea0, 0x00007f374fdf4868] Compiler: c1, Barriers: 0, Oops: 4, ImmediateOops: 3, NonImmediateOops: No
[1,736s][debug  ][gc,nmethod     ] Register NMethod: java.util.BitSet.and (0x00007f374fdf4c10) [0x00007f374fdf4e00, 0x00007f374fdf5288] Compiler: c1, Barriers: 3, Oops: 0, ImmediateOops: 0, NonImmediateOops: No
[1,736s][debug  ][gc,nmethod     ] Register NMethod: io.sirix.page.delegates.BitmapReferencesPage.getOrCreateReference (0x00007f374fdf5490) [0x00007f374fdf5680, 0x00007f374fdf5ad0] Compiler: c1, Barriers: 2, Oops: 1, ImmediateOops: 0, NonImmediateOops: No
[1,736s][debug  ][gc,nmethod     ] Register NMethod: io.sirix.page.delegates.BitmapReferencesPage.index (0x00007f374fdf5c10) [0x00007f374fdf5e20, 0x00007f374fdf63f0] Compiler: c1, Barriers: 6, Oops: 1, ImmediateOops: 0, NonImmediateOops: No
[1,736s][debug  ][gc,nmethod     ] Register NMethod: io.sirix.node.delegates.StructNodeDelegate.getLastChildKey (0x00007f376f274010) [0x00007f376f2741a0, 0x00007f376f274260] Compiler: c1, Barriers: 0, Oops: 1, ImmediateOops: 0, NonImmediateOops: No
[1,736s][debug  ][gc,nmethod     ] Register NMethod: net.openhft.hashing.XXH3.XXH3_mix16B (0x00007f374fdf6610) [0x00007f374fdf6820, 0x00007f374fdf7148] Compiler: c1, Barriers: 0, Oops: 3, ImmediateOops: 3, NonImmediateOops: No
[1,736s][debug  ][gc,nmethod     ] Register NMethod: java.util.BitSet.checkRange (0x00007f374fdf7490) [0x00007f374fdf7800, 0x00007f374fdf88b8] Compiler: c1, Barriers: 0, Oops: 4, ImmediateOops: 4, NonImmediateOops: No
[1,736s][debug  ][gc,nmethod     ] Register NMethod: io.sirix.node.delegates.StructNodeDelegate.setFirstChildKey (0x00007f376f274310) [0x00007f376f2744a0, 0x00007f376f274560] Compiler: c1, Barriers: 0, Oops: 1, ImmediateOops: 0, NonImmediateOops: No
[1,736s][debug  ][gc,nmethod     ] Register NMethod: java.util.BitSet.flip (0x00007f374fdf8f90) [0x00007f374fdf91a0, 0x00007f374fdf97d8] Compiler: c1, Barriers: 2, Oops: 0, ImmediateOops: 0, NonImmediateOops: No
[1,736s][debug  ][gc,nmethod     ] Register NMethod: java.lang.invoke.MethodHandleImpl$CountingWrapper.getTarget (0x00007f376f274610) [0x00007f376f2747a0, 0x00007f376f274890] Compiler: c1, Barriers: 1, Oops: 0, ImmediateOops: 0, NonImmediateOops: No
[1,736s][debug  ][gc,nmethod     ] Register NMethod: com.google.gson.stream.JsonReader.nextQuotedValue (0x00007f374fdf9b10) [0x00007f374fdf9e80, 0x00007f374fdfb1f8] Compiler: c1, Barriers: 1, Oops: 2, ImmediateOops: 1, NonImmediateOops: No
[1,736s][debug  ][gc,nmethod     ] Register NMethod: io.sirix.node.delegates.StructNodeDelegate.getLeftSiblingKey (0x00007f376f274910) [0x00007f376f274aa0, 0x00007f376f274b60] Compiler: c1, Barriers: 0, Oops: 1, ImmediateOops: 0, NonImmediateOops: No
[1,737s][debug  ][gc,nmethod     ] Register NMethod: net.openhft.chronicle.bytes.AbstractBytes.clear (0x00007f374fdfbb10) [0x00007f374fdfbce0, 0x00007f374fdfc288] Compiler: c1, Barriers: 1, Oops: 1, ImmediateOops: 0, NonImmediateOops: No
[1,737s][debug  ][gc,nmethod     ] Register NMethod: net.openhft.chronicle.bytes.internal.HeapBytesStore.underlyingObject (0x00007f376f274c10) [0x00007f376f274da0, 0x00007f376f274e90] Compiler: c1, Barriers: 1, Oops: 1, ImmediateOops: 0, NonImmediateOops: No
[1,737s][debug  ][gc,nmethod     ] Register NMethod: io.sirix.node.json.ObjectKeyNode.getPathNodeKey (0x00007f376f274f10) [0x00007f376f2750a0, 0x00007f376f275160] Compiler: c1, Barriers: 0, Oops: 1, ImmediateOops: 0, NonImmediateOops: No
[1,737s][debug  ][gc,nmethod     ] Register NMethod: java.lang.Integer.hashCode (0x00007f374fdfc410) [0x00007f374fdfc5a0, 0x00007f374fdfc700] Compiler: c1, Barriers: 0, Oops: 0, ImmediateOops: 0, NonImmediateOops: No
[1,737s][debug  ][gc,nmethod     ] Register NMethod: java.lang.Integer.hashCode (0x00007f374fdfc790) [0x00007f374fdfc920, 0x00007f374fdfca08] Compiler: c1, Barriers: 0, Oops: 0, ImmediateOops: 0, NonImmediateOops: No
[1,737s][debug  ][gc,nmethod     ] Register NMethod: io.sirix.node.AbstractForwardingNode.getNodeKey (0x00007f376f275210) [0x00007f376f2753a0, 0x00007f376f275458] Compiler: c2, Barriers: 0, Oops: 1, ImmediateOops: 0, NonImmediateOops: No
[1,737s][debug  ][gc,nmethod     ] Register NMethod: io.sirix.access.trx.page.NodePageReadOnlyTrx.assertNotClosed (0x00007f376f275510) [0x00007f376f275680, 0x00007f376f275718] Compiler: c2, Barriers: 0, Oops: 1, ImmediateOops: 0, NonImmediateOops: No
[1,737s][debug  ][gc,nmethod     ] Register NMethod: io.sirix.node.json.ObjectKeyNode.getKind (0x00007f376f275810) [0x00007f376f275980, 0x00007f376f275a00] Compiler: c2, Barriers: 0, Oops: 1, ImmediateOops: 1, NonImmediateOops: No
[1,738s][debug  ][gc,nmethod     ] Register NMethod: io.sirix.access.trx.page.NodePageTrx.createRecord (0x00007f374fdfca90) [0x00007f374fdfce60, 0x00007f374fdfe790] Compiler: c1, Barriers: 18, Oops: 1, ImmediateOops: 2, NonImmediateOops: No
[1,738s][debug  ][gc,nmethod     ] Register NMethod: com.google.gson.stream.JsonReader.peek (0x00007f374fdff010) [0x00007f374fdff240, 0x00007f374fdff870] Compiler: c1, Barriers: 0, Oops: 1, ImmediateOops: 10, NonImmediateOops: No
[1,738s][debug  ][gc,nmethod     ] Register NMethod: io.sirix.node.NodeKind.getId (0x00007f376f275b10) [0x00007f376f275ca0, 0x00007f376f275d68] Compiler: c1, Barriers: 0, Oops: 1, ImmediateOops: 0, NonImmediateOops: No
[1,738s][debug  ][gc,nmethod     ] Register NMethod: io.sirix.node.json.ArrayNode.delegate (0x00007f374fdff990) [0x00007f374fdffb40, 0x00007f374fdffd98] Compiler: c1, Barriers: 2, Oops: 1, ImmediateOops: 0, NonImmediateOops: No
[1,738s][debug  ][gc,nmethod     ] Register NMethod: java.lang.invoke.DirectMethodHandle$Holder.invokeSpecial (0x00007f374fdffe90) [0x00007f374fe00060, 0x00007f374fe00550] Compiler: c1, Barriers: 1, Oops: 0, ImmediateOops: 0, NonImmediateOops: No
[1,738s][debug  ][gc,nmethod     ] Register NMethod: java.lang.invoke.LambdaForm$MH/0x00000000800c5000.invoke (0x00007f374fe00690) [0x00007f374fe00860, 0x00007f374fe00d58] Compiler: c1, Barriers: 2, Oops: 1, ImmediateOops: 0, NonImmediateOops: No
[1,738s][debug  ][gc,nmethod     ] Register NMethod: io.sirix.page.RevisionRootPage.getMaxNodeKeyInDocumentIndex (0x00007f376f275e10) [0x00007f376f275fa0, 0x00007f376f276060] Compiler: c1, Barriers: 0, Oops: 1, ImmediateOops: 0, NonImmediateOops: No
[1,738s][debug  ][gc,nmethod     ] Register NMethod: io.sirix.node.json.ArrayNode.structDelegate (0x00007f376f276110) [0x00007f376f2762a0, 0x00007f376f276390] Compiler: c1, Barriers: 1, Oops: 1, ImmediateOops: 0, NonImmediateOops: No
[1,738s][debug  ][gc,nmethod     ] Register NMethod: io.sirix.node.json.JsonDocumentRootNode.setHash (0x00007f376f276410) [0x00007f376f2765a0, 0x00007f376f276660] Compiler: c1, Barriers: 0, Oops: 1, ImmediateOops: 0, NonImmediateOops: No
[1,738s][debug  ][gc,nmethod     ] Register NMethod: io.sirix.node.delegates.NodeDelegate.getHashFunction (0x00007f376f276710) [0x00007f376f2768a0, 0x00007f376f276990] Compiler: c1, Barriers: 1, Oops: 1, ImmediateOops: 0, NonImmediateOops: No
[1,738s][debug  ][gc,director    ] Rule Major: Warmup 10%, Used: 88MB, UsedThreshold: 1536MB
[1,738s][debug  ][gc,nmethod     ] Register NMethod: io.sirix.access.trx.node.json.ForwardingJsonNodeReadOnlyTrx.getKind (0x00007f374fe00e90) [0x00007f374fe01060, 0x00007f374fe013e8] Compiler: c1, Barriers: 1, Oops: 1, ImmediateOops: 0, NonImmediateOops: No
[1,738s][debug  ][gc,nmethod     ] Register NMethod: io.sirix.node.json.ArrayNode.getHash (0x00007f376f276a10) [0x00007f376f276ba0, 0x00007f376f276c60] Compiler: c1, Barriers: 0, Oops: 1, ImmediateOops: 0, NonImmediateOops: No
[1,738s][debug  ][gc,nmethod     ] Register NMethod: io.sirix.access.trx.node.AbstractResourceSession.assertNotClosed (0x00007f374fe01510) [0x00007f374fe016c0, 0x00007f374fe018d8] Compiler: c1, Barriers: 0, Oops: 1, ImmediateOops: 1, NonImmediateOops: No
[1,739s][debug  ][gc,nmethod     ] Register NMethod: io.sirix.access.trx.node.AbstractNodeReadOnlyTrx.getStructuralNode (0x00007f374fe01a10) [0x00007f374fe01be0, 0x00007f374fe02060] Compiler: c1, Barriers: 1, Oops: 1, ImmediateOops: 0, NonImmediateOops: No
[1,739s][debug  ][gc,nmethod     ] Register NMethod: io.sirix.node.json.ArrayNode.getKind (0x00007f374fe02190) [0x00007f374fe02320, 0x00007f374fe02430] Compiler: c1, Barriers: 0, Oops: 1, ImmediateOops: 1, NonImmediateOops: No
[1,739s][debug  ][gc,nmethod     ] Register NMethod: io.sirix.page.KeyValueLeafPage.setRecord (0x00007f374fe02510) [0x00007f374fe02700, 0x00007f374fe02c08] Compiler: c1, Barriers: 5, Oops: 1, ImmediateOops: 0, NonImmediateOops: No
[1,739s][debug  ][gc,nmethod     ] Register NMethod: io.sirix.node.json.ObjectNode.getKind (0x00007f374fe02e90) [0x00007f374fe03020, 0x00007f374fe03130] Compiler: c1, Barriers: 0, Oops: 1, ImmediateOops: 1, NonImmediateOops: No
[1,739s][debug  ][gc,nmethod     ] Register NMethod: io.sirix.access.trx.node.AbstractResourceSession.getResourceConfig (0x00007f374fe03210) [0x00007f374fe033c0, 0x00007f374fe03670] Compiler: c1, Barriers: 1, Oops: 1, ImmediateOops: 1, NonImmediateOops: No
[1,740s][debug  ][gc,nmethod     ] Register NMethod: io.sirix.node.immutable.json.AbstractImmutableJsonStructuralNode.<init> (0x00007f374fe03790) [0x00007f374fe03920, 0x00007f374fe03a80] Compiler: c1, Barriers: 0, Oops: 1, ImmediateOops: 0, NonImmediateOops: No
[1,740s][debug  ][gc,nmethod     ] Register NMethod: io.sirix.access.trx.node.AbstractNodeReadOnlyTrx.moveToParent (0x00007f374fe03b90) [0x00007f374fe03d80, 0x00007f374fe04218] Compiler: c1, Barriers: 1, Oops: 1, ImmediateOops: 1, NonImmediateOops: No
[1,740s][debug  ][gc,nmethod     ] Register NMethod: io.sirix.node.xml.AbstractStructForwardingNode.<init> (0x00007f374fe04390) [0x00007f374fe04540, 0x00007f374fe04760] Compiler: c1, Barriers: 0, Oops: 1, ImmediateOops: 0, NonImmediateOops: No
[1,740s][debug  ][gc,nmethod     ] Register NMethod: io.sirix.node.json.AbstractStringNode.structDelegate (0x00007f376f276d10) [0x00007f376f276ea0, 0x00007f376f276f90] Compiler: c1, Barriers: 1, Oops: 1, ImmediateOops: 0, NonImmediateOops: No
[1,740s][debug  ][gc,nmethod     ] Register NMethod: io.sirix.node.xml.AbstractStructForwardingNode.setFirstChildKey (0x00007f374fe04890) [0x00007f374fe04a40, 0x00007f374fe04c30] Compiler: c1, Barriers: 0, Oops: 1, ImmediateOops: 0, NonImmediateOops: No
[1,740s][debug  ][gc,nmethod     ] Register NMethod: io.sirix.node.json.ArrayNode.setHash (0x00007f376f277010) [0x00007f376f2771a0, 0x00007f376f277260] Compiler: c1, Barriers: 0, Oops: 1, ImmediateOops: 0, NonImmediateOops: No
[1,740s][debug  ][gc,nmethod     ] Register NMethod: io.sirix.node.delegates.StructNodeDelegate.<init> (0x00007f374fe04d10) [0x00007f374fe04ee0, 0x00007f374fe052b0] Compiler: c1, Barriers: 3, Oops: 1, ImmediateOops: 1, NonImmediateOops: No
[1,740s][debug  ][gc,nmethod     ] Register NMethod: io.sirix.access.trx.page.NodePageTrx.getActualRevisionRootPage (0x00007f374fe05490) [0x00007f374fe05660, 0x00007f374fe05958] Compiler: c1, Barriers: 2, Oops: 1, ImmediateOops: 1, NonImmediateOops: No
[1,740s][debug  ][gc,nmethod     ] Register NMethod: io.sirix.access.trx.page.NodePageTrx.delegate (0x00007f376f277310) [0x00007f376f2774a0, 0x00007f376f277590] Compiler: c1, Barriers: 1, Oops: 1, ImmediateOops: 0, NonImmediateOops: No
[1,740s][debug  ][gc,nmethod     ] Register NMethod: io.sirix.node.delegates.StructNodeDelegate.incrementChildCount (0x00007f374fe05a90) [0x00007f374fe05c20, 0x00007f374fe05d38] Compiler: c1, Barriers: 0, Oops: 1, ImmediateOops: 0, NonImmediateOops: No
[1,740s][debug  ][gc,nmethod     ] Register NMethod: io.sirix.node.delegates.NodeDelegate.<init> (0x00007f374fe05e10) [0x00007f374fe05fe0, 0x00007f374fe06390] Compiler: c1, Barriers: 6, Oops: 1, ImmediateOops: 1, NonImmediateOops: No
[1,740s][debug  ][gc,nmethod     ] Register NMethod: io.sirix.node.xml.AbstractStructForwardingNode.incrementChildCount (0x00007f374fe06510) [0x00007f374fe066c0, 0x00007f374fe068d0] Compiler: c1, Barriers: 0, Oops: 1, ImmediateOops: 0, NonImmediateOops: No
[1,740s][debug  ][gc,nmethod     ] Register NMethod: io.sirix.access.trx.node.AbstractNodeReadOnlyTrx.assertNotClosed (0x00007f376f277610) [0x00007f376f277780, 0x00007f376f277818] Compiler: c2, Barriers: 0, Oops: 1, ImmediateOops: 0, NonImmediateOops: No
[1,740s][debug  ][gc,nmethod     ] Register NMethod: io.sirix.node.xml.AbstractStructForwardingNode.hasLeftSibling (0x00007f374fe06990) [0x00007f374fe06b40, 0x00007f374fe06df8] Compiler: c1, Barriers: 0, Oops: 1, ImmediateOops: 1, NonImmediateOops: No
[1,740s][debug  ][gc,nmethod     ] Register NMethod: io.sirix.access.trx.node.json.JsonNodeReadOnlyTrxImpl.getNode (0x00007f374fe06f10) [0x00007f374fe07360, 0x00007f374fe09370] Compiler: c1, Barriers: 10, Oops: 2, ImmediateOops: 3, NonImmediateOops: No
[1,740s][debug  ][gc,nmethod     ] Register NMethod: io.sirix.node.delegates.StructNodeDelegate.hasLeftSibling (0x00007f374fe09a90) [0x00007f374fe09c20, 0x00007f374fe09da8] Compiler: c1, Barriers: 0, Oops: 1, ImmediateOops: 1, NonImmediateOops: No
[1,740s][debug  ][gc,nmethod     ] Register NMethod: io.sirix.index.path.summary.PathSummaryReader.assertNotClosed (0x00007f376f277910) [0x00007f376f277a80, 0x00007f376f277b18] Compiler: c2, Barriers: 0, Oops: 1, ImmediateOops: 0, NonImmediateOops: No
[1,740s][debug  ][gc,nmethod     ] Register NMethod: java.lang.String.<init> (0x00007f374fe09e90) [0x00007f374fe0a060, 0x00007f374fe0a318] Compiler: c1, Barriers: 0, Oops: 0, ImmediateOops: 0, NonImmediateOops: No
[1,741s][debug  ][gc,nmethod     ] Register NMethod: it.unimi.dsi.fastutil.longs.AbstractLongList.push (0x00007f374fe0a490) [0x00007f374fe0a640, 0x00007f374fe0a790] Compiler: c1, Barriers: 0, Oops: 1, ImmediateOops: 0, NonImmediateOops: No
[1,741s][debug  ][gc,nmethod     ] Register NMethod: io.sirix.node.json.ObjectKeyNode.delegate (0x00007f376f277c10) [0x00007f376f277da0, 0x00007f376f277ea0] Compiler: c2, Barriers: 2, Oops: 1, ImmediateOops: 0, NonImmediateOops: No
[1,741s][debug  ][gc,nmethod     ] Register NMethod: it.unimi.dsi.fastutil.longs.LongArrayList.add (0x00007f374fe0a890) [0x00007f374fe0aa60, 0x00007f374fe0ad48] Compiler: c1, Barriers: 1, Oops: 1, ImmediateOops: 0, NonImmediateOops: No
[1,741s][debug  ][gc,nmethod     ] Register NMethod: io.sirix.node.json.ObjectNumberNode.getKind (0x00007f374fe0ae90) [0x00007f374fe0b020, 0x00007f374fe0b130] Compiler: c1, Barriers: 0, Oops: 1, ImmediateOops: 1, NonImmediateOops: No
[1,741s][debug  ][gc,nmethod     ] Register NMethod: it.unimi.dsi.fastutil.longs.LongArrayList.grow (0x00007f374fe0b210) [0x00007f374fe0b400, 0x00007f374fe0b9a8] Compiler: c1, Barriers: 5, Oops: 1, ImmediateOops: 1, NonImmediateOops: No
[1,741s][debug  ][gc,nmethod     ] Register NMethod: it.unimi.dsi.fastutil.longs.LongArrayList.isEmpty (0x00007f374fe0bb90) [0x00007f374fe0bd20, 0x00007f374fe0be80] Compiler: c1, Barriers: 0, Oops: 1, ImmediateOops: 0, NonImmediateOops: No
[1,741s][debug  ][gc,nmethod     ] Register NMethod: it.unimi.dsi.fastutil.longs.AbstractLongList.popLong (0x00007f374fe0bf10) [0x00007f374fe0c0e0, 0x00007f374fe0c420] Compiler: c1, Barriers: 0, Oops: 1, ImmediateOops: 0, NonImmediateOops: No
[1,741s][debug  ][gc,nmethod     ] Register NMethod: it.unimi.dsi.fastutil.longs.LongArrayList.removeLong (0x00007f374fe0c590) [0x00007f374fe0c840, 0x00007f374fe0d328] Compiler: c1, Barriers: 2, Oops: 4, ImmediateOops: 3, NonImmediateOops: No
[1,741s][debug  ][gc,nmethod     ] Register NMethod: io.sirix.access.trx.node.AbstractNodeHashing.isBulkInsert (0x00007f376f277f90) [0x00007f376f278120, 0x00007f376f2781e8] Compiler: c1, Barriers: 0, Oops: 1, ImmediateOops: 0, NonImmediateOops: No
[1,742s][debug  ][gc,nmethod     ] Register NMethod: java.nio.ByteBuffer.rewind (0x00007f374fe0d790) [0x00007f374fe0d920, 0x00007f374fe0da90] Compiler: c1, Barriers: 0, Oops: 0, ImmediateOops: 0, NonImmediateOops: No
[1,742s][debug  ][gc,nmethod     ] Register NMethod: java.nio.Buffer.rewind (0x00007f374fe0db10) [0x00007f374fe0dca0, 0x00007f374fe0ddb8] Compiler: c1, Barriers: 0, Oops: 0, ImmediateOops: 0, NonImmediateOops: No
[1,742s][debug  ][gc,nmethod     ] Register NMethod: it.unimi.dsi.fastutil.longs.AbstractLongList.peekLong (0x00007f374fe0de90) [0x00007f374fe0e040, 0x00007f374fe0e1c0] Compiler: c1, Barriers: 0, Oops: 1, ImmediateOops: 0, NonImmediateOops: No
[1,742s][debug  ][gc,nmethod     ] Register NMethod: io.sirix.access.trx.page.NodePageReadOnlyTrx.pageKey (0x00007f376f278290) [0x00007f376f278420, 0x00007f376f278538] Compiler: c2, Barriers: 0, Oops: 2, ImmediateOops: 1, NonImmediateOops: No
[1,742s][debug  ][gc,nmethod     ] Register NMethod: io.sirix.page.RevisionRootPage.incrementAndGetMaxNodeKeyInDocumentIndex (0x00007f374fe0e290) [0x00007f374fe0e420, 0x00007f374fe0e538] Compiler: c1, Barriers: 0, Oops: 1, ImmediateOops: 0, NonImmediateOops: No
[1,742s][debug  ][gc,nmethod     ] Register NMethod: it.unimi.dsi.fastutil.longs.LongArrayList.getLong (0x00007f374fe0e610) [0x00007f374fe0e880, 0x00007f374fe0f0c0] Compiler: c1, Barriers: 1, Oops: 4, ImmediateOops: 3, NonImmediateOops: No
[1,742s][debug  ][gc,nmethod     ] Register NMethod: java.lang.Character.digit (0x00007f374fe0f490) [0x00007f374fe0f640, 0x00007f374fe0f830] Compiler: c1, Barriers: 0, Oops: 0, ImmediateOops: 0, NonImmediateOops: No
[1,742s][debug  ][gc,nmethod     ] Register NMethod: java.lang.Character.digit (0x00007f374fe0f910) [0x00007f374fe0fac0, 0x00007f374fe0fd08] Compiler: c1, Barriers: 0, Oops: 0, ImmediateOops: 0, NonImmediateOops: No
[1,742s][debug  ][gc,nmethod     ] Register NMethod: java.lang.CharacterDataLatin1.digit (0x00007f374fe0fe10) [0x00007f374fe0ffc0, 0x00007f374fe10208] Compiler: c1, Barriers: 0, Oops: 0, ImmediateOops: 1, NonImmediateOops: No
[1,742s][debug  ][gc,nmethod     ] Register NMethod: net.openhft.chronicle.bytes.AbstractBytes.underlyingObject (0x00007f374fe10310) [0x00007f374fe104c0, 0x00007f374fe106b8] Compiler: c1, Barriers: 1, Oops: 1, ImmediateOops: 0, NonImmediateOops: No
[1,742s][debug  ][gc,nmethod     ] Register NMethod: io.sirix.axis.filter.AbstractFilter.<init> (0x00007f374fe10790) [0x00007f374fe10960, 0x00007f374fe10d80] Compiler: c1, Barriers: 3, Oops: 1, ImmediateOops: 0, NonImmediateOops: No
[1,742s][debug  ][gc,nmethod     ] Register NMethod: io.sirix.axis.AbstractAxis.<init> (0x00007f374fe10f10) [0x00007f374fe11120, 0x00007f374fe117c0] Compiler: c1, Barriers: 9, Oops: 1, ImmediateOops: 2, NonImmediateOops: No
[1,743s][debug  ][gc,nmethod     ] Register NMethod: io.sirix.access.trx.page.NodePageReadOnlyTrx.getValue (0x00007f376f278690) [0x00007f376f278820, 0x00007f376f278a40] Compiler: c2, Barriers: 2, Oops: 1, ImmediateOops: 0, NonImmediateOops: No
[1,743s][debug  ][gc,nmethod     ] Register NMethod: io.sirix.axis.AbstractAxis.reset (0x00007f374fe11990) [0x00007f374fe11b20, 0x00007f374fe11ca8] Compiler: c1, Barriers: 3, Oops: 1, ImmediateOops: 1, NonImmediateOops: No
[1,743s][debug  ][gc,nmethod     ] Register NMethod: io.sirix.axis.filter.AbstractFilter.getTrx (0x00007f374fe11d10) [0x00007f374fe11ea0, 0x00007f374fe11fe8] Compiler: c1, Barriers: 1, Oops: 1, ImmediateOops: 0, NonImmediateOops: No
[1,743s][debug  ][gc,nmethod     ] Register NMethod: io.brackit.query.atomic.QNm.getPrefix (0x00007f376f278b90) [0x00007f376f278d20, 0x00007f376f278e10] Compiler: c1, Barriers: 1, Oops: 1, ImmediateOops: 0, NonImmediateOops: No
[1,743s][debug  ][gc,nmethod     ] Register NMethod: io.sirix.index.path.summary.PathNode.getLevel (0x00007f376f278e90) [0x00007f376f279020, 0x00007f376f2790e0] Compiler: c1, Barriers: 0, Oops: 1, ImmediateOops: 0, NonImmediateOops: No
[1,743s][debug  ][gc,nmethod     ] Register NMethod: io.brackit.query.atomic.QNm.<init> (0x00007f374fe12090) [0x00007f374fe12260, 0x00007f374fe126a8] Compiler: c1, Barriers: 9, Oops: 1, ImmediateOops: 4, NonImmediateOops: No
[1,743s][debug  ][gc,nmethod     ] Register NMethod: io.sirix.index.path.summary.PathNode.getName (0x00007f376f279190) [0x00007f376f279320, 0x00007f376f279410] Compiler: c1, Barriers: 1, Oops: 1, ImmediateOops: 0, NonImmediateOops: No
[1,743s][debug  ][gc,nmethod     ] Register NMethod: io.brackit.query.atomic.AbstractAtomic.<init> (0x00007f374fe12810) [0x00007f374fe129c0, 0x00007f374fe12be0] Compiler: c1, Barriers: 0, Oops: 1, ImmediateOops: 0, NonImmediateOops: No
[1,743s][debug  ][gc,nmethod     ] Register NMethod: io.brackit.query.jdm.AbstractItem.<init> (0x00007f374fe12d10) [0x00007f374fe12ec0, 0x00007f374fe13080] Compiler: c1, Barriers: 0, Oops: 1, ImmediateOops: 0, NonImmediateOops: No
[1,743s][debug  ][gc,nmethod     ] Register NMethod: java.lang.Math.addExact (0x00007f374fe13190) [0x00007f374fe13340, 0x00007f374fe13538] Compiler: c1, Barriers: 0, Oops: 0, ImmediateOops: 1, NonImmediateOops: No
[1,743s][debug  ][gc,nmethod     ] Register NMethod: io.sirix.access.trx.node.json.ForwardingJsonNodeReadOnlyTrx.moveTo (0x00007f374fe13610) [0x00007f374fe137e0, 0x00007f374fe13b68] Compiler: c1, Barriers: 1, Oops: 1, ImmediateOops: 0, NonImmediateOops: No
[1,743s][debug  ][gc,nmethod     ] Register NMethod: io.sirix.index.path.summary.PathSummaryReader.putMapping (0x00007f374fe13c90) [0x00007f374fe13e40, 0x00007f374fe13fc8] Compiler: c1, Barriers: 1, Oops: 1, ImmediateOops: 0, NonImmediateOops: No
[1,743s][debug  ][gc,nmethod     ] Register NMethod: net.openhft.chronicle.bytes.AbstractBytes.writeOffsetPositionMoved (0x00007f376f279490) [0x00007f376f279640, 0x00007f376f279888] Compiler: c2, Barriers: 1, Oops: 1, ImmediateOops: 0, NonImmediateOops: No
[1,743s][debug  ][gc,nmethod     ] Register NMethod: io.sirix.access.trx.node.AbstractNodeHashing.rollingAdd (0x00007f374fe14090) [0x00007f374fe14500, 0x00007f374fe16b10] Compiler: c1, Barriers: 14, Oops: 1, ImmediateOops: 2, NonImmediateOops: No
[1,743s][debug  ][gc,nmethod     ] Register NMethod: it.unimi.dsi.fastutil.ints.Int2LongOpenHashMap.find (0x00007f374fe17610) [0x00007f374fe17800, 0x00007f374fe17cb8] Compiler: c1, Barriers: 1, Oops: 1, ImmediateOops: 0, NonImmediateOops: No
[1,743s][debug  ][gc,nmethod     ] Register NMethod: io.sirix.utils.IntToObjectMap.put (0x00007f374fe17e10) [0x00007f374fe18000, 0x00007f374fe184b8] Compiler: c1, Barriers: 5, Oops: 1, ImmediateOops: 0, NonImmediateOops: No
[1,743s][debug  ][gc,nmethod     ] Register NMethod: it.unimi.dsi.fastutil.ints.Int2LongOpenHashMap.put (0x00007f374fe18610) [0x00007f374fe187e0, 0x00007f374fe18a60] Compiler: c1, Barriers: 1, Oops: 1, ImmediateOops: 0, NonImmediateOops: No
[1,743s][debug  ][gc,nmethod     ] Register NMethod: io.sirix.node.AbstractForwardingNode.getParentKey (0x00007f376f279a90) [0x00007f376f279c20, 0x00007f376f279cd8] Compiler: c2, Barriers: 0, Oops: 1, ImmediateOops: 0, NonImmediateOops: No
[1,743s][debug  ][gc,nmethod     ] Register NMethod: io.sirix.access.trx.node.AbstractIndexController.notifyChange (0x00007f374fe18b90) [0x00007f374fe18da0, 0x00007f374fe194d8] Compiler: c1, Barriers: 2, Oops: 1, ImmediateOops: 0, NonImmediateOops: No
[1,743s][debug  ][gc,nmethod     ] Register NMethod: io.sirix.access.trx.node.json.JsonNodeTrxImpl.moveToParentObjectKeyArrayOrDocumentRoot (0x00007f374fe19710) [0x00007f374fe199e0, 0x00007f374fe1abe8] Compiler: c1, Barriers: 6, Oops: 1, ImmediateOops: 6, NonImmediateOops: No
[1,743s][debug  ][gc,nmethod     ] Register NMethod: java.lang.Long.valueOf (0x00007f374fe1b090) [0x00007f374fe1b260, 0x00007f374fe1b5c8] Compiler: c1, Barriers: 1, Oops: 0, ImmediateOops: 1, NonImmediateOops: No
[1,744s][debug  ][gc,nmethod     ] Register NMethod: java.lang.Math.multiplyHigh (0x00007f376f279d90) [0x00007f376f279f00, 0x00007f376f279fa8] Compiler: c2, Barriers: 0, Oops: 0, ImmediateOops: 0, NonImmediateOops: No
[1,744s][debug  ][gc,nmethod     ] Register NMethod: io.sirix.node.json.ObjectStringNode.getKind (0x00007f374fe1b710) [0x00007f374fe1b8a0, 0x00007f374fe1b9b0] Compiler: c1, Barriers: 0, Oops: 1, ImmediateOops: 1, NonImmediateOops: No
[1,744s][debug  ][gc,nmethod     ] Register NMethod: io.sirix.node.xml.AbstractStructForwardingNode.getFirstChildKey (0x00007f374fe1ba90) [0x00007f374fe1bc40, 0x00007f374fe1be30] Compiler: c1, Barriers: 0, Oops: 1, ImmediateOops: 0, NonImmediateOops: No
[1,744s][debug  ][gc,nmethod     ] Register NMethod: io.sirix.node.delegates.StructNodeDelegate.setRightSiblingKey (0x00007f376f27a090) [0x00007f376f27a220, 0x00007f376f27a2e0] Compiler: c1, Barriers: 0, Oops: 1, ImmediateOops: 0, NonImmediateOops: No
[1,744s][debug  ][gc,nmethod     ] Register NMethod: io.sirix.node.json.ObjectNode.delegate (0x00007f376f27a390) [0x00007f376f27a520, 0x00007f376f27a620] Compiler: c2, Barriers: 2, Oops: 1, ImmediateOops: 0, NonImmediateOops: No
[1,744s][debug  ][gc,nmethod     ] Register NMethod: io.sirix.access.trx.page.NodePageTrx.getMostRecentPageContainer (0x00007f376f27a710) [0x00007f376f27a8e0, 0x00007f376f27aef8] Compiler: c2, Barriers: 9, Oops: 2, ImmediateOops: 1, NonImmediateOops: No
[1,744s][debug  ][gc,nmethod     ] Register NMethod: com.google.gson.stream.JsonReader.doPeek (0x00007f374fe1bf10) [0x00007f374fe1cce0, 0x00007f374fe238a0] Compiler: c1, Barriers: 4, Oops: 8, ImmediateOops: 17, NonImmediateOops: No
[1,744s][debug  ][gc,nmethod     ] Register NMethod: io.sirix.node.json.ArrayNode.getPathNodeKey (0x00007f376f27b110) [0x00007f376f27b2a0, 0x00007f376f27b360] Compiler: c1, Barriers: 0, Oops: 1, ImmediateOops: 0, NonImmediateOops: No
[1,744s][debug  ][gc,nmethod     ] Register NMethod: io.sirix.page.RevisionRootPage.getNamePageReference (0x00007f374fe25f10) [0x00007f374fe260c0, 0x00007f374fe263a0] Compiler: c1, Barriers: 1, Oops: 1, ImmediateOops: 0, NonImmediateOops: No
[1,744s][debug  ][gc,nmethod     ] Register NMethod: net.openhft.chronicle.bytes.AbstractBytes.writeInt (0x00007f374fe26490) [0x00007f374fe26640, 0x00007f374fe26898] Compiler: c1, Barriers: 1, Oops: 1, ImmediateOops: 0, NonImmediateOops: No
[1,745s][debug  ][gc,nmethod     ] Register NMethod: net.openhft.chronicle.bytes.AbstractBytes.writeInt (0x00007f374fe26990) [0x00007f374fe26b40, 0x00007f374fe26cf0] Compiler: c1, Barriers: 0, Oops: 1, ImmediateOops: 0, NonImmediateOops: No
[1,745s][debug  ][gc,nmethod     ] Register NMethod: it.unimi.dsi.fastutil.ints.Int2LongOpenHashMap.get (0x00007f374fe26d90) [0x00007f374fe26f80, 0x00007f374fe27518] Compiler: c1, Barriers: 4, Oops: 1, ImmediateOops: 0, NonImmediateOops: No
[1,745s][debug  ][gc,nmethod     ] Register NMethod: io.sirix.utils.NamePageHash.generateHashForString (0x00007f374fe27790) [0x00007f374fe27940, 0x00007f374fe27a60] Compiler: c1, Barriers: 0, Oops: 1, ImmediateOops: 0, NonImmediateOops: No
[1,745s][debug  ][gc,nmethod     ] Register NMethod: io.sirix.access.trx.node.AbstractNodeHashing.isValueNode (0x00007f374fe27b10) [0x00007f374fe27da0, 0x00007f374fe28a70] Compiler: c1, Barriers: 0, Oops: 1, ImmediateOops: 12, NonImmediateOops: No
[1,745s][debug  ][gc,nmethod     ] Register NMethod: net.openhft.hashing.Access.byteOrder (0x00007f374fe28c10) [0x00007f374fe28dc0, 0x00007f374fe29098] Compiler: c1, Barriers: 0, Oops: 1, ImmediateOops: 0, NonImmediateOops: No
[1,746s][debug  ][gc,nmethod     ] Register NMethod: io.sirix.access.trx.node.json.ForwardingJsonNodeReadOnlyTrx.storeDeweyIDs (0x00007f374fe29190) [0x00007f374fe29360, 0x00007f374fe296e8] Compiler: c1, Barriers: 1, Oops: 1, ImmediateOops: 0, NonImmediateOops: No
[1,746s][debug  ][gc,nmethod     ] Register NMethod: net.openhft.hashing.UnsafeAccess.byteOrder (0x00007f374fe29810) [0x00007f374fe299a0, 0x00007f374fe29b08] Compiler: c1, Barriers: 0, Oops: 1, ImmediateOops: 1, NonImmediateOops: No
[1,746s][debug  ][gc,nmethod     ] Register NMethod: io.sirix.access.trx.page.NodePageTrx.prepareRecordPage (0x00007f376f27b410) [0x00007f376f27b5a0, 0x00007f376f27b6f8] Compiler: c2, Barriers: 1, Oops: 1, ImmediateOops: 0, NonImmediateOops: No
[1,746s][debug  ][gc,nmethod     ] Register NMethod: io.sirix.node.delegates.StructNodeDelegate.setLastChildKey (0x00007f374fe29c10) [0x00007f374fe29dc0, 0x00007f374fe2a000] Compiler: c1, Barriers: 0, Oops: 1, ImmediateOops: 1, NonImmediateOops: No
[1,746s][debug  ][gc,nmethod     ] Register NMethod: io.sirix.access.trx.node.AbstractNodeReadOnlyTrx.storeDeweyIDs (0x00007f374fe2a110) [0x00007f374fe2a2e0, 0x00007f374fe2a6d8] Compiler: c1, Barriers: 2, Oops: 1, ImmediateOops: 1, NonImmediateOops: No
[1,746s][debug  ][gc,nmethod     ] Register NMethod: io.sirix.node.xml.AbstractStructForwardingNode.setLastChildKey (0x00007f374fe2a890) [0x00007f374fe2aa60, 0x00007f374fe2add8] Compiler: c1, Barriers: 0, Oops: 1, ImmediateOops: 1, NonImmediateOops: No
[1,746s][debug  ][gc,nmethod     ] Register NMethod: io.sirix.access.trx.node.json.JsonNodeTrxImpl.adaptForInsert (0x00007f374fe2af90) [0x00007f374fe2b2e0, 0x00007f374fe2c5d8] Compiler: c1, Barriers: 3, Oops: 1, ImmediateOops: 3, NonImmediateOops: No
[1,746s][debug  ][gc,nmethod     ] Register NMethod: io.sirix.node.delegates.NodeDelegate.getKind (0x00007f374fe2ca10) [0x00007f374fe2cba0, 0x00007f374fe2ccb0] Compiler: c1, Barriers: 0, Oops: 1, ImmediateOops: 1, NonImmediateOops: No
[1,746s][debug  ][gc,nmethod     ] Register NMethod: io.sirix.access.trx.node.AbstractNodeHashing.adaptHashesWithAdd (0x00007f374fe2cd90) [0x00007f374fe2cf60, 0x00007f374fe2d2b8] Compiler: c1, Barriers: 1, Oops: 1, ImmediateOops: 1, NonImmediateOops: No
[1,746s][debug  ][gc,nmethod     ] Register NMethod: net.openhft.hashing.LongHashFunction.hashBytes (0x00007f374fe2d410) [0x00007f374fe2d5c0, 0x00007f374fe2d7d8] Compiler: c1, Barriers: 0, Oops: 1, ImmediateOops: 0, NonImmediateOops: No
[1,746s][debug  ][gc,nmethod     ] Register NMethod: net.openhft.hashing.LongHashFunction.unsafeHash (0x00007f374fe2d910) [0x00007f374fe2dac0, 0x00007f374fe2dc88] Compiler: c1, Barriers: 0, Oops: 1, ImmediateOops: 1, NonImmediateOops: No
[1,746s][debug  ][gc,nmethod     ] Register NMethod: net.openhft.hashing.XXH3.access$100 (0x00007f374fe2dd90) [0x00007f374fe2df20, 0x00007f374fe2e010] Compiler: c1, Barriers: 0, Oops: 1, ImmediateOops: 1, NonImmediateOops: No
[1,746s][debug  ][gc,nmethod     ] Register NMethod: net.openhft.hashing.XXH3$AsLongHashFunction.hash (0x00007f374fe2e090) [0x00007f374fe2e280, 0x00007f374fe2e700] Compiler: c1, Barriers: 0, Oops: 3, ImmediateOops: 2, NonImmediateOops: No
[1,746s][debug  ][gc,nmethod     ] Register NMethod: net.openhft.hashing.XXH3.access$500 (0x00007f374fe2e910) [0x00007f374fe2eac0, 0x00007f374fe2ebd8] Compiler: c1, Barriers: 0, Oops: 1, ImmediateOops: 0, NonImmediateOops: No
[1,746s][debug  ][gc,nmethod     ] Register NMethod: net.openhft.hashing.XXH3.XXH3_avalanche (0x00007f374fe2ec90) [0x00007f374fe2ee20, 0x00007f374fe2ef30] Compiler: c1, Barriers: 0, Oops: 1, ImmediateOops: 0, NonImmediateOops: No
[1,746s][debug  ][gc,nmethod     ] Register NMethod: net.openhft.chronicle.core.io.AbstractReferenceCounted.throwExceptionIfReleased (0x00007f376f27b890) [0x00007f376f27ba20, 0x00007f376f27bb28] Compiler: c2, Barriers: 1, Oops: 1, ImmediateOops: 0, NonImmediateOops: No
[1,746s][debug  ][gc,nmethod     ] Register NMethod: net.openhft.hashing.LongHashFunction.hashByteBuffer (0x00007f374fe2f010) [0x00007f374fe2f2a0, 0x00007f374fe2fed0] Compiler: c1, Barriers: 2, Oops: 1, ImmediateOops: 0, NonImmediateOops: No
[1,747s][debug  ][gc,nmethod     ] Register NMethod: io.sirix.access.trx.node.AbstractNodeReadOnlyTrx.getNodeKey (0x00007f374fe30290) [0x00007f374fe30460, 0x00007f374fe30840] Compiler: c1, Barriers: 1, Oops: 1, ImmediateOops: 1, NonImmediateOops: No
[1,747s][debug  ][gc,nmethod     ] Register NMethod: io.sirix.access.trx.node.json.ForwardingJsonNodeReadOnlyTrx.getNodeKey (0x00007f374fe30990) [0x00007f374fe30b60, 0x00007f374fe30ee8] Compiler: c1, Barriers: 1, Oops: 1, ImmediateOops: 0, NonImmediateOops: No
[1,747s][debug  ][gc,nmethod     ] Register NMethod: io.sirix.index.path.summary.PathSummaryReader.getFirstChildKey (0x00007f374fe31010) [0x00007f374fe31200, 0x00007f374fe31680] Compiler: c1, Barriers: 1, Oops: 1, ImmediateOops: 1, NonImmediateOops: No
[1,747s][debug  ][gc,nmethod     ] Register NMethod: io.sirix.index.path.summary.PathSummaryReader.getPathNode (0x00007f374fe31810) [0x00007f374fe319e0, 0x00007f374fe31ea8] Compiler: c1, Barriers: 1, Oops: 1, ImmediateOops: 1, NonImmediateOops: No
[1,747s][debug  ][gc,nmethod     ] Register NMethod: io.sirix.node.json.AbstractNumberNode.structDelegate (0x00007f376f27bc10) [0x00007f376f27bda0, 0x00007f376f27be90] Compiler: c1, Barriers: 1, Oops: 1, ImmediateOops: 0, NonImmediateOops: No
[1,747s][debug  ][gc,nmethod     ] Register NMethod: io.sirix.access.trx.node.AbstractNodeTrxImpl.assertRunning (0x00007f374fe32010) [0x00007f374fe32200, 0x00007f374fe32678] Compiler: c1, Barriers: 3, Oops: 1, ImmediateOops: 2, NonImmediateOops: No
[1,747s][debug  ][gc,nmethod     ] Register NMethod: java.lang.invoke.MethodHandleImpl.profileBoolean (0x00007f374fe32810) [0x00007f374fe329e0, 0x00007f374fe32dd0] Compiler: c1, Barriers: 0, Oops: 0, ImmediateOops: 1, NonImmediateOops: No
[1,747s][debug  ][gc,nmethod     ] Register NMethod: io.sirix.access.trx.node.AbstractNodeTrxImpl.checkAccessAndCommit (0x00007f374fe33090) [0x00007f374fe332c0, 0x00007f374fe33ab8] Compiler: c1, Barriers: 4, Oops: 1, ImmediateOops: 3, NonImmediateOops: No
[1,747s][debug  ][gc,nmethod     ] Register NMethod: io.sirix.access.trx.node.AbstractNodeTrxImpl.intermediateCommitIfRequired (0x00007f374fe33d90) [0x00007f374fe33f80, 0x00007f374fe344d8] Compiler: c1, Barriers: 1, Oops: 2, ImmediateOops: 2, NonImmediateOops: No
[1,747s][debug  ][gc,nmethod     ] Register NMethod: net.openhft.chronicle.bytes.AppendableUtil.findUtf8Length (0x00007f374fe34710) [0x00007f374fe348c0, 0x00007f374fe34cc8] Compiler: c1, Barriers: 0, Oops: 1, ImmediateOops: 0, NonImmediateOops: No
[1,747s][debug  ][gc,nmethod     ] Register NMethod: io.sirix.node.delegates.NameNodeDelegate.getPrefixKey (0x00007f376f27bf10) [0x00007f376f27c0a0, 0x00007f376f27c160] Compiler: c1, Barriers: 0, Oops: 1, ImmediateOops: 0, NonImmediateOops: No
[1,747s][debug  ][gc,nmethod     ] Register NMethod: io.sirix.index.path.summary.PathNode.getPathKind (0x00007f376f27c210) [0x00007f376f27c3a0, 0x00007f376f27c490] Compiler: c1, Barriers: 1, Oops: 1, ImmediateOops: 0, NonImmediateOops: No
[1,748s][debug  ][gc,nmethod     ] Register NMethod: net.openhft.chronicle.bytes.StreamingDataOutput.appendUtf8 (0x00007f374fe34e90) [0x00007f374fe35080, 0x00007f374fe35588] Compiler: c1, Barriers: 0, Oops: 1, ImmediateOops: 0, NonImmediateOops: No
[1,748s][debug  ][gc,nmethod     ] Register NMethod: io.sirix.access.trx.page.NodePageTrx.prepareRecordForModification (0x00007f376f27c510) [0x00007f376f27c700, 0x00007f376f27ccc0] Compiler: c2, Barriers: 7, Oops: 2, ImmediateOops: 1, NonImmediateOops: No
[1,748s][debug  ][gc,nmethod     ] Register NMethod: io.sirix.access.trx.node.json.JsonNodeTrxImpl.adaptNodesAndHashesForInsertAsChild (0x00007f374fe35810) [0x00007f374fe35a60, 0x00007f374fe366b0] Compiler: c1, Barriers: 9, Oops: 1, ImmediateOops: 2, NonImmediateOops: No
[1,748s][debug  ][gc,nmethod     ] Register NMethod: sun.misc.Unsafe.putInt (0x00007f374fe36a10) [0x00007f374fe36ba0, 0x00007f374fe36ca8] Compiler: c1, Barriers: 0, Oops: 0, ImmediateOops: 0, NonImmediateOops: No
[1,748s][debug  ][gc,nmethod     ] Register NMethod: io.sirix.access.trx.node.json.objectvalue.StringValue.getValue (0x00007f376f27d190) [0x00007f376f27d320, 0x00007f376f27d410] Compiler: c1, Barriers: 1, Oops: 1, ImmediateOops: 0, NonImmediateOops: No
[1,748s][debug  ][gc,nmethod     ] Register NMethod: net.openhft.chronicle.bytes.internal.HeapBytesStore.writeInt (0x00007f374fe36d10) [0x00007f374fe36ec0, 0x00007f374fe37010] Compiler: c1, Barriers: 0, Oops: 1, ImmediateOops: 0, NonImmediateOops: No
[1,748s][debug  ][gc,nmethod     ] Register NMethod: net.openhft.chronicle.core.UnsafeMemory.writeInt (0x00007f374fe37110) [0x00007f374fe372a0, 0x00007f374fe37468] Compiler: c1, Barriers: 0, Oops: 1, ImmediateOops: 1, NonImmediateOops: No
[1,748s][debug  ][gc,nmethod     ] Register NMethod: com.google.gson.stream.JsonReader.nextName (0x00007f374fe37510) [0x00007f374fe37800, 0x00007f374fe38488] Compiler: c1, Barriers: 5, Oops: 2, ImmediateOops: 2, NonImmediateOops: No
[1,748s][debug  ][gc,nmethod     ] Register NMethod: net.openhft.chronicle.bytes.internal.HeapBytesStore.writeInt (0x00007f374fe38890) [0x00007f374fe38ae0, 0x00007f374fe39518] Compiler: c1, Barriers: 4, Oops: 1, ImmediateOops: 2, NonImmediateOops: No
[1,748s][debug  ][gc,director    ] Rule Major: Warmup 10%, Used: 88MB, UsedThreshold: 1536MB
[1,748s][debug  ][gc,nmethod     ] Register NMethod: io.sirix.access.trx.page.NodePageReadOnlyTrx.loadPage (0x00007f374fe39910) [0x00007f374fe39bc0, 0x00007f374fe3a9d0] Compiler: c1, Barriers: 14, Oops: 1, ImmediateOops: 0, NonImmediateOops: No
[1,749s][debug  ][gc,nmethod     ] Register NMethod: jdk.internal.org.objectweb.asm.Frame.push (0x00007f376f27d490) [0x00007f376f27d640, 0x00007f376f27d930] Compiler: c2, Barriers: 5, Oops: 0, ImmediateOops: 0, NonImmediateOops: No
[1,749s][debug  ][gc,nmethod     ] Register NMethod: io.sirix.access.trx.page.NodePageReadOnlyTrx.getPage (0x00007f374fe3ad10) [0x00007f374fe3aec0, 0x00007f374fe3b0a8] Compiler: c1, Barriers: 3, Oops: 1, ImmediateOops: 0, NonImmediateOops: No
[1,749s][debug  ][gc,nmethod     ] Register NMethod: io.sirix.node.json.ArrayNode.getKind (0x00007f376f27da90) [0x00007f376f27dc00, 0x00007f376f27dc80] Compiler: c2, Barriers: 0, Oops: 1, ImmediateOops: 1, NonImmediateOops: No
[1,749s][debug  ][gc,nmethod     ] Register NMethod: io.sirix.node.delegates.StructNodeDelegate.getChildCount (0x00007f376f27dd90) [0x00007f376f27df20, 0x00007f376f27dfe0] Compiler: c1, Barriers: 0, Oops: 1, ImmediateOops: 0, NonImmediateOops: No
[1,749s][debug  ][gc,nmethod     ] Register NMethod: java.lang.String.encode (0x00007f374fe3b190) [0x00007f374fe3b380, 0x00007f374fe3b6d0] Compiler: c1, Barriers: 0, Oops: 0, ImmediateOops: 3, NonImmediateOops: No
[1,749s][debug  ][gc,nmethod     ] Register NMethod: java.lang.Object.equals (0x00007f376f27e090) [0x00007f376f27e200, 0x00007f376f27e280] Compiler: c2, Barriers: 0, Oops: 0, ImmediateOops: 0, NonImmediateOops: No
[1,749s][debug  ][gc,nmethod     ] Register NMethod: java.lang.String.getBytes (0x00007f374fe3b810) [0x00007f374fe3b9e0, 0x00007f374fe3bcd0] Compiler: c1, Barriers: 1, Oops: 0, ImmediateOops: 0, NonImmediateOops: No
[1,749s][debug  ][gc,nmethod     ] Register NMethod: java.lang.String.encodeUTF8 (0x00007f374fe3be10) [0x00007f374fe3c040, 0x00007f374fe3c760] Compiler: c1, Barriers: 0, Oops: 0, ImmediateOops: 0, NonImmediateOops: No
[1,749s][debug  ][gc,nmethod     ] Register NMethod: io.sirix.node.xml.AbstractStructForwardingNode.hasFirstChild (0x00007f374fe3c990) [0x00007f374fe3cb40, 0x00007f374fe3cdf8] Compiler: c1, Barriers: 0, Oops: 1, ImmediateOops: 1, NonImmediateOops: No
[1,749s][debug  ][gc,nmethod     ] Register NMethod: io.sirix.access.trx.node.json.ForwardingJsonNodeReadOnlyTrx.getParentKind (0x00007f374fe3cf10) [0x00007f374fe3d0e0, 0x00007f374fe3d468] Compiler: c1, Barriers: 1, Oops: 1, ImmediateOops: 0, NonImmediateOops: No
[1,749s][debug  ][gc,nmethod     ] Register NMethod: io.sirix.node.delegates.StructNodeDelegate.hasFirstChild (0x00007f374fe3d590) [0x00007f374fe3d720, 0x00007f374fe3d8a8] Compiler: c1, Barriers: 0, Oops: 1, ImmediateOops: 1, NonImmediateOops: No
[1,750s][debug  ][gc,nmethod     ] Register NMethod: io.sirix.access.trx.node.json.JsonNodeTrxImpl.getPathNodeKey (0x00007f374fe3d990) [0x00007f374fe3dbe0, 0x00007f374fe3e6e8] Compiler: c1, Barriers: 14, Oops: 1, ImmediateOops: 5, NonImmediateOops: No
[1,750s][debug  ][gc,nmethod     ] Register NMethod: io.sirix.access.trx.node.AbstractNodeReadOnlyTrx.getParentKind (0x00007f374fe3ea10) [0x00007f374fe3eca0, 0x00007f374fe3f9c8] Compiler: c1, Barriers: 6, Oops: 1, ImmediateOops: 5, NonImmediateOops: No
[1,750s][debug  ][gc,nmethod     ] Register NMethod: it.unimi.dsi.fastutil.ints.Int2IntOpenHashMap.find (0x00007f374fe3fd90) [0x00007f374fe3ff80, 0x00007f374fe40438] Compiler: c1, Barriers: 1, Oops: 1, ImmediateOops: 0, NonImmediateOops: No
[1,750s][debug  ][gc,nmethod     ] Register NMethod: io.sirix.axis.ChildAxis.<init> (0x00007f374fe40590) [0x00007f374fe40740, 0x00007f374fe40878] Compiler: c1, Barriers: 0, Oops: 1, ImmediateOops: 0, NonImmediateOops: No
[1,750s][debug  ][gc,nmethod     ] Register NMethod: io.sirix.axis.ChildAxis.reset (0x00007f374fe40910) [0x00007f374fe40ac0, 0x00007f374fe40cb0] Compiler: c1, Barriers: 3, Oops: 1, ImmediateOops: 1, NonImmediateOops: No
[1,750s][debug  ][gc,nmethod     ] Register NMethod: net.openhft.hashing.XXH3.XXH3_64bits_internal (0x00007f374fe40d90) [0x00007f374fe418e0, 0x00007f374fe4cac0] Compiler: c1, Barriers: 0, Oops: 3, ImmediateOops: 20, NonImmediateOops: No
[1,750s][debug  ][gc,nmethod     ] Register NMethod: io.sirix.index.path.summary.PathSummaryWriter.getPathNodeKey (0x00007f374fe52090) [0x00007f374fe52540, 0x00007f374fe54780] Compiler: c1, Barriers: 26, Oops: 1, ImmediateOops: 8, NonImmediateOops: No
[1,750s][debug  ][gc,nmethod     ] Register NMethod: io.sirix.index.path.summary.PathSummaryWriter.movePathSummary (0x00007f374fe55410) [0x00007f374fe55740, 0x00007f374fe56978] Compiler: c1, Barriers: 13, Oops: 1, ImmediateOops: 3, NonImmediateOops: No
[1,751s][debug  ][gc,nmethod     ] Register NMethod: net.openhft.chronicle.core.internal.Bootstrap.isJava9Plus (0x00007f374fe56e10) [0x00007f374fe56fa0, 0x00007f374fe57088] Compiler: c1, Barriers: 0, Oops: 1, ImmediateOops: 0, NonImmediateOops: No
[1,751s][debug  ][gc,nmethod     ] Register NMethod: io.sirix.index.path.summary.PathSummaryReader.getLevel (0x00007f374fe57110) [0x00007f374fe57380, 0x00007f374fe58038] Compiler: c1, Barriers: 1, Oops: 1, ImmediateOops: 3, NonImmediateOops: No
[1,751s][debug  ][gc,nmethod     ] Register NMethod: io.sirix.access.trx.page.NodePageReadOnlyTrx.getNamePage (0x00007f374fe58310) [0x00007f374fe58520, 0x00007f374fe58c10] Compiler: c1, Barriers: 4, Oops: 1, ImmediateOops: 1, NonImmediateOops: No
[1,751s][debug  ][gc,nmethod     ] Register NMethod: io.sirix.access.trx.node.AbstractNodeReadOnlyTrx.moveTo (0x00007f376f27e390) [0x00007f376f27e5e0, 0x00007f376f27efe0] Compiler: c2, Barriers: 17, Oops: 2, ImmediateOops: 3, NonImmediateOops: No
[1,751s][debug  ][gc,reloc       ] Synchronize all workers 1 _nworkers: 0 _nsynchronized: 0
[1,751s][debug  ][gc,reloc       ] Synchronize all workers 1 _nworkers: 0 _nsynchronized: 0
[1,751s][debug  ][gc,reloc       ] Desynchronize all workers _nworkers: 0 _nsynchronized: 0
[1,751s][debug  ][gc,reloc       ] Desynchronize all workers _nworkers: 0 _nsynchronized: 0
[1,751s][debug  ][gc,nmethod     ] Register NMethod: io.sirix.access.trx.page.NodePageTrx.getRecord (0x00007f376f27f690) [0x00007f376f27f880, 0x00007f376f27fe38] Compiler: c2, Barriers: 7, Oops: 2, ImmediateOops: 2, NonImmediateOops: No
[1,751s][debug  ][gc,nmethod     ] Register NMethod: io.sirix.node.json.ObjectNode.getKind (0x00007f376f280310) [0x00007f376f280480, 0x00007f376f280500] Compiler: c2, Barriers: 0, Oops: 1, ImmediateOops: 1, NonImmediateOops: No
[1,751s][debug  ][gc,nmethod     ] Register NMethod: io.sirix.node.xml.AbstractStructForwardingNode.getLeftSiblingKey (0x00007f374fe58e90) [0x00007f374fe59040, 0x00007f374fe59230] Compiler: c1, Barriers: 0, Oops: 1, ImmediateOops: 0, NonImmediateOops: No
[1,751s][debug  ][gc,nmethod     ] Register NMethod: com.google.gson.stream.JsonReader.nextString (0x00007f374fe59310) [0x00007f374fe59620, 0x00007f374fe5a418] Compiler: c1, Barriers: 7, Oops: 2, ImmediateOops: 2, NonImmediateOops: No
[1,751s][debug  ][gc,nmethod     ] Register NMethod: io.sirix.access.trx.node.AbstractNodeReadOnlyTrx.setCurrentNode (0x00007f376f280610) [0x00007f376f2807a0, 0x00007f376f2808d0] Compiler: c2, Barriers: 3, Oops: 1, ImmediateOops: 0, NonImmediateOops: No
[1,751s][debug  ][gc,nmethod     ] Register NMethod: io.sirix.access.trx.node.AbstractDeweyIDManager.newRightSiblingID (0x00007f374fe5a890) [0x00007f374fe5abe0, 0x00007f374fe5c3e0] Compiler: c1, Barriers: 13, Oops: 1, ImmediateOops: 2, NonImmediateOops: No
[1,751s][debug  ][gc,nmethod     ] Register NMethod: io.sirix.node.xml.AbstractStructForwardingNode.setRightSiblingKey (0x00007f374fe5ca10) [0x00007f374fe5cbc0, 0x00007f374fe5cdb0] Compiler: c1, Barriers: 0, Oops: 1, ImmediateOops: 0, NonImmediateOops: No
[1,751s][debug  ][gc,nmethod     ] Register NMethod: io.sirix.access.trx.page.NodePageTrx.getPageContainer (0x00007f376f280990) [0x00007f376f280b20, 0x00007f376f280c58] Compiler: c2, Barriers: 1, Oops: 1, ImmediateOops: 0, NonImmediateOops: No
[1,751s][debug  ][gc,nmethod     ] Register NMethod: io.sirix.access.trx.node.json.JsonNodeReadOnlyTrxImpl.isObjectKey (0x00007f374fe5ce90) [0x00007f374fe5d060, 0x00007f374fe5d528] Compiler: c1, Barriers: 1, Oops: 1, ImmediateOops: 2, NonImmediateOops: No
[1,752s][debug  ][gc,nmethod     ] Register NMethod: io.sirix.access.trx.node.json.ForwardingJsonNodeReadOnlyTrx.isObjectKey (0x00007f374fe5d690) [0x00007f374fe5d860, 0x00007f374fe5dbd8] Compiler: c1, Barriers: 1, Oops: 1, ImmediateOops: 0, NonImmediateOops: No
[1,752s][debug  ][gc,nmethod     ] Register NMethod: io.sirix.access.trx.node.json.JsonNodeTrxImpl.insertAsSibling (0x00007f374fe5dd10) [0x00007f374fe5e100, 0x00007f374fe60430] Compiler: c1, Barriers: 20, Oops: 1, ImmediateOops: 4, NonImmediateOops: No
[1,752s][debug  ][gc,nmethod     ] Register NMethod: io.sirix.node.json.AbstractStringNode.delegate (0x00007f376f280d90) [0x00007f376f280f20, 0x00007f376f281020] Compiler: c2, Barriers: 2, Oops: 1, ImmediateOops: 0, NonImmediateOops: No
[1,752s][debug  ][gc,nmethod     ] Register NMethod: io.sirix.node.xml.AbstractStructForwardingNode.getDescendantCount (0x00007f376f281110) [0x00007f376f2812a0, 0x00007f376f281358] Compiler: c2, Barriers: 0, Oops: 1, ImmediateOops: 0, NonImmediateOops: No
[1,752s][debug  ][gc,nmethod     ] Register NMethod: io.sirix.access.trx.node.AbstractNodeHashing.setAddDescendants (0x00007f376f281410) [0x00007f376f2815a0, 0x00007f376f281728] Compiler: c2, Barriers: 0, Oops: 1, ImmediateOops: 0, NonImmediateOops: No
[1,752s][debug  ][gc,nmethod     ] Register NMethod: io.sirix.access.trx.node.json.ForwardingJsonNodeReadOnlyTrx.getNode (0x00007f374fe60c90) [0x00007f374fe60e60, 0x00007f374fe611d8] Compiler: c1, Barriers: 1, Oops: 1, ImmediateOops: 0, NonImmediateOops: No
[1,752s][debug  ][gc,nmethod     ] Register NMethod: io.sirix.access.trx.node.json.JsonNodeTrxImpl.getPathNodeKey (0x00007f374fe61310) [0x00007f374fe61500, 0x00007f374fe61a30] Compiler: c1, Barriers: 0, Oops: 1, ImmediateOops: 2, NonImmediateOops: No
[1,753s][debug  ][gc,nmethod     ] Register NMethod: jdk.internal.reflect.MethodHandleFieldAccessorImpl.isStatic (0x00007f374fe61b90) [0x00007f374fe61d20, 0x00007f374fe61e80] Compiler: c1, Barriers: 0, Oops: 0, ImmediateOops: 0, NonImmediateOops: No
[1,753s][debug  ][gc,nmethod     ] Register NMethod: io.sirix.node.xml.AbstractStructForwardingNode.setDescendantCount (0x00007f376f281890) [0x00007f376f281a20, 0x00007f376f281ad8] Compiler: c2, Barriers: 0, Oops: 1, ImmediateOops: 0, NonImmediateOops: No
[1,753s][debug  ][gc,nmethod     ] Register NMethod: io.sirix.service.json.shredder.JsonShredder.adaptTrxPosAndStack (0x00007f374fe61f10) [0x00007f374fe62180, 0x00007f374fe62d18] Compiler: c1, Barriers: 5, Oops: 1, ImmediateOops: 0, NonImmediateOops: No
[1,753s][debug  ][gc,nmethod     ] Register NMethod: jdk.internal.misc.Unsafe.getReference (0x00007f376f281c10) [0x00007f376f281dc0, 0x00007f376f282170] Compiler: , Barriers: 0, Oops: 0, ImmediateOops: 0, NonImmediateOops: No
[1,753s][debug  ][gc,nmethod     ] Register NMethod: java.lang.reflect.Field.getOverrideFieldAccessor (0x00007f374fe63190) [0x00007f374fe63340, 0x00007f374fe63500] Compiler: c1, Barriers: 1, Oops: 0, ImmediateOops: 0, NonImmediateOops: No
[1,753s][debug  ][gc,nmethod     ] Register NMethod: net.openhft.chronicle.bytes.StreamingDataOutput.writeStopBit (0x00007f374fe63590) [0x00007f374fe63740, 0x00007f374fe63880] Compiler: c1, Barriers: 0, Oops: 1, ImmediateOops: 0, NonImmediateOops: No
[1,753s][debug  ][gc,nmethod     ] Register NMethod: io.sirix.index.path.summary.PathNode.getPrefixKey (0x00007f374fe63910) [0x00007f374fe63aa0, 0x00007f374fe63c00] Compiler: c1, Barriers: 1, Oops: 1, ImmediateOops: 0, NonImmediateOops: No
[1,753s][debug  ][gc,nmethod     ] Register NMethod: io.sirix.index.path.summary.PathSummaryReader.getPathKind (0x00007f374fe63d10) [0x00007f374fe63f00, 0x00007f374fe64418] Compiler: c1, Barriers: 2, Oops: 1, ImmediateOops: 2, NonImmediateOops: No
[1,753s][debug  ][gc,nmethod     ] Register NMethod: net.openhft.chronicle.bytes.internal.BytesInternal.writeStopBit (0x00007f374fe64590) [0x00007f374fe647a0, 0x00007f374fe64f18] Compiler: c1, Barriers: 0, Oops: 1, ImmediateOops: 0, NonImmediateOops: No
[1,753s][debug  ][gc,nmethod     ] Register NMethod: net.openhft.chronicle.core.Jvm.isJava9Plus (0x00007f374fe65110) [0x00007f374fe652a0, 0x00007f374fe653e0] Compiler: c1, Barriers: 0, Oops: 1, ImmediateOops: 0, NonImmediateOops: No
[1,753s][debug  ][gc,nmethod     ] Register NMethod: io.sirix.axis.filter.PathKindFilter.filter (0x00007f374fe65490) [0x00007f374fe65680, 0x00007f374fe65d88] Compiler: c1, Barriers: 4, Oops: 1, ImmediateOops: 2, NonImmediateOops: No
[1,753s][debug  ][gc,nmethod     ] Register NMethod: it.unimi.dsi.fastutil.ints.Int2IntOpenHashMap.get (0x00007f374fe65f90) [0x00007f374fe661a0, 0x00007f374fe66750] Compiler: c1, Barriers: 4, Oops: 1, ImmediateOops: 0, NonImmediateOops: No
[1,753s][debug  ][gc,nmethod     ] Register NMethod: io.sirix.node.immutable.json.ImmutableArrayNode.getKind (0x00007f374fe66990) [0x00007f374fe66b20, 0x00007f374fe66c30] Compiler: c1, Barriers: 0, Oops: 1, ImmediateOops: 1, NonImmediateOops: No
[1,753s][debug  ][gc,nmethod     ] Register NMethod: io.sirix.node.HashCountEntryNode.incrementValue (0x00007f374fe66d10) [0x00007f374fe66ea0, 0x00007f374fe66fb0] Compiler: c1, Barriers: 0, Oops: 1, ImmediateOops: 0, NonImmediateOops: No
[1,754s][debug  ][gc,nmethod     ] Register NMethod: net.openhft.chronicle.core.util.StringUtils.getMemory (0x00007f374fe67090) [0x00007f374fe67220, 0x00007f374fe67310] Compiler: c1, Barriers: 0, Oops: 1, ImmediateOops: 1, NonImmediateOops: No
[1,754s][debug  ][gc,nmethod     ] Register NMethod: java.lang.invoke.DirectMethodHandle.fieldOffset (0x00007f374fe67390) [0x00007f374fe67520, 0x00007f374fe676e8] Compiler: c1, Barriers: 0, Oops: 0, ImmediateOops: 0, NonImmediateOops: No
[1,754s][debug  ][gc,nmethod     ] Register NMethod: net.openhft.chronicle.bytes.StreamingDataOutput.writeUtf8 (0x00007f374fe67790) [0x00007f374fe67940, 0x00007f374fe67a80] Compiler: c1, Barriers: 0, Oops: 1, ImmediateOops: 0, NonImmediateOops: No
[1,754s][debug  ][gc,nmethod     ] Register NMethod: net.openhft.chronicle.core.util.StringUtils.ensureJava9Plus (0x00007f374fe67b10) [0x00007f374fe67ca0, 0x00007f374fe67de8] Compiler: c1, Barriers: 0, Oops: 1, ImmediateOops: 0, NonImmediateOops: No
[1,754s][debug  ][gc,nmethod     ] Register NMethod: java.lang.invoke.DirectMethodHandle.checkBase (0x00007f374fe67e90) [0x00007f374fe68040, 0x00007f374fe68280] Compiler: c1, Barriers: 0, Oops: 0, ImmediateOops: 0, NonImmediateOops: No
[1,754s][debug  ][gc,nmethod     ] Register NMethod: net.openhft.chronicle.core.util.StringUtils.extractBytes (0x00007f374fe68390) [0x00007f374fe68580, 0x00007f374fe68af8] Compiler: c1, Barriers: 2, Oops: 2, ImmediateOops: 2, NonImmediateOops: No
[1,754s][debug  ][gc,nmethod     ] Register NMethod: net.openhft.chronicle.core.UnsafeMemory.getObject (0x00007f374fe68d10) [0x00007f374fe68ec0, 0x00007f374fe69138] Compiler: c1, Barriers: 2, Oops: 2, ImmediateOops: 1, NonImmediateOops: No
[1,754s][debug  ][gc,nmethod     ] Register NMethod: sun.misc.Unsafe.getObject (0x00007f374fe69290) [0x00007f374fe69420, 0x00007f374fe69550] Compiler: c1, Barriers: 1, Oops: 0, ImmediateOops: 0, NonImmediateOops: No
[1,754s][debug  ][gc,nmethod     ] Register NMethod: net.openhft.chronicle.core.util.StringUtils.getStringCoder (0x00007f374fe69610) [0x00007f374fe697c0, 0x00007f374fe698d8] Compiler: c1, Barriers: 0, Oops: 1, ImmediateOops: 0, NonImmediateOops: No
[1,754s][debug  ][gc,nmethod     ] Register NMethod: java.lang.invoke.DirectMethodHandle$Holder.getByte (0x00007f374fe69990) [0x00007f374fe69b60, 0x00007f374fe6a0f0] Compiler: c1, Barriers: 0, Oops: 0, ImmediateOops: 0, NonImmediateOops: No
[1,754s][debug  ][gc,nmethod     ] Register NMethod: io.sirix.access.trx.node.json.objectvalue.StringValue.<init> (0x00007f374fe6a290) [0x00007f374fe6a460, 0x00007f374fe6a790] Compiler: c1, Barriers: 3, Oops: 1, ImmediateOops: 0, NonImmediateOops: No
[1,754s][debug  ][gc,nmethod     ] Register NMethod: net.openhft.chronicle.core.util.StringUtils.getStringCoderForStringOrStringBuilder (0x00007f374fe6a910) [0x00007f374fe6aba0, 0x00007f374fe6b690] Compiler: c1, Barriers: 3, Oops: 1, ImmediateOops: 3, NonImmediateOops: No
[1,754s][debug  ][gc,nmethod     ] Register NMethod: io.sirix.access.trx.node.json.objectvalue.StringValue.getKind (0x00007f374fe6bb10) [0x00007f374fe6bca0, 0x00007f374fe6bdb0] Compiler: c1, Barriers: 0, Oops: 1, ImmediateOops: 1, NonImmediateOops: No
[1,754s][debug  ][gc,nmethod     ] Register NMethod: net.openhft.chronicle.bytes.internal.HeapBytesStore.writeLong (0x00007f376f282190) [0x00007f376f282320, 0x00007f376f282588] Compiler: c2, Barriers: 3, Oops: 2, ImmediateOops: 0, NonImmediateOops: No
[1,754s][debug  ][gc,nmethod     ] Register NMethod: io.sirix.access.trx.node.json.objectvalue.StringValue.getValue (0x00007f374fe6be90) [0x00007f374fe6c020, 0x00007f374fe6c168] Compiler: c1, Barriers: 1, Oops: 1, ImmediateOops: 0, NonImmediateOops: No
[1,754s][debug  ][gc,nmethod     ] Register NMethod: net.openhft.chronicle.bytes.internal.HeapBytesStore.writeLong (0x00007f376f282790) [0x00007f376f282920, 0x00007f376f282b88] Compiler: c2, Barriers: 3, Oops: 2, ImmediateOops: 0, NonImmediateOops: No
[1,754s][debug  ][gc,nmethod     ] Register NMethod: net.openhft.chronicle.bytes.internal.BytesInternal.writeUtf8 (0x00007f374fe6c210) [0x00007f374fe6c500, 0x00007f374fe6d560] Compiler: c1, Barriers: 3, Oops: 2, ImmediateOops: 2, NonImmediateOops: No
[1,754s][debug  ][gc,nmethod     ] Register NMethod: io.sirix.node.json.ObjectStringNode.<init> (0x00007f374fe6db10) [0x00007f374fe6dce0, 0x00007f374fe6e0a8] Compiler: c1, Barriers: 6, Oops: 1, ImmediateOops: 0, NonImmediateOops: No
[1,754s][debug  ][gc,nmethod     ] Register NMethod: io.sirix.access.trx.node.json.ForwardingJsonNodeReadOnlyTrx.moveToParent (0x00007f374fe6e210) [0x00007f374fe6e3e0, 0x00007f374fe6e768] Compiler: c1, Barriers: 1, Oops: 1, ImmediateOops: 0, NonImmediateOops: No
[1,754s][debug  ][gc,nmethod     ] Register NMethod: io.sirix.access.trx.node.json.JsonNodeFactoryImpl.createJsonObjectStringNode (0x00007f374fe6e890) [0x00007f374fe6eb40, 0x00007f374fe6f8a8] Compiler: c1, Barriers: 11, Oops: 1, ImmediateOops: 3, NonImmediateOops: No
[1,755s][debug  ][gc,nmethod     ] Register NMethod: io.sirix.index.path.summary.PathSummaryReader.keyForName (0x00007f374fe6fe90) [0x00007f374fe70060, 0x00007f374fe70378] Compiler: c1, Barriers: 0, Oops: 1, ImmediateOops: 1, NonImmediateOops: No
[1,755s][debug  ][gc,nmethod     ] Register NMethod: io.sirix.axis.filter.FilterAxis.reset (0x00007f374fe70510) [0x00007f374fe706c0, 0x00007f374fe709d8] Compiler: c1, Barriers: 4, Oops: 1, ImmediateOops: 1, NonImmediateOops: No
[1,755s][debug  ][gc,nmethod     ] Register NMethod: io.sirix.axis.filter.FilterAxis.nextKey (0x00007f374fe70b10) [0x00007f374fe70d60, 0x00007f374fe71840] Compiler: c1, Barriers: 3, Oops: 1, ImmediateOops: 1, NonImmediateOops: No
[1,755s][debug  ][gc,nmethod     ] Register NMethod: io.sirix.index.path.summary.PathSummaryReader.hasFirstChild (0x00007f374fe71b90) [0x00007f374fe71d80, 0x00007f374fe72200] Compiler: c1, Barriers: 1, Oops: 1, ImmediateOops: 1, NonImmediateOops: No
[1,755s][debug  ][gc,nmethod     ] Register NMethod: io.sirix.access.Utils.buildName (0x00007f374fe72390) [0x00007f374fe725c0, 0x00007f374fe72ce0] Compiler: c1, Barriers: 4, Oops: 2, ImmediateOops: 1, NonImmediateOops: No
[1,755s][debug  ][gc,nmethod     ] Register NMethod: io.sirix.axis.filter.PathNameFilter.<init> (0x00007f374fe72f90) [0x00007f374fe73240, 0x00007f374fe73dc8] Compiler: c1, Barriers: 4, Oops: 1, ImmediateOops: 3, NonImmediateOops: No
[1,755s][debug  ][gc,nmethod     ] Register NMethod: it.unimi.dsi.fastutil.ints.Int2ObjectOpenHashMap.get (0x00007f374fe74310) [0x00007f374fe74520, 0x00007f374fe74bd8] Compiler: c1, Barriers: 10, Oops: 1, ImmediateOops: 0, NonImmediateOops: No
[1,755s][debug  ][gc,nmethod     ] Register NMethod: io.sirix.access.trx.node.json.JsonNodeTrxImpl.insertObjectRecordAsRightSibling (0x00007f374fe74e10) [0x00007f374fe752a0, 0x00007f374fe77a78] Compiler: c1, Barriers: 19, Oops: 1, ImmediateOops: 3, NonImmediateOops: No
[1,755s][debug  ][gc,nmethod     ] Register NMethod: it.unimi.dsi.fastutil.ints.Int2IntOpenHashMap.put (0x00007f374fe78c10) [0x00007f374fe78de0, 0x00007f374fe79058] Compiler: c1, Barriers: 1, Oops: 1, ImmediateOops: 0, NonImmediateOops: No
[1,755s][debug  ][gc,nmethod     ] Register NMethod: io.sirix.access.trx.node.json.JsonNodeTrxImpl.insertStringValueAsFirstChild (0x00007f374fe79190) [0x00007f374fe79720, 0x00007f374fe7ca50] Compiler: c1, Barriers: 24, Oops: 2, ImmediateOops: 11, NonImmediateOops: No
[1,756s][debug  ][gc,nmethod     ] Register NMethod: io.sirix.axis.filter.FilterAxis.<init> (0x00007f374fe7e390) [0x00007f374fe7e700, 0x00007f374fe7ffb0] Compiler: c1, Barriers: 24, Oops: 1, ImmediateOops: 3, NonImmediateOops: No
[1,756s][debug  ][gc,nmethod     ] Register NMethod: io.sirix.service.json.shredder.JsonShredder.processName (0x00007f374fe80690) [0x00007f374fe80840, 0x00007f374fe80a08] Compiler: c1, Barriers: 1, Oops: 1, ImmediateOops: 0, NonImmediateOops: No
[1,756s][debug  ][gc,nmethod     ] Register NMethod: io.sirix.access.trx.page.AbstractForwardingPageReadOnlyTrx.getNamePage (0x00007f374fe80b10) [0x00007f374fe80d40, 0x00007f374fe81500] Compiler: c1, Barriers: 5, Oops: 1, ImmediateOops: 1, NonImmediateOops: No
[1,756s][debug  ][gc,nmethod     ] Register NMethod: io.sirix.service.json.shredder.JsonShredder.getObjectRecordValue (0x00007f374fe81790) [0x00007f374fe81b00, 0x00007f374fe82bd8] Compiler: c1, Barriers: 13, Oops: 1, ImmediateOops: 1, NonImmediateOops: No
[1,756s][debug  ][gc,nmethod     ] Register NMethod: net.openhft.chronicle.bytes.NativeBytes.writeByte (0x00007f376f282d90) [0x00007f376f282f80, 0x00007f376f283438] Compiler: c2, Barriers: 5, Oops: 2, ImmediateOops: 0, NonImmediateOops: No
[1,756s][debug  ][gc,nmethod     ] Register NMethod: io.sirix.page.NamePage.setName (0x00007f374fe83190) [0x00007f374fe83460, 0x00007f374fe84018] Compiler: c1, Barriers: 25, Oops: 1, ImmediateOops: 2, NonImmediateOops: No
[1,756s][debug  ][gc,nmethod     ] Register NMethod: io.sirix.access.trx.page.NodePageTrx.createNameKey (0x00007f374fe84310) [0x00007f374fe845a0, 0x00007f374fe85270] Compiler: c1, Barriers: 7, Oops: 1, ImmediateOops: 3, NonImmediateOops: No
[1,756s][debug  ][gc,nmethod     ] Register NMethod: net.openhft.chronicle.bytes.NativeBytes.writeByte (0x00007f376f283890) [0x00007f376f283a80, 0x00007f376f283f38] Compiler: c2, Barriers: 5, Oops: 2, ImmediateOops: 0, NonImmediateOops: No
[1,756s][debug  ][gc,nmethod     ] Register NMethod: io.sirix.node.json.ObjectStringNode.getKind (0x00007f376f284410) [0x00007f376f284580, 0x00007f376f284600] Compiler: c2, Barriers: 0, Oops: 1, ImmediateOops: 1, NonImmediateOops: No
[1,756s][debug  ][gc,nmethod     ] Register NMethod: io.sirix.node.json.ObjectKeyNode.<init> (0x00007f374fe85690) [0x00007f374fe858e0, 0x00007f374fe86288] Compiler: c1, Barriers: 15, Oops: 1, ImmediateOops: 4, NonImmediateOops: No
[1,756s][debug  ][gc,nmethod     ] Register NMethod: io.sirix.access.trx.node.json.ForwardingJsonNodeReadOnlyTrx.getParentKey (0x00007f374fe86590) [0x00007f374fe86760, 0x00007f374fe86ad8] Compiler: c1, Barriers: 1, Oops: 1, ImmediateOops: 0, NonImmediateOops: No
[1,756s][debug  ][gc,nmethod     ] Register NMethod: net.openhft.chronicle.core.UnsafeMemory.writeByte (0x00007f376f284710) [0x00007f376f284880, 0x00007f376f284918] Compiler: c2, Barriers: 0, Oops: 2, ImmediateOops: 0, NonImmediateOops: No
[1,756s][debug  ][gc,nmethod     ] Register NMethod: io.sirix.node.AbstractForwardingNode.getNodeDelegate (0x00007f376f284a10) [0x00007f376f284ba0, 0x00007f376f284c70] Compiler: c2, Barriers: 1, Oops: 1, ImmediateOops: 0, NonImmediateOops: No
[1,756s][debug  ][gc,nmethod     ] Register NMethod: io.sirix.access.trx.node.AbstractNodeReadOnlyTrx.getParentKey (0x00007f374fe86c10) [0x00007f374fe86de0, 0x00007f374fe871c0] Compiler: c1, Barriers: 1, Oops: 1, ImmediateOops: 1, NonImmediateOops: No
[1,756s][debug  ][gc,nmethod     ] Register NMethod: net.openhft.chronicle.core.io.AbstractReferenceCounted.refCount (0x00007f374fe87310) [0x00007f374fe874c0, 0x00007f374fe87658] Compiler: c1, Barriers: 1, Oops: 1, ImmediateOops: 0, NonImmediateOops: No
[1,757s][debug  ][gc,nmethod     ] Register NMethod: java.lang.invoke.LambdaForm$MH/0x0000000080352800.invoke (0x00007f374fe87790) [0x00007f374fe87960, 0x00007f374fe87e08] Compiler: c1, Barriers: 2, Oops: 1, ImmediateOops: 0, NonImmediateOops: No
[1,757s][debug  ][gc,nmethod     ] Register NMethod: io.sirix.index.name.Names.setName (0x00007f374fe87f10) [0x00007f374fe88320, 0x00007f374fe89af0] Compiler: c1, Barriers: 12, Oops: 2, ImmediateOops: 4, NonImmediateOops: No
[1,757s][debug  ][gc,nmethod     ] Register NMethod: io.sirix.access.trx.page.NodePageTrx.getMostRecentPageContainer (0x00007f374fe8a590) [0x00007f374fe8a780, 0x00007f374fe8ae48] Compiler: c1, Barriers: 9, Oops: 1, ImmediateOops: 1, NonImmediateOops: No
[1,757s][debug  ][gc,nmethod     ] Register NMethod: io.sirix.node.json.ObjectKeyNode.computeHash (0x00007f374fe8af90) [0x00007f374fe8b320, 0x00007f374fe8cf00] Compiler: c1, Barriers: 9, Oops: 1, ImmediateOops: 2, NonImmediateOops: No
[1,757s][debug  ][gc,nmethod     ] Register NMethod: io.sirix.access.trx.node.AbstractNodeReadOnlyTrx.moveTo (0x00007f374fe8d610) [0x00007f374fe8d8c0, 0x00007f374fe8e898] Compiler: c1, Barriers: 11, Oops: 1, ImmediateOops: 4, NonImmediateOops: No
[1,757s][debug  ][gc,nmethod     ] Register NMethod: net.openhft.chronicle.bytes.internal.HeapBytesStore.writeByte (0x00007f376f284d10) [0x00007f376f284ea0, 0x00007f376f285108] Compiler: c2, Barriers: 3, Oops: 2, ImmediateOops: 0, NonImmediateOops: No
[1,757s][debug  ][gc,nmethod     ] Register NMethod: io.sirix.service.json.shredder.JsonShredder.addObjectRecord (0x00007f374fe8ee10) [0x00007f374fe8f4c0, 0x00007f374fe930e8] Compiler: c1, Barriers: 29, Oops: 1, ImmediateOops: 9, NonImmediateOops: No
[1,757s][debug  ][gc,nmethod     ] Register NMethod: net.openhft.chronicle.bytes.internal.HeapBytesStore.writeByte (0x00007f376f285310) [0x00007f376f2854a0, 0x00007f376f285708] Compiler: c2, Barriers: 3, Oops: 2, ImmediateOops: 0, NonImmediateOops: No
[1,757s][debug  ][gc,nmethod     ] Register NMethod: io.sirix.access.trx.page.NodePageTrx.prepareRecordForModification (0x00007f374fe94310) [0x00007f374fe94600, 0x00007f374fe95550] Compiler: c1, Barriers: 7, Oops: 2, ImmediateOops: 4, NonImmediateOops: No
[1,757s][debug  ][gc,nmethod     ] Register NMethod: io.sirix.access.trx.page.NodePageTrx.getRecord (0x00007f374fe95b90) [0x00007f374fe95e40, 0x00007f374fe96b38] Compiler: c1, Barriers: 8, Oops: 1, ImmediateOops: 2, NonImmediateOops: No
[1,757s][debug  ][gc,nmethod     ] Register NMethod: io.sirix.access.trx.page.NodePageTrx.getPageContainer (0x00007f374fe96f90) [0x00007f374fe97200, 0x00007f374fe97cf0] Compiler: c1, Barriers: 12, Oops: 4, ImmediateOops: 4, NonImmediateOops: No
[1,757s][debug  ][gc,nmethod     ] Register NMethod: java.lang.invoke.LambdaForm$DMH/0x000000008010d800.invokeSpecial (0x00007f374fe98090) [0x00007f374fe98260, 0x00007f374fe986f8] Compiler: c1, Barriers: 1, Oops: 1, ImmediateOops: 0, NonImmediateOops: No
[1,757s][debug  ][gc,nmethod     ] Register NMethod: com.google.common.base.Preconditions.checkArgument (0x00007f376f285910) [0x00007f376f285a80, 0x00007f376f285b08] Compiler: c2, Barriers: 0, Oops: 1, ImmediateOops: 0, NonImmediateOops: No
[1,757s][debug  ][gc,nmethod     ] Register NMethod: java.lang.Long.hashCode (0x00007f374fe98810) [0x00007f374fe989a0, 0x00007f374fe98a90] Compiler: c1, Barriers: 0, Oops: 0, ImmediateOops: 0, NonImmediateOops: No
[1,758s][debug  ][gc,nmethod     ] Register NMethod: io.sirix.node.json.ArrayNode.delegate (0x00007f376f285c10) [0x00007f376f285da0, 0x00007f376f285ea0] Compiler: c2, Barriers: 2, Oops: 1, ImmediateOops: 0, NonImmediateOops: No
[1,758s][debug  ][gc,nmethod     ] Register NMethod: io.sirix.access.trx.page.NodePageReadOnlyTrx.checkItemIfDeleted (0x00007f376f285f90) [0x00007f376f286120, 0x00007f376f2861d0] Compiler: c2, Barriers: 0, Oops: 1, ImmediateOops: 0, NonImmediateOops: No
[1,758s][debug  ][gc,nmethod     ] Register NMethod: io.sirix.access.trx.page.NodePageTrx.prepareRecordPage (0x00007f374fe98b10) [0x00007f374fe98e20, 0x00007f374fe9a188] Compiler: c1, Barriers: 36, Oops: 4, ImmediateOops: 5, NonImmediateOops: No
[1,758s][debug  ][gc,nmethod     ] Register NMethod: io.sirix.index.IndexType.getID (0x00007f376f286290) [0x00007f376f286420, 0x00007f376f2864e8] Compiler: c1, Barriers: 0, Oops: 1, ImmediateOops: 0, NonImmediateOops: No
[1,758s][debug  ][gc,nmethod     ] Register NMethod: java.util.HashMap.computeIfAbsent (0x00007f374fe9a790) [0x00007f374fe9aae0, 0x00007f374fe9c130] Compiler: c1, Barriers: 11, Oops: 0, ImmediateOops: 0, NonImmediateOops: No
[1,758s][debug  ][gc,nmethod     ] Register NMethod: java.lang.invoke.LambdaForm$MH/0x000000008035dc00.invokeExact_MT (0x00007f374fe9c710) [0x00007f374fe9c920, 0x00007f374fe9d0f0] Compiler: c1, Barriers: 3, Oops: 1, ImmediateOops: 0, NonImmediateOops: No
[1,758s][debug  ][gc,nmethod     ] Register NMethod: java.lang.invoke.LambdaForm$MH/0x0000000080374800.invoke (0x00007f374fe9d310) [0x00007f374fe9d560, 0x00007f374fe9e020] Compiler: c1, Barriers: 0, Oops: 7, ImmediateOops: 7, NonImmediateOops: No
[1,758s][debug  ][gc,nmethod     ] Register NMethod: jdk.internal.reflect.MethodHandleByteFieldAccessorImpl.getByte (0x00007f374fe9e310) [0x00007f374fe9e580, 0x00007f374fe9f0e8] Compiler: c1, Barriers: 5, Oops: 2, ImmediateOops: 2, NonImmediateOops: No
[1,759s][debug  ][gc,director    ] Rule Major: Warmup 10%, Used: 88MB, UsedThreshold: 1536MB
[1,759s][debug  ][gc,nmethod     ] Register NMethod: io.sirix.node.delegates.ValueNodeDelegate.getRawValue (0x00007f374fe9f610) [0x00007f374fe9f7c0, 0x00007f374fe9f9c0] Compiler: c1, Barriers: 2, Oops: 1, ImmediateOops: 0, NonImmediateOops: No
[1,759s][debug  ][gc,nmethod     ] Register NMethod: java.nio.charset.CoderResult.isOverflow (0x00007f374fe9fa90) [0x00007f374fe9fc20, 0x00007f374fe9fd80] Compiler: c1, Barriers: 0, Oops: 0, ImmediateOops: 0, NonImmediateOops: No
[1,759s][debug  ][gc,nmethod     ] Register NMethod: java.util.LinkedHashMap.afterNodeAccess (0x00007f374fe9fe10) [0x00007f374fea00a0, 0x00007f374fea0f70] Compiler: c1, Barriers: 54, Oops: 0, ImmediateOops: 0, NonImmediateOops: No
[1,759s][debug  ][gc,nmethod     ] Register NMethod: io.sirix.access.trx.node.json.JsonNodeTrxImpl.setFirstChildOfObjectKeyNode (0x00007f374fea1110) [0x00007f374fea1340, 0x00007f374fea1d10] Compiler: c1, Barriers: 5, Oops: 1, ImmediateOops: 1, NonImmediateOops: No
[1,759s][debug  ][gc,nmethod     ] Register NMethod: io.sirix.access.trx.node.json.JsonNodeTrxImpl.insertValue (0x00007f374fea2010) [0x00007f374fea22c0, 0x00007f374fea2df8] Compiler: c1, Barriers: 0, Oops: 1, ImmediateOops: 2, NonImmediateOops: No
[1,759s][debug  ][gc,nmethod     ] Register NMethod: io.sirix.access.trx.node.json.JsonNodeFactoryImpl.createJsonObjectKeyNode (0x00007f374fea3090) [0x00007f374fea3300, 0x00007f374fea3c70] Compiler: c1, Barriers: 6, Oops: 1, ImmediateOops: 4, NonImmediateOops: No
[1,759s][debug  ][gc,nmethod     ] Register NMethod: io.sirix.node.delegates.ValueNodeDelegate.<init> (0x00007f374fea4190) [0x00007f374fea4380, 0x00007f374fea48d0] Compiler: c1, Barriers: 6, Oops: 1, ImmediateOops: 2, NonImmediateOops: No
[1,759s][debug  ][gc,nmethod     ] Register NMethod: io.sirix.cache.IndexLogKey.hashCode (0x00007f374fea4a90) [0x00007f374fea4c40, 0x00007f374fea4e38] Compiler: c1, Barriers: 1, Oops: 1, ImmediateOops: 0, NonImmediateOops: No
[1,759s][debug  ][gc,nmethod     ] Register NMethod: io.sirix.node.json.AbstractStringNode.computeHash (0x00007f374fea4f10) [0x00007f374fea5260, 0x00007f374fea6a20] Compiler: c1, Barriers: 9, Oops: 1, ImmediateOops: 2, NonImmediateOops: No
[1,759s][debug  ][gc,nmethod     ] Register NMethod: io.sirix.cache.IndexLogKey.equals (0x00007f374fea7090) [0x00007f374fea7260, 0x00007f374fea7750] Compiler: c1, Barriers: 4, Oops: 1, ImmediateOops: 0, NonImmediateOops: No
[1,759s][debug  ][gc,nmethod     ] Register NMethod: net.openhft.chronicle.bytes.NativeBytes.writeLong (0x00007f376f286590) [0x00007f376f286780, 0x00007f376f286c20] Compiler: c2, Barriers: 5, Oops: 2, ImmediateOops: 0, NonImmediateOops: No
[1,760s][debug  ][gc,nmethod     ] Register NMethod: net.openhft.chronicle.bytes.NativeBytes.writeLong (0x00007f376f287090) [0x00007f376f287280, 0x00007f376f287720] Compiler: c2, Barriers: 5, Oops: 2, ImmediateOops: 0, NonImmediateOops: No
[1,760s][debug  ][gc,nmethod     ] Register NMethod: io.sirix.node.delegates.StructNodeDelegate.incrementChildCount (0x00007f376f287c10) [0x00007f376f287d80, 0x00007f376f287e00] Compiler: c2, Barriers: 0, Oops: 1, ImmediateOops: 0, NonImmediateOops: No
[1,760s][debug  ][gc,nmethod     ] Register NMethod: io.sirix.page.RevisionRootPage.incrementAndGetMaxNodeKeyInDocumentIndex (0x00007f376f287f10) [0x00007f376f288080, 0x00007f376f288108] Compiler: c2, Barriers: 0, Oops: 1, ImmediateOops: 0, NonImmediateOops: No
[1,760s][debug  ][gc,nmethod     ] Register NMethod: io.sirix.access.trx.page.NodePageTrx.getMostRecentPageContainer (0x00007f376f288210) [0x00007f376f2883e0, 0x00007f376f288980] Compiler: c2, Barriers: 9, Oops: 2, ImmediateOops: 1, NonImmediateOops: No
[1,760s][debug  ][gc,nmethod     ] Register NMethod: java.util.ArrayList$Itr.hasNext (0x00007f376f288b90) [0x00007f376f288d20, 0x00007f376f288df8] Compiler: c2, Barriers: 1, Oops: 0, ImmediateOops: 0, NonImmediateOops: No
[1,761s][debug  ][gc,nmethod     ] Register NMethod: io.sirix.access.trx.node.json.JsonDeweyIDManager.newRecordValueID (0x00007f374fea7890) [0x00007f374fea7b00, 0x00007f374fea8770] Compiler: c1, Barriers: 6, Oops: 1, ImmediateOops: 1, NonImmediateOops: No
[1,761s][debug  ][gc,nmethod     ] Register NMethod: io.sirix.node.json.AbstractBooleanNode.delegate (0x00007f374fea8b90) [0x00007f374fea8d40, 0x00007f374fea8f98] Compiler: c1, Barriers: 2, Oops: 1, ImmediateOops: 0, NonImmediateOops: No
[1,761s][debug  ][gc,nmethod     ] Register NMethod: java.lang.StringUTF16.putChar (0x00007f374fea9090) [0x00007f374fea9220, 0x00007f374fea9368] Compiler: c1, Barriers: 0, Oops: 0, ImmediateOops: 0, NonImmediateOops: No
[1,762s][debug  ][gc,nmethod     ] Register NMethod: net.openhft.chronicle.bytes.internal.BytesInternal.appendUtf8Char (0x00007f376f288e90) [0x00007f376f289080, 0x00007f376f2895e0] Compiler: c2, Barriers: 5, Oops: 2, ImmediateOops: 0, NonImmediateOops: No
[1,762s][debug  ][gc,nmethod     ] Register NMethod: com.google.gson.stream.JsonReader.push (0x00007f374fea9490) [0x00007f374fea96a0, 0x00007f374fea9c90] Compiler: c1, Barriers: 14, Oops: 1, ImmediateOops: 0, NonImmediateOops: No
[1,763s][debug  ][gc,nmethod     ] Register NMethod: io.sirix.access.trx.node.AbstractDeweyIDManager.newFirstChildID (0x00007f374fea9e90) [0x00007f374feaa1e0, 0x00007f374feab9b0] Compiler: c1, Barriers: 12, Oops: 1, ImmediateOops: 2, NonImmediateOops: No
[1,763s][debug  ][gc,nmethod     ] Register NMethod: io.sirix.service.json.shredder.JsonShredder.processTrxMovement (0x00007f374feac010) [0x00007f374feac340, 0x00007f374fead778] Compiler: c1, Barriers: 10, Oops: 1, ImmediateOops: 2, NonImmediateOops: No
[1,763s][debug  ][gc,nmethod     ] Register NMethod: com.google.gson.stream.JsonReader.endObject (0x00007f374feadd90) [0x00007f374feae040, 0x00007f374feaec00] Compiler: c1, Barriers: 6, Oops: 2, ImmediateOops: 2, NonImmediateOops: No
[1,763s][debug  ][gc,nmethod     ] Register NMethod: io.sirix.node.json.ObjectNode.<init> (0x00007f374feaf010) [0x00007f374feaf1e0, 0x00007f374feaf5e8] Compiler: c1, Barriers: 3, Oops: 1, ImmediateOops: 0, NonImmediateOops: No
[1,763s][debug  ][gc,nmethod     ] Register NMethod: io.sirix.service.json.shredder.JsonShredder.processEndObject (0x00007f374feaf790) [0x00007f374feaf940, 0x00007f374feafb70] Compiler: c1, Barriers: 1, Oops: 1, ImmediateOops: 0, NonImmediateOops: No
[1,763s][debug  ][gc,nmethod     ] Register NMethod: io.sirix.access.trx.node.json.JsonNodeFactoryImpl.createJsonObjectNode (0x00007f374feafc90) [0x00007f374feaff00, 0x00007f374feb09c0] Compiler: c1, Barriers: 8, Oops: 1, ImmediateOops: 3, NonImmediateOops: No
[1,763s][debug  ][gc,nmethod     ] Register NMethod: com.google.gson.stream.JsonReader.beginObject (0x00007f374feb0e90) [0x00007f374feb1140, 0x00007f374feb1b08] Compiler: c1, Barriers: 1, Oops: 2, ImmediateOops: 2, NonImmediateOops: No
[1,764s][debug  ][gc,nmethod     ] Register NMethod: io.sirix.node.json.ObjectNode.computeHash (0x00007f374feb1e90) [0x00007f374feb2240, 0x00007f374feb3e78] Compiler: c1, Barriers: 10, Oops: 1, ImmediateOops: 2, NonImmediateOops: No
[1,764s][debug  ][gc,nmethod     ] Register NMethod: java.lang.invoke.LambdaForm$MH/0x0000000080353c00.guard (0x00007f374feb4590) [0x00007f374feb47c0, 0x00007f374feb5118] Compiler: c1, Barriers: 4, Oops: 1, ImmediateOops: 0, NonImmediateOops: No
[1,764s][debug  ][gc,nmethod     ] Register NMethod: io.sirix.access.trx.page.NodePageTrx.prepareRecordForModification (0x00007f376f289b10) [0x00007f376f289da0, 0x00007f376f28a940] Compiler: c2, Barriers: 23, Oops: 6, ImmediateOops: 4, NonImmediateOops: No
[1,764s][debug  ][gc,nmethod     ] Register NMethod: io.sirix.access.trx.node.json.JsonNodeTrxImpl.insertObjectRecordAsFirstChild (0x00007f374feb5310) [0x00007f374feb5780, 0x00007f374feb7dc0] Compiler: c1, Barriers: 22, Oops: 1, ImmediateOops: 6, NonImmediateOops: No
[1,764s][debug  ][gc,nmethod     ] Register NMethod: java.lang.StringLatin1.canEncode (0x00007f374feb9010) [0x00007f374feb91a0, 0x00007f374feb92e0] Compiler: c1, Barriers: 0, Oops: 0, ImmediateOops: 0, NonImmediateOops: No
[1,764s][debug  ][gc,nmethod     ] Register NMethod: io.sirix.access.trx.page.NodePageTrx$$Lambda/0x000000008036b068.<init> (0x00007f374feb9390) [0x00007f374feb9540, 0x00007f374feb9798] Compiler: c1, Barriers: 6, Oops: 1, ImmediateOops: 0, NonImmediateOops: No
[1,765s][debug  ][gc,nmethod     ] Register NMethod: io.sirix.service.json.shredder.JsonShredder.processBeginObject (0x00007f374feb9890) [0x00007f374feb9a60, 0x00007f374feb9d08] Compiler: c1, Barriers: 1, Oops: 1, ImmediateOops: 0, NonImmediateOops: No
[1,765s][debug  ][gc,nmethod     ] Register NMethod: java.lang.invoke.DelegatingMethodHandle$Holder.delegate (0x00007f374feb9e10) [0x00007f374feb9fe0, 0x00007f374feba400] Compiler: c1, Barriers: 0, Oops: 0, ImmediateOops: 0, NonImmediateOops: No
[1,766s][debug  ][gc,nmethod     ] Register NMethod: io.sirix.access.trx.node.json.JsonNodeReadOnlyTrxImpl.isArray (0x00007f374feba510) [0x00007f374feba6e0, 0x00007f374febaba8] Compiler: c1, Barriers: 1, Oops: 1, ImmediateOops: 2, NonImmediateOops: No
[1,766s][debug  ][gc,nmethod     ] Register NMethod: io.sirix.service.json.shredder.JsonShredder.addObject (0x00007f374febad10) [0x00007f374febb360, 0x00007f374febec78] Compiler: c1, Barriers: 32, Oops: 1, ImmediateOops: 12, NonImmediateOops: No
[1,766s][debug  ][gc,nmethod     ] Register NMethod: java.nio.CharBuffer.hasArray (0x00007f374febfd10) [0x00007f374febfea0, 0x00007f374fec0068] Compiler: c1, Barriers: 1, Oops: 0, ImmediateOops: 0, NonImmediateOops: No
[1,766s][debug  ][gc,nmethod     ] Register NMethod: java.nio.CharBuffer.array (0x00007f374fec0110) [0x00007f374fec02e0, 0x00007f374fec05d0] Compiler: c1, Barriers: 1, Oops: 0, ImmediateOops: 0, NonImmediateOops: No
[1,766s][debug  ][gc,nmethod     ] Register NMethod: io.sirix.access.trx.node.AbstractNodeReadOnlyTrx.moveTo (0x00007f376f28b190) [0x00007f376f28b420, 0x00007f376f28c1b8] Compiler: c2, Barriers: 25, Oops: 5, ImmediateOops: 5, NonImmediateOops: No
[1,766s][debug  ][gc,nmethod     ] Register NMethod: sun.nio.cs.UTF_8.updatePositions (0x00007f374fec0710) [0x00007f374fec08e0, 0x00007f374fec0cd0] Compiler: c1, Barriers: 0, Oops: 0, ImmediateOops: 0, NonImmediateOops: No
[1,767s][debug  ][gc,nmethod     ] Register NMethod: io.sirix.access.trx.page.NodePageTrx.getRecord (0x00007f376f28ca10) [0x00007f376f28cc40, 0x00007f376f28d4c8] Compiler: c2, Barriers: 15, Oops: 5, ImmediateOops: 2, NonImmediateOops: No
[1,768s][debug  ][gc,nmethod     ] Register NMethod: io.sirix.access.trx.page.NodePageTrx.getPageContainer (0x00007f376f28db10) [0x00007f376f28dce0, 0x00007f376f28e0a0] Compiler: c2, Barriers: 9, Oops: 4, ImmediateOops: 0, NonImmediateOops: No
[1,769s][debug  ][gc,director    ] Rule Major: Warmup 10%, Used: 90MB, UsedThreshold: 1536MB
[1,769s][debug  ][gc,nmethod     ] Register NMethod: io.sirix.access.trx.page.NodePageTrx.prepareRecordPage (0x00007f376f28e310) [0x00007f376f28e520, 0x00007f376f28ebf8] Compiler: c2, Barriers: 21, Oops: 5, ImmediateOops: 1, NonImmediateOops: No
[1,769s][debug  ][gc,nmethod     ] Register NMethod: io.sirix.node.immutable.json.ImmutableObjectKeyNode.getKind (0x00007f374fec0e10) [0x00007f374fec0fa0, 0x00007f374fec10b0] Compiler: c1, Barriers: 0, Oops: 1, ImmediateOops: 1, NonImmediateOops: No
[1,770s][debug  ][gc,nmethod     ] Register NMethod: com.google.gson.stream.JsonReader.nextNonWhitespace (0x00007f376f28ef90) [0x00007f376f28f140, 0x00007f376f28f3d0] Compiler: c2, Barriers: 1, Oops: 1, ImmediateOops: 0, NonImmediateOops: No
[1,771s][debug  ][gc,nmethod     ] Register NMethod: io.sirix.access.trx.node.json.JsonNodeTrxImpl.insertObjectAsRightSibling (0x00007f374fec1190) [0x00007f374fec1560, 0x00007f374fec34b0] Compiler: c1, Barriers: 18, Oops: 1, ImmediateOops: 2, NonImmediateOops: No
[1,771s][debug  ][gc,nmethod     ] Register NMethod: java.lang.Long.bitCount (0x00007f376f28f610) [0x00007f376f28f780, 0x00007f376f28f860] Compiler: c2, Barriers: 0, Oops: 0, ImmediateOops: 0, NonImmediateOops: No
[1,771s][debug  ][gc,nmethod     ] Register NMethod: com.google.common.base.Objects.hashCode (0x00007f374fec4190) [0x00007f374fec4340, 0x00007f374fec4458] Compiler: c1, Barriers: 0, Oops: 1, ImmediateOops: 0, NonImmediateOops: No
[1,771s][debug  ][gc,nmethod     ] Register NMethod: io.sirix.access.trx.node.json.objectvalue.NumberValue.getValue (0x00007f376f28f910) [0x00007f376f28faa0, 0x00007f376f28fb90] Compiler: c1, Barriers: 1, Oops: 1, ImmediateOops: 0, NonImmediateOops: No
[1,772s][debug  ][gc,nmethod     ] Register NMethod: java.lang.Long.hashCode (0x00007f374fec4510) [0x00007f374fec46c0, 0x00007f374fec4800] Compiler: c1, Barriers: 0, Oops: 0, ImmediateOops: 0, NonImmediateOops: No
[1,772s][debug  ][gc,nmethod     ] Register NMethod: jdk.internal.util.ArraysSupport.mismatch (0x00007f374fec4890) [0x00007f374fec4a60, 0x00007f374fec4e60] Compiler: c1, Barriers: 0, Oops: 0, ImmediateOops: 0, NonImmediateOops: No
[1,773s][debug  ][gc,nmethod     ] Register NMethod: java.lang.String.compareTo (0x00007f374fec5090) [0x00007f374fec52a0, 0x00007f374fec5788] Compiler: c1, Barriers: 2, Oops: 0, ImmediateOops: 0, NonImmediateOops: No
[1,773s][debug  ][gc,nmethod     ] Register NMethod: java.nio.CharBuffer.limit (0x00007f374fec5910) [0x00007f374fec5ac0, 0x00007f374fec5c08] Compiler: c1, Barriers: 0, Oops: 0, ImmediateOops: 0, NonImmediateOops: No
[1,773s][debug  ][gc,nmethod     ] Register NMethod: java.nio.CharBuffer.<init> (0x00007f374fec5c90) [0x00007f374fec5e40, 0x00007f374fec6018] Compiler: c1, Barriers: 3, Oops: 0, ImmediateOops: 0, NonImmediateOops: No
[1,773s][debug  ][gc,nmethod     ] Register NMethod: java.nio.CharBuffer.limit (0x00007f374fec6110) [0x00007f374fec62c0, 0x00007f374fec6468] Compiler: c1, Barriers: 0, Oops: 0, ImmediateOops: 0, NonImmediateOops: No
[1,773s][debug  ][gc,nmethod     ] Register NMethod: io.brackit.query.atomic.QNm.hashCode (0x00007f374fec6510) [0x00007f374fec66c0, 0x00007f374fec68b8] Compiler: c1, Barriers: 2, Oops: 1, ImmediateOops: 0, NonImmediateOops: No
[1,773s][debug  ][gc,nmethod     ] Register NMethod: io.sirix.utils.IntToObjectMap.prvtPut (0x00007f374fec6a10) [0x00007f374fec6be0, 0x00007f374fec7058] Compiler: c1, Barriers: 7, Oops: 1, ImmediateOops: 0, NonImmediateOops: No
[1,773s][debug  ][gc,nmethod     ] Register NMethod: io.sirix.page.NamePage.incrementAndGetMaxNodeKey (0x00007f374fec7290) [0x00007f374fec7460, 0x00007f374fec76e8] Compiler: c1, Barriers: 2, Oops: 1, ImmediateOops: 0, NonImmediateOops: No
[1,773s][debug  ][gc,nmethod     ] Register NMethod: io.brackit.query.atomic.QNm.atomicCode (0x00007f376f28fc10) [0x00007f376f28fda0, 0x00007f376f28fe60] Compiler: c1, Barriers: 0, Oops: 1, ImmediateOops: 0, NonImmediateOops: No
[1,774s][debug  ][gc,nmethod     ] Register NMethod: java.lang.AbstractStringBuilder.appendChars (0x00007f374fec7890) [0x00007f374fec7aa0, 0x00007f374fec80b8] Compiler: c1, Barriers: 3, Oops: 0, ImmediateOops: 0, NonImmediateOops: No
[1,774s][debug  ][gc,nmethod     ] Register NMethod: io.sirix.node.json.AbstractNullNode.delegate (0x00007f374fec8390) [0x00007f374fec8540, 0x00007f374fec8798] Compiler: c1, Barriers: 2, Oops: 1, ImmediateOops: 0, NonImmediateOops: No
[1,774s][debug  ][gc,nmethod     ] Register NMethod: io.sirix.node.json.AbstractNullNode.structDelegate (0x00007f376f28ff10) [0x00007f376f2900a0, 0x00007f376f290190] Compiler: c1, Barriers: 1, Oops: 1, ImmediateOops: 0, NonImmediateOops: No
[1,774s][debug  ][gc,nmethod     ] Register NMethod: io.sirix.node.json.NullNode.getKind (0x00007f374fec8890) [0x00007f374fec8a20, 0x00007f374fec8b30] Compiler: c1, Barriers: 0, Oops: 1, ImmediateOops: 1, NonImmediateOops: No
[1,774s][debug  ][gc,nmethod     ] Register NMethod: io.sirix.node.json.AbstractStringNode.<init> (0x00007f374fec8c10) [0x00007f374fec8de0, 0x00007f374fec9148] Compiler: c1, Barriers: 6, Oops: 1, ImmediateOops: 0, NonImmediateOops: No
[1,774s][debug  ][gc,nmethod     ] Register NMethod: io.sirix.access.trx.node.json.JsonNodeTrxImpl.getBytes (0x00007f374fec9290) [0x00007f374fec9440, 0x00007f374fec9698] Compiler: c1, Barriers: 1, Oops: 2, ImmediateOops: 1, NonImmediateOops: No
[1,775s][debug  ][gc,nmethod     ] Register NMethod: io.sirix.node.json.StringNode.getKind (0x00007f374fec9810) [0x00007f374fec99a0, 0x00007f374fec9ab0] Compiler: c1, Barriers: 0, Oops: 1, ImmediateOops: 1, NonImmediateOops: No
[1,775s][debug  ][gc,nmethod     ] Register NMethod: io.sirix.access.trx.node.AbstractNodeTrxImpl.getCurrentNode (0x00007f374fec9b90) [0x00007f374fec9d40, 0x00007f374fec9f68] Compiler: c1, Barriers: 2, Oops: 1, ImmediateOops: 0, NonImmediateOops: No
[1,775s][debug  ][gc,nmethod     ] Register NMethod: io.sirix.access.trx.node.json.JsonNodeTrxImpl.checkPrecondition (0x00007f374feca090) [0x00007f374feca2a0, 0x00007f374fecaad8] Compiler: c1, Barriers: 5, Oops: 1, ImmediateOops: 2, NonImmediateOops: No
[1,775s][debug  ][gc,nmethod     ] Register NMethod: io.sirix.node.json.AbstractBooleanNode.structDelegate (0x00007f376f290210) [0x00007f376f2903a0, 0x00007f376f290490] Compiler: c1, Barriers: 1, Oops: 1, ImmediateOops: 0, NonImmediateOops: No
[1,775s][debug  ][gc,nmethod     ] Register NMethod: java.lang.StringLatin1.inflate (0x00007f376f290510) [0x00007f376f2906a0, 0x00007f376f290b40] Compiler: c2, Barriers: 0, Oops: 0, ImmediateOops: 0, NonImmediateOops: No
[1,775s][debug  ][gc,nmethod     ] Register NMethod: com.google.gson.stream.JsonReader.isLiteral (0x00007f374fecad10) [0x00007f374fecaf60, 0x00007f374fecb898] Compiler: c1, Barriers: 0, Oops: 2, ImmediateOops: 1, NonImmediateOops: No
[1,775s][debug  ][gc,nmethod     ] Register NMethod: net.openhft.hashing.Maths.unsignedLongMulXorFold (0x00007f376f290c90) [0x00007f376f290e00, 0x00007f376f290e98] Compiler: c2, Barriers: 0, Oops: 1, ImmediateOops: 0, NonImmediateOops: No
[1,775s][debug  ][gc,nmethod     ] Register NMethod: com.google.gson.stream.JsonReader.peekKeyword (0x00007f374fecbb90) [0x00007f374fecbec0, 0x00007f374fecd238] Compiler: c1, Barriers: 8, Oops: 2, ImmediateOops: 10, NonImmediateOops: No
[1,775s][debug  ][gc,nmethod     ] Register NMethod: net.openhft.hashing.MathsJDK9.unsignedLongMulXorFoldImp (0x00007f376f290f90) [0x00007f376f291100, 0x00007f376f2911a8] Compiler: c2, Barriers: 0, Oops: 1, ImmediateOops: 0, NonImmediateOops: No
[1,776s][debug  ][gc,nmethod     ] Register NMethod: java.nio.CharBuffer.wrap (0x00007f374fecd910) [0x00007f374fecdae0, 0x00007f374fecdd70] Compiler: c1, Barriers: 0, Oops: 0, ImmediateOops: 0, NonImmediateOops: No
[1,776s][debug  ][gc,nmethod     ] Register NMethod: java.nio.HeapCharBuffer.<init> (0x00007f374fecdf10) [0x00007f374fece0c0, 0x00007f374fece240] Compiler: c1, Barriers: 0, Oops: 0, ImmediateOops: 0, NonImmediateOops: No
[1,776s][debug  ][gc,nmethod     ] Register NMethod: io.sirix.service.json.shredder.JsonShredder.processString (0x00007f374fece310) [0x00007f374fece500, 0x00007f374fece8e8] Compiler: c1, Barriers: 3, Oops: 1, ImmediateOops: 2, NonImmediateOops: No
[1,776s][debug  ][gc,nmethod     ] Register NMethod: io.sirix.node.json.StringNode.<init> (0x00007f374fecea90) [0x00007f374fecec60, 0x00007f374fecf028] Compiler: c1, Barriers: 6, Oops: 1, ImmediateOops: 0, NonImmediateOops: No
[1,776s][debug  ][gc,nmethod     ] Register NMethod: io.sirix.node.json.NumberNode.getKind (0x00007f374fecf190) [0x00007f374fecf320, 0x00007f374fecf430] Compiler: c1, Barriers: 0, Oops: 1, ImmediateOops: 1, NonImmediateOops: No
[1,776s][debug  ][gc,nmethod     ] Register NMethod: java.lang.Integer.parseInt (0x00007f374fecf510) [0x00007f374fecf9a0, 0x00007f374fed1808] Compiler: c1, Barriers: 3, Oops: 4, ImmediateOops: 9, NonImmediateOops: No
[1,776s][debug  ][gc,nmethod     ] Register NMethod: io.sirix.access.trx.node.json.JsonNodeFactoryImpl.createJsonStringNode (0x00007f374fed2490) [0x00007f374fed2740, 0x00007f374fed3488] Compiler: c1, Barriers: 11, Oops: 1, ImmediateOops: 3, NonImmediateOops: No
[1,777s][debug  ][gc,nmethod     ] Register NMethod: net.openhft.hashing.XXH3.XXH3_mix16B (0x00007f376f291290) [0x00007f376f291420, 0x00007f376f291568] Compiler: c2, Barriers: 0, Oops: 2, ImmediateOops: 1, NonImmediateOops: No
[1,777s][debug  ][gc,nmethod     ] Register NMethod: io.sirix.service.json.shredder.JsonShredder.insertStringValue (0x00007f374fed3a90) [0x00007f374fed3f00, 0x00007f374fed60b0] Compiler: c1, Barriers: 15, Oops: 1, ImmediateOops: 3, NonImmediateOops: No
[1,777s][debug  ][gc,nmethod     ] Register NMethod: io.sirix.service.json.shredder.JsonShredder.processNull (0x00007f374fed6b10) [0x00007f374fed6d00, 0x00007f374fed70d8] Compiler: c1, Barriers: 3, Oops: 1, ImmediateOops: 2, NonImmediateOops: No
[1,777s][debug  ][gc,nmethod     ] Register NMethod: com.google.gson.stream.JsonReader.nextNull (0x00007f374fed7290) [0x00007f374fed7520, 0x00007f374fed7f08] Compiler: c1, Barriers: 2, Oops: 2, ImmediateOops: 2, NonImmediateOops: No
[1,777s][debug  ][gc,nmethod     ] Register NMethod: io.sirix.node.json.NullNode.<init> (0x00007f374fed8310) [0x00007f374fed84e0, 0x00007f374fed8830] Compiler: c1, Barriers: 3, Oops: 1, ImmediateOops: 0, NonImmediateOops: No
[1,777s][debug  ][gc,nmethod     ] Register NMethod: io.sirix.node.json.AbstractNullNode.<init> (0x00007f374fed8990) [0x00007f374fed8b40, 0x00007f374fed8e30] Compiler: c1, Barriers: 3, Oops: 1, ImmediateOops: 0, NonImmediateOops: No
[1,777s][debug  ][gc,nmethod     ] Register NMethod: io.sirix.access.trx.node.json.JsonNodeTrxImpl.insertNullValueAsRightSibling (0x00007f374fed8f90) [0x00007f374fed9300, 0x00007f374fedac38] Compiler: c1, Barriers: 13, Oops: 1, ImmediateOops: 0, NonImmediateOops: No
[1,777s][debug  ][gc,nmethod     ] Register NMethod: io.sirix.access.trx.node.json.JsonNodeFactoryImpl.createJsonNullNode (0x00007f374fedb690) [0x00007f374fedb900, 0x00007f374fedc3f8] Compiler: c1, Barriers: 8, Oops: 1, ImmediateOops: 3, NonImmediateOops: No
[1,778s][debug  ][gc,nmethod     ] Register NMethod: io.sirix.service.json.shredder.JsonShredder.insertNullValue (0x00007f374fedc890) [0x00007f374fedcce0, 0x00007f374feded48] Compiler: c1, Barriers: 15, Oops: 1, ImmediateOops: 3, NonImmediateOops: No
[1,778s][debug  ][gc,nmethod     ] Register NMethod: com.google.gson.stream.JsonReader.peekNumber (0x00007f374fedf710) [0x00007f374fedf980, 0x00007f374fee07f8] Compiler: c1, Barriers: 1, Oops: 1, ImmediateOops: 0, NonImmediateOops: No
[1,778s][debug  ][gc,nmethod     ] Register NMethod: io.sirix.access.trx.node.AbstractNodeHashing.rollingAdd (0x00007f376f291710) [0x00007f376f291bc0, 0x00007f376f293600] Compiler: c2, Barriers: 23, Oops: 11, ImmediateOops: 15, NonImmediateOops: No
[1,778s][debug  ][gc,nmethod     ] Register NMethod: java.lang.Long.stringSize (0x00007f374fee0a10) [0x00007f374fee0bc0, 0x00007f374fee0e30] Compiler: c1, Barriers: 0, Oops: 0, ImmediateOops: 0, NonImmediateOops: No
[1,778s][debug  ][gc,nmethod     ] Register NMethod: io.sirix.node.json.AbstractNullNode.computeHash (0x00007f374fee0f10) [0x00007f374fee12c0, 0x00007f374fee2ef8] Compiler: c1, Barriers: 10, Oops: 1, ImmediateOops: 2, NonImmediateOops: No
[1,778s][debug  ][gc,nmethod     ] Register NMethod: io.sirix.access.trx.node.AbstractNodeReadOnlyTrx.getKind (0x00007f376f294e10) [0x00007f376f294fa0, 0x00007f376f295098] Compiler: c2, Barriers: 1, Oops: 1, ImmediateOops: 0, NonImmediateOops: No
[1,778s][debug  ][gc,nmethod     ] Register NMethod: io.sirix.access.trx.node.json.JsonNodeHashing.getStructuralNode (0x00007f374fee3610) [0x00007f374fee37e0, 0x00007f374fee3d78] Compiler: c1, Barriers: 2, Oops: 1, ImmediateOops: 0, NonImmediateOops: No
[1,778s][debug  ][gc,nmethod     ] Register NMethod: io.sirix.access.trx.node.json.JsonNodeHashing.setCurrentNode (0x00007f374fee3f10) [0x00007f374fee40e0, 0x00007f374fee4580] Compiler: c1, Barriers: 4, Oops: 1, ImmediateOops: 1, NonImmediateOops: No
[1,778s][debug  ][gc,nmethod     ] Register NMethod: io.sirix.access.trx.node.json.JsonNodeTrxImpl.insertStringValueAsRightSibling (0x00007f374fee4710) [0x00007f374fee4aa0, 0x00007f374fee6478] Compiler: c1, Barriers: 14, Oops: 2, ImmediateOops: 1, NonImmediateOops: No
[1,779s][debug  ][gc,nmethod     ] Register NMethod: java.lang.Long.getChars (0x00007f374fee7090) [0x00007f374fee7280, 0x00007f374fee7880] Compiler: c1, Barriers: 0, Oops: 0, ImmediateOops: 6, NonImmediateOops: No
[1,779s][debug  ][gc,nmethod     ] Register NMethod: io.sirix.access.trx.node.AbstractNodeHashing.rollingAdd (0x00007f374fee7c10) [0x00007f374fee8080, 0x00007f374feea680] Compiler: c1, Barriers: 14, Oops: 1, ImmediateOops: 2, NonImmediateOops: No
[1,779s][debug  ][gc,director    ] Rule Major: Warmup 10%, Used: 90MB, UsedThreshold: 1536MB
[1,779s][debug  ][gc,nmethod     ] Register NMethod: java.lang.invoke.LambdaForm$MH/0x000000008035cc00.linkToTargetMethod (0x00007f374feeb190) [0x00007f374feeb340, 0x00007f374feeb658] Compiler: c1, Barriers: 0, Oops: 1, ImmediateOops: 0, NonImmediateOops: No
[1,779s][debug  ][gc,nmethod     ] Register NMethod: java.lang.invoke.DirectMethodHandle$Holder.invokeStatic (0x00007f374feeb790) [0x00007f374feeb960, 0x00007f374feebd28] Compiler: c1, Barriers: 1, Oops: 0, ImmediateOops: 0, NonImmediateOops: No
[1,779s][debug  ][gc,nmethod     ] Register NMethod: java.lang.invoke.LambdaForm$MH/0x000000008035c000.invoke (0x00007f374feebe90) [0x00007f374feec060, 0x00007f374feec3e0] Compiler: c1, Barriers: 1, Oops: 1, ImmediateOops: 0, NonImmediateOops: No
[1,779s][debug  ][gc,nmethod     ] Register NMethod: java.lang.invoke.LambdaForm$MH/0x000000008035c800.invoke (0x00007f374feec510) [0x00007f374feec760, 0x00007f374feed230] Compiler: c1, Barriers: 5, Oops: 1, ImmediateOops: 0, NonImmediateOops: No
[1,779s][debug  ][gc,nmethod     ] Register NMethod: java.lang.invoke.LambdaForm$MH/0x000000008035a400.invoke (0x00007f374feed510) [0x00007f374feed6e0, 0x00007f374feedb00] Compiler: c1, Barriers: 1, Oops: 1, ImmediateOops: 0, NonImmediateOops: No
[1,779s][debug  ][gc,nmethod     ] Register NMethod: java.lang.invoke.DirectMethodHandle$Holder.invokeStatic (0x00007f374feedc10) [0x00007f374feedde0, 0x00007f374feee238] Compiler: c1, Barriers: 1, Oops: 0, ImmediateOops: 0, NonImmediateOops: No
[1,779s][debug  ][gc,nmethod     ] Register NMethod: java.util.Objects.isNull (0x00007f374feee390) [0x00007f374feee520, 0x00007f374feee660] Compiler: c1, Barriers: 0, Oops: 0, ImmediateOops: 0, NonImmediateOops: No
[1,780s][debug  ][gc,nmethod     ] Register NMethod: io.sirix.node.json.BooleanNode.getKind (0x00007f374feee710) [0x00007f374feee8a0, 0x00007f374feee9b0] Compiler: c1, Barriers: 0, Oops: 1, ImmediateOops: 1, NonImmediateOops: No
[1,780s][debug  ][gc,nmethod     ] Register NMethod: java.lang.invoke.LambdaForm$MH/0x0000000080352400.invoke (0x00007f374feeea90) [0x00007f374feeec20, 0x00007f374feeee88] Compiler: c1, Barriers: 0, Oops: 1, ImmediateOops: 0, NonImmediateOops: No
[1,780s][debug  ][gc,nmethod     ] Register NMethod: io.sirix.node.json.AbstractNumberNode.<init> (0x00007f374feeef90) [0x00007f374feef160, 0x00007f374feef4c8] Compiler: c1, Barriers: 6, Oops: 1, ImmediateOops: 0, NonImmediateOops: No
[1,780s][debug  ][gc,nmethod     ] Register NMethod: java.lang.Integer.valueOf (0x00007f374feef610) [0x00007f374feef7e0, 0x00007f374feefba8] Compiler: c1, Barriers: 1, Oops: 0, ImmediateOops: 1, NonImmediateOops: No
[1,781s][debug  ][gc,nmethod     ] Register NMethod: java.lang.invoke.LambdaForm$MH/0x0000000080374000.tableSwitch (0x00007f374feefd10) [0x00007f374feeffc0, 0x00007f374fef0cb0] Compiler: c1, Barriers: 11, Oops: 1, ImmediateOops: 0, NonImmediateOops: No
[1,781s][debug  ][gc,nmethod     ] Register NMethod: java.lang.String.<init> (0x00007f374fef1090) [0x00007f374fef14a0, 0x00007f374fef2f88] Compiler: c1, Barriers: 10, Oops: 1, ImmediateOops: 2, NonImmediateOops: No
[1,781s][debug  ][gc,nmethod     ] Register NMethod: java.lang.StringLatin1.inflate (0x00007f376f295190) [0x00007f376f295320, 0x00007f376f295638] Compiler: c2, Barriers: 0, Oops: 0, ImmediateOops: 0, NonImmediateOops: No
[1,781s][debug  ][gc,nmethod     ] Register NMethod: io.sirix.node.json.StringNode.getKind (0x00007f376f295710) [0x00007f376f295880, 0x00007f376f295900] Compiler: c2, Barriers: 0, Oops: 1, ImmediateOops: 1, NonImmediateOops: No
[1,782s][debug  ][gc,nmethod     ] Register NMethod: io.sirix.node.json.AbstractNumberNode.computeHash (0x00007f374fef3810) [0x00007f374fef4340, 0x00007f374fefc360] Compiler: c1, Barriers: 15, Oops: 69, ImmediateOops: 79, NonImmediateOops: No
[1,783s][debug  ][gc,nmethod     ] Register NMethod: java.lang.Long.toString (0x00007f374fefe590) [0x00007f374fefe760, 0x00007f374fefeae0] Compiler: c1, Barriers: 3, Oops: 0, ImmediateOops: 0, NonImmediateOops: No
[1,783s][debug  ][gc,nmethod     ] Register NMethod: com.google.gson.stream.JsonReader.nextQuotedValue (0x00007f376f295a10) [0x00007f376f295cc0, 0x00007f376f296d38] Compiler: c2, Barriers: 22, Oops: 2, ImmediateOops: 2, NonImmediateOops: No
[1,783s][debug  ][gc,nmethod     ] Register NMethod: io.sirix.service.json.shredder.JsonShredder.readNumber (0x00007f374fefec90) [0x00007f374fefee40, 0x00007f374fefeff8] Compiler: c1, Barriers: 1, Oops: 1, ImmediateOops: 0, NonImmediateOops: No
[1,783s][debug  ][gc,nmethod     ] Register NMethod: io.sirix.service.json.JsonNumber.stringToNumber (0x00007f374feff110) [0x00007f374feff380, 0x00007f374feffae0] Compiler: c1, Barriers: 0, Oops: 2, ImmediateOops: 1, NonImmediateOops: No
[1,783s][debug  ][gc,nmethod     ] Register NMethod: io.sirix.access.trx.node.json.JsonNodeHashing.getCurrentNode (0x00007f376f297590) [0x00007f376f297720, 0x00007f376f297840] Compiler: c2, Barriers: 2, Oops: 1, ImmediateOops: 0, NonImmediateOops: No
[1,784s][debug  ][gc,nmethod     ] Register NMethod: com.google.gson.stream.JsonReader.peek (0x00007f376f297910) [0x00007f376f297ac0, 0x00007f376f297c50] Compiler: c2, Barriers: 0, Oops: 1, ImmediateOops: 9, NonImmediateOops: No
[1,784s][debug  ][gc,nmethod     ] Register NMethod: io.sirix.node.json.AbstractNullNode.delegate (0x00007f376f297d90) [0x00007f376f297f20, 0x00007f376f298020] Compiler: c2, Barriers: 2, Oops: 1, ImmediateOops: 0, NonImmediateOops: No
[1,784s][debug  ][gc,nmethod     ] Register NMethod: java.lang.Long.hashCode (0x00007f376f298110) [0x00007f376f298280, 0x00007f376f2982f8] Compiler: c2, Barriers: 0, Oops: 0, ImmediateOops: 0, NonImmediateOops: No
[1,784s][debug  ][gc,nmethod     ] Register NMethod: java.util.LinkedHashMap.afterNodeAccess (0x00007f376f298410) [0x00007f376f2985a0, 0x00007f376f2986b0] Compiler: c2, Barriers: 0, Oops: 0, ImmediateOops: 0, NonImmediateOops: No
[1,785s][debug  ][gc,nmethod     ] Register NMethod: io.sirix.cache.IndexLogKey.hashCode (0x00007f376f298790) [0x00007f376f298920, 0x00007f376f298a30] Compiler: c2, Barriers: 1, Oops: 1, ImmediateOops: 0, NonImmediateOops: No
[1,787s][debug  ][gc,nmethod     ] Register NMethod: io.sirix.service.json.shredder.JsonShredder.processNumber (0x00007f374feffe90) [0x00007f374ff000a0, 0x00007f374ff00518] Compiler: c1, Barriers: 3, Oops: 1, ImmediateOops: 2, NonImmediateOops: No
[1,787s][debug  ][gc,nmethod     ] Register NMethod: io.sirix.node.json.NumberNode.<init> (0x00007f374ff00710) [0x00007f374ff008e0, 0x00007f374ff00ca8] Compiler: c1, Barriers: 6, Oops: 1, ImmediateOops: 0, NonImmediateOops: No
[1,787s][debug  ][gc,nmethod     ] Register NMethod: io.sirix.access.trx.node.json.JsonNodeFactoryImpl.createJsonNumberNode (0x00007f374ff00e10) [0x00007f374ff01080, 0x00007f374ff01c10] Compiler: c1, Barriers: 11, Oops: 1, ImmediateOops: 3, NonImmediateOops: No
[1,787s][debug  ][gc,nmethod     ] Register NMethod: io.sirix.service.json.shredder.JsonShredder.insertNumberValue (0x00007f374ff02110) [0x00007f374ff02580, 0x00007f374ff04750] Compiler: c1, Barriers: 15, Oops: 1, ImmediateOops: 3, NonImmediateOops: No
[1,787s][debug  ][gc,nmethod     ] Register NMethod: io.sirix.access.trx.node.json.JsonNodeTrxImpl.insertNumberValueAsRightSibling (0x00007f374ff05210) [0x00007f374ff05580, 0x00007f374ff06ec8] Compiler: c1, Barriers: 13, Oops: 1, ImmediateOops: 0, NonImmediateOops: No
[1,788s][debug  ][gc,reloc       ] Synchronize all workers 1 _nworkers: 0 _nsynchronized: 0
[1,788s][debug  ][gc,reloc       ] Synchronize all workers 1 _nworkers: 0 _nsynchronized: 0
[1,788s][debug  ][gc,reloc       ] Desynchronize all workers _nworkers: 0 _nsynchronized: 0
[1,788s][debug  ][gc,reloc       ] Desynchronize all workers _nworkers: 0 _nsynchronized: 0
[1,788s][debug  ][gc,nmethod     ] Register NMethod: java.util.HashMap.computeIfAbsent (0x00007f376f298b10) [0x00007f376f298e00, 0x00007f376f29a120] Compiler: c2, Barriers: 25, Oops: 2, ImmediateOops: 0, NonImmediateOops: No
[1,788s][debug  ][gc,nmethod     ] Register NMethod: net.openhft.chronicle.bytes.AppendableUtil.findUtf8Length (0x00007f376f29ac90) [0x00007f376f29ae20, 0x00007f376f29b1c8] Compiler: c2, Barriers: 0, Oops: 1, ImmediateOops: 0, NonImmediateOops: No
[1,788s][debug  ][gc,nmethod     ] Register NMethod: io.sirix.node.json.NumberNode.getKind (0x00007f376f29b390) [0x00007f376f29b500, 0x00007f376f29b580] Compiler: c2, Barriers: 0, Oops: 1, ImmediateOops: 1, NonImmediateOops: No
[1,789s][debug  ][gc,director    ] Rule Major: Warmup 10%, Used: 94MB, UsedThreshold: 1536MB
[1,789s][debug  ][gc,nmethod     ] Register NMethod: io.sirix.cache.IndexLogKey.equals (0x00007f376f29b690) [0x00007f376f29b840, 0x00007f376f29ba80] Compiler: c2, Barriers: 3, Oops: 2, ImmediateOops: 0, NonImmediateOops: No
[1,791s][debug  ][gc,nmethod     ] Register NMethod: net.openhft.chronicle.bytes.AbstractBytes.writeBoolean (0x00007f374ff07a10) [0x00007f374ff07bc0, 0x00007f374ff07dc8] Compiler: c1, Barriers: 0, Oops: 1, ImmediateOops: 0, NonImmediateOops: No
[1,791s][debug  ][gc,nmethod     ] Register NMethod: net.openhft.chronicle.bytes.AbstractBytes.writeBoolean (0x00007f374ff07e90) [0x00007f374ff08040, 0x00007f374ff08318] Compiler: c1, Barriers: 0, Oops: 1, ImmediateOops: 0, NonImmediateOops: No
[1,791s][debug  ][gc,nmethod     ] Register NMethod: io.sirix.node.json.AbstractBooleanNode.<init> (0x00007f374ff08410) [0x00007f374ff085c0, 0x00007f374ff088b8] Compiler: c1, Barriers: 3, Oops: 1, ImmediateOops: 0, NonImmediateOops: No
[1,792s][debug  ][gc,nmethod     ] Register NMethod: com.google.gson.stream.JsonReader.nextBoolean (0x00007f374ff08a10) [0x00007f374ff08cc0, 0x00007f374ff09770] Compiler: c1, Barriers: 3, Oops: 2, ImmediateOops: 2, NonImmediateOops: No
[1,792s][debug  ][gc,nmethod     ] Register NMethod: net.openhft.chronicle.bytes.StreamingDataOutput.appendUtf8 (0x00007f376f29bc10) [0x00007f376f29be40, 0x00007f376f29c840] Compiler: c2, Barriers: 5, Oops: 2, ImmediateOops: 0, NonImmediateOops: No
[1,792s][debug  ][gc,nmethod     ] Register NMethod: io.sirix.node.json.AbstractBooleanNode.computeHash (0x00007f374ff09b90) [0x00007f374ff09f60, 0x00007f374ff0be88] Compiler: c1, Barriers: 10, Oops: 1, ImmediateOops: 2, NonImmediateOops: No
[1,792s][debug  ][gc,nmethod     ] Register NMethod: io.sirix.service.json.shredder.JsonShredder.processBoolean (0x00007f374ff0c610) [0x00007f374ff0c800, 0x00007f374ff0cbe0] Compiler: c1, Barriers: 3, Oops: 1, ImmediateOops: 2, NonImmediateOops: No
[1,792s][debug  ][gc,nmethod     ] Register NMethod: io.sirix.node.json.BooleanNode.<init> (0x00007f374ff0cd90) [0x00007f374ff0cf60, 0x00007f374ff0d2c0] Compiler: c1, Barriers: 3, Oops: 1, ImmediateOops: 0, NonImmediateOops: No
[1,792s][debug  ][gc,nmethod     ] Register NMethod: io.sirix.access.trx.node.json.JsonNodeFactoryImpl.createJsonBooleanNode (0x00007f374ff0d410) [0x00007f374ff0d680, 0x00007f374ff0e1a0] Compiler: c1, Barriers: 8, Oops: 1, ImmediateOops: 3, NonImmediateOops: No
[1,793s][debug  ][gc,nmethod     ] Register NMethod: io.sirix.access.trx.node.json.JsonNodeTrxImpl.insertBooleanValueAsRightSibling (0x00007f374ff0e690) [0x00007f374ff0e9c0, 0x00007f374ff10068] Compiler: c1, Barriers: 13, Oops: 1, ImmediateOops: 0, NonImmediateOops: No
[1,793s][debug  ][gc,nmethod     ] Register NMethod: io.sirix.service.json.shredder.JsonShredder.insertBooleanValue (0x00007f374ff10a90) [0x00007f374ff10ee0, 0x00007f374ff12f50] Compiler: c1, Barriers: 15, Oops: 1, ImmediateOops: 3, NonImmediateOops: No
[1,793s][debug  ][gc,nmethod     ] Register NMethod: net.openhft.chronicle.bytes.AbstractBytes.clear (0x00007f376f29cf90) [0x00007f376f29d120, 0x00007f376f29d2e8] Compiler: c2, Barriers: 1, Oops: 1, ImmediateOops: 0, NonImmediateOops: No
[1,794s][debug  ][gc,nmethod     ] Register NMethod: java.lang.invoke.DirectMethodHandle.allocateInstance (0x00007f376f29d490) [0x00007f376f29d620, 0x00007f376f29d828] Compiler: c2, Barriers: 1, Oops: 1, ImmediateOops: 0, NonImmediateOops: No
[1,794s][debug  ][gc,nmethod     ] Register NMethod: java.lang.invoke.DirectMethodHandle.constructorMethod (0x00007f376f29d990) [0x00007f376f29db20, 0x00007f376f29dbf8] Compiler: c2, Barriers: 1, Oops: 0, ImmediateOops: 0, NonImmediateOops: No
[1,794s][debug  ][gc,nmethod     ] Register NMethod: io.sirix.node.json.NullNode.getKind (0x00007f376f29dc90) [0x00007f376f29de00, 0x00007f376f29de80] Compiler: c2, Barriers: 0, Oops: 1, ImmediateOops: 1, NonImmediateOops: No
[1,794s][debug  ][gc,nmethod     ] Register NMethod: io.sirix.node.xml.AbstractStructForwardingNode.hasRightSibling (0x00007f376f29df90) [0x00007f376f29e120, 0x00007f376f29e1e8] Compiler: c2, Barriers: 0, Oops: 1, ImmediateOops: 1, NonImmediateOops: No
[1,795s][debug  ][gc,nmethod     ] Register NMethod: io.sirix.index.path.summary.PathSummaryReader.getNodeKey (0x00007f376f29e310) [0x00007f376f29e4c0, 0x00007f376f29e658] Compiler: c2, Barriers: 3, Oops: 1, ImmediateOops: 0, NonImmediateOops: No
[1,795s][debug  ][gc,nmethod     ] Register NMethod: io.sirix.access.trx.page.NodePageTrx$$Lambda/0x000000008036b068.<init> (0x00007f376f29e790) [0x00007f376f29e920, 0x00007f376f29eac8] Compiler: c2, Barriers: 6, Oops: 1, ImmediateOops: 0, NonImmediateOops: No
[1,795s][debug  ][gc,nmethod     ] Register NMethod: io.sirix.node.immutable.json.ImmutableArrayNode.getKind (0x00007f376f29eb10) [0x00007f376f29ec80, 0x00007f376f29ed00] Compiler: c2, Barriers: 0, Oops: 1, ImmediateOops: 1, NonImmediateOops: No
[1,795s][debug  ][gc,nmethod     ] Register NMethod: io.sirix.node.json.AbstractNumberNode.delegate (0x00007f376f29ee10) [0x00007f376f29efa0, 0x00007f376f29f0a0] Compiler: c2, Barriers: 2, Oops: 1, ImmediateOops: 0, NonImmediateOops: No
[1,796s][debug  ][gc,nmethod     ] Register NMethod: io.sirix.utils.IntToObjectMap.find (0x00007f376f29f190) [0x00007f376f29f320, 0x00007f376f29f4f8] Compiler: c2, Barriers: 2, Oops: 1, ImmediateOops: 0, NonImmediateOops: No
[1,796s][debug  ][gc,nmethod     ] Register NMethod: io.sirix.node.xml.AbstractStructForwardingNode.getRightSiblingKey (0x00007f376f29f690) [0x00007f376f29f820, 0x00007f376f29f8d8] Compiler: c2, Barriers: 0, Oops: 1, ImmediateOops: 0, NonImmediateOops: No
[1,796s][debug  ][gc,nmethod     ] Register NMethod: io.sirix.node.json.BooleanNode.getKind (0x00007f376f29f990) [0x00007f376f29fb00, 0x00007f376f29fb80] Compiler: c2, Barriers: 0, Oops: 1, ImmediateOops: 1, NonImmediateOops: No
[1,797s][debug  ][gc,nmethod     ] Register NMethod: io.sirix.access.trx.node.json.JsonNodeReadOnlyTrxImpl.getNode (0x00007f376f29fc90) [0x00007f376f29fe60, 0x00007f376f2a0160] Compiler: c2, Barriers: 5, Oops: 2, ImmediateOops: 1, NonImmediateOops: No
[1,799s][debug  ][gc,director    ] Rule Major: Warmup 10%, Used: 96MB, UsedThreshold: 1536MB
[1,800s][debug  ][gc,nmethod     ] Register NMethod: io.sirix.page.PageReference.getLogKey (0x00007f376f2a0410) [0x00007f376f2a05a0, 0x00007f376f2a0660] Compiler: c1, Barriers: 0, Oops: 1, ImmediateOops: 0, NonImmediateOops: No
[1,801s][debug  ][gc,nmethod     ] Register NMethod: io.sirix.node.json.ArrayNode.<init> (0x00007f374ff13910) [0x00007f374ff13ae0, 0x00007f374ff13ee8] Compiler: c1, Barriers: 3, Oops: 1, ImmediateOops: 0, NonImmediateOops: No
[1,801s][debug  ][gc,nmethod     ] Register NMethod: com.google.gson.stream.JsonReader.endArray (0x00007f374ff14090) [0x00007f374ff14320, 0x00007f374ff14d10] Compiler: c1, Barriers: 2, Oops: 2, ImmediateOops: 2, NonImmediateOops: No
[1,801s][debug  ][gc,nmethod     ] Register NMethod: io.sirix.service.json.shredder.JsonShredder.processEndArray (0x00007f374ff15110) [0x00007f374ff152c0, 0x00007f374ff154f0] Compiler: c1, Barriers: 1, Oops: 1, ImmediateOops: 0, NonImmediateOops: No
[1,801s][debug  ][gc,nmethod     ] Register NMethod: io.sirix.access.trx.node.json.JsonNodeFactoryImpl.createJsonArrayNode (0x00007f374ff15610) [0x00007f374ff15880, 0x00007f374ff16368] Compiler: c1, Barriers: 8, Oops: 1, ImmediateOops: 3, NonImmediateOops: No
[1,801s][debug  ][gc,nmethod     ] Register NMethod: io.sirix.node.json.ArrayNode.computeHash (0x00007f374ff16810) [0x00007f374ff16bc0, 0x00007f374ff187f8] Compiler: c1, Barriers: 10, Oops: 1, ImmediateOops: 2, NonImmediateOops: No
[1,802s][debug  ][gc,nmethod     ] Register NMethod: com.google.gson.stream.JsonReader.beginArray (0x00007f374ff18f10) [0x00007f374ff191c0, 0x00007f374ff19bf0] Compiler: c1, Barriers: 2, Oops: 2, ImmediateOops: 2, NonImmediateOops: No
[1,803s][debug  ][gc,nmethod     ] Register NMethod: io.sirix.access.trx.node.AbstractNodeHashing.rollingAdd (0x00007f376f2a0710) [0x00007f376f2a0a80, 0x00007f376f2a1b78] Compiler: c2, Barriers: 15, Oops: 7, ImmediateOops: 13, NonImmediateOops: No
[1,804s][debug  ][gc,nmethod     ] Register NMethod: io.sirix.access.trx.node.json.JsonNodeTrxImpl.moveToParentObjectKeyArrayOrDocumentRoot (0x00007f376f2a2c10) [0x00007f376f2a2e00, 0x00007f376f2a31f8] Compiler: c2, Barriers: 6, Oops: 1, ImmediateOops: 4, NonImmediateOops: No
[1,806s][debug  ][gc,nmethod     ] Register NMethod: io.sirix.service.json.shredder.JsonShredder.processBeginArray (0x00007f374ff1a010) [0x00007f374ff1a1e0, 0x00007f374ff1a488] Compiler: c1, Barriers: 1, Oops: 1, ImmediateOops: 0, NonImmediateOops: No
[1,806s][debug  ][gc,nmethod     ] Register NMethod: io.sirix.access.trx.node.json.JsonNodeTrxImpl.insertArrayAsRightSibling (0x00007f374ff1a590) [0x00007f374ff1a960, 0x00007f374ff1c690] Compiler: c1, Barriers: 15, Oops: 1, ImmediateOops: 2, NonImmediateOops: No
[1,807s][debug  ][gc,nmethod     ] Register NMethod: io.sirix.service.json.shredder.JsonShredder.insertArray (0x00007f374ff1d390) [0x00007f374ff1d9e0, 0x00007f374ff212f8] Compiler: c1, Barriers: 32, Oops: 1, ImmediateOops: 12, NonImmediateOops: No
[1,809s][debug  ][gc,director    ] Rule Major: Warmup 10%, Used: 100MB, UsedThreshold: 1536MB
[1,813s][debug  ][gc,nmethod     ] Register NMethod: java.lang.System$2.decodeASCII (0x00007f374ff22390) [0x00007f374ff22540, 0x00007f374ff22688] Compiler: c1, Barriers: 0, Oops: 0, ImmediateOops: 0, NonImmediateOops: No
[1,813s][debug  ][gc,nmethod     ] Register NMethod: sun.nio.cs.UTF_8$Decoder.decodeLoop (0x00007f374ff22790) [0x00007f374ff22980, 0x00007f374ff22dc8] Compiler: c1, Barriers: 2, Oops: 0, ImmediateOops: 0, NonImmediateOops: No
[1,813s][debug  ][gc,nmethod     ] Register NMethod: java.lang.String.decodeASCII (0x00007f374ff22f10) [0x00007f374ff230e0, 0x00007f374ff23388] Compiler: c1, Barriers: 0, Oops: 0, ImmediateOops: 0, NonImmediateOops: No
[1,813s][debug  ][gc,nmethod     ] Register NMethod: sun.nio.cs.UTF_8$Decoder.xflow (0x00007f374ff23510) [0x00007f374ff23700, 0x00007f374ff23c18] Compiler: c1, Barriers: 0, Oops: 0, ImmediateOops: 2, NonImmediateOops: No
[1,813s][debug  ][gc,nmethod     ] Register NMethod: java.nio.charset.CharsetDecoder.decode (0x00007f374ff23d90) [0x00007f374ff24120, 0x00007f374ff25910] Compiler: c1, Barriers: 6, Oops: 0, ImmediateOops: 5, NonImmediateOops: No
[1,814s][debug  ][gc,nmethod     ] Register NMethod: sun.nio.cs.UTF_8$Decoder.decodeArrayLoop (0x00007f374ff26090) [0x00007f374ff26920, 0x00007f374ff2b808] Compiler: c1, Barriers: 2, Oops: 1, ImmediateOops: 10, NonImmediateOops: No
[1,819s][debug  ][gc,director    ] Rule Major: Warmup 10%, Used: 104MB, UsedThreshold: 1536MB
[1,821s][debug  ][gc,nmethod     ] Register NMethod: java.lang.AbstractStringBuilder.append (0x00007f374ff2cf90) [0x00007f374ff2d160, 0x00007f374ff2d348] Compiler: c1, Barriers: 0, Oops: 0, ImmediateOops: 1, NonImmediateOops: No
[1,822s][debug  ][gc,nmethod     ] Register NMethod: java.io.InputStreamReader.read (0x00007f374ff2d490) [0x00007f374ff2d640, 0x00007f374ff2d7a0] Compiler: c1, Barriers: 1, Oops: 0, ImmediateOops: 0, NonImmediateOops: No
[1,823s][debug  ][gc,nmethod     ] Register NMethod: sun.nio.cs.StreamDecoder.ensureOpen (0x00007f374ff2d890) [0x00007f374ff2da40, 0x00007f374ff2dc08] Compiler: c1, Barriers: 0, Oops: 0, ImmediateOops: 1, NonImmediateOops: No
[1,823s][debug  ][gc,nmethod     ] Register NMethod: sun.nio.cs.StreamDecoder.read (0x00007f374ff2dd10) [0x00007f374ff2df80, 0x00007f374ff2e6b8] Compiler: c1, Barriers: 9, Oops: 0, ImmediateOops: 0, NonImmediateOops: No
[1,823s][debug  ][gc,nmethod     ] Register NMethod: sun.nio.cs.StreamDecoder.implRead (0x00007f374ff2ea90) [0x00007f374ff2ecc0, 0x00007f374ff2f2d0] Compiler: c1, Barriers: 4, Oops: 0, ImmediateOops: 0, NonImmediateOops: No
[1,823s][debug  ][gc,nmethod     ] Register NMethod: sun.nio.cs.StreamDecoder.lockedRead (0x00007f374ff2f610) [0x00007f374ff2f820, 0x00007f374ff2fdd0] Compiler: c1, Barriers: 1, Oops: 0, ImmediateOops: 1, NonImmediateOops: No
[1,823s][debug  ][gc,nmethod     ] Register NMethod: io.sirix.axis.AbstractAxis.hasNext (0x00007f376f2a3510) [0x00007f376f2a3c00, 0x00007f376f2a8820] Compiler: c2, Barriers: 128, Oops: 4, ImmediateOops: 22, NonImmediateOops: No
[1,824s][debug  ][gc,nmethod     ] Register NMethod: it.unimi.dsi.fastutil.longs.LongArrayList.add (0x00007f376f2aa510) [0x00007f376f2aa6a0, 0x00007f376f2aa7e0] Compiler: c2, Barriers: 1, Oops: 1, ImmediateOops: 0, NonImmediateOops: No
[1,824s][debug  ][gc,nmethod     ] Register NMethod: it.unimi.dsi.fastutil.longs.LongArrayList.grow (0x00007f376f2aa910) [0x00007f376f2aaaa0, 0x00007f376f2aab98] Compiler: c2, Barriers: 1, Oops: 1, ImmediateOops: 0, NonImmediateOops: No
[1,824s][debug  ][gc,nmethod     ] Register NMethod: it.unimi.dsi.fastutil.longs.LongArrayList.removeLong (0x00007f376f2aac90) [0x00007f376f2aae20, 0x00007f376f2aafa0] Compiler: c2, Barriers: 1, Oops: 1, ImmediateOops: 0, NonImmediateOops: No
[1,825s][debug  ][gc,nmethod     ] Register NMethod: it.unimi.dsi.fastutil.longs.AbstractLongList.popLong (0x00007f376f2ab110) [0x00007f376f2ab2a0, 0x00007f376f2ab420] Compiler: c2, Barriers: 1, Oops: 1, ImmediateOops: 0, NonImmediateOops: No
[1,826s][debug  ][gc,nmethod     ] Register NMethod: net.openhft.hashing.XXH3.XXH3_64bits_internal (0x00007f376f2ab590) [0x00007f376f2abb40, 0x00007f376f2adb48] Compiler: c2, Barriers: 0, Oops: 2, ImmediateOops: 41, NonImmediateOops: No
[1,827s][debug  ][gc,nmethod     ] Register NMethod: it.unimi.dsi.fastutil.longs.LongArrayList.getLong (0x00007f376f2b0110) [0x00007f376f2b02a0, 0x00007f376f2b03c0] Compiler: c2, Barriers: 1, Oops: 1, ImmediateOops: 0, NonImmediateOops: No
[1,827s][debug  ][gc,nmethod     ] Register NMethod: java.nio.Buffer.limit (0x00007f376f2b0490) [0x00007f376f2b0620, 0x00007f376f2b0730] Compiler: c2, Barriers: 0, Oops: 0, ImmediateOops: 0, NonImmediateOops: No
[1,827s][debug  ][gc,nmethod     ] Register NMethod: java.nio.ByteBuffer.hasArray (0x00007f376f2b0810) [0x00007f376f2b09a0, 0x00007f376f2b0a90] Compiler: c2, Barriers: 1, Oops: 0, ImmediateOops: 0, NonImmediateOops: No
[1,827s][debug  ][gc,nmethod     ] Register NMethod: java.util.HashSet.isEmpty (0x00007f376f2b0b10) [0x00007f376f2b0ca0, 0x00007f376f2b0d70] Compiler: c2, Barriers: 1, Oops: 0, ImmediateOops: 0, NonImmediateOops: No
[1,828s][debug  ][gc,nmethod     ] Register NMethod: io.sirix.page.KeyValueLeafPage.setRecord (0x00007f376f2b0e10) [0x00007f376f2b0fc0, 0x00007f376f2b1398] Compiler: c2, Barriers: 5, Oops: 1, ImmediateOops: 0, NonImmediateOops: No
[1,828s][debug  ][gc,nmethod     ] Register NMethod: com.google.gson.stream.JsonReader.fillBuffer (0x00007f374ff30090) [0x00007f374ff30280, 0x00007f374ff30880] Compiler: c1, Barriers: 2, Oops: 1, ImmediateOops: 0, NonImmediateOops: No
[1,829s][debug  ][gc,director    ] Rule Major: Warmup 10%, Used: 108MB, UsedThreshold: 1536MB
[1,830s][debug  ][gc,nmethod     ] Register NMethod: com.google.gson.stream.JsonReader.doPeek (0x00007f376f2b1510) [0x00007f376f2b1780, 0x00007f376f2b2268] Compiler: c2, Barriers: 6, Oops: 2, ImmediateOops: 7, NonImmediateOops: No
[1,831s][debug  ][gc,nmethod     ] Register NMethod: io.sirix.page.KeyValueLeafPage.setRecord (0x00007f376f2b2990) [0x00007f376f2b2b40, 0x00007f376f2b30b0] Compiler: c2, Barriers: 7, Oops: 1, ImmediateOops: 2, NonImmediateOops: No
[1,833s][debug  ][gc,nmethod     ] Register NMethod: com.google.gson.stream.JsonReader.peekKeyword (0x00007f376f2b3210) [0x00007f376f2b3400, 0x00007f376f2b3a80] Compiler: c2, Barriers: 5, Oops: 2, ImmediateOops: 6, NonImmediateOops: No
[1,839s][debug  ][gc,nmethod     ] Register NMethod: java.lang.String.<init> (0x00007f376f2b3e90) [0x00007f376f2b40c0, 0x00007f376f2b4eb0] Compiler: c2, Barriers: 12, Oops: 1, ImmediateOops: 2, NonImmediateOops: No
[1,839s][debug  ][gc,nmethod     ] Register NMethod: java.nio.ByteBuffer.limit (0x00007f376f2b5390) [0x00007f376f2b5520, 0x00007f376f2b5630] Compiler: c2, Barriers: 0, Oops: 0, ImmediateOops: 0, NonImmediateOops: No
[1,839s][debug  ][gc,nmethod     ] Register NMethod: io.sirix.node.delegates.StructNodeDelegate.<init> (0x00007f376f2b5710) [0x00007f376f2b58a0, 0x00007f376f2b59e8] Compiler: c2, Barriers: 3, Oops: 1, ImmediateOops: 0, NonImmediateOops: No
[1,839s][debug  ][gc,director    ] Rule Major: Warmup 10%, Used: 114MB, UsedThreshold: 1536MB
[1,840s][debug  ][gc,nmethod     ] Register NMethod: io.sirix.node.delegates.NodeDelegate.<init> (0x00007f376f2b5a90) [0x00007f376f2b5c20, 0x00007f376f2b5e18] Compiler: c2, Barriers: 6, Oops: 1, ImmediateOops: 1, NonImmediateOops: No
[1,840s][debug  ][gc,nmethod     ] Register NMethod: io.sirix.node.xml.AbstractStructForwardingNode.incrementChildCount (0x00007f376f2b5f10) [0x00007f376f2b60a0, 0x00007f376f2b6158] Compiler: c2, Barriers: 0, Oops: 1, ImmediateOops: 0, NonImmediateOops: No
[1,840s][debug  ][gc,nmethod     ] Register NMethod: io.sirix.node.xml.AbstractStructForwardingNode.hasLeftSibling (0x00007f376f2b6210) [0x00007f376f2b63a0, 0x00007f376f2b6470] Compiler: c2, Barriers: 0, Oops: 1, ImmediateOops: 1, NonImmediateOops: No
[1,840s][debug  ][gc,nmethod     ] Register NMethod: java.nio.ByteBuffer.rewind (0x00007f376f2b6590) [0x00007f376f2b6700, 0x00007f376f2b6788] Compiler: c2, Barriers: 0, Oops: 0, ImmediateOops: 0, NonImmediateOops: No
[1,840s][debug  ][gc,nmethod     ] Register NMethod: io.sirix.node.delegates.NodeDelegate.getKind (0x00007f376f2b6890) [0x00007f376f2b6a00, 0x00007f376f2b6a80] Compiler: c2, Barriers: 0, Oops: 1, ImmediateOops: 1, NonImmediateOops: No
[1,841s][debug  ][gc,nmethod     ] Register NMethod: net.openhft.hashing.UnsafeAccess.byteOrder (0x00007f376f2b6b90) [0x00007f376f2b6d00, 0x00007f376f2b6d80] Compiler: c2, Barriers: 0, Oops: 1, ImmediateOops: 1, NonImmediateOops: No
[1,841s][debug  ][gc,nmethod     ] Register NMethod: io.sirix.access.trx.node.AbstractNodeReadOnlyTrx.storeDeweyIDs (0x00007f376f2b6e90) [0x00007f376f2b7020, 0x00007f376f2b7180] Compiler: c2, Barriers: 2, Oops: 1, ImmediateOops: 0, NonImmediateOops: No
[1,843s][debug  ][gc,nmethod     ] Register NMethod: io.sirix.access.trx.node.json.JsonNodeTrxImpl.adaptForInsert (0x00007f376f2b7290) [0x00007f376f2b74a0, 0x00007f376f2b79a8] Compiler: c2, Barriers: 2, Oops: 2, ImmediateOops: 2, NonImmediateOops: No
[1,843s][debug  ][gc,nmethod     ] Register NMethod: io.sirix.node.xml.AbstractStructForwardingNode.setLastChildKey (0x00007f376f2b7e10) [0x00007f376f2b7fa0, 0x00007f376f2b8098] Compiler: c2, Barriers: 0, Oops: 1, ImmediateOops: 1, NonImmediateOops: No
[1,844s][debug  ][gc,nmethod     ] Register NMethod: io.sirix.access.trx.page.NodePageTrx.createRecord (0x00007f376f2b8190) [0x00007f376f2b8620, 0x00007f376f2bab68] Compiler: c2, Barriers: 55, Oops: 7, ImmediateOops: 6, NonImmediateOops: No
[1,844s][debug  ][gc,nmethod     ] Register NMethod: io.sirix.access.trx.node.AbstractNodeHashing.adaptHashesWithAdd (0x00007f376f2bc210) [0x00007f376f2bc3c0, 0x00007f376f2bc548] Compiler: c2, Barriers: 1, Oops: 2, ImmediateOops: 1, NonImmediateOops: No
[1,844s][debug  ][gc,nmethod     ] Register NMethod: net.openhft.hashing.LongHashFunction.unsafeHash (0x00007f376f2bc690) [0x00007f376f2bc820, 0x00007f376f2bc8e0] Compiler: c2, Barriers: 0, Oops: 1, ImmediateOops: 2, NonImmediateOops: No
[1,844s][debug  ][gc,nmethod     ] Register NMethod: net.openhft.hashing.LongHashFunction.hashByteBuffer (0x00007f376f2bca10) [0x00007f376f2bcba0, 0x00007f376f2bcd48] Compiler: c2, Barriers: 1, Oops: 1, ImmediateOops: 2, NonImmediateOops: No
[1,845s][debug  ][gc,nmethod     ] Register NMethod: io.sirix.access.trx.node.AbstractNodeReadOnlyTrx.getNodeKey (0x00007f376f2bcf10) [0x00007f376f2bd0a0, 0x00007f376f2bd198] Compiler: c2, Barriers: 1, Oops: 1, ImmediateOops: 0, NonImmediateOops: No
[1,845s][debug  ][gc,nmethod     ] Register NMethod: net.openhft.hashing.XXH3$AsLongHashFunction.hash (0x00007f376f2bd290) [0x00007f376f2bd420, 0x00007f376f2bd528] Compiler: c2, Barriers: 0, Oops: 3, ImmediateOops: 1, NonImmediateOops: No
[1,845s][debug  ][gc,nmethod     ] Register NMethod: net.openhft.hashing.XXH3.access$500 (0x00007f376f2bd690) [0x00007f376f2bd820, 0x00007f376f2bd8b0] Compiler: c2, Barriers: 0, Oops: 1, ImmediateOops: 0, NonImmediateOops: No
[1,845s][debug  ][gc,nmethod     ] Register NMethod: io.sirix.access.trx.node.AbstractIndexController.notifyChange (0x00007f376f2bd990) [0x00007f376f2bdb20, 0x00007f376f2bdcf8] Compiler: c2, Barriers: 2, Oops: 1, ImmediateOops: 0, NonImmediateOops: No
[1,846s][debug  ][gc,nmethod     ] Register NMethod: io.sirix.access.trx.node.AbstractNodeTrxImpl.intermediateCommitIfRequired (0x00007f376f2bde90) [0x00007f376f2be020, 0x00007f376f2be180] Compiler: c2, Barriers: 1, Oops: 1, ImmediateOops: 0, NonImmediateOops: No
[1,846s][debug  ][gc,nmethod     ] Register NMethod: io.sirix.access.trx.node.AbstractNodeTrxImpl.checkAccessAndCommit (0x00007f376f2be290) [0x00007f376f2be440, 0x00007f376f2be680] Compiler: c2, Barriers: 3, Oops: 2, ImmediateOops: 1, NonImmediateOops: No
[1,846s][debug  ][gc,nmethod     ] Register NMethod: io.sirix.access.trx.node.AbstractDeweyIDManager.newRightSiblingID (0x00007f376f2be890) [0x00007f376f2bea40, 0x00007f376f2becd0] Compiler: c2, Barriers: 4, Oops: 1, ImmediateOops: 0, NonImmediateOops: No
[1,847s][debug  ][gc,nmethod     ] Register NMethod: io.sirix.node.xml.AbstractStructForwardingNode.getLeftSiblingKey (0x00007f376f2bef10) [0x00007f376f2bf0a0, 0x00007f376f2bf158] Compiler: c2, Barriers: 0, Oops: 1, ImmediateOops: 0, NonImmediateOops: No
[1,847s][debug  ][gc,nmethod     ] Register NMethod: io.sirix.node.xml.AbstractStructForwardingNode.setRightSiblingKey (0x00007f376f2bf210) [0x00007f376f2bf3a0, 0x00007f376f2bf458] Compiler: c2, Barriers: 0, Oops: 1, ImmediateOops: 0, NonImmediateOops: No
[1,847s][debug  ][gc,nmethod     ] Register NMethod: io.sirix.access.trx.node.json.JsonNodeReadOnlyTrxImpl.isObjectKey (0x00007f376f2bf590) [0x00007f376f2bf720, 0x00007f376f2bf840] Compiler: c2, Barriers: 1, Oops: 1, ImmediateOops: 0, NonImmediateOops: No
[1,850s][debug  ][gc,director    ] Rule Major: Warmup 10%, Used: 118MB, UsedThreshold: 1536MB
[1,850s][debug  ][gc,nmethod     ] Register NMethod: io.sirix.service.json.shredder.JsonShredder.adaptTrxPosAndStack (0x00007f376f2bf990) [0x00007f376f2bfb60, 0x00007f376f2bffc0] Compiler: c2, Barriers: 4, Oops: 1, ImmediateOops: 0, NonImmediateOops: No
[1,850s][debug  ][gc,nmethod     ] Register NMethod: io.sirix.node.json.AbstractBooleanNode.delegate (0x00007f376f2c0390) [0x00007f376f2c0520, 0x00007f376f2c0620] Compiler: c2, Barriers: 2, Oops: 1, ImmediateOops: 0, NonImmediateOops: No
[1,850s][debug  ][gc,nmethod     ] Register NMethod: io.sirix.access.trx.node.json.JsonNodeReadOnlyTrxImpl.isArray (0x00007f376f2c0710) [0x00007f376f2c08a0, 0x00007f376f2c09b8] Compiler: c2, Barriers: 1, Oops: 1, ImmediateOops: 0, NonImmediateOops: No
[1,850s][debug  ][gc,nmethod     ] Register NMethod: io.sirix.access.trx.node.json.JsonNodeTrxImpl.checkPrecondition (0x00007f376f2c0b10) [0x00007f376f2c0ca0, 0x00007f376f2c0d90] Compiler: c2, Barriers: 1, Oops: 1, ImmediateOops: 0, NonImmediateOops: No
[1,851s][debug  ][gc,nmethod     ] Register NMethod: net.openhft.hashing.XXH3.XXH3_avalanche (0x00007f376f2c0e90) [0x00007f376f2c1000, 0x00007f376f2c1088] Compiler: c2, Barriers: 0, Oops: 1, ImmediateOops: 0, NonImmediateOops: No
[1,851s][debug  ][gc,nmethod     ] Register NMethod: com.google.gson.stream.JsonReader.nextString (0x00007f376f2c1190) [0x00007f376f2c1340, 0x00007f376f2c1570] Compiler: c2, Barriers: 1, Oops: 1, ImmediateOops: 0, NonImmediateOops: No
[1,852s][debug  ][gc,nmethod     ] Register NMethod: java.lang.CharacterDataLatin1.digit (0x00007f376f2c1710) [0x00007f376f2c18a0, 0x00007f376f2c19a8] Compiler: c2, Barriers: 0, Oops: 1, ImmediateOops: 1, NonImmediateOops: No
[1,852s][debug  ][gc,nmethod     ] Register NMethod: java.lang.String.<init> (0x00007f376f2c1a90) [0x00007f376f2c1c20, 0x00007f376f2c1d08] Compiler: c2, Barriers: 0, Oops: 0, ImmediateOops: 0, NonImmediateOops: No
[1,853s][debug  ][gc,nmethod     ] Register NMethod: java.lang.String.encode (0x00007f376f2c1e10) [0x00007f376f2c1fc0, 0x00007f376f2c2298] Compiler: c2, Barriers: 0, Oops: 1, ImmediateOops: 1, NonImmediateOops: No
[1,854s][debug  ][gc,nmethod     ] Register NMethod: java.lang.String.encodeUTF8 (0x00007f376f2c2490) [0x00007f376f2c2640, 0x00007f376f2c28e0] Compiler: c2, Barriers: 0, Oops: 0, ImmediateOops: 0, NonImmediateOops: No
[1,854s][debug  ][gc,nmethod     ] Register NMethod: net.openhft.chronicle.core.io.AbstractReferenceCounted.refCount (0x00007f376f2c2a90) [0x00007f376f2c2c20, 0x00007f376f2c2d10] Compiler: c2, Barriers: 1, Oops: 1, ImmediateOops: 0, NonImmediateOops: No
[1,855s][debug  ][gc,nmethod     ] Register NMethod: io.sirix.access.trx.node.json.JsonNodeTrxImpl.insertAsSibling (0x00007f376f2c2e10) [0x00007f376f2c32a0, 0x00007f376f2c4ca8] Compiler: c2, Barriers: 42, Oops: 5, ImmediateOops: 9, NonImmediateOops: No
[1,857s][debug  ][gc,nmethod     ] Register NMethod: net.openhft.chronicle.bytes.internal.BytesInternal.writeStopBit (0x00007f376f2c5f10) [0x00007f376f2c6140, 0x00007f376f2c6788] Compiler: c2, Barriers: 5, Oops: 2, ImmediateOops: 0, NonImmediateOops: No
[1,857s][debug  ][gc,nmethod     ] Register NMethod: net.openhft.chronicle.core.util.StringUtils.getStringCoderForStringOrStringBuilder (0x00007f376f2c6d10) [0x00007f376f2c6ea0, 0x00007f376f2c6f70] Compiler: c2, Barriers: 0, Oops: 2, ImmediateOops: 1, NonImmediateOops: No
[1,858s][debug  ][gc,nmethod     ] Register NMethod: jdk.internal.reflect.MethodHandleByteFieldAccessorImpl.getByte (0x00007f376f2c7090) [0x00007f376f2c7260, 0x00007f376f2c75a8] Compiler: c2, Barriers: 4, Oops: 2, ImmediateOops: 1, NonImmediateOops: No
[1,859s][debug  ][gc,nmethod     ] Register NMethod: io.sirix.node.delegates.ValueNodeDelegate.<init> (0x00007f376f2c7810) [0x00007f376f2c79a0, 0x00007f376f2c7b88] Compiler: c2, Barriers: 6, Oops: 1, ImmediateOops: 0, NonImmediateOops: No
[1,860s][debug  ][gc,director    ] Rule Major: Warmup 10%, Used: 122MB, UsedThreshold: 1536MB
[1,862s][debug  ][gc,nmethod     ] Register NMethod: net.openhft.chronicle.bytes.internal.BytesInternal.writeUtf8 (0x00007f376f2c7c90) [0x00007f376f2c7f00, 0x00007f376f2c8c00] Compiler: c2, Barriers: 8, Oops: 3, ImmediateOops: 1, NonImmediateOops: No
[1,865s][debug  ][gc,nmethod     ] Register NMethod: io.sirix.access.trx.node.json.JsonNodeFactoryImpl.createJsonStringNode (0x00007f376f2c9710) [0x00007f376f2c9940, 0x00007f376f2ca0c0] Compiler: c2, Barriers: 19, Oops: 2, ImmediateOops: 3, NonImmediateOops: No
[1,870s][debug  ][gc,director    ] Rule Major: Warmup 10%, Used: 130MB, UsedThreshold: 1536MB
[1,873s][debug  ][gc,nmethod     ] Register NMethod: io.sirix.service.json.shredder.JsonShredder.processString (0x00007f376f2ca590) [0x00007f376f2ca9c0, 0x00007f376f2cc6e8] Compiler: c2, Barriers: 31, Oops: 5, ImmediateOops: 3, NonImmediateOops: No
[1,874s][debug  ][gc,nmethod     ] Register NMethod: io.sirix.page.PageReference.getKey (0x00007f376f2cdd10) [0x00007f376f2cdea0, 0x00007f376f2cdf60] Compiler: c1, Barriers: 0, Oops: 1, ImmediateOops: 0, NonImmediateOops: No
[1,879s][debug  ][gc,nmethod     ] Register NMethod: io.sirix.node.json.AbstractStringNode.computeHash (0x00007f376f2ce010) [0x00007f376f2ce540, 0x00007f376f2d13a0] Compiler: c2, Barriers: 43, Oops: 3, ImmediateOops: 5, NonImmediateOops: No
[1,880s][debug  ][gc,director    ] Rule Major: Warmup 10%, Used: 136MB, UsedThreshold: 1536MB
[1,881s][debug  ][gc,nmethod     ] Register NMethod: io.sirix.service.json.shredder.JsonShredder.insertStringValue (0x00007f376f2d3190) [0x00007f376f2d3560, 0x00007f376f2d4ed0] Compiler: c2, Barriers: 29, Oops: 3, ImmediateOops: 3, NonImmediateOops: No
[1,883s][debug  ][gc,nmethod     ] Register NMethod: com.google.gson.stream.JsonReader.peekNumber (0x00007f376f2d6210) [0x00007f376f2d63e0, 0x00007f376f2d68f8] Compiler: c2, Barriers: 1, Oops: 1, ImmediateOops: 0, NonImmediateOops: No
[1,883s][debug  ][gc,nmethod     ] Register NMethod: java.lang.Integer.parseInt (0x00007f376f2d6c90) [0x00007f376f2d6e40, 0x00007f376f2d7320] Compiler: c2, Barriers: 1, Oops: 1, ImmediateOops: 1, NonImmediateOops: No
[1,883s][debug  ][gc,nmethod     ] Register NMethod: java.lang.invoke.MethodHandleImpl.profileBoolean (0x00007f376f2d7710) [0x00007f376f2d78a0, 0x00007f376f2d79a0] Compiler: c2, Barriers: 0, Oops: 0, ImmediateOops: 0, NonImmediateOops: No
[1,883s][debug  ][gc,nmethod     ] Register NMethod: com.google.gson.stream.JsonReader.nextNull (0x00007f376f2d7a90) [0x00007f376f2d7c20, 0x00007f376f2d7d80] Compiler: c2, Barriers: 1, Oops: 1, ImmediateOops: 0, NonImmediateOops: No
[1,890s][debug  ][gc,director    ] Rule Major: Warmup 10%, Used: 142MB, UsedThreshold: 1536MB
[1,891s][debug  ][gc,nmethod     ] Register NMethod: io.sirix.service.json.shredder.JsonShredder.processNull (0x00007f376f2d7e90) [0x00007f376f2d8280, 0x00007f376f2d9df8] Compiler: c2, Barriers: 39, Oops: 6, ImmediateOops: 6, NonImmediateOops: No
[1,892s][debug  ][gc,nmethod     ] Register NMethod: io.sirix.service.json.shredder.JsonShredder.insertNewContent (0x00007f374ff30a10) [0x00007f374ff30d60, 0x00007f374ff31dd0] Compiler: c1, Barriers: 7, Oops: 1, ImmediateOops: 2, NonImmediateOops: No
[1,892s][debug  ][gc,nmethod     ] Register NMethod: io.sirix.service.json.shredder.JsonShredder.insertNullValue (0x00007f376f2db210) [0x00007f376f2db5e0, 0x00007f376f2dcee0] Compiler: c2, Barriers: 38, Oops: 4, ImmediateOops: 6, NonImmediateOops: No
[1,893s][debug  ][gc,nmethod     ] Register NMethod: java.lang.Long.stringSize (0x00007f376f2de110) [0x00007f376f2de2a0, 0x00007f376f2de480] Compiler: c2, Barriers: 0, Oops: 0, ImmediateOops: 0, NonImmediateOops: No
[1,893s][debug  ][gc,nmethod     ] Register NMethod: io.sirix.service.json.shredder.JsonShredder.insertNewContent (0x00007f374ff32610) [0x00007f374ff32940, 0x00007f374ff33908] Compiler: c1, Barriers: 7, Oops: 1, ImmediateOops: 2, NonImmediateOops: No
[1,897s][debug  ][gc,nmethod     ] Register NMethod: io.sirix.access.trx.node.json.JsonNodeTrxImpl.insertNullValueAsRightSibling (0x00007f376f2de510) [0x00007f376f2de820, 0x00007f376f2df798] Compiler: c2, Barriers: 28, Oops: 3, ImmediateOops: 4, NonImmediateOops: No
[1,899s][debug  ][gc,nmethod     ] Register NMethod: io.sirix.access.trx.node.json.JsonNodeFactoryImpl.createJsonNullNode (0x00007f376f2e0390) [0x00007f376f2e05a0, 0x00007f376f2e0ba8] Compiler: c2, Barriers: 13, Oops: 2, ImmediateOops: 3, NonImmediateOops: No
[1,899s][debug  ][gc,nmethod     ] Rebuilding NMethod Table: 4096->4096 entries, 2639(64%->64%) registered, 229(6%->0%) unregistered
[1,900s][debug  ][gc,nmethod     ] Register NMethod: java.lang.invoke.LambdaForm$MH/0x0000000080352800.invoke (0x00007f376f2e0f90) [0x00007f376f2e1140, 0x00007f376f2e1300] Compiler: c2, Barriers: 2, Oops: 1, ImmediateOops: 0, NonImmediateOops: No
[1,900s][debug  ][gc,nmethod     ] Register NMethod: java.lang.invoke.LambdaForm$DMH/0x000000008010d800.invokeSpecial (0x00007f376f2e1490) [0x00007f376f2e1620, 0x00007f376f2e1758] Compiler: c2, Barriers: 1, Oops: 1, ImmediateOops: 0, NonImmediateOops: No
[1,900s][debug  ][gc,director    ] Rule Major: Warmup 10%, Used: 150MB, UsedThreshold: 1536MB
[1,900s][debug  ][gc,nmethod     ] Register NMethod: java.lang.invoke.DelegatingMethodHandle$Holder.delegate (0x00007f376f2e1890) [0x00007f376f2e1a20, 0x00007f376f2e1b68] Compiler: c2, Barriers: 1, Oops: 0, ImmediateOops: 0, NonImmediateOops: No
[1,904s][debug  ][gc,nmethod     ] Register NMethod: io.sirix.access.trx.node.json.JsonNodeTrxImpl.insertStringValueAsRightSibling (0x00007f376f2e1c90) [0x00007f376f2e1f40, 0x00007f376f2e2d50] Compiler: c2, Barriers: 17, Oops: 2, ImmediateOops: 1, NonImmediateOops: No
[1,904s][debug  ][gc,nmethod     ] Register NMethod: io.sirix.access.trx.node.AbstractNodeReadOnlyTrx.moveToParent (0x00007f376f2e3910) [0x00007f376f2e3aa0, 0x00007f376f2e3bb8] Compiler: c2, Barriers: 1, Oops: 1, ImmediateOops: 0, NonImmediateOops: No
[1,905s][debug  ][gc,nmethod     ] Register NMethod: java.lang.invoke.LambdaForm$MH/0x0000000080374800.invoke (0x00007f376f2e3d10) [0x00007f376f2e3ea0, 0x00007f376f2e3f40] Compiler: c2, Barriers: 0, Oops: 5, ImmediateOops: 0, NonImmediateOops: No
[1,906s][debug  ][gc,nmethod     ] Register NMethod: io.sirix.node.json.AbstractNullNode.computeHash (0x00007f376f2e4090) [0x00007f376f2e4660, 0x00007f376f2e7b80] Compiler: c2, Barriers: 57, Oops: 2, ImmediateOops: 4, NonImmediateOops: No
[1,906s][debug  ][gc,nmethod     ] Register NMethod: java.lang.invoke.LambdaForm$MH/0x0000000080353c00.guard (0x00007f376f2e9a10) [0x00007f376f2e9c00, 0x00007f376f2ea060] Compiler: c2, Barriers: 4, Oops: 1, ImmediateOops: 0, NonImmediateOops: No
[1,907s][debug  ][gc,nmethod     ] Register NMethod: java.lang.Long.getChars (0x00007f376f2ea390) [0x00007f376f2ea540, 0x00007f376f2ea890] Compiler: c2, Barriers: 0, Oops: 1, ImmediateOops: 2, NonImmediateOops: No
[1,908s][debug  ][gc,nmethod     ] Register NMethod: com.google.gson.stream.JsonReader.isLiteral (0x00007f376f2eab90) [0x00007f376f2ead00, 0x00007f376f2eada0] Compiler: c2, Barriers: 0, Oops: 1, ImmediateOops: 0, NonImmediateOops: No
[1,908s][debug  ][gc,nmethod     ] Register NMethod: io.sirix.index.path.summary.PathSummaryReader.moveTo (0x00007f376f2eae90) [0x00007f376f2eb0a0, 0x00007f376f2eb7a8] Compiler: c2, Barriers: 16, Oops: 2, ImmediateOops: 1, NonImmediateOops: No
[1,908s][debug  ][gc,nmethod     ] Register NMethod: java.util.ArrayList$Itr.next (0x00007f376f2ebb10) [0x00007f376f2ebca0, 0x00007f376f2ebeb8] Compiler: c2, Barriers: 3, Oops: 0, ImmediateOops: 0, NonImmediateOops: No
[1,908s][debug  ][gc,nmethod     ] Register NMethod: io.sirix.axis.AbstractAxis.nextLong (0x00007f376f2ec010) [0x00007f376f2ec1c0, 0x00007f376f2ec438] Compiler: c2, Barriers: 4, Oops: 1, ImmediateOops: 1, NonImmediateOops: No
[1,908s][debug  ][gc,nmethod     ] Register NMethod: java.util.BitSet.checkInvariants (0x00007f376f2ec590) [0x00007f376f2ec700, 0x00007f376f2ec778] Compiler: c2, Barriers: 0, Oops: 0, ImmediateOops: 0, NonImmediateOops: No
[1,908s][debug  ][gc,nmethod     ] Register NMethod: it.unimi.dsi.fastutil.HashCommon.mix (0x00007f376f2ec890) [0x00007f376f2eca00, 0x00007f376f2eca78] Compiler: c2, Barriers: 0, Oops: 1, ImmediateOops: 0, NonImmediateOops: No
[1,909s][debug  ][gc,nmethod     ] Register NMethod: java.lang.Integer.valueOf (0x00007f376f2ecb90) [0x00007f376f2ecd20, 0x00007f376f2ece58] Compiler: c2, Barriers: 1, Oops: 0, ImmediateOops: 1, NonImmediateOops: No
[1,910s][debug  ][gc,director    ] Rule Major: Warmup 10%, Used: 156MB, UsedThreshold: 1536MB
[1,916s][debug  ][gc,nmethod     ] Register NMethod: net.openhft.chronicle.bytes.AbstractBytes.writeInt (0x00007f376f2ecf10) [0x00007f376f2ed100, 0x00007f376f2ed620] Compiler: c2, Barriers: 5, Oops: 2, ImmediateOops: 0, NonImmediateOops: No
[1,916s][debug  ][gc,nmethod     ] Register NMethod: net.openhft.chronicle.bytes.internal.HeapBytesStore.writeInt (0x00007f376f2eda90) [0x00007f376f2edc20, 0x00007f376f2ede88] Compiler: c2, Barriers: 3, Oops: 2, ImmediateOops: 0, NonImmediateOops: No
[1,917s][debug  ][gc,nmethod     ] Register NMethod: net.openhft.chronicle.bytes.internal.HeapBytesStore.writeInt (0x00007f376f2ee090) [0x00007f376f2ee220, 0x00007f376f2ee488] Compiler: c2, Barriers: 3, Oops: 2, ImmediateOops: 0, NonImmediateOops: No
[1,917s][debug  ][gc,nmethod     ] Register NMethod: net.openhft.chronicle.core.UnsafeMemory.writeInt (0x00007f376f2ee690) [0x00007f376f2ee800, 0x00007f376f2ee898] Compiler: c2, Barriers: 0, Oops: 2, ImmediateOops: 0, NonImmediateOops: No
[1,920s][debug  ][gc,nmethod     ] Register NMethod: io.sirix.service.json.shredder.JsonShredder.processNumber (0x00007f376f2ee990) [0x00007f376f2eee00, 0x00007f376f2f1080] Compiler: c2, Barriers: 44, Oops: 7, ImmediateOops: 8, NonImmediateOops: No
[1,921s][debug  ][gc,director    ] Rule Major: Warmup 10%, Used: 164MB, UsedThreshold: 1536MB
[1,921s][debug  ][gc,nmethod     ] Register NMethod: io.sirix.service.json.JsonNumber.stringToNumber (0x00007f376f2f2890) [0x00007f376f2f2a60, 0x00007f376f2f2d68] Compiler: c2, Barriers: 2, Oops: 2, ImmediateOops: 2, NonImmediateOops: No
[1,923s][debug  ][gc,nmethod     ] Register NMethod: java.lang.invoke.LambdaForm$MH/0x0000000080352400.invoke (0x00007f376f2f2f90) [0x00007f376f2f3120, 0x00007f376f2f31c0] Compiler: c2, Barriers: 0, Oops: 1, ImmediateOops: 0, NonImmediateOops: No
[1,926s][debug  ][gc,nmethod     ] Register NMethod: java.lang.Long.toString (0x00007f376f2f3290) [0x00007f376f2f3460, 0x00007f376f2f3d58] Compiler: c2, Barriers: 2, Oops: 1, ImmediateOops: 2, NonImmediateOops: No
[1,928s][debug  ][gc,nmethod     ] Register NMethod: io.sirix.axis.AbstractAxis.<init> (0x00007f376f2f4110) [0x00007f376f2f4300, 0x00007f376f2f4810] Compiler: c2, Barriers: 17, Oops: 1, ImmediateOops: 2, NonImmediateOops: No
[1,931s][debug  ][gc,director    ] Rule Major: Warmup 10%, Used: 172MB, UsedThreshold: 1536MB
[1,938s][debug  ][gc,nmethod     ] Register NMethod: io.sirix.node.json.AbstractNumberNode.computeHash (0x00007f376f2f4a10) [0x00007f376f2f5060, 0x00007f376f2f8b38] Compiler: c2, Barriers: 63, Oops: 14, ImmediateOops: 4, NonImmediateOops: No
[1,939s][debug  ][gc,nmethod     ] Register NMethod: java.util.ArrayList.grow (0x00007f376f2fae90) [0x00007f376f2fb040, 0x00007f376f2fb6a0] Compiler: c2, Barriers: 8, Oops: 0, ImmediateOops: 1, NonImmediateOops: No
[1,941s][debug  ][gc,director    ] Rule Major: Warmup 10%, Used: 180MB, UsedThreshold: 1536MB
[1,941s][debug  ][gc,nmethod     ] Register NMethod: java.nio.Buffer.flip (0x00007f374ff34110) [0x00007f374ff342a0, 0x00007f374ff343b8] Compiler: c1, Barriers: 0, Oops: 0, ImmediateOops: 0, NonImmediateOops: No
[1,942s][debug  ][gc,nmethod     ] Register NMethod: io.sirix.page.IndirectPage.delegate (0x00007f376f2fb810) [0x00007f376f2fb9a0, 0x00007f376f2fba90] Compiler: c1, Barriers: 1, Oops: 1, ImmediateOops: 0, NonImmediateOops: No
[1,946s][debug  ][gc,nmethod     ] Register NMethod: com.google.gson.stream.JsonReader.nextBoolean (0x00007f376f2fbb10) [0x00007f376f2fbca0, 0x00007f376f2fbe60] Compiler: c2, Barriers: 1, Oops: 1, ImmediateOops: 0, NonImmediateOops: No
[1,946s][debug  ][gc,nmethod     ] Register NMethod: java.nio.ByteBuffer.flip (0x00007f374ff34490) [0x00007f374ff34620, 0x00007f374ff34798] Compiler: c1, Barriers: 0, Oops: 0, ImmediateOops: 0, NonImmediateOops: No
[1,948s][debug  ][gc,nmethod     ] Register NMethod: io.sirix.cache.PageContainer.getComplete (0x00007f376f2fbf90) [0x00007f376f2fc120, 0x00007f376f2fc210] Compiler: c1, Barriers: 1, Oops: 1, ImmediateOops: 0, NonImmediateOops: No
[1,950s][debug  ][gc,nmethod     ] Register NMethod: io.sirix.node.xml.AbstractStructForwardingNode.getFirstChildKey (0x00007f376f2fc290) [0x00007f376f2fc420, 0x00007f376f2fc4d8] Compiler: c2, Barriers: 0, Oops: 1, ImmediateOops: 0, NonImmediateOops: No
[1,951s][debug  ][gc,director    ] Rule Major: Warmup 10%, Used: 188MB, UsedThreshold: 1536MB
[1,960s][debug  ][gc,nmethod     ] Register NMethod: io.sirix.service.json.shredder.JsonShredder.insertNewContent (0x00007f376f2fc590) [0x00007f376f2fcba0, 0x00007f376f2ff978] Compiler: c2, Barriers: 54, Oops: 7, ImmediateOops: 16, NonImmediateOops: No
[1,961s][debug  ][gc,nmethod     ] Register NMethod: io.sirix.node.xml.AbstractStructForwardingNode.setFirstChildKey (0x00007f376f301990) [0x00007f376f301b20, 0x00007f376f301bd8] Compiler: c2, Barriers: 0, Oops: 1, ImmediateOops: 0, NonImmediateOops: No
[1,961s][debug  ][gc,director    ] Rule Major: Warmup 10%, Used: 196MB, UsedThreshold: 1536MB
[1,964s][debug  ][gc,nmethod     ] Register NMethod: io.sirix.node.json.AbstractBooleanNode.computeHash (0x00007f376f301d10) [0x00007f376f302340, 0x00007f376f305d98] Compiler: c2, Barriers: 62, Oops: 2, ImmediateOops: 4, NonImmediateOops: No
[1,968s][debug  ][gc,nmethod     ] Register NMethod: java.nio.HeapCharBuffer.<init> (0x00007f374ff34890) [0x00007f374ff34a40, 0x00007f374ff34bd0] Compiler: c1, Barriers: 0, Oops: 0, ImmediateOops: 0, NonImmediateOops: No
[1,969s][debug  ][gc,nmethod     ] Register NMethod: io.sirix.service.json.shredder.JsonShredder.processBoolean (0x00007f376f307e90) [0x00007f376f3082a0, 0x00007f376f30a030] Compiler: c2, Barriers: 39, Oops: 6, ImmediateOops: 6, NonImmediateOops: No
[1,970s][debug  ][gc,alloc       ] Mutator Allocation Rate: 260,3MB/s Predicted: 338,6MB/s, Avg: 221,2(+/-39,2)MB/s
[1,970s][debug  ][gc,director    ] Rule Major: Warmup 10%, Used: 204MB, UsedThreshold: 1536MB
[1,972s][debug  ][gc,nmethod     ] Register NMethod: io.sirix.page.RevisionRootPage.getCurrentMaxLevelOfDocumentIndexIndirectPages (0x00007f376f30b590) [0x00007f376f30b720, 0x00007f376f30b7e0] Compiler: c1, Barriers: 0, Oops: 1, ImmediateOops: 0, NonImmediateOops: No
[1,978s][debug  ][gc,nmethod     ] Register NMethod: io.sirix.cache.TransactionIntentLog.get (0x00007f374ff34c90) [0x00007f374ff34e60, 0x00007f374ff351f0] Compiler: c1, Barriers: 1, Oops: 1, ImmediateOops: 0, NonImmediateOops: No
[1,981s][debug  ][gc,director    ] Rule Major: Warmup 10%, Used: 212MB, UsedThreshold: 1536MB
[1,982s][debug  ][gc,nmethod     ] Register NMethod: io.sirix.access.trx.node.json.JsonNodeTrxImpl.adaptNodesAndHashesForInsertAsChild (0x00007f376f30b890) [0x00007f376f30bb20, 0x00007f376f30c498] Compiler: c2, Barriers: 12, Oops: 3, ImmediateOops: 3, NonImmediateOops: No
[1,983s][debug  ][gc,nmethod     ] Register NMethod: java.nio.HeapCharBuffer.slice (0x00007f374ff35310) [0x00007f374ff354c0, 0x00007f374ff35780] Compiler: c1, Barriers: 2, Oops: 0, ImmediateOops: 0, NonImmediateOops: No
[1,990s][debug  ][gc,nmethod     ] Register NMethod: java.nio.Buffer.position (0x00007f376f30cb90) [0x00007f376f30cd20, 0x00007f376f30ce08] Compiler: c2, Barriers: 0, Oops: 0, ImmediateOops: 0, NonImmediateOops: No
[1,991s][debug  ][gc,director    ] Rule Major: Warmup 10%, Used: 220MB, UsedThreshold: 1536MB
[1,991s][debug  ][gc,nmethod     ] Register NMethod: io.sirix.utils.IntToObjectMap.put (0x00007f376f30cf10) [0x00007f376f30d0e0, 0x00007f376f30d510] Compiler: c2, Barriers: 7, Oops: 1, ImmediateOops: 0, NonImmediateOops: No
[2,001s][debug  ][gc,director    ] Rule Major: Warmup 10%, Used: 228MB, UsedThreshold: 1536MB
[2,003s][debug  ][gc,nmethod     ] Register NMethod: io.sirix.access.trx.node.AbstractNodeReadOnlyTrx.getParentKind (0x00007f376f30d790) [0x00007f376f30d960, 0x00007f376f30dcb0] Compiler: c2, Barriers: 6, Oops: 1, ImmediateOops: 3, NonImmediateOops: No
[2,005s][debug  ][gc,nmethod     ] Register NMethod: io.sirix.index.path.summary.PathSummaryWriter.movePathSummary (0x00007f376f30df10) [0x00007f376f30e1c0, 0x00007f376f30eb88] Compiler: c2, Barriers: 16, Oops: 4, ImmediateOops: 4, NonImmediateOops: No
[2,010s][debug  ][gc,nmethod     ] Register NMethod: io.sirix.access.trx.node.json.JsonNodeTrxImpl.getPathNodeKey (0x00007f376f30f210) [0x00007f376f30f3a0, 0x00007f376f30f4b0] Compiler: c2, Barriers: 0, Oops: 1, ImmediateOops: 0, NonImmediateOops: No
[2,011s][debug  ][gc,director    ] Rule Major: Warmup 10%, Used: 236MB, UsedThreshold: 1536MB
[2,012s][debug  ][gc,nmethod     ] Register NMethod: io.sirix.page.PageReference.setKey (0x00007f374ff35890) [0x00007f374ff35a20, 0x00007f374ff35b30] Compiler: c1, Barriers: 0, Oops: 1, ImmediateOops: 0, NonImmediateOops: No
[2,019s][debug  ][gc,nmethod     ] Register NMethod: io.sirix.index.path.summary.PathSummaryWriter.getPathNodeKey (0x00007f376f30f590) [0x00007f376f30fca0, 0x00007f376f313990] Compiler: c2, Barriers: 94, Oops: 9, ImmediateOops: 13, NonImmediateOops: No
[2,021s][debug  ][gc,director    ] Rule Major: Warmup 10%, Used: 246MB, UsedThreshold: 1536MB
[2,024s][debug  ][gc,nmethod     ] Register NMethod: io.sirix.access.trx.node.json.JsonNodeTrxImpl.insertStringValueAsFirstChild (0x00007f376f315d90) [0x00007f376f3161a0, 0x00007f376f317ea0] Compiler: c2, Barriers: 38, Oops: 4, ImmediateOops: 13, NonImmediateOops: No
[2,024s][debug  ][gc,nmethod     ] Register NMethod: java.lang.AbstractStringBuilder.appendChars (0x00007f376f319310) [0x00007f376f3194a0, 0x00007f376f319810] Compiler: c2, Barriers: 1, Oops: 0, ImmediateOops: 0, NonImmediateOops: No
[2,031s][debug  ][gc,director    ] Rule Major: Warmup 10%, Used: 254MB, UsedThreshold: 1536MB
[2,032s][debug  ][gc,nmethod     ] Register NMethod: java.nio.Buffer.discardMark (0x00007f374ff35c10) [0x00007f374ff35da0, 0x00007f374ff35ea8] Compiler: c1, Barriers: 0, Oops: 0, ImmediateOops: 0, NonImmediateOops: No
[2,033s][debug  ][gc,nmethod     ] Register NMethod: java.nio.ByteBuffer.array (0x00007f376f319990) [0x00007f376f319b20, 0x00007f376f319c08] Compiler: c2, Barriers: 1, Oops: 0, ImmediateOops: 0, NonImmediateOops: No
[2,037s][debug  ][gc,nmethod     ] Register NMethod: java.nio.HeapByteBuffer.compact (0x00007f374ff35f10) [0x00007f374ff36120, 0x00007f374ff36740] Compiler: c1, Barriers: 1, Oops: 0, ImmediateOops: 0, NonImmediateOops: No
[2,041s][debug  ][gc,nmethod     ] Register NMethod: java.io.FileInputStream.available0 (0x00007f376f319c90) [0x00007f376f319e20, 0x00007f376f319fe8] Compiler: , Barriers: 0, Oops: 0, ImmediateOops: 0, NonImmediateOops: No
[2,041s][debug  ][gc,nmethod     ] Register NMethod: java.io.FileInputStream.available (0x00007f374ff36910) [0x00007f374ff36ae0, 0x00007f374ff36ce8] Compiler: c1, Barriers: 0, Oops: 0, ImmediateOops: 0, NonImmediateOops: No
[2,041s][debug  ][gc,director    ] Rule Major: Warmup 10%, Used: 262MB, UsedThreshold: 1536MB
[2,047s][debug  ][gc,nmethod     ] Register NMethod: io.sirix.page.PageReference.<init> (0x00007f374ff36e10) [0x00007f374ff36fe0, 0x00007f374ff37418] Compiler: c1, Barriers: 6, Oops: 1, ImmediateOops: 1, NonImmediateOops: No
[2,049s][debug  ][gc,nmethod     ] Register NMethod: io.sirix.access.trx.node.json.JsonNodeTrxImpl.getPathNodeKey (0x00007f376f31a010) [0x00007f376f31a240, 0x00007f376f31a948] Compiler: c2, Barriers: 17, Oops: 1, ImmediateOops: 5, NonImmediateOops: No
[2,051s][debug  ][gc,director    ] Rule Major: Warmup 10%, Used: 270MB, UsedThreshold: 1536MB
[2,054s][debug  ][gc,nmethod     ] Register NMethod: java.io.InputStreamReader.read (0x00007f374ff37590) [0x00007f374ff37740, 0x00007f374ff378c8] Compiler: c1, Barriers: 1, Oops: 0, ImmediateOops: 0, NonImmediateOops: No
[2,055s][debug  ][gc,nmethod     ] Register NMethod: sun.nio.cs.StreamDecoder.read (0x00007f374ff37990) [0x00007f374ff37c60, 0x00007f374ff38c90] Compiler: c1, Barriers: 9, Oops: 0, ImmediateOops: 0, NonImmediateOops: No
[2,055s][debug  ][gc,nmethod     ] Register NMethod: sun.nio.cs.StreamDecoder.lockedRead (0x00007f374ff39190) [0x00007f374ff39400, 0x00007f374ff39ee0] Compiler: c1, Barriers: 1, Oops: 0, ImmediateOops: 1, NonImmediateOops: No
[2,055s][debug  ][gc,nmethod     ] Register NMethod: sun.nio.cs.StreamDecoder.implRead (0x00007f374ff3a210) [0x00007f374ff3a4c0, 0x00007f374ff3b278] Compiler: c1, Barriers: 4, Oops: 0, ImmediateOops: 0, NonImmediateOops: No
[2,062s][debug  ][gc,director    ] Rule Major: Warmup 10%, Used: 280MB, UsedThreshold: 1536MB
[2,063s][debug  ][gc,nmethod     ] Register NMethod: io.sirix.access.trx.page.NodePageReadOnlyTrx.getResourceSession (0x00007f374ff3b710) [0x00007f374ff3b8c0, 0x00007f374ff3bb80] Compiler: c1, Barriers: 1, Oops: 1, ImmediateOops: 1, NonImmediateOops: No
[2,065s][debug  ][gc,nmethod     ] Register NMethod: java.lang.AbstractStringBuilder.append (0x00007f374ff3bc90) [0x00007f374ff3be60, 0x00007f374ff3c168] Compiler: c1, Barriers: 0, Oops: 1, ImmediateOops: 1, NonImmediateOops: No
[2,068s][debug  ][gc,nmethod     ] Register NMethod: io.sirix.access.trx.node.json.JsonNodeFactoryImpl.createJsonArrayNode (0x00007f376f31ae10) [0x00007f376f31b020, 0x00007f376f31b648] Compiler: c2, Barriers: 13, Oops: 2, ImmediateOops: 3, NonImmediateOops: No
[2,072s][debug  ][gc,director    ] Rule Major: Warmup 10%, Used: 288MB, UsedThreshold: 1536MB
[2,076s][debug  ][gc,nmethod     ] Register NMethod: io.sirix.page.PageReference.setLogKey (0x00007f374ff3c310) [0x00007f374ff3c4a0, 0x00007f374ff3c5b0] Compiler: c1, Barriers: 0, Oops: 1, ImmediateOops: 0, NonImmediateOops: No
[2,077s][debug  ][gc,nmethod     ] Register NMethod: io.sirix.service.json.shredder.JsonShredder.insertArray (0x00007f376f31ba10) [0x00007f376f31be40, 0x00007f376f31d8b8] Compiler: c2, Barriers: 47, Oops: 5, ImmediateOops: 11, NonImmediateOops: No
[2,082s][debug  ][gc,director    ] Rule Major: Warmup 10%, Used: 296MB, UsedThreshold: 1536MB
[2,082s][debug  ][gc,nmethod     ] Register NMethod: org.magicwerk.brownies.collections.GapList.add (0x00007f374ff3c690) [0x00007f374ff3c840, 0x00007f374ff3cac8] Compiler: c1, Barriers: 0, Oops: 1, ImmediateOops: 0, NonImmediateOops: No
[2,082s][debug  ][gc,nmethod     ] Register NMethod: org.magicwerk.brownies.collections.IList.checkIndexAdd (0x00007f374ff3cb90) [0x00007f374ff3ce00, 0x00007f374ff3d720] Compiler: c1, Barriers: 0, Oops: 4, ImmediateOops: 3, NonImmediateOops: No
[2,082s][debug  ][gc,nmethod     ] Register NMethod: org.magicwerk.brownies.collections.GapList.doEnsureCapacity (0x00007f374ff3da90) [0x00007f374ff3dca0, 0x00007f374ff3e5d0] Compiler: c1, Barriers: 6, Oops: 1, ImmediateOops: 0, NonImmediateOops: No
[2,082s][debug  ][gc,nmethod     ] Register NMethod: sun.nio.cs.StreamDecoder.inReady (0x00007f374ff3e810) [0x00007f374ff3e9e0, 0x00007f374ff3edf8] Compiler: c1, Barriers: 2, Oops: 0, ImmediateOops: 0, NonImmediateOops: No
[2,083s][debug  ][gc,nmethod     ] Register NMethod: sun.nio.cs.StreamDecoder.readBytes (0x00007f374ff3ef10) [0x00007f374ff3f280, 0x00007f374ff404a8] Compiler: c1, Barriers: 12, Oops: 0, ImmediateOops: 1, NonImmediateOops: No
[2,083s][debug  ][gc,nmethod     ] Register NMethod: org.magicwerk.brownies.collections.GapList.doAdd (0x00007f374ff40d10) [0x00007f374ff41180, 0x00007f374ff430a0] Compiler: c1, Barriers: 13, Oops: 1, ImmediateOops: 0, NonImmediateOops: No
[2,087s][debug  ][gc,nmethod     ] Register NMethod: io.sirix.cache.TransactionIntentLog.put (0x00007f374ff43910) [0x00007f374ff43ae0, 0x00007f374ff43e68] Compiler: c1, Barriers: 4, Oops: 1, ImmediateOops: 0, NonImmediateOops: No
[2,089s][debug  ][gc,nmethod     ] Register NMethod: io.sirix.cache.PageContainer.<init> (0x00007f374ff44010) [0x00007f374ff441c0, 0x00007f374ff44410] Compiler: c1, Barriers: 6, Oops: 1, ImmediateOops: 0, NonImmediateOops: No
[2,090s][debug  ][gc,nmethod     ] Register NMethod: io.sirix.cache.PageContainer.getInstance (0x00007f374ff44510) [0x00007f374ff44700, 0x00007f374ff44c18] Compiler: c1, Barriers: 6, Oops: 1, ImmediateOops: 0, NonImmediateOops: No
[2,092s][debug  ][gc,director    ] Rule Major: Warmup 10%, Used: 306MB, UsedThreshold: 1536MB
[2,100s][debug  ][gc,nmethod     ] Register NMethod: io.sirix.access.trx.page.NodePageReadOnlyTrx.getRevisionNumber (0x00007f374ff44e10) [0x00007f374ff44fe0, 0x00007f374ff452b8] Compiler: c1, Barriers: 1, Oops: 1, ImmediateOops: 1, NonImmediateOops: No
[2,102s][debug  ][gc,director    ] Rule Major: Warmup 10%, Used: 314MB, UsedThreshold: 1536MB
[2,103s][debug  ][gc,nmethod     ] Register NMethod: io.sirix.page.IndirectPage.getOrCreateReference (0x00007f374ff45410) [0x00007f374ff45660, 0x00007f374ff460e8] Compiler: c1, Barriers: 8, Oops: 1, ImmediateOops: 0, NonImmediateOops: No
[2,104s][debug  ][gc,nmethod     ] Register NMethod: io.sirix.page.KeyValueLeafPage.<init> (0x00007f374ff46310) [0x00007f374ff465a0, 0x00007f374ff47350] Compiler: c1, Barriers: 24, Oops: 1, ImmediateOops: 2, NonImmediateOops: No
[2,109s][debug  ][gc,nmethod     ] Register NMethod: io.sirix.page.UberPage.getPageCountExp (0x00007f374ff47710) [0x00007f374ff478e0, 0x00007f374ff47cb8] Compiler: c1, Barriers: 0, Oops: 1, ImmediateOops: 4, NonImmediateOops: No
[2,109s][debug  ][gc,nmethod     ] Register NMethod: io.sirix.access.trx.page.NodePageReadOnlyTrx.getCurrentMaxIndirectPageTreeLevel (0x00007f374ff47e10) [0x00007f374ff483c0, 0x00007f374ff4b0e8] Compiler: c1, Barriers: 20, Oops: 1, ImmediateOops: 6, NonImmediateOops: No
[2,110s][debug  ][gc,nmethod     ] Register NMethod: io.sirix.access.trx.page.NodePageReadOnlyTrx.getPageReference (0x00007f374ff4bf10) [0x00007f374ff4c540, 0x00007f374ff4fd00] Compiler: c1, Barriers: 28, Oops: 1, ImmediateOops: 7, NonImmediateOops: No
[2,112s][debug  ][gc,alloc       ] Mutator Allocation Rate: 338,4MB/s Predicted: 416,7MB/s, Avg: 260,3(+/-63,9)MB/s
[2,112s][debug  ][gc,director    ] Rule Major: Warmup 10%, Used: 324MB, UsedThreshold: 1536MB
[2,113s][debug  ][gc,nmethod     ] Register NMethod: java.util.BitSet.set (0x00007f374ff50c10) [0x00007f374ff50de0, 0x00007f374ff50fe0] Compiler: c1, Barriers: 0, Oops: 0, ImmediateOops: 0, NonImmediateOops: No
[2,116s][debug  ][gc,nmethod     ] Register NMethod: io.sirix.access.trx.page.NodePageReadOnlyTrx.getUberPage (0x00007f374ff51090) [0x00007f374ff51240, 0x00007f374ff51500] Compiler: c1, Barriers: 1, Oops: 1, ImmediateOops: 1, NonImmediateOops: No
[2,117s][debug  ][gc,nmethod     ] Register NMethod: io.sirix.access.trx.page.NodePageTrx$1.removeEldestEntry (0x00007f374ff51610) [0x00007f374ff517a0, 0x00007f374ff51988] Compiler: c1, Barriers: 0, Oops: 1, ImmediateOops: 0, NonImmediateOops: No
[2,118s][debug  ][gc,nmethod     ] Register NMethod: io.sirix.access.trx.page.AbstractForwardingPageReadOnlyTrx.getUberPage (0x00007f374ff51a10) [0x00007f374ff51be0, 0x00007f374ff51f58] Compiler: c1, Barriers: 2, Oops: 1, ImmediateOops: 1, NonImmediateOops: No
[2,119s][debug  ][gc,nmethod     ] Register NMethod: io.sirix.access.trx.page.NodePageTrx.appendLogRecord (0x00007f374ff52110) [0x00007f374ff522e0, 0x00007f374ff525b8] Compiler: c1, Barriers: 1, Oops: 1, ImmediateOops: 0, NonImmediateOops: No
[2,119s][debug  ][gc,nmethod     ] Register NMethod: io.sirix.access.trx.page.TreeModifierImpl.prepareLeafOfTree (0x00007f374ff52710) [0x00007f374ff52a40, 0x00007f374ff53ca0] Compiler: c1, Barriers: 15, Oops: 1, ImmediateOops: 1, NonImmediateOops: No
[2,119s][debug  ][gc,nmethod     ] Register NMethod: io.sirix.access.trx.page.NodePageTrx.lambda$prepareRecordPage$3 (0x00007f374ff54510) [0x00007f374ff54860, 0x00007f374ff55b48] Compiler: c1, Barriers: 11, Oops: 1, ImmediateOops: 3, NonImmediateOops: No
[2,119s][debug  ][gc,nmethod     ] Register NMethod: io.sirix.access.trx.page.TreeModifierImpl.prepareIndirectPage (0x00007f374ff56290) [0x00007f374ff56560, 0x00007f374ff574f0] Compiler: c1, Barriers: 11, Oops: 1, ImmediateOops: 0, NonImmediateOops: No
[2,122s][debug  ][gc,director    ] Rule Major: Warmup 10%, Used: 332MB, UsedThreshold: 1536MB
[2,123s][debug  ][gc,nmethod     ] Register NMethod: io.sirix.node.json.ArrayNode.computeHash (0x00007f376f31ef10) [0x00007f376f31f4e0, 0x00007f376f322a00] Compiler: c2, Barriers: 57, Oops: 2, ImmediateOops: 4, NonImmediateOops: No
[2,126s][debug  ][gc,nmethod     ] Register NMethod: io.sirix.page.delegates.BitmapReferencesPage.createNewReference (0x00007f374ff57a10) [0x00007f374ff57c60, 0x00007f374ff584b0] Compiler: c1, Barriers: 9, Oops: 1, ImmediateOops: 1, NonImmediateOops: No
[2,133s][debug  ][gc,director    ] Rule Major: Warmup 10%, Used: 340MB, UsedThreshold: 1536MB
[2,143s][debug  ][gc,director    ] Rule Major: Warmup 10%, Used: 348MB, UsedThreshold: 1536MB
[2,153s][debug  ][gc,director    ] Rule Major: Warmup 10%, Used: 358MB, UsedThreshold: 1536MB
[2,158s][debug  ][gc,nmethod     ] Register NMethod: java.util.BitSet.recalculateWordsInUse (0x00007f376f324890) [0x00007f376f324a20, 0x00007f376f324b90] Compiler: c2, Barriers: 1, Oops: 0, ImmediateOops: 0, NonImmediateOops: No
[2,160s][debug  ][gc,nmethod     ] Register NMethod: java.nio.ByteBuffer.arrayOffset (0x00007f376f324c90) [0x00007f376f324e20, 0x00007f376f324f08] Compiler: c2, Barriers: 1, Oops: 0, ImmediateOops: 0, NonImmediateOops: No
[2,163s][debug  ][gc,director    ] Rule Major: Warmup 10%, Used: 366MB, UsedThreshold: 1536MB
[2,164s][debug  ][gc,nmethod     ] Register NMethod: java.nio.CharBuffer.position (0x00007f376f324f90) [0x00007f376f325120, 0x00007f376f325210] Compiler: c2, Barriers: 0, Oops: 0, ImmediateOops: 0, NonImmediateOops: No
[2,173s][debug  ][gc,director    ] Rule Major: Warmup 10%, Used: 374MB, UsedThreshold: 1536MB
[2,183s][debug  ][gc,director    ] Rule Major: Warmup 10%, Used: 384MB, UsedThreshold: 1536MB
[2,193s][debug  ][gc,director    ] Rule Major: Warmup 10%, Used: 392MB, UsedThreshold: 1536MB
[2,194s][debug  ][gc,nmethod     ] Register NMethod: java.util.BitSet.recalculateWordsInUse (0x00007f376f325310) [0x00007f376f3254a0, 0x00007f376f3255d0] Compiler: c2, Barriers: 1, Oops: 0, ImmediateOops: 0, NonImmediateOops: No
[2,204s][debug  ][gc,director    ] Rule Major: Warmup 10%, Used: 400MB, UsedThreshold: 1536MB
[2,212s][debug  ][gc,nmethod     ] Register NMethod: java.nio.ByteBuffer.position (0x00007f376f325690) [0x00007f376f325820, 0x00007f376f325910] Compiler: c2, Barriers: 0, Oops: 0, ImmediateOops: 0, NonImmediateOops: No
[2,214s][debug  ][gc,director    ] Rule Major: Warmup 10%, Used: 410MB, UsedThreshold: 1536MB
[2,224s][debug  ][gc,director    ] Rule Major: Warmup 10%, Used: 418MB, UsedThreshold: 1536MB
[2,234s][debug  ][gc,director    ] Rule Major: Warmup 10%, Used: 428MB, UsedThreshold: 1536MB
[2,244s][debug  ][gc,director    ] Rule Major: Warmup 10%, Used: 436MB, UsedThreshold: 1536MB
[2,252s][debug  ][gc,alloc       ] Mutator Allocation Rate: 399,0MB/s Predicted: 477,2MB/s, Avg: 294,9(+/-81,6)MB/s
[2,252s][debug  ][gc,director    ] Rule Major: Warmup 10%, Used: 444MB, UsedThreshold: 1536MB
[2,260s][debug  ][gc,nmethod     ] Register NMethod: io.sirix.page.KeyValueLeafPage.<init> (0x00007f374ff58790) [0x00007f374ff58a00, 0x00007f374ff59588] Compiler: c1, Barriers: 31, Oops: 1, ImmediateOops: 0, NonImmediateOops: No
[2,262s][debug  ][gc,director    ] Rule Major: Warmup 10%, Used: 452MB, UsedThreshold: 1536MB
[2,272s][debug  ][gc,director    ] Rule Major: Warmup 10%, Used: 460MB, UsedThreshold: 1536MB
[2,282s][debug  ][gc,director    ] Rule Major: Warmup 10%, Used: 470MB, UsedThreshold: 1536MB
[2,283s][debug  ][gc,nmethod     ] Register NMethod: java.nio.Buffer.<init> (0x00007f376f325a10) [0x00007f376f325ba0, 0x00007f376f325d58] Compiler: c2, Barriers: 3, Oops: 0, ImmediateOops: 0, NonImmediateOops: No
[2,292s][debug  ][gc,director    ] Rule Major: Warmup 10%, Used: 478MB, UsedThreshold: 1536MB
[2,294s][debug  ][gc,nmethod     ] Register NMethod: java.nio.CharBuffer.<init> (0x00007f376f325e90) [0x00007f376f326040, 0x00007f376f3263e0] Compiler: c2, Barriers: 6, Oops: 0, ImmediateOops: 0, NonImmediateOops: No
[2,302s][debug  ][gc,director    ] Rule Major: Warmup 10%, Used: 488MB, UsedThreshold: 1536MB
[2,313s][debug  ][gc,director    ] Rule Major: Warmup 10%, Used: 496MB, UsedThreshold: 1536MB
[2,323s][debug  ][gc,director    ] Rule Major: Warmup 10%, Used: 506MB, UsedThreshold: 1536MB
[2,326s][debug  ][gc,nmethod     ] Register NMethod: java.nio.ByteBuffer.position (0x00007f376f326610) [0x00007f376f3267a0, 0x00007f376f3268a8] Compiler: c2, Barriers: 0, Oops: 0, ImmediateOops: 0, NonImmediateOops: No
[2,333s][debug  ][gc,director    ] Rule Major: Warmup 10%, Used: 514MB, UsedThreshold: 1536MB
[2,343s][debug  ][gc,director    ] Rule Major: Warmup 10%, Used: 524MB, UsedThreshold: 1536MB
[2,350s][debug  ][gc,nmethod     ] Register NMethod: java.nio.charset.CharsetDecoder.decode (0x00007f376f326990) [0x00007f376f326b60, 0x00007f376f326e88] Compiler: c2, Barriers: 2, Oops: 0, ImmediateOops: 0, NonImmediateOops: No
[2,353s][debug  ][gc,director    ] Rule Major: Warmup 10%, Used: 532MB, UsedThreshold: 1536MB
[2,363s][debug  ][gc,director    ] Rule Major: Warmup 10%, Used: 542MB, UsedThreshold: 1536MB
[2,373s][debug  ][gc,director    ] Rule Major: Warmup 10%, Used: 550MB, UsedThreshold: 1536MB
[2,383s][debug  ][gc,director    ] Rule Major: Warmup 10%, Used: 560MB, UsedThreshold: 1536MB
[2,388s][debug  ][gc,alloc       ] Mutator Allocation Rate: 448,0MB/s Predicted: 526,7MB/s, Avg: 325,5(+/-95,3)MB/s
[2,388s][debug  ][gc,director    ] Rule Major: Warmup 10%, Used: 564MB, UsedThreshold: 1536MB
[2,397s][debug  ][gc,nmethod     ] Register NMethod: java.nio.CharBuffer.wrap (0x00007f376f327190) [0x00007f376f327340, 0x00007f376f3275d0] Compiler: c2, Barriers: 2, Oops: 0, ImmediateOops: 0, NonImmediateOops: No
[2,398s][debug  ][gc,nmethod     ] Register NMethod: com.google.gson.stream.JsonReader.fillBuffer (0x00007f376f327890) [0x00007f376f327bc0, 0x00007f376f329120] Compiler: c2, Barriers: 25, Oops: 1, ImmediateOops: 0, NonImmediateOops: No
[2,398s][debug  ][gc,director    ] Rule Major: Warmup 10%, Used: 572MB, UsedThreshold: 1536MB
[2,408s][debug  ][gc,director    ] Rule Major: Warmup 10%, Used: 580MB, UsedThreshold: 1536MB
[2,418s][debug  ][gc,director    ] Rule Major: Warmup 10%, Used: 590MB, UsedThreshold: 1536MB
[2,428s][debug  ][gc,director    ] Rule Major: Warmup 10%, Used: 598MB, UsedThreshold: 1536MB
[2,438s][debug  ][gc,director    ] Rule Major: Warmup 10%, Used: 608MB, UsedThreshold: 1536MB
[2,447s][debug  ][gc,nmethod     ] Register NMethod: java.lang.System$2.decodeASCII (0x00007f376f32a090) [0x00007f376f32a220, 0x00007f376f32a520] Compiler: c2, Barriers: 0, Oops: 0, ImmediateOops: 0, NonImmediateOops: No
[2,447s][debug  ][gc,nmethod     ] Register NMethod: java.lang.String.decodeASCII (0x00007f376f32a690) [0x00007f376f32a820, 0x00007f376f32ab18] Compiler: c2, Barriers: 0, Oops: 0, ImmediateOops: 0, NonImmediateOops: No
[2,449s][debug  ][gc,director    ] Rule Major: Warmup 10%, Used: 616MB, UsedThreshold: 1536MB
[2,450s][debug  ][gc,nmethod     ] Register NMethod: sun.nio.cs.UTF_8$Decoder.decodeArrayLoop (0x00007f376f32ac10) [0x00007f376f32ae20, 0x00007f376f32b858] Compiler: c2, Barriers: 2, Oops: 0, ImmediateOops: 2, NonImmediateOops: No
[2,459s][debug  ][gc,director    ] Rule Major: Warmup 10%, Used: 626MB, UsedThreshold: 1536MB
[2,469s][debug  ][gc,director    ] Rule Major: Warmup 10%, Used: 634MB, UsedThreshold: 1536MB
[2,479s][debug  ][gc,director    ] Rule Major: Warmup 10%, Used: 644MB, UsedThreshold: 1536MB
[2,489s][debug  ][gc,director    ] Rule Major: Warmup 10%, Used: 652MB, UsedThreshold: 1536MB
[2,499s][debug  ][gc,director    ] Rule Major: Warmup 10%, Used: 662MB, UsedThreshold: 1536MB
[2,510s][debug  ][gc,director    ] Rule Major: Warmup 10%, Used: 670MB, UsedThreshold: 1536MB
[2,520s][debug  ][gc,director    ] Rule Major: Warmup 10%, Used: 678MB, UsedThreshold: 1536MB
[2,526s][debug  ][gc,alloc       ] Mutator Allocation Rate: 487,3MB/s Predicted: 567,5MB/s, Avg: 352,5(+/-105,8)MB/s
[2,526s][debug  ][gc,director    ] Rule Major: Warmup 10%, Used: 684MB, UsedThreshold: 1536MB
[2,536s][debug  ][gc,director    ] Rule Major: Warmup 10%, Used: 692MB, UsedThreshold: 1536MB
[2,546s][debug  ][gc,director    ] Rule Major: Warmup 10%, Used: 700MB, UsedThreshold: 1536MB
[2,557s][debug  ][gc,director    ] Rule Major: Warmup 10%, Used: 710MB, UsedThreshold: 1536MB
[2,567s][debug  ][gc,director    ] Rule Major: Warmup 10%, Used: 718MB, UsedThreshold: 1536MB
[2,577s][debug  ][gc,director    ] Rule Major: Warmup 10%, Used: 728MB, UsedThreshold: 1536MB
[2,577s][debug  ][gc,nmethod     ] Register NMethod: java.lang.AbstractStringBuilder.append (0x00007f376f32c010) [0x00007f376f32c1e0, 0x00007f376f32cbd8] Compiler: c2, Barriers: 5, Oops: 1, ImmediateOops: 0, NonImmediateOops: No
[2,587s][debug  ][gc,director    ] Rule Major: Warmup 10%, Used: 736MB, UsedThreshold: 1536MB
[2,597s][debug  ][gc,director    ] Rule Major: Warmup 10%, Used: 746MB, UsedThreshold: 1536MB
[2,608s][debug  ][gc,director    ] Rule Major: Warmup 10%, Used: 754MB, UsedThreshold: 1536MB
[2,618s][debug  ][gc,director    ] Rule Major: Warmup 10%, Used: 764MB, UsedThreshold: 1536MB
[2,628s][debug  ][gc,director    ] Rule Major: Warmup 10%, Used: 772MB, UsedThreshold: 1536MB
[2,628s][debug  ][gc,director    ] Rule Minor: High Usage, Free: 14546MB(94,7%)
[2,638s][debug  ][gc,director    ] Rule Major: Warmup 10%, Used: 782MB, UsedThreshold: 1536MB
[2,638s][debug  ][gc,director    ] Rule Minor: High Usage, Free: 14536MB(94,6%)
[2,649s][debug  ][gc,director    ] Rule Major: Warmup 10%, Used: 790MB, UsedThreshold: 1536MB
[2,649s][debug  ][gc,director    ] Rule Minor: High Usage, Free: 14528MB(94,6%)
[2,656s][debug  ][gc,nmethod     ] Register NMethod: java.util.BitSet.cardinality (0x00007f376f32d090) [0x00007f376f32d220, 0x00007f376f32d3c0] Compiler: c2, Barriers: 1, Oops: 0, ImmediateOops: 0, NonImmediateOops: No
[2,659s][debug  ][gc,director    ] Rule Major: Warmup 10%, Used: 800MB, UsedThreshold: 1536MB
[2,659s][debug  ][gc,director    ] Rule Minor: High Usage, Free: 14518MB(94,5%)
[2,663s][debug  ][gc,alloc       ] Mutator Allocation Rate: 520,2MB/s Predicted: 601,9MB/s, Avg: 376,5(+/-114,2)MB/s
[2,663s][debug  ][gc,director    ] Rule Major: Warmup 10%, Used: 804MB, UsedThreshold: 1536MB
[2,664s][debug  ][gc,director    ] Rule Minor: High Usage, Free: 14514MB(94,5%)
[2,674s][debug  ][gc,director    ] Rule Major: Warmup 10%, Used: 812MB, UsedThreshold: 1536MB
[2,674s][debug  ][gc,director    ] Rule Minor: High Usage, Free: 14506MB(94,4%)
[2,684s][debug  ][gc,director    ] Rule Major: Warmup 10%, Used: 822MB, UsedThreshold: 1536MB
[2,684s][debug  ][gc,director    ] Rule Minor: High Usage, Free: 14496MB(94,4%)
[2,694s][debug  ][gc,director    ] Rule Major: Warmup 10%, Used: 830MB, UsedThreshold: 1536MB
[2,694s][debug  ][gc,director    ] Rule Minor: High Usage, Free: 14488MB(94,3%)
[2,704s][debug  ][gc,director    ] Rule Major: Warmup 10%, Used: 838MB, UsedThreshold: 1536MB
[2,704s][debug  ][gc,director    ] Rule Minor: High Usage, Free: 14480MB(94,3%)
[2,714s][debug  ][gc,director    ] Rule Major: Warmup 10%, Used: 848MB, UsedThreshold: 1536MB
[2,714s][debug  ][gc,director    ] Rule Minor: High Usage, Free: 14470MB(94,2%)
[2,724s][debug  ][gc,director    ] Rule Major: Warmup 10%, Used: 856MB, UsedThreshold: 1536MB
[2,724s][debug  ][gc,director    ] Rule Minor: High Usage, Free: 14462MB(94,2%)
[2,735s][debug  ][gc,director    ] Rule Major: Warmup 10%, Used: 866MB, UsedThreshold: 1536MB
[2,735s][debug  ][gc,director    ] Rule Minor: High Usage, Free: 14452MB(94,1%)
[2,745s][debug  ][gc,director    ] Rule Major: Warmup 10%, Used: 874MB, UsedThreshold: 1536MB
[2,745s][debug  ][gc,director    ] Rule Minor: High Usage, Free: 14444MB(94,0%)
[2,755s][debug  ][gc,director    ] Rule Major: Warmup 10%, Used: 884MB, UsedThreshold: 1536MB
[2,755s][debug  ][gc,director    ] Rule Minor: High Usage, Free: 14434MB(94,0%)
[2,765s][debug  ][gc,director    ] Rule Major: Warmup 10%, Used: 892MB, UsedThreshold: 1536MB
[2,765s][debug  ][gc,director    ] Rule Minor: High Usage, Free: 14426MB(93,9%)
[2,776s][debug  ][gc,director    ] Rule Major: Warmup 10%, Used: 902MB, UsedThreshold: 1536MB
[2,776s][debug  ][gc,director    ] Rule Minor: High Usage, Free: 14416MB(93,9%)
[2,786s][debug  ][gc,director    ] Rule Major: Warmup 10%, Used: 910MB, UsedThreshold: 1536MB
[2,786s][debug  ][gc,director    ] Rule Minor: High Usage, Free: 14408MB(93,8%)
[2,788s][debug  ][gc,reloc       ] Synchronize all workers 1 _nworkers: 0 _nsynchronized: 0
[2,788s][debug  ][gc,reloc       ] Synchronize all workers 1 _nworkers: 0 _nsynchronized: 0
[2,788s][debug  ][gc,reloc       ] Desynchronize all workers _nworkers: 0 _nsynchronized: 0
[2,788s][debug  ][gc,reloc       ] Desynchronize all workers _nworkers: 0 _nsynchronized: 0
[2,796s][debug  ][gc,director    ] Rule Major: Warmup 10%, Used: 920MB, UsedThreshold: 1536MB
[2,796s][debug  ][gc,director    ] Rule Minor: High Usage, Free: 14398MB(93,7%)
[2,800s][debug  ][gc,alloc       ] Mutator Allocation Rate: 548,2MB/s Predicted: 631,4MB/s, Avg: 397,9(+/-121,0)MB/s
[2,800s][debug  ][gc,director    ] Rule Major: Warmup 10%, Used: 924MB, UsedThreshold: 1536MB
[2,800s][debug  ][gc,director    ] Rule Minor: High Usage, Free: 14394MB(93,7%)
[2,810s][debug  ][gc,director    ] Rule Major: Warmup 10%, Used: 932MB, UsedThreshold: 1536MB
[2,810s][debug  ][gc,director    ] Rule Minor: High Usage, Free: 14386MB(93,7%)
[2,820s][debug  ][gc,director    ] Rule Major: Warmup 10%, Used: 942MB, UsedThreshold: 1536MB
[2,820s][debug  ][gc,director    ] Rule Minor: High Usage, Free: 14376MB(93,6%)
[2,831s][debug  ][gc,director    ] Rule Major: Warmup 10%, Used: 950MB, UsedThreshold: 1536MB
[2,831s][debug  ][gc,director    ] Rule Minor: High Usage, Free: 14368MB(93,5%)
[2,841s][debug  ][gc,director    ] Rule Major: Warmup 10%, Used: 960MB, UsedThreshold: 1536MB
[2,841s][debug  ][gc,director    ] Rule Minor: High Usage, Free: 14358MB(93,5%)
[2,851s][debug  ][gc,director    ] Rule Major: Warmup 10%, Used: 970MB, UsedThreshold: 1536MB
[2,851s][debug  ][gc,director    ] Rule Minor: High Usage, Free: 14348MB(93,4%)
[2,861s][debug  ][gc,director    ] Rule Major: Warmup 10%, Used: 978MB, UsedThreshold: 1536MB
[2,861s][debug  ][gc,director    ] Rule Minor: High Usage, Free: 14340MB(93,4%)
[2,871s][debug  ][gc,director    ] Rule Major: Warmup 10%, Used: 988MB, UsedThreshold: 1536MB
[2,871s][debug  ][gc,director    ] Rule Minor: High Usage, Free: 14330MB(93,3%)
[2,881s][debug  ][gc,director    ] Rule Major: Warmup 10%, Used: 998MB, UsedThreshold: 1536MB
[2,881s][debug  ][gc,director    ] Rule Minor: High Usage, Free: 14320MB(93,2%)
[2,892s][debug  ][gc,director    ] Rule Major: Warmup 10%, Used: 1006MB, UsedThreshold: 1536MB
[2,892s][debug  ][gc,director    ] Rule Minor: High Usage, Free: 14312MB(93,2%)
[2,902s][debug  ][gc,director    ] Rule Major: Warmup 10%, Used: 1016MB, UsedThreshold: 1536MB
[2,902s][debug  ][gc,director    ] Rule Minor: High Usage, Free: 14302MB(93,1%)
[2,912s][debug  ][gc,director    ] Rule Major: Warmup 10%, Used: 1026MB, UsedThreshold: 1536MB
[2,912s][debug  ][gc,director    ] Rule Minor: High Usage, Free: 14292MB(93,0%)
[2,922s][debug  ][gc,director    ] Rule Major: Warmup 10%, Used: 1034MB, UsedThreshold: 1536MB
[2,922s][debug  ][gc,director    ] Rule Minor: High Usage, Free: 14284MB(93,0%)
[2,932s][debug  ][gc,alloc       ] Mutator Allocation Rate: 573,5MB/s Predicted: 657,6MB/s, Avg: 417,4(+/-126,7)MB/s
[2,932s][debug  ][gc,director    ] Rule Major: Warmup 10%, Used: 1044MB, UsedThreshold: 1536MB
[2,932s][debug  ][gc,director    ] Rule Minor: High Usage, Free: 14274MB(92,9%)
[2,937s][debug  ][gc,nmethod     ] Register NMethod: io.sirix.page.IndirectPage.getOrCreateReference (0x00007f374ff45410) [0x00007f374ff45660, 0x00007f374ff460e8] Compiler: c1, Barriers: 8, Oops: 1, ImmediateOops: 0, NonImmediateOops: No
[2,937s][debug  ][gc,nmethod     ] Register NMethod: java.lang.Integer.numberOfTrailingZeros (0x00007f374ff59810) [0x00007f374ff599c0, 0x00007f374ff59c10] Compiler: c1, Barriers: 0, Oops: 0, ImmediateOops: 0, NonImmediateOops: No
[2,937s][debug  ][gc,nmethod     ] Register NMethod: java.lang.Long.numberOfTrailingZeros (0x00007f374ff59c90) [0x00007f374ff59e40, 0x00007f374ff59ff8] Compiler: c1, Barriers: 0, Oops: 0, ImmediateOops: 0, NonImmediateOops: No
[2,937s][debug  ][gc,nmethod     ] Register NMethod: java.util.BitSet.wordIndex (0x00007f376f32d490) [0x00007f376f32d600, 0x00007f376f32d670] Compiler: c2, Barriers: 0, Oops: 0, ImmediateOops: 0, NonImmediateOops: No
[2,937s][debug  ][gc,nmethod     ] Register NMethod: io.sirix.page.PageReference.<init> (0x00007f374ff5a090) [0x00007f374ff5a260, 0x00007f374ff5a5f8] Compiler: c1, Barriers: 12, Oops: 1, ImmediateOops: 0, NonImmediateOops: No
[2,937s][debug  ][gc,nmethod     ] Register NMethod: io.sirix.page.delegates.BitmapReferencesPage.getReferences (0x00007f376f32d790) [0x00007f376f32d920, 0x00007f376f32da10] Compiler: c1, Barriers: 1, Oops: 1, ImmediateOops: 0, NonImmediateOops: No
[2,938s][debug  ][gc,nmethod     ] Register NMethod: java.util.BitSet.nextSetBit (0x00007f374ff5a710) [0x00007f374ff5a9a0, 0x00007f374ff5b2a0] Compiler: c1, Barriers: 1, Oops: 1, ImmediateOops: 1, NonImmediateOops: No
[2,942s][debug  ][gc,director    ] Rule Major: Warmup 10%, Used: 1052MB, UsedThreshold: 1536MB
[2,942s][debug  ][gc,director    ] Rule Minor: High Usage, Free: 14266MB(92,9%)
[2,952s][debug  ][gc,director    ] Rule Major: Warmup 10%, Used: 1062MB, UsedThreshold: 1536MB
[2,952s][debug  ][gc,director    ] Rule Minor: High Usage, Free: 14256MB(92,8%)
[2,962s][debug  ][gc,director    ] Rule Major: Warmup 10%, Used: 1070MB, UsedThreshold: 1536MB
[2,962s][debug  ][gc,director    ] Rule Minor: High Usage, Free: 14248MB(92,8%)
[2,973s][debug  ][gc,director    ] Rule Major: Warmup 10%, Used: 1080MB, UsedThreshold: 1536MB
[2,973s][debug  ][gc,director    ] Rule Minor: High Usage, Free: 14238MB(92,7%)
[2,983s][debug  ][gc,director    ] Rule Major: Warmup 10%, Used: 1088MB, UsedThreshold: 1536MB
[2,983s][debug  ][gc,director    ] Rule Minor: High Usage, Free: 14230MB(92,6%)
[2,990s][debug  ][gc,nmethod     ] Register NMethod: it.unimi.dsi.fastutil.shorts.ShortArrayList$1.hasNext (0x00007f374ff5b690) [0x00007f374ff5b820, 0x00007f374ff5b9c0] Compiler: c1, Barriers: 1, Oops: 1, ImmediateOops: 0, NonImmediateOops: No
[2,993s][debug  ][gc,director    ] Rule Major: Warmup 10%, Used: 1096MB, UsedThreshold: 1536MB
[2,993s][debug  ][gc,director    ] Rule Minor: High Usage, Free: 14222MB(92,6%)
[2,998s][debug  ][gc,nmethod     ] Register NMethod: java.lang.Short.shortValue (0x00007f376f32da90) [0x00007f376f32dc20, 0x00007f376f32dce8] Compiler: c1, Barriers: 0, Oops: 0, ImmediateOops: 0, NonImmediateOops: No
[3,003s][debug  ][gc,director    ] Rule Major: Warmup 10%, Used: 1106MB, UsedThreshold: 1536MB
[3,003s][debug  ][gc,director    ] Rule Minor: High Usage, Free: 14212MB(92,5%)
[3,013s][debug  ][gc,director    ] Rule Major: Warmup 10%, Used: 1116MB, UsedThreshold: 1536MB
[3,013s][debug  ][gc,director    ] Rule Minor: High Usage, Free: 14202MB(92,5%)
[3,015s][debug  ][gc,nmethod     ] Register NMethod: it.unimi.dsi.fastutil.shorts.ShortArrayList.size (0x00007f376f32dd90) [0x00007f376f32df20, 0x00007f376f32dfe0] Compiler: c1, Barriers: 0, Oops: 1, ImmediateOops: 0, NonImmediateOops: No
[3,023s][debug  ][gc,director    ] Rule Major: Warmup 10%, Used: 1124MB, UsedThreshold: 1536MB
[3,023s][debug  ][gc,director    ] Rule Minor: High Usage, Free: 14194MB(92,4%)
[3,029s][debug  ][gc,nmethod     ] Register NMethod: java.util.BitSet.set (0x00007f376f32e090) [0x00007f376f32e220, 0x00007f376f32e3d8] Compiler: c2, Barriers: 1, Oops: 0, ImmediateOops: 0, NonImmediateOops: No
[3,034s][debug  ][gc,director    ] Rule Major: Warmup 10%, Used: 1134MB, UsedThreshold: 1536MB
[3,034s][debug  ][gc,director    ] Rule Minor: High Usage, Free: 14184MB(92,3%)
[3,044s][debug  ][gc,director    ] Rule Major: Warmup 10%, Used: 1142MB, UsedThreshold: 1536MB
[3,044s][debug  ][gc,director    ] Rule Minor: High Usage, Free: 14176MB(92,3%)
[3,054s][debug  ][gc,director    ] Rule Major: Warmup 10%, Used: 1152MB, UsedThreshold: 1536MB
[3,054s][debug  ][gc,director    ] Rule Minor: High Usage, Free: 14166MB(92,2%)
[3,064s][debug  ][gc,director    ] Rule Major: Warmup 10%, Used: 1162MB, UsedThreshold: 1536MB
[3,064s][debug  ][gc,director    ] Rule Minor: High Usage, Free: 14156MB(92,2%)
[3,065s][debug  ][gc,nmethod     ] Register NMethod: java.lang.Short.valueOf (0x00007f374ff5ba90) [0x00007f374ff5bc60, 0x00007f374ff5bf98] Compiler: c1, Barriers: 1, Oops: 0, ImmediateOops: 1, NonImmediateOops: No
[3,065s][debug  ][gc,nmethod     ] Register NMethod: it.unimi.dsi.fastutil.shorts.ShortListIterator.next (0x00007f374ff5c110) [0x00007f374ff5c2e0, 0x00007f374ff5c648] Compiler: c1, Barriers: 0, Oops: 1, ImmediateOops: 0, NonImmediateOops: No
[3,065s][debug  ][gc,nmethod     ] Register NMethod: it.unimi.dsi.fastutil.shorts.ShortListIterator.next (0x00007f374ff5c810) [0x00007f374ff5c9e0, 0x00007f374ff5cc48] Compiler: c1, Barriers: 0, Oops: 1, ImmediateOops: 0, NonImmediateOops: No
[3,065s][debug  ][gc,nmethod     ] Register NMethod: it.unimi.dsi.fastutil.shorts.ShortIterator.next (0x00007f374ff5cd90) [0x00007f374ff5cf40, 0x00007f374ff5d0f8] Compiler: c1, Barriers: 0, Oops: 1, ImmediateOops: 0, NonImmediateOops: No
[3,065s][debug  ][gc,nmethod     ] Register NMethod: it.unimi.dsi.fastutil.shorts.ShortArrayList$1.nextShort (0x00007f374ff5d210) [0x00007f374ff5d3e0, 0x00007f374ff5d760] Compiler: c1, Barriers: 2, Oops: 1, ImmediateOops: 0, NonImmediateOops: No
[3,066s][debug  ][gc,alloc       ] Mutator Allocation Rate: 594,8MB/s Predicted: 680,5MB/s, Avg: 435,2(+/-131,5)MB/s
[3,066s][debug  ][gc,director    ] Rule Major: Warmup 10%, Used: 1164MB, UsedThreshold: 1536MB
[3,066s][debug  ][gc,director    ] Rule Minor: High Usage, Free: 14154MB(92,1%)
[3,077s][debug  ][gc,director    ] Rule Major: Warmup 10%, Used: 1172MB, UsedThreshold: 1536MB
[3,077s][debug  ][gc,director    ] Rule Minor: High Usage, Free: 14146MB(92,1%)
[3,087s][debug  ][gc,director    ] Rule Major: Warmup 10%, Used: 1182MB, UsedThreshold: 1536MB
[3,087s][debug  ][gc,director    ] Rule Minor: High Usage, Free: 14136MB(92,0%)
[3,095s][debug  ][gc,nmethod     ] Register NMethod: java.util.Arrays.copyOf (0x00007f376f32e590) [0x00007f376f32e740, 0x00007f376f32ec40] Compiler: c2, Barriers: 1, Oops: 0, ImmediateOops: 1, NonImmediateOops: No
[3,097s][debug  ][gc,director    ] Rule Major: Warmup 10%, Used: 1190MB, UsedThreshold: 1536MB
[3,097s][debug  ][gc,director    ] Rule Minor: High Usage, Free: 14128MB(92,0%)
[3,107s][debug  ][gc,director    ] Rule Major: Warmup 10%, Used: 1200MB, UsedThreshold: 1536MB
[3,107s][debug  ][gc,director    ] Rule Minor: High Usage, Free: 14118MB(91,9%)
[3,117s][debug  ][gc,director    ] Rule Major: Warmup 10%, Used: 1210MB, UsedThreshold: 1536MB
[3,117s][debug  ][gc,director    ] Rule Minor: High Usage, Free: 14108MB(91,8%)
[3,127s][debug  ][gc,director    ] Rule Major: Warmup 10%, Used: 1218MB, UsedThreshold: 1536MB
[3,127s][debug  ][gc,director    ] Rule Minor: High Usage, Free: 14100MB(91,8%)
[3,137s][debug  ][gc,director    ] Rule Major: Warmup 10%, Used: 1228MB, UsedThreshold: 1536MB
[3,138s][debug  ][gc,director    ] Rule Minor: High Usage, Free: 14090MB(91,7%)
[3,148s][debug  ][gc,director    ] Rule Major: Warmup 10%, Used: 1236MB, UsedThreshold: 1536MB
[3,148s][debug  ][gc,director    ] Rule Minor: High Usage, Free: 14082MB(91,7%)
[3,158s][debug  ][gc,director    ] Rule Major: Warmup 10%, Used: 1246MB, UsedThreshold: 1536MB
[3,158s][debug  ][gc,director    ] Rule Minor: High Usage, Free: 14072MB(91,6%)
[3,168s][debug  ][gc,director    ] Rule Major: Warmup 10%, Used: 1254MB, UsedThreshold: 1536MB
[3,168s][debug  ][gc,director    ] Rule Minor: High Usage, Free: 14064MB(91,6%)
[3,174s][debug  ][gc,nmethod     ] Register NMethod: it.unimi.dsi.fastutil.shorts.AbstractShortList.iterator (0x00007f374ff5d910) [0x00007f374ff5dae0, 0x00007f374ff5de80] Compiler: c1, Barriers: 0, Oops: 1, ImmediateOops: 0, NonImmediateOops: No
[3,174s][debug  ][gc,nmethod     ] Register NMethod: it.unimi.dsi.fastutil.shorts.AbstractShortList.listIterator (0x00007f374ff5e010) [0x00007f374ff5e1e0, 0x00007f374ff5e5a0] Compiler: c1, Barriers: 3, Oops: 1, ImmediateOops: 0, NonImmediateOops: No
[3,174s][debug  ][gc,nmethod     ] Register NMethod: it.unimi.dsi.fastutil.shorts.ShortArrayList.listIterator (0x00007f374ff5e710) [0x00007f374ff5e8c0, 0x00007f374ff5ec18] Compiler: c1, Barriers: 3, Oops: 1, ImmediateOops: 0, NonImmediateOops: No
[3,174s][debug  ][gc,nmethod     ] Register NMethod: it.unimi.dsi.fastutil.shorts.ShortArrayList$1.<init> (0x00007f374ff5ed90) [0x00007f374ff5ef40, 0x00007f374ff5f128] Compiler: c1, Barriers: 3, Oops: 1, ImmediateOops: 0, NonImmediateOops: No
[3,175s][debug  ][gc,nmethod     ] Register NMethod: it.unimi.dsi.fastutil.shorts.AbstractShortList.ensureIndex (0x00007f374ff5f210) [0x00007f374ff5f540, 0x00007f374ff602f8] Compiler: c1, Barriers: 0, Oops: 5, ImmediateOops: 5, NonImmediateOops: No
[3,178s][debug  ][gc,director    ] Rule Major: Warmup 10%, Used: 1264MB, UsedThreshold: 1536MB
[3,178s][debug  ][gc,director    ] Rule Minor: High Usage, Free: 14054MB(91,5%)
[3,185s][debug  ][gc,nmethod     ] Register NMethod: io.sirix.page.delegates.ReferencesPage4.getOrCreateReference (0x00007f374ff60890) [0x00007f374ff60b80, 0x00007f374ff61d50] Compiler: c1, Barriers: 11, Oops: 1, ImmediateOops: 1, NonImmediateOops: No
[3,188s][debug  ][gc,director    ] Rule Major: Warmup 10%, Used: 1272MB, UsedThreshold: 1536MB
[3,188s][debug  ][gc,director    ] Rule Minor: High Usage, Free: 14046MB(91,4%)
[3,198s][debug  ][gc,director    ] Rule Major: Warmup 10%, Used: 1282MB, UsedThreshold: 1536MB
[3,198s][debug  ][gc,director    ] Rule Minor: High Usage, Free: 14036MB(91,4%)
[3,200s][debug  ][gc,alloc       ] Mutator Allocation Rate: 613,7MB/s Predicted: 700,8MB/s, Avg: 451,4(+/-135,4)MB/s
[3,200s][debug  ][gc,director    ] Rule Major: Warmup 10%, Used: 1284MB, UsedThreshold: 1536MB
[3,200s][debug  ][gc,director    ] Rule Minor: High Usage, Free: 14034MB(91,4%)
[3,210s][debug  ][gc,director    ] Rule Major: Warmup 10%, Used: 1292MB, UsedThreshold: 1536MB
[3,210s][debug  ][gc,director    ] Rule Minor: High Usage, Free: 14026MB(91,3%)
[3,220s][debug  ][gc,director    ] Rule Major: Warmup 10%, Used: 1302MB, UsedThreshold: 1536MB
[3,220s][debug  ][gc,director    ] Rule Minor: High Usage, Free: 14016MB(91,2%)
[3,230s][debug  ][gc,director    ] Rule Major: Warmup 10%, Used: 1310MB, UsedThreshold: 1536MB
[3,230s][debug  ][gc,director    ] Rule Minor: High Usage, Free: 14008MB(91,2%)
[3,240s][debug  ][gc,director    ] Rule Major: Warmup 10%, Used: 1320MB, UsedThreshold: 1536MB
[3,240s][debug  ][gc,director    ] Rule Minor: High Usage, Free: 13998MB(91,1%)
[3,250s][debug  ][gc,director    ] Rule Major: Warmup 10%, Used: 1330MB, UsedThreshold: 1536MB
[3,250s][debug  ][gc,director    ] Rule Minor: High Usage, Free: 13988MB(91,1%)
[3,261s][debug  ][gc,director    ] Rule Major: Warmup 10%, Used: 1338MB, UsedThreshold: 1536MB
[3,261s][debug  ][gc,director    ] Rule Minor: High Usage, Free: 13980MB(91,0%)
[3,271s][debug  ][gc,director    ] Rule Major: Warmup 10%, Used: 1348MB, UsedThreshold: 1536MB
[3,271s][debug  ][gc,director    ] Rule Minor: High Usage, Free: 13970MB(91,0%)
[3,281s][debug  ][gc,director    ] Rule Major: Warmup 10%, Used: 1358MB, UsedThreshold: 1536MB
[3,281s][debug  ][gc,director    ] Rule Minor: High Usage, Free: 13960MB(90,9%)
[3,291s][debug  ][gc,director    ] Rule Major: Warmup 10%, Used: 1366MB, UsedThreshold: 1536MB
[3,291s][debug  ][gc,director    ] Rule Minor: High Usage, Free: 13952MB(90,8%)
[3,301s][debug  ][gc,director    ] Rule Major: Warmup 10%, Used: 1376MB, UsedThreshold: 1536MB
[3,301s][debug  ][gc,director    ] Rule Minor: High Usage, Free: 13942MB(90,8%)
[3,311s][debug  ][gc,director    ] Rule Major: Warmup 10%, Used: 1386MB, UsedThreshold: 1536MB
[3,311s][debug  ][gc,director    ] Rule Minor: High Usage, Free: 13932MB(90,7%)
[3,322s][debug  ][gc,director    ] Rule Major: Warmup 10%, Used: 1394MB, UsedThreshold: 1536MB
[3,322s][debug  ][gc,director    ] Rule Minor: High Usage, Free: 13924MB(90,7%)
[3,331s][debug  ][gc,alloc       ] Mutator Allocation Rate: 631,0MB/s Predicted: 719,1MB/s, Avg: 466,4(+/-138,9)MB/s
[3,331s][debug  ][gc,director    ] Rule Major: Warmup 10%, Used: 1404MB, UsedThreshold: 1536MB
[3,331s][debug  ][gc,director    ] Rule Minor: High Usage, Free: 13914MB(90,6%)
[3,341s][debug  ][gc,director    ] Rule Major: Warmup 10%, Used: 1412MB, UsedThreshold: 1536MB
[3,341s][debug  ][gc,director    ] Rule Minor: High Usage, Free: 13906MB(90,5%)
[3,351s][debug  ][gc,director    ] Rule Major: Warmup 10%, Used: 1422MB, UsedThreshold: 1536MB
[3,351s][debug  ][gc,director    ] Rule Minor: High Usage, Free: 13896MB(90,5%)
[3,361s][debug  ][gc,director    ] Rule Major: Warmup 10%, Used: 1432MB, UsedThreshold: 1536MB
[3,361s][debug  ][gc,director    ] Rule Minor: High Usage, Free: 13886MB(90,4%)
[3,372s][debug  ][gc,director    ] Rule Major: Warmup 10%, Used: 1440MB, UsedThreshold: 1536MB
[3,372s][debug  ][gc,director    ] Rule Minor: High Usage, Free: 13878MB(90,4%)
[3,377s][debug  ][gc,nmethod     ] Register NMethod: com.google.gson.stream.JsonReader.fillBuffer (0x00007f374ff62310) [0x00007f374ff62500, 0x00007f374ff62b00] Compiler: c1, Barriers: 2, Oops: 1, ImmediateOops: 0, NonImmediateOops: No
[3,382s][debug  ][gc,director    ] Rule Major: Warmup 10%, Used: 1450MB, UsedThreshold: 1536MB
[3,382s][debug  ][gc,director    ] Rule Minor: High Usage, Free: 13868MB(90,3%)
[3,392s][debug  ][gc,director    ] Rule Major: Warmup 10%, Used: 1458MB, UsedThreshold: 1536MB
[3,392s][debug  ][gc,director    ] Rule Minor: High Usage, Free: 13860MB(90,2%)
[3,402s][debug  ][gc,director    ] Rule Major: Warmup 10%, Used: 1468MB, UsedThreshold: 1536MB
[3,402s][debug  ][gc,director    ] Rule Minor: High Usage, Free: 13850MB(90,2%)
[3,412s][debug  ][gc,director    ] Rule Major: Warmup 10%, Used: 1476MB, UsedThreshold: 1536MB
[3,412s][debug  ][gc,director    ] Rule Minor: High Usage, Free: 13842MB(90,1%)
[3,422s][debug  ][gc,director    ] Rule Major: Warmup 10%, Used: 1486MB, UsedThreshold: 1536MB
[3,422s][debug  ][gc,director    ] Rule Minor: High Usage, Free: 13832MB(90,1%)
[3,432s][debug  ][gc,director    ] Rule Major: Warmup 10%, Used: 1496MB, UsedThreshold: 1536MB
[3,432s][debug  ][gc,director    ] Rule Minor: High Usage, Free: 13822MB(90,0%)
[3,443s][debug  ][gc,director    ] Rule Major: Warmup 10%, Used: 1504MB, UsedThreshold: 1536MB
[3,443s][debug  ][gc,director    ] Rule Minor: High Usage, Free: 13814MB(89,9%)
[3,453s][debug  ][gc,director    ] Rule Major: Warmup 10%, Used: 1514MB, UsedThreshold: 1536MB
[3,453s][debug  ][gc,director    ] Rule Minor: High Usage, Free: 13804MB(89,9%)
[3,463s][debug  ][gc,director    ] Rule Major: Warmup 10%, Used: 1522MB, UsedThreshold: 1536MB
[3,463s][debug  ][gc,director    ] Rule Minor: High Usage, Free: 13796MB(89,8%)
[3,463s][debug  ][gc,alloc       ] Mutator Allocation Rate: 646,1MB/s Predicted: 735,5MB/s, Avg: 480,2(+/-141,7)MB/s
[3,463s][debug  ][gc,director    ] Rule Major: Warmup 10%, Used: 1524MB, UsedThreshold: 1536MB
[3,463s][debug  ][gc,director    ] Rule Minor: High Usage, Free: 13794MB(89,8%)
[3,473s][debug  ][gc,director    ] Rule Major: Warmup 10%, Used: 1532MB, UsedThreshold: 1536MB
[3,473s][debug  ][gc,director    ] Rule Minor: High Usage, Free: 13786MB(89,8%)
[3,483s][debug  ][gc,director    ] Rule Major: Warmup 10%, Used: 1542MB, UsedThreshold: 1536MB
[3,483s][info   ][gc             ] GC(1) Major Collection (Warmup)
[3,484s][info   ][gc,task        ] GC(1) Using 5 Workers for Young Generation
[3,484s][info   ][gc,task        ] GC(1) Using 1 Workers for Old Generation
[3,484s][debug  ][gc,heap        ] GC(1) Y: Heap before GC invocations=1 (full 1):
[3,484s][debug  ][gc,heap        ] GC(1) Y:  ZHeap           used 1542M, capacity 5120M, max capacity 15360M
[3,484s][debug  ][gc,heap        ] GC(1) Y:  Metaspace       used 28826K, committed 29248K, reserved 1114112K
[3,484s][debug  ][gc,heap        ] GC(1) Y:   class space    used 3245K, committed 3456K, reserved 1048576K
[3,484s][info   ][gc,phases      ] GC(1) Y: Young Generation
[3,484s][debug  ][gc,reloc       ] Synchronize all workers 1 _nworkers: 0 _nsynchronized: 0
[3,484s][debug  ][gc,reloc       ] Synchronize all workers 1 _nworkers: 0 _nsynchronized: 0
[3,484s][debug  ][gc,phases,start] GC(1) Y: Pause Mark Start (Major)
[3,484s][debug  ][gc,marking     ] GC(1) Y: Using 4 mark stripes
[3,484s][debug  ][gc,marking     ] GC(1) Y: Mark Worker/Stripe Distribution
[3,484s][debug  ][gc,marking     ] GC(1) Y:   Worker 0(5) -> Stripe 0(4)
[3,484s][debug  ][gc,marking     ] GC(1) Y:   Worker 1(5) -> Stripe 1(4)
[3,484s][debug  ][gc,marking     ] GC(1) Y:   Worker 2(5) -> Stripe 2(4)
[3,484s][debug  ][gc,marking     ] GC(1) Y:   Worker 3(5) -> Stripe 3(4)
[3,484s][debug  ][gc,marking     ] GC(1) Y:   Worker 4(5) -> Stripe 0(4)
[3,484s][debug  ][gc,marking     ] GC(1) Y: Using 1 mark stripes
[3,484s][debug  ][gc,marking     ] GC(1) Y: Mark Worker/Stripe Distribution
[3,484s][debug  ][gc,marking     ] GC(1) Y:   Worker 0(1) -> Stripe 0(1)
[3,484s][info   ][gc,phases      ] GC(1) Y: Pause Mark Start (Major) 0,108ms
[3,484s][debug  ][gc,reloc       ] Desynchronize all workers _nworkers: 0 _nsynchronized: 0
[3,484s][debug  ][gc,reloc       ] Desynchronize all workers _nworkers: 0 _nsynchronized: 0
[3,484s][debug  ][gc,marking     ] Resurrection broke termination
[3,484s][debug  ][gc,phases,start] GC(1) Y: Concurrent Mark
[3,484s][debug  ][gc,phases,start] GC(1) Y: Concurrent Mark Roots
[3,484s][debug  ][gc,task        ] GC(1) Y: Executing ZMarkYoungRootsTask using ZWorkerYoung with 5 workers
[3,486s][debug  ][gc,tlab        ] GC(1) Y: TLAB totals: thrds: 18  refills: 5904 max: 5886 slow allocs: 21 max 19 waste:  0,6% gc: 3934832B max: 262056B slow: 5057192B max: 5053904B
[3,486s][debug  ][gc,phases      ] GC(1) Y: Concurrent Mark Roots 2,540ms
[3,486s][debug  ][gc,phases,start] GC(1) Y: Concurrent Mark Follow
[3,486s][debug  ][gc,marking     ] GC(1) Y: Using 4 mark stripes
[3,486s][debug  ][gc,task        ] GC(1) Y: Executing ZRememberedScanMarkFollowTask using ZWorkerYoung with 5 workers
[3,554s][debug  ][gc,marking     ] GC(1) Y: Using 2 mark stripes
[3,554s][debug  ][gc,marking     ] GC(1) Y: Using 4 mark stripes
[3,554s][debug  ][gc,marking     ] GC(1) Y: Using 2 mark stripes
[3,554s][debug  ][gc,marking     ] GC(1) Y: Using 1 mark stripes
[3,555s][debug  ][gc,remset      ] GC(1) Y: Remset forwarding retained: 0,000ms count: 0 ZWorkerYoung#1
[3,555s][debug  ][gc,remset      ] GC(1) Y: Remset forwarding released: 0,000ms count: 0 ZWorkerYoung#1
[3,555s][debug  ][gc,remset      ] GC(1) Y: Remset forwarding retained: 0,000ms count: 0 ZWorkerYoung#2
[3,555s][debug  ][gc,remset      ] GC(1) Y: Remset forwarding released: 0,000ms count: 0 ZWorkerYoung#2
[3,555s][debug  ][gc,remset      ] GC(1) Y: Remset forwarding retained: 0,000ms count: 0 ZWorkerYoung#0
[3,555s][debug  ][gc,remset      ] GC(1) Y: Remset forwarding retained: 0,000ms count: 0 ZWorkerYoung#4
[3,555s][debug  ][gc,remset      ] GC(1) Y: Remset forwarding retained: 0,000ms count: 0 ZWorkerYoung#3
[3,556s][debug  ][gc,remset      ] GC(1) Y: Remset forwarding released: 0,000ms count: 0 ZWorkerYoung#3
[3,556s][debug  ][gc,remset      ] GC(1) Y: Remset forwarding released: 0,000ms count: 0 ZWorkerYoung#4
[3,556s][debug  ][gc,remset      ] GC(1) Y: Remset forwarding released: 0,000ms count: 0 ZWorkerYoung#0
[3,556s][debug  ][gc,marking     ] GC(1) Y: Try terminate after resurrection
[3,556s][debug  ][gc,phases      ] GC(1) Y: Concurrent Mark Follow 69,330ms
[3,556s][info   ][gc,phases      ] GC(1) Y: Concurrent Mark 71,902ms
[3,556s][debug  ][gc,reloc       ] Synchronize all workers 1 _nworkers: 0 _nsynchronized: 0
[3,556s][debug  ][gc,reloc       ] Synchronize all workers 1 _nworkers: 0 _nsynchronized: 0
[3,556s][debug  ][gc,phases,start] GC(1) Y: Pause Mark End
[3,556s][info   ][gc,phases      ] GC(1) Y: Pause Mark End 0,020ms
[3,556s][debug  ][gc,reloc       ] Desynchronize all workers _nworkers: 0 _nsynchronized: 0
[3,556s][debug  ][gc,reloc       ] Desynchronize all workers _nworkers: 0 _nsynchronized: 0
[3,556s][debug  ][gc,phases,start] GC(1) Y: Concurrent Mark Free
[3,556s][info   ][gc,phases      ] GC(1) Y: Concurrent Mark Free 0,016ms
[3,556s][debug  ][gc,phases,start] GC(1) Y: Concurrent Reset Relocation Set
[3,556s][info   ][gc,phases      ] GC(1) Y: Concurrent Reset Relocation Set 0,008ms
[3,556s][debug  ][gc,phases,start] GC(1) Y: Concurrent Select Relocation Set
[3,557s][debug  ][gc,reloc       ] GC(1) Y: Relocation Set (Medium Pages): 0->0, 1 skipped, 0 forwarding entries
[3,557s][debug  ][gc,reloc       ] GC(1) Y: Relocation Set (Small Pages): 749->214, 2 skipped, 23879208 forwarding entries
[3,557s][debug  ][gc,reloc       ] GC(1) Y: Allocated To Garbage: 0,8
[3,557s][debug  ][gc,reloc       ] GC(1) Y: Young Log Residency: 1,4
[3,557s][debug  ][gc,reloc       ] GC(1) Y: Life Decay Factor: 31,2
[3,557s][info   ][gc,reloc       ] GC(1) Y: Using tenuring threshold: 2 (Computed)
[3,557s][debug  ][gc,task        ] GC(1) Y: Executing ZRelocationSetInstallTask using ZWorkerYoung with 5 workers
[3,560s][debug  ][gc,nmethod     ] Register NMethod: java.util.BitSet.flip (0x00007f376f32ee90) [0x00007f376f32f040, 0x00007f376f32f4e8] Compiler: c2, Barriers: 1, Oops: 0, ImmediateOops: 0, NonImmediateOops: No
[3,573s][debug  ][gc,task        ] GC(1) Y: Executing ZPromotePagesTask using ZWorkerYoung with 5 workers
[3,573s][debug  ][gc,task        ] GC(1) Y: Executing ZPromotePagesTask using ZWorkerYoung with 5 workers
[3,573s][debug  ][gc,task        ] GC(1) Y: Executing ZPromotePagesTask using ZWorkerYoung with 5 workers
[3,574s][info   ][gc,phases      ] GC(1) Y: Concurrent Select Relocation Set 17,503ms
[3,574s][debug  ][gc,reloc       ] Synchronize all workers 1 _nworkers: 0 _nsynchronized: 0
[3,574s][debug  ][gc,reloc       ] Synchronize all workers 1 _nworkers: 0 _nsynchronized: 0
[3,574s][debug  ][gc,phases,start] GC(1) Y: Pause Relocate Start
[3,574s][debug  ][gc,reloc       ] GC(1) Y: Joining workers: 5
[3,574s][info   ][gc,phases      ] GC(1) Y: Pause Relocate Start 0,036ms
[3,574s][debug  ][gc,reloc       ] Desynchronize all workers _nworkers: 0 _nsynchronized: 0
[3,574s][debug  ][gc,reloc       ] Desynchronize all workers _nworkers: 5 _nsynchronized: 0
[3,574s][debug  ][gc,phases,start] GC(1) Y: Concurrent Relocate
[3,574s][debug  ][gc,task        ] GC(1) Y: Executing ZRelocateStoreBufferInstallBasePointersTask using ZWorkerYoung with 5 workers
[3,574s][debug  ][gc,task        ] GC(1) Y: Executing ZRelocateTask using ZWorkerYoung with 5 workers
[3,602s][debug  ][gc,alloc       ] Mutator Allocation Rate: 658,1MB/s Predicted: 749,9MB/s, Avg: 492,9(+/-144,1)MB/s
[3,619s][debug  ][gc,nmethod     ] Register NMethod: java.util.BitSet.get (0x00007f376f32f910) [0x00007f376f32faa0, 0x00007f376f32fbf0] Compiler: c2, Barriers: 1, Oops: 0, ImmediateOops: 0, NonImmediateOops: No
[3,627s][debug  ][gc,nmethod     ] Register NMethod: java.util.BitSet.and (0x00007f376f32fd10) [0x00007f376f32fec0, 0x00007f376f330200] Compiler: c2, Barriers: 3, Oops: 0, ImmediateOops: 0, NonImmediateOops: No
[3,638s][debug  ][gc,reloc       ] GC(1) Y: Leaving workers: left: 4 _synchronize: 0 _nsynchronized: 0
[3,638s][debug  ][gc,reloc       ] GC(1) Y: Leaving workers: left: 3 _synchronize: 0 _nsynchronized: 0
[3,638s][debug  ][gc,reloc       ] GC(1) Y: Leaving workers: left: 2 _synchronize: 0 _nsynchronized: 0
[3,638s][debug  ][gc,reloc       ] GC(1) Y: Leaving workers: left: 1 _synchronize: 0 _nsynchronized: 0
[3,638s][debug  ][gc,reloc       ] GC(1) Y: Leaving workers: left: 0 _synchronize: 0 _nsynchronized: 0
[3,638s][debug  ][gc,phases,start] GC(1) Y: Concurrent Relocate Remset FP
[3,638s][debug  ][gc,task        ] GC(1) Y: Executing ZRelocateAddRemsetForFlipPromoted using ZWorkerYoung with 5 workers
[3,638s][debug  ][gc,phases      ] GC(1) Y: Concurrent Relocate Remset FP 0,156ms
[3,638s][info   ][gc,phases      ] GC(1) Y: Concurrent Relocate 64,522ms
[3,638s][debug  ][gc,heap        ] GC(1) Y: Heap after GC invocations=2 (full 2):
[3,638s][debug  ][gc,heap        ] GC(1) Y:  ZHeap           used 562M, capacity 5120M, max capacity 15360M
[3,638s][debug  ][gc,heap        ] GC(1) Y:  Metaspace       used 28826K, committed 29248K, reserved 1114112K
[3,638s][debug  ][gc,heap        ] GC(1) Y:   class space    used 3245K, committed 3456K, reserved 1048576K
[3,638s][info   ][gc,alloc       ] GC(1) Y:                         Mark Start        Mark End      Relocate Start    Relocate End   
[3,638s][info   ][gc,alloc       ] GC(1) Y: Allocation Stalls:          0                0                0                0         
[3,638s][info   ][gc,load        ] GC(1) Y: Load: 1,94 (10%) / 1,93 (10%) / 4,96 (25%)
[3,638s][info   ][gc,mmu         ] GC(1) Y: MMU: 2ms/94,6%, 5ms/97,8%, 10ms/98,9%, 20ms/99,4%, 50ms/99,7%, 100ms/99,8%
[3,638s][info   ][gc,marking     ] GC(1) Y: Mark: 4 stripe(s), 2 proactive flush(es), 1 terminate flush(es), 0 completion(s), 0 continuation(s) 
[3,638s][info   ][gc,marking     ] GC(1) Y: Mark Stack Usage: 32M
[3,638s][info   ][gc,nmethod     ] GC(1) Y: NMethods: 2775 registered, 0 unregistered
[3,638s][info   ][gc,metaspace   ] GC(1) Y: Metaspace: 28M used, 28M committed, 1088M reserved
[3,638s][info   ][gc,reloc       ] GC(1) Y:                        Candidates     Selected     In-Place         Size        Empty    Relocated 
[3,638s][info   ][gc,reloc       ] GC(1) Y: Small Pages:                  755          535            0        1510M           0M         265M 
[3,638s][info   ][gc,reloc       ] GC(1) Y: Medium Pages:                   1            0            0          32M           0M           0M 
[3,638s][info   ][gc,reloc       ] GC(1) Y: Large Pages:                    0            0            0           0M           0M           0M 
[3,638s][info   ][gc,reloc       ] GC(1) Y: Forwarding Usage: 182M
[3,638s][info   ][gc,reloc       ] GC(1) Y: Age Table:
[3,638s][info   ][gc,reloc       ] GC(1) Y:                    Live             Garbage             Small              Medium             Large        
[3,638s][info   ][gc,reloc       ] GC(1) Y: Eden             374M (2%)         1117M (7%)         746 / 532            0 / 0              0 / 0        
[3,638s][info   ][gc,reloc       ] GC(1) Y: Survivor 1        12M (0%)           37M (0%)           9 / 3              1 / 0              0 / 0        
[3,638s][info   ][gc,heap        ] GC(1) Y: Min Capacity: 5120M(33%)
[3,638s][info   ][gc,heap        ] GC(1) Y: Max Capacity: 15360M(100%)
[3,638s][info   ][gc,heap        ] GC(1) Y: Soft Max Capacity: 15360M(100%)
[3,638s][info   ][gc,heap        ] GC(1) Y: Heap Statistics:
[3,638s][info   ][gc,heap        ] GC(1) Y:                Mark Start          Mark End        Relocate Start      Relocate End           High               Low         
[3,638s][info   ][gc,heap        ] GC(1) Y:  Capacity:     5120M (33%)        5120M (33%)        5120M (33%)        5120M (33%)        5120M (33%)        5120M (33%)    
[3,638s][info   ][gc,heap        ] GC(1) Y:      Free:    13818M (90%)       13756M (90%)       13742M (89%)       14798M (96%)       14798M (96%)       13734M (89%)    
[3,638s][info   ][gc,heap        ] GC(1) Y:      Used:     1542M (10%)        1604M (10%)        1618M (11%)         562M (4%)         1626M (11%)         562M (4%)     
[3,638s][info   ][gc,heap        ] GC(1) Y: Young Generation Statistics:
[3,638s][info   ][gc,heap        ] GC(1) Y:                Mark Start          Mark End        Relocate Start      Relocate End    
[3,638s][info   ][gc,heap        ] GC(1) Y:      Used:     1542M (10%)        1604M (10%)        1618M (11%)         562M (4%)     
[3,639s][info   ][gc,heap        ] GC(1) Y:      Live:         -               386M (3%)          386M (3%)          386M (3%)     
[3,639s][info   ][gc,heap        ] GC(1) Y:   Garbage:         -              1155M (8%)         1155M (8%)           31M (0%)     
[3,639s][info   ][gc,heap        ] GC(1) Y: Allocated:         -                62M (0%)           76M (0%)          143M (1%)     
[3,639s][info   ][gc,heap        ] GC(1) Y: Reclaimed:         -                  -                 0M (0%)         1123M (7%)     
[3,639s][info   ][gc,heap        ] GC(1) Y:  Promoted:         -                  -                 0M (0%)            0M (0%)     
[3,639s][info   ][gc,heap        ] GC(1) Y: Compacted:         -                  -                  -               374M (2%)     
[3,639s][info   ][gc,phases      ] GC(1) Y: Young Generation 1542M(10%)->562M(4%) 0,155s
[3,639s][debug  ][gc,heap        ] GC(1) O: Heap before GC invocations=2 (full 2):
[3,639s][debug  ][gc,heap        ] GC(1) O:  ZHeap           used 562M, capacity 5120M, max capacity 15360M
[3,639s][debug  ][gc,heap        ] GC(1) O:  Metaspace       used 28826K, committed 29248K, reserved 1114112K
[3,639s][debug  ][gc,heap        ] GC(1) O:   class space    used 3245K, committed 3456K, reserved 1048576K
[3,639s][info   ][gc,phases      ] GC(1) O: Old Generation
[3,639s][debug  ][gc,phases,start] GC(1) O: Concurrent Mark
[3,639s][debug  ][gc,phases,start] GC(1) O: Concurrent Mark Roots
[3,639s][debug  ][gc,task        ] GC(1) O: Executing ZMarkOldRootsTask using ZWorkerOld with 1 workers
[3,640s][debug  ][gc,tlab        ] GC(1) O: TLAB totals: thrds: 1  refills: 290 max: 290 slow allocs: 0 max 0 waste:  0,6% gc: 223816B max: 223816B slow: 253856B max: 253856B
[3,640s][debug  ][gc,phases      ] GC(1) O: Concurrent Mark Roots 1,389ms
[3,640s][debug  ][gc,phases,start] GC(1) O: Concurrent Mark Follow
[3,640s][debug  ][gc,marking     ] GC(1) O: Using 1 mark stripes
[3,640s][debug  ][gc,task        ] GC(1) O: Executing ZMarkTask using ZWorkerOld with 1 workers
[3,640s][debug  ][gc,phases      ] GC(1) O: Concurrent Mark Follow 0,370ms
[3,640s][info   ][gc,phases      ] GC(1) O: Concurrent Mark 1,789ms
[3,640s][debug  ][gc,reloc       ] Synchronize all workers 1 _nworkers: 0 _nsynchronized: 0
[3,640s][debug  ][gc,reloc       ] Synchronize all workers 1 _nworkers: 0 _nsynchronized: 0
[3,640s][debug  ][gc,phases,start] GC(1) O: Pause Mark End
[3,640s][info   ][gc,phases      ] GC(1) O: Pause Mark End 0,019ms
[3,640s][debug  ][gc,reloc       ] Desynchronize all workers _nworkers: 0 _nsynchronized: 0
[3,640s][debug  ][gc,reloc       ] Desynchronize all workers _nworkers: 0 _nsynchronized: 0
[3,641s][debug  ][gc,nmethod     ] Register NMethod: io.sirix.page.delegates.BitmapReferencesPage.index (0x00007f376f330390) [0x00007f376f330580, 0x00007f376f3310b0] Compiler: c2, Barriers: 5, Oops: 1, ImmediateOops: 0, NonImmediateOops: No
[3,641s][debug  ][gc,phases,start] GC(1) O: Concurrent Mark Free
[3,641s][info   ][gc,phases      ] GC(1) O: Concurrent Mark Free 0,016ms
[3,641s][debug  ][gc,phases,start] GC(1) O: Concurrent Process Non-Strong
[3,641s][debug  ][gc,phases,start] GC(1) O: Concurrent References Process
[3,641s][debug  ][gc,task        ] GC(1) O: Executing ZReferenceProcessorTask using ZWorkerOld with 1 workers
[3,641s][debug  ][gc,phases      ] GC(1) O: Concurrent References Process 0,174ms
[3,641s][debug  ][gc,task        ] GC(1) O: Executing ZProcessWeakRootsTask using ZWorkerOld with 1 workers
[3,642s][debug  ][gc,phases,start] GC(1) O: Concurrent Classes Unlink
[3,642s][debug  ][gc,phases,start] GC(1) O: ClassLoaderData
[3,642s][debug  ][gc,phases      ] GC(1) O: ClassLoaderData 0,018ms
[3,642s][debug  ][gc,phases,start] GC(1) O: Trigger cleanups
[3,642s][debug  ][gc,phases      ] GC(1) O: Trigger cleanups 0,005ms
[3,642s][debug  ][gc,task        ] GC(1) O: Executing ZNMethodUnlinkTask using ZWorkerOld with 1 workers
[3,642s][debug  ][gc,nmethod     ] GC(1) O: Unregister NMethod: io.sirix.node.json.ObjectStringNode.getKind (0x00007f374fe1b710) [0x00007f374fe1b8a0, 0x00007f374fe1b9b0] 
[3,642s][debug  ][gc,nmethod     ] GC(1) O: Unregister NMethod: io.sirix.access.trx.node.json.JsonNodeTrxImpl.moveToParentObjectKeyArrayOrDocumentRoot (0x00007f374fe19710) [0x00007f374fe199e0, 0x00007f374fe1abe8] 
[3,642s][debug  ][gc,nmethod     ] GC(1) O: Unregister NMethod: io.sirix.access.trx.node.json.JsonNodeTrxImpl.insertNullValueAsRightSibling (0x00007f374fed8f90) [0x00007f374fed9300, 0x00007f374fedac38] 
[3,642s][debug  ][gc,nmethod     ] GC(1) O: Unregister NMethod: com.google.gson.stream.JsonReader.nextQuotedValue (0x00007f374fdf9b10) [0x00007f374fdf9e80, 0x00007f374fdfb1f8] 
[3,642s][debug  ][gc,nmethod     ] GC(1) O: Unregister NMethod: net.openhft.chronicle.bytes.AbstractBytes.clear (0x00007f374fdfbb10) [0x00007f374fdfbce0, 0x00007f374fdfc288] 
[3,642s][debug  ][gc,nmethod     ] GC(1) O: Unregister NMethod: io.sirix.axis.AbstractAxis.<init> (0x00007f374fe10f10) [0x00007f374fe11120, 0x00007f374fe117c0] 
[3,642s][debug  ][gc,nmethod     ] GC(1) O: Unregister NMethod: java.net.URLStreamHandler.setURL (0x00007f374fb54110) [0x00007f374fb54420, 0x00007f374fb55580] 
[3,642s][debug  ][gc,nmethod     ] GC(1) O: Unregister NMethod: net.openhft.chronicle.core.io.AbstractReferenceCounted.throwExceptionIfReleased (0x00007f374fb51510) [0x00007f374fb516e0, 0x00007f374fb51ae8] 
[3,642s][debug  ][gc,nmethod     ] GC(1) O: Unregister NMethod: io.sirix.access.trx.node.AbstractNodeReadOnlyTrx.moveTo (0x00007f374fafea90) [0x00007f374fafed40, 0x00007f374faffd28] 
[3,642s][debug  ][gc,nmethod     ] GC(1) O: Unregister NMethod: net.openhft.chronicle.bytes.AbstractBytes.writeInt (0x00007f374fe26490) [0x00007f374fe26640, 0x00007f374fe26898] 
[3,642s][debug  ][gc,nmethod     ] GC(1) O: Unregister NMethod: io.sirix.index.path.summary.PathSummaryWriter.movePathSummary (0x00007f374fe55410) [0x00007f374fe55740, 0x00007f374fe56978] 
[3,642s][debug  ][gc,nmethod     ] GC(1) O: Unregister NMethod: io.sirix.service.json.shredder.JsonShredder.processNull (0x00007f374fed6b10) [0x00007f374fed6d00, 0x00007f374fed70d8] 
[3,642s][debug  ][gc,nmethod     ] GC(1) O: Unregister NMethod: io.sirix.access.trx.node.json.JsonNodeTrxImpl.insertStringValueAsRightSibling (0x00007f374fee4710) [0x00007f374fee4aa0, 0x00007f374fee6478] 
[3,642s][debug  ][gc,nmethod     ] GC(1) O: Unregister NMethod: io.sirix.axis.AbstractAxis.hasNext (0x00007f374faf9790) [0x00007f374faf99c0, 0x00007f374fafa018] 
[3,642s][debug  ][gc,nmethod     ] GC(1) O: Unregister NMethod: sun.nio.cs.StreamDecoder.read (0x00007f374ff2dd10) [0x00007f374ff2df80, 0x00007f374ff2e6b8] 
[3,642s][debug  ][gc,nmethod     ] GC(1) O: Unregister NMethod: com.google.gson.stream.JsonReader.peekKeyword (0x00007f374fecbb90) [0x00007f374fecbec0, 0x00007f374fecd238] 
[3,642s][debug  ][gc,nmethod     ] GC(1) O: Unregister NMethod: java.lang.Long.toString (0x00007f374fefe590) [0x00007f374fefe760, 0x00007f374fefeae0] 
[3,642s][debug  ][gc,nmethod     ] GC(1) O: Unregister NMethod: com.google.gson.stream.JsonReader.nextBoolean (0x00007f374ff08a10) [0x00007f374ff08cc0, 0x00007f374ff09770] 
[3,642s][debug  ][gc,nmethod     ] GC(1) O: Unregister NMethod: sun.net.www.protocol.file.Handler.parseURL (0x00007f374fc3f210) [0x00007f374fc3f3c0, 0x00007f374fc3f578] 
[3,642s][debug  ][gc,nmethod     ] GC(1) O: Unregister NMethod: java.net.URL.<init> (0x00007f374fb46990) [0x00007f374fb47020, 0x00007f374fb4a7d0] 
[3,642s][debug  ][gc,nmethod     ] GC(1) O: Unregister NMethod: net.openhft.hashing.XXH3.XXH3_avalanche (0x00007f374fe2ec90) [0x00007f374fe2ee20, 0x00007f374fe2ef30] 
[3,642s][debug  ][gc,nmethod     ] GC(1) O: Unregister NMethod: io.sirix.access.trx.page.NodePageTrx.prepareRecordForModification (0x00007f374fe94310) [0x00007f374fe94600, 0x00007f374fe95550] 
[3,642s][debug  ][gc,nmethod     ] GC(1) O: Unregister NMethod: io.sirix.access.trx.page.NodePageReadOnlyTrx.pageKey (0x00007f374fa2c910) [0x00007f374fa2cae0, 0x00007f374fa2cf30] 
[3,642s][debug  ][gc,nmethod     ] GC(1) O: Unregister NMethod: sun.misc.Unsafe.getLong (0x00007f374fbd3a10) [0x00007f374fbd3ba0, 0x00007f374fbd3ca8] 
[3,642s][debug  ][gc,nmethod     ] GC(1) O: Unregister NMethod: io.sirix.access.trx.node.AbstractNodeReadOnlyTrx.getParentKind (0x00007f374fe3ea10) [0x00007f374fe3eca0, 0x00007f374fe3f9c8] 
[3,642s][debug  ][gc,nmethod     ] GC(1) O: Unregister NMethod: io.sirix.node.xml.AbstractStructForwardingNode.setFirstChildKey (0x00007f374fe04890) [0x00007f374fe04a40, 0x00007f374fe04c30] 
[3,642s][debug  ][gc,nmethod     ] GC(1) O: Unregister NMethod: java.lang.StringCoding.hasNegatives (0x00007f374face510) [0x00007f374face6c0, 0x00007f374face970] 
[3,642s][debug  ][gc,nmethod     ] GC(1) O: Unregister NMethod: java.lang.ref.Cleaner$1.apply (0x00007f374fa7db10) [0x00007f374fa7dcc0, 0x00007f374fa7df40] 
[3,642s][debug  ][gc,nmethod     ] GC(1) O: Unregister NMethod: net.openhft.chronicle.bytes.NativeBytes.writeByte (0x00007f374fa2ec10) [0x00007f374fa2edc0, 0x00007f374fa2f018] 
[3,642s][debug  ][gc,nmethod     ] GC(1) O: Unregister NMethod: io.sirix.access.trx.page.NodePageTrx.getMostRecentPageContainer (0x00007f374fa2d510) [0x00007f374fa2d700, 0x00007f374fa2ddc8] 
[3,642s][debug  ][gc,nmethod     ] GC(1) O: Unregister NMethod: java.nio.CharBuffer.wrap (0x00007f374fecd910) [0x00007f374fecdae0, 0x00007f374fecdd70] 
[3,642s][debug  ][gc,nmethod     ] GC(1) O: Unregister NMethod: io.sirix.access.trx.page.NodePageTrx.getMostRecentPageContainer (0x00007f374fe8a590) [0x00007f374fe8a780, 0x00007f374fe8ae48] 
[3,642s][debug  ][gc,nmethod     ] GC(1) O: Unregister NMethod: java.lang.invoke.MethodTypeForm.canonicalize (0x00007f374fa27810) [0x00007f374fa27a40, 0x00007f374fa28030] 
[3,642s][debug  ][gc,nmethod     ] GC(1) O: Unregister NMethod: net.openhft.chronicle.bytes.NativeBytes.writeLong (0x00007f374fafb910) [0x00007f374fafbac0, 0x00007f374fafbc70] 
[3,642s][debug  ][gc,nmethod     ] GC(1) O: Unregister NMethod: io.sirix.node.json.AbstractBooleanNode.delegate (0x00007f374fea8b90) [0x00007f374fea8d40, 0x00007f374fea8f98] 
[3,642s][debug  ][gc,nmethod     ] GC(1) O: Unregister NMethod: jdk.internal.org.objectweb.asm.Frame.push (0x00007f374fb59f90) [0x00007f374fb5a180, 0x00007f374fb5a7c0] 
[3,642s][debug  ][gc,nmethod     ] GC(1) O: Unregister NMethod: java.util.BitSet.set (0x00007f374fdf0990) [0x00007f374fdf0c00, 0x00007f374fdf1428] 
[3,642s][debug  ][gc,nmethod     ] GC(1) O: Unregister NMethod: java.nio.Buffer.limit (0x00007f374fa65a90) [0x00007f374fa65c40, 0x00007f374fa65ee8] 
[3,643s][debug  ][gc,nmethod     ] GC(1) O: Unregister NMethod: it.unimi.dsi.fastutil.longs.LongArrayList.add (0x00007f374fe0a890) [0x00007f374fe0aa60, 0x00007f374fe0ad48] 
[3,643s][debug  ][gc,nmethod     ] GC(1) O: Unregister NMethod: io.sirix.node.delegates.StructNodeDelegate.incrementChildCount (0x00007f374fe05a90) [0x00007f374fe05c20, 0x00007f374fe05d38] 
[3,643s][debug  ][gc,nmethod     ] GC(1) O: Unregister NMethod: java.util.ArrayList$Itr.next (0x00007f374fd90310) [0x00007f374fd90500, 0x00007f374fd90958] 
[3,643s][debug  ][gc,nmethod     ] GC(1) O: Unregister NMethod: java.lang.String.indexOf (0x00007f374fb28210) [0x00007f374fb283e0, 0x00007f374fb286d0] 
[3,643s][debug  ][gc,nmethod     ] GC(1) O: Unregister NMethod: io.sirix.access.trx.node.AbstractNodeReadOnlyTrx.getNodeKey (0x00007f374fe30290) [0x00007f374fe30460, 0x00007f374fe30840] 
[3,643s][debug  ][gc,nmethod     ] GC(1) O: Unregister NMethod: io.sirix.index.path.summary.PathSummaryReader.getNodeKey (0x00007f374fadba90) [0x00007f374fadbc60, 0x00007f374fadbfd0] 
[3,643s][debug  ][gc,nmethod     ] GC(1) O: Unregister NMethod: net.openhft.chronicle.bytes.internal.HeapBytesStore.writeLong (0x00007f374fbe0210) [0x00007f374fbe0460, 0x00007f374fbe0e98] 
[3,643s][debug  ][gc,nmethod     ] GC(1) O: Unregister NMethod: java.lang.Object.equals (0x00007f374fa40c10) [0x00007f374fa40da0, 0x00007f374fa40f00] 
[3,643s][debug  ][gc,nmethod     ] GC(1) O: Unregister NMethod: io.sirix.access.trx.node.AbstractNodeReadOnlyTrx.getKind (0x00007f374fdef410) [0x00007f374fdef5e0, 0x00007f374fdef9c0] 
[3,643s][debug  ][gc,nmethod     ] GC(1) O: Unregister NMethod: io.sirix.node.delegates.NodeDelegate.getKind (0x00007f374fe2ca10) [0x00007f374fe2cba0, 0x00007f374fe2ccb0] 
[3,643s][debug  ][gc,nmethod     ] GC(1) O: Unregister NMethod: io.sirix.service.json.shredder.JsonShredder.insertArray (0x00007f374ff1d390) [0x00007f374ff1d9e0, 0x00007f374ff212f8] 
[3,643s][debug  ][gc,nmethod     ] GC(1) O: Unregister NMethod: io.sirix.access.trx.node.json.JsonNodeTrxImpl.adaptNodesAndHashesForInsertAsChild (0x00007f374fe35810) [0x00007f374fe35a60, 0x00007f374fe366b0] 
[3,643s][debug  ][gc,nmethod     ] GC(1) O: Unregister NMethod: net.openhft.hashing.LongHashFunction.hashByteBuffer (0x00007f374fe2f010) [0x00007f374fe2f2a0, 0x00007f374fe2fed0] 
[3,643s][debug  ][gc,nmethod     ] GC(1) O: Unregister NMethod: io.sirix.index.path.summary.PathSummaryReader.assertNotClosed (0x00007f374fb4fd90) [0x00007f374fb4ff40, 0x00007f374fb50158] 
[3,643s][debug  ][gc,nmethod     ] GC(1) O: Unregister NMethod: it.unimi.dsi.fastutil.HashCommon.mix (0x00007f374fbdde10) [0x00007f374fbddfa0, 0x00007f374fbde098] 
[3,643s][debug  ][gc,nmethod     ] GC(1) O: Unregister NMethod: sun.net.util.IPAddressUtil.checkHostString (0x00007f374fab8d10) [0x00007f374fab8ec0, 0x00007f374fab90d0] 
[3,643s][debug  ][gc,nmethod     ] GC(1) O: Unregister NMethod: com.google.gson.stream.JsonReader.nextNonWhitespace (0x00007f374fa57f10) [0x00007f374fa58400, 0x00007f374fa5a3d0] 
[3,643s][debug  ][gc,nmethod     ] GC(1) O: Unregister NMethod: java.lang.Long.stringSize (0x00007f374fee0a10) [0x00007f374fee0bc0, 0x00007f374fee0e30] 
[3,643s][debug  ][gc,nmethod     ] GC(1) O: Unregister NMethod: com.google.gson.stream.JsonReader.fillBuffer (0x00007f374ff30090) [0x00007f374ff30280, 0x00007f374ff30880] 
[3,643s][debug  ][gc,nmethod     ] GC(1) O: Unregister NMethod: java.lang.Class.getPackageName (0x00007f374fa67290) [0x00007f374fa67540, 0x00007f374fa68068] 
[3,643s][debug  ][gc,nmethod     ] GC(1) O: Unregister NMethod: io.sirix.access.trx.node.AbstractNodeTrxImpl.checkAccessAndCommit (0x00007f374fe33090) [0x00007f374fe332c0, 0x00007f374fe33ab8] 
[3,643s][debug  ][gc,nmethod     ] GC(1) O: Unregister NMethod: net.openhft.chronicle.bytes.internal.HeapBytesStore.writeInt (0x00007f374fe36d10) [0x00007f374fe36ec0, 0x00007f374fe37010] 
[3,643s][debug  ][gc,nmethod     ] GC(1) O: Unregister NMethod: io.sirix.node.xml.AbstractStructForwardingNode.getFirstChildKey (0x00007f374fe1ba90) [0x00007f374fe1bc40, 0x00007f374fe1be30] 
[3,643s][debug  ][gc,nmethod     ] GC(1) O: Unregister NMethod: net.openhft.hashing.XXH3.access$500 (0x00007f374fe2e910) [0x00007f374fe2eac0, 0x00007f374fe2ebd8] 
[3,643s][debug  ][gc,nmethod     ] GC(1) O: Unregister NMethod: java.lang.Long.getChars (0x00007f374fee7090) [0x00007f374fee7280, 0x00007f374fee7880] 
[3,643s][debug  ][gc,nmethod     ] GC(1) O: Unregister NMethod: java.lang.Math.multiplyHigh (0x00007f374fdee590) [0x00007f374fdee720, 0x00007f374fdee880] 
[3,643s][debug  ][gc,nmethod     ] GC(1) O: Unregister NMethod: java.util.BitSet.checkInvariants (0x00007f374fa24710) [0x00007f374fa248a0, 0x00007f374fa249d0] 
[3,643s][debug  ][gc,nmethod     ] GC(1) O: Unregister NMethod: net.openhft.hashing.Maths.unsignedLongMulXorFold (0x00007f374fdee910) [0x00007f374fdeeac0, 0x00007f374fdeec00] 
[3,643s][debug  ][gc,nmethod     ] GC(1) O: Unregister NMethod: io.sirix.access.trx.node.json.JsonNodeTrxImpl.insertAsSibling (0x00007f374fe5dd10) [0x00007f374fe5e100, 0x00007f374fe60430] 
[3,643s][debug  ][gc,nmethod     ] GC(1) O: Unregister NMethod: io.sirix.node.xml.AbstractStructForwardingNode.hasRightSibling (0x00007f374fad9990) [0x00007f374fad9b40, 0x00007f374fad9df8] 
[3,643s][debug  ][gc,nmethod     ] GC(1) O: Unregister NMethod: java.lang.invoke.LambdaForm$MH/0x0000000080374800.invoke (0x00007f374fe9d310) [0x00007f374fe9d560, 0x00007f374fe9e020] 
[3,643s][debug  ][gc,nmethod     ] GC(1) O: Unregister NMethod: java.lang.invoke.LambdaForm$DMH/0x000000008010d800.invokeSpecial (0x00007f374fe98090) [0x00007f374fe98260, 0x00007f374fe986f8] 
[3,643s][debug  ][gc,nmethod     ] GC(1) O: Unregister NMethod: net.openhft.chronicle.bytes.internal.HeapBytesStore.writeByte (0x00007f374fa1d390) [0x00007f374fa1d5e0, 0x00007f374fa1e018] 
[3,643s][debug  ][gc,nmethod     ] GC(1) O: Unregister NMethod: io.sirix.access.trx.page.NodePageTrx.prepareRecordForModification (0x00007f376f27c510) [0x00007f376f27c700, 0x00007f376f27ccc0] 
[3,643s][debug  ][gc,nmethod     ] GC(1) O: Unregister NMethod: io.sirix.access.trx.node.AbstractNodeReadOnlyTrx.moveToParent (0x00007f374fe03b90) [0x00007f374fe03d80, 0x00007f374fe04218] 
[3,643s][debug  ][gc,nmethod     ] GC(1) O: Unregister NMethod: jdk.internal.org.objectweb.asm.MethodWriter.visitCode (0x00007f374fc54c90) [0x00007f374fc54e20, 0x00007f374fc54f20] 
[3,643s][debug  ][gc,nmethod     ] GC(1) O: Unregister NMethod: io.sirix.service.json.shredder.JsonShredder.processNumber (0x00007f374feffe90) [0x00007f374ff000a0, 0x00007f374ff00518] 
[3,643s][debug  ][gc,nmethod     ] GC(1) O: Unregister NMethod: io.sirix.node.json.ObjectKeyNode.delegate (0x00007f374fa2df10) [0x00007f374fa2e0c0, 0x00007f374fa2e318] 
[3,643s][debug  ][gc,nmethod     ] GC(1) O: Unregister NMethod: io.sirix.cache.IndexLogKey.equals (0x00007f374fea7090) [0x00007f374fea7260, 0x00007f374fea7750] 
[3,643s][debug  ][gc,nmethod     ] GC(1) O: Unregister NMethod: java.lang.String.decodeASCII (0x00007f374ff22f10) [0x00007f374ff230e0, 0x00007f374ff23388] 
[3,643s][debug  ][gc,nmethod     ] GC(1) O: Unregister NMethod: io.sirix.access.trx.page.NodePageTrx.getPageContainer (0x00007f376f280990) [0x00007f376f280b20, 0x00007f376f280c58] 
[3,643s][debug  ][gc,nmethod     ] GC(1) O: Unregister NMethod: io.sirix.index.path.summary.PathSummaryReader.moveTo (0x00007f374fad9f10) [0x00007f374fada160, 0x00007f374fadabb0] 
[3,643s][debug  ][gc,nmethod     ] GC(1) O: Unregister NMethod: io.sirix.node.xml.AbstractStructForwardingNode.setLastChildKey (0x00007f374fe2a890) [0x00007f374fe2aa60, 0x00007f374fe2add8] 
[3,643s][debug  ][gc,nmethod     ] GC(1) O: Unregister NMethod: io.sirix.access.trx.node.json.JsonNodeTrxImpl.getPathNodeKey (0x00007f374fe3d990) [0x00007f374fe3dbe0, 0x00007f374fe3e6e8] 
[3,643s][debug  ][gc,nmethod     ] GC(1) O: Unregister NMethod: java.lang.ref.SoftReference.get (0x00007f374faef810) [0x00007f374faef9c0, 0x00007f374faefb98] 
[3,643s][debug  ][gc,nmethod     ] GC(1) O: Unregister NMethod: jdk.internal.loader.URLClassPath$JarLoader$2.getCodeSourceURL (0x00007f374fc4ec90) [0x00007f374fc4ee20, 0x00007f374fc4ef88] 
[3,643s][debug  ][gc,nmethod     ] GC(1) O: Unregister NMethod: java.util.BitSet.recalculateWordsInUse (0x00007f374fbdea90) [0x00007f374fbdec40, 0x00007f374fbdee98] 
[3,643s][debug  ][gc,nmethod     ] GC(1) O: Unregister NMethod: io.sirix.node.json.ArrayNode.delegate (0x00007f374fdff990) [0x00007f374fdffb40, 0x00007f374fdffd98] 
[3,643s][debug  ][gc,nmethod     ] GC(1) O: Unregister NMethod: net.openhft.hashing.UnsafeAccess.byteOrder (0x00007f374fe29810) [0x00007f374fe299a0, 0x00007f374fe29b08] 
[3,643s][debug  ][gc,nmethod     ] GC(1) O: Unregister NMethod: java.lang.StringLatin1.inflate (0x00007f374fda1990) [0x00007f374fda1b40, 0x00007f374fda1d40] 
[3,643s][debug  ][gc,nmethod     ] GC(1) O: Unregister NMethod: java.lang.invoke.LambdaForm$MH/0x0000000080352400.invoke (0x00007f374feeea90) [0x00007f374feeec20, 0x00007f374feeee88] 
[3,643s][debug  ][gc,nmethod     ] GC(1) O: Unregister NMethod: java.nio.CharBuffer.position (0x00007f374fa33b90) [0x00007f374fa33d40, 0x00007f374fa33ee8] 
[3,643s][debug  ][gc,nmethod     ] GC(1) O: Unregister NMethod: it.unimi.dsi.fastutil.longs.AbstractLongList.popLong (0x00007f374fe0bf10) [0x00007f374fe0c0e0, 0x00007f374fe0c420] 
[3,643s][debug  ][gc,nmethod     ] GC(1) O: Unregister NMethod: io.sirix.access.trx.page.NodePageTrx.createRecord (0x00007f374fdfca90) [0x00007f374fdfce60, 0x00007f374fdfe790] 
[3,643s][debug  ][gc,nmethod     ] GC(1) O: Unregister NMethod: java.nio.ByteBuffer.arrayOffset (0x00007f374fa7c690) [0x00007f374fa7c860, 0x00007f374fa7cb58] 
[3,643s][debug  ][gc,nmethod     ] GC(1) O: Unregister NMethod: java.lang.String.encodeUTF8 (0x00007f374fe3be10) [0x00007f374fe3c040, 0x00007f374fe3c760] 
[3,643s][debug  ][gc,nmethod     ] GC(1) O: Unregister NMethod: io.sirix.access.trx.page.NodePageTrx.prepareRecordForModification (0x00007f374fa56510) [0x00007f374fa56800, 0x00007f374fa57750] 
[3,643s][debug  ][gc,nmethod     ] GC(1) O: Unregister NMethod: java.util.Arrays.copyOf (0x00007f374fa76310) [0x00007f374fa764e0, 0x00007f374fa76990] 
[3,643s][debug  ][gc,nmethod     ] GC(1) O: Unregister NMethod: java.lang.Integer.rotateRight (0x00007f374fb8cd90) [0x00007f374fb8cf20, 0x00007f374fb8d018] 
[3,643s][debug  ][gc,nmethod     ] GC(1) O: Unregister NMethod: it.unimi.dsi.fastutil.longs.LongArrayList.removeLong (0x00007f374fe0c590) [0x00007f374fe0c840, 0x00007f374fe0d328] 
[3,643s][debug  ][gc,nmethod     ] GC(1) O: Unregister NMethod: net.openhft.hashing.LongHashFunction.unsafeHash (0x00007f374fe2d910) [0x00007f374fe2dac0, 0x00007f374fe2dc88] 
[3,643s][debug  ][gc,nmethod     ] GC(1) O: Unregister NMethod: io.sirix.access.trx.page.NodePageTrx.prepareRecordPage (0x00007f374fe98b10) [0x00007f374fe98e20, 0x00007f374fe9a188] 
[3,643s][debug  ][gc,nmethod     ] GC(1) O: Unregister NMethod: io.sirix.access.trx.node.AbstractNodeReadOnlyTrx.storeDeweyIDs (0x00007f374fe2a110) [0x00007f374fe2a2e0, 0x00007f374fe2a6d8] 
[3,643s][debug  ][gc,nmethod     ] GC(1) O: Unregister NMethod: io.sirix.node.json.AbstractNullNode.delegate (0x00007f374fec8390) [0x00007f374fec8540, 0x00007f374fec8798] 
[3,643s][debug  ][gc,nmethod     ] GC(1) O: Unregister NMethod: io.sirix.node.json.AbstractNumberNode.delegate (0x00007f374fdefb10) [0x00007f374fdefcc0, 0x00007f374fdeff18] 
[3,643s][debug  ][gc,nmethod     ] GC(1) O: Unregister NMethod: java.lang.String.<init> (0x00007f376f210b10) [0x00007f376f210cc0, 0x00007f376f211250] 
[3,643s][debug  ][gc,nmethod     ] GC(1) O: Unregister NMethod: io.sirix.access.trx.node.AbstractDeweyIDManager.newRightSiblingID (0x00007f374fe5a890) [0x00007f374fe5abe0, 0x00007f374fe5c3e0] 
[3,643s][debug  ][gc,nmethod     ] GC(1) O: Unregister NMethod: java.lang.System$2.decodeASCII (0x00007f374ff22390) [0x00007f374ff22540, 0x00007f374ff22688] 
[3,644s][debug  ][gc,nmethod     ] GC(1) O: Unregister NMethod: io.sirix.access.trx.page.NodePageReadOnlyTrx.checkItemIfDeleted (0x00007f374fbde190) [0x00007f374fbde340, 0x00007f374fbde590] 
[3,644s][debug  ][gc,nmethod     ] GC(1) O: Unregister NMethod: io.sirix.access.trx.node.AbstractNodeHashing.adaptHashesWithAdd (0x00007f374fe2cd90) [0x00007f374fe2cf60, 0x00007f374fe2d2b8] 
[3,644s][debug  ][gc,nmethod     ] GC(1) O: Unregister NMethod: io.sirix.index.path.summary.PathSummaryWriter.getPathNodeKey (0x00007f374fe52090) [0x00007f374fe52540, 0x00007f374fe54780] 
[3,644s][debug  ][gc,nmethod     ] GC(1) O: Unregister NMethod: io.sirix.access.trx.node.AbstractNodeHashing.rollingAdd (0x00007f374fee7c10) [0x00007f374fee8080, 0x00007f374feea680] 
[3,644s][debug  ][gc,nmethod     ] GC(1) O: Unregister NMethod: io.sirix.node.xml.AbstractStructForwardingNode.setDescendantCount (0x00007f374fad8690) [0x00007f374fad8840, 0x00007f374fad8a30] 
[3,644s][debug  ][gc,nmethod     ] GC(1) O: Unregister NMethod: io.sirix.node.delegates.ValueNodeDelegate.<init> (0x00007f374fea4190) [0x00007f374fea4380, 0x00007f374fea48d0] 
[3,644s][debug  ][gc,nmethod     ] GC(1) O: Unregister NMethod: com.google.gson.stream.JsonReader.nextNull (0x00007f374fed7290) [0x00007f374fed7520, 0x00007f374fed7f08] 
[3,644s][debug  ][gc,nmethod     ] GC(1) O: Unregister NMethod: java.util.HashMap.put (0x00007f376f21ba90) [0x00007f376f21bd20, 0x00007f376f21ca08] 
[3,644s][debug  ][gc,nmethod     ] GC(1) O: Unregister NMethod: io.sirix.node.immutable.json.ImmutableArrayNode.getKind (0x00007f374fe66990) [0x00007f374fe66b20, 0x00007f374fe66c30] 
[3,644s][debug  ][gc,nmethod     ] GC(1) O: Unregister NMethod: java.lang.invoke.DirectMethodHandle.constructorMethod (0x00007f374fc9b390) [0x00007f374fc9b540, 0x00007f374fc9b738] 
[3,644s][debug  ][gc,nmethod     ] GC(1) O: Unregister NMethod: java.lang.ThreadLocal.get (0x00007f374fd81d90) [0x00007f374fd81f60, 0x00007f374fd822c8] 
[3,644s][debug  ][gc,nmethod     ] GC(1) O: Unregister NMethod: io.sirix.access.trx.page.NodePageTrx.prepareRecordPage (0x00007f374fa5b010) [0x00007f374fa5b340, 0x00007f374fa5c9f0] 
[3,644s][debug  ][gc,nmethod     ] GC(1) O: Unregister NMethod: io.sirix.node.xml.AbstractStructForwardingNode.getRightSiblingKey (0x00007f374fad6a90) [0x00007f374fad6c40, 0x00007f374fad6e30] 
[3,644s][debug  ][gc,nmethod     ] GC(1) O: Unregister NMethod: io.sirix.access.trx.node.json.JsonNodeFactoryImpl.createJsonArrayNode (0x00007f374ff15610) [0x00007f374ff15880, 0x00007f374ff16368] 
[3,644s][debug  ][gc,nmethod     ] GC(1) O: Unregister NMethod: java.util.concurrent.ConcurrentHashMap.putVal (0x00007f374fc51590) [0x00007f374fc51940, 0x00007f374fc53618] 
[3,644s][debug  ][gc,nmethod     ] GC(1) O: Unregister NMethod: io.sirix.cache.IndexLogKey.hashCode (0x00007f374fea4a90) [0x00007f374fea4c40, 0x00007f374fea4e38] 
[3,644s][debug  ][gc,nmethod     ] GC(1) O: Unregister NMethod: io.sirix.node.json.ObjectNode.getKind (0x00007f374fe02e90) [0x00007f374fe03020, 0x00007f374fe03130] 
[3,644s][debug  ][gc,nmethod     ] GC(1) O: Unregister NMethod: java.nio.CharBuffer.<init> (0x00007f374fec5c90) [0x00007f374fec5e40, 0x00007f374fec6018] 
[3,644s][debug  ][gc,nmethod     ] GC(1) O: Unregister NMethod: net.openhft.chronicle.bytes.AbstractBytes.writeOffsetPositionMoved (0x00007f374fa10010) [0x00007f374fa101c0, 0x00007f374fa10380] 
[3,644s][debug  ][gc,nmethod     ] GC(1) O: Unregister NMethod: io.sirix.node.xml.AbstractStructForwardingNode.getDescendantCount (0x00007f374fafa690) [0x00007f374fafa840, 0x00007f374fafaa30] 
[3,644s][debug  ][gc,nmethod     ] GC(1) O: Unregister NMethod: net.openhft.chronicle.bytes.internal.BytesInternal.writeStopBit (0x00007f374fe64590) [0x00007f374fe647a0, 0x00007f374fe64f18] 
[3,644s][debug  ][gc,nmethod     ] GC(1) O: Unregister NMethod: io.sirix.access.trx.node.json.JsonNodeReadOnlyTrxImpl.isArray (0x00007f374feba510) [0x00007f374feba6e0, 0x00007f374febaba8] 
[3,644s][debug  ][gc,nmethod     ] GC(1) O: Unregister NMethod: java.util.HashMap.computeIfAbsent (0x00007f374fe9a790) [0x00007f374fe9aae0, 0x00007f374fe9c130] 
[3,644s][debug  ][gc,nmethod     ] GC(1) O: Unregister NMethod: io.sirix.node.json.ObjectKeyNode.getKind (0x00007f374fbdf610) [0x00007f374fbdf7a0, 0x00007f374fbdf8b0] 
[3,644s][debug  ][gc,nmethod     ] GC(1) O: Unregister NMethod: java.lang.Object.<init> (0x00007f376f1b3910) [0x00007f376f1b3a80, 0x00007f376f1b3af8] 
[3,644s][debug  ][gc,nmethod     ] GC(1) O: Unregister NMethod: net.openhft.chronicle.bytes.NativeBytes.writeByte (0x00007f374fa2f110) [0x00007f374fa2f2c0, 0x00007f374fa2f470] 
[3,644s][debug  ][gc,nmethod     ] GC(1) O: Unregister NMethod: io.sirix.access.trx.node.json.JsonNodeTrxImpl.insertStringValueAsFirstChild (0x00007f374fe79190) [0x00007f374fe79720, 0x00007f374fe7ca50] 
[3,644s][debug  ][gc,nmethod     ] GC(1) O: Unregister NMethod: java.util.WeakHashMap.hash (0x00007f374fa92f10) [0x00007f374fa930c0, 0x00007f374fa932a8] 
[3,644s][debug  ][gc,nmethod     ] GC(1) O: Unregister NMethod: io.sirix.access.trx.node.AbstractNodeHashing.setAddDescendants (0x00007f374fad8b10) [0x00007f374fad8d20, 0x00007f374fad93d8] 
[3,644s][debug  ][gc,nmethod     ] GC(1) O: Unregister NMethod: io.sirix.access.trx.page.NodePageTrx.getMostRecentPageContainer (0x00007f376f27a710) [0x00007f376f27a8e0, 0x00007f376f27aef8] 
[3,644s][debug  ][gc,nmethod     ] GC(1) O: Unregister NMethod: io.sirix.access.trx.page.NodePageReadOnlyTrx.assertNotClosed (0x00007f374fa23010) [0x00007f374fa231c0, 0x00007f374fa233e8] 
[3,644s][debug  ][gc,nmethod     ] GC(1) O: Unregister NMethod: io.sirix.node.delegates.NodeDelegate.<init> (0x00007f374fe05e10) [0x00007f374fe05fe0, 0x00007f374fe06390] 
[3,644s][debug  ][gc,nmethod     ] GC(1) O: Unregister NMethod: java.lang.invoke.DirectMethodHandle.allocateInstance (0x00007f374fc98a10) [0x00007f374fc98bc0, 0x00007f374fc98e00] 
[3,644s][debug  ][gc,nmethod     ] GC(1) O: Unregister NMethod: java.lang.Long.bitCount (0x00007f374fdef090) [0x00007f374fdef220, 0x00007f374fdef388] 
[3,644s][debug  ][gc,nmethod     ] GC(1) O: Unregister NMethod: java.util.LinkedHashMap.afterNodeAccess (0x00007f374fe9fe10) [0x00007f374fea00a0, 0x00007f374fea0f70] 
[3,644s][debug  ][gc,nmethod     ] GC(1) O: Unregister NMethod: io.sirix.access.trx.node.json.JsonNodeTrxImpl.checkPrecondition (0x00007f374feca090) [0x00007f374feca2a0, 0x00007f374fecaad8] 
[3,644s][debug  ][gc,nmethod     ] GC(1) O: Unregister NMethod: net.openhft.chronicle.bytes.internal.HeapBytesStore.writeInt (0x00007f374fe38890) [0x00007f374fe38ae0, 0x00007f374fe39518] 
[3,644s][debug  ][gc,nmethod     ] GC(1) O: Unregister NMethod: java.lang.Math.clamp (0x00007f374fb29590) [0x00007f374fb297e0, 0x00007f374fb29fa0] 
[3,644s][debug  ][gc,nmethod     ] GC(1) O: Unregister NMethod: io.sirix.node.json.AbstractStringNode.computeHash (0x00007f374fea4f10) [0x00007f374fea5260, 0x00007f374fea6a20] 
[3,644s][debug  ][gc,nmethod     ] GC(1) O: Unregister NMethod: io.sirix.service.json.shredder.JsonShredder.insertNewContent (0x00007f374ff30a10) [0x00007f374ff30d60, 0x00007f374ff31dd0] 
[3,644s][debug  ][gc,nmethod     ] GC(1) O: Unregister NMethod: java.util.ArrayList$Itr.hasNext (0x00007f374faf8810) [0x00007f374faf89a0, 0x00007f374faf8b40] 
[3,644s][debug  ][gc,nmethod     ] GC(1) O: Unregister NMethod: io.sirix.access.trx.node.AbstractIndexController.notifyChange (0x00007f374fe18b90) [0x00007f374fe18da0, 0x00007f374fe194d8] 
[3,644s][debug  ][gc,nmethod     ] GC(1) O: Unregister NMethod: io.sirix.access.trx.node.AbstractNodeTrxImpl.intermediateCommitIfRequired (0x00007f374fe33d90) [0x00007f374fe33f80, 0x00007f374fe344d8] 
[3,644s][debug  ][gc,nmethod     ] GC(1) O: Unregister NMethod: java.lang.CharacterDataLatin1.digit (0x00007f374fe0fe10) [0x00007f374fe0ffc0, 0x00007f374fe10208] 
[3,644s][debug  ][gc,nmethod     ] GC(1) O: Unregister NMethod: java.lang.ref.SoftReference.get (0x00007f376f240a90) [0x00007f376f240c20, 0x00007f376f240d40] 
[3,644s][debug  ][gc,nmethod     ] GC(1) O: Unregister NMethod: io.sirix.node.AbstractForwardingNode.getNodeDelegate (0x00007f374fa22c10) [0x00007f374fa22dc0, 0x00007f374fa22f78] 
[3,644s][debug  ][gc,nmethod     ] GC(1) O: Unregister NMethod: io.sirix.service.json.shredder.JsonShredder.adaptTrxPosAndStack (0x00007f374fe61f10) [0x00007f374fe62180, 0x00007f374fe62d18] 
[3,644s][debug  ][gc,nmethod     ] GC(1) O: Unregister NMethod: net.openhft.hashing.XXH3.XXH3_mix16B (0x00007f374fdf6610) [0x00007f374fdf6820, 0x00007f374fdf7148] 
[3,644s][debug  ][gc,nmethod     ] GC(1) O: Unregister NMethod: java.util.concurrent.ConcurrentHashMap.spread (0x00007f374fa25d90) [0x00007f374fa25f20, 0x00007f374fa26010] 
[3,644s][debug  ][gc,nmethod     ] GC(1) O: Unregister NMethod: io.sirix.access.trx.page.NodePageTrx$$Lambda/0x000000008036b068.<init> (0x00007f374feb9390) [0x00007f374feb9540, 0x00007f374feb9798] 
[3,644s][debug  ][gc,nmethod     ] GC(1) O: Unregister NMethod: io.sirix.utils.IntToObjectMap.find (0x00007f374fadb310) [0x00007f374fadb4e0, 0x00007f374fadb878] 
[3,644s][debug  ][gc,nmethod     ] GC(1) O: Unregister NMethod: io.sirix.access.trx.page.NodePageTrx.getPageContainer (0x00007f374fafd610) [0x00007f374fafd880, 0x00007f374fafe6b8] 
[3,644s][debug  ][gc,nmethod     ] GC(1) O: Unregister NMethod: io.sirix.node.json.ObjectNode.delegate (0x00007f374fb4f890) [0x00007f374fb4fa40, 0x00007f374fb4fc98] 
[3,644s][debug  ][gc,nmethod     ] GC(1) O: Unregister NMethod: java.lang.Integer.parseInt (0x00007f374fecf510) [0x00007f374fecf9a0, 0x00007f374fed1808] 
[3,644s][debug  ][gc,nmethod     ] GC(1) O: Unregister NMethod: com.google.gson.stream.JsonReader.peek (0x00007f374fdff010) [0x00007f374fdff240, 0x00007f374fdff870] 
[3,644s][debug  ][gc,nmethod     ] GC(1) O: Unregister NMethod: java.lang.invoke.MethodType.methodType (0x00007f374fa52f10) [0x00007f374fa53120, 0x00007f374fa53658] 
[3,644s][debug  ][gc,nmethod     ] GC(1) O: Unregister NMethod: com.google.common.base.Preconditions.checkArgument (0x00007f374fbdef90) [0x00007f374fbdf160, 0x00007f374fbdf4b8] 
[3,644s][debug  ][gc,nmethod     ] GC(1) O: Unregister NMethod: com.google.gson.stream.JsonReader.nextString (0x00007f374fe59310) [0x00007f374fe59620, 0x00007f374fe5a418] 
[3,644s][debug  ][gc,nmethod     ] GC(1) O: Unregister NMethod: io.sirix.node.json.BooleanNode.getKind (0x00007f374feee710) [0x00007f374feee8a0, 0x00007f374feee9b0] 
[3,644s][debug  ][gc,nmethod     ] GC(1) O: Unregister NMethod: io.sirix.node.json.AbstractBooleanNode.computeHash (0x00007f374ff09b90) [0x00007f374ff09f60, 0x00007f374ff0be88] 
[3,644s][debug  ][gc,nmethod     ] GC(1) O: Unregister NMethod: jdk.internal.loader.URLClassPath.getResource (0x00007f374fc15d10) [0x00007f374fc15ee0, 0x00007f374fc16220] 
[3,644s][debug  ][gc,nmethod     ] GC(1) O: Unregister NMethod: net.openhft.chronicle.core.io.AbstractReferenceCounted.refCount (0x00007f374fe87310) [0x00007f374fe874c0, 0x00007f374fe87658] 
[3,644s][debug  ][gc,nmethod     ] GC(1) O: Unregister NMethod: net.openhft.hashing.XXH3$AsLongHashFunction.hash (0x00007f374fe2e090) [0x00007f374fe2e280, 0x00007f374fe2e700] 
[3,644s][debug  ][gc,nmethod     ] GC(1) O: Unregister NMethod: io.sirix.api.PageReadOnlyTrx.recordPageOffset (0x00007f374fa22490) [0x00007f374fa22620, 0x00007f374fa22720] 
[3,644s][debug  ][gc,nmethod     ] GC(1) O: Unregister NMethod: net.openhft.chronicle.bytes.internal.BytesInternal.appendUtf8Char (0x00007f374fbe1e90) [0x00007f374fbe2180, 0x00007f374fbe3570] 
[3,644s][debug  ][gc,nmethod     ] GC(1) O: Unregister NMethod: io.sirix.node.json.AbstractStringNode.delegate (0x00007f374fad6590) [0x00007f374fad6740, 0x00007f374fad6998] 
[3,644s][debug  ][gc,nmethod     ] GC(1) O: Unregister NMethod: io.sirix.node.xml.AbstractStructForwardingNode.getLeftSiblingKey (0x00007f374fe58e90) [0x00007f374fe59040, 0x00007f374fe59230] 
[3,644s][debug  ][gc,nmethod     ] GC(1) O: Unregister NMethod: java.nio.ByteBuffer.array (0x00007f374fa30a10) [0x00007f374fa30be0, 0x00007f374fa30ed0] 
[3,644s][debug  ][gc,nmethod     ] GC(1) O: Unregister NMethod: io.sirix.access.trx.node.json.JsonNodeTrxImpl.adaptForInsert (0x00007f374fe2af90) [0x00007f374fe2b2e0, 0x00007f374fe2c5d8] 
[3,644s][debug  ][gc,nmethod     ] GC(1) O: Unregister NMethod: java.util.concurrent.ConcurrentHashMap.putVal (0x00007f376f244810) [0x00007f376f244aa0, 0x00007f376f245b80] 
[3,644s][debug  ][gc,nmethod     ] GC(1) O: Unregister NMethod: java.util.Arrays.copyOf (0x00007f374fab6f10) [0x00007f374fab7120, 0x00007f374fab77a8] 
[3,644s][debug  ][gc,nmethod     ] GC(1) O: Unregister NMethod: jdk.internal.org.objectweb.asm.Frame.execute (0x00007f376f246610) [0x00007f376f247440, 0x00007f376f249c38] 
[3,644s][debug  ][gc,nmethod     ] GC(1) O: Unregister NMethod: java.lang.Integer.valueOf (0x00007f374fc38e90) [0x00007f374fc39060, 0x00007f374fc39398] 
[3,644s][debug  ][gc,nmethod     ] GC(1) O: Unregister NMethod: io.sirix.access.trx.page.NodePageTrx.getRecord (0x00007f374fafc210) [0x00007f374fafc4c0, 0x00007f374fafd1b8] 
[3,645s][debug  ][gc,nmethod     ] GC(1) O: Unregister NMethod: java.lang.AbstractStringBuilder.append (0x00007f374ff3bc90) [0x00007f374ff3be60, 0x00007f374ff3c168] 
[3,645s][debug  ][gc,nmethod     ] GC(1) O: Unregister NMethod: net.openhft.chronicle.bytes.internal.BytesInternal.writeUtf8 (0x00007f374fe6c210) [0x00007f374fe6c500, 0x00007f374fe6d560] 
[3,645s][debug  ][gc,nmethod     ] GC(1) O: Unregister NMethod: jdk.internal.org.objectweb.asm.SymbolTable.addConstantUtf8Reference (0x00007f374faa0290) [0x00007f374faa04e0, 0x00007f374faa0bb0] 
[3,645s][debug  ][gc,nmethod     ] GC(1) O: Unregister NMethod: java.util.HashSet.isEmpty (0x00007f374fa4df90) [0x00007f374fa4e140, 0x00007f374fa4e3a8] 
[3,645s][debug  ][gc,nmethod     ] GC(1) O: Unregister NMethod: sun.nio.cs.StreamDecoder.implRead (0x00007f374ff2ea90) [0x00007f374ff2ecc0, 0x00007f374ff2f2d0] 
[3,645s][debug  ][gc,nmethod     ] GC(1) O: Unregister NMethod: io.sirix.access.trx.node.AbstractNodeReadOnlyTrx.assertNotClosed (0x00007f374fa21f90) [0x00007f374fa22140, 0x00007f374fa22358] 
[3,645s][debug  ][gc,nmethod     ] GC(1) O: Unregister NMethod: io.sirix.node.json.StringNode.getKind (0x00007f374fec9810) [0x00007f374fec99a0, 0x00007f374fec9ab0] 
[3,645s][debug  ][gc,nmethod     ] GC(1) O: Unregister NMethod: java.lang.AbstractStringBuilder.append (0x00007f374ff2cf90) [0x00007f374ff2d160, 0x00007f374ff2d348] 
[3,645s][debug  ][gc,nmethod     ] GC(1) O: Unregister NMethod: jdk.internal.org.objectweb.asm.ByteVector.put122 (0x00007f374faeb890) [0x00007f374faeba40, 0x00007f374faebd18] 
[3,645s][debug  ][gc,nmethod     ] GC(1) O: Unregister NMethod: java.lang.String.encode (0x00007f374fe3b190) [0x00007f374fe3b380, 0x00007f374fe3b6d0] 
[3,645s][debug  ][gc,nmethod     ] GC(1) O: Unregister NMethod: io.sirix.page.RevisionRootPage.incrementAndGetMaxNodeKeyInDocumentIndex (0x00007f374fe0e290) [0x00007f374fe0e420, 0x00007f374fe0e538] 
[3,645s][debug  ][gc,nmethod     ] GC(1) O: Unregister NMethod: io.sirix.node.AbstractForwardingNode.getParentKey (0x00007f374fa2b110) [0x00007f374fa2b2c0, 0x00007f374fa2b4b0] 
[3,645s][debug  ][gc,nmethod     ] GC(1) O: Unregister NMethod: io.sirix.node.json.AbstractNullNode.computeHash (0x00007f374fee0f10) [0x00007f374fee12c0, 0x00007f374fee2ef8] 
[3,645s][debug  ][gc,nmethod     ] GC(1) O: Unregister NMethod: net.openhft.hashing.MathsJDK9.unsignedLongMulXorFoldImp (0x00007f374fdeec90) [0x00007f374fdeee40, 0x00007f374fdeefc8] 
[3,645s][debug  ][gc,nmethod     ] GC(1) O: Unregister NMethod: java.util.BitSet.cardinality (0x00007f374fdf1e90) [0x00007f374fdf2040, 0x00007f374fdf22b0] 
[3,645s][debug  ][gc,nmethod     ] GC(1) O: Unregister NMethod: jdk.internal.org.objectweb.asm.MethodWriter.visitEnd (0x00007f374fc2b710) [0x00007f374fc2b8a0, 0x00007f374fc2b9a0] 
[3,645s][debug  ][gc,nmethod     ] GC(1) O: Unregister NMethod: io.sirix.access.trx.node.json.JsonNodeHashing.getCurrentNode (0x00007f374fafbd10) [0x00007f374fafbec0, 0x00007f374fafc0e8] 
[3,645s][debug  ][gc,nmethod     ] GC(1) O: Unregister NMethod: java.util.ArrayList.grow (0x00007f374fbff110) [0x00007f374fbff320, 0x00007f374fbff9f8] 
[3,645s][debug  ][gc,nmethod     ] GC(1) O: Unregister NMethod: java.net.URLStreamHandler.parseURL (0x00007f374fc5a490) [0x00007f374fc5b900, 0x00007f374fc685a8] 
[3,645s][debug  ][gc,nmethod     ] GC(1) O: Unregister NMethod: io.sirix.access.trx.page.NodePageReadOnlyTrx.getValue (0x00007f374fb50290) [0x00007f374fb50520, 0x00007f374fb51030] 
[3,645s][debug  ][gc,nmethod     ] GC(1) O: Unregister NMethod: com.google.gson.stream.JsonReader.peekNumber (0x00007f374fedf710) [0x00007f374fedf980, 0x00007f374fee07f8] 
[3,645s][debug  ][gc,nmethod     ] GC(1) O: Unregister NMethod: io.sirix.access.trx.page.NodePageTrx.getRecord (0x00007f374fe95b90) [0x00007f374fe95e40, 0x00007f374fe96b38] 
[3,645s][debug  ][gc,nmethod     ] GC(1) O: Unregister NMethod: io.sirix.node.xml.AbstractStructForwardingNode.incrementChildCount (0x00007f374fe06510) [0x00007f374fe066c0, 0x00007f374fe068d0] 
[3,645s][debug  ][gc,nmethod     ] GC(1) O: Unregister NMethod: io.sirix.node.json.ArrayNode.computeHash (0x00007f374ff16810) [0x00007f374ff16bc0, 0x00007f374ff187f8] 
[3,645s][debug  ][gc,nmethod     ] GC(1) O: Unregister NMethod: io.sirix.access.trx.node.AbstractNodeHashing.rollingAdd (0x00007f374fe14090) [0x00007f374fe14500, 0x00007f374fe16b10] 
[3,645s][debug  ][gc,nmethod     ] GC(1) O: Unregister NMethod: io.sirix.service.json.JsonNumber.stringToNumber (0x00007f374feff110) [0x00007f374feff380, 0x00007f374feffae0] 
[3,645s][debug  ][gc,nmethod     ] GC(1) O: Unregister NMethod: net.openhft.chronicle.core.UnsafeMemory.writeByte (0x00007f374fb4ee10) [0x00007f374fb4efa0, 0x00007f374fb4f148] 
[3,645s][debug  ][gc,nmethod     ] GC(1) O: Unregister NMethod: com.google.gson.stream.JsonReader.isLiteral (0x00007f374fecad10) [0x00007f374fecaf60, 0x00007f374fecb898] 
[3,645s][debug  ][gc,nmethod     ] GC(1) O: Unregister NMethod: net.openhft.chronicle.core.UnsafeMemory.writeInt (0x00007f374fe37110) [0x00007f374fe372a0, 0x00007f374fe37468] 
[3,645s][debug  ][gc,nmethod     ] GC(1) O: Unregister NMethod: java.lang.invoke.MethodHandleImpl.profileBoolean (0x00007f374fe32810) [0x00007f374fe329e0, 0x00007f374fe32dd0] 
[3,645s][debug  ][gc,nmethod     ] GC(1) O: Unregister NMethod: net.openhft.hashing.XXH3.XXH3_64bits_internal (0x00007f374fe40d90) [0x00007f374fe418e0, 0x00007f374fe4cac0] 
[3,645s][debug  ][gc,nmethod     ] GC(1) O: Unregister NMethod: io.sirix.node.json.NullNode.getKind (0x00007f374fec8890) [0x00007f374fec8a20, 0x00007f374fec8b30] 
[3,645s][debug  ][gc,nmethod     ] GC(1) O: Unregister NMethod: jdk.internal.reflect.MethodHandleByteFieldAccessorImpl.getByte (0x00007f374fe9e310) [0x00007f374fe9e580, 0x00007f374fe9f0e8] 
[3,645s][debug  ][gc,nmethod     ] GC(1) O: Unregister NMethod: com.google.gson.stream.JsonReader.fillBuffer (0x00007f376f327890) [0x00007f376f327bc0, 0x00007f376f329120] 
[3,645s][debug  ][gc,nmethod     ] GC(1) O: Unregister NMethod: io.sirix.axis.AbstractAxis.nextLong (0x00007f374fad5a90) [0x00007f374fad5cc0, 0x00007f374fad6350] 
[3,645s][debug  ][gc,nmethod     ] GC(1) O: Unregister NMethod: io.sirix.utils.IntToObjectMap.put (0x00007f374fe17e10) [0x00007f374fe18000, 0x00007f374fe184b8] 
[3,645s][debug  ][gc,nmethod     ] GC(1) O: Unregister NMethod: net.openhft.chronicle.bytes.AppendableUtil.findUtf8Length (0x00007f374fe34710) [0x00007f374fe348c0, 0x00007f374fe34cc8] 
[3,645s][debug  ][gc,nmethod     ] GC(1) O: Unregister NMethod: io.sirix.access.trx.node.json.JsonNodeReadOnlyTrxImpl.isObjectKey (0x00007f374fe5ce90) [0x00007f374fe5d060, 0x00007f374fe5d528] 
[3,645s][debug  ][gc,nmethod     ] GC(1) O: Unregister NMethod: io.sirix.access.trx.node.json.JsonNodeReadOnlyTrxImpl.getNode (0x00007f374fe06f10) [0x00007f374fe07360, 0x00007f374fe09370] 
[3,645s][debug  ][gc,nmethod     ] GC(1) O: Unregister NMethod: java.nio.Buffer.position (0x00007f374fddff10) [0x00007f374fde00c0, 0x00007f374fde0328] 
[3,645s][debug  ][gc,nmethod     ] GC(1) O: Unregister NMethod: java.lang.String.hashCode (0x00007f374fdda890) [0x00007f374fddaa60, 0x00007f374fddae18] 
[3,645s][debug  ][gc,nmethod     ] GC(1) O: Unregister NMethod: net.openhft.chronicle.core.util.StringUtils.getStringCoderForStringOrStringBuilder (0x00007f374fe6a910) [0x00007f374fe6aba0, 0x00007f374fe6b690] 
[3,645s][debug  ][gc,nmethod     ] GC(1) O: Unregister NMethod: java.lang.StringLatin1.canEncode (0x00007f376f1de910) [0x00007f376f1dea80, 0x00007f376f1deb08] 
[3,645s][debug  ][gc,nmethod     ] GC(1) O: Unregister NMethod: net.openhft.chronicle.bytes.internal.HeapBytesStore.writeLong (0x00007f374fa1cf90) [0x00007f374fa1d140, 0x00007f374fa1d290] 
[3,645s][debug  ][gc,nmethod     ] GC(1) O: Unregister NMethod: java.nio.charset.CharsetDecoder.decode (0x00007f374ff23d90) [0x00007f374ff24120, 0x00007f374ff25910] 
[3,645s][debug  ][gc,nmethod     ] GC(1) O: Unregister NMethod: java.lang.String.<init> (0x00007f374fe09e90) [0x00007f374fe0a060, 0x00007f374fe0a318] 
[3,645s][debug  ][gc,nmethod     ] GC(1) O: Unregister NMethod: java.util.regex.Matcher.search (0x00007f374fbc9e90) [0x00007f374fbca080, 0x00007f374fbca6f8] 
[3,645s][debug  ][gc,nmethod     ] GC(1) O: Unregister NMethod: io.sirix.node.json.AbstractNumberNode.computeHash (0x00007f374fef3810) [0x00007f374fef4340, 0x00007f374fefc360] 
[3,645s][debug  ][gc,nmethod     ] GC(1) O: Unregister NMethod: sun.nio.cs.StreamDecoder.lockedRead (0x00007f374ff2f610) [0x00007f374ff2f820, 0x00007f374ff2fdd0] 
[3,645s][debug  ][gc,nmethod     ] GC(1) O: Unregister NMethod: com.google.gson.stream.JsonReader.doPeek (0x00007f374fe1bf10) [0x00007f374fe1cce0, 0x00007f374fe238a0] 
[3,645s][debug  ][gc,nmethod     ] GC(1) O: Unregister NMethod: io.sirix.access.trx.node.AbstractNodeHashing.rollingAdd (0x00007f376f291710) [0x00007f376f291bc0, 0x00007f376f293600] 
[3,645s][debug  ][gc,nmethod     ] GC(1) O: Unregister NMethod: io.sirix.access.trx.page.NodePageTrx.getRecord (0x00007f376f27f690) [0x00007f376f27f880, 0x00007f376f27fe38] 
[3,645s][debug  ][gc,nmethod     ] GC(1) O: Unregister NMethod: io.sirix.access.trx.node.AbstractNodeReadOnlyTrx.moveTo (0x00007f374fe8d610) [0x00007f374fe8d8c0, 0x00007f374fe8e898] 
[3,645s][debug  ][gc,nmethod     ] GC(1) O: Unregister NMethod: java.lang.invoke.LambdaForm$MH/0x0000000080353c00.guard (0x00007f374feb4590) [0x00007f374feb47c0, 0x00007f374feb5118] 
[3,645s][debug  ][gc,nmethod     ] GC(1) O: Unregister NMethod: sun.nio.cs.UTF_8$Decoder.decodeArrayLoop (0x00007f374ff26090) [0x00007f374ff26920, 0x00007f374ff2b808] 
[3,645s][debug  ][gc,nmethod     ] GC(1) O: Unregister NMethod: io.sirix.page.KeyValueLeafPage.setRecord (0x00007f376f2b0e10) [0x00007f376f2b0fc0, 0x00007f376f2b1398] 
[3,645s][debug  ][gc,nmethod     ] GC(1) O: Unregister NMethod: java.util.BitSet.recalculateWordsInUse (0x00007f376f324890) [0x00007f376f324a20, 0x00007f376f324b90] 
[3,645s][debug  ][gc,nmethod     ] GC(1) O: Unregister NMethod: net.openhft.chronicle.bytes.internal.HeapBytesStore.writeByte (0x00007f374fb4e610) [0x00007f374fb4e7c0, 0x00007f374fb4e910] 
[3,645s][debug  ][gc,nmethod     ] GC(1) O: Unregister NMethod: java.lang.Long.hashCode (0x00007f374fe98810) [0x00007f374fe989a0, 0x00007f374fe98a90] 
[3,645s][debug  ][gc,nmethod     ] GC(1) O: Unregister NMethod: java.io.InputStreamReader.read (0x00007f374ff2d490) [0x00007f374ff2d640, 0x00007f374ff2d7a0] 
[3,645s][debug  ][gc,nmethod     ] GC(1) O: Unregister NMethod: java.lang.invoke.LambdaForm$MH/0x0000000080352800.invoke (0x00007f374fe87790) [0x00007f374fe87960, 0x00007f374fe87e08] 
[3,645s][debug  ][gc,nmethod     ] GC(1) O: Unregister NMethod: java.util.BitSet.wordIndex (0x00007f374fa2f910) [0x00007f374fa2faa0, 0x00007f374fa2fb88] 
[3,645s][debug  ][gc,nmethod     ] GC(1) O: Unregister NMethod: io.sirix.node.json.NumberNode.getKind (0x00007f374fecf190) [0x00007f374fecf320, 0x00007f374fecf430] 
[3,645s][debug  ][gc,nmethod     ] GC(1) O: Unregister NMethod: java.nio.ByteBuffer.hasArray (0x00007f374faf9190) [0x00007f374faf9320, 0x00007f374faf94e8] 
[3,645s][debug  ][gc,nmethod     ] GC(1) O: Unregister NMethod: io.sirix.access.trx.node.json.JsonNodeFactoryImpl.createJsonStringNode (0x00007f374fed2490) [0x00007f374fed2740, 0x00007f374fed3488] 
[3,645s][debug  ][gc,nmethod     ] GC(1) O: Unregister NMethod: it.unimi.dsi.fastutil.longs.LongArrayList.getLong (0x00007f374fe0e610) [0x00007f374fe0e880, 0x00007f374fe0f0c0] 
[3,645s][debug  ][gc,nmethod     ] GC(1) O: Unregister NMethod: io.sirix.service.json.shredder.JsonShredder.processBoolean (0x00007f374ff0c610) [0x00007f374ff0c800, 0x00007f374ff0cbe0] 
[3,645s][debug  ][gc,nmethod     ] GC(1) O: Unregister NMethod: io.sirix.access.trx.page.NodePageTrx.prepareRecordPage (0x00007f376f27b410) [0x00007f376f27b5a0, 0x00007f376f27b6f8] 
[3,645s][debug  ][gc,nmethod     ] GC(1) O: Unregister NMethod: sun.net.util.IPAddressUtil.scan (0x00007f374faba010) [0x00007f374faba280, 0x00007f374fabae50] 
[3,645s][debug  ][gc,nmethod     ] GC(1) O: Unregister NMethod: java.net.URL.set (0x00007f374fb52f90) [0x00007f374fb53200, 0x00007f374fb53d48] 
[3,645s][debug  ][gc,nmethod     ] GC(1) O: Unregister NMethod: java.util.zip.Checksum.update (0x00007f374fb7fa10) [0x00007f374fb7fbc0, 0x00007f374fb7fda8] 
[3,645s][debug  ][gc,nmethod     ] GC(1) O: Unregister NMethod: io.sirix.access.trx.node.AbstractNodeReadOnlyTrx.moveTo (0x00007f376f27e390) [0x00007f376f27e5e0, 0x00007f376f27efe0] 
[3,645s][debug  ][gc,nmethod     ] GC(1) O: Unregister NMethod: io.sirix.access.trx.node.AbstractNodeReadOnlyTrx.setCurrentNode (0x00007f374fb4f210) [0x00007f374fb4f3e0, 0x00007f374fb4f748] 
[3,645s][debug  ][gc,nmethod     ] GC(1) O: Unregister NMethod: java.lang.String.<init> (0x00007f374fc91190) [0x00007f374fc91aa0, 0x00007f374fc96fd8] 
[3,645s][debug  ][gc,nmethod     ] GC(1) O: Unregister NMethod: io.sirix.access.trx.node.json.JsonNodeTrxImpl.getPathNodeKey (0x00007f374fe61310) [0x00007f374fe61500, 0x00007f374fe61a30] 
[3,646s][debug  ][gc,nmethod     ] GC(1) O: Unregister NMethod: java.nio.Buffer.<init> (0x00007f374fa90810) [0x00007f374fa90ac0, 0x00007f374fa915a0] 
[3,646s][debug  ][gc,nmethod     ] GC(1) O: Unregister NMethod: io.sirix.access.trx.page.NodePageTrx.getPageContainer (0x00007f374fe96f90) [0x00007f374fe97200, 0x00007f374fe97cf0] 
[3,646s][debug  ][gc,nmethod     ] GC(1) O: Unregister NMethod: java.nio.ByteBuffer.position (0x00007f374fa16b90) [0x00007f374fa16d40, 0x00007f374fa16e88] 
[3,646s][debug  ][gc,nmethod     ] GC(1) O: Unregister NMethod: net.openhft.chronicle.bytes.StreamingDataOutput.appendUtf8 (0x00007f374fe34e90) [0x00007f374fe35080, 0x00007f374fe35588] 
[3,646s][debug  ][gc,nmethod     ] GC(1) O: Unregister NMethod: java.lang.invoke.DelegatingMethodHandle$Holder.delegate (0x00007f374feb9e10) [0x00007f374feb9fe0, 0x00007f374feba400] 
[3,646s][debug  ][gc,nmethod     ] GC(1) O: Unregister NMethod: java.lang.AbstractStringBuilder.appendChars (0x00007f374fec7890) [0x00007f374fec7aa0, 0x00007f374fec80b8] 
[3,646s][debug  ][gc,nmethod     ] GC(1) O: Unregister NMethod: io.sirix.node.xml.AbstractStructForwardingNode.hasLeftSibling (0x00007f374fe06990) [0x00007f374fe06b40, 0x00007f374fe06df8] 
[3,646s][debug  ][gc,nmethod     ] GC(1) O: Unregister NMethod: io.sirix.node.AbstractForwardingNode.getNodeKey (0x00007f374fa22790) [0x00007f374fa22940, 0x00007f374fa22b30] 
[3,646s][debug  ][gc,nmethod     ] GC(1) O: Unregister NMethod: java.lang.invoke.MethodType.methodType (0x00007f376f24ee10) [0x00007f376f24f560, 0x00007f376f253ed8] 
[3,646s][debug  ][gc,nmethod     ] GC(1) O: Unregister NMethod: io.sirix.service.json.shredder.JsonShredder.insertStringValue (0x00007f374fed3a90) [0x00007f374fed3f00, 0x00007f374fed60b0] 
[3,646s][debug  ][gc,nmethod     ] GC(1) O: Unregister NMethod: io.sirix.node.xml.AbstractStructForwardingNode.setRightSiblingKey (0x00007f374fe5ca10) [0x00007f374fe5cbc0, 0x00007f374fe5cdb0] 
[3,646s][debug  ][gc,nmethod     ] GC(1) O: Unregister NMethod: java.nio.ByteBuffer.position (0x00007f374fa24a90) [0x00007f374fa24c40, 0x00007f374fa24df8] 
[3,646s][debug  ][gc,nmethod     ] GC(1) O: Unregister NMethod: io.sirix.page.KeyValueLeafPage.setRecord (0x00007f374fe02510) [0x00007f374fe02700, 0x00007f374fe02c08] 
[3,646s][debug  ][gc,nmethod     ] GC(1) O: Unregister NMethod: java.nio.ByteBuffer.rewind (0x00007f374fe0d790) [0x00007f374fe0d920, 0x00007f374fe0da90] 
[3,646s][debug  ][gc,nmethod     ] GC(1) O: Unregister NMethod: io.sirix.service.json.shredder.JsonShredder.processString (0x00007f374fece310) [0x00007f374fece500, 0x00007f374fece8e8] 
[3,646s][debug  ][gc,nmethod     ] GC(1) O: Unregister NMethod: io.sirix.node.delegates.StructNodeDelegate.<init> (0x00007f374fe04d10) [0x00007f374fe04ee0, 0x00007f374fe052b0] 
[3,646s][debug  ][gc,nmethod     ] GC(1) O: Unregister NMethod: java.nio.ByteBuffer.limit (0x00007f374fa71c90) [0x00007f374fa71e40, 0x00007f374fa71f88] 
[3,646s][debug  ][gc,nmethod     ] GC(1) O: Unregister NMethod: io.sirix.access.trx.node.json.JsonNodeFactoryImpl.createJsonNullNode (0x00007f374fedb690) [0x00007f374fedb900, 0x00007f374fedc3f8] 
[3,646s][debug  ][gc,nmethod     ] GC(1) O: Unregister NMethod: jdk.internal.org.objectweb.asm.ByteVector.putShort (0x00007f376f20e990) [0x00007f376f20eb20, 0x00007f376f20ecb0] 
[3,646s][debug  ][gc,nmethod     ] GC(1) O: Unregister NMethod: io.sirix.service.json.shredder.JsonShredder.insertNullValue (0x00007f374fedc890) [0x00007f374fedcce0, 0x00007f374feded48] 
[3,646s][debug  ][gc,nmethod     ] GC(1) O: Unregister NMethod: net.openhft.chronicle.bytes.NativeBytes.writeLong (0x00007f374fafb410) [0x00007f374fafb5c0, 0x00007f374fafb818] 
[3,646s][debug  ][gc,nmethod     ] GC(1) O: Unregister NMethod: it.unimi.dsi.fastutil.longs.LongArrayList.grow (0x00007f374fe0b210) [0x00007f374fe0b400, 0x00007f374fe0b9a8] 
[3,646s][debug  ][gc,nmethod     ] GC(1) O: Unregister NMethod: java.util.zip.Inflater.ensureOpen (0x00007f374fa9a590) [0x00007f374fa9a740, 0x00007f374fa9a9b0] 
[3,646s][debug  ][gc,nmethod     ] GC(1) O: Unregister NMethod: java.lang.Thread.onSpinWait (0x00007f374fa87810) [0x00007f374fa879a0, 0x00007f374fa87a80] 
[3,646s][debug  ][gc,nmethod     ] GC(1) O: Unregister NMethod: io.sirix.node.json.ArrayNode.getKind (0x00007f374fe02190) [0x00007f374fe02320, 0x00007f374fe02430] 
[3,646s][debug  ][gc,nmethod     ] GC(1) O: Unregister NMethod: jdk.internal.org.objectweb.asm.Frame.execute (0x00007f374faadb10) [0x00007f374faae9a0, 0x00007f374fab52d8] 
[3,646s][debug  ][gc,phases      ] GC(1) O: Concurrent Classes Unlink 4,478ms
[3,646s][debug  ][gc,phases,start] GC(1) O: Concurrent Classes Purge
[3,646s][debug  ][gc,nmethod     ] GC(1) O: Purge NMethod: jdk.internal.org.objectweb.asm.Frame.execute (0x00007f374faadb10) [0x00007f374faae9a0, 0x00007f374fab52d8] 
[3,646s][debug  ][gc,nmethod     ] GC(1) O: Purge NMethod: io.sirix.node.json.ArrayNode.getKind (0x00007f374fe02190) [0x00007f374fe02320, 0x00007f374fe02430] 
[3,646s][debug  ][gc,nmethod     ] GC(1) O: Purge NMethod: java.lang.Thread.onSpinWait (0x00007f374fa87810) [0x00007f374fa879a0, 0x00007f374fa87a80] 
[3,646s][debug  ][gc,nmethod     ] GC(1) O: Purge NMethod: java.util.zip.Inflater.ensureOpen (0x00007f374fa9a590) [0x00007f374fa9a740, 0x00007f374fa9a9b0] 
[3,646s][debug  ][gc,nmethod     ] GC(1) O: Purge NMethod: it.unimi.dsi.fastutil.longs.LongArrayList.grow (0x00007f374fe0b210) [0x00007f374fe0b400, 0x00007f374fe0b9a8] 
[3,646s][debug  ][gc,nmethod     ] GC(1) O: Purge NMethod: net.openhft.chronicle.bytes.NativeBytes.writeLong (0x00007f374fafb410) [0x00007f374fafb5c0, 0x00007f374fafb818] 
[3,646s][debug  ][gc,nmethod     ] GC(1) O: Purge NMethod: io.sirix.service.json.shredder.JsonShredder.insertNullValue (0x00007f374fedc890) [0x00007f374fedcce0, 0x00007f374feded48] 
[3,646s][debug  ][gc,nmethod     ] GC(1) O: Purge NMethod: jdk.internal.org.objectweb.asm.ByteVector.putShort (0x00007f376f20e990) [0x00007f376f20eb20, 0x00007f376f20ecb0] 
[3,646s][debug  ][gc,nmethod     ] GC(1) O: Purge NMethod: io.sirix.access.trx.node.json.JsonNodeFactoryImpl.createJsonNullNode (0x00007f374fedb690) [0x00007f374fedb900, 0x00007f374fedc3f8] 
[3,646s][debug  ][gc,nmethod     ] GC(1) O: Purge NMethod: java.nio.ByteBuffer.limit (0x00007f374fa71c90) [0x00007f374fa71e40, 0x00007f374fa71f88] 
[3,646s][debug  ][gc,nmethod     ] GC(1) O: Purge NMethod: io.sirix.node.delegates.StructNodeDelegate.<init> (0x00007f374fe04d10) [0x00007f374fe04ee0, 0x00007f374fe052b0] 
[3,646s][debug  ][gc,nmethod     ] GC(1) O: Purge NMethod: io.sirix.service.json.shredder.JsonShredder.processString (0x00007f374fece310) [0x00007f374fece500, 0x00007f374fece8e8] 
[3,646s][debug  ][gc,nmethod     ] GC(1) O: Purge NMethod: java.nio.ByteBuffer.rewind (0x00007f374fe0d790) [0x00007f374fe0d920, 0x00007f374fe0da90] 
[3,646s][debug  ][gc,nmethod     ] GC(1) O: Purge NMethod: io.sirix.page.KeyValueLeafPage.setRecord (0x00007f374fe02510) [0x00007f374fe02700, 0x00007f374fe02c08] 
[3,646s][debug  ][gc,nmethod     ] GC(1) O: Purge NMethod: java.nio.ByteBuffer.position (0x00007f374fa24a90) [0x00007f374fa24c40, 0x00007f374fa24df8] 
[3,646s][debug  ][gc,nmethod     ] GC(1) O: Purge NMethod: io.sirix.node.xml.AbstractStructForwardingNode.setRightSiblingKey (0x00007f374fe5ca10) [0x00007f374fe5cbc0, 0x00007f374fe5cdb0] 
[3,646s][debug  ][gc,nmethod     ] GC(1) O: Purge NMethod: io.sirix.service.json.shredder.JsonShredder.insertStringValue (0x00007f374fed3a90) [0x00007f374fed3f00, 0x00007f374fed60b0] 
[3,646s][debug  ][gc,nmethod     ] GC(1) O: Purge NMethod: java.lang.invoke.MethodType.methodType (0x00007f376f24ee10) [0x00007f376f24f560, 0x00007f376f253ed8] 
[3,646s][debug  ][gc,nmethod     ] GC(1) O: Purge NMethod: io.sirix.node.AbstractForwardingNode.getNodeKey (0x00007f374fa22790) [0x00007f374fa22940, 0x00007f374fa22b30] 
[3,646s][debug  ][gc,nmethod     ] GC(1) O: Purge NMethod: io.sirix.node.xml.AbstractStructForwardingNode.hasLeftSibling (0x00007f374fe06990) [0x00007f374fe06b40, 0x00007f374fe06df8] 
[3,647s][debug  ][gc,nmethod     ] GC(1) O: Purge NMethod: java.lang.AbstractStringBuilder.appendChars (0x00007f374fec7890) [0x00007f374fec7aa0, 0x00007f374fec80b8] 
[3,647s][debug  ][gc,nmethod     ] GC(1) O: Purge NMethod: java.lang.invoke.DelegatingMethodHandle$Holder.delegate (0x00007f374feb9e10) [0x00007f374feb9fe0, 0x00007f374feba400] 
[3,647s][debug  ][gc,nmethod     ] GC(1) O: Purge NMethod: net.openhft.chronicle.bytes.StreamingDataOutput.appendUtf8 (0x00007f374fe34e90) [0x00007f374fe35080, 0x00007f374fe35588] 
[3,647s][debug  ][gc,nmethod     ] GC(1) O: Purge NMethod: java.nio.ByteBuffer.position (0x00007f374fa16b90) [0x00007f374fa16d40, 0x00007f374fa16e88] 
[3,647s][debug  ][gc,nmethod     ] GC(1) O: Purge NMethod: io.sirix.access.trx.page.NodePageTrx.getPageContainer (0x00007f374fe96f90) [0x00007f374fe97200, 0x00007f374fe97cf0] 
[3,647s][debug  ][gc,nmethod     ] GC(1) O: Purge NMethod: java.nio.Buffer.<init> (0x00007f374fa90810) [0x00007f374fa90ac0, 0x00007f374fa915a0] 
[3,647s][debug  ][gc,nmethod     ] GC(1) O: Purge NMethod: io.sirix.access.trx.node.json.JsonNodeTrxImpl.getPathNodeKey (0x00007f374fe61310) [0x00007f374fe61500, 0x00007f374fe61a30] 
[3,647s][debug  ][gc,nmethod     ] GC(1) O: Purge NMethod: java.lang.String.<init> (0x00007f374fc91190) [0x00007f374fc91aa0, 0x00007f374fc96fd8] 
[3,647s][debug  ][gc,nmethod     ] GC(1) O: Purge NMethod: io.sirix.access.trx.node.AbstractNodeReadOnlyTrx.setCurrentNode (0x00007f374fb4f210) [0x00007f374fb4f3e0, 0x00007f374fb4f748] 
[3,647s][debug  ][gc,nmethod     ] GC(1) O: Purge NMethod: io.sirix.access.trx.node.AbstractNodeReadOnlyTrx.moveTo (0x00007f376f27e390) [0x00007f376f27e5e0, 0x00007f376f27efe0] 
[3,647s][debug  ][gc,nmethod     ] GC(1) O: Purge NMethod: java.util.zip.Checksum.update (0x00007f374fb7fa10) [0x00007f374fb7fbc0, 0x00007f374fb7fda8] 
[3,647s][debug  ][gc,nmethod     ] GC(1) O: Purge NMethod: java.net.URL.set (0x00007f374fb52f90) [0x00007f374fb53200, 0x00007f374fb53d48] 
[3,647s][debug  ][gc,nmethod     ] GC(1) O: Purge NMethod: sun.net.util.IPAddressUtil.scan (0x00007f374faba010) [0x00007f374faba280, 0x00007f374fabae50] 
[3,647s][debug  ][gc,nmethod     ] GC(1) O: Purge NMethod: io.sirix.access.trx.page.NodePageTrx.prepareRecordPage (0x00007f376f27b410) [0x00007f376f27b5a0, 0x00007f376f27b6f8] 
[3,647s][debug  ][gc,nmethod     ] GC(1) O: Purge NMethod: io.sirix.service.json.shredder.JsonShredder.processBoolean (0x00007f374ff0c610) [0x00007f374ff0c800, 0x00007f374ff0cbe0] 
[3,647s][debug  ][gc,nmethod     ] GC(1) O: Purge NMethod: it.unimi.dsi.fastutil.longs.LongArrayList.getLong (0x00007f374fe0e610) [0x00007f374fe0e880, 0x00007f374fe0f0c0] 
[3,647s][debug  ][gc,nmethod     ] GC(1) O: Purge NMethod: io.sirix.access.trx.node.json.JsonNodeFactoryImpl.createJsonStringNode (0x00007f374fed2490) [0x00007f374fed2740, 0x00007f374fed3488] 
[3,647s][debug  ][gc,nmethod     ] GC(1) O: Purge NMethod: java.nio.ByteBuffer.hasArray (0x00007f374faf9190) [0x00007f374faf9320, 0x00007f374faf94e8] 
[3,647s][debug  ][gc,nmethod     ] GC(1) O: Purge NMethod: io.sirix.node.json.NumberNode.getKind (0x00007f374fecf190) [0x00007f374fecf320, 0x00007f374fecf430] 
[3,647s][debug  ][gc,nmethod     ] GC(1) O: Purge NMethod: java.util.BitSet.wordIndex (0x00007f374fa2f910) [0x00007f374fa2faa0, 0x00007f374fa2fb88] 
[3,647s][debug  ][gc,nmethod     ] GC(1) O: Purge NMethod: java.lang.invoke.LambdaForm$MH/0x0000000080352800.invoke (0x00007f374fe87790) [0x00007f374fe87960, 0x00007f374fe87e08] 
[3,647s][debug  ][gc,nmethod     ] GC(1) O: Purge NMethod: java.io.InputStreamReader.read (0x00007f374ff2d490) [0x00007f374ff2d640, 0x00007f374ff2d7a0] 
[3,647s][debug  ][gc,nmethod     ] GC(1) O: Purge NMethod: java.lang.Long.hashCode (0x00007f374fe98810) [0x00007f374fe989a0, 0x00007f374fe98a90] 
[3,647s][debug  ][gc,nmethod     ] GC(1) O: Purge NMethod: net.openhft.chronicle.bytes.internal.HeapBytesStore.writeByte (0x00007f374fb4e610) [0x00007f374fb4e7c0, 0x00007f374fb4e910] 
[3,647s][debug  ][gc,nmethod     ] GC(1) O: Purge NMethod: java.util.BitSet.recalculateWordsInUse (0x00007f376f324890) [0x00007f376f324a20, 0x00007f376f324b90] 
[3,647s][debug  ][gc,nmethod     ] GC(1) O: Purge NMethod: io.sirix.page.KeyValueLeafPage.setRecord (0x00007f376f2b0e10) [0x00007f376f2b0fc0, 0x00007f376f2b1398] 
[3,647s][debug  ][gc,nmethod     ] GC(1) O: Purge NMethod: sun.nio.cs.UTF_8$Decoder.decodeArrayLoop (0x00007f374ff26090) [0x00007f374ff26920, 0x00007f374ff2b808] 
[3,647s][debug  ][gc,nmethod     ] GC(1) O: Purge NMethod: java.lang.invoke.LambdaForm$MH/0x0000000080353c00.guard (0x00007f374feb4590) [0x00007f374feb47c0, 0x00007f374feb5118] 
[3,647s][debug  ][gc,nmethod     ] GC(1) O: Purge NMethod: io.sirix.access.trx.node.AbstractNodeReadOnlyTrx.moveTo (0x00007f374fe8d610) [0x00007f374fe8d8c0, 0x00007f374fe8e898] 
[3,647s][debug  ][gc,nmethod     ] GC(1) O: Purge NMethod: io.sirix.access.trx.page.NodePageTrx.getRecord (0x00007f376f27f690) [0x00007f376f27f880, 0x00007f376f27fe38] 
[3,647s][debug  ][gc,nmethod     ] GC(1) O: Purge NMethod: io.sirix.access.trx.node.AbstractNodeHashing.rollingAdd (0x00007f376f291710) [0x00007f376f291bc0, 0x00007f376f293600] 
[3,647s][debug  ][gc,nmethod     ] GC(1) O: Purge NMethod: com.google.gson.stream.JsonReader.doPeek (0x00007f374fe1bf10) [0x00007f374fe1cce0, 0x00007f374fe238a0] 
[3,647s][debug  ][gc,nmethod     ] GC(1) O: Purge NMethod: sun.nio.cs.StreamDecoder.lockedRead (0x00007f374ff2f610) [0x00007f374ff2f820, 0x00007f374ff2fdd0] 
[3,647s][debug  ][gc,nmethod     ] GC(1) O: Purge NMethod: io.sirix.node.json.AbstractNumberNode.computeHash (0x00007f374fef3810) [0x00007f374fef4340, 0x00007f374fefc360] 
[3,647s][debug  ][gc,nmethod     ] GC(1) O: Purge NMethod: java.util.regex.Matcher.search (0x00007f374fbc9e90) [0x00007f374fbca080, 0x00007f374fbca6f8] 
[3,647s][debug  ][gc,nmethod     ] GC(1) O: Purge NMethod: java.lang.String.<init> (0x00007f374fe09e90) [0x00007f374fe0a060, 0x00007f374fe0a318] 
[3,647s][debug  ][gc,nmethod     ] GC(1) O: Purge NMethod: java.nio.charset.CharsetDecoder.decode (0x00007f374ff23d90) [0x00007f374ff24120, 0x00007f374ff25910] 
[3,647s][debug  ][gc,nmethod     ] GC(1) O: Purge NMethod: net.openhft.chronicle.bytes.internal.HeapBytesStore.writeLong (0x00007f374fa1cf90) [0x00007f374fa1d140, 0x00007f374fa1d290] 
[3,647s][debug  ][gc,nmethod     ] GC(1) O: Purge NMethod: java.lang.StringLatin1.canEncode (0x00007f376f1de910) [0x00007f376f1dea80, 0x00007f376f1deb08] 
[3,647s][debug  ][gc,nmethod     ] GC(1) O: Purge NMethod: net.openhft.chronicle.core.util.StringUtils.getStringCoderForStringOrStringBuilder (0x00007f374fe6a910) [0x00007f374fe6aba0, 0x00007f374fe6b690] 
[3,647s][debug  ][gc,nmethod     ] GC(1) O: Purge NMethod: java.lang.String.hashCode (0x00007f374fdda890) [0x00007f374fddaa60, 0x00007f374fddae18] 
[3,647s][debug  ][gc,nmethod     ] GC(1) O: Purge NMethod: java.nio.Buffer.position (0x00007f374fddff10) [0x00007f374fde00c0, 0x00007f374fde0328] 
[3,647s][debug  ][gc,nmethod     ] GC(1) O: Purge NMethod: io.sirix.access.trx.node.json.JsonNodeReadOnlyTrxImpl.getNode (0x00007f374fe06f10) [0x00007f374fe07360, 0x00007f374fe09370] 
[3,647s][debug  ][gc,nmethod     ] GC(1) O: Purge NMethod: io.sirix.access.trx.node.json.JsonNodeReadOnlyTrxImpl.isObjectKey (0x00007f374fe5ce90) [0x00007f374fe5d060, 0x00007f374fe5d528] 
[3,647s][debug  ][gc,nmethod     ] GC(1) O: Purge NMethod: net.openhft.chronicle.bytes.AppendableUtil.findUtf8Length (0x00007f374fe34710) [0x00007f374fe348c0, 0x00007f374fe34cc8] 
[3,647s][debug  ][gc,nmethod     ] GC(1) O: Purge NMethod: io.sirix.utils.IntToObjectMap.put (0x00007f374fe17e10) [0x00007f374fe18000, 0x00007f374fe184b8] 
[3,647s][debug  ][gc,nmethod     ] GC(1) O: Purge NMethod: io.sirix.axis.AbstractAxis.nextLong (0x00007f374fad5a90) [0x00007f374fad5cc0, 0x00007f374fad6350] 
[3,647s][debug  ][gc,nmethod     ] GC(1) O: Purge NMethod: com.google.gson.stream.JsonReader.fillBuffer (0x00007f376f327890) [0x00007f376f327bc0, 0x00007f376f329120] 
[3,647s][debug  ][gc,nmethod     ] GC(1) O: Purge NMethod: jdk.internal.reflect.MethodHandleByteFieldAccessorImpl.getByte (0x00007f374fe9e310) [0x00007f374fe9e580, 0x00007f374fe9f0e8] 
[3,647s][debug  ][gc,nmethod     ] GC(1) O: Purge NMethod: io.sirix.node.json.NullNode.getKind (0x00007f374fec8890) [0x00007f374fec8a20, 0x00007f374fec8b30] 
[3,647s][debug  ][gc,nmethod     ] GC(1) O: Purge NMethod: net.openhft.hashing.XXH3.XXH3_64bits_internal (0x00007f374fe40d90) [0x00007f374fe418e0, 0x00007f374fe4cac0] 
[3,647s][debug  ][gc,nmethod     ] GC(1) O: Purge NMethod: java.lang.invoke.MethodHandleImpl.profileBoolean (0x00007f374fe32810) [0x00007f374fe329e0, 0x00007f374fe32dd0] 
[3,647s][debug  ][gc,nmethod     ] GC(1) O: Purge NMethod: net.openhft.chronicle.core.UnsafeMemory.writeInt (0x00007f374fe37110) [0x00007f374fe372a0, 0x00007f374fe37468] 
[3,647s][debug  ][gc,nmethod     ] GC(1) O: Purge NMethod: com.google.gson.stream.JsonReader.isLiteral (0x00007f374fecad10) [0x00007f374fecaf60, 0x00007f374fecb898] 
[3,647s][debug  ][gc,nmethod     ] GC(1) O: Purge NMethod: net.openhft.chronicle.core.UnsafeMemory.writeByte (0x00007f374fb4ee10) [0x00007f374fb4efa0, 0x00007f374fb4f148] 
[3,647s][debug  ][gc,nmethod     ] GC(1) O: Purge NMethod: io.sirix.service.json.JsonNumber.stringToNumber (0x00007f374feff110) [0x00007f374feff380, 0x00007f374feffae0] 
[3,647s][debug  ][gc,nmethod     ] GC(1) O: Purge NMethod: io.sirix.access.trx.node.AbstractNodeHashing.rollingAdd (0x00007f374fe14090) [0x00007f374fe14500, 0x00007f374fe16b10] 
[3,647s][debug  ][gc,nmethod     ] GC(1) O: Purge NMethod: io.sirix.node.json.ArrayNode.computeHash (0x00007f374ff16810) [0x00007f374ff16bc0, 0x00007f374ff187f8] 
[3,647s][debug  ][gc,nmethod     ] GC(1) O: Purge NMethod: io.sirix.node.xml.AbstractStructForwardingNode.incrementChildCount (0x00007f374fe06510) [0x00007f374fe066c0, 0x00007f374fe068d0] 
[3,647s][debug  ][gc,nmethod     ] GC(1) O: Purge NMethod: io.sirix.access.trx.page.NodePageTrx.getRecord (0x00007f374fe95b90) [0x00007f374fe95e40, 0x00007f374fe96b38] 
[3,647s][debug  ][gc,nmethod     ] GC(1) O: Purge NMethod: com.google.gson.stream.JsonReader.peekNumber (0x00007f374fedf710) [0x00007f374fedf980, 0x00007f374fee07f8] 
[3,647s][debug  ][gc,nmethod     ] GC(1) O: Purge NMethod: io.sirix.access.trx.page.NodePageReadOnlyTrx.getValue (0x00007f374fb50290) [0x00007f374fb50520, 0x00007f374fb51030] 
[3,647s][debug  ][gc,nmethod     ] GC(1) O: Purge NMethod: java.net.URLStreamHandler.parseURL (0x00007f374fc5a490) [0x00007f374fc5b900, 0x00007f374fc685a8] 
[3,647s][debug  ][gc,nmethod     ] GC(1) O: Purge NMethod: java.util.ArrayList.grow (0x00007f374fbff110) [0x00007f374fbff320, 0x00007f374fbff9f8] 
[3,647s][debug  ][gc,nmethod     ] GC(1) O: Purge NMethod: io.sirix.access.trx.node.json.JsonNodeHashing.getCurrentNode (0x00007f374fafbd10) [0x00007f374fafbec0, 0x00007f374fafc0e8] 
[3,647s][debug  ][gc,nmethod     ] GC(1) O: Purge NMethod: jdk.internal.org.objectweb.asm.MethodWriter.visitEnd (0x00007f374fc2b710) [0x00007f374fc2b8a0, 0x00007f374fc2b9a0] 
[3,647s][debug  ][gc,nmethod     ] GC(1) O: Purge NMethod: java.util.BitSet.cardinality (0x00007f374fdf1e90) [0x00007f374fdf2040, 0x00007f374fdf22b0] 
[3,647s][debug  ][gc,nmethod     ] GC(1) O: Purge NMethod: net.openhft.hashing.MathsJDK9.unsignedLongMulXorFoldImp (0x00007f374fdeec90) [0x00007f374fdeee40, 0x00007f374fdeefc8] 
[3,647s][debug  ][gc,nmethod     ] GC(1) O: Purge NMethod: io.sirix.node.json.AbstractNullNode.computeHash (0x00007f374fee0f10) [0x00007f374fee12c0, 0x00007f374fee2ef8] 
[3,647s][debug  ][gc,nmethod     ] GC(1) O: Purge NMethod: io.sirix.node.AbstractForwardingNode.getParentKey (0x00007f374fa2b110) [0x00007f374fa2b2c0, 0x00007f374fa2b4b0] 
[3,647s][debug  ][gc,nmethod     ] GC(1) O: Purge NMethod: io.sirix.page.RevisionRootPage.incrementAndGetMaxNodeKeyInDocumentIndex (0x00007f374fe0e290) [0x00007f374fe0e420, 0x00007f374fe0e538] 
[3,647s][debug  ][gc,nmethod     ] GC(1) O: Purge NMethod: java.lang.String.encode (0x00007f374fe3b190) [0x00007f374fe3b380, 0x00007f374fe3b6d0] 
[3,647s][debug  ][gc,nmethod     ] GC(1) O: Purge NMethod: jdk.internal.org.objectweb.asm.ByteVector.put122 (0x00007f374faeb890) [0x00007f374faeba40, 0x00007f374faebd18] 
[3,647s][debug  ][gc,nmethod     ] GC(1) O: Purge NMethod: java.lang.AbstractStringBuilder.append (0x00007f374ff2cf90) [0x00007f374ff2d160, 0x00007f374ff2d348] 
[3,647s][debug  ][gc,nmethod     ] GC(1) O: Purge NMethod: io.sirix.node.json.StringNode.getKind (0x00007f374fec9810) [0x00007f374fec99a0, 0x00007f374fec9ab0] 
[3,647s][debug  ][gc,nmethod     ] GC(1) O: Purge NMethod: io.sirix.access.trx.node.AbstractNodeReadOnlyTrx.assertNotClosed (0x00007f374fa21f90) [0x00007f374fa22140, 0x00007f374fa22358] 
[3,647s][debug  ][gc,nmethod     ] GC(1) O: Purge NMethod: sun.nio.cs.StreamDecoder.implRead (0x00007f374ff2ea90) [0x00007f374ff2ecc0, 0x00007f374ff2f2d0] 
[3,647s][debug  ][gc,nmethod     ] GC(1) O: Purge NMethod: java.util.HashSet.isEmpty (0x00007f374fa4df90) [0x00007f374fa4e140, 0x00007f374fa4e3a8] 
[3,647s][debug  ][gc,nmethod     ] GC(1) O: Purge NMethod: jdk.internal.org.objectweb.asm.SymbolTable.addConstantUtf8Reference (0x00007f374faa0290) [0x00007f374faa04e0, 0x00007f374faa0bb0] 
[3,647s][debug  ][gc,nmethod     ] GC(1) O: Purge NMethod: net.openhft.chronicle.bytes.internal.BytesInternal.writeUtf8 (0x00007f374fe6c210) [0x00007f374fe6c500, 0x00007f374fe6d560] 
[3,647s][debug  ][gc,nmethod     ] GC(1) O: Purge NMethod: java.lang.AbstractStringBuilder.append (0x00007f374ff3bc90) [0x00007f374ff3be60, 0x00007f374ff3c168] 
[3,647s][debug  ][gc,nmethod     ] GC(1) O: Purge NMethod: io.sirix.access.trx.page.NodePageTrx.getRecord (0x00007f374fafc210) [0x00007f374fafc4c0, 0x00007f374fafd1b8] 
[3,647s][debug  ][gc,nmethod     ] GC(1) O: Purge NMethod: java.lang.Integer.valueOf (0x00007f374fc38e90) [0x00007f374fc39060, 0x00007f374fc39398] 
[3,647s][debug  ][gc,nmethod     ] GC(1) O: Purge NMethod: jdk.internal.org.objectweb.asm.Frame.execute (0x00007f376f246610) [0x00007f376f247440, 0x00007f376f249c38] 
[3,647s][debug  ][gc,nmethod     ] GC(1) O: Purge NMethod: java.util.Arrays.copyOf (0x00007f374fab6f10) [0x00007f374fab7120, 0x00007f374fab77a8] 
[3,647s][debug  ][gc,nmethod     ] GC(1) O: Purge NMethod: java.util.concurrent.ConcurrentHashMap.putVal (0x00007f376f244810) [0x00007f376f244aa0, 0x00007f376f245b80] 
[3,647s][debug  ][gc,nmethod     ] GC(1) O: Purge NMethod: io.sirix.access.trx.node.json.JsonNodeTrxImpl.adaptForInsert (0x00007f374fe2af90) [0x00007f374fe2b2e0, 0x00007f374fe2c5d8] 
[3,647s][debug  ][gc,nmethod     ] GC(1) O: Purge NMethod: java.nio.ByteBuffer.array (0x00007f374fa30a10) [0x00007f374fa30be0, 0x00007f374fa30ed0] 
[3,647s][debug  ][gc,nmethod     ] GC(1) O: Purge NMethod: io.sirix.node.xml.AbstractStructForwardingNode.getLeftSiblingKey (0x00007f374fe58e90) [0x00007f374fe59040, 0x00007f374fe59230] 
[3,647s][debug  ][gc,nmethod     ] GC(1) O: Purge NMethod: io.sirix.node.json.AbstractStringNode.delegate (0x00007f374fad6590) [0x00007f374fad6740, 0x00007f374fad6998] 
[3,647s][debug  ][gc,nmethod     ] GC(1) O: Purge NMethod: net.openhft.chronicle.bytes.internal.BytesInternal.appendUtf8Char (0x00007f374fbe1e90) [0x00007f374fbe2180, 0x00007f374fbe3570] 
[3,647s][debug  ][gc,nmethod     ] GC(1) O: Purge NMethod: io.sirix.api.PageReadOnlyTrx.recordPageOffset (0x00007f374fa22490) [0x00007f374fa22620, 0x00007f374fa22720] 
[3,647s][debug  ][gc,nmethod     ] GC(1) O: Purge NMethod: net.openhft.hashing.XXH3$AsLongHashFunction.hash (0x00007f374fe2e090) [0x00007f374fe2e280, 0x00007f374fe2e700] 
[3,647s][debug  ][gc,nmethod     ] GC(1) O: Purge NMethod: net.openhft.chronicle.core.io.AbstractReferenceCounted.refCount (0x00007f374fe87310) [0x00007f374fe874c0, 0x00007f374fe87658] 
[3,647s][debug  ][gc,nmethod     ] GC(1) O: Purge NMethod: jdk.internal.loader.URLClassPath.getResource (0x00007f374fc15d10) [0x00007f374fc15ee0, 0x00007f374fc16220] 
[3,647s][debug  ][gc,nmethod     ] GC(1) O: Purge NMethod: io.sirix.node.json.AbstractBooleanNode.computeHash (0x00007f374ff09b90) [0x00007f374ff09f60, 0x00007f374ff0be88] 
[3,647s][debug  ][gc,nmethod     ] GC(1) O: Purge NMethod: io.sirix.node.json.BooleanNode.getKind (0x00007f374feee710) [0x00007f374feee8a0, 0x00007f374feee9b0] 
[3,647s][debug  ][gc,nmethod     ] GC(1) O: Purge NMethod: com.google.gson.stream.JsonReader.nextString (0x00007f374fe59310) [0x00007f374fe59620, 0x00007f374fe5a418] 
[3,647s][debug  ][gc,nmethod     ] GC(1) O: Purge NMethod: com.google.common.base.Preconditions.checkArgument (0x00007f374fbdef90) [0x00007f374fbdf160, 0x00007f374fbdf4b8] 
[3,647s][debug  ][gc,nmethod     ] GC(1) O: Purge NMethod: java.lang.invoke.MethodType.methodType (0x00007f374fa52f10) [0x00007f374fa53120, 0x00007f374fa53658] 
[3,647s][debug  ][gc,nmethod     ] GC(1) O: Purge NMethod: com.google.gson.stream.JsonReader.peek (0x00007f374fdff010) [0x00007f374fdff240, 0x00007f374fdff870] 
[3,647s][debug  ][gc,nmethod     ] GC(1) O: Purge NMethod: java.lang.Integer.parseInt (0x00007f374fecf510) [0x00007f374fecf9a0, 0x00007f374fed1808] 
[3,647s][debug  ][gc,nmethod     ] GC(1) O: Purge NMethod: io.sirix.node.json.ObjectNode.delegate (0x00007f374fb4f890) [0x00007f374fb4fa40, 0x00007f374fb4fc98] 
[3,647s][debug  ][gc,nmethod     ] GC(1) O: Purge NMethod: io.sirix.access.trx.page.NodePageTrx.getPageContainer (0x00007f374fafd610) [0x00007f374fafd880, 0x00007f374fafe6b8] 
[3,647s][debug  ][gc,nmethod     ] GC(1) O: Purge NMethod: io.sirix.utils.IntToObjectMap.find (0x00007f374fadb310) [0x00007f374fadb4e0, 0x00007f374fadb878] 
[3,647s][debug  ][gc,nmethod     ] GC(1) O: Purge NMethod: io.sirix.access.trx.page.NodePageTrx$$Lambda/0x000000008036b068.<init> (0x00007f374feb9390) [0x00007f374feb9540, 0x00007f374feb9798] 
[3,647s][debug  ][gc,nmethod     ] GC(1) O: Purge NMethod: java.util.concurrent.ConcurrentHashMap.spread (0x00007f374fa25d90) [0x00007f374fa25f20, 0x00007f374fa26010] 
[3,647s][debug  ][gc,nmethod     ] GC(1) O: Purge NMethod: net.openhft.hashing.XXH3.XXH3_mix16B (0x00007f374fdf6610) [0x00007f374fdf6820, 0x00007f374fdf7148] 
[3,647s][debug  ][gc,nmethod     ] GC(1) O: Purge NMethod: io.sirix.service.json.shredder.JsonShredder.adaptTrxPosAndStack (0x00007f374fe61f10) [0x00007f374fe62180, 0x00007f374fe62d18] 
[3,647s][debug  ][gc,nmethod     ] GC(1) O: Purge NMethod: io.sirix.node.AbstractForwardingNode.getNodeDelegate (0x00007f374fa22c10) [0x00007f374fa22dc0, 0x00007f374fa22f78] 
[3,647s][debug  ][gc,nmethod     ] GC(1) O: Purge NMethod: java.lang.ref.SoftReference.get (0x00007f376f240a90) [0x00007f376f240c20, 0x00007f376f240d40] 
[3,647s][debug  ][gc,nmethod     ] GC(1) O: Purge NMethod: java.lang.CharacterDataLatin1.digit (0x00007f374fe0fe10) [0x00007f374fe0ffc0, 0x00007f374fe10208] 
[3,647s][debug  ][gc,nmethod     ] GC(1) O: Purge NMethod: io.sirix.access.trx.node.AbstractNodeTrxImpl.intermediateCommitIfRequired (0x00007f374fe33d90) [0x00007f374fe33f80, 0x00007f374fe344d8] 
[3,647s][debug  ][gc,nmethod     ] GC(1) O: Purge NMethod: io.sirix.access.trx.node.AbstractIndexController.notifyChange (0x00007f374fe18b90) [0x00007f374fe18da0, 0x00007f374fe194d8] 
[3,647s][debug  ][gc,nmethod     ] GC(1) O: Purge NMethod: java.util.ArrayList$Itr.hasNext (0x00007f374faf8810) [0x00007f374faf89a0, 0x00007f374faf8b40] 
[3,647s][debug  ][gc,nmethod     ] GC(1) O: Purge NMethod: io.sirix.service.json.shredder.JsonShredder.insertNewContent (0x00007f374ff30a10) [0x00007f374ff30d60, 0x00007f374ff31dd0] 
[3,647s][debug  ][gc,nmethod     ] GC(1) O: Purge NMethod: io.sirix.node.json.AbstractStringNode.computeHash (0x00007f374fea4f10) [0x00007f374fea5260, 0x00007f374fea6a20] 
[3,647s][debug  ][gc,nmethod     ] GC(1) O: Purge NMethod: java.lang.Math.clamp (0x00007f374fb29590) [0x00007f374fb297e0, 0x00007f374fb29fa0] 
[3,647s][debug  ][gc,nmethod     ] GC(1) O: Purge NMethod: net.openhft.chronicle.bytes.internal.HeapBytesStore.writeInt (0x00007f374fe38890) [0x00007f374fe38ae0, 0x00007f374fe39518] 
[3,647s][debug  ][gc,nmethod     ] GC(1) O: Purge NMethod: io.sirix.access.trx.node.json.JsonNodeTrxImpl.checkPrecondition (0x00007f374feca090) [0x00007f374feca2a0, 0x00007f374fecaad8] 
[3,647s][debug  ][gc,nmethod     ] GC(1) O: Purge NMethod: java.util.LinkedHashMap.afterNodeAccess (0x00007f374fe9fe10) [0x00007f374fea00a0, 0x00007f374fea0f70] 
[3,647s][debug  ][gc,nmethod     ] GC(1) O: Purge NMethod: java.lang.Long.bitCount (0x00007f374fdef090) [0x00007f374fdef220, 0x00007f374fdef388] 
[3,647s][debug  ][gc,nmethod     ] GC(1) O: Purge NMethod: java.lang.invoke.DirectMethodHandle.allocateInstance (0x00007f374fc98a10) [0x00007f374fc98bc0, 0x00007f374fc98e00] 
[3,647s][debug  ][gc,nmethod     ] GC(1) O: Purge NMethod: io.sirix.node.delegates.NodeDelegate.<init> (0x00007f374fe05e10) [0x00007f374fe05fe0, 0x00007f374fe06390] 
[3,647s][debug  ][gc,nmethod     ] GC(1) O: Purge NMethod: io.sirix.access.trx.page.NodePageReadOnlyTrx.assertNotClosed (0x00007f374fa23010) [0x00007f374fa231c0, 0x00007f374fa233e8] 
[3,647s][debug  ][gc,nmethod     ] GC(1) O: Purge NMethod: io.sirix.access.trx.page.NodePageTrx.getMostRecentPageContainer (0x00007f376f27a710) [0x00007f376f27a8e0, 0x00007f376f27aef8] 
[3,647s][debug  ][gc,nmethod     ] GC(1) O: Purge NMethod: io.sirix.access.trx.node.AbstractNodeHashing.setAddDescendants (0x00007f374fad8b10) [0x00007f374fad8d20, 0x00007f374fad93d8] 
[3,647s][debug  ][gc,nmethod     ] GC(1) O: Purge NMethod: java.util.WeakHashMap.hash (0x00007f374fa92f10) [0x00007f374fa930c0, 0x00007f374fa932a8] 
[3,647s][debug  ][gc,nmethod     ] GC(1) O: Purge NMethod: io.sirix.access.trx.node.json.JsonNodeTrxImpl.insertStringValueAsFirstChild (0x00007f374fe79190) [0x00007f374fe79720, 0x00007f374fe7ca50] 
[3,647s][debug  ][gc,nmethod     ] GC(1) O: Purge NMethod: net.openhft.chronicle.bytes.NativeBytes.writeByte (0x00007f374fa2f110) [0x00007f374fa2f2c0, 0x00007f374fa2f470] 
[3,647s][debug  ][gc,nmethod     ] GC(1) O: Purge NMethod: java.lang.Object.<init> (0x00007f376f1b3910) [0x00007f376f1b3a80, 0x00007f376f1b3af8] 
[3,647s][debug  ][gc,nmethod     ] GC(1) O: Purge NMethod: io.sirix.node.json.ObjectKeyNode.getKind (0x00007f374fbdf610) [0x00007f374fbdf7a0, 0x00007f374fbdf8b0] 
[3,647s][debug  ][gc,nmethod     ] GC(1) O: Purge NMethod: java.util.HashMap.computeIfAbsent (0x00007f374fe9a790) [0x00007f374fe9aae0, 0x00007f374fe9c130] 
[3,647s][debug  ][gc,nmethod     ] GC(1) O: Purge NMethod: io.sirix.access.trx.node.json.JsonNodeReadOnlyTrxImpl.isArray (0x00007f374feba510) [0x00007f374feba6e0, 0x00007f374febaba8] 
[3,647s][debug  ][gc,nmethod     ] GC(1) O: Purge NMethod: net.openhft.chronicle.bytes.internal.BytesInternal.writeStopBit (0x00007f374fe64590) [0x00007f374fe647a0, 0x00007f374fe64f18] 
[3,647s][debug  ][gc,nmethod     ] GC(1) O: Purge NMethod: io.sirix.node.xml.AbstractStructForwardingNode.getDescendantCount (0x00007f374fafa690) [0x00007f374fafa840, 0x00007f374fafaa30] 
[3,647s][debug  ][gc,nmethod     ] GC(1) O: Purge NMethod: net.openhft.chronicle.bytes.AbstractBytes.writeOffsetPositionMoved (0x00007f374fa10010) [0x00007f374fa101c0, 0x00007f374fa10380] 
[3,647s][debug  ][gc,nmethod     ] GC(1) O: Purge NMethod: java.nio.CharBuffer.<init> (0x00007f374fec5c90) [0x00007f374fec5e40, 0x00007f374fec6018] 
[3,647s][debug  ][gc,nmethod     ] GC(1) O: Purge NMethod: io.sirix.node.json.ObjectNode.getKind (0x00007f374fe02e90) [0x00007f374fe03020, 0x00007f374fe03130] 
[3,647s][debug  ][gc,nmethod     ] GC(1) O: Purge NMethod: io.sirix.cache.IndexLogKey.hashCode (0x00007f374fea4a90) [0x00007f374fea4c40, 0x00007f374fea4e38] 
[3,647s][debug  ][gc,nmethod     ] GC(1) O: Purge NMethod: java.util.concurrent.ConcurrentHashMap.putVal (0x00007f374fc51590) [0x00007f374fc51940, 0x00007f374fc53618] 
[3,647s][debug  ][gc,nmethod     ] GC(1) O: Purge NMethod: io.sirix.access.trx.node.json.JsonNodeFactoryImpl.createJsonArrayNode (0x00007f374ff15610) [0x00007f374ff15880, 0x00007f374ff16368] 
[3,647s][debug  ][gc,nmethod     ] GC(1) O: Purge NMethod: io.sirix.node.xml.AbstractStructForwardingNode.getRightSiblingKey (0x00007f374fad6a90) [0x00007f374fad6c40, 0x00007f374fad6e30] 
[3,647s][debug  ][gc,nmethod     ] GC(1) O: Purge NMethod: io.sirix.access.trx.page.NodePageTrx.prepareRecordPage (0x00007f374fa5b010) [0x00007f374fa5b340, 0x00007f374fa5c9f0] 
[3,647s][debug  ][gc,nmethod     ] GC(1) O: Purge NMethod: java.lang.ThreadLocal.get (0x00007f374fd81d90) [0x00007f374fd81f60, 0x00007f374fd822c8] 
[3,647s][debug  ][gc,nmethod     ] GC(1) O: Purge NMethod: java.lang.invoke.DirectMethodHandle.constructorMethod (0x00007f374fc9b390) [0x00007f374fc9b540, 0x00007f374fc9b738] 
[3,647s][debug  ][gc,nmethod     ] GC(1) O: Purge NMethod: io.sirix.node.immutable.json.ImmutableArrayNode.getKind (0x00007f374fe66990) [0x00007f374fe66b20, 0x00007f374fe66c30] 
[3,647s][debug  ][gc,nmethod     ] GC(1) O: Purge NMethod: java.util.HashMap.put (0x00007f376f21ba90) [0x00007f376f21bd20, 0x00007f376f21ca08] 
[3,647s][debug  ][gc,nmethod     ] GC(1) O: Purge NMethod: com.google.gson.stream.JsonReader.nextNull (0x00007f374fed7290) [0x00007f374fed7520, 0x00007f374fed7f08] 
[3,647s][debug  ][gc,nmethod     ] GC(1) O: Purge NMethod: io.sirix.node.delegates.ValueNodeDelegate.<init> (0x00007f374fea4190) [0x00007f374fea4380, 0x00007f374fea48d0] 
[3,647s][debug  ][gc,nmethod     ] GC(1) O: Purge NMethod: io.sirix.node.xml.AbstractStructForwardingNode.setDescendantCount (0x00007f374fad8690) [0x00007f374fad8840, 0x00007f374fad8a30] 
[3,647s][debug  ][gc,nmethod     ] GC(1) O: Purge NMethod: io.sirix.access.trx.node.AbstractNodeHashing.rollingAdd (0x00007f374fee7c10) [0x00007f374fee8080, 0x00007f374feea680] 
[3,647s][debug  ][gc,nmethod     ] GC(1) O: Purge NMethod: io.sirix.index.path.summary.PathSummaryWriter.getPathNodeKey (0x00007f374fe52090) [0x00007f374fe52540, 0x00007f374fe54780] 
[3,647s][debug  ][gc,nmethod     ] GC(1) O: Purge NMethod: io.sirix.access.trx.node.AbstractNodeHashing.adaptHashesWithAdd (0x00007f374fe2cd90) [0x00007f374fe2cf60, 0x00007f374fe2d2b8] 
[3,647s][debug  ][gc,nmethod     ] GC(1) O: Purge NMethod: io.sirix.access.trx.page.NodePageReadOnlyTrx.checkItemIfDeleted (0x00007f374fbde190) [0x00007f374fbde340, 0x00007f374fbde590] 
[3,647s][debug  ][gc,nmethod     ] GC(1) O: Purge NMethod: java.lang.System$2.decodeASCII (0x00007f374ff22390) [0x00007f374ff22540, 0x00007f374ff22688] 
[3,647s][debug  ][gc,nmethod     ] GC(1) O: Purge NMethod: io.sirix.access.trx.node.AbstractDeweyIDManager.newRightSiblingID (0x00007f374fe5a890) [0x00007f374fe5abe0, 0x00007f374fe5c3e0] 
[3,647s][debug  ][gc,nmethod     ] GC(1) O: Purge NMethod: java.lang.String.<init> (0x00007f376f210b10) [0x00007f376f210cc0, 0x00007f376f211250] 
[3,647s][debug  ][gc,nmethod     ] GC(1) O: Purge NMethod: io.sirix.node.json.AbstractNumberNode.delegate (0x00007f374fdefb10) [0x00007f374fdefcc0, 0x00007f374fdeff18] 
[3,647s][debug  ][gc,nmethod     ] GC(1) O: Purge NMethod: io.sirix.node.json.AbstractNullNode.delegate (0x00007f374fec8390) [0x00007f374fec8540, 0x00007f374fec8798] 
[3,647s][debug  ][gc,nmethod     ] GC(1) O: Purge NMethod: io.sirix.access.trx.node.AbstractNodeReadOnlyTrx.storeDeweyIDs (0x00007f374fe2a110) [0x00007f374fe2a2e0, 0x00007f374fe2a6d8] 
[3,647s][debug  ][gc,nmethod     ] GC(1) O: Purge NMethod: io.sirix.access.trx.page.NodePageTrx.prepareRecordPage (0x00007f374fe98b10) [0x00007f374fe98e20, 0x00007f374fe9a188] 
[3,647s][debug  ][gc,nmethod     ] GC(1) O: Purge NMethod: net.openhft.hashing.LongHashFunction.unsafeHash (0x00007f374fe2d910) [0x00007f374fe2dac0, 0x00007f374fe2dc88] 
[3,647s][debug  ][gc,nmethod     ] GC(1) O: Purge NMethod: it.unimi.dsi.fastutil.longs.LongArrayList.removeLong (0x00007f374fe0c590) [0x00007f374fe0c840, 0x00007f374fe0d328] 
[3,647s][debug  ][gc,nmethod     ] GC(1) O: Purge NMethod: java.lang.Integer.rotateRight (0x00007f374fb8cd90) [0x00007f374fb8cf20, 0x00007f374fb8d018] 
[3,647s][debug  ][gc,nmethod     ] GC(1) O: Purge NMethod: java.util.Arrays.copyOf (0x00007f374fa76310) [0x00007f374fa764e0, 0x00007f374fa76990] 
[3,647s][debug  ][gc,nmethod     ] GC(1) O: Purge NMethod: io.sirix.access.trx.page.NodePageTrx.prepareRecordForModification (0x00007f374fa56510) [0x00007f374fa56800, 0x00007f374fa57750] 
[3,647s][debug  ][gc,nmethod     ] GC(1) O: Purge NMethod: java.lang.String.encodeUTF8 (0x00007f374fe3be10) [0x00007f374fe3c040, 0x00007f374fe3c760] 
[3,647s][debug  ][gc,nmethod     ] GC(1) O: Purge NMethod: java.nio.ByteBuffer.arrayOffset (0x00007f374fa7c690) [0x00007f374fa7c860, 0x00007f374fa7cb58] 
[3,647s][debug  ][gc,nmethod     ] GC(1) O: Purge NMethod: io.sirix.access.trx.page.NodePageTrx.createRecord (0x00007f374fdfca90) [0x00007f374fdfce60, 0x00007f374fdfe790] 
[3,647s][debug  ][gc,nmethod     ] GC(1) O: Purge NMethod: it.unimi.dsi.fastutil.longs.AbstractLongList.popLong (0x00007f374fe0bf10) [0x00007f374fe0c0e0, 0x00007f374fe0c420] 
[3,647s][debug  ][gc,nmethod     ] GC(1) O: Purge NMethod: java.nio.CharBuffer.position (0x00007f374fa33b90) [0x00007f374fa33d40, 0x00007f374fa33ee8] 
[3,647s][debug  ][gc,nmethod     ] GC(1) O: Purge NMethod: java.lang.invoke.LambdaForm$MH/0x0000000080352400.invoke (0x00007f374feeea90) [0x00007f374feeec20, 0x00007f374feeee88] 
[3,647s][debug  ][gc,nmethod     ] GC(1) O: Purge NMethod: java.lang.StringLatin1.inflate (0x00007f374fda1990) [0x00007f374fda1b40, 0x00007f374fda1d40] 
[3,647s][debug  ][gc,nmethod     ] GC(1) O: Purge NMethod: net.openhft.hashing.UnsafeAccess.byteOrder (0x00007f374fe29810) [0x00007f374fe299a0, 0x00007f374fe29b08] 
[3,647s][debug  ][gc,nmethod     ] GC(1) O: Purge NMethod: io.sirix.node.json.ArrayNode.delegate (0x00007f374fdff990) [0x00007f374fdffb40, 0x00007f374fdffd98] 
[3,647s][debug  ][gc,nmethod     ] GC(1) O: Purge NMethod: java.util.BitSet.recalculateWordsInUse (0x00007f374fbdea90) [0x00007f374fbdec40, 0x00007f374fbdee98] 
[3,647s][debug  ][gc,nmethod     ] GC(1) O: Purge NMethod: jdk.internal.loader.URLClassPath$JarLoader$2.getCodeSourceURL (0x00007f374fc4ec90) [0x00007f374fc4ee20, 0x00007f374fc4ef88] 
[3,647s][debug  ][gc,nmethod     ] GC(1) O: Purge NMethod: java.lang.ref.SoftReference.get (0x00007f374faef810) [0x00007f374faef9c0, 0x00007f374faefb98] 
[3,647s][debug  ][gc,nmethod     ] GC(1) O: Purge NMethod: io.sirix.access.trx.node.json.JsonNodeTrxImpl.getPathNodeKey (0x00007f374fe3d990) [0x00007f374fe3dbe0, 0x00007f374fe3e6e8] 
[3,647s][debug  ][gc,nmethod     ] GC(1) O: Purge NMethod: io.sirix.node.xml.AbstractStructForwardingNode.setLastChildKey (0x00007f374fe2a890) [0x00007f374fe2aa60, 0x00007f374fe2add8] 
[3,647s][debug  ][gc,nmethod     ] GC(1) O: Purge NMethod: io.sirix.index.path.summary.PathSummaryReader.moveTo (0x00007f374fad9f10) [0x00007f374fada160, 0x00007f374fadabb0] 
[3,648s][debug  ][gc,nmethod     ] GC(1) O: Purge NMethod: io.sirix.access.trx.page.NodePageTrx.getPageContainer (0x00007f376f280990) [0x00007f376f280b20, 0x00007f376f280c58] 
[3,648s][debug  ][gc,nmethod     ] GC(1) O: Purge NMethod: java.lang.String.decodeASCII (0x00007f374ff22f10) [0x00007f374ff230e0, 0x00007f374ff23388] 
[3,648s][debug  ][gc,nmethod     ] GC(1) O: Purge NMethod: io.sirix.cache.IndexLogKey.equals (0x00007f374fea7090) [0x00007f374fea7260, 0x00007f374fea7750] 
[3,648s][debug  ][gc,nmethod     ] GC(1) O: Purge NMethod: io.sirix.node.json.ObjectKeyNode.delegate (0x00007f374fa2df10) [0x00007f374fa2e0c0, 0x00007f374fa2e318] 
[3,648s][debug  ][gc,nmethod     ] GC(1) O: Purge NMethod: io.sirix.service.json.shredder.JsonShredder.processNumber (0x00007f374feffe90) [0x00007f374ff000a0, 0x00007f374ff00518] 
[3,648s][debug  ][gc,nmethod     ] GC(1) O: Purge NMethod: jdk.internal.org.objectweb.asm.MethodWriter.visitCode (0x00007f374fc54c90) [0x00007f374fc54e20, 0x00007f374fc54f20] 
[3,648s][debug  ][gc,nmethod     ] GC(1) O: Purge NMethod: io.sirix.access.trx.node.AbstractNodeReadOnlyTrx.moveToParent (0x00007f374fe03b90) [0x00007f374fe03d80, 0x00007f374fe04218] 
[3,648s][debug  ][gc,nmethod     ] GC(1) O: Purge NMethod: io.sirix.access.trx.page.NodePageTrx.prepareRecordForModification (0x00007f376f27c510) [0x00007f376f27c700, 0x00007f376f27ccc0] 
[3,648s][debug  ][gc,nmethod     ] GC(1) O: Purge NMethod: net.openhft.chronicle.bytes.internal.HeapBytesStore.writeByte (0x00007f374fa1d390) [0x00007f374fa1d5e0, 0x00007f374fa1e018] 
[3,648s][debug  ][gc,nmethod     ] GC(1) O: Purge NMethod: java.lang.invoke.LambdaForm$DMH/0x000000008010d800.invokeSpecial (0x00007f374fe98090) [0x00007f374fe98260, 0x00007f374fe986f8] 
[3,648s][debug  ][gc,nmethod     ] GC(1) O: Purge NMethod: java.lang.invoke.LambdaForm$MH/0x0000000080374800.invoke (0x00007f374fe9d310) [0x00007f374fe9d560, 0x00007f374fe9e020] 
[3,648s][debug  ][gc,nmethod     ] GC(1) O: Purge NMethod: io.sirix.node.xml.AbstractStructForwardingNode.hasRightSibling (0x00007f374fad9990) [0x00007f374fad9b40, 0x00007f374fad9df8] 
[3,648s][debug  ][gc,nmethod     ] GC(1) O: Purge NMethod: io.sirix.access.trx.node.json.JsonNodeTrxImpl.insertAsSibling (0x00007f374fe5dd10) [0x00007f374fe5e100, 0x00007f374fe60430] 
[3,648s][debug  ][gc,nmethod     ] GC(1) O: Purge NMethod: net.openhft.hashing.Maths.unsignedLongMulXorFold (0x00007f374fdee910) [0x00007f374fdeeac0, 0x00007f374fdeec00] 
[3,648s][debug  ][gc,nmethod     ] GC(1) O: Purge NMethod: java.util.BitSet.checkInvariants (0x00007f374fa24710) [0x00007f374fa248a0, 0x00007f374fa249d0] 
[3,648s][debug  ][gc,nmethod     ] GC(1) O: Purge NMethod: java.lang.Math.multiplyHigh (0x00007f374fdee590) [0x00007f374fdee720, 0x00007f374fdee880] 
[3,648s][debug  ][gc,nmethod     ] GC(1) O: Purge NMethod: java.lang.Long.getChars (0x00007f374fee7090) [0x00007f374fee7280, 0x00007f374fee7880] 
[3,648s][debug  ][gc,nmethod     ] GC(1) O: Purge NMethod: net.openhft.hashing.XXH3.access$500 (0x00007f374fe2e910) [0x00007f374fe2eac0, 0x00007f374fe2ebd8] 
[3,648s][debug  ][gc,nmethod     ] GC(1) O: Purge NMethod: io.sirix.node.xml.AbstractStructForwardingNode.getFirstChildKey (0x00007f374fe1ba90) [0x00007f374fe1bc40, 0x00007f374fe1be30] 
[3,648s][debug  ][gc,nmethod     ] GC(1) O: Purge NMethod: net.openhft.chronicle.bytes.internal.HeapBytesStore.writeInt (0x00007f374fe36d10) [0x00007f374fe36ec0, 0x00007f374fe37010] 
[3,648s][debug  ][gc,nmethod     ] GC(1) O: Purge NMethod: io.sirix.access.trx.node.AbstractNodeTrxImpl.checkAccessAndCommit (0x00007f374fe33090) [0x00007f374fe332c0, 0x00007f374fe33ab8] 
[3,648s][debug  ][gc,nmethod     ] GC(1) O: Purge NMethod: java.lang.Class.getPackageName (0x00007f374fa67290) [0x00007f374fa67540, 0x00007f374fa68068] 
[3,648s][debug  ][gc,nmethod     ] GC(1) O: Purge NMethod: com.google.gson.stream.JsonReader.fillBuffer (0x00007f374ff30090) [0x00007f374ff30280, 0x00007f374ff30880] 
[3,648s][debug  ][gc,nmethod     ] GC(1) O: Purge NMethod: java.lang.Long.stringSize (0x00007f374fee0a10) [0x00007f374fee0bc0, 0x00007f374fee0e30] 
[3,648s][debug  ][gc,nmethod     ] GC(1) O: Purge NMethod: com.google.gson.stream.JsonReader.nextNonWhitespace (0x00007f374fa57f10) [0x00007f374fa58400, 0x00007f374fa5a3d0] 
[3,648s][debug  ][gc,nmethod     ] GC(1) O: Purge NMethod: sun.net.util.IPAddressUtil.checkHostString (0x00007f374fab8d10) [0x00007f374fab8ec0, 0x00007f374fab90d0] 
[3,648s][debug  ][gc,nmethod     ] GC(1) O: Purge NMethod: it.unimi.dsi.fastutil.HashCommon.mix (0x00007f374fbdde10) [0x00007f374fbddfa0, 0x00007f374fbde098] 
[3,648s][debug  ][gc,nmethod     ] GC(1) O: Purge NMethod: io.sirix.index.path.summary.PathSummaryReader.assertNotClosed (0x00007f374fb4fd90) [0x00007f374fb4ff40, 0x00007f374fb50158] 
[3,648s][debug  ][gc,nmethod     ] GC(1) O: Purge NMethod: net.openhft.hashing.LongHashFunction.hashByteBuffer (0x00007f374fe2f010) [0x00007f374fe2f2a0, 0x00007f374fe2fed0] 
[3,648s][debug  ][gc,nmethod     ] GC(1) O: Purge NMethod: io.sirix.access.trx.node.json.JsonNodeTrxImpl.adaptNodesAndHashesForInsertAsChild (0x00007f374fe35810) [0x00007f374fe35a60, 0x00007f374fe366b0] 
[3,648s][debug  ][gc,nmethod     ] GC(1) O: Purge NMethod: io.sirix.service.json.shredder.JsonShredder.insertArray (0x00007f374ff1d390) [0x00007f374ff1d9e0, 0x00007f374ff212f8] 
[3,648s][debug  ][gc,nmethod     ] GC(1) O: Purge NMethod: io.sirix.node.delegates.NodeDelegate.getKind (0x00007f374fe2ca10) [0x00007f374fe2cba0, 0x00007f374fe2ccb0] 
[3,648s][debug  ][gc,nmethod     ] GC(1) O: Purge NMethod: io.sirix.access.trx.node.AbstractNodeReadOnlyTrx.getKind (0x00007f374fdef410) [0x00007f374fdef5e0, 0x00007f374fdef9c0] 
[3,648s][debug  ][gc,nmethod     ] GC(1) O: Purge NMethod: java.lang.Object.equals (0x00007f374fa40c10) [0x00007f374fa40da0, 0x00007f374fa40f00] 
[3,648s][debug  ][gc,nmethod     ] GC(1) O: Purge NMethod: net.openhft.chronicle.bytes.internal.HeapBytesStore.writeLong (0x00007f374fbe0210) [0x00007f374fbe0460, 0x00007f374fbe0e98] 
[3,648s][debug  ][gc,nmethod     ] GC(1) O: Purge NMethod: io.sirix.index.path.summary.PathSummaryReader.getNodeKey (0x00007f374fadba90) [0x00007f374fadbc60, 0x00007f374fadbfd0] 
[3,648s][debug  ][gc,nmethod     ] GC(1) O: Purge NMethod: io.sirix.access.trx.node.AbstractNodeReadOnlyTrx.getNodeKey (0x00007f374fe30290) [0x00007f374fe30460, 0x00007f374fe30840] 
[3,648s][debug  ][gc,nmethod     ] GC(1) O: Purge NMethod: java.lang.String.indexOf (0x00007f374fb28210) [0x00007f374fb283e0, 0x00007f374fb286d0] 
[3,648s][debug  ][gc,nmethod     ] GC(1) O: Purge NMethod: java.util.ArrayList$Itr.next (0x00007f374fd90310) [0x00007f374fd90500, 0x00007f374fd90958] 
[3,648s][debug  ][gc,nmethod     ] GC(1) O: Purge NMethod: io.sirix.node.delegates.StructNodeDelegate.incrementChildCount (0x00007f374fe05a90) [0x00007f374fe05c20, 0x00007f374fe05d38] 
[3,648s][debug  ][gc,nmethod     ] GC(1) O: Purge NMethod: it.unimi.dsi.fastutil.longs.LongArrayList.add (0x00007f374fe0a890) [0x00007f374fe0aa60, 0x00007f374fe0ad48] 
[3,648s][debug  ][gc,nmethod     ] GC(1) O: Purge NMethod: java.nio.Buffer.limit (0x00007f374fa65a90) [0x00007f374fa65c40, 0x00007f374fa65ee8] 
[3,648s][debug  ][gc,nmethod     ] GC(1) O: Purge NMethod: java.util.BitSet.set (0x00007f374fdf0990) [0x00007f374fdf0c00, 0x00007f374fdf1428] 
[3,648s][debug  ][gc,nmethod     ] GC(1) O: Purge NMethod: jdk.internal.org.objectweb.asm.Frame.push (0x00007f374fb59f90) [0x00007f374fb5a180, 0x00007f374fb5a7c0] 
[3,648s][debug  ][gc,nmethod     ] GC(1) O: Purge NMethod: io.sirix.node.json.AbstractBooleanNode.delegate (0x00007f374fea8b90) [0x00007f374fea8d40, 0x00007f374fea8f98] 
[3,648s][debug  ][gc,nmethod     ] GC(1) O: Purge NMethod: net.openhft.chronicle.bytes.NativeBytes.writeLong (0x00007f374fafb910) [0x00007f374fafbac0, 0x00007f374fafbc70] 
[3,648s][debug  ][gc,nmethod     ] GC(1) O: Purge NMethod: java.lang.invoke.MethodTypeForm.canonicalize (0x00007f374fa27810) [0x00007f374fa27a40, 0x00007f374fa28030] 
[3,648s][debug  ][gc,nmethod     ] GC(1) O: Purge NMethod: io.sirix.access.trx.page.NodePageTrx.getMostRecentPageContainer (0x00007f374fe8a590) [0x00007f374fe8a780, 0x00007f374fe8ae48] 
[3,648s][debug  ][gc,nmethod     ] GC(1) O: Purge NMethod: java.nio.CharBuffer.wrap (0x00007f374fecd910) [0x00007f374fecdae0, 0x00007f374fecdd70] 
[3,648s][debug  ][gc,nmethod     ] GC(1) O: Purge NMethod: io.sirix.access.trx.page.NodePageTrx.getMostRecentPageContainer (0x00007f374fa2d510) [0x00007f374fa2d700, 0x00007f374fa2ddc8] 
[3,648s][debug  ][gc,nmethod     ] GC(1) O: Purge NMethod: net.openhft.chronicle.bytes.NativeBytes.writeByte (0x00007f374fa2ec10) [0x00007f374fa2edc0, 0x00007f374fa2f018] 
[3,648s][debug  ][gc,nmethod     ] GC(1) O: Purge NMethod: java.lang.ref.Cleaner$1.apply (0x00007f374fa7db10) [0x00007f374fa7dcc0, 0x00007f374fa7df40] 
[3,648s][debug  ][gc,nmethod     ] GC(1) O: Purge NMethod: java.lang.StringCoding.hasNegatives (0x00007f374face510) [0x00007f374face6c0, 0x00007f374face970] 
[3,648s][debug  ][gc,nmethod     ] GC(1) O: Purge NMethod: io.sirix.node.xml.AbstractStructForwardingNode.setFirstChildKey (0x00007f374fe04890) [0x00007f374fe04a40, 0x00007f374fe04c30] 
[3,648s][debug  ][gc,nmethod     ] GC(1) O: Purge NMethod: io.sirix.access.trx.node.AbstractNodeReadOnlyTrx.getParentKind (0x00007f374fe3ea10) [0x00007f374fe3eca0, 0x00007f374fe3f9c8] 
[3,648s][debug  ][gc,nmethod     ] GC(1) O: Purge NMethod: sun.misc.Unsafe.getLong (0x00007f374fbd3a10) [0x00007f374fbd3ba0, 0x00007f374fbd3ca8] 
[3,648s][debug  ][gc,nmethod     ] GC(1) O: Purge NMethod: io.sirix.access.trx.page.NodePageReadOnlyTrx.pageKey (0x00007f374fa2c910) [0x00007f374fa2cae0, 0x00007f374fa2cf30] 
[3,648s][debug  ][gc,nmethod     ] GC(1) O: Purge NMethod: io.sirix.access.trx.page.NodePageTrx.prepareRecordForModification (0x00007f374fe94310) [0x00007f374fe94600, 0x00007f374fe95550] 
[3,648s][debug  ][gc,nmethod     ] GC(1) O: Purge NMethod: net.openhft.hashing.XXH3.XXH3_avalanche (0x00007f374fe2ec90) [0x00007f374fe2ee20, 0x00007f374fe2ef30] 
[3,648s][debug  ][gc,nmethod     ] GC(1) O: Purge NMethod: java.net.URL.<init> (0x00007f374fb46990) [0x00007f374fb47020, 0x00007f374fb4a7d0] 
[3,648s][debug  ][gc,nmethod     ] GC(1) O: Purge NMethod: sun.net.www.protocol.file.Handler.parseURL (0x00007f374fc3f210) [0x00007f374fc3f3c0, 0x00007f374fc3f578] 
[3,648s][debug  ][gc,nmethod     ] GC(1) O: Purge NMethod: com.google.gson.stream.JsonReader.nextBoolean (0x00007f374ff08a10) [0x00007f374ff08cc0, 0x00007f374ff09770] 
[3,648s][debug  ][gc,nmethod     ] GC(1) O: Purge NMethod: java.lang.Long.toString (0x00007f374fefe590) [0x00007f374fefe760, 0x00007f374fefeae0] 
[3,648s][debug  ][gc,nmethod     ] GC(1) O: Purge NMethod: com.google.gson.stream.JsonReader.peekKeyword (0x00007f374fecbb90) [0x00007f374fecbec0, 0x00007f374fecd238] 
[3,648s][debug  ][gc,nmethod     ] GC(1) O: Purge NMethod: sun.nio.cs.StreamDecoder.read (0x00007f374ff2dd10) [0x00007f374ff2df80, 0x00007f374ff2e6b8] 
[3,648s][debug  ][gc,nmethod     ] GC(1) O: Purge NMethod: io.sirix.axis.AbstractAxis.hasNext (0x00007f374faf9790) [0x00007f374faf99c0, 0x00007f374fafa018] 
[3,648s][debug  ][gc,nmethod     ] GC(1) O: Purge NMethod: io.sirix.access.trx.node.json.JsonNodeTrxImpl.insertStringValueAsRightSibling (0x00007f374fee4710) [0x00007f374fee4aa0, 0x00007f374fee6478] 
[3,648s][debug  ][gc,nmethod     ] GC(1) O: Purge NMethod: io.sirix.service.json.shredder.JsonShredder.processNull (0x00007f374fed6b10) [0x00007f374fed6d00, 0x00007f374fed70d8] 
[3,648s][debug  ][gc,nmethod     ] GC(1) O: Purge NMethod: io.sirix.index.path.summary.PathSummaryWriter.movePathSummary (0x00007f374fe55410) [0x00007f374fe55740, 0x00007f374fe56978] 
[3,648s][debug  ][gc,nmethod     ] GC(1) O: Purge NMethod: net.openhft.chronicle.bytes.AbstractBytes.writeInt (0x00007f374fe26490) [0x00007f374fe26640, 0x00007f374fe26898] 
[3,648s][debug  ][gc,nmethod     ] GC(1) O: Purge NMethod: io.sirix.access.trx.node.AbstractNodeReadOnlyTrx.moveTo (0x00007f374fafea90) [0x00007f374fafed40, 0x00007f374faffd28] 
[3,648s][debug  ][gc,nmethod     ] GC(1) O: Purge NMethod: net.openhft.chronicle.core.io.AbstractReferenceCounted.throwExceptionIfReleased (0x00007f374fb51510) [0x00007f374fb516e0, 0x00007f374fb51ae8] 
[3,648s][debug  ][gc,nmethod     ] GC(1) O: Purge NMethod: java.net.URLStreamHandler.setURL (0x00007f374fb54110) [0x00007f374fb54420, 0x00007f374fb55580] 
[3,648s][debug  ][gc,nmethod     ] GC(1) O: Purge NMethod: io.sirix.axis.AbstractAxis.<init> (0x00007f374fe10f10) [0x00007f374fe11120, 0x00007f374fe117c0] 
[3,648s][debug  ][gc,nmethod     ] GC(1) O: Purge NMethod: net.openhft.chronicle.bytes.AbstractBytes.clear (0x00007f374fdfbb10) [0x00007f374fdfbce0, 0x00007f374fdfc288] 
[3,648s][debug  ][gc,nmethod     ] GC(1) O: Purge NMethod: com.google.gson.stream.JsonReader.nextQuotedValue (0x00007f374fdf9b10) [0x00007f374fdf9e80, 0x00007f374fdfb1f8] 
[3,648s][debug  ][gc,nmethod     ] GC(1) O: Purge NMethod: io.sirix.access.trx.node.json.JsonNodeTrxImpl.insertNullValueAsRightSibling (0x00007f374fed8f90) [0x00007f374fed9300, 0x00007f374fedac38] 
[3,648s][debug  ][gc,nmethod     ] GC(1) O: Purge NMethod: io.sirix.access.trx.node.json.JsonNodeTrxImpl.moveToParentObjectKeyArrayOrDocumentRoot (0x00007f374fe19710) [0x00007f374fe199e0, 0x00007f374fe1abe8] 
[3,648s][debug  ][gc,nmethod     ] GC(1) O: Purge NMethod: io.sirix.node.json.ObjectStringNode.getKind (0x00007f374fe1b710) [0x00007f374fe1b8a0, 0x00007f374fe1b9b0] 
[3,648s][debug  ][gc,phases      ] GC(1) O: Concurrent Classes Purge 1,601ms
[3,648s][debug  ][gc,phases,start] GC(1) O: Concurrent References Enqueue
[3,648s][debug  ][gc,phases      ] GC(1) O: Concurrent References Enqueue 0,005ms
[3,648s][info   ][gc,phases      ] GC(1) O: Concurrent Process Non-Strong 7,302ms
[3,648s][debug  ][gc,phases,start] GC(1) O: Concurrent Reset Relocation Set
[3,648s][info   ][gc,phases      ] GC(1) O: Concurrent Reset Relocation Set 0,005ms
[3,648s][debug  ][gc,phases,start] GC(1) O: Concurrent Select Relocation Set
[3,648s][debug  ][gc,reloc       ] Synchronize all workers 1 _nworkers: 0 _nsynchronized: 0
[3,648s][debug  ][gc,reloc       ] Synchronize all workers 1 _nworkers: 0 _nsynchronized: 0
[3,648s][debug  ][gc,reloc       ] Desynchronize all workers _nworkers: 0 _nsynchronized: 0
[3,648s][debug  ][gc,reloc       ] Desynchronize all workers _nworkers: 0 _nsynchronized: 0
[3,649s][debug  ][gc,nmethod     ] Register NMethod: io.sirix.page.delegates.BitmapReferencesPage.getOrCreateReference (0x00007f376f21bd90) [0x00007f376f21bfe0, 0x00007f376f21ca10] Compiler: c2, Barriers: 13, Oops: 1, ImmediateOops: 1, NonImmediateOops: No
[3,649s][debug  ][gc,reloc       ] GC(1) O: Relocation Set (Medium Pages): 0->0, 0 skipped, 0 forwarding entries
[3,649s][debug  ][gc,reloc       ] GC(1) O: Relocation Set (Small Pages): 0->0, 0 skipped, 0 forwarding entries
[3,649s][debug  ][gc,task        ] GC(1) O: Executing ZRelocationSetInstallTask using ZWorkerOld with 1 workers
[3,649s][info   ][gc,phases      ] GC(1) O: Concurrent Select Relocation Set 0,761ms
[3,649s][debug  ][gc,phases,start] GC(1) O: Concurrent Remap Roots
[3,649s][info   ][gc,task        ] GC(1) O: Using 5 Workers for Old Generation
[3,649s][debug  ][gc,task        ] GC(1) O: Executing ZRemapYoungRootsTask using ZWorkerOld with 5 workers
[3,653s][info   ][gc,task        ] GC(1) O: Using 1 Workers for Old Generation
[3,653s][info   ][gc,phases      ] GC(1) O: Concurrent Remap Roots 3,864ms
[3,653s][debug  ][gc,reloc       ] Synchronize all workers 1 _nworkers: 0 _nsynchronized: 0
[3,653s][debug  ][gc,reloc       ] Synchronize all workers 1 _nworkers: 0 _nsynchronized: 0
[3,653s][debug  ][gc,phases,start] GC(1) O: Pause Relocate Start
[3,653s][debug  ][gc,reloc       ] GC(1) O: Joining workers: 1
[3,653s][info   ][gc,phases      ] GC(1) O: Pause Relocate Start 0,017ms
[3,653s][debug  ][gc,reloc       ] Desynchronize all workers _nworkers: 1 _nsynchronized: 0
[3,653s][debug  ][gc,reloc       ] Desynchronize all workers _nworkers: 0 _nsynchronized: 0
[3,653s][debug  ][gc,phases,start] GC(1) O: Concurrent Relocate
[3,653s][debug  ][gc,task        ] GC(1) O: Executing ZRelocateStoreBufferInstallBasePointersTask using ZWorkerOld with 1 workers
[3,653s][debug  ][gc,task        ] GC(1) O: Executing ZRelocateTask using ZWorkerOld with 1 workers
[3,653s][debug  ][gc,reloc       ] GC(1) O: Leaving workers: left: 0 _synchronize: 0 _nsynchronized: 0
[3,654s][info   ][gc,phases      ] GC(1) O: Concurrent Relocate 0,383ms
[3,654s][debug  ][gc,heap        ] GC(1) O: Heap after GC invocations=2 (full 2):
[3,654s][debug  ][gc,heap        ] GC(1) O:  ZHeap           used 574M, capacity 5120M, max capacity 15360M
[3,654s][debug  ][gc,heap        ] GC(1) O:  Metaspace       used 28826K, committed 29248K, reserved 1114112K
[3,654s][debug  ][gc,heap        ] GC(1) O:   class space    used 3245K, committed 3456K, reserved 1048576K
[3,654s][info   ][gc,alloc       ] GC(1) O:                         Mark Start        Mark End      Relocate Start    Relocate End   
[3,654s][info   ][gc,alloc       ] GC(1) O: Allocation Stalls:          0                0                0                0         
[3,654s][info   ][gc,load        ] GC(1) O: Load: 1,94 (10%) / 1,93 (10%) / 4,96 (25%)
[3,654s][info   ][gc,mmu         ] GC(1) O: MMU: 2ms/94,6%, 5ms/97,8%, 10ms/98,9%, 20ms/99,4%, 50ms/99,7%, 100ms/99,8%
[3,654s][info   ][gc,marking     ] GC(1) O: Mark: 1 stripe(s), 1 proactive flush(es), 1 terminate flush(es), 0 completion(s), 0 continuation(s) 
[3,654s][info   ][gc,marking     ] GC(1) O: Mark Stack Usage: 0M
[3,654s][info   ][gc,nmethod     ] GC(1) O: NMethods: 2496 registered, 281 unregistered
[3,654s][info   ][gc,metaspace   ] GC(1) O: Metaspace: 28M used, 28M committed, 1088M reserved
[3,654s][info   ][gc,ref         ] GC(1) O:                       Encountered   Discovered     Enqueued 
[3,654s][info   ][gc,ref         ] GC(1) O: Soft References:             3802            0            0 
[3,654s][info   ][gc,ref         ] GC(1) O: Weak References:             2520            0            0 
[3,654s][info   ][gc,ref         ] GC(1) O: Final References:              45            0            0 
[3,654s][info   ][gc,ref         ] GC(1) O: Phantom References:           946            0            0 
[3,654s][info   ][gc,heap        ] GC(1) O: Min Capacity: 5120M(33%)
[3,654s][info   ][gc,heap        ] GC(1) O: Max Capacity: 15360M(100%)
[3,654s][info   ][gc,heap        ] GC(1) O: Soft Max Capacity: 15360M(100%)
[3,654s][info   ][gc,heap        ] GC(1) O: Heap Statistics:
[3,654s][info   ][gc,heap        ] GC(1) O:                Mark Start          Mark End        Relocate Start      Relocate End           High               Low         
[3,654s][info   ][gc,heap        ] GC(1) O:  Capacity:     5120M (33%)        5120M (33%)        5120M (33%)        5120M (33%)        5120M (33%)        5120M (33%)    
[3,654s][info   ][gc,heap        ] GC(1) O:      Free:    13818M (90%)       14796M (96%)       14786M (96%)       14786M (96%)       14798M (96%)       13734M (89%)    
[3,654s][info   ][gc,heap        ] GC(1) O:      Used:     1542M (10%)         564M (4%)          574M (4%)          574M (4%)         1626M (11%)         562M (4%)     
[3,654s][info   ][gc,heap        ] GC(1) O: Old Generation Statistics:
[3,654s][info   ][gc,heap        ] GC(1) O:                Mark Start          Mark End        Relocate Start      Relocate End    
[3,654s][info   ][gc,heap        ] GC(1) O:      Used:        0M (0%)            0M (0%)            0M (0%)            0M (0%)     
[3,654s][info   ][gc,heap        ] GC(1) O:      Live:         -                 0M (0%)            0M (0%)            0M (0%)     
[3,654s][info   ][gc,heap        ] GC(1) O:   Garbage:         -                 0M (0%)            0M (0%)            0M (0%)     
[3,654s][info   ][gc,heap        ] GC(1) O: Allocated:         -                 0M (0%)            0M (0%)            0M (0%)     
[3,654s][info   ][gc,heap        ] GC(1) O: Reclaimed:         -                  -                 0M (0%)            0M (0%)     
[3,654s][info   ][gc,heap        ] GC(1) O: Compacted:         -                  -                  -                 0M (0%)     
[3,654s][info   ][gc,phases      ] GC(1) O: Old Generation 562M(4%)->574M(4%) 0,015s
[3,654s][info   ][gc             ] GC(1) Major Collection (Warmup) 1542M(10%)->574M(4%) 0,170s
[3,662s][debug  ][gc,director    ] Rule Major: Warmup 20%, Used: 582MB, UsedThreshold: 3072MB
[3,673s][debug  ][gc,director    ] Rule Major: Warmup 20%, Used: 592MB, UsedThreshold: 3072MB
[3,683s][debug  ][gc,director    ] Rule Major: Warmup 20%, Used: 600MB, UsedThreshold: 3072MB
[3,693s][debug  ][gc,director    ] Rule Major: Warmup 20%, Used: 610MB, UsedThreshold: 3072MB
[3,703s][debug  ][gc,director    ] Rule Major: Warmup 20%, Used: 620MB, UsedThreshold: 3072MB
[3,713s][debug  ][gc,director    ] Rule Major: Warmup 20%, Used: 628MB, UsedThreshold: 3072MB
[3,723s][debug  ][gc,director    ] Rule Major: Warmup 20%, Used: 638MB, UsedThreshold: 3072MB
[3,733s][debug  ][gc,director    ] Rule Major: Warmup 20%, Used: 646MB, UsedThreshold: 3072MB
[3,740s][debug  ][gc,alloc       ] Mutator Allocation Rate: 668,8MB/s Predicted: 762,5MB/s, Avg: 504,6(+/-145,9)MB/s
[3,740s][debug  ][gc,director    ] Rule Major: Warmup 20%, Used: 654MB, UsedThreshold: 3072MB
[3,750s][debug  ][gc,director    ] Rule Major: Warmup 20%, Used: 662MB, UsedThreshold: 3072MB
[3,760s][debug  ][gc,director    ] Rule Major: Warmup 20%, Used: 672MB, UsedThreshold: 3072MB
[3,770s][debug  ][gc,director    ] Rule Major: Warmup 20%, Used: 682MB, UsedThreshold: 3072MB
[3,781s][debug  ][gc,director    ] Rule Major: Warmup 20%, Used: 690MB, UsedThreshold: 3072MB
[3,791s][debug  ][gc,director    ] Rule Major: Warmup 20%, Used: 700MB, UsedThreshold: 3072MB
[3,801s][debug  ][gc,director    ] Rule Major: Warmup 20%, Used: 708MB, UsedThreshold: 3072MB
[3,811s][debug  ][gc,director    ] Rule Major: Warmup 20%, Used: 718MB, UsedThreshold: 3072MB
[3,821s][debug  ][gc,director    ] Rule Major: Warmup 20%, Used: 726MB, UsedThreshold: 3072MB
[3,831s][debug  ][gc,director    ] Rule Major: Warmup 20%, Used: 736MB, UsedThreshold: 3072MB
[3,841s][debug  ][gc,director    ] Rule Major: Warmup 20%, Used: 746MB, UsedThreshold: 3072MB
[3,852s][debug  ][gc,director    ] Rule Major: Warmup 20%, Used: 754MB, UsedThreshold: 3072MB
[3,862s][debug  ][gc,director    ] Rule Major: Warmup 20%, Used: 764MB, UsedThreshold: 3072MB
[3,872s][debug  ][gc,alloc       ] Mutator Allocation Rate: 680,1MB/s Predicted: 774,1MB/s, Avg: 515,6(+/-147,5)MB/s
[3,872s][debug  ][gc,director    ] Rule Major: Warmup 20%, Used: 774MB, UsedThreshold: 3072MB
[3,872s][debug  ][gc,director    ] Select Minor GC Workers (Not Warm), GCWorkers: 5,000
[3,872s][debug  ][gc,director    ] Rule Minor: Allocation Rate (Dynamic GC Workers), MaxAllocRate: 515,6MB/s (+/-28,6%), Free: 14544MB, GCCPUTime: 1,677, GCDuration: 0,340s, TimeUntilOOM: 21,932s, TimeUntilGC: 21,592s, GCWorkers: 5
[3,872s][debug  ][gc,director    ] Select Minor GC Workers (Not Warm), GCWorkers: 5,000
[3,872s][debug  ][gc,director    ] Rule Minor: Allocation Rate (Dynamic GC Workers), MaxAllocRate: 2033,8MB/s (+/-28,6%), Free: 14544MB, GCCPUTime: 1,677, GCDuration: 0,340s, TimeUntilOOM: 5,560s, TimeUntilGC: 5,220s, GCWorkers: 5
[3,872s][debug  ][gc,director    ] Rule Minor: High Usage, Free: 14544MB(94,7%)
[3,882s][debug  ][gc,director    ] Rule Major: Warmup 20%, Used: 782MB, UsedThreshold: 3072MB
[3,882s][debug  ][gc,director    ] Select Minor GC Workers (Not Warm), GCWorkers: 5,000
[3,882s][debug  ][gc,director    ] Rule Minor: Allocation Rate (Dynamic GC Workers), MaxAllocRate: 515,6MB/s (+/-28,6%), Free: 14536MB, GCCPUTime: 1,677, GCDuration: 0,340s, TimeUntilOOM: 21,920s, TimeUntilGC: 21,580s, GCWorkers: 5
[3,882s][debug  ][gc,director    ] Select Minor GC Workers (Not Warm), GCWorkers: 5,000
[3,882s][debug  ][gc,director    ] Rule Minor: Allocation Rate (Dynamic GC Workers), MaxAllocRate: 2033,8MB/s (+/-28,6%), Free: 14536MB, GCCPUTime: 1,677, GCDuration: 0,340s, TimeUntilOOM: 5,557s, TimeUntilGC: 5,217s, GCWorkers: 5
[3,882s][debug  ][gc,director    ] Rule Minor: High Usage, Free: 14536MB(94,6%)
[3,892s][debug  ][gc,director    ] Rule Major: Warmup 20%, Used: 792MB, UsedThreshold: 3072MB
[3,892s][debug  ][gc,director    ] Select Minor GC Workers (Not Warm), GCWorkers: 5,000
[3,892s][debug  ][gc,director    ] Rule Minor: Allocation Rate (Dynamic GC Workers), MaxAllocRate: 515,6MB/s (+/-28,6%), Free: 14526MB, GCCPUTime: 1,677, GCDuration: 0,340s, TimeUntilOOM: 21,905s, TimeUntilGC: 21,564s, GCWorkers: 5
[3,892s][debug  ][gc,director    ] Select Minor GC Workers (Not Warm), GCWorkers: 5,000
[3,892s][debug  ][gc,director    ] Rule Minor: Allocation Rate (Dynamic GC Workers), MaxAllocRate: 2033,8MB/s (+/-28,6%), Free: 14526MB, GCCPUTime: 1,677, GCDuration: 0,340s, TimeUntilOOM: 5,553s, TimeUntilGC: 5,213s, GCWorkers: 5
[3,892s][debug  ][gc,director    ] Rule Minor: High Usage, Free: 14526MB(94,6%)
[3,902s][debug  ][gc,director    ] Rule Major: Warmup 20%, Used: 802MB, UsedThreshold: 3072MB
[3,902s][debug  ][gc,director    ] Select Minor GC Workers (Not Warm), GCWorkers: 5,000
[3,902s][debug  ][gc,director    ] Rule Minor: Allocation Rate (Dynamic GC Workers), MaxAllocRate: 515,6MB/s (+/-28,6%), Free: 14516MB, GCCPUTime: 1,677, GCDuration: 0,340s, TimeUntilOOM: 21,890s, TimeUntilGC: 21,549s, GCWorkers: 5
[3,902s][debug  ][gc,director    ] Select Minor GC Workers (Not Warm), GCWorkers: 5,000
[3,902s][debug  ][gc,director    ] Rule Minor: Allocation Rate (Dynamic GC Workers), MaxAllocRate: 2033,8MB/s (+/-28,6%), Free: 14516MB, GCCPUTime: 1,677, GCDuration: 0,340s, TimeUntilOOM: 5,549s, TimeUntilGC: 5,209s, GCWorkers: 5
[3,902s][debug  ][gc,director    ] Rule Minor: High Usage, Free: 14516MB(94,5%)
[3,913s][debug  ][gc,director    ] Rule Major: Warmup 20%, Used: 810MB, UsedThreshold: 3072MB
[3,913s][debug  ][gc,director    ] Select Minor GC Workers (Not Warm), GCWorkers: 5,000
[3,913s][debug  ][gc,director    ] Rule Minor: Allocation Rate (Dynamic GC Workers), MaxAllocRate: 515,6MB/s (+/-28,6%), Free: 14508MB, GCCPUTime: 1,677, GCDuration: 0,340s, TimeUntilOOM: 21,878s, TimeUntilGC: 21,537s, GCWorkers: 5
[3,913s][debug  ][gc,director    ] Select Minor GC Workers (Not Warm), GCWorkers: 5,000
[3,913s][debug  ][gc,director    ] Rule Minor: Allocation Rate (Dynamic GC Workers), MaxAllocRate: 2033,8MB/s (+/-28,6%), Free: 14508MB, GCCPUTime: 1,677, GCDuration: 0,340s, TimeUntilOOM: 5,546s, TimeUntilGC: 5,206s, GCWorkers: 5
[3,913s][debug  ][gc,director    ] Rule Minor: High Usage, Free: 14508MB(94,5%)
[3,915s][debug  ][gc,nmethod     ] Register NMethod: java.io.InputStreamReader.read (0x00007f376f327f90) [0x00007f376f3282a0, 0x00007f376f3293a0] Compiler: c2, Barriers: 23, Oops: 0, ImmediateOops: 0, NonImmediateOops: No
[3,921s][debug  ][gc,nmethod     ] Register NMethod: sun.nio.cs.StreamDecoder.read (0x00007f376f292d90) [0x00007f376f2930a0, 0x00007f376f294138] Compiler: c2, Barriers: 22, Oops: 0, ImmediateOops: 0, NonImmediateOops: No
[3,923s][debug  ][gc,director    ] Rule Major: Warmup 20%, Used: 820MB, UsedThreshold: 3072MB
[3,923s][debug  ][gc,director    ] Select Minor GC Workers (Not Warm), GCWorkers: 5,000
[3,923s][debug  ][gc,director    ] Rule Minor: Allocation Rate (Dynamic GC Workers), MaxAllocRate: 515,6MB/s (+/-28,6%), Free: 14498MB, GCCPUTime: 1,677, GCDuration: 0,340s, TimeUntilOOM: 21,863s, TimeUntilGC: 21,522s, GCWorkers: 5
[3,923s][debug  ][gc,director    ] Select Minor GC Workers (Not Warm), GCWorkers: 5,000
[3,923s][debug  ][gc,director    ] Rule Minor: Allocation Rate (Dynamic GC Workers), MaxAllocRate: 2033,8MB/s (+/-28,6%), Free: 14498MB, GCCPUTime: 1,677, GCDuration: 0,340s, TimeUntilOOM: 5,542s, TimeUntilGC: 5,202s, GCWorkers: 5
[3,923s][debug  ][gc,director    ] Rule Minor: High Usage, Free: 14498MB(94,4%)
[3,933s][debug  ][gc,director    ] Rule Major: Warmup 20%, Used: 828MB, UsedThreshold: 3072MB
[3,933s][debug  ][gc,director    ] Select Minor GC Workers (Not Warm), GCWorkers: 5,000
[3,933s][debug  ][gc,director    ] Rule Minor: Allocation Rate (Dynamic GC Workers), MaxAllocRate: 515,6MB/s (+/-28,6%), Free: 14490MB, GCCPUTime: 1,677, GCDuration: 0,340s, TimeUntilOOM: 21,850s, TimeUntilGC: 21,510s, GCWorkers: 5
[3,933s][debug  ][gc,director    ] Select Minor GC Workers (Not Warm), GCWorkers: 5,000
[3,933s][debug  ][gc,director    ] Rule Minor: Allocation Rate (Dynamic GC Workers), MaxAllocRate: 2033,8MB/s (+/-28,6%), Free: 14490MB, GCCPUTime: 1,677, GCDuration: 0,340s, TimeUntilOOM: 5,539s, TimeUntilGC: 5,199s, GCWorkers: 5
[3,933s][debug  ][gc,director    ] Rule Minor: High Usage, Free: 14490MB(94,3%)
[3,943s][debug  ][gc,director    ] Rule Major: Warmup 20%, Used: 838MB, UsedThreshold: 3072MB
[3,943s][debug  ][gc,director    ] Select Minor GC Workers (Not Warm), GCWorkers: 5,000
[3,943s][debug  ][gc,director    ] Rule Minor: Allocation Rate (Dynamic GC Workers), MaxAllocRate: 515,6MB/s (+/-28,6%), Free: 14480MB, GCCPUTime: 1,677, GCDuration: 0,340s, TimeUntilOOM: 21,835s, TimeUntilGC: 21,495s, GCWorkers: 5
[3,943s][debug  ][gc,director    ] Select Minor GC Workers (Not Warm), GCWorkers: 5,000
[3,943s][debug  ][gc,director    ] Rule Minor: Allocation Rate (Dynamic GC Workers), MaxAllocRate: 2033,8MB/s (+/-28,6%), Free: 14480MB, GCCPUTime: 1,677, GCDuration: 0,340s, TimeUntilOOM: 5,536s, TimeUntilGC: 5,195s, GCWorkers: 5
[3,943s][debug  ][gc,director    ] Rule Minor: High Usage, Free: 14480MB(94,3%)
[3,953s][debug  ][gc,director    ] Rule Major: Warmup 20%, Used: 848MB, UsedThreshold: 3072MB
[3,953s][debug  ][gc,director    ] Select Minor GC Workers (Not Warm), GCWorkers: 5,000
[3,953s][debug  ][gc,director    ] Rule Minor: Allocation Rate (Dynamic GC Workers), MaxAllocRate: 515,6MB/s (+/-28,6%), Free: 14470MB, GCCPUTime: 1,677, GCDuration: 0,340s, TimeUntilOOM: 21,820s, TimeUntilGC: 21,480s, GCWorkers: 5
[3,953s][debug  ][gc,director    ] Select Minor GC Workers (Not Warm), GCWorkers: 5,000
[3,953s][debug  ][gc,director    ] Rule Minor: Allocation Rate (Dynamic GC Workers), MaxAllocRate: 2033,8MB/s (+/-28,6%), Free: 14470MB, GCCPUTime: 1,677, GCDuration: 0,340s, TimeUntilOOM: 5,532s, TimeUntilGC: 5,191s, GCWorkers: 5
[3,953s][debug  ][gc,director    ] Rule Minor: High Usage, Free: 14470MB(94,2%)
[3,963s][debug  ][gc,director    ] Rule Major: Warmup 20%, Used: 856MB, UsedThreshold: 3072MB
[3,963s][debug  ][gc,director    ] Select Minor GC Workers (Not Warm), GCWorkers: 5,000
[3,963s][debug  ][gc,director    ] Rule Minor: Allocation Rate (Dynamic GC Workers), MaxAllocRate: 515,6MB/s (+/-28,6%), Free: 14462MB, GCCPUTime: 1,677, GCDuration: 0,340s, TimeUntilOOM: 21,808s, TimeUntilGC: 21,468s, GCWorkers: 5
[3,963s][debug  ][gc,director    ] Select Minor GC Workers (Not Warm), GCWorkers: 5,000
[3,963s][debug  ][gc,director    ] Rule Minor: Allocation Rate (Dynamic GC Workers), MaxAllocRate: 2033,8MB/s (+/-28,6%), Free: 14462MB, GCCPUTime: 1,677, GCDuration: 0,340s, TimeUntilOOM: 5,529s, TimeUntilGC: 5,188s, GCWorkers: 5
[3,963s][debug  ][gc,director    ] Rule Minor: High Usage, Free: 14462MB(94,2%)
[3,973s][debug  ][gc,director    ] Rule Major: Warmup 20%, Used: 866MB, UsedThreshold: 3072MB
[3,974s][debug  ][gc,director    ] Select Minor GC Workers (Not Warm), GCWorkers: 5,000
[3,974s][debug  ][gc,director    ] Rule Minor: Allocation Rate (Dynamic GC Workers), MaxAllocRate: 515,6MB/s (+/-28,6%), Free: 14452MB, GCCPUTime: 1,677, GCDuration: 0,340s, TimeUntilOOM: 21,793s, TimeUntilGC: 21,453s, GCWorkers: 5
[3,974s][debug  ][gc,director    ] Select Minor GC Workers (Not Warm), GCWorkers: 5,000
[3,974s][debug  ][gc,director    ] Rule Minor: Allocation Rate (Dynamic GC Workers), MaxAllocRate: 2033,8MB/s (+/-28,6%), Free: 14452MB, GCCPUTime: 1,677, GCDuration: 0,340s, TimeUntilOOM: 5,525s, TimeUntilGC: 5,184s, GCWorkers: 5
[3,974s][debug  ][gc,director    ] Rule Minor: High Usage, Free: 14452MB(94,1%)
[3,984s][debug  ][gc,director    ] Rule Major: Warmup 20%, Used: 876MB, UsedThreshold: 3072MB
[3,984s][debug  ][gc,director    ] Select Minor GC Workers (Not Warm), GCWorkers: 5,000
[3,984s][debug  ][gc,director    ] Rule Minor: Allocation Rate (Dynamic GC Workers), MaxAllocRate: 515,6MB/s (+/-28,6%), Free: 14442MB, GCCPUTime: 1,677, GCDuration: 0,340s, TimeUntilOOM: 21,778s, TimeUntilGC: 21,438s, GCWorkers: 5
[3,984s][debug  ][gc,director    ] Select Minor GC Workers (Not Warm), GCWorkers: 5,000
[3,984s][debug  ][gc,director    ] Rule Minor: Allocation Rate (Dynamic GC Workers), MaxAllocRate: 2033,8MB/s (+/-28,6%), Free: 14442MB, GCCPUTime: 1,677, GCDuration: 0,340s, TimeUntilOOM: 5,521s, TimeUntilGC: 5,181s, GCWorkers: 5
[3,984s][debug  ][gc,director    ] Rule Minor: High Usage, Free: 14442MB(94,0%)
[3,994s][debug  ][gc,director    ] Rule Major: Warmup 20%, Used: 884MB, UsedThreshold: 3072MB
[3,994s][debug  ][gc,director    ] Select Minor GC Workers (Not Warm), GCWorkers: 5,000
[3,994s][debug  ][gc,director    ] Rule Minor: Allocation Rate (Dynamic GC Workers), MaxAllocRate: 515,6MB/s (+/-28,6%), Free: 14434MB, GCCPUTime: 1,677, GCDuration: 0,340s, TimeUntilOOM: 21,766s, TimeUntilGC: 21,426s, GCWorkers: 5
[3,994s][debug  ][gc,director    ] Select Minor GC Workers (Not Warm), GCWorkers: 5,000
[3,994s][debug  ][gc,director    ] Rule Minor: Allocation Rate (Dynamic GC Workers), MaxAllocRate: 2033,8MB/s (+/-28,6%), Free: 14434MB, GCCPUTime: 1,677, GCDuration: 0,340s, TimeUntilOOM: 5,518s, TimeUntilGC: 5,178s, GCWorkers: 5
[3,994s][debug  ][gc,director    ] Rule Minor: High Usage, Free: 14434MB(94,0%)
[4,003s][debug  ][gc,alloc       ] Mutator Allocation Rate: 690,4MB/s Predicted: 784,9MB/s, Avg: 525,9(+/-148,9)MB/s
[4,003s][debug  ][gc,director    ] Rule Major: Warmup 20%, Used: 894MB, UsedThreshold: 3072MB
[4,003s][debug  ][gc,director    ] Select Minor GC Workers (Not Warm), GCWorkers: 5,000
[4,003s][debug  ][gc,director    ] Rule Minor: Allocation Rate (Dynamic GC Workers), MaxAllocRate: 525,9MB/s (+/-28,3%), Free: 14424MB, GCCPUTime: 1,677, GCDuration: 0,340s, TimeUntilOOM: 21,375s, TimeUntilGC: 21,034s, GCWorkers: 5
[4,003s][debug  ][gc,director    ] Select Minor GC Workers (Not Warm), GCWorkers: 5,000
[4,003s][debug  ][gc,director    ] Rule Minor: Allocation Rate (Dynamic GC Workers), MaxAllocRate: 2059,8MB/s (+/-28,3%), Free: 14424MB, GCCPUTime: 1,677, GCDuration: 0,340s, TimeUntilOOM: 5,457s, TimeUntilGC: 5,117s, GCWorkers: 5
[4,003s][debug  ][gc,director    ] Rule Minor: High Usage, Free: 14424MB(93,9%)
[4,013s][debug  ][gc,director    ] Rule Major: Warmup 20%, Used: 902MB, UsedThreshold: 3072MB
[4,013s][debug  ][gc,director    ] Select Minor GC Workers (Not Warm), GCWorkers: 5,000
[4,013s][debug  ][gc,director    ] Rule Minor: Allocation Rate (Dynamic GC Workers), MaxAllocRate: 525,9MB/s (+/-28,3%), Free: 14416MB, GCCPUTime: 1,677, GCDuration: 0,340s, TimeUntilOOM: 21,363s, TimeUntilGC: 21,022s, GCWorkers: 5
[4,013s][debug  ][gc,director    ] Select Minor GC Workers (Not Warm), GCWorkers: 5,000
[4,013s][debug  ][gc,director    ] Rule Minor: Allocation Rate (Dynamic GC Workers), MaxAllocRate: 2059,8MB/s (+/-28,3%), Free: 14416MB, GCCPUTime: 1,677, GCDuration: 0,340s, TimeUntilOOM: 5,454s, TimeUntilGC: 5,114s, GCWorkers: 5
[4,013s][debug  ][gc,director    ] Rule Minor: High Usage, Free: 14416MB(93,9%)
[4,015s][debug  ][gc,nmethod     ] Register NMethod: com.google.gson.stream.JsonReader.fillBuffer (0x00007f376f2b0e10) [0x00007f376f2b0fc0, 0x00007f376f2b1320] Compiler: c2, Barriers: 2, Oops: 1, ImmediateOops: 0, NonImmediateOops: No
[4,024s][debug  ][gc,director    ] Rule Major: Warmup 20%, Used: 912MB, UsedThreshold: 3072MB
[4,024s][debug  ][gc,director    ] Select Minor GC Workers (Not Warm), GCWorkers: 5,000
[4,024s][debug  ][gc,director    ] Rule Minor: Allocation Rate (Dynamic GC Workers), MaxAllocRate: 525,9MB/s (+/-28,3%), Free: 14406MB, GCCPUTime: 1,677, GCDuration: 0,340s, TimeUntilOOM: 21,348s, TimeUntilGC: 21,008s, GCWorkers: 5
[4,024s][debug  ][gc,director    ] Select Minor GC Workers (Not Warm), GCWorkers: 5,000
[4,024s][debug  ][gc,director    ] Rule Minor: Allocation Rate (Dynamic GC Workers), MaxAllocRate: 2059,8MB/s (+/-28,3%), Free: 14406MB, GCCPUTime: 1,677, GCDuration: 0,340s, TimeUntilOOM: 5,450s, TimeUntilGC: 5,110s, GCWorkers: 5
[4,024s][debug  ][gc,director    ] Rule Minor: High Usage, Free: 14406MB(93,8%)
[4,034s][debug  ][gc,director    ] Rule Major: Warmup 20%, Used: 920MB, UsedThreshold: 3072MB
[4,034s][debug  ][gc,director    ] Select Minor GC Workers (Not Warm), GCWorkers: 5,000
[4,034s][debug  ][gc,director    ] Rule Minor: Allocation Rate (Dynamic GC Workers), MaxAllocRate: 525,9MB/s (+/-28,3%), Free: 14398MB, GCCPUTime: 1,677, GCDuration: 0,340s, TimeUntilOOM: 21,336s, TimeUntilGC: 20,996s, GCWorkers: 5
[4,034s][debug  ][gc,director    ] Select Minor GC Workers (Not Warm), GCWorkers: 5,000
[4,034s][debug  ][gc,director    ] Rule Minor: Allocation Rate (Dynamic GC Workers), MaxAllocRate: 2059,8MB/s (+/-28,3%), Free: 14398MB, GCCPUTime: 1,677, GCDuration: 0,340s, TimeUntilOOM: 5,447s, TimeUntilGC: 5,107s, GCWorkers: 5
[4,034s][debug  ][gc,director    ] Rule Minor: High Usage, Free: 14398MB(93,7%)
[4,038s][debug  ][gc,nmethod     ] Register NMethod: org.magicwerk.brownies.collections.GapList.get (0x00007f376f327890) [0x00007f376f327a20, 0x00007f376f327bf8] Compiler: c2, Barriers: 2, Oops: 1, ImmediateOops: 0, NonImmediateOops: No
[4,044s][debug  ][gc,director    ] Rule Major: Warmup 20%, Used: 930MB, UsedThreshold: 3072MB
[4,044s][debug  ][gc,director    ] Select Minor GC Workers (Not Warm), GCWorkers: 5,000
[4,044s][debug  ][gc,director    ] Rule Minor: Allocation Rate (Dynamic GC Workers), MaxAllocRate: 525,9MB/s (+/-28,3%), Free: 14388MB, GCCPUTime: 1,677, GCDuration: 0,340s, TimeUntilOOM: 21,321s, TimeUntilGC: 20,981s, GCWorkers: 5
[4,044s][debug  ][gc,director    ] Select Minor GC Workers (Not Warm), GCWorkers: 5,000
[4,044s][debug  ][gc,director    ] Rule Minor: Allocation Rate (Dynamic GC Workers), MaxAllocRate: 2059,8MB/s (+/-28,3%), Free: 14388MB, GCCPUTime: 1,677, GCDuration: 0,340s, TimeUntilOOM: 5,443s, TimeUntilGC: 5,103s, GCWorkers: 5
[4,044s][debug  ][gc,director    ] Rule Minor: High Usage, Free: 14388MB(93,7%)
[4,054s][debug  ][gc,director    ] Rule Major: Warmup 20%, Used: 938MB, UsedThreshold: 3072MB
[4,054s][debug  ][gc,director    ] Select Minor GC Workers (Not Warm), GCWorkers: 5,000
[4,054s][debug  ][gc,director    ] Rule Minor: Allocation Rate (Dynamic GC Workers), MaxAllocRate: 525,9MB/s (+/-28,3%), Free: 14380MB, GCCPUTime: 1,677, GCDuration: 0,340s, TimeUntilOOM: 21,309s, TimeUntilGC: 20,969s, GCWorkers: 5
[4,055s][debug  ][gc,director    ] Select Minor GC Workers (Not Warm), GCWorkers: 5,000
[4,055s][debug  ][gc,director    ] Rule Minor: Allocation Rate (Dynamic GC Workers), MaxAllocRate: 2059,8MB/s (+/-28,3%), Free: 14380MB, GCCPUTime: 1,677, GCDuration: 0,340s, TimeUntilOOM: 5,440s, TimeUntilGC: 5,100s, GCWorkers: 5
[4,055s][debug  ][gc,director    ] Rule Minor: High Usage, Free: 14380MB(93,6%)
[4,057s][debug  ][gc,nmethod     ] Register NMethod: jdk.internal.misc.Unsafe.loadFence (0x00007f374fa16b90) [0x00007f374fa16d20, 0x00007f374fa16e38] Compiler: c1, Barriers: 0, Oops: 0, ImmediateOops: 0, NonImmediateOops: No
[4,058s][debug  ][gc,nmethod     ] Register NMethod: net.openhft.chronicle.core.util.Ints.requireNonNegative (0x00007f374fa2ec10) [0x00007f374fa2ee00, 0x00007f374fa2f2f8] Compiler: c1, Barriers: 1, Oops: 1, ImmediateOops: 0, NonImmediateOops: No
[4,060s][debug  ][gc,nmethod     ] Register NMethod: net.openhft.chronicle.bytes.NativeBytes.writeByte (0x00007f376f27c510) [0x00007f376f27c700, 0x00007f376f27cc20] Compiler: c2, Barriers: 5, Oops: 2, ImmediateOops: 0, NonImmediateOops: No
[4,060s][debug  ][gc,nmethod     ] Register NMethod: io.sirix.node.AbstractForwardingNode.getNodeDelegate (0x00007f376f1b3910) [0x00007f376f1b3aa0, 0x00007f376f1b3b80] Compiler: c2, Barriers: 1, Oops: 1, ImmediateOops: 0, NonImmediateOops: No
[4,062s][debug  ][gc,nmethod     ] Register NMethod: net.openhft.chronicle.bytes.NativeBytes.writeByte (0x00007f376f292190) [0x00007f376f292380, 0x00007f376f2928a0] Compiler: c2, Barriers: 5, Oops: 2, ImmediateOops: 0, NonImmediateOops: No
[4,062s][debug  ][gc,nmethod     ] Register NMethod: net.openhft.chronicle.bytes.AbstractBytes.readLimit (0x00007f376f1de910) [0x00007f376f1dea80, 0x00007f376f1deb00] Compiler: c2, Barriers: 0, Oops: 1, ImmediateOops: 0, NonImmediateOops: No
[4,063s][debug  ][gc,nmethod     ] Register NMethod: java.lang.invoke.DirectMethodHandle.internalMemberName (0x00007f376f21ba90) [0x00007f376f21bc20, 0x00007f376f21bd00] Compiler: c2, Barriers: 1, Oops: 0, ImmediateOops: 0, NonImmediateOops: No
[4,065s][debug  ][gc,director    ] Rule Major: Warmup 20%, Used: 964MB, UsedThreshold: 3072MB
[4,065s][debug  ][gc,director    ] Select Minor GC Workers (Not Warm), GCWorkers: 5,000
[4,065s][debug  ][gc,director    ] Rule Minor: Allocation Rate (Dynamic GC Workers), MaxAllocRate: 525,9MB/s (+/-28,3%), Free: 14354MB, GCCPUTime: 1,677, GCDuration: 0,340s, TimeUntilOOM: 21,271s, TimeUntilGC: 20,931s, GCWorkers: 5
[4,065s][debug  ][gc,director    ] Select Minor GC Workers (Not Warm), GCWorkers: 5,000
[4,065s][debug  ][gc,director    ] Rule Minor: Allocation Rate (Dynamic GC Workers), MaxAllocRate: 2059,8MB/s (+/-28,3%), Free: 14354MB, GCCPUTime: 1,677, GCDuration: 0,340s, TimeUntilOOM: 5,431s, TimeUntilGC: 5,090s, GCWorkers: 5
[4,065s][debug  ][gc,director    ] Rule Minor: High Usage, Free: 14354MB(93,5%)
[4,065s][debug  ][gc,nmethod     ] Register NMethod: net.openhft.chronicle.bytes.StreamingDataOutput.rawWriteByte (0x00007f376f27f710) [0x00007f376f27f900, 0x00007f376f27fdd0] Compiler: c2, Barriers: 5, Oops: 2, ImmediateOops: 0, NonImmediateOops: No
[4,067s][debug  ][gc,nmethod     ] Register NMethod: net.openhft.chronicle.bytes.StreamingDataOutput.writeStopBit (0x00007f376f27e810) [0x00007f376f27ea40, 0x00007f376f27f0c8] Compiler: c2, Barriers: 5, Oops: 2, ImmediateOops: 0, NonImmediateOops: No
[4,067s][debug  ][gc,nmethod     ] Register NMethod: net.openhft.chronicle.core.util.Ints.requireNonNegative (0x00007f376f240a90) [0x00007f376f240c00, 0x00007f376f240c80] Compiler: c2, Barriers: 0, Oops: 1, ImmediateOops: 0, NonImmediateOops: No
[4,068s][debug  ][gc,nmethod     ] Register NMethod: net.openhft.chronicle.core.util.ObjectUtils.requireNonNull (0x00007f376f280990) [0x00007f376f280b00, 0x00007f376f280b80] Compiler: c2, Barriers: 0, Oops: 1, ImmediateOops: 0, NonImmediateOops: No
[4,068s][debug  ][gc,nmethod     ] Register NMethod: net.openhft.chronicle.core.util.Longs.requireNonNegative (0x00007f376f324890) [0x00007f376f324a00, 0x00007f376f324aa0] Compiler: c2, Barriers: 0, Oops: 1, ImmediateOops: 0, NonImmediateOops: No
[4,071s][debug  ][gc,nmethod     ] Register NMethod: net.openhft.chronicle.bytes.AbstractBytes.writeInt (0x00007f374fa2b110) [0x00007f374fa2b2c0, 0x00007f374fa2b470] Compiler: c1, Barriers: 1, Oops: 1, ImmediateOops: 0, NonImmediateOops: No
[4,071s][debug  ][gc,nmethod     ] Register NMethod: java.lang.Math.min (0x00007f376f20e990) [0x00007f376f20eb00, 0x00007f376f20eb70] Compiler: c2, Barriers: 0, Oops: 0, ImmediateOops: 0, NonImmediateOops: No
[4,071s][debug  ][gc,nmethod     ] Register NMethod: net.openhft.chronicle.bytes.internal.BytesInternal.writeStopBit0 (0x00007f374fa24710) [0x00007f374fa24900, 0x00007f374fa24c90] Compiler: c1, Barriers: 0, Oops: 1, ImmediateOops: 0, NonImmediateOops: No
[4,072s][debug  ][gc,nmethod     ] Register NMethod: io.sirix.node.Utils.putVarLong (0x00007f374fa10010) [0x00007f374fa101c0, 0x00007f374fa10300] Compiler: c1, Barriers: 0, Oops: 1, ImmediateOops: 0, NonImmediateOops: No
[4,072s][debug  ][gc,nmethod     ] Register NMethod: net.openhft.chronicle.bytes.AbstractBytes.writeInt (0x00007f376f24aa10) [0x00007f376f24ac00, 0x00007f376f24b178] Compiler: c2, Barriers: 5, Oops: 2, ImmediateOops: 0, NonImmediateOops: No
[4,072s][debug  ][gc,nmethod     ] Register NMethod: jdk.internal.misc.Unsafe.getAndAddInt (0x00007f374fa4df90) [0x00007f374fa4e140, 0x00007f374fa4e370] Compiler: c1, Barriers: 0, Oops: 0, ImmediateOops: 0, NonImmediateOops: No
[4,072s][debug  ][gc,nmethod     ] Register NMethod: net.openhft.chronicle.core.Maths.toUInt31 (0x00007f374fece310) [0x00007f374fece500, 0x00007f374fece888] Compiler: c1, Barriers: 0, Oops: 1, ImmediateOops: 2, NonImmediateOops: No
[4,072s][debug  ][gc,nmethod     ] Register NMethod: java.lang.Math.toIntExact (0x00007f376f27b410) [0x00007f376f27b580, 0x00007f376f27b618] Compiler: c2, Barriers: 0, Oops: 0, ImmediateOops: 0, NonImmediateOops: No
[4,072s][debug  ][gc,nmethod     ] Register NMethod: sun.misc.Unsafe.copyMemory (0x00007f374fa40c10) [0x00007f374fa40dc0, 0x00007f374fa40ee8] Compiler: c1, Barriers: 0, Oops: 0, ImmediateOops: 1, NonImmediateOops: No
[4,072s][debug  ][gc,nmethod     ] Register NMethod: net.openhft.chronicle.core.UnsafeMemory.copyMemory (0x00007f374fa92f10) [0x00007f374fa930c0, 0x00007f374fa93278] Compiler: c1, Barriers: 0, Oops: 1, ImmediateOops: 1, NonImmediateOops: No
[4,072s][debug  ][gc,nmethod     ] Register NMethod: io.sirix.node.json.NumberNode.getKind (0x00007f374fa33b90) [0x00007f374fa33d20, 0x00007f374fa33e88] Compiler: c1, Barriers: 0, Oops: 1, ImmediateOops: 1, NonImmediateOops: No
[4,072s][debug  ][gc,nmethod     ] Register NMethod: jdk.internal.misc.Unsafe.checkOffset (0x00007f376f27e390) [0x00007f376f27e500, 0x00007f376f27e5a8] Compiler: c2, Barriers: 0, Oops: 0, ImmediateOops: 0, NonImmediateOops: No
[4,072s][debug  ][gc,nmethod     ] Register NMethod: net.openhft.chronicle.core.UnsafeMemory.writeByte (0x00007f374fa25d90) [0x00007f374fa25f20, 0x00007f374fa26020] Compiler: c1, Barriers: 0, Oops: 1, ImmediateOops: 0, NonImmediateOops: No
[4,072s][debug  ][gc,nmethod     ] Register NMethod: io.sirix.node.delegates.ValueNodeDelegate.getRawValue (0x00007f376f211190) [0x00007f376f211320, 0x00007f376f2113f0] Compiler: c2, Barriers: 1, Oops: 1, ImmediateOops: 0, NonImmediateOops: No
[4,073s][debug  ][gc,nmethod     ] Register NMethod: jdk.internal.misc.Unsafe.checkSize (0x00007f376f210e90) [0x00007f376f211000, 0x00007f376f2110a8] Compiler: c2, Barriers: 0, Oops: 0, ImmediateOops: 0, NonImmediateOops: No
[4,073s][debug  ][gc,nmethod     ] Register NMethod: net.openhft.chronicle.core.UnsafeMemory.copyMemoryLoop (0x00007f374fb29590) [0x00007f374fb297a0, 0x00007f374fb2a040] Compiler: c1, Barriers: 0, Oops: 3, ImmediateOops: 5, NonImmediateOops: No
[4,073s][debug  ][gc,nmethod     ] Register NMethod: net.openhft.chronicle.bytes.AbstractBytes.write (0x00007f374fe9d710) [0x00007f374fe9dac0, 0x00007f374fe9ec50] Compiler: c1, Barriers: 17, Oops: 2, ImmediateOops: 6, NonImmediateOops: No
[4,073s][debug  ][gc,nmethod     ] Register NMethod: net.openhft.chronicle.bytes.RandomDataInput.toByteArray (0x00007f374fc4ec90) [0x00007f374fc4ee20, 0x00007f374fc4ef40] Compiler: c1, Barriers: 0, Oops: 1, ImmediateOops: 0, NonImmediateOops: No
[4,073s][debug  ][gc,nmethod     ] Register NMethod: io.sirix.node.NodeSerializerImpl.serialize (0x00007f374fa65a90) [0x00007f374fa65c60, 0x00007f374fa65e58] Compiler: c1, Barriers: 0, Oops: 1, ImmediateOops: 0, NonImmediateOops: No
[4,073s][debug  ][gc,nmethod     ] Register NMethod: java.util.Objects.checkIndex (0x00007f376f210b10) [0x00007f376f210c80, 0x00007f376f210d20] Compiler: c2, Barriers: 0, Oops: 0, ImmediateOops: 0, NonImmediateOops: No
[4,073s][debug  ][gc,nmethod     ] Register NMethod: io.sirix.node.json.AbstractNumberNode.getValue (0x00007f376f27ae10) [0x00007f376f27afa0, 0x00007f376f27b090] Compiler: c1, Barriers: 1, Oops: 1, ImmediateOops: 0, NonImmediateOops: No
[4,073s][debug  ][gc,nmethod     ] Register NMethod: net.openhft.chronicle.bytes.AbstractBytes.read (0x00007f374fa7db10) [0x00007f374fa7dce0, 0x00007f374fa7def0] Compiler: c1, Barriers: 1, Oops: 1, ImmediateOops: 0, NonImmediateOops: No
[4,074s][debug  ][gc,nmethod     ] Register NMethod: net.openhft.chronicle.bytes.NativeBytes.readRemaining (0x00007f374fe66990) [0x00007f374fe66b20, 0x00007f374fe66c28] Compiler: c1, Barriers: 0, Oops: 1, ImmediateOops: 0, NonImmediateOops: No
[4,074s][debug  ][gc,nmethod     ] Register NMethod: io.sirix.node.delegates.NodeDelegate.getPreviousRevisionNumber (0x00007f376f27ab10) [0x00007f376f27aca0, 0x00007f376f27ad60] Compiler: c1, Barriers: 0, Oops: 1, ImmediateOops: 0, NonImmediateOops: No
[4,074s][debug  ][gc,nmethod     ] Register NMethod: net.openhft.chronicle.core.UnsafeMemory.writeByte (0x00007f376f27a710) [0x00007f376f27a880, 0x00007f376f27a900] Compiler: c2, Barriers: 0, Oops: 1, ImmediateOops: 0, NonImmediateOops: No
[4,074s][debug  ][gc,nmethod     ] Register NMethod: net.openhft.chronicle.bytes.StreamingDataOutput.write (0x00007f374fab8d10) [0x00007f374fab8ec0, 0x00007f374fab9068] Compiler: c1, Barriers: 1, Oops: 1, ImmediateOops: 0, NonImmediateOops: No
[4,074s][debug  ][gc,nmethod     ] Register NMethod: net.openhft.chronicle.bytes.AbstractBytes.write (0x00007f374fec9810) [0x00007f374fec99a0, 0x00007f374fec9ac0] Compiler: c1, Barriers: 0, Oops: 1, ImmediateOops: 0, NonImmediateOops: No
[4,074s][debug  ][gc,nmethod     ] Register NMethod: net.openhft.chronicle.core.UnsafeMemory.writeLong (0x00007f376f291e90) [0x00007f376f292000, 0x00007f376f292098] Compiler: c2, Barriers: 0, Oops: 2, ImmediateOops: 0, NonImmediateOops: No
[4,074s][debug  ][gc,nmethod     ] Register NMethod: io.sirix.node.NodeKind.serializeDelegate (0x00007f374fa30a10) [0x00007f374fa30be0, 0x00007f374fa30df8] Compiler: c1, Barriers: 0, Oops: 1, ImmediateOops: 0, NonImmediateOops: No
[4,074s][debug  ][gc,nmethod     ] Register NMethod: io.sirix.node.NodeKind.serializeStructNodeJsonValueNode (0x00007f374fc15d10) [0x00007f374fc15f00, 0x00007f374fc16180] Compiler: c1, Barriers: 0, Oops: 1, ImmediateOops: 0, NonImmediateOops: No
[4,074s][debug  ][gc,nmethod     ] Register NMethod: io.sirix.node.delegates.NodeDelegate.getLastModifiedRevisionNumber (0x00007f376f291b90) [0x00007f376f291d20, 0x00007f376f291de0] Compiler: c1, Barriers: 0, Oops: 1, ImmediateOops: 0, NonImmediateOops: No
[4,075s][debug  ][gc,nmethod     ] Register NMethod: jdk.internal.misc.Unsafe.copyMemory (0x00007f376f249e10) [0x00007f376f249fe0, 0x00007f376f24a528] Compiler: c2, Barriers: 4, Oops: 0, ImmediateOops: 0, NonImmediateOops: No
[4,075s][debug  ][gc,nmethod     ] Register NMethod: net.openhft.chronicle.bytes.internal.BytesInternal.toByteArray (0x00007f374fa7c690) [0x00007f374fa7c880, 0x00007f374fa7cb48] Compiler: c1, Barriers: 0, Oops: 1, ImmediateOops: 0, NonImmediateOops: No
[4,075s][debug  ][gc,nmethod     ] Register NMethod: io.sirix.node.json.AbstractBooleanNode.getValue (0x00007f376f291710) [0x00007f376f2918a0, 0x00007f376f291968] Compiler: c1, Barriers: 0, Oops: 1, ImmediateOops: 0, NonImmediateOops: No
[4,075s][debug  ][gc,director    ] Rule Major: Warmup 20%, Used: 966MB, UsedThreshold: 3072MB
[4,075s][debug  ][gc,director    ] Select Minor GC Workers (Not Warm), GCWorkers: 5,000
[4,075s][debug  ][gc,director    ] Rule Minor: Allocation Rate (Dynamic GC Workers), MaxAllocRate: 525,9MB/s (+/-28,3%), Free: 14352MB, GCCPUTime: 1,677, GCDuration: 0,340s, TimeUntilOOM: 21,268s, TimeUntilGC: 20,928s, GCWorkers: 5
[4,075s][debug  ][gc,director    ] Select Minor GC Workers (Not Warm), GCWorkers: 5,000
[4,075s][debug  ][gc,director    ] Rule Minor: Allocation Rate (Dynamic GC Workers), MaxAllocRate: 2059,8MB/s (+/-28,3%), Free: 14352MB, GCCPUTime: 1,677, GCDuration: 0,340s, TimeUntilOOM: 5,430s, TimeUntilGC: 5,089s, GCWorkers: 5
[4,075s][debug  ][gc,director    ] Rule Minor: High Usage, Free: 14352MB(93,4%)
[4,075s][debug  ][gc,nmethod     ] Register NMethod: io.sirix.node.xml.AbstractStructForwardingNode.getChildCount (0x00007f374fafa690) [0x00007f374fafa840, 0x00007f374fafaa20] Compiler: c1, Barriers: 0, Oops: 1, ImmediateOops: 0, NonImmediateOops: No
[4,075s][debug  ][gc,nmethod     ] Register NMethod: io.sirix.node.json.BooleanNode.getKind (0x00007f374fa71c90) [0x00007f374fa71e20, 0x00007f374fa71f88] Compiler: c1, Barriers: 0, Oops: 1, ImmediateOops: 1, NonImmediateOops: No
[4,075s][debug  ][gc,nmethod     ] Register NMethod: net.openhft.chronicle.bytes.internal.HeapBytesStore.read (0x00007f374fa67290) [0x00007f374fa67520, 0x00007f374fa67e20] Compiler: c1, Barriers: 6, Oops: 1, ImmediateOops: 1, NonImmediateOops: No
[4,075s][debug  ][gc,nmethod     ] Register NMethod: io.sirix.node.NodeKind$27.serialize (0x00007f374feb4590) [0x00007f374feb47a0, 0x00007f374feb5070] Compiler: c1, Barriers: 2, Oops: 1, ImmediateOops: 0, NonImmediateOops: No
[4,075s][debug  ][gc,nmethod     ] Register NMethod: net.openhft.chronicle.bytes.AbstractBytes.isImmutableEmptyByteStore (0x00007f374faef810) [0x00007f374faef9c0, 0x00007f374faefb38] Compiler: c1, Barriers: 1, Oops: 1, ImmediateOops: 0, NonImmediateOops: No
[4,076s][debug  ][gc,nmethod     ] Register NMethod: net.openhft.chronicle.bytes.NativeBytes.ensureCapacity (0x00007f374fb7fa10) [0x00007f374fb7fbc0, 0x00007f374fb7fda8] Compiler: c1, Barriers: 0, Oops: 1, ImmediateOops: 0, NonImmediateOops: No
[4,076s][debug  ][gc,nmethod     ] Register NMethod: net.openhft.chronicle.bytes.NativeBytes.writeCheckOffset (0x00007f374fa27810) [0x00007f374fa27a40, 0x00007f374fa27f78] Compiler: c1, Barriers: 4, Oops: 1, ImmediateOops: 0, NonImmediateOops: No
[4,076s][debug  ][gc,nmethod     ] Register NMethod: io.sirix.node.NodeKind$28.serialize (0x00007f374fecfa10) [0x00007f374fed0360, 0x00007f374fed6688] Compiler: c1, Barriers: 6, Oops: 69, ImmediateOops: 77, NonImmediateOops: No
[4,076s][debug  ][gc,nmethod     ] Register NMethod: net.openhft.chronicle.bytes.RandomCommon.readLimit (0x00007f374faf8810) [0x00007f374faf89c0, 0x00007f374faf8ae8] Compiler: c1, Barriers: 0, Oops: 1, ImmediateOops: 0, NonImmediateOops: No
[4,076s][debug  ][gc,nmethod     ] Register NMethod: net.openhft.chronicle.core.UnsafeMemory.copyMemoryLoop (0x00007f376f249790) [0x00007f376f249920, 0x00007f376f249be8] Compiler: c2, Barriers: 0, Oops: 3, ImmediateOops: 0, NonImmediateOops: No
[4,076s][debug  ][gc,nmethod     ] Register NMethod: net.openhft.chronicle.bytes.BytesStore.realCapacity (0x00007f374fb4e610) [0x00007f374fb4e7c0, 0x00007f374fb4e8e8] Compiler: c1, Barriers: 0, Oops: 1, ImmediateOops: 0, NonImmediateOops: No
[4,076s][debug  ][gc,nmethod     ] Register NMethod: net.openhft.chronicle.core.UnsafeMemory.copyMemory (0x00007f374fe3be10) [0x00007f374fe3c060, 0x00007f374fe3c6d8] Compiler: c1, Barriers: 0, Oops: 1, ImmediateOops: 3, NonImmediateOops: No
[4,076s][debug  ][gc,nmethod     ] Register NMethod: net.openhft.chronicle.core.Jvm.arrayByteBaseOffset (0x00007f374fa2f910) [0x00007f374fa2faa0, 0x00007f374fa2fb80] Compiler: c1, Barriers: 0, Oops: 1, ImmediateOops: 0, NonImmediateOops: No
[4,076s][debug  ][gc,nmethod     ] Register NMethod: net.openhft.chronicle.bytes.AbstractBytes.writeLimit (0x00007f376f249490) [0x00007f376f249620, 0x00007f376f2496e0] Compiler: c1, Barriers: 0, Oops: 1, ImmediateOops: 0, NonImmediateOops: No
[4,077s][debug  ][gc,nmethod     ] Register NMethod: net.openhft.chronicle.bytes.RandomCommon.writeRemaining (0x00007f374fe29810) [0x00007f374fe299c0, 0x00007f374fe29b38] Compiler: c1, Barriers: 0, Oops: 1, ImmediateOops: 0, NonImmediateOops: No
[4,077s][debug  ][gc,nmethod     ] Register NMethod: net.openhft.chronicle.core.UnsafeMemory.writeLong (0x00007f376f249190) [0x00007f376f249300, 0x00007f376f249380] Compiler: c2, Barriers: 0, Oops: 1, ImmediateOops: 0, NonImmediateOops: No
[4,077s][debug  ][gc,nmethod     ] Register NMethod: sun.security.provider.SHA2.implCompress0 (0x00007f374fe8d610) [0x00007f374fe8d880, 0x00007f374fe8e560] Compiler: c1, Barriers: 8, Oops: 0, ImmediateOops: 1, NonImmediateOops: No
[4,077s][debug  ][gc,nmethod     ] Register NMethod: net.openhft.chronicle.bytes.AbstractBytes.safeCopySize (0x00007f376f248e90) [0x00007f376f249020, 0x00007f376f2490e0] Compiler: c1, Barriers: 0, Oops: 1, ImmediateOops: 0, NonImmediateOops: No
[4,077s][debug  ][gc,nmethod     ] Register NMethod: net.openhft.chronicle.bytes.internal.NativeBytesStore.write (0x00007f374fe9d310) [0x00007f374fe9d4a0, 0x00007f374fe9d5c0] Compiler: c1, Barriers: 0, Oops: 1, ImmediateOops: 0, NonImmediateOops: No
[4,077s][debug  ][gc,nmethod     ] Register NMethod: net.openhft.chronicle.bytes.internal.NativeBytesStore.write (0x00007f374face510) [0x00007f374face6e0, 0x00007f374face950] Compiler: c1, Barriers: 2, Oops: 1, ImmediateOops: 0, NonImmediateOops: No
[4,077s][debug  ][gc,nmethod     ] Register NMethod: net.openhft.chronicle.core.UnsafeMemory.copyMemory (0x00007f374fc3f210) [0x00007f374fc3f3c0, 0x00007f374fc3f548] Compiler: c1, Barriers: 1, Oops: 1, ImmediateOops: 0, NonImmediateOops: No
[4,077s][debug  ][gc,nmethod     ] Register NMethod: net.openhft.chronicle.core.UnsafeMemory$$Lambda/0x0000000080304a68.apply (0x00007f374fc9b390) [0x00007f374fc9b540, 0x00007f374fc9b6a0] Compiler: c1, Barriers: 1, Oops: 1, ImmediateOops: 0, NonImmediateOops: No
[4,077s][debug  ][gc,nmethod     ] Register NMethod: net.openhft.chronicle.core.UnsafeMemory.lambda$new$0 (0x00007f374fe2d910) [0x00007f374fe2dac0, 0x00007f374fe2dbf8] Compiler: c1, Barriers: 0, Oops: 1, ImmediateOops: 0, NonImmediateOops: No
[4,077s][debug  ][gc,nmethod     ] Register NMethod: net.openhft.chronicle.core.UnsafeMemory.writeInt (0x00007f374fec5c90) [0x00007f374fec5e20, 0x00007f374fec5f38] Compiler: c1, Barriers: 0, Oops: 1, ImmediateOops: 0, NonImmediateOops: No
[4,077s][debug  ][gc,nmethod     ] Register NMethod: net.openhft.chronicle.bytes.internal.NativeBytesStore.capacity (0x00007f376f248b90) [0x00007f376f248d20, 0x00007f376f248de0] Compiler: c1, Barriers: 0, Oops: 1, ImmediateOops: 0, NonImmediateOops: No
[4,077s][debug  ][gc,nmethod     ] Register NMethod: jdk.internal.misc.Unsafe.putInt (0x00007f374fa87810) [0x00007f374fa879a0, 0x00007f374fa87aa8] Compiler: c1, Barriers: 0, Oops: 0, ImmediateOops: 0, NonImmediateOops: No
[4,077s][debug  ][gc,nmethod     ] Register NMethod: sun.misc.Unsafe.putInt (0x00007f374fb8cd90) [0x00007f374fb8cf20, 0x00007f374fb8d028] Compiler: c1, Barriers: 0, Oops: 0, ImmediateOops: 0, NonImmediateOops: No
[4,077s][debug  ][gc,nmethod     ] Register NMethod: net.openhft.chronicle.core.UnsafeMemory.copyMemory (0x00007f374fa9a590) [0x00007f374fa9a720, 0x00007f374fa9a850] Compiler: c1, Barriers: 0, Oops: 1, ImmediateOops: 0, NonImmediateOops: No
[4,078s][debug  ][gc,nmethod     ] Register NMethod: sun.misc.Unsafe.getInt (0x00007f374fbd3a10) [0x00007f374fbd3ba0, 0x00007f374fbd3ca0] Compiler: c1, Barriers: 0, Oops: 0, ImmediateOops: 0, NonImmediateOops: No
[4,078s][debug  ][gc,nmethod     ] Register NMethod: net.openhft.chronicle.bytes.internal.NativeBytesStore.writeInt (0x00007f374fa2c910) [0x00007f374fa2cae0, 0x00007f374fa2ce08] Compiler: c1, Barriers: 2, Oops: 1, ImmediateOops: 1, NonImmediateOops: No
[4,078s][debug  ][gc,nmethod     ] Register NMethod: net.openhft.chronicle.bytes.AbstractBytes.writeInt (0x00007f376f247e90) [0x00007f376f2480a0, 0x00007f376f2486a8] Compiler: c2, Barriers: 6, Oops: 2, ImmediateOops: 0, NonImmediateOops: No
[4,078s][debug  ][gc,nmethod     ] Register NMethod: net.openhft.chronicle.bytes.internal.NativeBytesStore.translate (0x00007f376f247b90) [0x00007f376f247d00, 0x00007f376f247d78] Compiler: c2, Barriers: 0, Oops: 1, ImmediateOops: 0, NonImmediateOops: No
[4,078s][debug  ][gc,nmethod     ] Register NMethod: io.sirix.node.delegates.ValueNodeDelegate.isCompressed (0x00007f376f247890) [0x00007f376f247a20, 0x00007f376f247ae8] Compiler: c1, Barriers: 0, Oops: 1, ImmediateOops: 0, NonImmediateOops: No
[4,078s][debug  ][gc,nmethod     ] Register NMethod: io.sirix.node.NodeKind.serializeValDelegate (0x00007f374fa76310) [0x00007f374fa76500, 0x00007f374fa76878] Compiler: c1, Barriers: 4, Oops: 1, ImmediateOops: 0, NonImmediateOops: No
[4,079s][debug  ][gc,nmethod     ] Register NMethod: net.openhft.chronicle.bytes.internal.HeapBytesStore.write (0x00007f374fda1990) [0x00007f374fda1b20, 0x00007f374fda1c40] Compiler: c1, Barriers: 0, Oops: 1, ImmediateOops: 0, NonImmediateOops: No
[4,079s][debug  ][gc,nmethod     ] Register NMethod: sun.misc.Unsafe.putLong (0x00007f376f247590) [0x00007f376f247700, 0x00007f376f2477a0] Compiler: c2, Barriers: 0, Oops: 1, ImmediateOops: 0, NonImmediateOops: No
[4,079s][debug  ][gc,nmethod     ] Register NMethod: jdk.internal.util.Preconditions.checkFromIndexSize (0x00007f376f247290) [0x00007f376f247400, 0x00007f376f2474d0] Compiler: c2, Barriers: 0, Oops: 0, ImmediateOops: 0, NonImmediateOops: No
[4,079s][debug  ][gc,nmethod     ] Register NMethod: sun.misc.Unsafe.getByte (0x00007f376f246f90) [0x00007f376f247100, 0x00007f376f247198] Compiler: c2, Barriers: 0, Oops: 1, ImmediateOops: 0, NonImmediateOops: No
[4,080s][debug  ][gc,nmethod     ] Register NMethod: sun.misc.Unsafe.putInt (0x00007f376f246c90) [0x00007f376f246e00, 0x00007f376f246e98] Compiler: c2, Barriers: 0, Oops: 1, ImmediateOops: 0, NonImmediateOops: No
[4,080s][debug  ][gc,nmethod     ] Register NMethod: net.openhft.chronicle.core.UnsafeMemory.copyMemoryLoop (0x00007f376f246590) [0x00007f376f246720, 0x00007f376f246a18] Compiler: c2, Barriers: 0, Oops: 4, ImmediateOops: 0, NonImmediateOops: No
[4,080s][debug  ][gc,nmethod     ] Register NMethod: net.openhft.chronicle.bytes.BytesStore.safeLimit (0x00007f376f246290) [0x00007f376f246420, 0x00007f376f2464c0] Compiler: c2, Barriers: 0, Oops: 1, ImmediateOops: 0, NonImmediateOops: No
[4,080s][debug  ][gc,nmethod     ] Register NMethod: sun.misc.Unsafe.putByte (0x00007f376f245f90) [0x00007f376f246100, 0x00007f376f246180] Compiler: c2, Barriers: 0, Oops: 0, ImmediateOops: 0, NonImmediateOops: No
[4,080s][debug  ][gc,nmethod     ] Rebuilding NMethod Table: 4096->4096 entries, 2587(63%->63%) registered, 281(7%->0%) unregistered
[4,080s][debug  ][gc,nmethod     ] Register NMethod: io.sirix.node.json.StringNode.getKind (0x00007f374fc2b710) [0x00007f374fc2b8a0, 0x00007f374fc2b9a8] Compiler: c1, Barriers: 0, Oops: 1, ImmediateOops: 1, NonImmediateOops: No
[4,081s][debug  ][gc,nmethod     ] Register NMethod: sun.security.provider.SHA2.implCompressCheck (0x00007f374fbdde10) [0x00007f374fbddfe0, 0x00007f374fbde370] Compiler: c1, Barriers: 0, Oops: 1, ImmediateOops: 1, NonImmediateOops: No
[4,081s][debug  ][gc,nmethod     ] Register NMethod: sun.security.provider.SHA2.implCompress (0x00007f374fe03b90) [0x00007f374fe03d80, 0x00007f374fe041b8] Compiler: c1, Barriers: 0, Oops: 1, ImmediateOops: 1, NonImmediateOops: No
[4,081s][debug  ][gc,nmethod     ] Register NMethod: java.lang.invoke.LambdaForm$MH/0x000000008035c000.invoke (0x00007f376f245b10) [0x00007f376f245cc0, 0x00007f376f245e38] Compiler: c2, Barriers: 1, Oops: 1, ImmediateOops: 0, NonImmediateOops: No
[4,081s][debug  ][gc,nmethod     ] Register NMethod: net.openhft.chronicle.bytes.internal.HeapBytesStore.write (0x00007f374faf9190) [0x00007f374faf9420, 0x00007f374faf9c98] Compiler: c1, Barriers: 6, Oops: 1, ImmediateOops: 1, NonImmediateOops: No
[4,082s][debug  ][gc,nmethod     ] Register NMethod: io.sirix.node.NodeKind$26.serialize (0x00007f374fdf1e90) [0x00007f374fdf2060, 0x00007f374fdf22b8] Compiler: c1, Barriers: 3, Oops: 1, ImmediateOops: 0, NonImmediateOops: No
[4,082s][debug  ][gc,nmethod     ] Register NMethod: sun.security.provider.ByteArrayAccess.b2iBig64 (0x00007f374fee4a10) [0x00007f374fee5240, 0x00007f374fee9cb8] Compiler: c1, Barriers: 0, Oops: 5, ImmediateOops: 128, NonImmediateOops: No
[4,082s][debug  ][gc,nmethod     ] Register NMethod: io.sirix.node.json.AbstractStringNode.getValNodeDelegate (0x00007f376f245810) [0x00007f376f2459a0, 0x00007f376f245a90] Compiler: c1, Barriers: 1, Oops: 1, ImmediateOops: 0, NonImmediateOops: No
[4,082s][debug  ][gc,nmethod     ] Register NMethod: jdk.internal.misc.Unsafe.getIntUnaligned (0x00007f376f245510) [0x00007f376f245680, 0x00007f376f245728] Compiler: c2, Barriers: 0, Oops: 0, ImmediateOops: 0, NonImmediateOops: No
[4,082s][debug  ][gc,nmethod     ] Register NMethod: net.openhft.chronicle.core.UnsafeMemory.copyMemory (0x00007f374fc38e90) [0x00007f374fc39060, 0x00007f374fc39350] Compiler: c1, Barriers: 0, Oops: 1, ImmediateOops: 1, NonImmediateOops: No
[4,082s][debug  ][gc,nmethod     ] Register NMethod: java.lang.invoke.LambdaForm$MH/0x0000000080358400.invoke (0x00007f374fe17e10) [0x00007f374fe18000, 0x00007f374fe18398] Compiler: c1, Barriers: 4, Oops: 1, ImmediateOops: 0, NonImmediateOops: No
[4,082s][debug  ][gc,nmethod     ] Register NMethod: io.sirix.node.json.NullNode.getKind (0x00007f374fc54c90) [0x00007f374fc54e20, 0x00007f374fc54f28] Compiler: c1, Barriers: 0, Oops: 1, ImmediateOops: 1, NonImmediateOops: No
[4,083s][debug  ][gc,nmethod     ] Register NMethod: io.sirix.node.NodeKind$29.serialize (0x00007f374fddff10) [0x00007f374fde00c0, 0x00007f374fde02b8] Compiler: c1, Barriers: 2, Oops: 1, ImmediateOops: 0, NonImmediateOops: No
[4,083s][debug  ][gc,nmethod     ] Register NMethod: java.lang.invoke.LambdaForm$MH/0x0000000080374400.delegate (0x00007f374fe0fe10) [0x00007f374fe0ffc0, 0x00007f374fe10148] Compiler: c1, Barriers: 0, Oops: 1, ImmediateOops: 0, NonImmediateOops: No
[4,083s][debug  ][gc,nmethod     ] Register NMethod: net.openhft.chronicle.bytes.internal.NativeBytesStore.writeInt (0x00007f374fe26490) [0x00007f374fe26640, 0x00007f374fe26778] Compiler: c1, Barriers: 0, Oops: 1, ImmediateOops: 0, NonImmediateOops: No
[4,083s][debug  ][gc,nmethod     ] Register NMethod: net.openhft.chronicle.bytes.internal.HeapBytesStore.isDirectMemory (0x00007f376f245210) [0x00007f376f2453a0, 0x00007f376f245460] Compiler: c1, Barriers: 0, Oops: 1, ImmediateOops: 0, NonImmediateOops: No
[4,083s][debug  ][gc,nmethod     ] Register NMethod: java.lang.invoke.MethodHandles.identity (0x00007f374fd90310) [0x00007f374fd90520, 0x00007f374fd909e8] Compiler: c1, Barriers: 4, Oops: 1, ImmediateOops: 3, NonImmediateOops: No
[4,083s][debug  ][gc,nmethod     ] Register NMethod: java.lang.invoke.VarHandleByteArrayAsInts$ArrayHandle.get (0x00007f376f244d90) [0x00007f376f244f20, 0x00007f376f245078] Compiler: c2, Barriers: 0, Oops: 2, ImmediateOops: 0, NonImmediateOops: No
[4,083s][debug  ][gc,nmethod     ] Register NMethod: java.lang.invoke.VarHandleGuards.guard_LI_I (0x00007f376f255710) [0x00007f376f255920, 0x00007f376f255f50] Compiler: c2, Barriers: 12, Oops: 0, ImmediateOops: 0, NonImmediateOops: No
[4,083s][debug  ][gc,nmethod     ] Register NMethod: java.nio.ByteBuffer.<init> (0x00007f374fea8b90) [0x00007f374fea8d40, 0x00007f374fea8f88] Compiler: c1, Barriers: 3, Oops: 0, ImmediateOops: 0, NonImmediateOops: No
[4,084s][debug  ][gc,nmethod     ] Register NMethod: net.openhft.chronicle.core.io.VanillaReferenceCounted.unmonitored (0x00007f376f244810) [0x00007f376f2449a0, 0x00007f376f244a68] Compiler: c1, Barriers: 0, Oops: 1, ImmediateOops: 0, NonImmediateOops: No
[4,084s][debug  ][gc,nmethod     ] Register NMethod: java.util.concurrent.atomic.AtomicReference.get (0x00007f376f255410) [0x00007f376f2555a0, 0x00007f376f255690] Compiler: c1, Barriers: 1, Oops: 0, ImmediateOops: 0, NonImmediateOops: No
[4,084s][debug  ][gc,nmethod     ] Register NMethod: io.sirix.access.ResourceConfiguration.storeChildCount (0x00007f376f255110) [0x00007f376f2552a0, 0x00007f376f255368] Compiler: c1, Barriers: 0, Oops: 1, ImmediateOops: 0, NonImmediateOops: No
[4,084s][debug  ][gc,nmethod     ] Register NMethod: net.openhft.chronicle.bytes.internal.AbstractBytesStore.readPosition (0x00007f376f254e10) [0x00007f376f254fa0, 0x00007f376f255068] Compiler: c1, Barriers: 0, Oops: 1, ImmediateOops: 0, NonImmediateOops: No
[4,084s][debug  ][gc,nmethod     ] Register NMethod: java.lang.invoke.DirectMethodHandle$Holder.invokeStatic (0x00007f376f254a10) [0x00007f376f254ba0, 0x00007f376f254cd0] Compiler: c2, Barriers: 1, Oops: 0, ImmediateOops: 0, NonImmediateOops: No
[4,084s][debug  ][gc,nmethod     ] Register NMethod: java.lang.invoke.LambdaForm$MH/0x000000008035cc00.linkToTargetMethod (0x00007f376f254690) [0x00007f376f254820, 0x00007f376f254918] Compiler: c2, Barriers: 0, Oops: 1, ImmediateOops: 0, NonImmediateOops: No
[4,084s][debug  ][gc,nmethod     ] Register NMethod: java.lang.invoke.MethodHandles.constant (0x00007f374fe6c210) [0x00007f374fe6c540, 0x00007f374fe6d4d0] Compiler: c1, Barriers: 6, Oops: 2, ImmediateOops: 4, NonImmediateOops: No
[4,085s][debug  ][gc,director    ] Rule Major: Warmup 20%, Used: 966MB, UsedThreshold: 3072MB
[4,085s][debug  ][gc,director    ] Select Minor GC Workers (Not Warm), GCWorkers: 5,000
[4,085s][debug  ][gc,director    ] Rule Minor: Allocation Rate (Dynamic GC Workers), MaxAllocRate: 525,9MB/s (+/-28,3%), Free: 14352MB, GCCPUTime: 1,677, GCDuration: 0,340s, TimeUntilOOM: 21,268s, TimeUntilGC: 20,928s, GCWorkers: 5
[4,085s][debug  ][gc,director    ] Select Minor GC Workers (Not Warm), GCWorkers: 5,000
[4,085s][debug  ][gc,director    ] Rule Minor: Allocation Rate (Dynamic GC Workers), MaxAllocRate: 2059,8MB/s (+/-28,3%), Free: 14352MB, GCCPUTime: 1,677, GCDuration: 0,340s, TimeUntilOOM: 5,430s, TimeUntilGC: 5,089s, GCWorkers: 5
[4,085s][debug  ][gc,director    ] Rule Minor: High Usage, Free: 14352MB(93,4%)
[4,089s][debug  ][gc,nmethod     ] Register NMethod: java.lang.invoke.MethodType$ConcurrentWeakInternSet.get (0x00007f376f253a10) [0x00007f376f253c20, 0x00007f376f2542c0] Compiler: c2, Barriers: 13, Oops: 0, ImmediateOops: 0, NonImmediateOops: No
[4,095s][debug  ][gc,director    ] Rule Major: Warmup 20%, Used: 966MB, UsedThreshold: 3072MB
[4,095s][debug  ][gc,director    ] Select Minor GC Workers (Not Warm), GCWorkers: 5,000
[4,095s][debug  ][gc,director    ] Rule Minor: Allocation Rate (Dynamic GC Workers), MaxAllocRate: 525,9MB/s (+/-28,3%), Free: 14352MB, GCCPUTime: 1,677, GCDuration: 0,340s, TimeUntilOOM: 21,268s, TimeUntilGC: 20,928s, GCWorkers: 5
[4,095s][debug  ][gc,director    ] Select Minor GC Workers (Not Warm), GCWorkers: 5,000
[4,095s][debug  ][gc,director    ] Rule Minor: Allocation Rate (Dynamic GC Workers), MaxAllocRate: 2059,8MB/s (+/-28,3%), Free: 14352MB, GCCPUTime: 1,677, GCDuration: 0,340s, TimeUntilOOM: 5,430s, TimeUntilGC: 5,089s, GCWorkers: 5
[4,095s][debug  ][gc,director    ] Rule Minor: High Usage, Free: 14352MB(93,4%)
[4,102s][debug  ][gc,nmethod     ] Register NMethod: net.openhft.chronicle.bytes.AbstractBytes.write (0x00007f376f251890) [0x00007f376f251b20, 0x00007f376f252b78] Compiler: c2, Barriers: 8, Oops: 2, ImmediateOops: 0, NonImmediateOops: No
[4,105s][debug  ][gc,director    ] Rule Major: Warmup 20%, Used: 966MB, UsedThreshold: 3072MB
[4,106s][debug  ][gc,director    ] Select Minor GC Workers (Not Warm), GCWorkers: 5,000
[4,106s][debug  ][gc,director    ] Rule Minor: Allocation Rate (Dynamic GC Workers), MaxAllocRate: 525,9MB/s (+/-28,3%), Free: 14352MB, GCCPUTime: 1,677, GCDuration: 0,340s, TimeUntilOOM: 21,268s, TimeUntilGC: 20,928s, GCWorkers: 5
[4,106s][debug  ][gc,director    ] Select Minor GC Workers (Not Warm), GCWorkers: 5,000
[4,106s][debug  ][gc,director    ] Rule Minor: Allocation Rate (Dynamic GC Workers), MaxAllocRate: 2059,8MB/s (+/-28,3%), Free: 14352MB, GCCPUTime: 1,677, GCDuration: 0,340s, TimeUntilOOM: 5,430s, TimeUntilGC: 5,089s, GCWorkers: 5
[4,106s][debug  ][gc,director    ] Rule Minor: High Usage, Free: 14352MB(93,4%)
[4,110s][debug  ][gc,nmethod     ] Register NMethod: net.openhft.chronicle.bytes.internal.BytesInternal.writeStopBit0 (0x00007f376f250210) [0x00007f376f2504c0, 0x00007f376f250fc0] Compiler: c2, Barriers: 10, Oops: 1, ImmediateOops: 0, NonImmediateOops: No
[4,113s][debug  ][gc,nmethod     ] Register NMethod: java.lang.invoke.MethodType.makeImpl (0x00007f376f331710) [0x00007f376f331b60, 0x00007f376f333f40] Compiler: c2, Barriers: 66, Oops: 6, ImmediateOops: 17, NonImmediateOops: No
[4,114s][debug  ][gc,nmethod     ] Register NMethod: io.sirix.node.Utils.putVarLong (0x00007f376f24fe90) [0x00007f376f250020, 0x00007f376f2500f0] Compiler: c2, Barriers: 0, Oops: 1, ImmediateOops: 0, NonImmediateOops: No
[4,114s][debug  ][gc,nmethod     ] Register NMethod: net.openhft.chronicle.core.Maths.toUInt31 (0x00007f376f24fb90) [0x00007f376f24fd00, 0x00007f376f24fda0] Compiler: c2, Barriers: 0, Oops: 1, ImmediateOops: 0, NonImmediateOops: No
[4,114s][debug  ][gc,nmethod     ] Register NMethod: net.openhft.chronicle.bytes.StreamingDataOutput.write (0x00007f376f24f790) [0x00007f376f24f920, 0x00007f376f24fa10] Compiler: c2, Barriers: 0, Oops: 1, ImmediateOops: 0, NonImmediateOops: No
[4,116s][debug  ][gc,director    ] Rule Major: Warmup 20%, Used: 966MB, UsedThreshold: 3072MB
[4,116s][debug  ][gc,director    ] Select Minor GC Workers (Not Warm), GCWorkers: 5,000
[4,116s][debug  ][gc,nmethod     ] Register NMethod: net.openhft.chronicle.bytes.NativeBytes.ensureCapacity (0x00007f376f24ee10) [0x00007f376f24efe0, 0x00007f376f24f288] Compiler: c2, Barriers: 1, Oops: 1, ImmediateOops: 0, NonImmediateOops: No
[4,117s][debug  ][gc,director    ] Rule Minor: Allocation Rate (Dynamic GC Workers), MaxAllocRate: 525,9MB/s (+/-28,3%), Free: 14352MB, GCCPUTime: 1,677, GCDuration: 0,340s, TimeUntilOOM: 21,268s, TimeUntilGC: 20,928s, GCWorkers: 5
[4,117s][debug  ][gc,director    ] Select Minor GC Workers (Not Warm), GCWorkers: 5,000
[4,117s][debug  ][gc,director    ] Rule Minor: Allocation Rate (Dynamic GC Workers), MaxAllocRate: 2059,8MB/s (+/-28,3%), Free: 14352MB, GCCPUTime: 1,677, GCDuration: 0,340s, TimeUntilOOM: 5,430s, TimeUntilGC: 5,089s, GCWorkers: 5
[4,117s][debug  ][gc,director    ] Rule Minor: High Usage, Free: 14352MB(93,4%)
[4,127s][debug  ][gc,director    ] Rule Major: Warmup 20%, Used: 966MB, UsedThreshold: 3072MB
[4,127s][debug  ][gc,director    ] Select Minor GC Workers (Not Warm), GCWorkers: 5,000
[4,127s][debug  ][gc,director    ] Rule Minor: Allocation Rate (Dynamic GC Workers), MaxAllocRate: 525,9MB/s (+/-28,3%), Free: 14352MB, GCCPUTime: 1,677, GCDuration: 0,340s, TimeUntilOOM: 21,268s, TimeUntilGC: 20,928s, GCWorkers: 5
[4,127s][debug  ][gc,director    ] Select Minor GC Workers (Not Warm), GCWorkers: 5,000
[4,127s][debug  ][gc,director    ] Rule Minor: Allocation Rate (Dynamic GC Workers), MaxAllocRate: 2059,8MB/s (+/-28,3%), Free: 14352MB, GCCPUTime: 1,677, GCDuration: 0,340s, TimeUntilOOM: 5,430s, TimeUntilGC: 5,089s, GCWorkers: 5
[4,127s][debug  ][gc,director    ] Rule Minor: High Usage, Free: 14352MB(93,4%)
[4,131s][debug  ][gc,nmethod     ] Register NMethod: sun.security.provider.SHA2.implCompress0 (0x00007f376f335190) [0x00007f376f335360, 0x00007f376f335ef8] Compiler: c2, Barriers: 6, Oops: 3, ImmediateOops: 6, NonImmediateOops: No
[4,131s][debug  ][gc,nmethod     ] Register NMethod: jdk.internal.misc.Unsafe.getLongVolatile (0x00007f376f336310) [0x00007f376f3364a0, 0x00007f376f336680] Compiler: , Barriers: 0, Oops: 0, ImmediateOops: 0, NonImmediateOops: No
[4,131s][debug  ][gc,nmethod     ] Register NMethod: net.openhft.chronicle.core.io.AbstractReferenceCounted.canReleaseInBackground (0x00007f376f336690) [0x00007f376f336820, 0x00007f376f3368e0] Compiler: c1, Barriers: 0, Oops: 1, ImmediateOops: 0, NonImmediateOops: No
[4,131s][debug  ][gc,nmethod     ] Register NMethod: java.util.concurrent.atomic.AtomicInteger.incrementAndGet (0x00007f374feb9390) [0x00007f374feb9520, 0x00007f374feb9638] Compiler: c1, Barriers: 0, Oops: 0, ImmediateOops: 0, NonImmediateOops: No
[4,131s][debug  ][gc,nmethod     ] Register NMethod: net.openhft.chronicle.core.io.AbstractReferenceCounted$$Lambda/0x0000000080306c30.<init> (0x00007f374faeb890) [0x00007f374faeba40, 0x00007f374faebc18] Compiler: c1, Barriers: 3, Oops: 1, ImmediateOops: 0, NonImmediateOops: No
[4,131s][debug  ][gc,nmethod     ] Register NMethod: java.util.concurrent.CopyOnWriteArrayList.size (0x00007f374fb28210) [0x00007f374fb283a0, 0x00007f374fb284f0] Compiler: c1, Barriers: 1, Oops: 0, ImmediateOops: 0, NonImmediateOops: No
[4,131s][debug  ][gc,nmethod     ] Register NMethod: net.openhft.chronicle.core.io.ReferenceCountedTracer.onReleased (0x00007f374fe61310) [0x00007f374fe61500, 0x00007f374fe619a0] Compiler: c1, Barriers: 0, Oops: 1, ImmediateOops: 1, NonImmediateOops: No
[4,132s][debug  ][gc,nmethod     ] Register NMethod: net.openhft.chronicle.core.io.VanillaReferenceCounted.valueCompareAndSet (0x00007f374fe09e90) [0x00007f374fe0a040, 0x00007f374fe0a210] Compiler: c1, Barriers: 0, Oops: 1, ImmediateOops: 1, NonImmediateOops: No
[4,132s][debug  ][gc,nmethod     ] Register NMethod: net.openhft.chronicle.core.io.IOTools.counter (0x00007f374fd81d90) [0x00007f374fd81f60, 0x00007f374fd82298] Compiler: c1, Barriers: 0, Oops: 4, ImmediateOops: 3, NonImmediateOops: No
[4,132s][debug  ][gc,nmethod     ] Register NMethod: net.openhft.chronicle.core.io.VanillaReferenceCounted.<init> (0x00007f374faa0290) [0x00007f374faa04a0, 0x00007f374faa0ce0] Compiler: c1, Barriers: 21, Oops: 1, ImmediateOops: 0, NonImmediateOops: No
[4,132s][debug  ][gc,nmethod     ] Register NMethod: net.openhft.chronicle.bytes.internal.BytesInternal.writeStopBit (0x00007f374fe64590) [0x00007f374fe647a0, 0x00007f374fe64f18] Compiler: c1, Barriers: 0, Oops: 1, ImmediateOops: 0, NonImmediateOops: No
[4,132s][debug  ][gc,nmethod     ] Register NMethod: jdk.internal.misc.Unsafe.weakCompareAndSetLong (0x00007f374fe0a890) [0x00007f374fe0aa20, 0x00007f374fe0ab40] Compiler: c1, Barriers: 0, Oops: 0, ImmediateOops: 0, NonImmediateOops: No
[4,132s][debug  ][gc,nmethod     ] Register NMethod: net.openhft.chronicle.core.io.ReferenceChangeListenerManager.<init> (0x00007f374fa52f10) [0x00007f374fa53100, 0x00007f374fa536a0] Compiler: c1, Barriers: 12, Oops: 1, ImmediateOops: 0, NonImmediateOops: No
[4,132s][debug  ][gc,nmethod     ] Register NMethod: java.util.concurrent.CopyOnWriteArrayList.<init> (0x00007f374fdda890) [0x00007f374fddaa40, 0x00007f374fddade8] Compiler: c1, Barriers: 6, Oops: 0, ImmediateOops: 0, NonImmediateOops: No
[4,133s][debug  ][gc,nmethod     ] Register NMethod: io.sirix.access.trx.page.AbstractForwardingPageReadOnlyTrx.getResourceSession (0x00007f374fe36d10) [0x00007f374fe36ee0, 0x00007f374fe37248] Compiler: c1, Barriers: 2, Oops: 1, ImmediateOops: 1, NonImmediateOops: No
[4,133s][debug  ][gc,nmethod     ] Register NMethod: io.sirix.node.NodeKind.writeHash (0x00007f374ff22f10) [0x00007f374ff230c0, 0x00007f374ff23260] Compiler: c1, Barriers: 0, Oops: 1, ImmediateOops: 0, NonImmediateOops: No
[4,133s][debug  ][gc,nmethod     ] Register NMethod: io.sirix.node.xml.AbstractStructForwardingNode.getLastChildKey (0x00007f374fe3b190) [0x00007f374fe3b340, 0x00007f374fe3b520] Compiler: c1, Barriers: 0, Oops: 1, ImmediateOops: 0, NonImmediateOops: No
[4,133s][debug  ][gc,nmethod     ] Register NMethod: io.sirix.node.json.ArrayNode.getKind (0x00007f374ff3bc90) [0x00007f374ff3be20, 0x00007f374ff3bf88] Compiler: c1, Barriers: 0, Oops: 1, ImmediateOops: 1, NonImmediateOops: No
[4,133s][debug  ][gc,nmethod     ] Register NMethod: io.sirix.node.NodeKind.serializeJsonObjectOrArrayStructDelegate (0x00007f374fe3e090) [0x00007f374fe3e3c0, 0x00007f374fe3f7e8] Compiler: c1, Barriers: 1, Oops: 1, ImmediateOops: 1, NonImmediateOops: No
[4,133s][debug  ][gc,nmethod     ] Register NMethod: io.sirix.node.NodeKind$20.serialize (0x00007f374fa90810) [0x00007f374fa90a80, 0x00007f374fa91598] Compiler: c1, Barriers: 4, Oops: 1, ImmediateOops: 2, NonImmediateOops: No
[4,133s][debug  ][gc,nmethod     ] Register NMethod: net.openhft.chronicle.core.io.AbstractReferenceCounted.<init> (0x00007f374fe18b90) [0x00007f374fe18f20, 0x00007f374fe1a7f8] Compiler: c1, Barriers: 15, Oops: 7, ImmediateOops: 16, NonImmediateOops: No
[4,134s][debug  ][gc,nmethod     ] Register NMethod: java.nio.ByteBuffer.order (0x00007f374fe3d990) [0x00007f374fe3db40, 0x00007f374fe3dd78] Compiler: c1, Barriers: 0, Oops: 0, ImmediateOops: 1, NonImmediateOops: No
[4,134s][debug  ][gc,nmethod     ] Register NMethod: sun.misc.Unsafe.compareAndSwapInt (0x00007f374fecf690) [0x00007f374fecf820, 0x00007f374fecf940] Compiler: c1, Barriers: 0, Oops: 0, ImmediateOops: 0, NonImmediateOops: No
[4,134s][debug  ][gc,nmethod     ] Register NMethod: sun.misc.Unsafe.putByte (0x00007f374fecf190) [0x00007f374fecf320, 0x00007f374fecf498] Compiler: c1, Barriers: 0, Oops: 1, ImmediateOops: 1, NonImmediateOops: No
[4,134s][debug  ][gc,nmethod     ] Register NMethod: net.openhft.chronicle.core.UnsafeMemory.writeByte (0x00007f374feeeb10) [0x00007f374feeecc0, 0x00007f374feeeea8] Compiler: c1, Barriers: 0, Oops: 2, ImmediateOops: 2, NonImmediateOops: No
[4,134s][debug  ][gc,nmethod     ] Register NMethod: net.openhft.chronicle.bytes.internal.NativeBytesStore.writeByte (0x00007f374fe0b210) [0x00007f374fe0b3e0, 0x00007f374fe0b778] Compiler: c1, Barriers: 1, Oops: 2, ImmediateOops: 2, NonImmediateOops: No
[4,134s][debug  ][gc,nmethod     ] Register NMethod: net.openhft.chronicle.bytes.internal.NativeBytesStore.isDirectMemory (0x00007f376f336990) [0x00007f376f336b20, 0x00007f376f336be0] Compiler: c1, Barriers: 0, Oops: 1, ImmediateOops: 0, NonImmediateOops: No
[4,134s][debug  ][gc,nmethod     ] Register NMethod: net.openhft.chronicle.core.io.ReferenceChangeListenerManager.callReferenceChangeListeners (0x00007f374fb59f90) [0x00007f374fb5a180, 0x00007f374fb5a790] Compiler: c1, Barriers: 3, Oops: 1, ImmediateOops: 0, NonImmediateOops: No
[4,134s][debug  ][gc,nmethod     ] Register NMethod: net.openhft.chronicle.core.UnsafeMemory.copyMemory (0x00007f376f336c90) [0x00007f376f336e40, 0x00007f376f337140] Compiler: c2, Barriers: 0, Oops: 2, ImmediateOops: 2, NonImmediateOops: No
[4,134s][debug  ][gc,nmethod     ] Register NMethod: net.openhft.chronicle.bytes.AbstractBytes.bytesStore (0x00007f374feee710) [0x00007f374feee8c0, 0x00007f374feeea78] Compiler: c1, Barriers: 3, Oops: 1, ImmediateOops: 0, NonImmediateOops: No
[4,135s][debug  ][gc,nmethod     ] Register NMethod: net.openhft.chronicle.bytes.NativeBytes.writeCheckOffset (0x00007f376f337490) [0x00007f376f337660, 0x00007f376f337970] Compiler: c2, Barriers: 1, Oops: 1, ImmediateOops: 0, NonImmediateOops: No
[4,136s][debug  ][gc,nmethod     ] Register NMethod: jdk.internal.misc.Unsafe.convEndian (0x00007f374fe8ab90) [0x00007f374fe8ad40, 0x00007f374fe8aeb0] Compiler: c1, Barriers: 0, Oops: 0, ImmediateOops: 0, NonImmediateOops: No
[4,136s][debug  ][gc,nmethod     ] Register NMethod: java.nio.Buffer.nextPutIndex (0x00007f374fe8a590) [0x00007f374fe8a740, 0x00007f374fe8a960] Compiler: c1, Barriers: 0, Oops: 0, ImmediateOops: 0, NonImmediateOops: No
[4,136s][debug  ][gc,nmethod     ] Register NMethod: jdk.internal.misc.ScopedMemoryAccess.putLongUnaligned (0x00007f374fbc9e90) [0x00007f374fbca080, 0x00007f374fbca5a0] Compiler: c1, Barriers: 0, Oops: 0, ImmediateOops: 1, NonImmediateOops: No
[4,136s][debug  ][gc,nmethod     ] Register NMethod: jdk.internal.misc.ScopedMemoryAccess.putLongUnalignedInternal (0x00007f374fe11210) [0x00007f374fe113e0, 0x00007f374fe11798] Compiler: c1, Barriers: 0, Oops: 0, ImmediateOops: 1, NonImmediateOops: No
[4,136s][debug  ][gc,nmethod     ] Register NMethod: java.nio.HeapByteBuffer.putLong (0x00007f374fe0e290) [0x00007f374fe0e500, 0x00007f374fe0efb0] Compiler: c1, Barriers: 2, Oops: 1, ImmediateOops: 2, NonImmediateOops: No
[4,136s][debug  ][gc,nmethod     ] Register NMethod: jdk.internal.misc.Unsafe.putLongUnaligned (0x00007f374fbff110) [0x00007f374fbff300, 0x00007f374fbff878] Compiler: c1, Barriers: 0, Oops: 0, ImmediateOops: 0, NonImmediateOops: No
[4,136s][debug  ][gc,nmethod     ] Register NMethod: net.openhft.chronicle.core.UnsafeMemory.compareAndSwapInt (0x00007f374fe04e90) [0x00007f374fe05040, 0x00007f374fe05308] Compiler: c1, Barriers: 0, Oops: 1, ImmediateOops: 1, NonImmediateOops: No
[4,136s][debug  ][gc,nmethod     ] Register NMethod: sun.security.provider.SHA2.implCompress (0x00007f376f337c10) [0x00007f376f337da0, 0x00007f376f337f08] Compiler: c2, Barriers: 1, Oops: 1, ImmediateOops: 0, NonImmediateOops: No
[4,136s][debug  ][gc,nmethod     ] Register NMethod: java.util.concurrent.atomic.AtomicLong.get (0x00007f376f338090) [0x00007f376f338220, 0x00007f376f3382e8] Compiler: c1, Barriers: 0, Oops: 0, ImmediateOops: 0, NonImmediateOops: No
[4,136s][debug  ][gc,nmethod     ] Register NMethod: java.nio.ByteBuffer.limit (0x00007f374fe04890) [0x00007f374fe04a40, 0x00007f374fe04bf8] Compiler: c1, Barriers: 0, Oops: 0, ImmediateOops: 0, NonImmediateOops: No
[4,136s][debug  ][gc,nmethod     ] Register NMethod: java.nio.HeapByteBuffer.byteOffset (0x00007f376f338390) [0x00007f376f338500, 0x00007f376f338580] Compiler: c2, Barriers: 0, Oops: 0, ImmediateOops: 0, NonImmediateOops: No
[4,136s][debug  ][gc,nmethod     ] Register NMethod: net.openhft.chronicle.bytes.internal.NativeBytesStore.realCapacity (0x00007f376f338690) [0x00007f376f338820, 0x00007f376f3388e0] Compiler: c1, Barriers: 0, Oops: 1, ImmediateOops: 0, NonImmediateOops: No
[4,137s][debug  ][gc,nmethod     ] Register NMethod: jdk.internal.misc.Unsafe.putLongUnaligned (0x00007f374fe87a10) [0x00007f374fe87bc0, 0x00007f374fe87dd0] Compiler: c1, Barriers: 0, Oops: 0, ImmediateOops: 0, NonImmediateOops: No
[4,137s][debug  ][gc,nmethod     ] Register NMethod: net.openhft.chronicle.core.io.AbstractReferenceCounted.reserve (0x00007f374fe87310) [0x00007f374fe874c0, 0x00007f374fe87688] Compiler: c1, Barriers: 1, Oops: 1, ImmediateOops: 0, NonImmediateOops: No
[4,137s][debug  ][gc,nmethod     ] Register NMethod: net.openhft.chronicle.bytes.AbstractBytes.<init> (0x00007f374fadb310) [0x00007f374fadb540, 0x00007f374fadbda8] Compiler: c1, Barriers: 12, Oops: 1, ImmediateOops: 1, NonImmediateOops: No
[4,137s][debug  ][gc,nmethod     ] Register NMethod: net.openhft.chronicle.bytes.AbstractBytes$UncheckedRandomDataInputHolder.<init> (0x00007f374fdf1310) [0x00007f374fdf14c0, 0x00007f374fdf16f8] Compiler: c1, Barriers: 3, Oops: 1, ImmediateOops: 0, NonImmediateOops: No
[4,137s][debug  ][gc,nmethod     ] Register NMethod: net.openhft.chronicle.bytes.AbstractBytes.<init> (0x00007f374fdf0f10) [0x00007f374fdf10c0, 0x00007f374fdf1208] Compiler: c1, Barriers: 0, Oops: 1, ImmediateOops: 1, NonImmediateOops: No
[4,137s][debug  ][gc,nmethod     ] Register NMethod: net.openhft.chronicle.bytes.AbstractBytes$UncheckedRandomDataInputHolder.<init> (0x00007f374fdf0990) [0x00007f374fdf0b40, 0x00007f374fdf0d18] Compiler: c1, Barriers: 3, Oops: 1, ImmediateOops: 0, NonImmediateOops: No
[4,137s][debug  ][gc,nmethod     ] Register NMethod: java.io.OutputStream.<init> (0x00007f374fdf7110) [0x00007f374fdf72a0, 0x00007f374fdf7400] Compiler: c1, Barriers: 0, Oops: 0, ImmediateOops: 0, NonImmediateOops: No
[4,137s][debug  ][gc,nmethod     ] Register NMethod: net.openhft.chronicle.core.io.ReferenceChangeListenerManager.notifyAdded (0x00007f374fdf6b10) [0x00007f374fdf6ce0, 0x00007f374fdf6fa8] Compiler: c1, Barriers: 0, Oops: 3, ImmediateOops: 2, NonImmediateOops: No
[4,137s][debug  ][gc,director    ] Rule Major: Warmup 20%, Used: 974MB, UsedThreshold: 3072MB
[4,137s][debug  ][gc,director    ] Select Minor GC Workers (Not Warm), GCWorkers: 5,000
[4,137s][debug  ][gc,director    ] Rule Minor: Allocation Rate (Dynamic GC Workers), MaxAllocRate: 525,9MB/s (+/-28,3%), Free: 14344MB, GCCPUTime: 1,677, GCDuration: 0,340s, TimeUntilOOM: 21,256s, TimeUntilGC: 20,916s, GCWorkers: 5
[4,137s][debug  ][gc,director    ] Select Minor GC Workers (Not Warm), GCWorkers: 5,000
[4,137s][debug  ][gc,director    ] Rule Minor: Allocation Rate (Dynamic GC Workers), MaxAllocRate: 2059,8MB/s (+/-28,3%), Free: 14344MB, GCCPUTime: 1,677, GCDuration: 0,340s, TimeUntilOOM: 5,427s, TimeUntilGC: 5,086s, GCWorkers: 5
[4,137s][debug  ][gc,director    ] Rule Minor: High Usage, Free: 14344MB(93,4%)
[4,138s][debug  ][gc,nmethod     ] Register NMethod: net.jpountz.xxhash.StreamingXXHash32JNI.checkState (0x00007f374fdf6610) [0x00007f374fdf67c0, 0x00007f374fdf69d8] Compiler: c1, Barriers: 0, Oops: 1, ImmediateOops: 1, NonImmediateOops: No
[4,138s][debug  ][gc,nmethod     ] Register NMethod: net.jpountz.util.SafeUtils.checkLength (0x00007f374fa2df90) [0x00007f374fa2e140, 0x00007f374fa2e330] Compiler: c1, Barriers: 0, Oops: 1, ImmediateOops: 1, NonImmediateOops: No
[4,138s][debug  ][gc,nmethod     ] Register NMethod: net.jpountz.util.SafeUtils.checkRange (0x00007f374fa2d510) [0x00007f374fa2d720, 0x00007f374fa2dcf0] Compiler: c1, Barriers: 0, Oops: 1, ImmediateOops: 1, NonImmediateOops: No
[4,138s][debug  ][gc,nmethod     ] Register NMethod: sun.security.provider.DigestBase.engineGetDigestLength (0x00007f376f338990) [0x00007f376f338b20, 0x00007f376f338be0] Compiler: c1, Barriers: 0, Oops: 0, ImmediateOops: 0, NonImmediateOops: No
[4,138s][debug  ][gc,nmethod     ] Register NMethod: java.nio.Buffer.nextPutIndex (0x00007f374fad9090) [0x00007f374fad9240, 0x00007f374fad9458] Compiler: c1, Barriers: 0, Oops: 0, ImmediateOops: 0, NonImmediateOops: No
[4,138s][debug  ][gc,nmethod     ] Register NMethod: net.openhft.chronicle.core.io.AbstractReferenceCounted.release (0x00007f374fad8c10) [0x00007f374fad8dc0, 0x00007f374fad8f78] Compiler: c1, Barriers: 1, Oops: 1, ImmediateOops: 0, NonImmediateOops: No
[4,138s][debug  ][gc,nmethod     ] Register NMethod: java.nio.HeapByteBuffer.put (0x00007f374fbdf290) [0x00007f374fbdf460, 0x00007f374fbdf7b8] Compiler: c1, Barriers: 1, Oops: 0, ImmediateOops: 0, NonImmediateOops: No
[4,138s][debug  ][gc,nmethod     ] Register NMethod: net.openhft.chronicle.core.io.ReferenceChangeListenerManager.notifyRemoved (0x00007f374fbdea90) [0x00007f374fbdec60, 0x00007f374fbdef28] Compiler: c1, Barriers: 0, Oops: 3, ImmediateOops: 2, NonImmediateOops: No
[4,138s][debug  ][gc,nmethod     ] Register NMethod: net.openhft.chronicle.bytes.internal.AbstractBytesStore.canReleaseInBackground (0x00007f374fad8690) [0x00007f374fad8840, 0x00007f374fad89f8] Compiler: c1, Barriers: 0, Oops: 1, ImmediateOops: 0, NonImmediateOops: No
[4,138s][debug  ][gc,nmethod     ] Register NMethod: net.jpountz.lz4.LZ4BlockOutputStream.writeIntLE (0x00007f374feba890) [0x00007f374febaa20, 0x00007f374febaba8] Compiler: c1, Barriers: 0, Oops: 1, ImmediateOops: 0, NonImmediateOops: No
[4,139s][debug  ][gc,nmethod     ] Register NMethod: net.openhft.chronicle.core.io.VanillaReferenceCounted.release (0x00007f374fe9fe10) [0x00007f374fea00e0, 0x00007f374fea0c60] Compiler: c1, Barriers: 3, Oops: 4, ImmediateOops: 3, NonImmediateOops: No
[4,139s][debug  ][gc,nmethod     ] Register NMethod: java.nio.HeapByteBuffer.isDirect (0x00007f376f338c90) [0x00007f376f338e20, 0x00007f376f338ee0] Compiler: c1, Barriers: 0, Oops: 0, ImmediateOops: 0, NonImmediateOops: No
[4,139s][debug  ][gc,nmethod     ] Register NMethod: java.nio.ByteBuffer.allocate (0x00007f374feba390) [0x00007f374feba540, 0x00007f374feba750] Compiler: c1, Barriers: 0, Oops: 0, ImmediateOops: 0, NonImmediateOops: No
[4,139s][debug  ][gc,nmethod     ] Register NMethod: java.nio.HeapByteBuffer.<init> (0x00007f374feb9e10) [0x00007f374feb9fc0, 0x00007f374feba1d0] Compiler: c1, Barriers: 0, Oops: 0, ImmediateOops: 0, NonImmediateOops: No
[4,140s][debug  ][gc,nmethod     ] Register NMethod: net.openhft.chronicle.bytes.internal.BytesInternal.writeStopBit (0x00007f376f338f90) [0x00007f376f3391c0, 0x00007f376f3397f0] Compiler: c2, Barriers: 5, Oops: 1, ImmediateOops: 0, NonImmediateOops: No
[4,140s][debug  ][gc,nmethod     ] Register NMethod: java.nio.ByteOrder.nativeOrder (0x00007f376f339d90) [0x00007f376f339f00, 0x00007f376f339f70] Compiler: c2, Barriers: 0, Oops: 0, ImmediateOops: 1, NonImmediateOops: No
[4,141s][debug  ][gc,nmethod     ] Register NMethod: io.sirix.page.KeyValueLeafPage.processEntries (0x00007f374fe0bf10) [0x00007f374fe0c200, 0x00007f374fe0d390] Compiler: c1, Barriers: 16, Oops: 1, ImmediateOops: 1, NonImmediateOops: No
[4,142s][debug  ][gc,nmethod     ] Register NMethod: io.sirix.page.PageKind$1.serializePage (0x00007f374fc61590) [0x00007f374fc62180, 0x00007f374fc69ee8] Compiler: c1, Barriers: 42, Oops: 8, ImmediateOops: 12, NonImmediateOops: No
[4,142s][debug  ][gc,nmethod     ] Register NMethod: java.util.concurrent.ConcurrentHashMap$EntrySpliterator.characteristics (0x00007f376f33a090) [0x00007f376f33a220, 0x00007f376f33a2e0] Compiler: c1, Barriers: 0, Oops: 0, ImmediateOops: 0, NonImmediateOops: No
[4,143s][debug  ][gc,nmethod     ] Register NMethod: io.sirix.page.KeyValueLeafPage.processEntries (0x00007f374fdee590) [0x00007f374fdee880, 0x00007f374fdef8a0] Compiler: c1, Barriers: 16, Oops: 1, ImmediateOops: 1, NonImmediateOops: No
[4,143s][debug  ][gc,nmethod     ] Register NMethod: jdk.internal.misc.Unsafe.putShort (0x00007f376f33a390) [0x00007f376f33a520, 0x00007f376f33a6e8] Compiler: , Barriers: 0, Oops: 0, ImmediateOops: 0, NonImmediateOops: No
[4,143s][debug  ][gc,nmethod     ] Register NMethod: io.sirix.node.NodeSerializerImpl.serialize (0x00007f376f33a710) [0x00007f376f33a920, 0x00007f376f33af78] Compiler: c2, Barriers: 5, Oops: 1, ImmediateOops: 0, NonImmediateOops: No
[4,144s][debug  ][gc,nmethod     ] Register NMethod: net.openhft.chronicle.bytes.internal.BytesInternal.failIfBytesOnBytes (0x00007f374fbe0510) [0x00007f374fbe0760, 0x00007f374fbe0fe8] Compiler: c1, Barriers: 1, Oops: 2, ImmediateOops: 1, NonImmediateOops: No
[4,144s][debug  ][gc,nmethod     ] Register NMethod: net.openhft.chronicle.bytes.VanillaBytes.<init> (0x00007f374fe02e90) [0x00007f374fe03040, 0x00007f374fe03178] Compiler: c1, Barriers: 0, Oops: 1, ImmediateOops: 0, NonImmediateOops: No
[4,144s][debug  ][gc,nmethod     ] Register NMethod: net.openhft.chronicle.bytes.RandomCommon.writeLimit (0x00007f374fe02a90) [0x00007f374fe02c40, 0x00007f374fe02df8] Compiler: c1, Barriers: 0, Oops: 1, ImmediateOops: 0, NonImmediateOops: No
[4,144s][debug  ][gc,nmethod     ] Register NMethod: jdk.internal.misc.Unsafe.checkNativeAddress (0x00007f374fbe0210) [0x00007f374fbe03a0, 0x00007f374fbe04b0] Compiler: c1, Barriers: 0, Oops: 0, ImmediateOops: 0, NonImmediateOops: No
[4,144s][debug  ][gc,nmethod     ] Register NMethod: net.openhft.chronicle.core.io.VanillaReferenceCounted.reserve (0x00007f374fe6a910) [0x00007f374fe6abc0, 0x00007f374fe6b6c0] Compiler: c1, Barriers: 3, Oops: 4, ImmediateOops: 3, NonImmediateOops: No
[4,144s][debug  ][gc,nmethod     ] Register NMethod: net.openhft.chronicle.bytes.internal.AbstractBytesStore.<init> (0x00007f374fe02710) [0x00007f374fe028c0, 0x00007f374fe029f8] Compiler: c1, Barriers: 0, Oops: 1, ImmediateOops: 0, NonImmediateOops: No
[4,144s][debug  ][gc,nmethod     ] Register NMethod: java.io.OutputStream.flush (0x00007f374fe10f10) [0x00007f374fe110a0, 0x00007f374fe111a0] Compiler: c1, Barriers: 0, Oops: 0, ImmediateOops: 0, NonImmediateOops: No
[4,144s][debug  ][gc,nmethod     ] Register NMethod: io.sirix.node.NodeKind.serializeStructNodeJsonValueNode (0x00007f376f33b590) [0x00007f376f33b740, 0x00007f376f33b8f0] Compiler: c2, Barriers: 0, Oops: 1, ImmediateOops: 0, NonImmediateOops: No
[4,145s][debug  ][gc,nmethod     ] Register NMethod: net.openhft.chronicle.bytes.RandomCommon.readRemaining (0x00007f374fe02190) [0x00007f374fe02340, 0x00007f374fe025c8] Compiler: c1, Barriers: 0, Oops: 1, ImmediateOops: 0, NonImmediateOops: No
[4,145s][debug  ][gc,nmethod     ] Register NMethod: net.openhft.chronicle.core.Jvm.isResourceTracing (0x00007f374fee4710) [0x00007f374fee48a0, 0x00007f374fee4998] Compiler: c1, Barriers: 0, Oops: 1, ImmediateOops: 1, NonImmediateOops: No
[4,145s][debug  ][gc,nmethod     ] Register NMethod: net.openhft.chronicle.bytes.RandomCommon.writePosition (0x00007f374fe39510) [0x00007f374fe396c0, 0x00007f374fe39878] Compiler: c1, Barriers: 0, Oops: 1, ImmediateOops: 0, NonImmediateOops: No
[4,145s][debug  ][gc,nmethod     ] Register NMethod: java.util.ImmutableCollections$ListItr.hasNext (0x00007f374fe39190) [0x00007f374fe39320, 0x00007f374fe39480] Compiler: c1, Barriers: 0, Oops: 0, ImmediateOops: 0, NonImmediateOops: No
[4,145s][debug  ][gc,nmethod     ] Register NMethod: jdk.internal.misc.Unsafe.getAndAddLong (0x00007f374fe38c90) [0x00007f374fe38e40, 0x00007f374fe39088] Compiler: c1, Barriers: 0, Oops: 0, ImmediateOops: 0, NonImmediateOops: No
[4,145s][debug  ][gc,nmethod     ] Register NMethod: java.nio.MappedByteBuffer.position (0x00007f374fe62d10) [0x00007f374fe62ec0, 0x00007f374fe63068] Compiler: c1, Barriers: 0, Oops: 0, ImmediateOops: 0, NonImmediateOops: No
[4,145s][debug  ][gc,nmethod     ] Register NMethod: net.openhft.chronicle.bytes.NativeBytes.bytesStore (0x00007f374fe62610) [0x00007f374fe627e0, 0x00007f374fe62bc8] Compiler: c1, Barriers: 3, Oops: 1, ImmediateOops: 0, NonImmediateOops: No
[4,145s][debug  ][gc,nmethod     ] Register NMethod: java.util.BitSet.toByteArray (0x00007f374faba510) [0x00007f374faba740, 0x00007f374fabafc8] Compiler: c1, Barriers: 3, Oops: 0, ImmediateOops: 1, NonImmediateOops: No
[4,145s][debug  ][gc,nmethod     ] Register NMethod: java.util.stream.ReferencePipeline$StatefulOp.opIsStateful (0x00007f376f33bb10) [0x00007f376f33bca0, 0x00007f376f33bd60] Compiler: c1, Barriers: 0, Oops: 0, ImmediateOops: 0, NonImmediateOops: No
[4,148s][debug  ][gc,director    ] Rule Major: Warmup 20%, Used: 978MB, UsedThreshold: 3072MB
[4,148s][debug  ][gc,director    ] Select Minor GC Workers (Not Warm), GCWorkers: 5,000
[4,148s][debug  ][gc,nmethod     ] Register NMethod: java.util.concurrent.ConcurrentHashMap$Traverser.<init> (0x00007f374faba010) [0x00007f374faba1c0, 0x00007f374faba428] Compiler: c1, Barriers: 6, Oops: 0, ImmediateOops: 0, NonImmediateOops: No
[4,148s][debug  ][gc,nmethod     ] Register NMethod: net.jpountz.xxhash.XXHashJNI.XXH32_init (0x00007f376f33be10) [0x00007f376f33bfa0, 0x00007f376f33c178] Compiler: , Barriers: 0, Oops: 1, ImmediateOops: 1, NonImmediateOops: No
[4,148s][debug  ][gc,director    ] Rule Minor: Allocation Rate (Dynamic GC Workers), MaxAllocRate: 525,9MB/s (+/-28,3%), Free: 14340MB, GCCPUTime: 1,677, GCDuration: 0,340s, TimeUntilOOM: 21,250s, TimeUntilGC: 20,910s, GCWorkers: 5
[4,148s][debug  ][gc,director    ] Select Minor GC Workers (Not Warm), GCWorkers: 5,000
[4,148s][debug  ][gc,director    ] Rule Minor: Allocation Rate (Dynamic GC Workers), MaxAllocRate: 2059,8MB/s (+/-28,3%), Free: 14340MB, GCCPUTime: 1,677, GCDuration: 0,340s, TimeUntilOOM: 5,425s, TimeUntilGC: 5,085s, GCWorkers: 5
[4,148s][debug  ][gc,nmethod     ] Register NMethod: net.openhft.chronicle.core.UnsafeMemory.copyMemory (0x00007f376f33c190) [0x00007f376f33c340, 0x00007f376f33c6a0] Compiler: c2, Barriers: 0, Oops: 2, ImmediateOops: 0, NonImmediateOops: No
[4,148s][debug  ][gc,director    ] Rule Minor: High Usage, Free: 14340MB(93,4%)
[4,148s][debug  ][gc,nmethod     ] Register NMethod: net.jpountz.util.Native.isLoaded (0x00007f374fe38890) [0x00007f374fe38a20, 0x00007f374fe38be8] Compiler: c1, Barriers: 0, Oops: 1, ImmediateOops: 2, NonImmediateOops: No
[4,148s][debug  ][gc,nmethod     ] Register NMethod: sun.security.provider.DigestBase.implCompressMultiBlock0 (0x00007f374fe61f10) [0x00007f374fe620c0, 0x00007f374fe62350] Compiler: c1, Barriers: 0, Oops: 0, ImmediateOops: 0, NonImmediateOops: No
[4,148s][debug  ][gc,nmethod     ] Register NMethod: java.util.ImmutableCollections$ListItr.<init> (0x00007f374fec8790) [0x00007f374fec8940, 0x00007f374fec8b20] Compiler: c1, Barriers: 3, Oops: 0, ImmediateOops: 0, NonImmediateOops: No
[4,148s][debug  ][gc,nmethod     ] Register NMethod: java.util.ImmutableCollections$AbstractImmutableList.iterator (0x00007f374fec8110) [0x00007f374fec82e0, 0x00007f374fec8648] Compiler: c1, Barriers: 3, Oops: 0, ImmediateOops: 0, NonImmediateOops: No
[4,149s][debug  ][gc,nmethod     ] Register NMethod: io.sirix.access.ResourceConfiguration.getBinaryEncodingVersion (0x00007f376f33ca90) [0x00007f376f33cc20, 0x00007f376f33cd10] Compiler: c1, Barriers: 1, Oops: 1, ImmediateOops: 0, NonImmediateOops: No
[4,150s][debug  ][gc,nmethod     ] Register NMethod: java.util.BitSet.<init> (0x00007f374fa1d690) [0x00007f374fa1d8e0, 0x00007f374fa1e0a0] Compiler: c1, Barriers: 3, Oops: 1, ImmediateOops: 1, NonImmediateOops: No
[4,150s][debug  ][gc,nmethod     ] Register NMethod: java.util.stream.AbstractSpinedBuffer.count (0x00007f374fa1cf90) [0x00007f374fa1d140, 0x00007f374fa1d328] Compiler: c1, Barriers: 1, Oops: 0, ImmediateOops: 0, NonImmediateOops: No
[4,150s][debug  ][gc,nmethod     ] Register NMethod: io.sirix.BinaryEncodingVersion.byteVersion (0x00007f376f33cd90) [0x00007f376f33cf20, 0x00007f376f33cfe8] Compiler: c1, Barriers: 0, Oops: 1, ImmediateOops: 0, NonImmediateOops: No
[4,151s][debug  ][gc,nmethod     ] Register NMethod: io.sirix.page.PageKind$1.serializePage (0x00007f374fe4b290) [0x00007f374fe4be60, 0x00007f374fe53a50] Compiler: c1, Barriers: 42, Oops: 8, ImmediateOops: 12, NonImmediateOops: No
[4,151s][debug  ][gc,nmethod     ] Register NMethod: io.sirix.page.KeyValueLeafPage.getPageKey (0x00007f376f33d090) [0x00007f376f33d220, 0x00007f376f33d2e0] Compiler: c1, Barriers: 0, Oops: 1, ImmediateOops: 0, NonImmediateOops: No
[4,152s][debug  ][gc,nmethod     ] Register NMethod: sun.security.provider.ByteArrayAccess.i2bBig4 (0x00007f374fad6490) [0x00007f374fad66a0, 0x00007f374fad6c58] Compiler: c1, Barriers: 0, Oops: 5, ImmediateOops: 8, NonImmediateOops: No
[4,152s][debug  ][gc,nmethod     ] Register NMethod: sun.security.provider.DigestBase.engineUpdate (0x00007f374fad9990) [0x00007f374fad9c20, 0x00007f374fada8f0] Compiler: c1, Barriers: 4, Oops: 1, ImmediateOops: 1, NonImmediateOops: No
[4,152s][debug  ][gc,nmethod     ] Register NMethod: com.google.common.base.Preconditions.checkPositionIndexes (0x00007f374fec7b90) [0x00007f374fec7d60, 0x00007f374fec8008] Compiler: c1, Barriers: 0, Oops: 1, ImmediateOops: 0, NonImmediateOops: No
[4,152s][debug  ][gc,nmethod     ] Register NMethod: net.jpountz.lz4.LZ4Factory.fastCompressor (0x00007f376f33d390) [0x00007f376f33d520, 0x00007f376f33d610] Compiler: c1, Barriers: 1, Oops: 1, ImmediateOops: 0, NonImmediateOops: No
[4,152s][debug  ][gc,nmethod     ] Register NMethod: java.io.DataOutputStream.flush (0x00007f374fad6010) [0x00007f374fad61c0, 0x00007f374fad63b8] Compiler: c1, Barriers: 1, Oops: 0, ImmediateOops: 0, NonImmediateOops: No
[4,152s][debug  ][gc,nmethod     ] Register NMethod: net.openhft.chronicle.core.UnsafeMemory.readBytes (0x00007f374fa22710) [0x00007f374fa22980, 0x00007f374fa231a0] Compiler: c1, Barriers: 0, Oops: 2, ImmediateOops: 3, NonImmediateOops: No
[4,152s][debug  ][gc,nmethod     ] Register NMethod: net.openhft.chronicle.bytes.RandomDataInput.toByteArray (0x00007f376f33d690) [0x00007f376f33d880, 0x00007f376f33e0a0] Compiler: c2, Barriers: 4, Oops: 2, ImmediateOops: 0, NonImmediateOops: No
[4,153s][debug  ][gc,nmethod     ] Register NMethod: io.sirix.node.NodeKind.serializeDelegate (0x00007f376f33e890) [0x00007f376f33eb20, 0x00007f376f33f6e0] Compiler: c2, Barriers: 12, Oops: 2, ImmediateOops: 0, NonImmediateOops: No
[4,156s][debug  ][gc,nmethod     ] Register NMethod: io.sirix.page.PageKind$1.serializePage (0x00007f374ff62c90) [0x00007f374ff63860, 0x00007f374ff6b1d0] Compiler: c1, Barriers: 42, Oops: 8, ImmediateOops: 12, NonImmediateOops: No
[4,157s][debug  ][gc,nmethod     ] Register NMethod: net.openhft.chronicle.bytes.internal.HeapBytesStore.<init> (0x00007f374feff890) [0x00007f374feffb00, 0x00007f374ff003b8] Compiler: c1, Barriers: 10, Oops: 1, ImmediateOops: 2, NonImmediateOops: No
[4,157s][debug  ][gc,nmethod     ] Register NMethod: net.openhft.chronicle.bytes.BytesStore.wrap (0x00007f374fbe3110) [0x00007f374fbe3300, 0x00007f374fbe3790] Compiler: c1, Barriers: 0, Oops: 1, ImmediateOops: 0, NonImmediateOops: No
[4,157s][debug  ][gc,nmethod     ] Register NMethod: net.openhft.chronicle.bytes.internal.HeapBytesStore.read (0x00007f376f340110) [0x00007f376f3402e0, 0x00007f376f3408d8] Compiler: c2, Barriers: 2, Oops: 2, ImmediateOops: 0, NonImmediateOops: No
[4,158s][debug  ][gc,nmethod     ] Register NMethod: net.openhft.chronicle.bytes.internal.BytesInternal.toByteArray (0x00007f376f340e90) [0x00007f376f341080, 0x00007f376f3418a8] Compiler: c2, Barriers: 4, Oops: 2, ImmediateOops: 0, NonImmediateOops: No
[4,158s][debug  ][gc,nmethod     ] Register NMethod: net.openhft.chronicle.bytes.internal.HeapBytesStore.wrap (0x00007f374fad5a90) [0x00007f374fad5c40, 0x00007f374fad5dd0] Compiler: c1, Barriers: 0, Oops: 1, ImmediateOops: 0, NonImmediateOops: No
[4,158s][debug  ][gc,nmethod     ] Register NMethod: net.jpountz.lz4.LZ4BlockOutputStream.ensureNotFinished (0x00007f374fa21f90) [0x00007f374fa22140, 0x00007f374fa22358] Compiler: c1, Barriers: 0, Oops: 1, ImmediateOops: 1, NonImmediateOops: No
[4,158s][debug  ][gc,director    ] Rule Major: Warmup 20%, Used: 994MB, UsedThreshold: 3072MB
[4,158s][debug  ][gc,director    ] Select Minor GC Workers (Not Warm), GCWorkers: 5,000
[4,158s][debug  ][gc,director    ] Rule Minor: Allocation Rate (Dynamic GC Workers), MaxAllocRate: 525,9MB/s (+/-28,3%), Free: 14324MB, GCCPUTime: 1,677, GCDuration: 0,340s, TimeUntilOOM: 21,226s, TimeUntilGC: 20,886s, GCWorkers: 5
[4,158s][debug  ][gc,director    ] Select Minor GC Workers (Not Warm), GCWorkers: 5,000
[4,158s][debug  ][gc,director    ] Rule Minor: Allocation Rate (Dynamic GC Workers), MaxAllocRate: 2059,8MB/s (+/-28,3%), Free: 14324MB, GCCPUTime: 1,677, GCDuration: 0,340s, TimeUntilOOM: 5,419s, TimeUntilGC: 5,079s, GCWorkers: 5
[4,158s][debug  ][gc,director    ] Rule Minor: High Usage, Free: 14324MB(93,3%)
[4,158s][debug  ][gc,nmethod     ] Register NMethod: io.sirix.page.KeyValueLeafPage.getIndexType (0x00007f376f342090) [0x00007f376f342220, 0x00007f376f342310] Compiler: c1, Barriers: 1, Oops: 1, ImmediateOops: 0, NonImmediateOops: No
[4,158s][debug  ][gc,nmethod     ] Register NMethod: com.google.common.hash.MessageDigestHashFunction$MessageDigestHasher.checkNotDone (0x00007f374feff110) [0x00007f374feff2e0, 0x00007f374feff680] Compiler: c1, Barriers: 0, Oops: 2, ImmediateOops: 2, NonImmediateOops: No
[4,158s][debug  ][gc,nmethod     ] Register NMethod: net.openhft.chronicle.bytes.NativeBytes.wrapWithNativeBytes (0x00007f374fbe2a10) [0x00007f374fbe2be0, 0x00007f374fbe2f80] Compiler: c1, Barriers: 1, Oops: 1, ImmediateOops: 1, NonImmediateOops: No
[4,158s][debug  ][gc,nmethod     ] Register NMethod: net.openhft.chronicle.bytes.NativeBytes.<init> (0x00007f374fbe2610) [0x00007f374fbe27c0, 0x00007f374fbe2930] Compiler: c1, Barriers: 0, Oops: 1, ImmediateOops: 0, NonImmediateOops: No
[4,158s][debug  ][gc,nmethod     ] Register NMethod: net.openhft.chronicle.bytes.AbstractBytes.isDirectMemory (0x00007f374fbe2190) [0x00007f374fbe2340, 0x00007f374fbe2538] Compiler: c1, Barriers: 1, Oops: 1, ImmediateOops: 0, NonImmediateOops: No
[4,159s][debug  ][gc,nmethod     ] Register NMethod: java.util.concurrent.ConcurrentHashMap.sumCount (0x00007f374fdfbe90) [0x00007f374fdfc040, 0x00007f374fdfc2f0] Compiler: c1, Barriers: 2, Oops: 0, ImmediateOops: 0, NonImmediateOops: No
[4,159s][debug  ][gc,nmethod     ] Register NMethod: net.jpountz.lz4.LZ4BlockOutputStream.flush (0x00007f374fdfb910) [0x00007f374fdfbae0, 0x00007f374fdfbdc0] Compiler: c1, Barriers: 2, Oops: 1, ImmediateOops: 0, NonImmediateOops: No
[4,159s][debug  ][gc,nmethod     ] Register NMethod: net.openhft.chronicle.bytes.VanillaBytes.bytesForRead (0x00007f374fdfa910) [0x00007f374fdfab60, 0x00007f374fdfb650] Compiler: c1, Barriers: 3, Oops: 1, ImmediateOops: 1, NonImmediateOops: No
[4,159s][debug  ][gc,nmethod     ] Register NMethod: io.sirix.page.KeyValueLeafPage.getDeweyIds (0x00007f376f342390) [0x00007f376f342520, 0x00007f376f342610] Compiler: c1, Barriers: 1, Oops: 1, ImmediateOops: 0, NonImmediateOops: No
[4,159s][debug  ][gc,nmethod     ] Register NMethod: io.sirix.page.KeyValueLeafPage.getBytes (0x00007f376f342690) [0x00007f376f342820, 0x00007f376f342910] Compiler: c1, Barriers: 1, Oops: 1, ImmediateOops: 0, NonImmediateOops: No
[4,159s][debug  ][gc,nmethod     ] Register NMethod: io.sirix.page.KeyValueLeafPage.getSlots (0x00007f376f342990) [0x00007f376f342b20, 0x00007f376f342c10] Compiler: c1, Barriers: 1, Oops: 1, ImmediateOops: 0, NonImmediateOops: No
[4,159s][debug  ][gc,nmethod     ] Register NMethod: net.openhft.chronicle.bytes.internal.NativeBytesStore.read (0x00007f374fdf9f10) [0x00007f374fdfa100, 0x00007f374fdfa6a0] Compiler: c1, Barriers: 2, Oops: 1, ImmediateOops: 0, NonImmediateOops: No
[4,159s][debug  ][gc,nmethod     ] Register NMethod: java.util.concurrent.atomic.AtomicInteger.incrementAndGet (0x00007f376f342c90) [0x00007f376f342e00, 0x00007f376f342e88] Compiler: c2, Barriers: 0, Oops: 0, ImmediateOops: 0, NonImmediateOops: No
[4,159s][debug  ][gc,nmethod     ] Register NMethod: io.sirix.page.KeyValueLeafPage.getReferencesMap (0x00007f376f342f90) [0x00007f376f343120, 0x00007f376f343210] Compiler: c1, Barriers: 1, Oops: 1, ImmediateOops: 0, NonImmediateOops: No
[4,159s][debug  ][gc,nmethod     ] Register NMethod: io.sirix.page.KeyValueLeafPage.getResourceConfig (0x00007f376f343290) [0x00007f376f343420, 0x00007f376f343510] Compiler: c1, Barriers: 1, Oops: 1, ImmediateOops: 0, NonImmediateOops: No
[4,160s][debug  ][gc,nmethod     ] Register NMethod: java.util.stream.Node.getChildCount (0x00007f376f343590) [0x00007f376f343720, 0x00007f376f3437e0] Compiler: c1, Barriers: 0, Oops: 0, ImmediateOops: 0, NonImmediateOops: No
[4,160s][debug  ][gc,nmethod     ] Register NMethod: net.openhft.chronicle.bytes.NativeBytes.isElastic (0x00007f376f343890) [0x00007f376f343a20, 0x00007f376f343ae0] Compiler: c1, Barriers: 0, Oops: 1, ImmediateOops: 0, NonImmediateOops: No
[4,160s][debug  ][gc,nmethod     ] Register NMethod: java.util.concurrent.atomic.AtomicLong.compareAndSet (0x00007f374fdf9b10) [0x00007f374fdf9ca0, 0x00007f374fdf9dc0] Compiler: c1, Barriers: 0, Oops: 0, ImmediateOops: 0, NonImmediateOops: No
[4,160s][debug  ][gc,nmethod     ] Register NMethod: java.nio.HeapByteBuffer.<init> (0x00007f374fe30590) [0x00007f374fe30740, 0x00007f374fe308c0] Compiler: c1, Barriers: 0, Oops: 0, ImmediateOops: 0, NonImmediateOops: No
[4,162s][debug  ][gc,nmethod     ] Register NMethod: java.util.stream.SortedOps$OfRef.<init> (0x00007f374fe2fc90) [0x00007f374fe2fe80, 0x00007f374fe30378] Compiler: c1, Barriers: 3, Oops: 1, ImmediateOops: 0, NonImmediateOops: No
[4,163s][debug  ][gc,nmethod     ] Register NMethod: net.openhft.chronicle.bytes.internal.BytesInternal.toByteArray (0x00007f376f343b90) [0x00007f376f343dc0, 0x00007f376f3443c0] Compiler: c2, Barriers: 3, Oops: 1, ImmediateOops: 0, NonImmediateOops: No
[4,163s][debug  ][gc,nmethod     ] Register NMethod: java.io.ByteArrayOutputStream.<init> (0x00007f374fe2ef90) [0x00007f374fe2f1e0, 0x00007f374fe2f978] Compiler: c1, Barriers: 3, Oops: 1, ImmediateOops: 1, NonImmediateOops: No
[4,164s][debug  ][gc,nmethod     ] Register NMethod: java.nio.MappedByteBuffer.limit (0x00007f374fe2ea90) [0x00007f374fe2ec40, 0x00007f374fe2ee48] Compiler: c1, Barriers: 0, Oops: 0, ImmediateOops: 0, NonImmediateOops: No
[4,164s][debug  ][gc,nmethod     ] Register NMethod: net.openhft.chronicle.bytes.Bytes.wrapForRead (0x00007f374fc53310) [0x00007f374fc53540, 0x00007f374fc53d10] Compiler: c1, Barriers: 3, Oops: 2, ImmediateOops: 2, NonImmediateOops: No
[4,164s][debug  ][gc,nmethod     ] Register NMethod: net.openhft.chronicle.bytes.internal.NativeBytesStore.writeShort (0x00007f374fe2e090) [0x00007f374fe2e260, 0x00007f374fe2e5f8] Compiler: c1, Barriers: 1, Oops: 2, ImmediateOops: 2, NonImmediateOops: No
[4,164s][debug  ][gc,nmethod     ] Register NMethod: jdk.internal.misc.Unsafe.putShort (0x00007f374fc52f90) [0x00007f374fc53120, 0x00007f374fc53230] Compiler: c1, Barriers: 0, Oops: 0, ImmediateOops: 0, NonImmediateOops: No
[4,164s][debug  ][gc,nmethod     ] Register NMethod: net.openhft.chronicle.core.UnsafeMemory.writeShort (0x00007f374fc52b10) [0x00007f374fc52cc0, 0x00007f374fc52ea8] Compiler: c1, Barriers: 0, Oops: 2, ImmediateOops: 2, NonImmediateOops: No
[4,164s][debug  ][gc,nmethod     ] Register NMethod: sun.misc.Unsafe.putShort (0x00007f374fc52710) [0x00007f374fc528a0, 0x00007f374fc52a18] Compiler: c1, Barriers: 0, Oops: 1, ImmediateOops: 1, NonImmediateOops: No
[4,164s][debug  ][gc,nmethod     ] Register NMethod: net.openhft.chronicle.bytes.internal.NativeBytesStore.writeShort (0x00007f374fc52310) [0x00007f374fc524c0, 0x00007f374fc52610] Compiler: c1, Barriers: 0, Oops: 1, ImmediateOops: 0, NonImmediateOops: No
[4,164s][debug  ][gc,nmethod     ] Register NMethod: java.nio.MappedByteBuffer.position (0x00007f374fc51e10) [0x00007f374fc51fc0, 0x00007f374fc521c8] Compiler: c1, Barriers: 0, Oops: 0, ImmediateOops: 0, NonImmediateOops: No
[4,164s][debug  ][gc,nmethod     ] Register NMethod: java.nio.ByteBuffer.<init> (0x00007f374fc51a10) [0x00007f374fc51bc0, 0x00007f374fc51d10] Compiler: c1, Barriers: 0, Oops: 0, ImmediateOops: 0, NonImmediateOops: No
[4,165s][debug  ][gc,nmethod     ] Register NMethod: net.openhft.chronicle.bytes.AbstractBytes.writeShort (0x00007f374fb55690) [0x00007f374fb55840, 0x00007f374fb55a98] Compiler: c1, Barriers: 1, Oops: 1, ImmediateOops: 0, NonImmediateOops: No
[4,165s][debug  ][gc,nmethod     ] Register NMethod: java.util.stream.ForEachOps$ForEachOp$OfRef.accept (0x00007f374fc51590) [0x00007f374fc51740, 0x00007f374fc51938] Compiler: c1, Barriers: 1, Oops: 0, ImmediateOops: 0, NonImmediateOops: No
[4,165s][debug  ][gc,nmethod     ] Register NMethod: java.util.concurrent.atomic.AtomicLong.incrementAndGet (0x00007f374fb55310) [0x00007f374fb554a0, 0x00007f374fb555c0] Compiler: c1, Barriers: 0, Oops: 0, ImmediateOops: 0, NonImmediateOops: No
[4,166s][debug  ][gc,nmethod     ] Register NMethod: java.nio.MappedByteBuffer.<init> (0x00007f374fb54e90) [0x00007f374fb55040, 0x00007f374fb55210] Compiler: c1, Barriers: 3, Oops: 0, ImmediateOops: 0, NonImmediateOops: No
[4,166s][debug  ][gc,nmethod     ] Register NMethod: java.util.stream.AbstractPipeline.exactOutputSizeIfKnown (0x00007f374fb54310) [0x00007f374fb54500, 0x00007f374fb54c00] Compiler: c1, Barriers: 3, Oops: 2, ImmediateOops: 2, NonImmediateOops: No
[4,166s][debug  ][gc,nmethod     ] Register NMethod: jdk.internal.misc.Unsafe.allocateMemory0 (0x00007f376f344990) [0x00007f376f344b20, 0x00007f376f344ce8] Compiler: , Barriers: 0, Oops: 0, ImmediateOops: 0, NonImmediateOops: No
[4,166s][debug  ][gc,nmethod     ] Register NMethod: jdk.internal.misc.VM.isDirectMemoryPageAligned (0x00007f374fbe1e90) [0x00007f374fbe2020, 0x00007f374fbe2118] Compiler: c1, Barriers: 0, Oops: 0, ImmediateOops: 1, NonImmediateOops: No
[4,166s][debug  ][gc,nmethod     ] Register NMethod: jdk.internal.misc.Unsafe.allocateMemoryChecks (0x00007f374fb53d90) [0x00007f374fb53f40, 0x00007f374fb54210] Compiler: c1, Barriers: 0, Oops: 0, ImmediateOops: 0, NonImmediateOops: No
[4,166s][debug  ][gc,nmethod     ] Register NMethod: jdk.internal.misc.Unsafe.alignToHeapWordSize (0x00007f374fb53810) [0x00007f374fb539c0, 0x00007f374fb53c58] Compiler: c1, Barriers: 0, Oops: 0, ImmediateOops: 0, NonImmediateOops: No
[4,167s][debug  ][gc,nmethod     ] Register NMethod: jdk.internal.misc.Unsafe.allocateMemory (0x00007f374fb50c10) [0x00007f374fb50ea0, 0x00007f374fb518a0] Compiler: c1, Barriers: 0, Oops: 2, ImmediateOops: 2, NonImmediateOops: No
[4,167s][debug  ][gc,nmethod     ] Register NMethod: java.util.concurrent.atomic.AtomicLong.addAndGet (0x00007f374fb53490) [0x00007f374fb53620, 0x00007f374fb53738] Compiler: c1, Barriers: 0, Oops: 0, ImmediateOops: 0, NonImmediateOops: No
[4,167s][debug  ][gc,nmethod     ] Register NMethod: java.nio.ByteBuffer.allocateDirect (0x00007f374fb52f90) [0x00007f374fb53140, 0x00007f374fb532d0] Compiler: c1, Barriers: 0, Oops: 0, ImmediateOops: 0, NonImmediateOops: No
[4,167s][debug  ][gc,nmethod     ] Register NMethod: io.sirix.page.KeyValueLeafPage.processEntries (0x00007f376f344d10) [0x00007f376f344f20, 0x00007f376f345670] Compiler: c2, Barriers: 7, Oops: 1, ImmediateOops: 0, NonImmediateOops: No
[4,167s][debug  ][gc,nmethod     ] Register NMethod: java.util.Arrays.sort (0x00007f374fb50710) [0x00007f374fb508e0, 0x00007f374fb50b20] Compiler: c1, Barriers: 0, Oops: 0, ImmediateOops: 0, NonImmediateOops: No
[4,167s][debug  ][gc,nmethod     ] Register NMethod: jdk.internal.misc.Unsafe.setMemory0 (0x00007f376f345b90) [0x00007f376f345d20, 0x00007f376f345ef0] Compiler: , Barriers: 0, Oops: 0, ImmediateOops: 0, NonImmediateOops: No
[4,167s][debug  ][gc,nmethod     ] Register NMethod: java.util.ImmutableCollections$ListN.size (0x00007f376f345f10) [0x00007f376f3460a0, 0x00007f376f346168] Compiler: c2, Barriers: 1, Oops: 0, ImmediateOops: 0, NonImmediateOops: No
[4,168s][debug  ][gc,nmethod     ] Register NMethod: java.util.TimSort.sort (0x00007f374fb4f990) [0x00007f374fb4fbe0, 0x00007f374fb50338] Compiler: c1, Barriers: 2, Oops: 0, ImmediateOops: 0, NonImmediateOops: No
[4,168s][debug  ][gc,nmethod     ] Register NMethod: java.nio.Bits.reserveMemory (0x00007f374fe5e410) [0x00007f374fe5e820, 0x00007f374fe60098] Compiler: c1, Barriers: 4, Oops: 4, ImmediateOops: 12, NonImmediateOops: No
[4,168s][debug  ][gc,nmethod     ] Register NMethod: io.sirix.node.json.NumberNode.getKind (0x00007f376f346210) [0x00007f376f346380, 0x00007f376f346400] Compiler: c2, Barriers: 0, Oops: 1, ImmediateOops: 1, NonImmediateOops: No
[4,168s][debug  ][gc,nmethod     ] Register NMethod: jdk.internal.misc.Unsafe.setMemory (0x00007f374fe2c610) [0x00007f374fe2c860, 0x00007f374fe2d078] Compiler: c1, Barriers: 2, Oops: 0, ImmediateOops: 0, NonImmediateOops: No
[4,168s][debug  ][gc,nmethod     ] Register NMethod: jdk.internal.misc.Unsafe.setMemoryChecks (0x00007f374fe2b810) [0x00007f374fe2ba60, 0x00007f374fe2c2b0] Compiler: c1, Barriers: 2, Oops: 0, ImmediateOops: 0, NonImmediateOops: No
[4,168s][debug  ][gc,director    ] Rule Major: Warmup 20%, Used: 1004MB, UsedThreshold: 3072MB
[4,168s][debug  ][gc,director    ] Select Minor GC Workers (Not Warm), GCWorkers: 5,000
[4,168s][debug  ][gc,director    ] Rule Minor: Allocation Rate (Dynamic GC Workers), MaxAllocRate: 525,9MB/s (+/-28,3%), Free: 14314MB, GCCPUTime: 1,677, GCDuration: 0,340s, TimeUntilOOM: 21,212s, TimeUntilGC: 20,871s, GCWorkers: 5
[4,168s][debug  ][gc,director    ] Select Minor GC Workers (Not Warm), GCWorkers: 5,000
[4,168s][debug  ][gc,director    ] Rule Minor: Allocation Rate (Dynamic GC Workers), MaxAllocRate: 2059,8MB/s (+/-28,3%), Free: 14314MB, GCCPUTime: 1,677, GCDuration: 0,340s, TimeUntilOOM: 5,415s, TimeUntilGC: 5,075s, GCWorkers: 5
[4,168s][debug  ][gc,director    ] Rule Minor: High Usage, Free: 14314MB(93,2%)
[4,169s][debug  ][gc,nmethod     ] Register NMethod: java.nio.ByteBuffer.wrap (0x00007f374fe5dd10) [0x00007f374fe5dee0, 0x00007f374fe5e170] Compiler: c1, Barriers: 0, Oops: 0, ImmediateOops: 0, NonImmediateOops: No
[4,172s][debug  ][gc,alloc       ] Mutator Allocation Rate: 691,4MB/s Predicted: 792,9MB/s, Avg: 535,1(+/-149,6)MB/s
[4,173s][debug  ][gc,director    ] Rule Major: Warmup 20%, Used: 1014MB, UsedThreshold: 3072MB
[4,173s][debug  ][gc,director    ] Select Minor GC Workers (Not Warm), GCWorkers: 5,000
[4,173s][debug  ][gc,director    ] Rule Minor: Allocation Rate (Dynamic GC Workers), MaxAllocRate: 535,1MB/s (+/-28,0%), Free: 14304MB, GCCPUTime: 1,677, GCDuration: 0,340s, TimeUntilOOM: 20,891s, TimeUntilGC: 20,550s, GCWorkers: 5
[4,173s][debug  ][gc,director    ] Select Minor GC Workers (Not Warm), GCWorkers: 5,000
[4,173s][debug  ][gc,director    ] Rule Minor: Allocation Rate (Dynamic GC Workers), MaxAllocRate: 2078,1MB/s (+/-28,0%), Free: 14304MB, GCCPUTime: 1,677, GCDuration: 0,340s, TimeUntilOOM: 5,379s, TimeUntilGC: 5,039s, GCWorkers: 5
[4,173s][debug  ][gc,director    ] Rule Minor: High Usage, Free: 14304MB(93,1%)
[4,174s][debug  ][gc,nmethod     ] Register NMethod: io.sirix.node.NodeKind$28.serialize (0x00007f376f346510) [0x00007f376f346800, 0x00007f376f3476a0] Compiler: c2, Barriers: 18, Oops: 18, ImmediateOops: 0, NonImmediateOops: No
[4,178s][debug  ][gc,nmethod     ] Register NMethod: io.sirix.page.KeyValueLeafPage.processEntries (0x00007f376f348690) [0x00007f376f3488c0, 0x00007f376f349000] Compiler: c2, Barriers: 7, Oops: 1, ImmediateOops: 2, NonImmediateOops: No
[4,179s][debug  ][gc,nmethod     ] Register NMethod: net.jpountz.lz4.LZ4BlockOutputStream.writeIntLE (0x00007f376f349690) [0x00007f376f349820, 0x00007f376f349940] Compiler: c2, Barriers: 0, Oops: 1, ImmediateOops: 0, NonImmediateOops: No
[4,179s][debug  ][gc,nmethod     ] Register NMethod: io.sirix.node.json.BooleanNode.getKind (0x00007f376f349a10) [0x00007f376f349b80, 0x00007f376f349c00] Compiler: c2, Barriers: 0, Oops: 1, ImmediateOops: 1, NonImmediateOops: No
[4,179s][debug  ][gc,nmethod     ] Register NMethod: java.util.stream.SortedOps$AbstractRefSortingSink.<init> (0x00007f374fb4f110) [0x00007f374fb4f300, 0x00007f374fb4f7f8] Compiler: c1, Barriers: 6, Oops: 0, ImmediateOops: 0, NonImmediateOops: No
[4,180s][debug  ][gc,nmethod     ] Register NMethod: net.openhft.chronicle.core.io.ReferenceCountedTracer.throwExceptionIfReleased (0x00007f376f349d10) [0x00007f376f349ea0, 0x00007f376f349f58] Compiler: c2, Barriers: 0, Oops: 1, ImmediateOops: 0, NonImmediateOops: No
[4,180s][debug  ][gc,nmethod     ] Register NMethod: java.util.ArrayList.forEach (0x00007f374fe2ad90) [0x00007f374fe2afa0, 0x00007f374fe2b588] Compiler: c1, Barriers: 2, Oops: 0, ImmediateOops: 0, NonImmediateOops: No
[4,180s][debug  ][gc,nmethod     ] Register NMethod: java.nio.DirectByteBuffer.<init> (0x00007f374fdfe310) [0x00007f374fdfe640, 0x00007f374fdff7e0] Compiler: c1, Barriers: 25, Oops: 2, ImmediateOops: 14, NonImmediateOops: No
[4,180s][debug  ][gc,nmethod     ] Register NMethod: java.util.stream.SortedOps$OfRef.opWrapSink (0x00007f374fdfca90) [0x00007f374fdfcd40, 0x00007f374fdfdd08] Compiler: c1, Barriers: 14, Oops: 2, ImmediateOops: 2, NonImmediateOops: No
[4,180s][debug  ][gc,nmethod     ] Register NMethod: net.openhft.chronicle.bytes.BytesStore.copyTo (0x00007f374fe15f10) [0x00007f374fe161e0, 0x00007f374fe17150] Compiler: c1, Barriers: 1, Oops: 1, ImmediateOops: 0, NonImmediateOops: No
[4,180s][debug  ][gc,nmethod     ] Register NMethod: net.openhft.chronicle.bytes.Bytes.isClear (0x00007f374fe2a490) [0x00007f374fe2a660, 0x00007f374fe2ac10] Compiler: c1, Barriers: 1, Oops: 1, ImmediateOops: 0, NonImmediateOops: No
[4,180s][debug  ][gc,nmethod     ] Register NMethod: java.lang.ref.FinalReference.<init> (0x00007f374fe15990) [0x00007f374fe15b40, 0x00007f374fe15e40] Compiler: c1, Barriers: 6, Oops: 0, ImmediateOops: 1, NonImmediateOops: No
[4,180s][debug  ][gc,nmethod     ] Register NMethod: sun.security.provider.ByteArrayAccess.i2bBig (0x00007f374fe14d90) [0x00007f374fe14fa0, 0x00007f374fe15668] Compiler: c1, Barriers: 0, Oops: 5, ImmediateOops: 8, NonImmediateOops: No
[4,180s][debug  ][gc,nmethod     ] Register NMethod: net.jpountz.xxhash.XXHashFactory.newStreamingHash32 (0x00007f374fe14610) [0x00007f374fe147e0, 0x00007f374fe14b98] Compiler: c1, Barriers: 1, Oops: 1, ImmediateOops: 0, NonImmediateOops: No
[4,182s][debug  ][gc,nmethod     ] Register NMethod: net.jpountz.xxhash.StreamingXXHash32.<init> (0x00007f374fe14090) [0x00007f374fe14220, 0x00007f374fe143a8] Compiler: c1, Barriers: 0, Oops: 1, ImmediateOops: 0, NonImmediateOops: No
[4,182s][debug  ][gc,nmethod     ] Register NMethod: java.lang.ref.Finalizer.register (0x00007f374fea7490) [0x00007f374fea7640, 0x00007f374fea77f0] Compiler: c1, Barriers: 0, Oops: 0, ImmediateOops: 0, NonImmediateOops: No
[4,182s][debug  ][gc,nmethod     ] Register NMethod: java.lang.ref.Finalizer.<init> (0x00007f374fea6a10) [0x00007f374fea6c00, 0x00007f374fea72b8] Compiler: c1, Barriers: 17, Oops: 1, ImmediateOops: 7, NonImmediateOops: No
[4,182s][debug  ][gc,nmethod     ] Register NMethod: net.jpountz.lz4.LZ4BlockOutputStream.flushBufferedData (0x00007f374fea5b10) [0x00007f374fea5d80, 0x00007f374fea6760] Compiler: c1, Barriers: 14, Oops: 1, ImmediateOops: 0, NonImmediateOops: No
[4,183s][debug  ][gc,nmethod     ] Register NMethod: net.openhft.chronicle.bytes.internal.NativeBytesStore.<init> (0x00007f374fea5210) [0x00007f374fea5400, 0x00007f374fea5938] Compiler: c1, Barriers: 6, Oops: 1, ImmediateOops: 1, NonImmediateOops: No
[4,183s][debug  ][gc,director    ] Rule Major: Warmup 20%, Used: 1030MB, UsedThreshold: 3072MB
[4,183s][debug  ][gc,director    ] Select Minor GC Workers (Not Warm), GCWorkers: 5,000
[4,183s][debug  ][gc,director    ] Rule Minor: Allocation Rate (Dynamic GC Workers), MaxAllocRate: 535,1MB/s (+/-28,0%), Free: 14288MB, GCCPUTime: 1,677, GCDuration: 0,340s, TimeUntilOOM: 20,867s, TimeUntilGC: 20,527s, GCWorkers: 5
[4,183s][debug  ][gc,director    ] Select Minor GC Workers (Not Warm), GCWorkers: 5,000
[4,183s][debug  ][gc,director    ] Rule Minor: Allocation Rate (Dynamic GC Workers), MaxAllocRate: 2078,1MB/s (+/-28,0%), Free: 14288MB, GCCPUTime: 1,677, GCDuration: 0,340s, TimeUntilOOM: 5,373s, TimeUntilGC: 5,033s, GCWorkers: 5
[4,183s][debug  ][gc,director    ] Rule Minor: High Usage, Free: 14288MB(93,0%)
[4,185s][debug  ][gc,nmethod     ] Register NMethod: jdk.internal.access.SharedSecrets.getJavaUtilCollectionAccess (0x00007f374fea4d90) [0x00007f374fea4f40, 0x00007f374fea5180] Compiler: c1, Barriers: 2, Oops: 0, ImmediateOops: 3, NonImmediateOops: No
[4,185s][debug  ][gc,nmethod     ] Register NMethod: java.util.ImmutableCollections.listFromTrustedArrayNullsAllowed (0x00007f374fea4610) [0x00007f374fea47e0, 0x00007f374fea4bf0] Compiler: c1, Barriers: 3, Oops: 0, ImmediateOops: 1, NonImmediateOops: No
[4,185s][debug  ][gc,nmethod     ] Register NMethod: java.util.stream.Nodes.flatten (0x00007f374ff18190) [0x00007f374ff183e0, 0x00007f374ff18c28] Compiler: c1, Barriers: 3, Oops: 0, ImmediateOops: 1, NonImmediateOops: No
[4,185s][debug  ][gc,nmethod     ] Register NMethod: java.util.stream.AbstractPipeline.evaluateToArrayNode (0x00007f374ff17710) [0x00007f374ff17940, 0x00007f374ff17f80] Compiler: c1, Barriers: 3, Oops: 0, ImmediateOops: 1, NonImmediateOops: No
[4,186s][debug  ][gc,nmethod     ] Register NMethod: io.sirix.page.KeyValueLeafPage.addReferences (0x00007f374ff16790) [0x00007f374ff169e0, 0x00007f374ff17478] Compiler: c1, Barriers: 10, Oops: 1, ImmediateOops: 0, NonImmediateOops: No
[4,186s][debug  ][gc,nmethod     ] Register NMethod: io.sirix.node.NodeKind$27.serialize (0x00007f376f34a010) [0x00007f376f34a280, 0x00007f376f34aa88] Compiler: c2, Barriers: 11, Oops: 1, ImmediateOops: 0, NonImmediateOops: No
[4,186s][debug  ][gc,nmethod     ] Register NMethod: net.openhft.chronicle.core.io.VanillaReferenceCounted.callOnRelease (0x00007f374fecc710) [0x00007f374fecca20, 0x00007f374fecd9c0] Compiler: c1, Barriers: 11, Oops: 3, ImmediateOops: 5, NonImmediateOops: No
[4,186s][debug  ][gc,nmethod     ] Register NMethod: java.security.MessageDigest.update (0x00007f374ff15f10) [0x00007f374ff16100, 0x00007f374ff165d8] Compiler: c1, Barriers: 1, Oops: 0, ImmediateOops: 2, NonImmediateOops: No
[4,186s][debug  ][gc,nmethod     ] Register NMethod: com.google.common.base.Preconditions.checkArgument (0x00007f374fecbc10) [0x00007f374fecbe20, 0x00007f374fecc4d0] Compiler: c1, Barriers: 4, Oops: 1, ImmediateOops: 1, NonImmediateOops: No
[4,187s][debug  ][gc,nmethod     ] Register NMethod: com.google.common.hash.MessageDigestHashFunction.newHasher (0x00007f374feca690) [0x00007f374feca940, 0x00007f374fecb670] Compiler: c1, Barriers: 15, Oops: 1, ImmediateOops: 2, NonImmediateOops: No
[4,187s][debug  ][gc,nmethod     ] Register NMethod: io.sirix.io.bytepipe.ByteHandlerPipeline.serialize (0x00007f374fe09110) [0x00007f374fe09300, 0x00007f374fe098e0] Compiler: c1, Barriers: 1, Oops: 1, ImmediateOops: 0, NonImmediateOops: No
[4,187s][debug  ][gc,nmethod     ] Register NMethod: net.openhft.chronicle.bytes.internal.HeapBytesStore.<init> (0x00007f374ff15610) [0x00007f374ff157e0, 0x00007f374ff15bc8] Compiler: c1, Barriers: 9, Oops: 1, ImmediateOops: 1, NonImmediateOops: No
[4,187s][debug  ][gc,nmethod     ] Register NMethod: net.openhft.chronicle.bytes.BytesStore.bytesForRead (0x00007f374fe08090) [0x00007f374fe082e0, 0x00007f374fe08ce0] Compiler: c1, Barriers: 0, Oops: 1, ImmediateOops: 0, NonImmediateOops: No
[4,187s][debug  ][gc,nmethod     ] Register NMethod: com.google.common.hash.MessageDigestHashFunction$MessageDigestHasher.hash (0x00007f374fe05a90) [0x00007f374fe05e00, 0x00007f374fe076f0] Compiler: c1, Barriers: 13, Oops: 2, ImmediateOops: 2, NonImmediateOops: No
[4,187s][debug  ][gc,nmethod     ] Register NMethod: java.io.FilterOutputStream.close (0x00007f374fe35d10) [0x00007f374fe35f40, 0x00007f374fe367b8] Compiler: c1, Barriers: 4, Oops: 0, ImmediateOops: 0, NonImmediateOops: No
[4,187s][debug  ][gc,nmethod     ] Register NMethod: sun.security.provider.DigestBase.implCompressMultiBlock0 (0x00007f376f34b310) [0x00007f376f34b4a0, 0x00007f376f34b6e0] Compiler: c2, Barriers: 1, Oops: 1, ImmediateOops: 0, NonImmediateOops: No
[4,188s][debug  ][gc,nmethod     ] Register NMethod: io.sirix.node.xml.AbstractStructForwardingNode.getChildCount (0x00007f376f34b890) [0x00007f376f34ba20, 0x00007f376f34bb10] Compiler: c2, Barriers: 1, Oops: 1, ImmediateOops: 0, NonImmediateOops: No
[4,188s][debug  ][gc,nmethod     ] Register NMethod: java.nio.DirectByteBuffer$Deallocator.<init> (0x00007f374fea4190) [0x00007f374fea4340, 0x00007f374fea4520] Compiler: c1, Barriers: 0, Oops: 0, ImmediateOops: 0, NonImmediateOops: No
[4,190s][debug  ][gc,nmethod     ] Register NMethod: net.openhft.chronicle.bytes.AbstractBytes.read (0x00007f376f34bc10) [0x00007f376f34be20, 0x00007f376f34c1f0] Compiler: c2, Barriers: 2, Oops: 1, ImmediateOops: 0, NonImmediateOops: No
[4,190s][debug  ][gc,nmethod     ] Register NMethod: java.nio.Bits.tryReserveMemory (0x00007f374fe35690) [0x00007f374fe35880, 0x00007f374fe35ba8] Compiler: c1, Barriers: 0, Oops: 0, ImmediateOops: 5, NonImmediateOops: No
[4,191s][debug  ][gc,nmethod     ] Register NMethod: jdk.internal.misc.Unsafe.setMemory (0x00007f374feca090) [0x00007f374feca240, 0x00007f374feca398] Compiler: c1, Barriers: 0, Oops: 0, ImmediateOops: 0, NonImmediateOops: No
[4,191s][debug  ][gc,nmethod     ] Register NMethod: sun.security.provider.DigestBase.engineUpdate (0x00007f374fe34610) [0x00007f374fe34880, 0x00007f374fe35368] Compiler: c1, Barriers: 4, Oops: 1, ImmediateOops: 1, NonImmediateOops: No
[4,193s][debug  ][gc,nmethod     ] Register NMethod: net.jpountz.xxhash.XXHashJNI.XXH32_update (0x00007f376f34c590) [0x00007f376f34c720, 0x00007f376f34c900] Compiler: , Barriers: 0, Oops: 1, ImmediateOops: 1, NonImmediateOops: No
[4,193s][debug  ][gc,nmethod     ] Register NMethod: java.util.concurrent.ConcurrentHashMap$CollectionView.<init> (0x00007f374fe34190) [0x00007f374fe34340, 0x00007f374fe34518] Compiler: c1, Barriers: 3, Oops: 0, ImmediateOops: 0, NonImmediateOops: No
[4,193s][debug  ][gc,nmethod     ] Register NMethod: net.jpountz.xxhash.XXHashJNI.XXH32_digest (0x00007f376f34c990) [0x00007f376f34cb20, 0x00007f376f34ccf8] Compiler: , Barriers: 0, Oops: 1, ImmediateOops: 1, NonImmediateOops: No
[4,193s][debug  ][gc,nmethod     ] Register NMethod: net.jpountz.xxhash.XXHashJNI.XXH32_free (0x00007f376f34cd10) [0x00007f376f34cea0, 0x00007f376f34d060] Compiler: , Barriers: 0, Oops: 1, ImmediateOops: 1, NonImmediateOops: No
[4,193s][debug  ][gc,director    ] Rule Major: Warmup 20%, Used: 1050MB, UsedThreshold: 3072MB
[4,193s][debug  ][gc,director    ] Select Minor GC Workers (Not Warm), GCWorkers: 5,000
[4,193s][debug  ][gc,director    ] Rule Minor: Allocation Rate (Dynamic GC Workers), MaxAllocRate: 535,1MB/s (+/-28,0%), Free: 14268MB, GCCPUTime: 1,677, GCDuration: 0,340s, TimeUntilOOM: 20,838s, TimeUntilGC: 20,498s, GCWorkers: 5
[4,193s][debug  ][gc,director    ] Select Minor GC Workers (Not Warm), GCWorkers: 5,000
[4,193s][debug  ][gc,director    ] Rule Minor: Allocation Rate (Dynamic GC Workers), MaxAllocRate: 2078,1MB/s (+/-28,0%), Free: 14268MB, GCCPUTime: 1,677, GCDuration: 0,340s, TimeUntilOOM: 5,365s, TimeUntilGC: 5,025s, GCWorkers: 5
[4,193s][debug  ][gc,director    ] Rule Minor: High Usage, Free: 14268MB(92,9%)
[4,193s][debug  ][gc,nmethod     ] Register NMethod: net.jpountz.xxhash.StreamingXXHash32.asChecksum (0x00007f374fe33c10) [0x00007f374fe33dc0, 0x00007f374fe34048] Compiler: c1, Barriers: 3, Oops: 1, ImmediateOops: 0, NonImmediateOops: No
[4,194s][debug  ][gc,nmethod     ] Register NMethod: net.jpountz.xxhash.StreamingXXHash32JNI.update (0x00007f374fe33510) [0x00007f374fe336e0, 0x00007f374fe33a70] Compiler: c1, Barriers: 0, Oops: 1, ImmediateOops: 1, NonImmediateOops: No
[4,194s][debug  ][gc,nmethod     ] Register NMethod: net.jpountz.xxhash.XXHashFactory.nativeInstance (0x00007f374fe32c90) [0x00007f374fe32e80, 0x00007f374fe33380] Compiler: c1, Barriers: 5, Oops: 2, ImmediateOops: 5, NonImmediateOops: No
[4,194s][debug  ][gc,nmethod     ] Register NMethod: net.jpountz.xxhash.StreamingXXHash32$1.<init> (0x00007f374fe32810) [0x00007f374fe329c0, 0x00007f374fe32b98] Compiler: c1, Barriers: 3, Oops: 1, ImmediateOops: 0, NonImmediateOops: No
[4,194s][debug  ][gc,nmethod     ] Register NMethod: net.jpountz.xxhash.StreamingXXHash32$1.reset (0x00007f374ff0c490) [0x00007f374ff0c680, 0x00007f374ff0cb08] Compiler: c1, Barriers: 1, Oops: 1, ImmediateOops: 1, NonImmediateOops: No
[4,194s][debug  ][gc,nmethod     ] Register NMethod: net.jpountz.xxhash.XXHashFactory.fastestInstance (0x00007f374fe59a90) [0x00007f374fe59fa0, 0x00007f374fe5c6b8] Compiler: c1, Barriers: 35, Oops: 6, ImmediateOops: 38, NonImmediateOops: No
[4,194s][debug  ][gc,nmethod     ] Register NMethod: net.jpountz.lz4.LZ4Factory.nativeInstance (0x00007f374fe59210) [0x00007f374fe59400, 0x00007f374fe59900] Compiler: c1, Barriers: 5, Oops: 2, ImmediateOops: 5, NonImmediateOops: No
[4,195s][debug  ][gc,nmethod     ] Register NMethod: net.jpountz.xxhash.StreamingXXHash32JNI.getValue (0x00007f374ff0be10) [0x00007f374ff0bfe0, 0x00007f374ff0c360] Compiler: c1, Barriers: 0, Oops: 1, ImmediateOops: 1, NonImmediateOops: No
[4,195s][debug  ][gc,nmethod     ] Register NMethod: net.jpountz.xxhash.StreamingXXHash32JNI.reset (0x00007f374ff0b710) [0x00007f374ff0b8e0, 0x00007f374ff0bca0] Compiler: c1, Barriers: 0, Oops: 1, ImmediateOops: 1, NonImmediateOops: No
[4,195s][debug  ][gc,nmethod     ] Register NMethod: net.jpountz.xxhash.StreamingXXHash32$1.getValue (0x00007f374ff0ae90) [0x00007f374ff0b080, 0x00007f374ff0b4d8] Compiler: c1, Barriers: 1, Oops: 1, ImmediateOops: 1, NonImmediateOops: No
[4,195s][debug  ][gc,nmethod     ] Register NMethod: io.sirix.node.NodeKind.serializeValDelegate (0x00007f376f34d090) [0x00007f376f34d320, 0x00007f376f34dec0] Compiler: c2, Barriers: 12, Oops: 2, ImmediateOops: 0, NonImmediateOops: No
[4,195s][debug  ][gc,nmethod     ] Register NMethod: net.jpountz.xxhash.StreamingXXHash32$1.update (0x00007f374ff0aa90) [0x00007f374ff0ac40, 0x00007f374ff0adc8] Compiler: c1, Barriers: 1, Oops: 1, ImmediateOops: 0, NonImmediateOops: No
[4,195s][debug  ][gc,nmethod     ] Register NMethod: io.sirix.access.trx.page.NodePageTrx.lambda$parallelSerializationOfKeyValuePages$0 (0x00007f374ff0a690) [0x00007f374ff0a820, 0x00007f374ff0a9e8] Compiler: c1, Barriers: 0, Oops: 1, ImmediateOops: 0, NonImmediateOops: No
[4,195s][debug  ][gc,nmethod     ] Register NMethod: io.sirix.access.trx.page.NodePageTrx$$Lambda/0x000000008033bae8.apply (0x00007f374ff0a190) [0x00007f374ff0a340, 0x00007f374ff0a570] Compiler: c1, Barriers: 1, Oops: 1, ImmediateOops: 0, NonImmediateOops: No
[4,195s][debug  ][gc,nmethod     ] Register NMethod: io.sirix.access.trx.page.NodePageTrx$$Lambda/0x000000008033bd20.test (0x00007f374ff09b90) [0x00007f374ff09d40, 0x00007f374ff0a078] Compiler: c1, Barriers: 0, Oops: 1, ImmediateOops: 0, NonImmediateOops: No
[4,195s][debug  ][gc,nmethod     ] Register NMethod: java.security.MessageDigestSpi.<init> (0x00007f374fe2a110) [0x00007f374fe2a2a0, 0x00007f374fe2a400] Compiler: c1, Barriers: 0, Oops: 0, ImmediateOops: 0, NonImmediateOops: No
[4,195s][debug  ][gc,nmethod     ] Register NMethod: net.openhft.chronicle.bytes.BytesStore.bytesForWrite (0x00007f374ff09390) [0x00007f374ff09580, 0x00007f374ff099b0] Compiler: c1, Barriers: 0, Oops: 1, ImmediateOops: 0, NonImmediateOops: No
[4,195s][debug  ][gc,nmethod     ] Register NMethod: net.openhft.chronicle.bytes.internal.NativeBytesStore.elasticByteBuffer (0x00007f374ff08a10) [0x00007f374ff08c00, 0x00007f374ff09008] Compiler: c1, Barriers: 0, Oops: 1, ImmediateOops: 1, NonImmediateOops: No
[4,195s][debug  ][gc,nmethod     ] Register NMethod: net.openhft.chronicle.bytes.BytesStore.elasticByteBuffer (0x00007f374fe58e90) [0x00007f374fe59040, 0x00007f374fe59158] Compiler: c1, Barriers: 0, Oops: 1, ImmediateOops: 0, NonImmediateOops: No
[4,197s][debug  ][gc,nmethod     ] Register NMethod: net.jpountz.lz4.LZ4Factory.fastestInstance (0x00007f374ff2ea10) [0x00007f374ff2ef20, 0x00007f374ff31638] Compiler: c1, Barriers: 35, Oops: 6, ImmediateOops: 38, NonImmediateOops: No
[4,197s][debug  ][gc,nmethod     ] Register NMethod: sun.security.provider.DigestBase.implCompressMultiBlock0 (0x00007f376f34e910) [0x00007f376f34eaa0, 0x00007f376f34ec58] Compiler: c2, Barriers: 1, Oops: 1, ImmediateOops: 0, NonImmediateOops: No
[4,197s][debug  ][gc,nmethod     ] Register NMethod: java.security.MessageDigest.<init> (0x00007f374ff2e490) [0x00007f374ff2e640, 0x00007f374ff2e8f0] Compiler: c1, Barriers: 6, Oops: 0, ImmediateOops: 0, NonImmediateOops: No
[4,197s][debug  ][gc,nmethod     ] Register NMethod: io.sirix.access.trx.page.NodePageTrx.lambda$parallelSerializationOfKeyValuePages$1 (0x00007f374ff2e010) [0x00007f374ff2e1c0, 0x00007f374ff2e3b8] Compiler: c1, Barriers: 0, Oops: 1, ImmediateOops: 2, NonImmediateOops: No
[4,198s][debug  ][gc,nmethod     ] Register NMethod: net.openhft.chronicle.bytes.Bytes.elasticByteBuffer (0x00007f374fafff10) [0x00007f374fb000c0, 0x00007f374fb001e0] Compiler: c1, Barriers: 0, Oops: 1, ImmediateOops: 0, NonImmediateOops: No
[4,198s][debug  ][gc,nmethod     ] Register NMethod: net.openhft.chronicle.bytes.Bytes.elasticByteBuffer (0x00007f374faff090) [0x00007f374faff2e0, 0x00007f374faffb08] Compiler: c1, Barriers: 2, Oops: 2, ImmediateOops: 2, NonImmediateOops: No
[4,198s][debug  ][gc,nmethod     ] Register NMethod: sun.security.provider.DigestBase.engineDigest (0x00007f374fafdd10) [0x00007f374fafdfe0, 0x00007f374fafec40] Compiler: c1, Barriers: 2, Oops: 3, ImmediateOops: 4, NonImmediateOops: No
[4,198s][debug  ][gc,nmethod     ] Register NMethod: java.util.concurrent.CopyOnWriteArrayList.clear (0x00007f374fafd710) [0x00007f374fafd8c0, 0x00007f374fafdc18] Compiler: c1, Barriers: 4, Oops: 0, ImmediateOops: 0, NonImmediateOops: No
[4,198s][debug  ][gc,nmethod     ] Register NMethod: net.openhft.chronicle.bytes.NativeBytes.checkResize (0x00007f374fafd210) [0x00007f374fafd3c0, 0x00007f374fafd5e8] Compiler: c1, Barriers: 0, Oops: 1, ImmediateOops: 0, NonImmediateOops: No
[4,198s][debug  ][gc,nmethod     ] Register NMethod: net.openhft.chronicle.bytes.internal.AbstractBytesStore.readRemaining (0x00007f374fafcc10) [0x00007f374fafcdc0, 0x00007f374fafd120] Compiler: c1, Barriers: 0, Oops: 1, ImmediateOops: 0, NonImmediateOops: No
[4,198s][debug  ][gc,nmethod     ] Register NMethod: net.openhft.chronicle.bytes.internal.AbstractBytesStore.writeRemaining (0x00007f374fafc510) [0x00007f374fafc6c0, 0x00007f374fafcaf0] Compiler: c1, Barriers: 0, Oops: 1, ImmediateOops: 0, NonImmediateOops: No
[4,198s][debug  ][gc,nmethod     ] Rebuilding NMethod Table: 4096->8192 entries, 2868(70%->35%) registered, 0(0%->0%) unregistered
[4,200s][debug  ][gc,nmethod     ] Register NMethod: net.openhft.chronicle.core.io.AbstractReferenceCounted.reserveTransfer (0x00007f374fafb910) [0x00007f374fafbb20, 0x00007f374fafc240] Compiler: c1, Barriers: 2, Oops: 3, ImmediateOops: 3, NonImmediateOops: No
[4,200s][debug  ][gc,nmethod     ] Register NMethod: net.openhft.chronicle.core.io.VanillaReferenceCounted.reserveTransfer (0x00007f374fe7da10) [0x00007f374fe7dc00, 0x00007f374fe7e190] Compiler: c1, Barriers: 1, Oops: 3, ImmediateOops: 3, NonImmediateOops: No
[4,200s][debug  ][gc,nmethod     ] Register NMethod: io.sirix.access.trx.page.NodePageTrx$$Lambda/0x000000008033bf68.accept (0x00007f374fafb410) [0x00007f374fafb5c0, 0x00007f374fafb830] Compiler: c1, Barriers: 1, Oops: 1, ImmediateOops: 0, NonImmediateOops: No
[4,200s][debug  ][gc,nmethod     ] Register NMethod: net.jpountz.lz4.LZ4Compressor.maxCompressedLength (0x00007f374fe7d690) [0x00007f374fe7d840, 0x00007f374fe7d978] Compiler: c1, Barriers: 0, Oops: 1, ImmediateOops: 0, NonImmediateOops: No
[4,200s][debug  ][gc,nmethod     ] Register NMethod: java.security.MessageDigest$Delegate$CloneableDelegate.<init> (0x00007f374fe7cf90) [0x00007f374fe7d160, 0x00007f374fe7d548] Compiler: c1, Barriers: 9, Oops: 0, ImmediateOops: 0, NonImmediateOops: No
[4,201s][debug  ][gc,nmethod     ] Register NMethod: sun.security.provider.DigestBase.engineDigest (0x00007f374fe7ca10) [0x00007f374fe7cbe0, 0x00007f374fe7ce80] Compiler: c1, Barriers: 0, Oops: 0, ImmediateOops: 1, NonImmediateOops: No
[4,202s][debug  ][gc,nmethod     ] Register NMethod: java.security.MessageDigest$Delegate.<init> (0x00007f374fe7c390) [0x00007f374fe7c560, 0x00007f374fe7c8e0] Compiler: c1, Barriers: 9, Oops: 0, ImmediateOops: 0, NonImmediateOops: No
[4,202s][debug  ][gc,nmethod     ] Register NMethod: net.openhft.chronicle.core.Jvm.address (0x00007f374fe7bd10) [0x00007f374fe7bee0, 0x00007f374fe7c278] Compiler: c1, Barriers: 1, Oops: 1, ImmediateOops: 0, NonImmediateOops: No
[4,202s][debug  ][gc,nmethod     ] Register NMethod: java.util.ArrayList.sort (0x00007f374fe7b810) [0x00007f374fe7b9e0, 0x00007f374fe7bc30] Compiler: c1, Barriers: 1, Oops: 0, ImmediateOops: 0, NonImmediateOops: No
[4,202s][debug  ][gc,nmethod     ] Register NMethod: io.sirix.access.trx.page.NodePageReadOnlyTrx.getReader (0x00007f374fe7b290) [0x00007f374fe7b440, 0x00007f374fe7b700] Compiler: c1, Barriers: 1, Oops: 1, ImmediateOops: 1, NonImmediateOops: No
[4,202s][debug  ][gc,nmethod     ] Register NMethod: io.sirix.access.trx.page.AbstractForwardingPageReadOnlyTrx.getReader (0x00007f374fe7ab90) [0x00007f374fe7ad60, 0x00007f374fe7b0d8] Compiler: c1, Barriers: 2, Oops: 1, ImmediateOops: 1, NonImmediateOops: No
[4,202s][debug  ][gc,nmethod     ] Register NMethod: sun.security.provider.DigestBase.implCompressMultiBlockCheck (0x00007f374fe7a310) [0x00007f374fe7a500, 0x00007f374fe7a960] Compiler: c1, Barriers: 0, Oops: 1, ImmediateOops: 1, NonImmediateOops: No
[4,202s][debug  ][gc,nmethod     ] Register NMethod: java.util.concurrent.ConcurrentHashMap$EntrySetView.spliterator (0x00007f374fe79c90) [0x00007f374fe79e60, 0x00007f374fe7a198] Compiler: c1, Barriers: 2, Oops: 0, ImmediateOops: 0, NonImmediateOops: No
[4,202s][debug  ][gc,nmethod     ] Register NMethod: io.sirix.access.trx.page.AbstractForwardingPageReadOnlyTrx.getResourceSession (0x00007f376f34ee10) [0x00007f376f34efa0, 0x00007f376f34f0c0] Compiler: c2, Barriers: 2, Oops: 1, ImmediateOops: 0, NonImmediateOops: No
[4,203s][debug  ][gc,nmethod     ] Register NMethod: net.jpountz.lz4.LZ4Compressor.compress (0x00007f374fe79810) [0x00007f374fe799c0, 0x00007f374fe79b88] Compiler: c1, Barriers: 0, Oops: 1, ImmediateOops: 0, NonImmediateOops: No
[4,203s][debug  ][gc,nmethod     ] Register NMethod: net.openhft.chronicle.core.internal.util.DirectBufferUtil.addressOrThrow (0x00007f374fe79190) [0x00007f374fe79360, 0x00007f374fe796a0] Compiler: c1, Barriers: 1, Oops: 1, ImmediateOops: 0, NonImmediateOops: No
[4,203s][debug  ][gc,nmethod     ] Register NMethod: java.nio.DirectByteBuffer.address (0x00007f374ff21c90) [0x00007f374ff21ea0, 0x00007f374ff22580] Compiler: c1, Barriers: 1, Oops: 0, ImmediateOops: 1, NonImmediateOops: No
[4,204s][debug  ][gc,director    ] Rule Major: Warmup 20%, Used: 1064MB, UsedThreshold: 3072MB
[4,204s][debug  ][gc,director    ] Select Minor GC Workers (Not Warm), GCWorkers: 5,000
[4,204s][debug  ][gc,director    ] Rule Minor: Allocation Rate (Dynamic GC Workers), MaxAllocRate: 535,1MB/s (+/-28,0%), Free: 14254MB, GCCPUTime: 1,677, GCDuration: 0,340s, TimeUntilOOM: 20,818s, TimeUntilGC: 20,477s, GCWorkers: 5
[4,204s][debug  ][gc,director    ] Select Minor GC Workers (Not Warm), GCWorkers: 5,000
[4,204s][debug  ][gc,director    ] Rule Minor: Allocation Rate (Dynamic GC Workers), MaxAllocRate: 2078,1MB/s (+/-28,0%), Free: 14254MB, GCCPUTime: 1,677, GCDuration: 0,340s, TimeUntilOOM: 5,360s, TimeUntilGC: 5,020s, GCWorkers: 5
[4,204s][debug  ][gc,director    ] Rule Minor: High Usage, Free: 14254MB(92,8%)
[4,204s][debug  ][gc,nmethod     ] Register NMethod: net.openhft.chronicle.bytes.internal.NativeBytesStore.init (0x00007f374ff21290) [0x00007f374ff214a0, 0x00007f374ff21a50] Compiler: c1, Barriers: 4, Oops: 1, ImmediateOops: 1, NonImmediateOops: No
[4,204s][debug  ][gc,nmethod     ] Register NMethod: net.openhft.chronicle.bytes.NativeBytes.resize (0x00007f374fb47f10) [0x00007f374fb48540, 0x00007f374fb4b4a8] Compiler: c1, Barriers: 7, Oops: 11, ImmediateOops: 12, NonImmediateOops: No
[4,204s][debug  ][gc,nmethod     ] Register NMethod: net.openhft.chronicle.bytes.internal.NativeBytesStore.setAddress (0x00007f374fb47310) [0x00007f374fb47540, 0x00007f374fb47bd8] Compiler: c1, Barriers: 0, Oops: 2, ImmediateOops: 1, NonImmediateOops: No
[4,204s][debug  ][gc,nmethod     ] Register NMethod: java.io.OutputStream.flush (0x00007f376f34f190) [0x00007f376f34f300, 0x00007f376f34f378] Compiler: c2, Barriers: 0, Oops: 0, ImmediateOops: 0, NonImmediateOops: No
[4,204s][debug  ][gc,nmethod     ] Register NMethod: io.sirix.node.json.ArrayNode.getKind (0x00007f376f34f490) [0x00007f376f34f600, 0x00007f376f34f680] Compiler: c2, Barriers: 0, Oops: 1, ImmediateOops: 1, NonImmediateOops: No
[4,205s][debug  ][gc,nmethod     ] Register NMethod: java.util.stream.AbstractPipeline.evaluate (0x00007f374ff20490) [0x00007f374ff206e0, 0x00007f374ff20fb8] Compiler: c1, Barriers: 1, Oops: 0, ImmediateOops: 0, NonImmediateOops: No
[4,209s][debug  ][gc,nmethod     ] Register NMethod: java.security.MessageDigest$Delegate.clone (0x00007f374ff1f710) [0x00007f374ff1f940, 0x00007f374ff20260] Compiler: c1, Barriers: 12, Oops: 0, ImmediateOops: 0, NonImmediateOops: No
[4,209s][debug  ][gc,nmethod     ] Register NMethod: net.openhft.chronicle.bytes.AbstractBytes.readLimit (0x00007f374fb46990) [0x00007f374fb46b80, 0x00007f374fb47170] Compiler: c1, Barriers: 1, Oops: 1, ImmediateOops: 0, NonImmediateOops: No
[4,209s][debug  ][gc,nmethod     ] Register NMethod: net.openhft.chronicle.bytes.AbstractBytes.writeLimit (0x00007f374ff1ee10) [0x00007f374ff1f000, 0x00007f374ff1f508] Compiler: c1, Barriers: 1, Oops: 1, ImmediateOops: 0, NonImmediateOops: No
[4,211s][debug  ][gc,nmethod     ] Register NMethod: io.sirix.node.NodeKind$20.serialize (0x00007f376f34f790) [0x00007f376f34fb00, 0x00007f376f350e88] Compiler: c2, Barriers: 28, Oops: 2, ImmediateOops: 2, NonImmediateOops: No
[4,212s][debug  ][gc,nmethod     ] Register NMethod: net.openhft.chronicle.core.Maths.toInt32 (0x00007f374ff1e290) [0x00007f374ff1e4c0, 0x00007f374ff1eb30] Compiler: c1, Barriers: 0, Oops: 3, ImmediateOops: 2, NonImmediateOops: No
[4,212s][debug  ][gc,nmethod     ] Register NMethod: java.util.stream.AbstractSpinedBuffer.<init> (0x00007f374ff1df10) [0x00007f374ff1e0a0, 0x00007f374ff1e208] Compiler: c1, Barriers: 0, Oops: 0, ImmediateOops: 0, NonImmediateOops: No
[4,212s][debug  ][gc,nmethod     ] Register NMethod: net.openhft.chronicle.core.io.AbstractReferenceCounted.inThreadPerformRelease (0x00007f374ff1d810) [0x00007f374ff1d9e0, 0x00007f374ff1ddd8] Compiler: c1, Barriers: 1, Oops: 2, ImmediateOops: 2, NonImmediateOops: No
[4,212s][debug  ][gc,nmethod     ] Register NMethod: io.sirix.access.trx.page.NodePageTrx.getRevisionNumber (0x00007f374fa5c990) [0x00007f374fa5cb60, 0x00007f374fa5ce70] Compiler: c1, Barriers: 2, Oops: 1, ImmediateOops: 1, NonImmediateOops: No
[4,212s][debug  ][gc,nmethod     ] Register NMethod: net.openhft.chronicle.core.io.AbstractReferenceCounted$$Lambda/0x0000000080302c48.run (0x00007f374fa5c090) [0x00007f374fa5c280, 0x00007f374fa5c790] Compiler: c1, Barriers: 2, Oops: 2, ImmediateOops: 2, NonImmediateOops: No
[4,213s][debug  ][gc,nmethod     ] Register NMethod: java.util.stream.SpinedBuffer.<init> (0x00007f374fa5bb10) [0x00007f374fa5bcc0, 0x00007f374fa5bf90] Compiler: c1, Barriers: 3, Oops: 0, ImmediateOops: 0, NonImmediateOops: No
[4,213s][debug  ][gc,nmethod     ] Register NMethod: sun.security.provider.DigestBase.clone (0x00007f374fa5b310) [0x00007f374fa5b500, 0x00007f374fa5b9e0] Compiler: c1, Barriers: 7, Oops: 0, ImmediateOops: 0, NonImmediateOops: No
[4,213s][debug  ][gc,nmethod     ] Register NMethod: net.openhft.chronicle.bytes.NativeBytes.allocate (0x00007f374fa5a410) [0x00007f374fa5a680, 0x00007f374fa5afe0] Compiler: c1, Barriers: 1, Oops: 1, ImmediateOops: 0, NonImmediateOops: No
[4,213s][debug  ][gc,nmethod     ] Register NMethod: net.jpountz.lz4.LZ4JNI.LZ4_compress_limitedOutput (0x00007f376f351d10) [0x00007f376f351ea0, 0x00007f376f3520f0] Compiler: , Barriers: 0, Oops: 1, ImmediateOops: 1, NonImmediateOops: No
[4,213s][debug  ][gc,nmethod     ] Register NMethod: java.util.concurrent.ConcurrentHashMap.entrySet (0x00007f374fa59d10) [0x00007f374fa59ee0, 0x00007f374fa5a2c8] Compiler: c1, Barriers: 7, Oops: 0, ImmediateOops: 0, NonImmediateOops: No
[4,213s][debug  ][gc,nmethod     ] Register NMethod: java.util.stream.SpinedBuffer.clear (0x00007f374fa59090) [0x00007f374fa592a0, 0x00007f374fa59ae8] Compiler: c1, Barriers: 19, Oops: 0, ImmediateOops: 0, NonImmediateOops: No
[4,213s][debug  ][gc,nmethod     ] Register NMethod: java.util.concurrent.ConcurrentHashMap$EntrySetView.<init> (0x00007f374fa58b90) [0x00007f374fa58d40, 0x00007f374fa58f78] Compiler: c1, Barriers: 3, Oops: 0, ImmediateOops: 0, NonImmediateOops: No
[4,213s][debug  ][gc,nmethod     ] Register NMethod: net.openhft.chronicle.bytes.internal.HeapBytesStore.performRelease (0x00007f374ff1d390) [0x00007f374ff1d520, 0x00007f374ff1d6a0] Compiler: c1, Barriers: 3, Oops: 1, ImmediateOops: 0, NonImmediateOops: No
[4,213s][debug  ][gc,nmethod     ] Register NMethod: io.sirix.io.bytepipe.LZ4Compressor.serialize (0x00007f374fa58510) [0x00007f374fa586e0, 0x00007f374fa589e0] Compiler: c1, Barriers: 1, Oops: 1, ImmediateOops: 0, NonImmediateOops: No
[4,213s][debug  ][gc,reloc       ] Synchronize all workers 1 _nworkers: 0 _nsynchronized: 0
[4,213s][debug  ][gc,reloc       ] Synchronize all workers 1 _nworkers: 0 _nsynchronized: 0
[4,214s][debug  ][gc,director    ] Rule Major: Warmup 20%, Used: 1084MB, UsedThreshold: 3072MB
[4,214s][debug  ][gc,director    ] Select Minor GC Workers (Not Warm), GCWorkers: 5,000
[4,214s][debug  ][gc,director    ] Rule Minor: Allocation Rate (Dynamic GC Workers), MaxAllocRate: 535,1MB/s (+/-28,0%), Free: 14234MB, GCCPUTime: 1,677, GCDuration: 0,340s, TimeUntilOOM: 20,789s, TimeUntilGC: 20,448s, GCWorkers: 5
[4,214s][debug  ][gc,director    ] Select Minor GC Workers (Not Warm), GCWorkers: 5,000
[4,214s][debug  ][gc,reloc       ] Desynchronize all workers _nworkers: 0 _nsynchronized: 0
[4,214s][debug  ][gc,reloc       ] Desynchronize all workers _nworkers: 0 _nsynchronized: 0
[4,214s][debug  ][gc,nmethod     ] Register NMethod: sun.security.provider.SHA2.implDigest (0x00007f374fa56a10) [0x00007f374fa56d40, 0x00007f374fa57ed0] Compiler: c1, Barriers: 4, Oops: 5, ImmediateOops: 18, NonImmediateOops: No
[4,214s][debug  ][gc,director    ] Rule Minor: Allocation Rate (Dynamic GC Workers), MaxAllocRate: 2078,1MB/s (+/-28,0%), Free: 14234MB, GCCPUTime: 1,677, GCDuration: 0,340s, TimeUntilOOM: 5,353s, TimeUntilGC: 5,012s, GCWorkers: 5
[4,214s][debug  ][gc,director    ] Rule Minor: High Usage, Free: 14234MB(92,7%)
[4,214s][debug  ][gc,nmethod     ] Register NMethod: java.util.stream.SpinedBuffer.ensureCapacity (0x00007f374fc5fe10) [0x00007f374fc600a0, 0x00007f374fc61128] Compiler: c1, Barriers: 26, Oops: 0, ImmediateOops: 0, NonImmediateOops: No
[4,215s][debug  ][gc,nmethod     ] Register NMethod: net.openhft.chronicle.bytes.AbstractBytes.readPosition (0x00007f374fc5d010) [0x00007f374fc5d440, 0x00007f374fc5f488] Compiler: c1, Barriers: 28, Oops: 3, ImmediateOops: 4, NonImmediateOops: No
[4,215s][debug  ][gc,nmethod     ] Register NMethod: java.util.stream.Nodes$SpinedNodeBuilder.copyInto (0x00007f374fa56510) [0x00007f374fa566c0, 0x00007f374fa56808] Compiler: c1, Barriers: 0, Oops: 0, ImmediateOops: 0, NonImmediateOops: No
[4,215s][debug  ][gc,nmethod     ] Register NMethod: java.util.stream.SpinedBuffer.copyInto (0x00007f374fc5bf90) [0x00007f374fc5c1e0, 0x00007f374fc5cce8] Compiler: c1, Barriers: 7, Oops: 0, ImmediateOops: 1, NonImmediateOops: No
[4,215s][debug  ][gc,nmethod     ] Register NMethod: io.sirix.node.NodeKind.serializeJsonObjectOrArrayStructDelegate (0x00007f376f352110) [0x00007f376f352360, 0x00007f376f3529f0] Compiler: c2, Barriers: 12, Oops: 2, ImmediateOops: 1, NonImmediateOops: No
[4,215s][debug  ][gc,nmethod     ] Register NMethod: net.jpountz.lz4.LZ4BlockOutputStream.<init> (0x00007f374fc94a90) [0x00007f374fc95000, 0x00007f374fc97c90] Compiler: c1, Barriers: 39, Oops: 6, ImmediateOops: 38, NonImmediateOops: No
[4,215s][debug  ][gc,nmethod     ] Register NMethod: java.util.stream.SortedOps$RefSortingSink.begin (0x00007f374fc5b610) [0x00007f374fc5b800, 0x00007f374fc5bde0] Compiler: c1, Barriers: 6, Oops: 0, ImmediateOops: 2, NonImmediateOops: No
[4,215s][debug  ][gc,nmethod     ] Register NMethod: java.util.stream.Nodes$SpinedNodeBuilder.begin (0x00007f374fc5b190) [0x00007f374fc5b340, 0x00007f374fc5b550] Compiler: c1, Barriers: 0, Oops: 0, ImmediateOops: 0, NonImmediateOops: No
[4,215s][debug  ][gc,nmethod     ] Register NMethod: java.util.stream.ReferencePipeline$$Lambda/0x00000000801ef658.apply (0x00007f374fc5ad10) [0x00007f374fc5aea0, 0x00007f374fc5b088] Compiler: c1, Barriers: 0, Oops: 0, ImmediateOops: 0, NonImmediateOops: No
[4,215s][debug  ][gc,nmethod     ] Register NMethod: java.util.stream.Nodes.builder (0x00007f374fc94090) [0x00007f374fc94280, 0x00007f374fc94888] Compiler: c1, Barriers: 3, Oops: 0, ImmediateOops: 0, NonImmediateOops: No
[4,215s][debug  ][gc,nmethod     ] Register NMethod: java.util.stream.Nodes$SpinedNodeBuilder.<init> (0x00007f374fc5a490) [0x00007f374fc5a640, 0x00007f374fc5a970] Compiler: c1, Barriers: 3, Oops: 0, ImmediateOops: 0, NonImmediateOops: No
[4,215s][debug  ][gc,nmethod     ] Register NMethod: io.sirix.node.xml.AbstractStructForwardingNode.getLastChildKey (0x00007f376f352f90) [0x00007f376f353120, 0x00007f376f353210] Compiler: c2, Barriers: 1, Oops: 1, ImmediateOops: 0, NonImmediateOops: No
[4,216s][debug  ][gc,nmethod     ] Register NMethod: io.sirix.node.json.StringNode.getKind (0x00007f376f353310) [0x00007f376f353480, 0x00007f376f353500] Compiler: c2, Barriers: 0, Oops: 1, ImmediateOops: 1, NonImmediateOops: No
[4,216s][debug  ][gc,nmethod     ] Register NMethod: net.jpountz.lz4.LZ4BlockOutputStream.<init> (0x00007f374fc93310) [0x00007f374fc93540, 0x00007f374fc93db0] Compiler: c1, Barriers: 18, Oops: 1, ImmediateOops: 1, NonImmediateOops: No
[4,216s][debug  ][gc,nmethod     ] Register NMethod: sun.security.provider.SHA2.clone (0x00007f374fc92610) [0x00007f374fc92840, 0x00007f374fc93120] Compiler: c1, Barriers: 14, Oops: 0, ImmediateOops: 0, NonImmediateOops: No
[4,216s][debug  ][gc,nmethod     ] Register NMethod: net.jpountz.lz4.LZ4BlockOutputStream.finish (0x00007f374fc91b10) [0x00007f374fc91d40, 0x00007f374fc923b8] Compiler: c1, Barriers: 6, Oops: 1, ImmediateOops: 1, NonImmediateOops: No
[4,217s][debug  ][gc,nmethod     ] Register NMethod: net.jpountz.lz4.LZ4BlockOutputStream.write (0x00007f374fe9b590) [0x00007f374fe9b800, 0x00007f374fe9c340] Compiler: c1, Barriers: 2, Oops: 1, ImmediateOops: 2, NonImmediateOops: No
[4,217s][debug  ][gc,nmethod     ] Register NMethod: java.util.stream.ReferencePipeline.lambda$toArray$0 (0x00007f374fc91790) [0x00007f374fc91920, 0x00007f374fc91a90] Compiler: c1, Barriers: 0, Oops: 0, ImmediateOops: 0, NonImmediateOops: No
[4,217s][debug  ][gc,nmethod     ] Register NMethod: java.util.stream.Nodes.builder (0x00007f374fe9ae90) [0x00007f374fe9b060, 0x00007f374fe9b438] Compiler: c1, Barriers: 3, Oops: 0, ImmediateOops: 0, NonImmediateOops: No
[4,217s][debug  ][gc,nmethod     ] Register NMethod: io.sirix.node.NodeKind$26.serialize (0x00007f376f353610) [0x00007f376f353800, 0x00007f376f353ba0] Compiler: c2, Barriers: 7, Oops: 1, ImmediateOops: 0, NonImmediateOops: No
[4,218s][debug  ][gc,nmethod     ] Register NMethod: io.sirix.node.json.NullNode.getKind (0x00007f376f353f90) [0x00007f376f354100, 0x00007f376f354180] Compiler: c2, Barriers: 0, Oops: 1, ImmediateOops: 1, NonImmediateOops: No
[4,218s][debug  ][gc,nmethod     ] Register NMethod: java.util.stream.SortedOps$RefSortingSink.end (0x00007f374fe99390) [0x00007f374fe996c0, 0x00007f374fe9a948] Compiler: c1, Barriers: 20, Oops: 1, ImmediateOops: 4, NonImmediateOops: No
[4,218s][debug  ][gc,nmethod     ] Register NMethod: net.jpountz.lz4.LZ4Utils.maxCompressedLength (0x00007f374fe98790) [0x00007f374fe989c0, 0x00007f374fe990a0] Compiler: c1, Barriers: 0, Oops: 2, ImmediateOops: 2, NonImmediateOops: No
[4,219s][debug  ][gc,reloc       ] Synchronize all workers 1 _nworkers: 0 _nsynchronized: 0
[4,219s][debug  ][gc,reloc       ] Synchronize all workers 1 _nworkers: 0 _nsynchronized: 0
[4,219s][debug  ][gc,reloc       ] Desynchronize all workers _nworkers: 0 _nsynchronized: 0
[4,219s][debug  ][gc,reloc       ] Desynchronize all workers _nworkers: 0 _nsynchronized: 0
[4,219s][debug  ][gc,nmethod     ] Register NMethod: java.util.stream.SpinedBuffer.capacity (0x00007f374fc91190) [0x00007f374fc91340, 0x00007f374fc915f0] Compiler: c1, Barriers: 4, Oops: 0, ImmediateOops: 0, NonImmediateOops: No
[4,219s][debug  ][gc,nmethod     ] Register NMethod: java.util.stream.ReferencePipeline.makeNodeBuilder (0x00007f374fe98410) [0x00007f374fe985c0, 0x00007f374fe98700] Compiler: c1, Barriers: 0, Oops: 0, ImmediateOops: 0, NonImmediateOops: No
[4,219s][debug  ][gc,nmethod     ] Register NMethod: io.sirix.node.NodeKind$29.serialize (0x00007f376f354290) [0x00007f376f354480, 0x00007f376f3547d8] Compiler: c2, Barriers: 6, Oops: 1, ImmediateOops: 0, NonImmediateOops: No
[4,219s][debug  ][gc,reloc       ] Synchronize all workers 1 _nworkers: 0 _nsynchronized: 0
[4,219s][debug  ][gc,reloc       ] Synchronize all workers 1 _nworkers: 0 _nsynchronized: 0
[4,219s][debug  ][gc,nmethod     ] Register NMethod: java.util.stream.SortedOps$RefSortingSink$$Lambda/0x00000000801f1a60.<init> (0x00007f374fe97f90) [0x00007f374fe98140, 0x00007f374fe98318] Compiler: c1, Barriers: 3, Oops: 0, ImmediateOops: 0, NonImmediateOops: No
[4,219s][debug  ][gc,reloc       ] Desynchronize all workers _nworkers: 0 _nsynchronized: 0
[4,219s][debug  ][gc,reloc       ] Desynchronize all workers _nworkers: 0 _nsynchronized: 0
[4,220s][debug  ][gc,nmethod     ] Register NMethod: net.jpountz.lz4.LZ4BlockOutputStream.compressionLevel (0x00007f374fe96790) [0x00007f374fe96ac0, 0x00007f374fe979e0] Compiler: c1, Barriers: 0, Oops: 3, ImmediateOops: 2, NonImmediateOops: No
[4,220s][debug  ][gc,nmethod     ] Register NMethod: java.util.stream.Nodes$SpinedNodeBuilder.end (0x00007f374fe96410) [0x00007f374fe965a0, 0x00007f374fe966b8] Compiler: c1, Barriers: 0, Oops: 0, ImmediateOops: 0, NonImmediateOops: No
[4,220s][debug  ][gc,nmethod     ] Register NMethod: java.util.stream.SpinedBuffer.asArray (0x00007f374fe95a10) [0x00007f374fe95c00, 0x00007f374fe96208] Compiler: c1, Barriers: 1, Oops: 0, ImmediateOops: 1, NonImmediateOops: No
[4,220s][debug  ][gc,nmethod     ] Register NMethod: java.util.concurrent.ConcurrentHashMap$EntrySpliterator.forEachRemaining (0x00007f374fe94f10) [0x00007f374fe95120, 0x00007f374fe95820] Compiler: c1, Barriers: 12, Oops: 0, ImmediateOops: 0, NonImmediateOops: No
[4,220s][debug  ][gc,nmethod     ] Register NMethod: java.util.stream.Nodes$SpinedNodeBuilder.build (0x00007f374fe94b90) [0x00007f374fe94d20, 0x00007f374fe94e38] Compiler: c1, Barriers: 0, Oops: 0, ImmediateOops: 0, NonImmediateOops: No
[4,220s][debug  ][gc,nmethod     ] Register NMethod: java.util.stream.Nodes$SpinedNodeBuilder.asArray (0x00007f374fe94810) [0x00007f374fe949c0, 0x00007f374fe94b08] Compiler: c1, Barriers: 0, Oops: 0, ImmediateOops: 0, NonImmediateOops: No
[4,220s][debug  ][gc,nmethod     ] Register NMethod: net.jpountz.lz4.LZ4BlockOutputStream.<init> (0x00007f374ff29b10) [0x00007f374ff2a020, 0x00007f374ff2c818] Compiler: c1, Barriers: 36, Oops: 6, ImmediateOops: 38, NonImmediateOops: No
[4,221s][debug  ][gc,nmethod     ] Register NMethod: net.jpountz.lz4.LZ4JNICompressor.compress (0x00007f374ff28590) [0x00007f374ff28840, 0x00007f374ff29580] Compiler: c1, Barriers: 0, Oops: 1, ImmediateOops: 3, NonImmediateOops: No
[4,221s][debug  ][gc,nmethod     ] Register NMethod: net.jpountz.lz4.LZ4BlockOutputStream.<init> (0x00007f374ff24790) [0x00007f374ff24ca0, 0x00007f374ff274e8] Compiler: c1, Barriers: 36, Oops: 6, ImmediateOops: 38, NonImmediateOops: No
[4,221s][debug  ][gc,nmethod     ] Register NMethod: java.util.concurrent.ConcurrentHashMap$EntrySpliterator.<init> (0x00007f374fe94310) [0x00007f374fe944c0, 0x00007f374fe94690] Compiler: c1, Barriers: 3, Oops: 0, ImmediateOops: 0, NonImmediateOops: No
[4,221s][debug  ][gc,nmethod     ] Register NMethod: net.openhft.chronicle.bytes.NativeBytes.readRemaining (0x00007f376f354b90) [0x00007f376f354d00, 0x00007f376f354d80] Compiler: c2, Barriers: 0, Oops: 1, ImmediateOops: 0, NonImmediateOops: No
[4,221s][debug  ][gc,nmethod     ] Register NMethod: java.io.ByteArrayOutputStream.close (0x00007f374fb4ee10) [0x00007f374fb4efa0, 0x00007f374fb4f0a0] Compiler: c1, Barriers: 0, Oops: 0, ImmediateOops: 0, NonImmediateOops: No
[4,221s][debug  ][gc,nmethod     ] Register NMethod: sun.security.provider.SHA2$SHA256.clone (0x00007f374fab6c10) [0x00007f374fab6e40, 0x00007f374fab7778] Compiler: c1, Barriers: 14, Oops: 0, ImmediateOops: 0, NonImmediateOops: No
[4,221s][debug  ][gc,nmethod     ] Register NMethod: net.jpountz.lz4.LZ4BlockOutputStream.close (0x00007f374ff24190) [0x00007f374ff24360, 0x00007f374ff24690] Compiler: c1, Barriers: 4, Oops: 1, ImmediateOops: 0, NonImmediateOops: No
[4,222s][debug  ][gc,nmethod     ] Register NMethod: net.openhft.chronicle.bytes.NativeBytes.resizeHelper (0x00007f374fab3790) [0x00007f374fab3c20, 0x00007f374fab5f18] Compiler: c1, Barriers: 11, Oops: 2, ImmediateOops: 4, NonImmediateOops: No
[4,222s][debug  ][gc,nmethod     ] Register NMethod: net.openhft.chronicle.bytes.internal.NativeBytesStore.writeInt (0x00007f376f354e90) [0x00007f376f355020, 0x00007f376f355150] Compiler: c2, Barriers: 1, Oops: 1, ImmediateOops: 0, NonImmediateOops: No
[4,223s][debug  ][gc,nmethod     ] Register NMethod: java.nio.HeapByteBuffer.putLong (0x00007f376f355210) [0x00007f376f3553a0, 0x00007f376f355598] Compiler: c2, Barriers: 2, Oops: 2, ImmediateOops: 0, NonImmediateOops: No
[4,223s][debug  ][gc,nmethod     ] Register NMethod: jdk.internal.misc.Unsafe.putLongUnaligned (0x00007f376f355790) [0x00007f376f355920, 0x00007f376f3559f0] Compiler: c2, Barriers: 0, Oops: 0, ImmediateOops: 0, NonImmediateOops: No
[4,223s][debug  ][gc,nmethod     ] Register NMethod: net.openhft.chronicle.bytes.BytesStore.realCapacity (0x00007f376f355b10) [0x00007f376f355ca0, 0x00007f376f355d40] Compiler: c2, Barriers: 0, Oops: 1, ImmediateOops: 0, NonImmediateOops: No
[4,224s][debug  ][gc,director    ] Rule Major: Warmup 20%, Used: 1108MB, UsedThreshold: 3072MB
[4,224s][debug  ][gc,director    ] Select Minor GC Workers (Not Warm), GCWorkers: 5,000
[4,224s][debug  ][gc,director    ] Rule Minor: Allocation Rate (Dynamic GC Workers), MaxAllocRate: 535,1MB/s (+/-28,0%), Free: 14210MB, GCCPUTime: 1,677, GCDuration: 0,340s, TimeUntilOOM: 20,753s, TimeUntilGC: 20,413s, GCWorkers: 5
[4,224s][debug  ][gc,director    ] Select Minor GC Workers (Not Warm), GCWorkers: 5,000
[4,224s][debug  ][gc,director    ] Rule Minor: Allocation Rate (Dynamic GC Workers), MaxAllocRate: 2078,1MB/s (+/-28,0%), Free: 14210MB, GCCPUTime: 1,677, GCDuration: 0,340s, TimeUntilOOM: 5,344s, TimeUntilGC: 5,003s, GCWorkers: 5
[4,224s][debug  ][gc,director    ] Rule Minor: High Usage, Free: 14210MB(92,5%)
[4,226s][debug  ][gc,nmethod     ] Register NMethod: io.sirix.page.PageKind$1.serializePage (0x00007f376f355e10) [0x00007f376f356580, 0x00007f376f35abc0] Compiler: c2, Barriers: 120, Oops: 8, ImmediateOops: 19, NonImmediateOops: No
[4,226s][debug  ][gc,nmethod     ] Register NMethod: net.openhft.chronicle.bytes.internal.NativeBytesStore.write (0x00007f376f35db90) [0x00007f376f35dd40, 0x00007f376f35e228] Compiler: c2, Barriers: 3, Oops: 1, ImmediateOops: 0, NonImmediateOops: No
[4,228s][debug  ][gc,nmethod     ] Register NMethod: java.util.ArrayList$ArrayListSpliterator.<init> (0x00007f374fab3310) [0x00007f374fab34c0, 0x00007f374fab36a0] Compiler: c1, Barriers: 3, Oops: 0, ImmediateOops: 0, NonImmediateOops: No
[4,228s][debug  ][gc,nmethod     ] Register NMethod: java.security.MessageDigestSpi.clone (0x00007f374fab2890) [0x00007f374fab2aa0, 0x00007f374fab3180] Compiler: c1, Barriers: 5, Oops: 0, ImmediateOops: 0, NonImmediateOops: No
[4,228s][debug  ][gc,nmethod     ] Register NMethod: net.openhft.chronicle.core.UnsafeMemory.copyMemory (0x00007f376f35e610) [0x00007f376f35e7a0, 0x00007f376f35ea80] Compiler: c2, Barriers: 2, Oops: 1, ImmediateOops: 0, NonImmediateOops: No
[4,229s][debug  ][gc,nmethod     ] Register NMethod: net.openhft.chronicle.bytes.RandomDataInput.toByteArray (0x00007f376f35ec90) [0x00007f376f35ee20, 0x00007f376f35eec0] Compiler: c2, Barriers: 0, Oops: 1, ImmediateOops: 0, NonImmediateOops: No
[4,229s][debug  ][gc,nmethod     ] Register NMethod: net.openhft.chronicle.bytes.internal.NativeBytesStore.write (0x00007f376f35ef90) [0x00007f376f35f140, 0x00007f376f35f628] Compiler: c2, Barriers: 3, Oops: 1, ImmediateOops: 0, NonImmediateOops: No
[4,230s][debug  ][gc,nmethod     ] Register NMethod: net.openhft.chronicle.bytes.RandomCommon.readLimit (0x00007f376f35fa10) [0x00007f376f35fba0, 0x00007f376f35fc50] Compiler: c2, Barriers: 0, Oops: 1, ImmediateOops: 0, NonImmediateOops: No
[4,232s][debug  ][gc,nmethod     ] Register NMethod: net.openhft.chronicle.core.UnsafeMemory.copyMemory (0x00007f376f35fd10) [0x00007f376f35fea0, 0x00007f376f360198] Compiler: c2, Barriers: 2, Oops: 1, ImmediateOops: 0, NonImmediateOops: No
[4,234s][debug  ][gc,director    ] Rule Major: Warmup 20%, Used: 1130MB, UsedThreshold: 3072MB
[4,234s][debug  ][gc,director    ] Select Minor GC Workers (Not Warm), GCWorkers: 5,000
[4,234s][debug  ][gc,director    ] Rule Minor: Allocation Rate (Dynamic GC Workers), MaxAllocRate: 535,1MB/s (+/-28,0%), Free: 14188MB, GCCPUTime: 1,677, GCDuration: 0,340s, TimeUntilOOM: 20,721s, TimeUntilGC: 20,381s, GCWorkers: 5
[4,234s][debug  ][gc,director    ] Select Minor GC Workers (Not Warm), GCWorkers: 5,000
[4,234s][debug  ][gc,director    ] Rule Minor: Allocation Rate (Dynamic GC Workers), MaxAllocRate: 2078,1MB/s (+/-28,0%), Free: 14188MB, GCCPUTime: 1,677, GCDuration: 0,340s, TimeUntilOOM: 5,335s, TimeUntilGC: 4,995s, GCWorkers: 5
[4,234s][debug  ][gc,director    ] Rule Minor: High Usage, Free: 14188MB(92,4%)
[4,235s][debug  ][gc,alloc       ] Mutator Allocation Rate: 715,4MB/s Predicted: 803,7MB/s, Avg: 544,6(+/-151,1)MB/s
[4,235s][debug  ][gc,director    ] Rule Major: Warmup 20%, Used: 1134MB, UsedThreshold: 3072MB
[4,235s][debug  ][gc,director    ] Select Minor GC Workers (Not Warm), GCWorkers: 5,000
[4,235s][debug  ][gc,director    ] Rule Minor: Allocation Rate (Dynamic GC Workers), MaxAllocRate: 544,6MB/s (+/-27,7%), Free: 14184MB, GCCPUTime: 1,677, GCDuration: 0,340s, TimeUntilOOM: 20,389s, TimeUntilGC: 20,049s, GCWorkers: 5
[4,235s][debug  ][gc,director    ] Select Minor GC Workers (Not Warm), GCWorkers: 5,000
[4,235s][debug  ][gc,director    ] Rule Minor: Allocation Rate (Dynamic GC Workers), MaxAllocRate: 2104,6MB/s (+/-27,7%), Free: 14184MB, GCCPUTime: 1,677, GCDuration: 0,340s, TimeUntilOOM: 5,276s, TimeUntilGC: 4,935s, GCWorkers: 5
[4,235s][debug  ][gc,director    ] Rule Minor: High Usage, Free: 14184MB(92,3%)
[4,236s][debug  ][gc,nmethod     ] Register NMethod: com.google.common.hash.AbstractHashFunction.newHasher (0x00007f374fab2410) [0x00007f374fab25c0, 0x00007f374fab27a0] Compiler: c1, Barriers: 0, Oops: 1, ImmediateOops: 1, NonImmediateOops: No
[4,236s][debug  ][gc,nmethod     ] Register NMethod: com.google.common.hash.MessageDigestHashFunction$MessageDigestHasher.update (0x00007f374fab1a90) [0x00007f374fab1c80, 0x00007f374fab21a0] Compiler: c1, Barriers: 1, Oops: 2, ImmediateOops: 2, NonImmediateOops: No
[4,236s][debug  ][gc,nmethod     ] Register NMethod: java.io.DataOutputStream.incCount (0x00007f374ff23d90) [0x00007f374ff23f20, 0x00007f374ff24068] Compiler: c1, Barriers: 0, Oops: 0, ImmediateOops: 0, NonImmediateOops: No
[4,236s][debug  ][gc,nmethod     ] Register NMethod: java.io.DataOutputStream.write (0x00007f374fab1410) [0x00007f374fab15c0, 0x00007f374fab1930] Compiler: c1, Barriers: 1, Oops: 0, ImmediateOops: 0, NonImmediateOops: No
[4,236s][debug  ][gc,nmethod     ] Register NMethod: java.io.FilterOutputStream.write (0x00007f374fab0f90) [0x00007f374fab1140, 0x00007f374fab1310] Compiler: c1, Barriers: 0, Oops: 0, ImmediateOops: 0, NonImmediateOops: No
[4,236s][debug  ][gc,nmethod     ] Register NMethod: java.io.ByteArrayOutputStream.toByteArray (0x00007f374fab0b10) [0x00007f374fab0cc0, 0x00007f374fab0f00] Compiler: c1, Barriers: 1, Oops: 0, ImmediateOops: 0, NonImmediateOops: No
[4,236s][debug  ][gc,nmethod     ] Register NMethod: com.google.common.hash.AbstractByteHasher.putBytes (0x00007f374fab0010) [0x00007f374fab0220, 0x00007f374fab0810] Compiler: c1, Barriers: 1, Oops: 2, ImmediateOops: 2, NonImmediateOops: No
[4,236s][debug  ][gc,nmethod     ] Register NMethod: java.io.DataOutputStream.<init> (0x00007f374faaf790) [0x00007f374faaf960, 0x00007f374faafea0] Compiler: c1, Barriers: 12, Oops: 0, ImmediateOops: 0, NonImmediateOops: No
[4,237s][debug  ][gc,nmethod     ] Register NMethod: com.google.common.hash.HashCode$BytesHashCode.asBytes (0x00007f374faaf210) [0x00007f374faaf3c0, 0x00007f374faaf690] Compiler: c1, Barriers: 1, Oops: 1, ImmediateOops: 0, NonImmediateOops: No
[4,237s][debug  ][gc,nmethod     ] Register NMethod: com.google.common.hash.AbstractHashFunction.hashBytes (0x00007f374faae110) [0x00007f374faae380, 0x00007f374faaed80] Compiler: c1, Barriers: 1, Oops: 2, ImmediateOops: 3, NonImmediateOops: No
[4,237s][debug  ][gc,nmethod     ] Register NMethod: com.google.common.hash.AbstractHashFunction.hashBytes (0x00007f374fe4a290) [0x00007f374fe4a500, 0x00007f374fe4ae58] Compiler: c1, Barriers: 1, Oops: 2, ImmediateOops: 3, NonImmediateOops: No
[4,240s][debug  ][gc,nmethod     ] Register NMethod: java.util.concurrent.ConcurrentHashMap.computeIfAbsent (0x00007f376f360390) [0x00007f376f360640, 0x00007f376f361b28] Compiler: c2, Barriers: 21, Oops: 0, ImmediateOops: 0, NonImmediateOops: No
[4,241s][debug  ][gc,nmethod     ] Register NMethod: io.sirix.access.trx.node.AbstractResourceSession.getResourceConfig (0x00007f376f362690) [0x00007f376f362820, 0x00007f376f3628f0] Compiler: c2, Barriers: 1, Oops: 1, ImmediateOops: 0, NonImmediateOops: No
[4,241s][debug  ][gc,nmethod     ] Register NMethod: jdk.internal.misc.Unsafe.putIntUnaligned (0x00007f376f362990) [0x00007f376f362b00, 0x00007f376f362ba8] Compiler: c2, Barriers: 0, Oops: 0, ImmediateOops: 0, NonImmediateOops: No
[4,242s][debug  ][gc,nmethod     ] Register NMethod: net.openhft.chronicle.core.io.ReferenceChangeListenerManager.callReferenceChangeListeners (0x00007f376f362c90) [0x00007f376f362e20, 0x00007f376f363010] Compiler: c2, Barriers: 2, Oops: 1, ImmediateOops: 0, NonImmediateOops: No
[4,244s][debug  ][gc,nmethod     ] Register NMethod: net.openhft.chronicle.core.UnsafeMemory$$Lambda/0x0000000080304a68.apply (0x00007f376f363190) [0x00007f376f363320, 0x00007f376f363560] Compiler: c2, Barriers: 1, Oops: 1, ImmediateOops: 0, NonImmediateOops: No
[4,245s][debug  ][gc,nmethod     ] Register NMethod: net.openhft.chronicle.core.UnsafeMemory.lambda$new$0 (0x00007f376f363710) [0x00007f376f3638a0, 0x00007f376f363a58] Compiler: c2, Barriers: 0, Oops: 1, ImmediateOops: 0, NonImmediateOops: No
[4,245s][debug  ][gc,nmethod     ] Register NMethod: sun.misc.Unsafe.getInt (0x00007f376f363b90) [0x00007f376f363d00, 0x00007f376f363d98] Compiler: c2, Barriers: 0, Oops: 1, ImmediateOops: 0, NonImmediateOops: No
[4,246s][debug  ][gc,director    ] Rule Major: Warmup 20%, Used: 1152MB, UsedThreshold: 3072MB
[4,246s][debug  ][gc,director    ] Select Minor GC Workers (Not Warm), GCWorkers: 5,000
[4,246s][debug  ][gc,director    ] Rule Minor: Allocation Rate (Dynamic GC Workers), MaxAllocRate: 544,6MB/s (+/-27,7%), Free: 14166MB, GCCPUTime: 1,677, GCDuration: 0,340s, TimeUntilOOM: 20,363s, TimeUntilGC: 20,023s, GCWorkers: 5
[4,246s][debug  ][gc,director    ] Select Minor GC Workers (Not Warm), GCWorkers: 5,000
[4,246s][debug  ][gc,director    ] Rule Minor: Allocation Rate (Dynamic GC Workers), MaxAllocRate: 2104,6MB/s (+/-27,7%), Free: 14166MB, GCCPUTime: 1,677, GCDuration: 0,340s, TimeUntilOOM: 5,269s, TimeUntilGC: 4,929s, GCWorkers: 5
[4,246s][debug  ][gc,director    ] Rule Minor: High Usage, Free: 14166MB(92,2%)
[4,246s][debug  ][gc,nmethod     ] Register NMethod: net.openhft.chronicle.bytes.internal.ReferenceCountedUtil.throwExceptionIfReleased (0x00007f376f363e90) [0x00007f376f364020, 0x00007f376f364170] Compiler: c2, Barriers: 1, Oops: 1, ImmediateOops: 0, NonImmediateOops: No
[4,254s][debug  ][gc,nmethod     ] Register NMethod: java.nio.HeapByteBuffer.put (0x00007f376f364290) [0x00007f376f364420, 0x00007f376f364590] Compiler: c2, Barriers: 1, Oops: 0, ImmediateOops: 0, NonImmediateOops: No
[4,254s][debug  ][gc,nmethod     ] Register NMethod: net.openhft.chronicle.core.io.VanillaReferenceCounted.valueCompareAndSet (0x00007f376f364690) [0x00007f376f364800, 0x00007f376f364888] Compiler: c2, Barriers: 0, Oops: 1, ImmediateOops: 0, NonImmediateOops: No
[4,256s][debug  ][gc,director    ] Rule Major: Warmup 20%, Used: 1168MB, UsedThreshold: 3072MB
[4,256s][debug  ][gc,director    ] Select Minor GC Workers (Not Warm), GCWorkers: 5,000
[4,256s][debug  ][gc,director    ] Rule Minor: Allocation Rate (Dynamic GC Workers), MaxAllocRate: 544,6MB/s (+/-27,7%), Free: 14150MB, GCCPUTime: 1,677, GCDuration: 0,340s, TimeUntilOOM: 20,340s, TimeUntilGC: 20,000s, GCWorkers: 5
[4,256s][debug  ][gc,director    ] Select Minor GC Workers (Not Warm), GCWorkers: 5,000
[4,256s][debug  ][gc,director    ] Rule Minor: Allocation Rate (Dynamic GC Workers), MaxAllocRate: 2104,6MB/s (+/-27,7%), Free: 14150MB, GCCPUTime: 1,677, GCDuration: 0,340s, TimeUntilOOM: 5,263s, TimeUntilGC: 4,923s, GCWorkers: 5
[4,256s][debug  ][gc,director    ] Rule Minor: High Usage, Free: 14150MB(92,1%)
[4,257s][debug  ][gc,nmethod     ] Register NMethod: net.openhft.chronicle.core.io.ReferenceCountedTracer.onReleased (0x00007f376f364990) [0x00007f376f364b60, 0x00007f376f365170] Compiler: c2, Barriers: 18, Oops: 1, ImmediateOops: 1, NonImmediateOops: No
[4,266s][debug  ][gc,director    ] Rule Major: Warmup 20%, Used: 1190MB, UsedThreshold: 3072MB
[4,266s][debug  ][gc,director    ] Select Minor GC Workers (Not Warm), GCWorkers: 5,000
[4,266s][debug  ][gc,director    ] Rule Minor: Allocation Rate (Dynamic GC Workers), MaxAllocRate: 544,6MB/s (+/-27,7%), Free: 14128MB, GCCPUTime: 1,677, GCDuration: 0,340s, TimeUntilOOM: 20,308s, TimeUntilGC: 19,968s, GCWorkers: 5
[4,266s][debug  ][gc,director    ] Select Minor GC Workers (Not Warm), GCWorkers: 5,000
[4,266s][debug  ][gc,director    ] Rule Minor: Allocation Rate (Dynamic GC Workers), MaxAllocRate: 2104,6MB/s (+/-27,7%), Free: 14128MB, GCCPUTime: 1,677, GCDuration: 0,340s, TimeUntilOOM: 5,255s, TimeUntilGC: 4,914s, GCWorkers: 5
[4,266s][debug  ][gc,director    ] Rule Minor: High Usage, Free: 14128MB(92,0%)
[4,269s][debug  ][gc,nmethod     ] Register NMethod: java.util.BitSet.toByteArray (0x00007f376f365390) [0x00007f376f365580, 0x00007f376f365ea8] Compiler: c2, Barriers: 5, Oops: 2, ImmediateOops: 0, NonImmediateOops: No
[4,275s][debug  ][gc,nmethod     ] Register NMethod: net.openhft.chronicle.core.io.AbstractReferenceCounted.<init> (0x00007f376f366290) [0x00007f376f3664e0, 0x00007f376f366f20] Compiler: c2, Barriers: 28, Oops: 4, ImmediateOops: 4, NonImmediateOops: No
[4,276s][debug  ][gc,director    ] Rule Major: Warmup 20%, Used: 1206MB, UsedThreshold: 3072MB
[4,276s][debug  ][gc,director    ] Select Minor GC Workers (Not Warm), GCWorkers: 5,000
[4,276s][debug  ][gc,director    ] Rule Minor: Allocation Rate (Dynamic GC Workers), MaxAllocRate: 544,6MB/s (+/-27,7%), Free: 14112MB, GCCPUTime: 1,677, GCDuration: 0,340s, TimeUntilOOM: 20,285s, TimeUntilGC: 19,945s, GCWorkers: 5
[4,276s][debug  ][gc,director    ] Select Minor GC Workers (Not Warm), GCWorkers: 5,000
[4,276s][debug  ][gc,director    ] Rule Minor: Allocation Rate (Dynamic GC Workers), MaxAllocRate: 2104,6MB/s (+/-27,7%), Free: 14112MB, GCCPUTime: 1,677, GCDuration: 0,340s, TimeUntilOOM: 5,249s, TimeUntilGC: 4,908s, GCWorkers: 5
[4,276s][debug  ][gc,director    ] Rule Minor: High Usage, Free: 14112MB(91,9%)
[4,277s][debug  ][gc,nmethod     ] Register NMethod: net.openhft.chronicle.core.io.VanillaReferenceCounted.<init> (0x00007f376f367390) [0x00007f376f367560, 0x00007f376f367bc8] Compiler: c2, Barriers: 20, Oops: 1, ImmediateOops: 0, NonImmediateOops: No
[4,278s][debug  ][gc,nmethod     ] Register NMethod: net.openhft.chronicle.core.UnsafeMemory.compareAndSwapInt (0x00007f376f367d90) [0x00007f376f367f00, 0x00007f376f367fc0] Compiler: c2, Barriers: 0, Oops: 1, ImmediateOops: 0, NonImmediateOops: No
[4,283s][debug  ][gc,nmethod     ] Register NMethod: net.openhft.chronicle.bytes.internal.HeapBytesStore.readByte (0x00007f376f368090) [0x00007f376f368220, 0x00007f376f368380] Compiler: c2, Barriers: 2, Oops: 2, ImmediateOops: 0, NonImmediateOops: No
[4,285s][debug  ][gc,nmethod     ] Register NMethod: net.openhft.chronicle.bytes.internal.BytesInternal.failIfBytesOnBytes (0x00007f376f368490) [0x00007f376f368620, 0x00007f376f3686f0] Compiler: c2, Barriers: 0, Oops: 1, ImmediateOops: 0, NonImmediateOops: No
[4,286s][debug  ][gc,nmethod     ] Register NMethod: net.openhft.chronicle.bytes.internal.NativeBytesStore.writeByte (0x00007f376f368790) [0x00007f376f368920, 0x00007f376f368a48] Compiler: c2, Barriers: 1, Oops: 1, ImmediateOops: 0, NonImmediateOops: No
[4,286s][debug  ][gc,director    ] Rule Major: Warmup 20%, Used: 1230MB, UsedThreshold: 3072MB
[4,286s][debug  ][gc,director    ] Select Minor GC Workers (Not Warm), GCWorkers: 5,000
[4,286s][debug  ][gc,director    ] Rule Minor: Allocation Rate (Dynamic GC Workers), MaxAllocRate: 544,6MB/s (+/-27,7%), Free: 14088MB, GCCPUTime: 1,677, GCDuration: 0,340s, TimeUntilOOM: 20,251s, TimeUntilGC: 19,911s, GCWorkers: 5
[4,286s][debug  ][gc,director    ] Select Minor GC Workers (Not Warm), GCWorkers: 5,000
[4,286s][debug  ][gc,director    ] Rule Minor: Allocation Rate (Dynamic GC Workers), MaxAllocRate: 2104,6MB/s (+/-27,7%), Free: 14088MB, GCCPUTime: 1,677, GCDuration: 0,340s, TimeUntilOOM: 5,240s, TimeUntilGC: 4,900s, GCWorkers: 5
[4,286s][debug  ][gc,director    ] Rule Minor: High Usage, Free: 14088MB(91,7%)
[4,292s][debug  ][gc,nmethod     ] Register NMethod: net.openhft.chronicle.bytes.AbstractBytes.<init> (0x00007f376f368b10) [0x00007f376f368d60, 0x00007f376f369730] Compiler: c2, Barriers: 19, Oops: 2, ImmediateOops: 1, NonImmediateOops: No
[4,292s][debug  ][gc,nmethod     ] Register NMethod: java.io.ByteArrayOutputStream.close (0x00007f376f369c90) [0x00007f376f369e00, 0x00007f376f369e78] Compiler: c2, Barriers: 0, Oops: 0, ImmediateOops: 0, NonImmediateOops: No
[4,292s][debug  ][gc,nmethod     ] Register NMethod: io.sirix.page.KeyValueLeafPage.setHashCode (0x00007f376f369f90) [0x00007f376f36a120, 0x00007f376f36a258] Compiler: c1, Barriers: 3, Oops: 1, ImmediateOops: 0, NonImmediateOops: No
[4,296s][debug  ][gc,nmethod     ] Register NMethod: io.sirix.page.KeyValueLeafPage.setBytes (0x00007f376f36a310) [0x00007f376f36a4a0, 0x00007f376f36a5d8] Compiler: c1, Barriers: 3, Oops: 1, ImmediateOops: 0, NonImmediateOops: No
[4,296s][debug  ][gc,director    ] Rule Major: Warmup 20%, Used: 1252MB, UsedThreshold: 3072MB
[4,296s][debug  ][gc,director    ] Select Minor GC Workers (Not Warm), GCWorkers: 5,000
[4,297s][debug  ][gc,director    ] Rule Minor: Allocation Rate (Dynamic GC Workers), MaxAllocRate: 544,6MB/s (+/-27,7%), Free: 14066MB, GCCPUTime: 1,677, GCDuration: 0,340s, TimeUntilOOM: 20,219s, TimeUntilGC: 19,879s, GCWorkers: 5
[4,297s][debug  ][gc,director    ] Select Minor GC Workers (Not Warm), GCWorkers: 5,000
[4,297s][debug  ][gc,director    ] Rule Minor: Allocation Rate (Dynamic GC Workers), MaxAllocRate: 2104,6MB/s (+/-27,7%), Free: 14066MB, GCCPUTime: 1,677, GCDuration: 0,340s, TimeUntilOOM: 5,232s, TimeUntilGC: 4,891s, GCWorkers: 5
[4,297s][debug  ][gc,director    ] Rule Minor: High Usage, Free: 14066MB(91,6%)
[4,297s][debug  ][gc,alloc       ] Mutator Allocation Rate: 738,9MB/s Predicted: 816,7MB/s, Avg: 554,3(+/-153,2)MB/s
[4,297s][debug  ][gc,director    ] Rule Major: Warmup 20%, Used: 1254MB, UsedThreshold: 3072MB
[4,297s][debug  ][gc,director    ] Select Minor GC Workers (Not Warm), GCWorkers: 5,000
[4,297s][debug  ][gc,director    ] Rule Minor: Allocation Rate (Dynamic GC Workers), MaxAllocRate: 554,3MB/s (+/-27,6%), Free: 14064MB, GCCPUTime: 1,677, GCDuration: 0,340s, TimeUntilOOM: 19,878s, TimeUntilGC: 19,537s, GCWorkers: 5
[4,297s][debug  ][gc,director    ] Select Minor GC Workers (Not Warm), GCWorkers: 5,000
[4,297s][debug  ][gc,director    ] Rule Minor: Allocation Rate (Dynamic GC Workers), MaxAllocRate: 2137,6MB/s (+/-27,6%), Free: 14064MB, GCCPUTime: 1,677, GCDuration: 0,340s, TimeUntilOOM: 5,154s, TimeUntilGC: 4,814s, GCWorkers: 5
[4,297s][debug  ][gc,director    ] Rule Minor: High Usage, Free: 14064MB(91,6%)
[4,298s][debug  ][gc,nmethod     ] Register NMethod: java.util.concurrent.atomic.AtomicLong.compareAndSet (0x00007f376f36a690) [0x00007f376f36a800, 0x00007f376f36a890] Compiler: c2, Barriers: 0, Oops: 0, ImmediateOops: 0, NonImmediateOops: No
[4,298s][debug  ][gc,nmethod     ] Register NMethod: io.sirix.page.KeyValueLeafPage.processEntries (0x00007f374fe48910) [0x00007f374fe48c00, 0x00007f374fe49c20] Compiler: c1, Barriers: 16, Oops: 1, ImmediateOops: 1, NonImmediateOops: No
[4,299s][debug  ][gc,nmethod     ] Register NMethod: io.sirix.page.KeyValueLeafPage.processEntries (0x00007f374fe46d90) [0x00007f374fe47080, 0x00007f374fe48210] Compiler: c1, Barriers: 16, Oops: 1, ImmediateOops: 1, NonImmediateOops: No
[4,304s][debug  ][gc,nmethod     ] Register NMethod: java.util.concurrent.atomic.AtomicLong.incrementAndGet (0x00007f376f36a990) [0x00007f376f36ab00, 0x00007f376f36ab88] Compiler: c2, Barriers: 0, Oops: 0, ImmediateOops: 0, NonImmediateOops: No
[4,304s][debug  ][gc,nmethod     ] Register NMethod: java.util.concurrent.atomic.AtomicLong.addAndGet (0x00007f376f36ac90) [0x00007f376f36ae00, 0x00007f376f36ae88] Compiler: c2, Barriers: 0, Oops: 0, ImmediateOops: 0, NonImmediateOops: No
[4,306s][debug  ][gc,nmethod     ] Register NMethod: net.openhft.chronicle.bytes.Bytes.elasticHeapByteBuffer (0x00007f374fe46110) [0x00007f374fe46360, 0x00007f374fe46ad8] Compiler: c1, Barriers: 0, Oops: 1, ImmediateOops: 2, NonImmediateOops: No
[4,307s][debug  ][gc,director    ] Rule Major: Warmup 20%, Used: 1272MB, UsedThreshold: 3072MB
[4,307s][debug  ][gc,director    ] Select Minor GC Workers (Not Warm), GCWorkers: 5,000
[4,307s][debug  ][gc,director    ] Rule Minor: Allocation Rate (Dynamic GC Workers), MaxAllocRate: 554,3MB/s (+/-27,6%), Free: 14046MB, GCCPUTime: 1,677, GCDuration: 0,340s, TimeUntilOOM: 19,852s, TimeUntilGC: 19,512s, GCWorkers: 5
[4,307s][debug  ][gc,director    ] Select Minor GC Workers (Not Warm), GCWorkers: 5,000
[4,307s][debug  ][gc,director    ] Rule Minor: Allocation Rate (Dynamic GC Workers), MaxAllocRate: 2137,6MB/s (+/-27,6%), Free: 14046MB, GCCPUTime: 1,677, GCDuration: 0,340s, TimeUntilOOM: 5,148s, TimeUntilGC: 4,807s, GCWorkers: 5
[4,307s][debug  ][gc,director    ] Rule Minor: High Usage, Free: 14046MB(91,4%)
[4,317s][debug  ][gc,director    ] Rule Major: Warmup 20%, Used: 1286MB, UsedThreshold: 3072MB
[4,317s][debug  ][gc,director    ] Select Minor GC Workers (Not Warm), GCWorkers: 5,000
[4,317s][debug  ][gc,director    ] Rule Minor: Allocation Rate (Dynamic GC Workers), MaxAllocRate: 554,3MB/s (+/-27,6%), Free: 14032MB, GCCPUTime: 1,677, GCDuration: 0,340s, TimeUntilOOM: 19,832s, TimeUntilGC: 19,492s, GCWorkers: 5
[4,317s][debug  ][gc,director    ] Select Minor GC Workers (Not Warm), GCWorkers: 5,000
[4,317s][debug  ][gc,director    ] Rule Minor: Allocation Rate (Dynamic GC Workers), MaxAllocRate: 2137,6MB/s (+/-27,6%), Free: 14032MB, GCCPUTime: 1,677, GCDuration: 0,340s, TimeUntilOOM: 5,143s, TimeUntilGC: 4,802s, GCWorkers: 5
[4,317s][debug  ][gc,director    ] Rule Minor: High Usage, Free: 14032MB(91,4%)
[4,327s][debug  ][gc,director    ] Rule Major: Warmup 20%, Used: 1308MB, UsedThreshold: 3072MB
[4,327s][debug  ][gc,director    ] Select Minor GC Workers (Not Warm), GCWorkers: 5,000
[4,327s][debug  ][gc,director    ] Rule Minor: Allocation Rate (Dynamic GC Workers), MaxAllocRate: 554,3MB/s (+/-27,6%), Free: 14010MB, GCCPUTime: 1,677, GCDuration: 0,340s, TimeUntilOOM: 19,801s, TimeUntilGC: 19,461s, GCWorkers: 5
[4,327s][debug  ][gc,director    ] Select Minor GC Workers (Not Warm), GCWorkers: 5,000
[4,327s][debug  ][gc,director    ] Rule Minor: Allocation Rate (Dynamic GC Workers), MaxAllocRate: 2137,6MB/s (+/-27,6%), Free: 14010MB, GCCPUTime: 1,677, GCDuration: 0,340s, TimeUntilOOM: 5,135s, TimeUntilGC: 4,794s, GCWorkers: 5
[4,327s][debug  ][gc,director    ] Rule Minor: High Usage, Free: 14010MB(91,2%)
[4,330s][debug  ][gc,nmethod     ] Register NMethod: io.sirix.page.KeyValueLeafPage.processEntries (0x00007f376f36af90) [0x00007f376f36b1a0, 0x00007f376f36b8c0] Compiler: c2, Barriers: 7, Oops: 1, ImmediateOops: 0, NonImmediateOops: No
[4,331s][debug  ][gc,nmethod     ] Register NMethod: java.util.ArrayList.iterator (0x00007f376f36be10) [0x00007f376f36bfa0, 0x00007f376f36c0a0] Compiler: c2, Barriers: 2, Oops: 0, ImmediateOops: 0, NonImmediateOops: No
[4,332s][debug  ][gc,nmethod     ] Register NMethod: java.nio.ByteBuffer.<init> (0x00007f376f36c190) [0x00007f376f36c320, 0x00007f376f36c588] Compiler: c2, Barriers: 6, Oops: 0, ImmediateOops: 0, NonImmediateOops: No
[4,332s][debug  ][gc,nmethod     ] Register NMethod: java.nio.ByteBuffer.limit (0x00007f376f36c710) [0x00007f376f36c8a0, 0x00007f376f36c9d0] Compiler: c2, Barriers: 0, Oops: 0, ImmediateOops: 0, NonImmediateOops: No
[4,336s][debug  ][gc,nmethod     ] Register NMethod: io.sirix.page.KeyValueLeafPage.processEntries (0x00007f376f36cb10) [0x00007f376f36cd40, 0x00007f376f36d498] Compiler: c2, Barriers: 7, Oops: 1, ImmediateOops: 2, NonImmediateOops: No
[4,336s][debug  ][gc,nmethod     ] Register NMethod: net.openhft.chronicle.bytes.RandomCommon.writeLimit (0x00007f376f36db10) [0x00007f376f36dca0, 0x00007f376f36dd50] Compiler: c2, Barriers: 0, Oops: 1, ImmediateOops: 0, NonImmediateOops: No
[4,337s][debug  ][gc,nmethod     ] Register NMethod: net.openhft.chronicle.bytes.AbstractBytes$UncheckedRandomDataInputHolder.<init> (0x00007f376f36de10) [0x00007f376f36dfa0, 0x00007f376f36e0a8] Compiler: c2, Barriers: 3, Oops: 1, ImmediateOops: 0, NonImmediateOops: No
[4,337s][debug  ][gc,nmethod     ] Register NMethod: net.openhft.chronicle.bytes.VanillaBytes.<init> (0x00007f376f36e110) [0x00007f376f36e2a0, 0x00007f376f36e350] Compiler: c2, Barriers: 0, Oops: 1, ImmediateOops: 1, NonImmediateOops: No
[4,337s][debug  ][gc,nmethod     ] Register NMethod: net.openhft.chronicle.bytes.AbstractBytes.<init> (0x00007f376f36e410) [0x00007f376f36e5a0, 0x00007f376f36e650] Compiler: c2, Barriers: 0, Oops: 1, ImmediateOops: 1, NonImmediateOops: No
[4,337s][debug  ][gc,director    ] Rule Major: Warmup 20%, Used: 1328MB, UsedThreshold: 3072MB
[4,337s][debug  ][gc,director    ] Select Minor GC Workers (Not Warm), GCWorkers: 5,000
[4,337s][debug  ][gc,director    ] Rule Minor: Allocation Rate (Dynamic GC Workers), MaxAllocRate: 554,3MB/s (+/-27,6%), Free: 13990MB, GCCPUTime: 1,677, GCDuration: 0,340s, TimeUntilOOM: 19,773s, TimeUntilGC: 19,433s, GCWorkers: 5
[4,337s][debug  ][gc,director    ] Select Minor GC Workers (Not Warm), GCWorkers: 5,000
[4,337s][debug  ][gc,director    ] Rule Minor: Allocation Rate (Dynamic GC Workers), MaxAllocRate: 2137,6MB/s (+/-27,6%), Free: 13990MB, GCCPUTime: 1,677, GCDuration: 0,340s, TimeUntilOOM: 5,127s, TimeUntilGC: 4,787s, GCWorkers: 5
[4,337s][debug  ][gc,director    ] Rule Minor: High Usage, Free: 13990MB(91,1%)
[4,345s][debug  ][gc,nmethod     ] Register NMethod: net.openhft.chronicle.bytes.internal.HeapBytesStore.readLong (0x00007f376f36e710) [0x00007f376f36e8a0, 0x00007f376f36e9f8] Compiler: c2, Barriers: 2, Oops: 2, ImmediateOops: 0, NonImmediateOops: No
[4,346s][debug  ][gc,nmethod     ] Register NMethod: net.openhft.chronicle.bytes.internal.HeapBytesStore.performRelease (0x00007f376f36eb10) [0x00007f376f36ec80, 0x00007f376f36ed70] Compiler: c2, Barriers: 2, Oops: 1, ImmediateOops: 0, NonImmediateOops: No
[4,348s][debug  ][gc,director    ] Rule Major: Warmup 20%, Used: 1348MB, UsedThreshold: 3072MB
[4,348s][debug  ][gc,director    ] Select Minor GC Workers (Not Warm), GCWorkers: 5,000
[4,348s][debug  ][gc,director    ] Rule Minor: Allocation Rate (Dynamic GC Workers), MaxAllocRate: 554,3MB/s (+/-27,6%), Free: 13970MB, GCCPUTime: 1,677, GCDuration: 0,340s, TimeUntilOOM: 19,745s, TimeUntilGC: 19,404s, GCWorkers: 5
[4,348s][debug  ][gc,director    ] Select Minor GC Workers (Not Warm), GCWorkers: 5,000
[4,348s][debug  ][gc,director    ] Rule Minor: Allocation Rate (Dynamic GC Workers), MaxAllocRate: 2137,6MB/s (+/-27,6%), Free: 13970MB, GCCPUTime: 1,677, GCDuration: 0,340s, TimeUntilOOM: 5,120s, TimeUntilGC: 4,780s, GCWorkers: 5
[4,348s][debug  ][gc,director    ] Rule Minor: High Usage, Free: 13970MB(91,0%)
[4,351s][debug  ][gc,nmethod     ] Register NMethod: java.util.ArrayList$ArrayListSpliterator.forEachRemaining (0x00007f374fe45690) [0x00007f374fe458a0, 0x00007f374fe45f00] Compiler: c1, Barriers: 4, Oops: 0, ImmediateOops: 0, NonImmediateOops: No
[4,353s][debug  ][gc,nmethod     ] Register NMethod: java.lang.ref.Reference.<init> (0x00007f376f36ee10) [0x00007f376f36efa0, 0x00007f376f36f168] Compiler: c2, Barriers: 6, Oops: 0, ImmediateOops: 1, NonImmediateOops: No
[4,353s][debug  ][gc,nmethod     ] Register NMethod: net.openhft.chronicle.bytes.internal.AbstractBytesStore.canReleaseInBackground (0x00007f376f36f210) [0x00007f376f36f3a0, 0x00007f376f36f450] Compiler: c2, Barriers: 0, Oops: 1, ImmediateOops: 0, NonImmediateOops: No
[4,356s][debug  ][gc,nmethod     ] Register NMethod: net.openhft.chronicle.core.io.VanillaReferenceCounted.release (0x00007f376f36f510) [0x00007f376f36f720, 0x00007f376f370040] Compiler: c2, Barriers: 15, Oops: 2, ImmediateOops: 1, NonImmediateOops: No
[4,356s][debug  ][gc,nmethod     ] Register NMethod: java.nio.ByteBuffer.order (0x00007f376f370410) [0x00007f376f370580, 0x00007f376f370630] Compiler: c2, Barriers: 0, Oops: 1, ImmediateOops: 1, NonImmediateOops: No
[4,357s][debug  ][gc,nmethod     ] Register NMethod: net.openhft.chronicle.core.io.AbstractReferenceCounted.release (0x00007f376f370710) [0x00007f376f3708a0, 0x00007f376f3709c8] Compiler: c2, Barriers: 1, Oops: 1, ImmediateOops: 0, NonImmediateOops: No
[4,358s][debug  ][gc,director    ] Rule Major: Warmup 20%, Used: 1370MB, UsedThreshold: 3072MB
[4,358s][debug  ][gc,director    ] Select Minor GC Workers (Not Warm), GCWorkers: 5,000
[4,358s][debug  ][gc,director    ] Rule Minor: Allocation Rate (Dynamic GC Workers), MaxAllocRate: 554,3MB/s (+/-27,6%), Free: 13948MB, GCCPUTime: 1,677, GCDuration: 0,340s, TimeUntilOOM: 19,714s, TimeUntilGC: 19,373s, GCWorkers: 5
[4,358s][debug  ][gc,director    ] Select Minor GC Workers (Not Warm), GCWorkers: 5,000
[4,358s][debug  ][gc,director    ] Rule Minor: Allocation Rate (Dynamic GC Workers), MaxAllocRate: 2137,6MB/s (+/-27,6%), Free: 13948MB, GCCPUTime: 1,677, GCDuration: 0,340s, TimeUntilOOM: 5,112s, TimeUntilGC: 4,771s, GCWorkers: 5
[4,358s][debug  ][gc,director    ] Rule Minor: High Usage, Free: 13948MB(90,8%)
[4,360s][debug  ][gc,alloc       ] Mutator Allocation Rate: 761,0MB/s Predicted: 831,1MB/s, Avg: 564,1(+/-155,9)MB/s
[4,360s][debug  ][gc,director    ] Rule Major: Warmup 20%, Used: 1374MB, UsedThreshold: 3072MB
[4,360s][debug  ][gc,director    ] Select Minor GC Workers (Not Warm), GCWorkers: 5,000
[4,360s][debug  ][gc,director    ] Rule Minor: Allocation Rate (Dynamic GC Workers), MaxAllocRate: 564,1MB/s (+/-27,6%), Free: 13944MB, GCCPUTime: 1,677, GCDuration: 0,340s, TimeUntilOOM: 19,366s, TimeUntilGC: 19,026s, GCWorkers: 5
[4,360s][debug  ][gc,director    ] Select Minor GC Workers (Not Warm), GCWorkers: 5,000
[4,360s][debug  ][gc,director    ] Rule Minor: Allocation Rate (Dynamic GC Workers), MaxAllocRate: 2175,1MB/s (+/-27,6%), Free: 13944MB, GCCPUTime: 1,677, GCDuration: 0,340s, TimeUntilOOM: 5,023s, TimeUntilGC: 4,682s, GCWorkers: 5
[4,360s][debug  ][gc,director    ] Rule Minor: High Usage, Free: 13944MB(90,8%)
[4,361s][debug  ][gc,nmethod     ] Register NMethod: jdk.internal.misc.Unsafe.checkNativeAddress (0x00007f376f370b10) [0x00007f376f370c80, 0x00007f376f370cf8] Compiler: c2, Barriers: 0, Oops: 0, ImmediateOops: 0, NonImmediateOops: No
[4,368s][debug  ][gc,nmethod     ] Register NMethod: java.util.Arrays.rangeCheck (0x00007f376f370e10) [0x00007f376f370fa0, 0x00007f376f371068] Compiler: c2, Barriers: 0, Oops: 0, ImmediateOops: 0, NonImmediateOops: No
[4,370s][debug  ][gc,director    ] Rule Major: Warmup 20%, Used: 1392MB, UsedThreshold: 3072MB
[4,370s][debug  ][gc,director    ] Select Minor GC Workers (Not Warm), GCWorkers: 5,000
[4,370s][debug  ][gc,director    ] Rule Minor: Allocation Rate (Dynamic GC Workers), MaxAllocRate: 564,1MB/s (+/-27,6%), Free: 13926MB, GCCPUTime: 1,677, GCDuration: 0,340s, TimeUntilOOM: 19,341s, TimeUntilGC: 19,001s, GCWorkers: 5
[4,370s][debug  ][gc,director    ] Select Minor GC Workers (Not Warm), GCWorkers: 5,000
[4,370s][debug  ][gc,director    ] Rule Minor: Allocation Rate (Dynamic GC Workers), MaxAllocRate: 2175,1MB/s (+/-27,6%), Free: 13926MB, GCCPUTime: 1,677, GCDuration: 0,340s, TimeUntilOOM: 5,016s, TimeUntilGC: 4,676s, GCWorkers: 5
[4,370s][debug  ][gc,director    ] Rule Minor: High Usage, Free: 13926MB(90,7%)
[4,380s][debug  ][gc,nmethod     ] Register NMethod: java.nio.ByteBuffer.allocate (0x00007f376f371110) [0x00007f376f3712a0, 0x00007f376f3715a0] Compiler: c2, Barriers: 3, Oops: 0, ImmediateOops: 0, NonImmediateOops: No
[4,380s][debug  ][gc,director    ] Rule Major: Warmup 20%, Used: 1416MB, UsedThreshold: 3072MB
[4,380s][debug  ][gc,director    ] Select Minor GC Workers (Not Warm), GCWorkers: 5,000
[4,380s][debug  ][gc,director    ] Rule Minor: Allocation Rate (Dynamic GC Workers), MaxAllocRate: 564,1MB/s (+/-27,6%), Free: 13902MB, GCCPUTime: 1,677, GCDuration: 0,340s, TimeUntilOOM: 19,308s, TimeUntilGC: 18,967s, GCWorkers: 5
[4,380s][debug  ][gc,director    ] Select Minor GC Workers (Not Warm), GCWorkers: 5,000
[4,380s][debug  ][gc,director    ] Rule Minor: Allocation Rate (Dynamic GC Workers), MaxAllocRate: 2175,1MB/s (+/-27,6%), Free: 13902MB, GCCPUTime: 1,677, GCDuration: 0,340s, TimeUntilOOM: 5,008s, TimeUntilGC: 4,667s, GCWorkers: 5
[4,380s][debug  ][gc,director    ] Rule Minor: High Usage, Free: 13902MB(90,5%)
[4,381s][debug  ][gc,nmethod     ] Register NMethod: net.openhft.chronicle.bytes.RandomCommon.writePosition (0x00007f376f371710) [0x00007f376f3718a0, 0x00007f376f371940] Compiler: c2, Barriers: 0, Oops: 1, ImmediateOops: 0, NonImmediateOops: No
[4,389s][debug  ][gc,nmethod     ] Register NMethod: java.util.ReverseOrderListView.get (0x00007f374fe44f90) [0x00007f374fe45160, 0x00007f374fe45508] Compiler: c1, Barriers: 2, Oops: 0, ImmediateOops: 0, NonImmediateOops: No
[4,391s][debug  ][gc,director    ] Rule Major: Warmup 20%, Used: 1434MB, UsedThreshold: 3072MB
[4,391s][debug  ][gc,director    ] Select Minor GC Workers (Not Warm), GCWorkers: 5,000
[4,391s][debug  ][gc,director    ] Rule Minor: Allocation Rate (Dynamic GC Workers), MaxAllocRate: 564,1MB/s (+/-27,6%), Free: 13884MB, GCCPUTime: 1,677, GCDuration: 0,340s, TimeUntilOOM: 19,283s, TimeUntilGC: 18,942s, GCWorkers: 5
[4,391s][debug  ][gc,director    ] Select Minor GC Workers (Not Warm), GCWorkers: 5,000
[4,391s][debug  ][gc,director    ] Rule Minor: Allocation Rate (Dynamic GC Workers), MaxAllocRate: 2175,1MB/s (+/-27,6%), Free: 13884MB, GCCPUTime: 1,677, GCDuration: 0,340s, TimeUntilOOM: 5,001s, TimeUntilGC: 4,661s, GCWorkers: 5
[4,391s][debug  ][gc,director    ] Rule Minor: High Usage, Free: 13884MB(90,4%)
[4,392s][debug  ][gc,nmethod     ] Register NMethod: java.lang.invoke.LambdaFormEditor.addArgumentForm (0x00007f374fe44410) [0x00007f374fe44660, 0x00007f374fe44c70] Compiler: c1, Barriers: 1, Oops: 0, ImmediateOops: 0, NonImmediateOops: No
[4,392s][debug  ][gc,nmethod     ] Register NMethod: java.util.ImmutableCollections$SubList.get (0x00007f374faadb10) [0x00007f374faadcc0, 0x00007f374faadf68] Compiler: c1, Barriers: 1, Oops: 0, ImmediateOops: 0, NonImmediateOops: No
[4,392s][debug  ][gc,nmethod     ] Register NMethod: io.sirix.page.PageKind$1.serializePage (0x00007f376f371a10) [0x00007f376f372480, 0x00007f376f379ad0] Compiler: c2, Barriers: 161, Oops: 14, ImmediateOops: 20, NonImmediateOops: No
[4,393s][debug  ][gc,nmethod     ] Register NMethod: java.lang.invoke.LambdaFormEditor$TransformKey.packedBytes (0x00007f374fec7890) [0x00007f374fec7a20, 0x00007f374fec7b28] Compiler: c1, Barriers: 0, Oops: 0, ImmediateOops: 0, NonImmediateOops: No
[4,393s][debug  ][gc,nmethod     ] Register NMethod: java.util.Arrays.copyOfRange (0x00007f374fe44010) [0x00007f374fe441c0, 0x00007f374fe44330] Compiler: c1, Barriers: 1, Oops: 0, ImmediateOops: 0, NonImmediateOops: No
[4,393s][debug  ][gc,nmethod     ] Register NMethod: java.lang.invoke.MethodHandles.dropArguments (0x00007f374fe43a90) [0x00007f374fe43c40, 0x00007f374fe43f08] Compiler: c1, Barriers: 0, Oops: 0, ImmediateOops: 0, NonImmediateOops: No
[4,393s][debug  ][gc,nmethod     ] Register NMethod: java.lang.invoke.MethodHandles.dropArgumentsTrusted (0x00007f374fe42810) [0x00007f374fe42aa0, 0x00007f374fe43558] Compiler: c1, Barriers: 6, Oops: 0, ImmediateOops: 0, NonImmediateOops: No
[4,394s][debug  ][gc,nmethod     ] Register NMethod: java.lang.invoke.MethodHandles.dropArgumentChecks (0x00007f374fee0710) [0x00007f374fee0b40, 0x00007f374fee2bd8] Compiler: c1, Barriers: 22, Oops: 2, ImmediateOops: 5, NonImmediateOops: No
[4,394s][debug  ][gc,nmethod     ] Register NMethod: java.lang.invoke.LambdaForm.uncustomize (0x00007f376f37f310) [0x00007f376f37f4a0, 0x00007f376f37f580] Compiler: c2, Barriers: 1, Oops: 0, ImmediateOops: 0, NonImmediateOops: No
[4,395s][debug  ][gc,nmethod     ] Register NMethod: java.lang.invoke.DirectMethodHandle$Holder.invokeStatic (0x00007f374fe42010) [0x00007f374fe421e0, 0x00007f374fe426e0] Compiler: c1, Barriers: 1, Oops: 0, ImmediateOops: 0, NonImmediateOops: No
[4,395s][debug  ][gc,nmethod     ] Register NMethod: sun.invoke.util.Wrapper.forceType (0x00007f374ff2dd10) [0x00007f374ff2dea0, 0x00007f374ff2df98] Compiler: c1, Barriers: 0, Oops: 0, ImmediateOops: 0, NonImmediateOops: No
[4,395s][debug  ][gc,nmethod     ] Register NMethod: sun.invoke.util.Wrapper.wrapperType (0x00007f374fedf410) [0x00007f374fedf6e0, 0x00007f374fee02c0] Compiler: c1, Barriers: 4, Oops: 1, ImmediateOops: 4, NonImmediateOops: No
[4,395s][debug  ][gc,nmethod     ] Register NMethod: io.sirix.node.xml.AbstractStructForwardingNode.getChildCount (0x00007f376f37f610) [0x00007f376f37f7a0, 0x00007f376f37f8a0] Compiler: c2, Barriers: 1, Oops: 1, ImmediateOops: 0, NonImmediateOops: No
[4,395s][debug  ][gc,nmethod     ] Register NMethod: java.lang.invoke.LambdaForm$MH/0x0000000080353800.reinvoke (0x00007f374fe41810) [0x00007f374fe41a00, 0x00007f374fe41ec0] Compiler: c1, Barriers: 0, Oops: 1, ImmediateOops: 0, NonImmediateOops: No
[4,395s][debug  ][gc,nmethod     ] Register NMethod: java.util.ReverseOrderListView.size (0x00007f374fe41390) [0x00007f374fe41540, 0x00007f374fe41738] Compiler: c1, Barriers: 1, Oops: 0, ImmediateOops: 0, NonImmediateOops: No
[4,395s][debug  ][gc,nmethod     ] Register NMethod: java.lang.invoke.BoundMethodHandle$Species_I.make (0x00007f374fe40d90) [0x00007f374fe40f40, 0x00007f374fe41138] Compiler: c1, Barriers: 0, Oops: 0, ImmediateOops: 0, NonImmediateOops: No
[4,396s][debug  ][gc,nmethod     ] Register NMethod: io.sirix.node.json.ObjectKeyNode.getNameKey (0x00007f376f37f990) [0x00007f376f37fb20, 0x00007f376f37fbe0] Compiler: c1, Barriers: 0, Oops: 1, ImmediateOops: 0, NonImmediateOops: No
[4,396s][debug  ][gc,nmethod     ] Register NMethod: java.lang.invoke.BoundMethodHandle$Species_I.<init> (0x00007f374fedef90) [0x00007f374fedf140, 0x00007f374fedf310] Compiler: c1, Barriers: 0, Oops: 0, ImmediateOops: 0, NonImmediateOops: No
[4,396s][debug  ][gc,nmethod     ] Register NMethod: java.lang.invoke.MethodHandles.insertArgumentsChecks (0x00007f374fede610) [0x00007f374fede800, 0x00007f374feded38] Compiler: c1, Barriers: 2, Oops: 2, ImmediateOops: 2, NonImmediateOops: No
[4,396s][debug  ][gc,nmethod     ] Register NMethod: java.lang.invoke.MethodHandleImpl$CountingWrapper.maybeStopCounting (0x00007f374fedde90) [0x00007f374fede060, 0x00007f374fede4c8] Compiler: c1, Barriers: 3, Oops: 0, ImmediateOops: 0, NonImmediateOops: No
[4,396s][debug  ][gc,nmethod     ] Register NMethod: java.lang.invoke.MethodHandleImpl$CountingWrapper.countDown (0x00007f374fedd910) [0x00007f374feddac0, 0x00007f374feddda0] Compiler: c1, Barriers: 1, Oops: 0, ImmediateOops: 0, NonImmediateOops: No
[4,396s][debug  ][gc,nmethod     ] Register NMethod: java.lang.invoke.DirectMethodHandle$Holder.invokeStatic (0x00007f374fedd110) [0x00007f374fedd2e0, 0x00007f374fedd7d0] Compiler: c1, Barriers: 1, Oops: 0, ImmediateOops: 0, NonImmediateOops: No
[4,396s][debug  ][gc,nmethod     ] Register NMethod: io.sirix.node.json.ObjectKeyNode.getKind (0x00007f374fedcd10) [0x00007f374fedcea0, 0x00007f374fedd008] Compiler: c1, Barriers: 0, Oops: 1, ImmediateOops: 1, NonImmediateOops: No
[4,396s][debug  ][gc,nmethod     ] Register NMethod: io.sirix.node.json.ObjectStringNode.getKind (0x00007f374fedc910) [0x00007f374fedcaa0, 0x00007f374fedcc08] Compiler: c1, Barriers: 0, Oops: 1, ImmediateOops: 1, NonImmediateOops: No
[4,396s][debug  ][gc,nmethod     ] Register NMethod: io.sirix.node.NodeKind$22.serialize (0x00007f374fedbf10) [0x00007f374fedc100, 0x00007f374fedc710] Compiler: c1, Barriers: 3, Oops: 1, ImmediateOops: 0, NonImmediateOops: No
[4,397s][debug  ][gc,nmethod     ] Register NMethod: io.sirix.node.NodeKind$21.serialize (0x00007f374fed9510) [0x00007f374fed98a0, 0x00007f374fedb560] Compiler: c1, Barriers: 10, Oops: 1, ImmediateOops: 3, NonImmediateOops: No
[4,398s][debug  ][gc,nmethod     ] Register NMethod: net.openhft.chronicle.core.UnsafeMemory.writeLong (0x00007f374fed8f90) [0x00007f374fed9140, 0x00007f374fed9328] Compiler: c1, Barriers: 0, Oops: 2, ImmediateOops: 2, NonImmediateOops: No
[4,398s][debug  ][gc,nmethod     ] Register NMethod: net.openhft.chronicle.bytes.internal.NativeBytesStore.writeLong (0x00007f374fe25990) [0x00007f374fe25b40, 0x00007f374fe25dd0] Compiler: c1, Barriers: 1, Oops: 1, ImmediateOops: 0, NonImmediateOops: No
[4,398s][debug  ][gc,nmethod     ] Register NMethod: java.lang.invoke.LambdaForm.compileToBytecode (0x00007f374fe24990) [0x00007f374fe24c20, 0x00007f374fe25660] Compiler: c1, Barriers: 9, Oops: 1, ImmediateOops: 4, NonImmediateOops: No
[4,398s][debug  ][gc,nmethod     ] Register NMethod: jdk.internal.misc.Unsafe.putLong (0x00007f374fe24610) [0x00007f374fe247a0, 0x00007f374fe248b0] Compiler: c1, Barriers: 0, Oops: 0, ImmediateOops: 0, NonImmediateOops: No
[4,398s][debug  ][gc,nmethod     ] Register NMethod: sun.misc.Unsafe.putLong (0x00007f374fe24210) [0x00007f374fe243a0, 0x00007f374fe24518] Compiler: c1, Barriers: 0, Oops: 1, ImmediateOops: 1, NonImmediateOops: No
[4,398s][debug  ][gc,nmethod     ] Register NMethod: java.lang.invoke.MethodType.equals (0x00007f376f37fc90) [0x00007f376f37fe60, 0x00007f376f380340] Compiler: c2, Barriers: 8, Oops: 0, ImmediateOops: 0, NonImmediateOops: No
[4,398s][debug  ][gc,nmethod     ] Register NMethod: io.sirix.index.path.summary.PathNode.getNameNodeDelegate (0x00007f376f380610) [0x00007f376f3807a0, 0x00007f376f380890] Compiler: c1, Barriers: 1, Oops: 1, ImmediateOops: 0, NonImmediateOops: No
[4,398s][debug  ][gc,nmethod     ] Register NMethod: io.sirix.node.delegates.NameNodeDelegate.getURIKey (0x00007f376f380910) [0x00007f376f380aa0, 0x00007f376f380b60] Compiler: c1, Barriers: 0, Oops: 1, ImmediateOops: 0, NonImmediateOops: No
[4,398s][debug  ][gc,nmethod     ] Register NMethod: io.sirix.node.delegates.NameNodeDelegate.getPathNodeKey (0x00007f376f380c10) [0x00007f376f380da0, 0x00007f376f380e60] Compiler: c1, Barriers: 0, Oops: 1, ImmediateOops: 0, NonImmediateOops: No
[4,398s][debug  ][gc,nmethod     ] Register NMethod: io.sirix.node.json.ObjectNode.getKind (0x00007f374fe23e10) [0x00007f374fe23fa0, 0x00007f374fe24108] Compiler: c1, Barriers: 0, Oops: 1, ImmediateOops: 1, NonImmediateOops: No
[4,398s][debug  ][gc,nmethod     ] Register NMethod: io.sirix.index.path.summary.PathNode.getReferences (0x00007f376f380f10) [0x00007f376f3810a0, 0x00007f376f381160] Compiler: c1, Barriers: 0, Oops: 1, ImmediateOops: 0, NonImmediateOops: No
[4,399s][debug  ][gc,nmethod     ] Register NMethod: io.sirix.node.NodeKind$19.serialize (0x00007f374fe22d90) [0x00007f374fe22fe0, 0x00007f374fe23a10] Compiler: c1, Barriers: 4, Oops: 1, ImmediateOops: 2, NonImmediateOops: No
[4,399s][debug  ][gc,nmethod     ] Register NMethod: io.sirix.node.HashEntryNode.getNodeKey (0x00007f376f381210) [0x00007f376f3813a0, 0x00007f376f381460] Compiler: c1, Barriers: 0, Oops: 1, ImmediateOops: 0, NonImmediateOops: No
[4,399s][debug  ][gc,nmethod     ] Register NMethod: io.sirix.node.HashCountEntryNode.getNodeKey (0x00007f376f381510) [0x00007f376f3816a0, 0x00007f376f381760] Compiler: c1, Barriers: 0, Oops: 1, ImmediateOops: 0, NonImmediateOops: No
[4,401s][debug  ][gc,director    ] Rule Major: Warmup 20%, Used: 1460MB, UsedThreshold: 3072MB
[4,401s][debug  ][gc,director    ] Select Minor GC Workers (Not Warm), GCWorkers: 5,000
[4,401s][debug  ][gc,director    ] Rule Minor: Allocation Rate (Dynamic GC Workers), MaxAllocRate: 564,1MB/s (+/-27,6%), Free: 13858MB, GCCPUTime: 1,677, GCDuration: 0,340s, TimeUntilOOM: 19,247s, TimeUntilGC: 18,906s, GCWorkers: 5
[4,401s][debug  ][gc,director    ] Select Minor GC Workers (Not Warm), GCWorkers: 5,000
[4,401s][debug  ][gc,director    ] Rule Minor: Allocation Rate (Dynamic GC Workers), MaxAllocRate: 2175,1MB/s (+/-27,6%), Free: 13858MB, GCCPUTime: 1,677, GCDuration: 0,340s, TimeUntilOOM: 4,992s, TimeUntilGC: 4,651s, GCWorkers: 5
[4,401s][debug  ][gc,director    ] Rule Minor: High Usage, Free: 13858MB(90,2%)
[4,401s][debug  ][gc,nmethod     ] Register NMethod: io.sirix.node.NodeKind.serializeJsonObjectOrArrayStructDelegate (0x00007f376f381810) [0x00007f376f381ac0, 0x00007f376f3823b0] Compiler: c2, Barriers: 9, Oops: 2, ImmediateOops: 1, NonImmediateOops: No
[4,402s][debug  ][gc,nmethod     ] Register NMethod: io.sirix.node.xml.AbstractStructForwardingNode.getLastChildKey (0x00007f376f382c90) [0x00007f376f382e20, 0x00007f376f382f58] Compiler: c2, Barriers: 2, Oops: 1, ImmediateOops: 0, NonImmediateOops: No
[4,402s][debug  ][gc,nmethod     ] Register NMethod: io.sirix.node.json.ObjectNumberNode.getKind (0x00007f376f383010) [0x00007f376f383180, 0x00007f376f383200] Compiler: c2, Barriers: 0, Oops: 1, ImmediateOops: 1, NonImmediateOops: No
[4,404s][debug  ][gc,nmethod     ] Register NMethod: io.sirix.node.NodeKind.writeHash (0x00007f376f383310) [0x00007f376f383500, 0x00007f376f383940] Compiler: c2, Barriers: 5, Oops: 1, ImmediateOops: 0, NonImmediateOops: No
[4,411s][debug  ][gc,director    ] Rule Major: Warmup 20%, Used: 1476MB, UsedThreshold: 3072MB
[4,411s][debug  ][gc,director    ] Select Minor GC Workers (Not Warm), GCWorkers: 5,000
[4,411s][debug  ][gc,director    ] Rule Minor: Allocation Rate (Dynamic GC Workers), MaxAllocRate: 564,1MB/s (+/-27,6%), Free: 13842MB, GCCPUTime: 1,677, GCDuration: 0,340s, TimeUntilOOM: 19,224s, TimeUntilGC: 18,884s, GCWorkers: 5
[4,411s][debug  ][gc,director    ] Select Minor GC Workers (Not Warm), GCWorkers: 5,000
[4,411s][debug  ][gc,director    ] Rule Minor: Allocation Rate (Dynamic GC Workers), MaxAllocRate: 2175,1MB/s (+/-27,6%), Free: 13842MB, GCCPUTime: 1,677, GCDuration: 0,340s, TimeUntilOOM: 4,986s, TimeUntilGC: 4,646s, GCWorkers: 5
[4,411s][debug  ][gc,director    ] Rule Minor: High Usage, Free: 13842MB(90,1%)
[4,411s][debug  ][gc,nmethod     ] Register NMethod: net.openhft.chronicle.bytes.internal.NativeBytesStore.writeLong (0x00007f376f383d90) [0x00007f376f383f20, 0x00007f376f384050] Compiler: c2, Barriers: 1, Oops: 1, ImmediateOops: 0, NonImmediateOops: No
[4,412s][debug  ][gc,nmethod     ] Register NMethod: net.openhft.chronicle.core.UnsafeMemory.writeLong (0x00007f376f384190) [0x00007f376f384300, 0x00007f376f384380] Compiler: c2, Barriers: 0, Oops: 1, ImmediateOops: 0, NonImmediateOops: No
[4,412s][debug  ][gc,nmethod     ] Register NMethod: java.lang.Thread.isInterrupted (0x00007f376f384490) [0x00007f376f384620, 0x00007f376f3846e8] Compiler: c1, Barriers: 0, Oops: 0, ImmediateOops: 0, NonImmediateOops: No
[4,414s][debug  ][gc,nmethod     ] Register NMethod: java.nio.channels.spi.AbstractInterruptibleChannel.isOpen (0x00007f374fe22a10) [0x00007f374fe22ba0, 0x00007f374fe22d00] Compiler: c1, Barriers: 0, Oops: 0, ImmediateOops: 0, NonImmediateOops: No
[4,414s][debug  ][gc,nmethod     ] Register NMethod: java.lang.System$2.blockedOn (0x00007f374fe22690) [0x00007f374fe22840, 0x00007f374fe22978] Compiler: c1, Barriers: 0, Oops: 0, ImmediateOops: 0, NonImmediateOops: No
[4,414s][debug  ][gc,nmethod     ] Register NMethod: java.nio.channels.spi.AbstractInterruptibleChannel.blockedOn (0x00007f374fe22110) [0x00007f374fe222c0, 0x00007f374fe22518] Compiler: c1, Barriers: 1, Oops: 0, ImmediateOops: 1, NonImmediateOops: No
[4,414s][debug  ][gc,nmethod     ] Register NMethod: java.lang.Thread.blockedOn (0x00007f374fe21b90) [0x00007f374fe21d40, 0x00007f374fe22028] Compiler: c1, Barriers: 5, Oops: 0, ImmediateOops: 0, NonImmediateOops: No
[4,414s][debug  ][gc,nmethod     ] Register NMethod: java.util.Arrays.fill (0x00007f376f384790) [0x00007f376f384980, 0x00007f376f3852c8] Compiler: c2, Barriers: 30, Oops: 0, ImmediateOops: 0, NonImmediateOops: No
[4,415s][debug  ][gc,nmethod     ] Register NMethod: net.openhft.chronicle.bytes.AbstractBytes.bytesStore (0x00007f376f385390) [0x00007f376f385520, 0x00007f376f385610] Compiler: c1, Barriers: 1, Oops: 1, ImmediateOops: 0, NonImmediateOops: No
[4,415s][debug  ][gc,nmethod     ] Register NMethod: net.openhft.chronicle.bytes.AbstractBytes.clear (0x00007f376f385690) [0x00007f376f385840, 0x00007f376f385a78] Compiler: c2, Barriers: 2, Oops: 1, ImmediateOops: 0, NonImmediateOops: No
[4,416s][debug  ][gc,nmethod     ] Register NMethod: net.openhft.chronicle.bytes.internal.NativeBytesStore.write0 (0x00007f374fe21090) [0x00007f374fe212a0, 0x00007f374fe21930] Compiler: c1, Barriers: 0, Oops: 1, ImmediateOops: 0, NonImmediateOops: No
[4,417s][debug  ][gc,nmethod     ] Register NMethod: net.openhft.chronicle.bytes.internal.NativeBytesStore.write0 (0x00007f374fe20790) [0x00007f374fe20980, 0x00007f374fe20e90] Compiler: c1, Barriers: 0, Oops: 1, ImmediateOops: 0, NonImmediateOops: No
[4,417s][debug  ][gc,nmethod     ] Register NMethod: io.sirix.page.PageReference.setHash (0x00007f376f385c90) [0x00007f376f385e20, 0x00007f376f385f50] Compiler: c1, Barriers: 3, Oops: 1, ImmediateOops: 0, NonImmediateOops: No
[4,418s][debug  ][gc,nmethod     ] Register NMethod: java.util.concurrent.ConcurrentHashMap$BaseIterator.<init> (0x00007f374fe20310) [0x00007f374fe204c0, 0x00007f374fe206b8] Compiler: c1, Barriers: 3, Oops: 0, ImmediateOops: 0, NonImmediateOops: No
[4,418s][debug  ][gc,nmethod     ] Register NMethod: java.util.Arrays.fill (0x00007f376f386010) [0x00007f376f386220, 0x00007f376f3871c8] Compiler: c2, Barriers: 54, Oops: 0, ImmediateOops: 0, NonImmediateOops: No
[4,419s][debug  ][gc,nmethod     ] Register NMethod: java.util.concurrent.ConcurrentHashMap.values (0x00007f374fe1fc10) [0x00007f374fe1fde0, 0x00007f374fe201c8] Compiler: c1, Barriers: 7, Oops: 0, ImmediateOops: 0, NonImmediateOops: No
[4,419s][debug  ][gc,nmethod     ] Register NMethod: java.util.concurrent.ConcurrentHashMap$ValueIterator.<init> (0x00007f374fe1f890) [0x00007f374fe1fa40, 0x00007f374fe1fb78] Compiler: c1, Barriers: 0, Oops: 0, ImmediateOops: 0, NonImmediateOops: No
[4,419s][debug  ][gc,nmethod     ] Register NMethod: java.util.concurrent.ConcurrentHashMap$ValuesView.iterator (0x00007f374fe1f310) [0x00007f374fe1f4c0, 0x00007f374fe1f748] Compiler: c1, Barriers: 2, Oops: 0, ImmediateOops: 0, NonImmediateOops: No
[4,420s][debug  ][gc,nmethod     ] Register NMethod: io.sirix.page.KeyValueLeafPage.getHashCode (0x00007f376f387290) [0x00007f376f387420, 0x00007f376f387510] Compiler: c1, Barriers: 1, Oops: 1, ImmediateOops: 0, NonImmediateOops: No
[4,420s][debug  ][gc,nmethod     ] Register NMethod: io.sirix.page.KeyValueLeafPage.clearPage (0x00007f374fe1ef90) [0x00007f374fe1f140, 0x00007f374fe1f278] Compiler: c1, Barriers: 0, Oops: 1, ImmediateOops: 0, NonImmediateOops: No
[4,420s][debug  ][gc,nmethod     ] Register NMethod: io.sirix.page.KeyValueLeafPage.clearPage (0x00007f374fe1e510) [0x00007f374fe1e740, 0x00007f374fe1edf0] Compiler: c1, Barriers: 12, Oops: 1, ImmediateOops: 0, NonImmediateOops: No
[4,420s][debug  ][gc,nmethod     ] Register NMethod: java.util.concurrent.ConcurrentHashMap.clear (0x00007f374fe1d490) [0x00007f374fe1d6e0, 0x00007f374fe1e0d0] Compiler: c1, Barriers: 3, Oops: 0, ImmediateOops: 0, NonImmediateOops: No
[4,421s][debug  ][gc,director    ] Rule Major: Warmup 20%, Used: 1476MB, UsedThreshold: 3072MB
[4,421s][debug  ][gc,director    ] Select Minor GC Workers (Not Warm), GCWorkers: 5,000
[4,421s][debug  ][gc,nmethod     ] Register NMethod: java.util.Arrays.fill (0x00007f376f387590) [0x00007f376f387780, 0x00007f376f388130] Compiler: c2, Barriers: 30, Oops: 0, ImmediateOops: 0, NonImmediateOops: No
[4,421s][debug  ][gc,director    ] Rule Minor: Allocation Rate (Dynamic GC Workers), MaxAllocRate: 564,1MB/s (+/-27,6%), Free: 13842MB, GCCPUTime: 1,677, GCDuration: 0,340s, TimeUntilOOM: 19,224s, TimeUntilGC: 18,884s, GCWorkers: 5
[4,421s][debug  ][gc,director    ] Select Minor GC Workers (Not Warm), GCWorkers: 5,000
[4,421s][debug  ][gc,director    ] Rule Minor: Allocation Rate (Dynamic GC Workers), MaxAllocRate: 2175,1MB/s (+/-27,6%), Free: 13842MB, GCCPUTime: 1,677, GCDuration: 0,340s, TimeUntilOOM: 4,986s, TimeUntilGC: 4,646s, GCWorkers: 5
[4,421s][debug  ][gc,director    ] Rule Minor: High Usage, Free: 13842MB(90,1%)
[4,422s][debug  ][gc,nmethod     ] Register NMethod: sun.nio.ch.NativeThread.current0 (0x00007f376f388290) [0x00007f376f388420, 0x00007f376f3885e8] Compiler: , Barriers: 0, Oops: 0, ImmediateOops: 1, NonImmediateOops: No
[4,422s][debug  ][gc,nmethod     ] Register NMethod: sun.nio.ch.NativeThread.currentNativeThread (0x00007f374fe1d110) [0x00007f374fe1d2c0, 0x00007f374fe1d3d8] Compiler: c1, Barriers: 0, Oops: 0, ImmediateOops: 0, NonImmediateOops: No
[4,422s][debug  ][gc,nmethod     ] Register NMethod: sun.nio.ch.FileChannelImpl.ensureOpen (0x00007f374fe1cc10) [0x00007f374fe1cdc0, 0x00007f374fe1d030] Compiler: c1, Barriers: 0, Oops: 0, ImmediateOops: 0, NonImmediateOops: No
[4,422s][debug  ][gc,nmethod     ] Register NMethod: sun.nio.ch.FileChannelImpl.beginBlocking (0x00007f374fe1c810) [0x00007f374fe1c9c0, 0x00007f374fe1cb30] Compiler: c1, Barriers: 0, Oops: 0, ImmediateOops: 0, NonImmediateOops: No
[4,422s][debug  ][gc,nmethod     ] Register NMethod: sun.nio.ch.NativeThreadSet.remove (0x00007f374fe1c190) [0x00007f374fe1c340, 0x00007f374fe1c668] Compiler: c1, Barriers: 1, Oops: 0, ImmediateOops: 0, NonImmediateOops: No
[4,422s][debug  ][gc,nmethod     ] Register NMethod: sun.nio.ch.NativeThreadSet.add (0x00007f374fefe090) [0x00007f374fefe280, 0x00007f374fefe960] Compiler: c1, Barriers: 5, Oops: 0, ImmediateOops: 0, NonImmediateOops: No
[4,422s][debug  ][gc,nmethod     ] Register NMethod: sun.nio.ch.FileChannelImpl.endBlocking (0x00007f374fe1bd90) [0x00007f374fe1bf40, 0x00007f374fe1c0b0] Compiler: c1, Barriers: 0, Oops: 0, ImmediateOops: 0, NonImmediateOops: No
[4,422s][debug  ][gc,nmethod     ] Register NMethod: java.nio.channels.spi.AbstractInterruptibleChannel.end (0x00007f374fefd690) [0x00007f374fefd8a0, 0x00007f374fefde60] Compiler: c1, Barriers: 6, Oops: 0, ImmediateOops: 1, NonImmediateOops: No
[4,426s][debug  ][gc,nmethod     ] Register NMethod: sun.nio.ch.UnixFileDispatcherImpl.size0 (0x00007f376f388610) [0x00007f376f3887a0, 0x00007f376f388980] Compiler: , Barriers: 0, Oops: 0, ImmediateOops: 1, NonImmediateOops: No
[4,426s][debug  ][gc,nmethod     ] Register NMethod: sun.nio.ch.IOStatus.normalize (0x00007f374fe1ba10) [0x00007f374fe1bba0, 0x00007f374fe1bd00] Compiler: c1, Barriers: 0, Oops: 0, ImmediateOops: 0, NonImmediateOops: No
[4,426s][debug  ][gc,nmethod     ] Register NMethod: sun.nio.ch.UnixFileDispatcherImpl.size (0x00007f374fefd310) [0x00007f374fefd4c0, 0x00007f374fefd5f8] Compiler: c1, Barriers: 0, Oops: 0, ImmediateOops: 0, NonImmediateOops: No
[4,427s][debug  ][gc,nmethod     ] Register NMethod: sun.nio.ch.FileChannelImpl.size (0x00007f374fefb590) [0x00007f374fefb8c0, 0x00007f374fefca40] Compiler: c1, Barriers: 6, Oops: 0, ImmediateOops: 1, NonImmediateOops: No
[4,427s][debug  ][gc,nmethod     ] Register NMethod: io.sirix.page.PagePersister.serializePage (0x00007f374fefaa90) [0x00007f374fefaca0, 0x00007f374fefb328] Compiler: c1, Barriers: 1, Oops: 2, ImmediateOops: 1, NonImmediateOops: No
[4,427s][debug  ][gc,nmethod     ] Register NMethod: io.sirix.page.PageKind.getKind (0x00007f374fefa290) [0x00007f374fefa460, 0x00007f374fefa8c8] Compiler: c1, Barriers: 1, Oops: 2, ImmediateOops: 1, NonImmediateOops: No
[4,428s][debug  ][gc,nmethod     ] Register NMethod: io.sirix.access.trx.page.NodePageTrx.commit (0x00007f374fef9310) [0x00007f374fef9580, 0x00007f374fef9fc0] Compiler: c1, Barriers: 12, Oops: 1, ImmediateOops: 0, NonImmediateOops: No
[4,428s][debug  ][gc,nmethod     ] Register NMethod: io.sirix.io.filechannel.FileChannelWriter.getOffset (0x00007f374fef8c10) [0x00007f374fef8de0, 0x00007f374fef9180] Compiler: c1, Barriers: 1, Oops: 1, ImmediateOops: 0, NonImmediateOops: No
[4,428s][debug  ][gc,nmethod     ] Register NMethod: net.openhft.chronicle.bytes.VanillaBytes.write (0x00007f374fef8790) [0x00007f374fef8940, 0x00007f374fef8af0] Compiler: c1, Barriers: 0, Oops: 1, ImmediateOops: 0, NonImmediateOops: No
[4,428s][debug  ][gc,nmethod     ] Register NMethod: net.openhft.chronicle.bytes.AbstractBytes.canReadDirect (0x00007f374fef8190) [0x00007f374fef8340, 0x00007f374fef8668] Compiler: c1, Barriers: 1, Oops: 1, ImmediateOops: 0, NonImmediateOops: No
[4,428s][debug  ][gc,nmethod     ] Register NMethod: net.openhft.chronicle.bytes.VanillaBytes.write (0x00007f374fef7b90) [0x00007f374fef7d60, 0x00007f374fef8008] Compiler: c1, Barriers: 1, Oops: 1, ImmediateOops: 0, NonImmediateOops: No
[4,428s][debug  ][gc,nmethod     ] Register NMethod: net.openhft.chronicle.bytes.internal.NativeBytesStore.write (0x00007f374fef7790) [0x00007f374fef7940, 0x00007f374fef7a90] Compiler: c1, Barriers: 0, Oops: 1, ImmediateOops: 0, NonImmediateOops: No
[4,428s][debug  ][gc,nmethod     ] Register NMethod: net.openhft.chronicle.bytes.internal.NativeBytesStore.write (0x00007f374fef6710) [0x00007f374fef69a0, 0x00007f374fef7420] Compiler: c1, Barriers: 1, Oops: 1, ImmediateOops: 1, NonImmediateOops: No
[4,428s][debug  ][gc,nmethod     ] Register NMethod: net.openhft.chronicle.bytes.VanillaBytes.write0 (0x00007f374fef5610) [0x00007f374fef5880, 0x00007f374fef6428] Compiler: c1, Barriers: 1, Oops: 1, ImmediateOops: 0, NonImmediateOops: No
[4,429s][debug  ][gc,nmethod     ] Register NMethod: io.sirix.page.KeyValueLeafPage.commit (0x00007f374fef4990) [0x00007f374fef4bc0, 0x00007f374fef5370] Compiler: c1, Barriers: 2, Oops: 1, ImmediateOops: 0, NonImmediateOops: No
[4,429s][debug  ][gc,nmethod     ] Register NMethod: net.openhft.chronicle.bytes.Bytes.bytesForWrite (0x00007f374fef3e10) [0x00007f374fef4020, 0x00007f374fef4750] Compiler: c1, Barriers: 1, Oops: 1, ImmediateOops: 1, NonImmediateOops: No
[4,429s][debug  ][gc,nmethod     ] Register NMethod: java.nio.channels.spi.AbstractInterruptibleChannel.begin (0x00007f374ff6e410) [0x00007f374ff6e620, 0x00007f374ff6ed90] Compiler: c1, Barriers: 11, Oops: 0, ImmediateOops: 1, NonImmediateOops: No
[4,429s][debug  ][gc,nmethod     ] Register NMethod: net.openhft.chronicle.bytes.AbstractBytes.write (0x00007f374ff6f010) [0x00007f374ff6f240, 0x00007f374ff6fc30] Compiler: c1, Barriers: 1, Oops: 1, ImmediateOops: 1, NonImmediateOops: No
[4,430s][debug  ][gc,nmethod     ] Register NMethod: io.sirix.io.filechannel.FileChannelWriter.writePageReference (0x00007f374ff6ff10) [0x00007f374ff707c0, 0x00007f374ff76430] Compiler: c1, Barriers: 48, Oops: 5, ImmediateOops: 13, NonImmediateOops: No
[4,430s][debug  ][gc,nmethod     ] Register NMethod: net.openhft.chronicle.bytes.internal.NativeBytesStore.write0 (0x00007f376f388990) [0x00007f376f388ba0, 0x00007f376f389c78] Compiler: c2, Barriers: 18, Oops: 2, ImmediateOops: 0, NonImmediateOops: No
[4,431s][debug  ][gc,director    ] Rule Major: Warmup 20%, Used: 1478MB, UsedThreshold: 3072MB
[4,431s][debug  ][gc,director    ] Select Minor GC Workers (Not Warm), GCWorkers: 5,000
[4,431s][debug  ][gc,director    ] Rule Minor: Allocation Rate (Dynamic GC Workers), MaxAllocRate: 564,1MB/s (+/-27,6%), Free: 13840MB, GCCPUTime: 1,677, GCDuration: 0,340s, TimeUntilOOM: 19,222s, TimeUntilGC: 18,881s, GCWorkers: 5
[4,431s][debug  ][gc,director    ] Select Minor GC Workers (Not Warm), GCWorkers: 5,000
[4,431s][debug  ][gc,director    ] Rule Minor: Allocation Rate (Dynamic GC Workers), MaxAllocRate: 2175,1MB/s (+/-27,6%), Free: 13840MB, GCCPUTime: 1,677, GCDuration: 0,340s, TimeUntilOOM: 4,985s, TimeUntilGC: 4,645s, GCWorkers: 5
[4,431s][debug  ][gc,director    ] Rule Minor: High Usage, Free: 13840MB(90,1%)
[4,433s][debug  ][gc,nmethod     ] Register NMethod: java.util.Arrays.fill (0x00007f376f38a110) [0x00007f376f38a3c0, 0x00007f376f38c330] Compiler: c2, Barriers: 110, Oops: 0, ImmediateOops: 1, NonImmediateOops: No
[4,434s][debug  ][gc,nmethod     ] Register NMethod: io.sirix.io.filechannel.FileChannelWriter.write (0x00007f374fef3810) [0x00007f374fef39e0, 0x00007f374fef3c80] Compiler: c1, Barriers: 0, Oops: 1, ImmediateOops: 0, NonImmediateOops: No
[4,435s][debug  ][gc,nmethod     ] Register NMethod: net.openhft.chronicle.bytes.AbstractBytes.writePosition (0x00007f374ff78f10) [0x00007f374ff79120, 0x00007f374ff79968] Compiler: c1, Barriers: 1, Oops: 1, ImmediateOops: 0, NonImmediateOops: No
[4,441s][debug  ][gc,nmethod     ] Register NMethod: java.nio.MappedByteBuffer.limit (0x00007f374ff79b90) [0x00007f374ff79d40, 0x00007f374ff79ee8] Compiler: c1, Barriers: 0, Oops: 0, ImmediateOops: 0, NonImmediateOops: No
[4,442s][debug  ][gc,director    ] Rule Major: Warmup 20%, Used: 1480MB, UsedThreshold: 3072MB
[4,442s][debug  ][gc,director    ] Select Minor GC Workers (Not Warm), GCWorkers: 5,000
[4,442s][debug  ][gc,director    ] Rule Minor: Allocation Rate (Dynamic GC Workers), MaxAllocRate: 564,1MB/s (+/-27,6%), Free: 13838MB, GCCPUTime: 1,677, GCDuration: 0,340s, TimeUntilOOM: 19,219s, TimeUntilGC: 18,878s, GCWorkers: 5
[4,442s][debug  ][gc,director    ] Select Minor GC Workers (Not Warm), GCWorkers: 5,000
[4,442s][debug  ][gc,director    ] Rule Minor: Allocation Rate (Dynamic GC Workers), MaxAllocRate: 2175,1MB/s (+/-27,6%), Free: 13838MB, GCCPUTime: 1,677, GCDuration: 0,340s, TimeUntilOOM: 4,985s, TimeUntilGC: 4,644s, GCWorkers: 5
[4,442s][debug  ][gc,director    ] Rule Minor: High Usage, Free: 13838MB(90,1%)
[4,443s][debug  ][gc,nmethod     ] Register NMethod: net.openhft.chronicle.bytes.internal.NativeBytesStore.write0 (0x00007f376f38c410) [0x00007f376f38c660, 0x00007f376f38e088] Compiler: c2, Barriers: 30, Oops: 2, ImmediateOops: 0, NonImmediateOops: No
[4,443s][debug  ][gc,nmethod     ] Register NMethod: sun.nio.ch.NativeDispatcher.needsPositionLock (0x00007f376f38e510) [0x00007f376f38e6a0, 0x00007f376f38e760] Compiler: c1, Barriers: 0, Oops: 0, ImmediateOops: 0, NonImmediateOops: No
[4,447s][debug  ][gc,nmethod     ] Register NMethod: io.sirix.page.PageReference.getHash (0x00007f376f38e810) [0x00007f376f38e9a0, 0x00007f376f38ea90] Compiler: c1, Barriers: 1, Oops: 1, ImmediateOops: 0, NonImmediateOops: No
[4,447s][debug  ][gc,nmethod     ] Register NMethod: io.sirix.page.PageReference.getPageFragments (0x00007f376f38eb10) [0x00007f376f38eca0, 0x00007f376f38ed90] Compiler: c1, Barriers: 1, Oops: 1, ImmediateOops: 0, NonImmediateOops: No
[4,447s][debug  ][gc,nmethod     ] Register NMethod: net.openhft.chronicle.bytes.internal.NativeBytesStore.writeLong (0x00007f374ff7a010) [0x00007f374ff7a1c0, 0x00007f374ff7a310] Compiler: c1, Barriers: 0, Oops: 1, ImmediateOops: 0, NonImmediateOops: No
[4,447s][debug  ][gc,nmethod     ] Register NMethod: java.util.Arrays.fill (0x00007f376f38ee10) [0x00007f376f38f040, 0x00007f376f3901d8] Compiler: c2, Barriers: 62, Oops: 0, ImmediateOops: 1, NonImmediateOops: No
[4,447s][debug  ][gc,nmethod     ] Register NMethod: io.sirix.page.SerializationType.writePageFragments (0x00007f374ff7a410) [0x00007f374ff7a680, 0x00007f374ff7b108] Compiler: c1, Barriers: 1, Oops: 1, ImmediateOops: 0, NonImmediateOops: No
[4,447s][debug  ][gc,nmethod     ] Register NMethod: io.sirix.page.SerializationType.writeHash (0x00007f374ff7b490) [0x00007f374ff7b6c0, 0x00007f374ff7bfb8] Compiler: c1, Barriers: 3, Oops: 1, ImmediateOops: 0, NonImmediateOops: No
[4,449s][debug  ][gc,nmethod     ] Register NMethod: net.openhft.chronicle.bytes.NativeBytes.writeLong (0x00007f376f390310) [0x00007f376f390500, 0x00007f376f390a48] Compiler: c2, Barriers: 6, Oops: 1, ImmediateOops: 0, NonImmediateOops: No
[4,450s][debug  ][gc,nmethod     ] Register NMethod: net.openhft.chronicle.bytes.internal.NativeBytesStore.underlyingObject (0x00007f376f390f10) [0x00007f376f3910a0, 0x00007f376f391190] Compiler: c1, Barriers: 1, Oops: 1, ImmediateOops: 0, NonImmediateOops: No
[4,452s][debug  ][gc,director    ] Rule Major: Warmup 20%, Used: 1484MB, UsedThreshold: 3072MB
[4,452s][debug  ][gc,director    ] Select Minor GC Workers (Not Warm), GCWorkers: 5,000
[4,452s][debug  ][gc,director    ] Rule Minor: Allocation Rate (Dynamic GC Workers), MaxAllocRate: 564,1MB/s (+/-27,6%), Free: 13834MB, GCCPUTime: 1,677, GCDuration: 0,340s, TimeUntilOOM: 19,213s, TimeUntilGC: 18,873s, GCWorkers: 5
[4,452s][debug  ][gc,director    ] Select Minor GC Workers (Not Warm), GCWorkers: 5,000
[4,452s][debug  ][gc,director    ] Rule Minor: Allocation Rate (Dynamic GC Workers), MaxAllocRate: 2175,1MB/s (+/-27,6%), Free: 13834MB, GCCPUTime: 1,677, GCDuration: 0,340s, TimeUntilOOM: 4,983s, TimeUntilGC: 4,643s, GCWorkers: 5
[4,452s][debug  ][gc,director    ] Rule Minor: High Usage, Free: 13834MB(90,1%)
[4,452s][debug  ][gc,nmethod     ] Register NMethod: net.openhft.chronicle.bytes.NativeBytes.writeLong (0x00007f376f391210) [0x00007f376f391400, 0x00007f376f391948] Compiler: c2, Barriers: 6, Oops: 1, ImmediateOops: 0, NonImmediateOops: No
[4,452s][debug  ][gc,nmethod     ] Register NMethod: io.sirix.page.PageReference.setKey (0x00007f376f391e10) [0x00007f376f391f80, 0x00007f376f392008] Compiler: c2, Barriers: 0, Oops: 1, ImmediateOops: 0, NonImmediateOops: No
[4,458s][debug  ][gc,nmethod     ] Register NMethod: java.nio.MappedByteBuffer.position (0x00007f374ff7c310) [0x00007f374ff7c4c0, 0x00007f374ff7c6c8] Compiler: c1, Barriers: 0, Oops: 0, ImmediateOops: 0, NonImmediateOops: No
[4,460s][debug  ][gc,nmethod     ] Register NMethod: java.util.concurrent.ConcurrentHashMap$Traverser.advance (0x00007f376f392110) [0x00007f376f3922c0, 0x00007f376f392728] Compiler: c2, Barriers: 10, Oops: 0, ImmediateOops: 0, NonImmediateOops: No
[4,462s][debug  ][gc,nmethod     ] Register NMethod: net.openhft.chronicle.bytes.AbstractBytes.writeShort (0x00007f374ff7c810) [0x00007f374ff7c9c0, 0x00007f374ff7cb70] Compiler: c1, Barriers: 0, Oops: 1, ImmediateOops: 0, NonImmediateOops: No
[4,462s][debug  ][gc,director    ] Rule Major: Warmup 20%, Used: 1490MB, UsedThreshold: 3072MB
[4,462s][debug  ][gc,director    ] Select Minor GC Workers (Not Warm), GCWorkers: 5,000
[4,462s][debug  ][gc,director    ] Rule Minor: Allocation Rate (Dynamic GC Workers), MaxAllocRate: 564,1MB/s (+/-27,6%), Free: 13828MB, GCCPUTime: 1,677, GCDuration: 0,340s, TimeUntilOOM: 19,205s, TimeUntilGC: 18,865s, GCWorkers: 5
[4,462s][debug  ][gc,director    ] Select Minor GC Workers (Not Warm), GCWorkers: 5,000
[4,462s][debug  ][gc,director    ] Rule Minor: Allocation Rate (Dynamic GC Workers), MaxAllocRate: 2175,1MB/s (+/-27,6%), Free: 13828MB, GCCPUTime: 1,677, GCDuration: 0,340s, TimeUntilOOM: 4,981s, TimeUntilGC: 4,641s, GCWorkers: 5
[4,462s][debug  ][gc,nmethod     ] Register NMethod: java.lang.Math.multiplyExact (0x00007f374ff7cc10) [0x00007f374ff7cde0, 0x00007f374ff7d2e8] Compiler: c1, Barriers: 0, Oops: 0, ImmediateOops: 1, NonImmediateOops: No
[4,462s][debug  ][gc,director    ] Rule Minor: High Usage, Free: 13828MB(90,0%)
[4,472s][debug  ][gc,director    ] Rule Major: Warmup 20%, Used: 1490MB, UsedThreshold: 3072MB
[4,472s][debug  ][gc,director    ] Select Minor GC Workers (Not Warm), GCWorkers: 5,000
[4,472s][debug  ][gc,director    ] Rule Minor: Allocation Rate (Dynamic GC Workers), MaxAllocRate: 564,1MB/s (+/-27,6%), Free: 13828MB, GCCPUTime: 1,677, GCDuration: 0,340s, TimeUntilOOM: 19,205s, TimeUntilGC: 18,865s, GCWorkers: 5
[4,472s][debug  ][gc,director    ] Select Minor GC Workers (Not Warm), GCWorkers: 5,000
[4,472s][debug  ][gc,director    ] Rule Minor: Allocation Rate (Dynamic GC Workers), MaxAllocRate: 2175,1MB/s (+/-27,6%), Free: 13828MB, GCCPUTime: 1,677, GCDuration: 0,340s, TimeUntilOOM: 4,981s, TimeUntilGC: 4,641s, GCWorkers: 5
[4,472s][debug  ][gc,director    ] Rule Minor: High Usage, Free: 13828MB(90,0%)
[4,480s][debug  ][gc,nmethod     ] Register NMethod: sun.nio.ch.IOUtil.bufferAddress (0x00007f374ff7d490) [0x00007f374ff7d620, 0x00007f374ff7d780] Compiler: c1, Barriers: 0, Oops: 0, ImmediateOops: 1, NonImmediateOops: No
[4,480s][debug  ][gc,nmethod     ] Register NMethod: java.nio.Buffer$2.getBufferAddress (0x00007f374ff7d890) [0x00007f374ff7da20, 0x00007f374ff7db30] Compiler: c1, Barriers: 0, Oops: 0, ImmediateOops: 0, NonImmediateOops: No
[4,480s][debug  ][gc,nmethod     ] Register NMethod: sun.nio.ch.IOUtil.acquireScope (0x00007f374ff7dc10) [0x00007f374ff7de60, 0x00007f374ff7e7f8] Compiler: c1, Barriers: 2, Oops: 0, ImmediateOops: 3, NonImmediateOops: No
[4,480s][debug  ][gc,nmethod     ] Register NMethod: sun.nio.ch.IOStatus.normalize (0x00007f374ff7eb10) [0x00007f374ff7eca0, 0x00007f374ff7edf0] Compiler: c1, Barriers: 0, Oops: 0, ImmediateOops: 0, NonImmediateOops: No
[4,480s][debug  ][gc,nmethod     ] Register NMethod: java.nio.Buffer$2.acquireSession (0x00007f374ff7ee90) [0x00007f374ff7f060, 0x00007f374ff7f480] Compiler: c1, Barriers: 1, Oops: 0, ImmediateOops: 0, NonImmediateOops: No
[4,480s][debug  ][gc,nmethod     ] Register NMethod: java.nio.Buffer$2.releaseSession (0x00007f374ff7f610) [0x00007f374ff7f800, 0x00007f374ff7fd08] Compiler: c1, Barriers: 1, Oops: 0, ImmediateOops: 0, NonImmediateOops: No
[4,480s][debug  ][gc,nmethod     ] Register NMethod: sun.nio.ch.IOUtil.releaseScope (0x00007f374ff7ff90) [0x00007f374ff801a0, 0x00007f374ff80810] Compiler: c1, Barriers: 1, Oops: 0, ImmediateOops: 1, NonImmediateOops: No
[4,481s][debug  ][gc,nmethod     ] Register NMethod: java.lang.StringBuilder.charAt (0x00007f374ff80b10) [0x00007f374ff80cc0, 0x00007f374ff80df8] Compiler: c1, Barriers: 0, Oops: 0, ImmediateOops: 0, NonImmediateOops: No
[4,481s][debug  ][gc,nmethod     ] Register NMethod: java.lang.AbstractStringBuilder.charAt (0x00007f374ff80e90) [0x00007f374ff81060, 0x00007f374ff813e0] Compiler: c1, Barriers: 2, Oops: 1, ImmediateOops: 1, NonImmediateOops: No
[4,481s][debug  ][gc,nmethod     ] Register NMethod: net.openhft.chronicle.bytes.StreamingDataInput.rawReadByte (0x00007f374ff81590) [0x00007f374ff81740, 0x00007f374ff81920] Compiler: c1, Barriers: 0, Oops: 1, ImmediateOops: 0, NonImmediateOops: No
[4,481s][debug  ][gc,nmethod     ] Register NMethod: net.jpountz.util.SafeUtils.readIntLE (0x00007f374ff81a10) [0x00007f374ff81ba0, 0x00007f374ff81d40] Compiler: c1, Barriers: 0, Oops: 1, ImmediateOops: 0, NonImmediateOops: No
[4,481s][debug  ][gc,nmethod     ] Register NMethod: net.openhft.chronicle.bytes.AbstractBytes.readInt (0x00007f374ff81e90) [0x00007f374ff82060, 0x00007f374ff823d0] Compiler: c1, Barriers: 1, Oops: 1, ImmediateOops: 0, NonImmediateOops: No
[4,482s][debug  ][gc,nmethod     ] Register NMethod: net.openhft.chronicle.core.UnsafeMemory.readInt (0x00007f374ff82510) [0x00007f374ff826a0, 0x00007f374ff82868] Compiler: c1, Barriers: 0, Oops: 1, ImmediateOops: 1, NonImmediateOops: No
[4,482s][debug  ][gc,nmethod     ] Register NMethod: net.openhft.chronicle.bytes.internal.HeapBytesStore.readInt (0x00007f374ff82910) [0x00007f374ff82b00, 0x00007f374ff83228] Compiler: c1, Barriers: 3, Oops: 1, ImmediateOops: 2, NonImmediateOops: No
[4,482s][debug  ][gc,nmethod     ] Register NMethod: java.lang.StringBuilder.append (0x00007f374ff83490) [0x00007f374ff83640, 0x00007f374ff837e8] Compiler: c1, Barriers: 0, Oops: 0, ImmediateOops: 0, NonImmediateOops: No
[4,482s][debug  ][gc,director    ] Rule Major: Warmup 20%, Used: 1492MB, UsedThreshold: 3072MB
[4,482s][debug  ][gc,director    ] Select Minor GC Workers (Not Warm), GCWorkers: 5,000
[4,482s][debug  ][gc,director    ] Rule Minor: Allocation Rate (Dynamic GC Workers), MaxAllocRate: 564,1MB/s (+/-27,6%), Free: 13826MB, GCCPUTime: 1,677, GCDuration: 0,340s, TimeUntilOOM: 19,202s, TimeUntilGC: 18,862s, GCWorkers: 5
[4,482s][debug  ][gc,director    ] Select Minor GC Workers (Not Warm), GCWorkers: 5,000
[4,482s][debug  ][gc,director    ] Rule Minor: Allocation Rate (Dynamic GC Workers), MaxAllocRate: 2175,1MB/s (+/-27,6%), Free: 13826MB, GCCPUTime: 1,677, GCDuration: 0,340s, TimeUntilOOM: 4,980s, TimeUntilGC: 4,640s, GCWorkers: 5
[4,482s][debug  ][gc,director    ] Rule Minor: High Usage, Free: 13826MB(90,0%)
[4,482s][debug  ][gc,nmethod     ] Register NMethod: java.lang.invoke.MethodHandle.linkToStatic (0x00007f376f392890) [0x00007f376f392a00, 0x00007f376f392af0] Compiler: , Barriers: 0, Oops: 0, ImmediateOops: 0, NonImmediateOops: No
[4,482s][debug  ][gc,nmethod     ] Register NMethod: java.lang.invoke.MethodHandle.linkToStatic (0x00007f376f392b90) [0x00007f376f392d00, 0x00007f376f392df0] Compiler: , Barriers: 0, Oops: 0, ImmediateOops: 0, NonImmediateOops: No
[4,482s][debug  ][gc,nmethod     ] Register NMethod: java.lang.invoke.MethodHandle.linkToStatic (0x00007f376f392e90) [0x00007f376f393000, 0x00007f376f3930f0] Compiler: , Barriers: 0, Oops: 0, ImmediateOops: 0, NonImmediateOops: No
[4,485s][debug  ][gc,nmethod     ] Register NMethod: jdk.internal.vm.Continuation.enterSpecial (0x00007f376f393190) [0x00007f376f393320, 0x00007f376f393518] Compiler: , Barriers: 0, Oops: 0, ImmediateOops: 0, NonImmediateOops: No
[4,486s][debug  ][gc,nmethod     ] Register NMethod: java.lang.Thread.isVirtual (0x00007f374ff83890) [0x00007f374ff83a20, 0x00007f374ff83c08] Compiler: c1, Barriers: 0, Oops: 0, ImmediateOops: 0, NonImmediateOops: No
[4,486s][debug  ][gc,nmethod     ] Register NMethod: java.nio.channels.spi.AbstractInterruptibleChannel.begin (0x00007f374ff83c90) [0x00007f374ff83ec0, 0x00007f374ff84660] Compiler: c1, Barriers: 11, Oops: 0, ImmediateOops: 1, NonImmediateOops: No
[4,487s][debug  ][gc,nmethod     ] Register NMethod: java.lang.Class.cast (0x00007f376f393590) [0x00007f376f393720, 0x00007f376f393820] Compiler: c2, Barriers: 0, Oops: 0, ImmediateOops: 0, NonImmediateOops: No
[4,487s][debug  ][gc,nmethod     ] Register NMethod: jdk.internal.misc.Blocker.end (0x00007f374ff84910) [0x00007f374ff84b00, 0x00007f374ff85130] Compiler: c1, Barriers: 2, Oops: 0, ImmediateOops: 2, NonImmediateOops: No
[4,488s][debug  ][gc,nmethod     ] Register NMethod: net.openhft.chronicle.bytes.StreamingDataInput.read (0x00007f374ff85390) [0x00007f374ff85540, 0x00007f374ff85728] Compiler: c1, Barriers: 0, Oops: 1, ImmediateOops: 0, NonImmediateOops: No
[4,488s][debug  ][gc,nmethod     ] Register NMethod: net.openhft.chronicle.bytes.AbstractBytes.read (0x00007f374ff85810) [0x00007f374ff85a20, 0x00007f374ff861e8] Compiler: c1, Barriers: 2, Oops: 1, ImmediateOops: 0, NonImmediateOops: No
[4,488s][debug  ][gc,nmethod     ] Register NMethod: net.openhft.chronicle.bytes.VanillaBytes.read (0x00007f374ff86510) [0x00007f374ff86740, 0x00007f374ff86ff0] Compiler: c1, Barriers: 2, Oops: 1, ImmediateOops: 0, NonImmediateOops: No
[4,488s][debug  ][gc,nmethod     ] Register NMethod: net.openhft.chronicle.bytes.AbstractBytes$ReportUnoptimised.reportOnce (0x00007f374fe1b710) [0x00007f374fe1b8a0, 0x00007f374fe1b980] Compiler: c1, Barriers: 0, Oops: 1, ImmediateOops: 0, NonImmediateOops: No
[4,488s][debug  ][gc,nmethod     ] Register NMethod: net.openhft.chronicle.bytes.RandomCommon.readRemaining (0x00007f376f393910) [0x00007f376f393aa0, 0x00007f376f393b40] Compiler: c2, Barriers: 0, Oops: 1, ImmediateOops: 0, NonImmediateOops: No
[4,489s][debug  ][gc,nmethod     ] Register NMethod: java.lang.invoke.MethodHandle.linkToStatic (0x00007f376f393c10) [0x00007f376f393d80, 0x00007f376f393e70] Compiler: , Barriers: 0, Oops: 0, ImmediateOops: 0, NonImmediateOops: No
[4,489s][debug  ][gc,nmethod     ] Register NMethod: java.lang.invoke.MethodHandle.invokeBasic (0x00007f376f393f10) [0x00007f376f3940a0, 0x00007f376f394338] Compiler: , Barriers: 0, Oops: 0, ImmediateOops: 0, NonImmediateOops: No
[4,489s][debug  ][gc,nmethod     ] Register NMethod: java.lang.invoke.MethodHandle.linkToSpecial (0x00007f376f394390) [0x00007f376f394500, 0x00007f376f3945f8] Compiler: , Barriers: 0, Oops: 0, ImmediateOops: 0, NonImmediateOops: No
[4,489s][debug  ][gc,nmethod     ] Register NMethod: java.lang.invoke.MethodHandle.invokeBasic (0x00007f376f394690) [0x00007f376f394820, 0x00007f376f394ab8] Compiler: , Barriers: 0, Oops: 0, ImmediateOops: 0, NonImmediateOops: No
[4,490s][debug  ][gc,nmethod     ] Register NMethod: io.sirix.page.KeyValueLeafPage.getDeweyId (0x00007f374ff87290) [0x00007f374ff87440, 0x00007f374ff875d0] Compiler: c1, Barriers: 2, Oops: 1, ImmediateOops: 0, NonImmediateOops: No
[4,490s][debug  ][gc,nmethod     ] Register NMethod: io.sirix.page.KeyValueLeafPage.setDeweyId (0x00007f374ff87690) [0x00007f374ff87840, 0x00007f374ff87b10] Compiler: c1, Barriers: 4, Oops: 1, ImmediateOops: 0, NonImmediateOops: No
[4,490s][debug  ][gc,nmethod     ] Register NMethod: io.sirix.page.KeyValueLeafPage.setSlot (0x00007f374ff87c10) [0x00007f374ff87dc0, 0x00007f374ff88150] Compiler: c1, Barriers: 4, Oops: 1, ImmediateOops: 0, NonImmediateOops: No
[4,490s][debug  ][gc,nmethod     ] Register NMethod: io.sirix.page.KeyValueLeafPage.getSlot (0x00007f374ff88290) [0x00007f374ff88440, 0x00007f374ff885d0] Compiler: c1, Barriers: 2, Oops: 1, ImmediateOops: 0, NonImmediateOops: No
[4,490s][debug  ][gc,nmethod     ] Register NMethod: net.openhft.chronicle.bytes.AbstractBytes.clear (0x00007f374ff88690) [0x00007f374ff88860, 0x00007f374ff88e08] Compiler: c1, Barriers: 1, Oops: 1, ImmediateOops: 0, NonImmediateOops: No
[4,490s][debug  ][gc,nmethod     ] Register NMethod: io.sirix.cache.IndexLogKey.<init> (0x00007f374ff88f90) [0x00007f374ff89140, 0x00007f374ff89320] Compiler: c1, Barriers: 3, Oops: 1, ImmediateOops: 0, NonImmediateOops: No
[4,490s][debug  ][gc,nmethod     ] Register NMethod: io.sirix.node.HashEntryNode.getKey (0x00007f376f394b10) [0x00007f376f394ca0, 0x00007f376f394d60] Compiler: c1, Barriers: 0, Oops: 1, ImmediateOops: 0, NonImmediateOops: No
[4,490s][debug  ][gc,nmethod     ] Register NMethod: io.sirix.node.HashEntryNode.getValue (0x00007f376f394e10) [0x00007f376f394fa0, 0x00007f376f395090] Compiler: c1, Barriers: 1, Oops: 1, ImmediateOops: 0, NonImmediateOops: No
[4,490s][debug  ][gc,nmethod     ] Register NMethod: io.sirix.node.HashCountEntryNode.getValue (0x00007f376f395110) [0x00007f376f3952a0, 0x00007f376f395360] Compiler: c1, Barriers: 0, Oops: 1, ImmediateOops: 0, NonImmediateOops: No
[4,490s][debug  ][gc,nmethod     ] Register NMethod: jdk.internal.misc.Unsafe.getByte (0x00007f374ff89410) [0x00007f374ff895a0, 0x00007f374ff896b8] Compiler: c1, Barriers: 0, Oops: 0, ImmediateOops: 0, NonImmediateOops: No
[4,490s][debug  ][gc,nmethod     ] Register NMethod: net.openhft.chronicle.core.UnsafeMemory.readByte (0x00007f374ff89790) [0x00007f374ff89940, 0x00007f374ff89b30] Compiler: c1, Barriers: 0, Oops: 2, ImmediateOops: 2, NonImmediateOops: No
[4,490s][debug  ][gc,nmethod     ] Register NMethod: sun.misc.Unsafe.getByte (0x00007f374ff89c10) [0x00007f374ff89da0, 0x00007f374ff89f20] Compiler: c1, Barriers: 0, Oops: 1, ImmediateOops: 1, NonImmediateOops: No
[4,490s][debug  ][gc,nmethod     ] Register NMethod: net.openhft.chronicle.bytes.internal.NativeBytesStore.readByte (0x00007f374ff8a010) [0x00007f374ff8a1e0, 0x00007f374ff8a570] Compiler: c1, Barriers: 1, Oops: 2, ImmediateOops: 2, NonImmediateOops: No
[4,490s][debug  ][gc,nmethod     ] Register NMethod: java.lang.StringBuilder.setCharAt (0x00007f374ff8a710) [0x00007f374ff8a8c0, 0x00007f374ff8a9f8] Compiler: c1, Barriers: 0, Oops: 0, ImmediateOops: 0, NonImmediateOops: No
[4,490s][debug  ][gc,nmethod     ] Register NMethod: net.openhft.chronicle.bytes.AbstractBytes.readByte (0x00007f374ff8aa90) [0x00007f374ff8ac40, 0x00007f374ff8af18] Compiler: c1, Barriers: 1, Oops: 1, ImmediateOops: 0, NonImmediateOops: No
[4,490s][debug  ][gc,nmethod     ] Register NMethod: io.sirix.cache.IndexLogKey.getRecordPageKey (0x00007f376f395410) [0x00007f376f3955a0, 0x00007f376f395660] Compiler: c1, Barriers: 0, Oops: 1, ImmediateOops: 0, NonImmediateOops: No
[4,490s][debug  ][gc,nmethod     ] Register NMethod: io.sirix.cache.IndexLogKey.getIndexType (0x00007f376f395710) [0x00007f376f3958a0, 0x00007f376f395990] Compiler: c1, Barriers: 1, Oops: 1, ImmediateOops: 0, NonImmediateOops: No
[4,490s][debug  ][gc,nmethod     ] Register NMethod: io.sirix.page.PageKind$1.serializePage (0x00007f376f395a10) [0x00007f376f396660, 0x00007f376f39f710] Compiler: c2, Barriers: 159, Oops: 10, ImmediateOops: 17, NonImmediateOops: No
[4,491s][debug  ][gc,nmethod     ] Register NMethod: net.openhft.chronicle.core.scoped.StrongReferenceScopedResource.get (0x00007f376f3a6390) [0x00007f376f3a6520, 0x00007f376f3a6610] Compiler: c1, Barriers: 1, Oops: 1, ImmediateOops: 0, NonImmediateOops: No
[4,491s][debug  ][gc,nmethod     ] Register NMethod: java.lang.AbstractStringBuilder.setCharAt (0x00007f374ff8b010) [0x00007f374ff8b240, 0x00007f374ff8b9d8] Compiler: c1, Barriers: 2, Oops: 1, ImmediateOops: 2, NonImmediateOops: No
[4,491s][debug  ][gc,nmethod     ] Register NMethod: io.sirix.access.trx.page.NodePageReadOnlyTrx.getValue (0x00007f374ff8bc90) [0x00007f374ff8bf20, 0x00007f374ff8ca30] Compiler: c1, Barriers: 6, Oops: 1, ImmediateOops: 0, NonImmediateOops: No
[4,491s][debug  ][gc,nmethod     ] Register NMethod: io.sirix.cache.IndexLogKey.getIndexNumber (0x00007f376f3a6690) [0x00007f376f3a6820, 0x00007f376f3a68e0] Compiler: c1, Barriers: 0, Oops: 1, ImmediateOops: 0, NonImmediateOops: No
[4,491s][debug  ][gc,nmethod     ] Register NMethod: io.sirix.cache.IndexLogKey.getRevisionNumber (0x00007f376f3a6990) [0x00007f376f3a6b20, 0x00007f376f3a6be0] Compiler: c1, Barriers: 0, Oops: 1, ImmediateOops: 0, NonImmediateOops: No
[4,491s][debug  ][gc,nmethod     ] Register NMethod: io.sirix.access.trx.page.NodePageReadOnlyTrx$RecordPage.page (0x00007f376f3a6c90) [0x00007f376f3a6e20, 0x00007f376f3a6f10] Compiler: c1, Barriers: 1, Oops: 1, ImmediateOops: 0, NonImmediateOops: No
[4,491s][debug  ][gc,nmethod     ] Register NMethod: java.lang.Byte.valueOf (0x00007f374ff8cf10) [0x00007f374ff8d0a0, 0x00007f374ff8d1e8] Compiler: c1, Barriers: 1, Oops: 0, ImmediateOops: 1, NonImmediateOops: No
[4,491s][debug  ][gc,nmethod     ] Register NMethod: java.lang.StringBuilder.setLength (0x00007f374ff8d290) [0x00007f374ff8d440, 0x00007f374ff8d578] Compiler: c1, Barriers: 0, Oops: 0, ImmediateOops: 0, NonImmediateOops: No
[4,491s][debug  ][gc,nmethod     ] Register NMethod: java.lang.StringLatin1.canEncode (0x00007f376f3a6f90) [0x00007f376f3a7100, 0x00007f376f3a7170] Compiler: c2, Barriers: 0, Oops: 0, ImmediateOops: 0, NonImmediateOops: No
[4,491s][debug  ][gc,nmethod     ] Register NMethod: java.lang.AbstractStringBuilder.setLength (0x00007f374ff8d610) [0x00007f374ff8d820, 0x00007f374ff8dd90] Compiler: c1, Barriers: 2, Oops: 0, ImmediateOops: 0, NonImmediateOops: No
[4,491s][debug  ][gc,nmethod     ] Register NMethod: it.unimi.dsi.fastutil.ints.Int2IntOpenHashMap.insert (0x00007f374ff8df90) [0x00007f374ff8e160, 0x00007f374ff8e428] Compiler: c1, Barriers: 2, Oops: 1, ImmediateOops: 0, NonImmediateOops: No
[4,491s][debug  ][gc,nmethod     ] Register NMethod: io.sirix.node.HashEntryNode.<init> (0x00007f374ff8e590) [0x00007f374ff8e760, 0x00007f374ff8ea98] Compiler: c1, Barriers: 3, Oops: 1, ImmediateOops: 0, NonImmediateOops: No
[4,491s][debug  ][gc,nmethod     ] Register NMethod: java.lang.ThreadLocal.get (0x00007f374ff8ec10) [0x00007f374ff8edc0, 0x00007f374ff8ef48] Compiler: c1, Barriers: 1, Oops: 0, ImmediateOops: 0, NonImmediateOops: No
[4,491s][debug  ][gc,nmethod     ] Register NMethod: java.util.function.UnaryOperator.lambda$identity$0 (0x00007f374ff8f010) [0x00007f374ff8f1a0, 0x00007f374ff8f288] Compiler: c1, Barriers: 0, Oops: 0, ImmediateOops: 0, NonImmediateOops: No
[4,491s][debug  ][gc,nmethod     ] Register NMethod: net.openhft.chronicle.core.threads.CleaningThreadLocal.get (0x00007f374ff8f310) [0x00007f374ff8f4e0, 0x00007f374ff8f7c0] Compiler: c1, Barriers: 2, Oops: 1, ImmediateOops: 0, NonImmediateOops: No
[4,491s][debug  ][gc,nmethod     ] Register NMethod: java.util.function.UnaryOperator$$Lambda/0x00000000802c3ee0.apply (0x00007f374ff8f910) [0x00007f374ff8faa0, 0x00007f374ff8fc00] Compiler: c1, Barriers: 0, Oops: 0, ImmediateOops: 0, NonImmediateOops: No
[4,492s][debug  ][gc,nmethod     ] Register NMethod: net.openhft.chronicle.core.UnsafeMemory.readInt (0x00007f374ff8fc90) [0x00007f374ff8fe40, 0x00007f374ff90018] Compiler: c1, Barriers: 0, Oops: 2, ImmediateOops: 2, NonImmediateOops: No
[4,492s][debug  ][gc,nmethod     ] Register NMethod: net.openhft.chronicle.bytes.internal.NativeBytesStore.readInt (0x00007f374ff90110) [0x00007f374ff902e0, 0x00007f374ff90668] Compiler: c1, Barriers: 1, Oops: 2, ImmediateOops: 2, NonImmediateOops: No
[4,492s][debug  ][gc,nmethod     ] Register NMethod: jdk.internal.misc.Unsafe.getInt (0x00007f374ff90810) [0x00007f374ff909a0, 0x00007f374ff90ab0] Compiler: c1, Barriers: 0, Oops: 0, ImmediateOops: 0, NonImmediateOops: No
[4,492s][debug  ][gc,director    ] Rule Major: Warmup 20%, Used: 1492MB, UsedThreshold: 3072MB
[4,492s][debug  ][gc,director    ] Select Minor GC Workers (Not Warm), GCWorkers: 5,000
[4,492s][debug  ][gc,director    ] Rule Minor: Allocation Rate (Dynamic GC Workers), MaxAllocRate: 564,1MB/s (+/-27,6%), Free: 13826MB, GCCPUTime: 1,677, GCDuration: 0,340s, TimeUntilOOM: 19,202s, TimeUntilGC: 18,862s, GCWorkers: 5
[4,492s][debug  ][gc,director    ] Select Minor GC Workers (Not Warm), GCWorkers: 5,000
[4,492s][debug  ][gc,director    ] Rule Minor: Allocation Rate (Dynamic GC Workers), MaxAllocRate: 2175,1MB/s (+/-27,6%), Free: 13826MB, GCCPUTime: 1,677, GCDuration: 0,340s, TimeUntilOOM: 4,980s, TimeUntilGC: 4,640s, GCWorkers: 5
[4,492s][debug  ][gc,director    ] Rule Minor: High Usage, Free: 13826MB(90,0%)
[4,492s][debug  ][gc,nmethod     ] Register NMethod: sun.misc.Unsafe.getInt (0x00007f374ff90b10) [0x00007f374ff90ca0, 0x00007f374ff90e18] Compiler: c1, Barriers: 0, Oops: 1, ImmediateOops: 1, NonImmediateOops: No
[4,493s][debug  ][gc,nmethod     ] Register NMethod: io.sirix.index.path.summary.PathSummaryReader.moveTo (0x00007f374ff90f10) [0x00007f374ff91160, 0x00007f374ff91b90] Compiler: c1, Barriers: 14, Oops: 1, ImmediateOops: 2, NonImmediateOops: No
[4,493s][debug  ][gc,nmethod     ] Register NMethod: io.sirix.access.trx.page.NodePageTrx.getPageContainer (0x00007f374ff91e90) [0x00007f374ff92100, 0x00007f374ff92bf0] Compiler: c1, Barriers: 12, Oops: 4, ImmediateOops: 4, NonImmediateOops: No
[4,493s][debug  ][gc,nmethod     ] Register NMethod: io.sirix.access.trx.page.NodePageReadOnlyTrx.getRecord (0x00007f374ff92f90) [0x00007f374ff93220, 0x00007f374ff93e08] Compiler: c1, Barriers: 3, Oops: 1, ImmediateOops: 3, NonImmediateOops: No
[4,493s][debug  ][gc,nmethod     ] Register NMethod: io.sirix.access.trx.page.NodePageReadOnlyTrx.getRecordPage (0x00007f374ff94210) [0x00007f374ff94540, 0x00007f374ff95478] Compiler: c1, Barriers: 9, Oops: 2, ImmediateOops: 4, NonImmediateOops: No
[4,493s][debug  ][gc,nmethod     ] Register NMethod: java.lang.invoke.LambdaForm$MH/0x0000000080330c00.linkToTargetMethod (0x00007f374ff95910) [0x00007f374ff95ac0, 0x00007f374ff95dc8] Compiler: c1, Barriers: 0, Oops: 1, ImmediateOops: 0, NonImmediateOops: No
[4,493s][debug  ][gc,nmethod     ] Register NMethod: io.sirix.access.trx.page.NodePageTrx.getMostRecentPageContainer (0x00007f374ff95f10) [0x00007f374ff96100, 0x00007f374ff967c8] Compiler: c1, Barriers: 9, Oops: 1, ImmediateOops: 1, NonImmediateOops: No
[4,493s][debug  ][gc,nmethod     ] Register NMethod: io.sirix.access.trx.page.NodePageTrx$$Lambda/0x000000008032cae0.<init> (0x00007f374ff96910) [0x00007f374ff96ac0, 0x00007f374ff96d18] Compiler: c1, Barriers: 6, Oops: 1, ImmediateOops: 0, NonImmediateOops: No
[4,493s][debug  ][gc,nmethod     ] Register NMethod: net.openhft.chronicle.core.io.VanillaReferenceCounted.release (0x00007f376f3a7290) [0x00007f376f3a74c0, 0x00007f376f3a7e50] Compiler: c2, Barriers: 16, Oops: 2, ImmediateOops: 1, NonImmediateOops: No
[4,493s][debug  ][gc,nmethod     ] Register NMethod: java.lang.invoke.LambdaForm$DMH/0x0000000080330400.newInvokeSpecial (0x00007f374ff96e10) [0x00007f374ff97000, 0x00007f374ff975f0] Compiler: c1, Barriers: 2, Oops: 1, ImmediateOops: 1, NonImmediateOops: No
[4,493s][debug  ][gc,nmethod     ] Register NMethod: net.openhft.chronicle.bytes.StreamingDataInput.readStopBit (0x00007f374ff97810) [0x00007f374ff979c0, 0x00007f374ff97af8] Compiler: c1, Barriers: 0, Oops: 1, ImmediateOops: 0, NonImmediateOops: No
[4,493s][debug  ][gc,nmethod     ] Register NMethod: io.sirix.node.Utils.getVarLong (0x00007f374ff97b90) [0x00007f374ff97d40, 0x00007f374ff97f58] Compiler: c1, Barriers: 0, Oops: 1, ImmediateOops: 0, NonImmediateOops: No
[4,493s][debug  ][gc,nmethod     ] Register NMethod: net.openhft.chronicle.bytes.internal.BytesInternal.readStopBit (0x00007f374ff98090) [0x00007f374ff982a0, 0x00007f374ff98948] Compiler: c1, Barriers: 0, Oops: 1, ImmediateOops: 0, NonImmediateOops: No
[4,493s][debug  ][gc,nmethod     ] Register NMethod: io.sirix.io.BytesUtils.doWrite (0x00007f374ff98b90) [0x00007f374ff98d60, 0x00007f374ff992a0] Compiler: c1, Barriers: 1, Oops: 1, ImmediateOops: 0, NonImmediateOops: No
[4,493s][debug  ][gc,nmethod     ] Register NMethod: io.sirix.node.NodeKind.getKind (0x00007f374ff99510) [0x00007f374ff996e0, 0x00007f374ff99b00] Compiler: c1, Barriers: 2, Oops: 2, ImmediateOops: 2, NonImmediateOops: No
[4,493s][debug  ][gc,nmethod     ] Register NMethod: com.google.common.base.Preconditions.checkState (0x00007f376f3a8290) [0x00007f376f3a8400, 0x00007f376f3a8480] Compiler: c2, Barriers: 0, Oops: 1, ImmediateOops: 0, NonImmediateOops: No
[4,493s][debug  ][gc,nmethod     ] Register NMethod: io.sirix.access.trx.page.NodePageReadOnlyTrx.dereferenceIndirectPageReference (0x00007f374ff99c90) [0x00007f374ff99e40, 0x00007f374ff9a050] Compiler: c1, Barriers: 0, Oops: 1, ImmediateOops: 0, NonImmediateOops: No
[4,493s][debug  ][gc,nmethod     ] Register NMethod: java.util.HashMap.computeIfAbsent (0x00007f374ff9a110) [0x00007f374ff9a460, 0x00007f374ff9bab0] Compiler: c1, Barriers: 11, Oops: 0, ImmediateOops: 0, NonImmediateOops: No
[4,494s][debug  ][gc,nmethod     ] Register NMethod: io.sirix.access.trx.page.NodePageTrx$$Lambda/0x000000008032cae0.apply (0x00007f374ff9c090) [0x00007f374ff9c240, 0x00007f374ff9c4e8] Compiler: c1, Barriers: 2, Oops: 1, ImmediateOops: 0, NonImmediateOops: No
[4,494s][debug  ][gc,nmethod     ] Register NMethod: it.unimi.dsi.fastutil.ints.Int2IntOpenHashMap.getOrDefault (0x00007f374ff9c610) [0x00007f374ff9c820, 0x00007f374ff9cdd0] Compiler: c1, Barriers: 4, Oops: 1, ImmediateOops: 0, NonImmediateOops: No
[4,494s][debug  ][gc,nmethod     ] Register NMethod: io.sirix.access.trx.page.NodePageReadOnlyTrx.getLeafPageReference (0x00007f374ff9d010) [0x00007f374ff9d1c0, 0x00007f374ff9d2f8] Compiler: c1, Barriers: 0, Oops: 1, ImmediateOops: 0, NonImmediateOops: No
[4,494s][debug  ][gc,nmethod     ] Register NMethod: io.sirix.access.trx.page.NodePageReadOnlyTrx.getReferenceToLeafOfSubtree (0x00007f374ff9d390) [0x00007f374ff9d600, 0x00007f374ff9df60] Compiler: c1, Barriers: 1, Oops: 1, ImmediateOops: 2, NonImmediateOops: No
[4,494s][debug  ][gc,nmethod     ] Register NMethod: io.sirix.index.path.summary.PathNode.getRightSibling (0x00007f376f3a8590) [0x00007f376f3a8720, 0x00007f376f3a8810] Compiler: c1, Barriers: 1, Oops: 1, ImmediateOops: 0, NonImmediateOops: No
[4,494s][debug  ][gc,nmethod     ] Register NMethod: io.sirix.access.trx.page.NodePageTrx.lambda$getPageContainer$2 (0x00007f374ff9e490) [0x00007f374ff9e6a0, 0x00007f374ff9ec50] Compiler: c1, Barriers: 6, Oops: 1, ImmediateOops: 0, NonImmediateOops: No
[4,494s][debug  ][gc,nmethod     ] Register NMethod: io.sirix.access.trx.page.NodePageReadOnlyTrx.isMostRecentlyReadPathSummaryPage (0x00007f374ff9ee90) [0x00007f374ff9f040, 0x00007f374ff9f2c8] Compiler: c1, Barriers: 1, Oops: 1, ImmediateOops: 0, NonImmediateOops: No
[4,494s][debug  ][gc,nmethod     ] Register NMethod: io.sirix.index.path.summary.PathSummaryReader.getName (0x00007f374ff9f390) [0x00007f374ff9f6c0, 0x00007f374ffa0cb0] Compiler: c1, Barriers: 12, Oops: 1, ImmediateOops: 5, NonImmediateOops: No
[4,494s][debug  ][gc,nmethod     ] Register NMethod: io.sirix.node.delegates.NameNodeDelegate.<init> (0x00007f374ffa1110) [0x00007f374ffa12e0, 0x00007f374ffa16a0] Compiler: c1, Barriers: 3, Oops: 1, ImmediateOops: 1, NonImmediateOops: No
[4,494s][debug  ][gc,nmethod     ] Register NMethod: io.sirix.index.path.summary.PathNode.hashCode (0x00007f374ffa1810) [0x00007f374ffa19e0, 0x00007f374ffa1f50] Compiler: c1, Barriers: 8, Oops: 1, ImmediateOops: 0, NonImmediateOops: No
[4,494s][debug  ][gc,nmethod     ] Register NMethod: io.sirix.index.path.summary.PathNode.getParent (0x00007f376f3a8890) [0x00007f376f3a8a20, 0x00007f376f3a8b10] Compiler: c1, Barriers: 1, Oops: 1, ImmediateOops: 0, NonImmediateOops: No
[4,494s][debug  ][gc,nmethod     ] Register NMethod: java.util.HashMap.afterNodeAccess (0x00007f374ffa2090) [0x00007f374ffa2220, 0x00007f374ffa2320] Compiler: c1, Barriers: 0, Oops: 0, ImmediateOops: 0, NonImmediateOops: No
[4,494s][debug  ][gc,nmethod     ] Register NMethod: io.sirix.index.path.summary.PathNode.<init> (0x00007f374ffa2390) [0x00007f374ffa2620, 0x00007f374ffa32c8] Compiler: c1, Barriers: 15, Oops: 2, ImmediateOops: 2, NonImmediateOops: No
[4,494s][debug  ][gc,nmethod     ] Register NMethod: io.sirix.node.delegates.NodeDelegate.hashCode (0x00007f374ffa3790) [0x00007f374ffa39c0, 0x00007f374ffa4348] Compiler: c1, Barriers: 10, Oops: 1, ImmediateOops: 1, NonImmediateOops: No
[4,494s][debug  ][gc,nmethod     ] Register NMethod: net.openhft.chronicle.bytes.AbstractBytes.readCheckOffset (0x00007f376f3a8b90) [0x00007f376f3a8d20, 0x00007f376f3a8ec8] Compiler: c2, Barriers: 1, Oops: 1, ImmediateOops: 0, NonImmediateOops: No
[4,494s][debug  ][gc,nmethod     ] Register NMethod: io.sirix.node.delegates.NameNodeDelegate.hashCode (0x00007f374ffa4610) [0x00007f374ffa4880, 0x00007f374ffa56a8] Compiler: c1, Barriers: 12, Oops: 1, ImmediateOops: 3, NonImmediateOops: No
[4,494s][debug  ][gc,nmethod     ] Register NMethod: io.sirix.axis.pathsummary.AbstractAxis.hasNext (0x00007f374ffa5a90) [0x00007f374ffa5ca0, 0x00007f374ffa61d8] Compiler: c1, Barriers: 2, Oops: 1, ImmediateOops: 1, NonImmediateOops: No
[4,494s][debug  ][gc,nmethod     ] Register NMethod: io.sirix.index.path.summary.PathNode.setParent (0x00007f376f3a9090) [0x00007f376f3a9220, 0x00007f376f3a9350] Compiler: c1, Barriers: 3, Oops: 1, ImmediateOops: 0, NonImmediateOops: No
[4,494s][debug  ][gc,nmethod     ] Register NMethod: io.sirix.page.NamePage.getName (0x00007f374ffa6390) [0x00007f374ffa6680, 0x00007f374ffa7300] Compiler: c1, Barriers: 25, Oops: 1, ImmediateOops: 4, NonImmediateOops: No
[4,494s][debug  ][gc,nmethod     ] Register NMethod: io.sirix.node.NodeSerializerImpl.deserialize (0x00007f374ffa7590) [0x00007f374ffa77a0, 0x00007f374ffa7e10] Compiler: c1, Barriers: 2, Oops: 2, ImmediateOops: 2, NonImmediateOops: No
[4,494s][debug  ][gc,nmethod     ] Register NMethod: net.openhft.chronicle.bytes.internal.NativeBytesStore.readUnsignedByte (0x00007f374ffa8090) [0x00007f374ffa8240, 0x00007f374ffa8390] Compiler: c1, Barriers: 0, Oops: 1, ImmediateOops: 0, NonImmediateOops: No
[4,494s][debug  ][gc,nmethod     ] Register NMethod: com.google.common.base.Preconditions.checkArgument (0x00007f376f3a9410) [0x00007f376f3a9580, 0x00007f376f3a9600] Compiler: c2, Barriers: 0, Oops: 1, ImmediateOops: 0, NonImmediateOops: No
[4,495s][debug  ][gc,nmethod     ] Register NMethod: io.sirix.access.trx.page.NodePageReadOnlyTrx.getDataRecord (0x00007f374ffa8490) [0x00007f374ffa8700, 0x00007f374ffa9238] Compiler: c1, Barriers: 9, Oops: 1, ImmediateOops: 0, NonImmediateOops: No
[4,495s][debug  ][gc,nmethod     ] Register NMethod: io.sirix.index.path.summary.PathSummaryReader.getPathNode (0x00007f376f3a9710) [0x00007f376f3a98a0, 0x00007f376f3a99b8] Compiler: c2, Barriers: 1, Oops: 1, ImmediateOops: 0, NonImmediateOops: No
[4,495s][debug  ][gc,nmethod     ] Register NMethod: net.openhft.chronicle.bytes.AbstractBytes.readSkip (0x00007f374ffa9710) [0x00007f374ffa98e0, 0x00007f374ffa9c68] Compiler: c1, Barriers: 0, Oops: 1, ImmediateOops: 0, NonImmediateOops: No
[4,495s][debug  ][gc,nmethod     ] Register NMethod: io.sirix.page.KeyValueLeafPage.getSlot (0x00007f376f3a9a90) [0x00007f376f3a9c20, 0x00007f376f3a9d58] Compiler: c2, Barriers: 2, Oops: 1, ImmediateOops: 0, NonImmediateOops: No
[4,495s][debug  ][gc,nmethod     ] Register NMethod: net.openhft.chronicle.bytes.AbstractBytes.readLong (0x00007f374ffa9d90) [0x00007f374ffa9f60, 0x00007f374ffaa2d8] Compiler: c1, Barriers: 1, Oops: 1, ImmediateOops: 0, NonImmediateOops: No
[4,495s][debug  ][gc,nmethod     ] Register NMethod: io.sirix.page.SerializationType.readHash (0x00007f374ffaa410) [0x00007f374ffaa5e0, 0x00007f374ffaa9f8] Compiler: c1, Barriers: 3, Oops: 1, ImmediateOops: 0, NonImmediateOops: No
[4,495s][debug  ][gc,nmethod     ] Register NMethod: io.sirix.page.SerializationType.readPageFragments (0x00007f374ffaab90) [0x00007f374ffaadc0, 0x00007f374ffab678] Compiler: c1, Barriers: 1, Oops: 1, ImmediateOops: 0, NonImmediateOops: No
[4,496s][debug  ][gc,nmethod     ] Register NMethod: net.openhft.chronicle.bytes.AbstractBytes.readCheckOffset0 (0x00007f376f3a9e10) [0x00007f376f3a9fa0, 0x00007f376f3aa148] Compiler: c2, Barriers: 1, Oops: 1, ImmediateOops: 0, NonImmediateOops: No
[4,496s][debug  ][gc,alloc       ] Mutator Allocation Rate: 765,8MB/s Predicted: 843,5MB/s, Avg: 573,3(+/-158,0)MB/s
[4,496s][debug  ][gc,director    ] Rule Major: Warmup 20%, Used: 1494MB, UsedThreshold: 3072MB
[4,496s][debug  ][gc,director    ] Select Minor GC Workers (Not Warm), GCWorkers: 5,000
[4,496s][debug  ][gc,director    ] Rule Minor: Allocation Rate (Dynamic GC Workers), MaxAllocRate: 573,3MB/s (+/-27,6%), Free: 13824MB, GCCPUTime: 1,677, GCDuration: 0,340s, TimeUntilOOM: 18,903s, TimeUntilGC: 18,563s, GCWorkers: 5
[4,496s][debug  ][gc,director    ] Select Minor GC Workers (Not Warm), GCWorkers: 5,000
[4,496s][debug  ][gc,director    ] Rule Minor: Allocation Rate (Dynamic GC Workers), MaxAllocRate: 2206,8MB/s (+/-27,6%), Free: 13824MB, GCCPUTime: 1,677, GCDuration: 0,340s, TimeUntilOOM: 4,911s, TimeUntilGC: 4,570s, GCWorkers: 5
[4,496s][debug  ][gc,director    ] Rule Minor: High Usage, Free: 13824MB(90,0%)
[4,496s][debug  ][gc,nmethod     ] Register NMethod: net.openhft.chronicle.bytes.AbstractBytes.readOffsetPositionMoved (0x00007f376f3aa310) [0x00007f376f3aa4a0, 0x00007f376f3aa6c8] Compiler: c2, Barriers: 1, Oops: 1, ImmediateOops: 0, NonImmediateOops: No
[4,497s][debug  ][gc,nmethod     ] Register NMethod: net.jpountz.util.SafeUtils.checkRange (0x00007f376f3aa910) [0x00007f376f3aaaa0, 0x00007f376f3aaba0] Compiler: c2, Barriers: 0, Oops: 1, ImmediateOops: 0, NonImmediateOops: No
[4,497s][debug  ][gc,nmethod     ] Register NMethod: io.sirix.page.KeyValueLeafPage.getDeweyId (0x00007f376f3aad10) [0x00007f376f3aaea0, 0x00007f376f3aafd8] Compiler: c2, Barriers: 2, Oops: 1, ImmediateOops: 0, NonImmediateOops: No
[4,497s][debug  ][gc,nmethod     ] Register NMethod: java.util.ArrayList.<init> (0x00007f374ffaba90) [0x00007f374ffabca0, 0x00007f374ffac300] Compiler: c1, Barriers: 9, Oops: 0, ImmediateOops: 3, NonImmediateOops: No
[4,497s][debug  ][gc,nmethod     ] Register NMethod: java.util.Arrays.asList (0x00007f374ffac490) [0x00007f374ffac660, 0x00007f374ffacae8] Compiler: c1, Barriers: 3, Oops: 0, ImmediateOops: 0, NonImmediateOops: No
[4,497s][debug  ][gc,nmethod     ] Register NMethod: io.sirix.page.PageReference.setPageFragments (0x00007f374ffacc90) [0x00007f374fface20, 0x00007f374ffacf98] Compiler: c1, Barriers: 3, Oops: 1, ImmediateOops: 0, NonImmediateOops: No
[4,497s][debug  ][gc,nmethod     ] Register NMethod: java.util.Arrays$ArrayList.get (0x00007f374ffad010) [0x00007f374ffad1c0, 0x00007f374ffad350] Compiler: c1, Barriers: 2, Oops: 0, ImmediateOops: 0, NonImmediateOops: No
[4,497s][debug  ][gc,nmethod     ] Register NMethod: java.util.Arrays$ArrayList.<init> (0x00007f374ffad410) [0x00007f374ffad5e0, 0x00007f374ffad9d0] Compiler: c1, Barriers: 3, Oops: 0, ImmediateOops: 0, NonImmediateOops: No
[4,498s][debug  ][gc,nmethod     ] Register NMethod: io.sirix.page.delegates.FullReferencesPage.getReferences (0x00007f374ffadb90) [0x00007f374ffadd80, 0x00007f374ffae2b8] Compiler: c1, Barriers: 4, Oops: 1, ImmediateOops: 0, NonImmediateOops: No
[4,498s][debug  ][gc,nmethod     ] Register NMethod: io.sirix.access.trx.page.NodePageTrx.prepareRecordPage (0x00007f374ffae490) [0x00007f374ffae7a0, 0x00007f374ffafb08] Compiler: c1, Barriers: 36, Oops: 4, ImmediateOops: 5, NonImmediateOops: No
[4,498s][debug  ][gc,nmethod     ] Register NMethod: io.sirix.access.trx.node.json.JsonNodeTrxImpl.insertAsSibling (0x00007f374ffb0110) [0x00007f374ffb0500, 0x00007f374ffb27f0] Compiler: c1, Barriers: 20, Oops: 1, ImmediateOops: 4, NonImmediateOops: No
[4,499s][debug  ][gc,nmethod     ] Register NMethod: io.sirix.access.trx.page.NodePageTrx.prepareRecordForModification (0x00007f374ffb3010) [0x00007f374ffb3300, 0x00007f374ffb4250] Compiler: c1, Barriers: 7, Oops: 2, ImmediateOops: 4, NonImmediateOops: No
[4,499s][debug  ][gc,nmethod     ] Register NMethod: io.sirix.service.json.shredder.JsonShredder.processString (0x00007f374ffb4890) [0x00007f374ffb4a80, 0x00007f374ffb4e30] Compiler: c1, Barriers: 3, Oops: 1, ImmediateOops: 2, NonImmediateOops: No
[4,499s][debug  ][gc,nmethod     ] Register NMethod: io.sirix.access.trx.node.AbstractNodeReadOnlyTrx.moveTo (0x00007f374ffb4f90) [0x00007f374ffb5240, 0x00007f374ffb6218] Compiler: c1, Barriers: 11, Oops: 1, ImmediateOops: 4, NonImmediateOops: No
[4,499s][debug  ][gc,nmethod     ] Register NMethod: java.util.Arrays.copyOf (0x00007f376f3ab090) [0x00007f376f3ab240, 0x00007f376f3ab770] Compiler: c2, Barriers: 1, Oops: 0, ImmediateOops: 1, NonImmediateOops: No
[4,499s][debug  ][gc,nmethod     ] Register NMethod: io.sirix.access.trx.node.AbstractNodeHashing.adaptHashesWithAdd (0x00007f374ffb6790) [0x00007f374ffb6960, 0x00007f374ffb6cb8] Compiler: c1, Barriers: 1, Oops: 1, ImmediateOops: 1, NonImmediateOops: No
[4,499s][debug  ][gc,nmethod     ] Register NMethod: io.sirix.access.trx.node.json.JsonNodeTrxImpl.nodeReadOnlyTrxDelegate (0x00007f376f3ab990) [0x00007f376f3abb20, 0x00007f376f3abc08] Compiler: c2, Barriers: 1, Oops: 1, ImmediateOops: 0, NonImmediateOops: No
[4,499s][debug  ][gc,nmethod     ] Register NMethod: io.sirix.cache.PageContainer.getModifiedAsUnorderedKeyValuePage (0x00007f376f3abd10) [0x00007f376f3abea0, 0x00007f376f3abf88] Compiler: c2, Barriers: 1, Oops: 1, ImmediateOops: 0, NonImmediateOops: No
[4,499s][debug  ][gc,nmethod     ] Register NMethod: java.util.AbstractList.<init> (0x00007f376f3ac090) [0x00007f376f3ac200, 0x00007f376f3ac280] Compiler: c2, Barriers: 0, Oops: 0, ImmediateOops: 0, NonImmediateOops: No
[4,500s][debug  ][gc,nmethod     ] Register NMethod: io.sirix.access.trx.page.NodePageTrx.getRecord (0x00007f376f3ac390) [0x00007f376f3ac640, 0x00007f376f3ad4b8] Compiler: c2, Barriers: 27, Oops: 6, ImmediateOops: 3, NonImmediateOops: No
[4,500s][debug  ][gc,nmethod     ] Register NMethod: java.lang.Integer.numberOfTrailingZeros (0x00007f376f3add90) [0x00007f376f3adf00, 0x00007f376f3adfc8] Compiler: c2, Barriers: 0, Oops: 0, ImmediateOops: 0, NonImmediateOops: No
[4,500s][debug  ][gc,nmethod     ] Register NMethod: io.sirix.access.trx.node.json.JsonNodeTrxImpl.adaptNodesAndHashesForInsertAsChild (0x00007f374ffb6e10) [0x00007f374ffb7060, 0x00007f374ffb7cb0] Compiler: c1, Barriers: 9, Oops: 1, ImmediateOops: 2, NonImmediateOops: No
[4,500s][debug  ][gc,nmethod     ] Register NMethod: java.lang.System$2.currentCarrierThread (0x00007f374ffb8010) [0x00007f374ffb81a0, 0x00007f374ffb82d8] Compiler: c1, Barriers: 1, Oops: 0, ImmediateOops: 0, NonImmediateOops: No
[4,500s][debug  ][gc,nmethod     ] Register NMethod: io.sirix.access.trx.page.NodePageTrx.getMostRecentPageContainer (0x00007f376f3ae090) [0x00007f376f3ae260, 0x00007f376f3ae818] Compiler: c2, Barriers: 9, Oops: 2, ImmediateOops: 1, NonImmediateOops: No
[4,501s][debug  ][gc,nmethod     ] Register NMethod: io.sirix.access.trx.page.NodePageReadOnlyTrx.getValue (0x00007f376f3aea10) [0x00007f376f3aebe0, 0x00007f376f3af060] Compiler: c2, Barriers: 5, Oops: 1, ImmediateOops: 0, NonImmediateOops: No
[4,502s][debug  ][gc,nmethod     ] Register NMethod: jdk.internal.misc.Blocker.currentCarrierThread (0x00007f374ffb8390) [0x00007f374ffb8520, 0x00007f374ffb8638] Compiler: c1, Barriers: 1, Oops: 0, ImmediateOops: 0, NonImmediateOops: No
[4,503s][debug  ][gc,nmethod     ] Register NMethod: jdk.internal.misc.Blocker.begin (0x00007f374ffb8690) [0x00007f374ffb88a0, 0x00007f374ffb9100] Compiler: c1, Barriers: 2, Oops: 0, ImmediateOops: 3, NonImmediateOops: No
[4,503s][debug  ][gc,nmethod     ] Register NMethod: io.sirix.access.trx.page.NodePageTrx.prepareRecordPage (0x00007f376f3af310) [0x00007f376f3af540, 0x00007f376f3afda0] Compiler: c2, Barriers: 28, Oops: 5, ImmediateOops: 2, NonImmediateOops: No
[4,505s][debug  ][gc,nmethod     ] Register NMethod: io.sirix.access.trx.page.NodePageTrx.prepareRecordForModification (0x00007f376f3b0190) [0x00007f376f3b04a0, 0x00007f376f3b15b8] Compiler: c2, Barriers: 38, Oops: 6, ImmediateOops: 3, NonImmediateOops: No
[4,506s][debug  ][gc,nmethod     ] Register NMethod: io.sirix.access.trx.node.AbstractNodeHashing.adaptHashesWithAdd (0x00007f376f3b2090) [0x00007f376f3b2220, 0x00007f376f3b2398] Compiler: c2, Barriers: 1, Oops: 2, ImmediateOops: 1, NonImmediateOops: No
[4,506s][debug  ][gc,director    ] Rule Major: Warmup 20%, Used: 1500MB, UsedThreshold: 3072MB
[4,506s][debug  ][gc,director    ] Select Minor GC Workers (Not Warm), GCWorkers: 5,000
[4,506s][debug  ][gc,director    ] Rule Minor: Allocation Rate (Dynamic GC Workers), MaxAllocRate: 573,3MB/s (+/-27,6%), Free: 13818MB, GCCPUTime: 1,677, GCDuration: 0,340s, TimeUntilOOM: 18,895s, TimeUntilGC: 18,555s, GCWorkers: 5
[4,506s][debug  ][gc,director    ] Select Minor GC Workers (Not Warm), GCWorkers: 5,000
[4,506s][debug  ][gc,director    ] Rule Minor: Allocation Rate (Dynamic GC Workers), MaxAllocRate: 2206,8MB/s (+/-27,6%), Free: 13818MB, GCCPUTime: 1,677, GCDuration: 0,340s, TimeUntilOOM: 4,909s, TimeUntilGC: 4,568s, GCWorkers: 5
[4,506s][debug  ][gc,director    ] Rule Minor: High Usage, Free: 13818MB(90,0%)
[4,507s][debug  ][gc,nmethod     ] Register NMethod: io.sirix.access.trx.node.AbstractNodeReadOnlyTrx.moveTo (0x00007f376f3b2510) [0x00007f376f3b2700, 0x00007f376f3b2c60] Compiler: c2, Barriers: 10, Oops: 2, ImmediateOops: 1, NonImmediateOops: No
[4,509s][debug  ][gc,nmethod     ] Register NMethod: io.sirix.service.json.shredder.JsonShredder.processString (0x00007f376f3b2f90) [0x00007f376f3b31a0, 0x00007f376f3b37c0] Compiler: c2, Barriers: 4, Oops: 3, ImmediateOops: 0, NonImmediateOops: No
[4,509s][debug  ][gc,nmethod     ] Register NMethod: java.lang.Long.numberOfTrailingZeros (0x00007f376f3b3c90) [0x00007f376f3b3e00, 0x00007f376f3b3e88] Compiler: c2, Barriers: 0, Oops: 0, ImmediateOops: 0, NonImmediateOops: No
[4,510s][debug  ][gc,nmethod     ] Register NMethod: java.util.BitSet.nextSetBit (0x00007f376f3b3f90) [0x00007f376f3b4120, 0x00007f376f3b42e0] Compiler: c2, Barriers: 1, Oops: 0, ImmediateOops: 0, NonImmediateOops: No
[4,511s][debug  ][gc,nmethod     ] Register NMethod: net.openhft.chronicle.bytes.AbstractBytes.readInt (0x00007f376f3b4410) [0x00007f376f3b45e0, 0x00007f376f3b4940] Compiler: c2, Barriers: 4, Oops: 2, ImmediateOops: 0, NonImmediateOops: No
[4,512s][debug  ][gc,nmethod     ] Register NMethod: io.sirix.page.PageReference.setLogKey (0x00007f376f3b4c90) [0x00007f376f3b4e00, 0x00007f376f3b4e88] Compiler: c2, Barriers: 0, Oops: 1, ImmediateOops: 0, NonImmediateOops: No
[4,512s][debug  ][gc,nmethod     ] Register NMethod: io.sirix.node.immutable.json.ImmutableArrayNode.getPathNodeKey (0x00007f376f3b4f90) [0x00007f376f3b5120, 0x00007f376f3b51e8] Compiler: c2, Barriers: 1, Oops: 1, ImmediateOops: 0, NonImmediateOops: No
[4,512s][debug  ][gc,nmethod     ] Register NMethod: io.sirix.access.trx.node.json.ForwardingJsonNodeReadOnlyTrx.isArray (0x00007f376f3b5290) [0x00007f376f3b5440, 0x00007f376f3b55e8] Compiler: c2, Barriers: 2, Oops: 1, ImmediateOops: 0, NonImmediateOops: No
[4,516s][debug  ][gc,director    ] Rule Major: Warmup 20%, Used: 1508MB, UsedThreshold: 3072MB
[4,516s][debug  ][gc,director    ] Select Minor GC Workers (Not Warm), GCWorkers: 5,000
[4,516s][debug  ][gc,director    ] Rule Minor: Allocation Rate (Dynamic GC Workers), MaxAllocRate: 573,3MB/s (+/-27,6%), Free: 13810MB, GCCPUTime: 1,677, GCDuration: 0,340s, TimeUntilOOM: 18,884s, TimeUntilGC: 18,544s, GCWorkers: 5
[4,516s][debug  ][gc,director    ] Select Minor GC Workers (Not Warm), GCWorkers: 5,000
[4,516s][debug  ][gc,director    ] Rule Minor: Allocation Rate (Dynamic GC Workers), MaxAllocRate: 2206,8MB/s (+/-27,6%), Free: 13810MB, GCCPUTime: 1,677, GCDuration: 0,340s, TimeUntilOOM: 4,906s, TimeUntilGC: 4,566s, GCWorkers: 5
[4,516s][debug  ][gc,director    ] Rule Minor: High Usage, Free: 13810MB(89,9%)
[4,522s][debug  ][gc,nmethod     ] Register NMethod: io.sirix.access.trx.node.json.JsonNodeTrxImpl.insertAsSibling (0x00007f376f3b5790) [0x00007f376f3b5e00, 0x00007f376f3b8ba0] Compiler: c2, Barriers: 72, Oops: 5, ImmediateOops: 12, NonImmediateOops: No
[4,527s][debug  ][gc,director    ] Rule Major: Warmup 20%, Used: 1518MB, UsedThreshold: 3072MB
[4,527s][debug  ][gc,director    ] Select Minor GC Workers (Not Warm), GCWorkers: 5,000
[4,527s][debug  ][gc,director    ] Rule Minor: Allocation Rate (Dynamic GC Workers), MaxAllocRate: 573,3MB/s (+/-27,6%), Free: 13800MB, GCCPUTime: 1,677, GCDuration: 0,340s, TimeUntilOOM: 18,871s, TimeUntilGC: 18,530s, GCWorkers: 5
[4,527s][debug  ][gc,director    ] Select Minor GC Workers (Not Warm), GCWorkers: 5,000
[4,527s][debug  ][gc,director    ] Rule Minor: Allocation Rate (Dynamic GC Workers), MaxAllocRate: 2206,8MB/s (+/-27,6%), Free: 13800MB, GCCPUTime: 1,677, GCDuration: 0,340s, TimeUntilOOM: 4,902s, TimeUntilGC: 4,562s, GCWorkers: 5
[4,527s][debug  ][gc,director    ] Rule Minor: High Usage, Free: 13800MB(89,8%)
[4,532s][debug  ][gc,nmethod     ] Register NMethod: io.sirix.index.path.summary.PathSummaryReader.moveTo (0x00007f376f3bab10) [0x00007f376f3bad20, 0x00007f376f3bb3f0] Compiler: c2, Barriers: 13, Oops: 2, ImmediateOops: 1, NonImmediateOops: No
[4,537s][debug  ][gc,director    ] Rule Major: Warmup 20%, Used: 1530MB, UsedThreshold: 3072MB
[4,537s][debug  ][gc,director    ] Select Minor GC Workers (Not Warm), GCWorkers: 5,000
[4,537s][debug  ][gc,director    ] Rule Minor: Allocation Rate (Dynamic GC Workers), MaxAllocRate: 573,3MB/s (+/-27,6%), Free: 13788MB, GCCPUTime: 1,677, GCDuration: 0,340s, TimeUntilOOM: 18,854s, TimeUntilGC: 18,514s, GCWorkers: 5
[4,537s][debug  ][gc,director    ] Select Minor GC Workers (Not Warm), GCWorkers: 5,000
[4,537s][debug  ][gc,director    ] Rule Minor: Allocation Rate (Dynamic GC Workers), MaxAllocRate: 2206,8MB/s (+/-27,6%), Free: 13788MB, GCCPUTime: 1,677, GCDuration: 0,340s, TimeUntilOOM: 4,898s, TimeUntilGC: 4,558s, GCWorkers: 5
[4,537s][debug  ][gc,director    ] Rule Minor: High Usage, Free: 13788MB(89,8%)
[4,547s][debug  ][gc,director    ] Rule Major: Warmup 20%, Used: 1542MB, UsedThreshold: 3072MB
[4,547s][debug  ][gc,director    ] Select Minor GC Workers (Not Warm), GCWorkers: 5,000
[4,547s][debug  ][gc,director    ] Rule Minor: Allocation Rate (Dynamic GC Workers), MaxAllocRate: 573,3MB/s (+/-27,6%), Free: 13776MB, GCCPUTime: 1,677, GCDuration: 0,340s, TimeUntilOOM: 18,838s, TimeUntilGC: 18,497s, GCWorkers: 5
[4,547s][debug  ][gc,director    ] Select Minor GC Workers (Not Warm), GCWorkers: 5,000
[4,547s][debug  ][gc,director    ] Rule Minor: Allocation Rate (Dynamic GC Workers), MaxAllocRate: 2206,8MB/s (+/-27,6%), Free: 13776MB, GCCPUTime: 1,677, GCDuration: 0,340s, TimeUntilOOM: 4,894s, TimeUntilGC: 4,553s, GCWorkers: 5
[4,547s][debug  ][gc,director    ] Rule Minor: High Usage, Free: 13776MB(89,7%)
[4,551s][debug  ][gc,nmethod     ] Register NMethod: java.nio.HeapCharBuffer.slice (0x00007f376f3bb790) [0x00007f376f3bb940, 0x00007f376f3bbbe0] Compiler: c2, Barriers: 6, Oops: 0, ImmediateOops: 0, NonImmediateOops: No
[4,557s][debug  ][gc,director    ] Rule Major: Warmup 20%, Used: 1554MB, UsedThreshold: 3072MB
[4,557s][debug  ][gc,director    ] Select Minor GC Workers (Not Warm), GCWorkers: 5,000
[4,557s][debug  ][gc,director    ] Rule Minor: Allocation Rate (Dynamic GC Workers), MaxAllocRate: 573,3MB/s (+/-27,6%), Free: 13764MB, GCCPUTime: 1,677, GCDuration: 0,340s, TimeUntilOOM: 18,821s, TimeUntilGC: 18,481s, GCWorkers: 5
[4,557s][debug  ][gc,director    ] Select Minor GC Workers (Not Warm), GCWorkers: 5,000
[4,557s][debug  ][gc,director    ] Rule Minor: Allocation Rate (Dynamic GC Workers), MaxAllocRate: 2206,8MB/s (+/-27,6%), Free: 13764MB, GCCPUTime: 1,677, GCDuration: 0,340s, TimeUntilOOM: 4,890s, TimeUntilGC: 4,549s, GCWorkers: 5
[4,557s][debug  ][gc,director    ] Rule Minor: High Usage, Free: 13764MB(89,6%)
[4,560s][debug  ][gc,nmethod     ] Register NMethod: io.sirix.access.trx.node.json.JsonNodeTrxImpl.adaptNodesAndHashesForInsertAsChild (0x00007f376f3bbe10) [0x00007f376f3bc0a0, 0x00007f376f3bca00] Compiler: c2, Barriers: 12, Oops: 3, ImmediateOops: 3, NonImmediateOops: No
[4,567s][debug  ][gc,director    ] Rule Major: Warmup 20%, Used: 1564MB, UsedThreshold: 3072MB
[4,567s][debug  ][gc,director    ] Select Minor GC Workers (Not Warm), GCWorkers: 5,000
[4,567s][debug  ][gc,director    ] Rule Minor: Allocation Rate (Dynamic GC Workers), MaxAllocRate: 573,3MB/s (+/-27,6%), Free: 13754MB, GCCPUTime: 1,677, GCDuration: 0,340s, TimeUntilOOM: 18,808s, TimeUntilGC: 18,467s, GCWorkers: 5
[4,567s][debug  ][gc,director    ] Select Minor GC Workers (Not Warm), GCWorkers: 5,000
[4,567s][debug  ][gc,director    ] Rule Minor: Allocation Rate (Dynamic GC Workers), MaxAllocRate: 2206,8MB/s (+/-27,6%), Free: 13754MB, GCCPUTime: 1,677, GCDuration: 0,340s, TimeUntilOOM: 4,886s, TimeUntilGC: 4,546s, GCWorkers: 5
[4,567s][debug  ][gc,director    ] Rule Minor: High Usage, Free: 13754MB(89,5%)
[4,572s][debug  ][gc,nmethod     ] Register NMethod: io.sirix.access.trx.page.NodePageTrx$$Lambda/0x000000008036b068.apply (0x00007f374ffb9390) [0x00007f374ffb9540, 0x00007f374ffb97e8] Compiler: c1, Barriers: 2, Oops: 1, ImmediateOops: 0, NonImmediateOops: No
[4,577s][debug  ][gc,director    ] Rule Major: Warmup 20%, Used: 1576MB, UsedThreshold: 3072MB
[4,577s][debug  ][gc,director    ] Select Minor GC Workers (Not Warm), GCWorkers: 5,000
[4,577s][debug  ][gc,director    ] Rule Minor: Allocation Rate (Dynamic GC Workers), MaxAllocRate: 573,3MB/s (+/-27,6%), Free: 13742MB, GCCPUTime: 1,677, GCDuration: 0,340s, TimeUntilOOM: 18,791s, TimeUntilGC: 18,451s, GCWorkers: 5
[4,577s][debug  ][gc,director    ] Select Minor GC Workers (Not Warm), GCWorkers: 5,000
[4,577s][debug  ][gc,director    ] Rule Minor: Allocation Rate (Dynamic GC Workers), MaxAllocRate: 2206,8MB/s (+/-27,6%), Free: 13742MB, GCCPUTime: 1,677, GCDuration: 0,340s, TimeUntilOOM: 4,882s, TimeUntilGC: 4,541s, GCWorkers: 5
[4,577s][debug  ][gc,director    ] Rule Minor: High Usage, Free: 13742MB(89,5%)
[4,588s][debug  ][gc,director    ] Rule Major: Warmup 20%, Used: 1588MB, UsedThreshold: 3072MB
[4,588s][debug  ][gc,director    ] Select Minor GC Workers (Not Warm), GCWorkers: 5,000
[4,588s][debug  ][gc,director    ] Rule Minor: Allocation Rate (Dynamic GC Workers), MaxAllocRate: 573,3MB/s (+/-27,6%), Free: 13730MB, GCCPUTime: 1,677, GCDuration: 0,340s, TimeUntilOOM: 18,775s, TimeUntilGC: 18,435s, GCWorkers: 5
[4,588s][debug  ][gc,director    ] Select Minor GC Workers (Not Warm), GCWorkers: 5,000
[4,588s][debug  ][gc,director    ] Rule Minor: Allocation Rate (Dynamic GC Workers), MaxAllocRate: 2206,8MB/s (+/-27,6%), Free: 13730MB, GCCPUTime: 1,677, GCDuration: 0,340s, TimeUntilOOM: 4,877s, TimeUntilGC: 4,537s, GCWorkers: 5
[4,588s][debug  ][gc,director    ] Rule Minor: High Usage, Free: 13730MB(89,4%)
[4,598s][debug  ][gc,director    ] Rule Major: Warmup 20%, Used: 1600MB, UsedThreshold: 3072MB
[4,598s][debug  ][gc,director    ] Select Minor GC Workers (Not Warm), GCWorkers: 5,000
[4,598s][debug  ][gc,director    ] Rule Minor: Allocation Rate (Dynamic GC Workers), MaxAllocRate: 573,3MB/s (+/-27,6%), Free: 13718MB, GCCPUTime: 1,677, GCDuration: 0,340s, TimeUntilOOM: 18,758s, TimeUntilGC: 18,418s, GCWorkers: 5
[4,598s][debug  ][gc,director    ] Select Minor GC Workers (Not Warm), GCWorkers: 5,000
[4,598s][debug  ][gc,director    ] Rule Minor: Allocation Rate (Dynamic GC Workers), MaxAllocRate: 2206,8MB/s (+/-27,6%), Free: 13718MB, GCCPUTime: 1,677, GCDuration: 0,340s, TimeUntilOOM: 4,873s, TimeUntilGC: 4,533s, GCWorkers: 5
[4,598s][debug  ][gc,director    ] Rule Minor: High Usage, Free: 13718MB(89,3%)
[4,599s][debug  ][gc,nmethod     ] Register NMethod: it.unimi.dsi.fastutil.longs.AbstractLongList.push (0x00007f376f3bd110) [0x00007f376f3bd2a0, 0x00007f376f3bd3d8] Compiler: c2, Barriers: 1, Oops: 1, ImmediateOops: 0, NonImmediateOops: No
[4,600s][debug  ][gc,nmethod     ] Register NMethod: io.sirix.access.trx.node.json.ForwardingJsonNodeReadOnlyTrx.getNodeKey (0x00007f376f3bd510) [0x00007f376f3bd6c0, 0x00007f376f3bd850] Compiler: c2, Barriers: 2, Oops: 1, ImmediateOops: 0, NonImmediateOops: No
[4,603s][debug  ][gc,nmethod     ] Register NMethod: it.unimi.dsi.fastutil.longs.AbstractLongList.peekLong (0x00007f376f3bda10) [0x00007f376f3bdba0, 0x00007f376f3bdcd8] Compiler: c2, Barriers: 1, Oops: 1, ImmediateOops: 0, NonImmediateOops: No
[4,605s][debug  ][gc,nmethod     ] Register NMethod: java.lang.StringBuilder.append (0x00007f374ffb9910) [0x00007f374ffb9ac0, 0x00007f374ffb9c08] Compiler: c1, Barriers: 0, Oops: 0, ImmediateOops: 0, NonImmediateOops: No
[4,607s][debug  ][gc,nmethod     ] Register NMethod: com.google.gson.stream.JsonReader.readEscapeCharacter (0x00007f374ffb9c90) [0x00007f374ffba140, 0x00007f374ffbbeb0] Compiler: c1, Barriers: 3, Oops: 4, ImmediateOops: 4, NonImmediateOops: No
[4,608s][debug  ][gc,director    ] Rule Major: Warmup 20%, Used: 1612MB, UsedThreshold: 3072MB
[4,608s][debug  ][gc,director    ] Select Minor GC Workers (Not Warm), GCWorkers: 5,000
[4,608s][debug  ][gc,director    ] Rule Minor: Allocation Rate (Dynamic GC Workers), MaxAllocRate: 573,3MB/s (+/-27,6%), Free: 13706MB, GCCPUTime: 1,677, GCDuration: 0,340s, TimeUntilOOM: 18,742s, TimeUntilGC: 18,402s, GCWorkers: 5
[4,608s][debug  ][gc,director    ] Select Minor GC Workers (Not Warm), GCWorkers: 5,000
[4,608s][debug  ][gc,director    ] Rule Minor: Allocation Rate (Dynamic GC Workers), MaxAllocRate: 2206,8MB/s (+/-27,6%), Free: 13706MB, GCCPUTime: 1,677, GCDuration: 0,340s, TimeUntilOOM: 4,869s, TimeUntilGC: 4,529s, GCWorkers: 5
[4,608s][debug  ][gc,director    ] Rule Minor: High Usage, Free: 13706MB(89,2%)
[4,609s][debug  ][gc,alloc       ] Mutator Allocation Rate: 775,2MB/s Predicted: 855,1MB/s, Avg: 582,1(+/-159,9)MB/s
[4,609s][debug  ][gc,director    ] Rule Major: Warmup 20%, Used: 1614MB, UsedThreshold: 3072MB
[4,609s][debug  ][gc,director    ] Select Minor GC Workers (Not Warm), GCWorkers: 5,000
[4,609s][debug  ][gc,director    ] Rule Minor: Allocation Rate (Dynamic GC Workers), MaxAllocRate: 582,1MB/s (+/-27,5%), Free: 13704MB, GCCPUTime: 1,677, GCDuration: 0,340s, TimeUntilOOM: 18,469s, TimeUntilGC: 18,129s, GCWorkers: 5
[4,609s][debug  ][gc,director    ] Select Minor GC Workers (Not Warm), GCWorkers: 5,000
[4,609s][debug  ][gc,director    ] Rule Minor: Allocation Rate (Dynamic GC Workers), MaxAllocRate: 2236,4MB/s (+/-27,5%), Free: 13704MB, GCCPUTime: 1,677, GCDuration: 0,340s, TimeUntilOOM: 4,807s, TimeUntilGC: 4,467s, GCWorkers: 5
[4,609s][debug  ][gc,director    ] Rule Minor: High Usage, Free: 13704MB(89,2%)
[4,613s][debug  ][gc,nmethod     ] Register NMethod: io.sirix.service.json.shredder.JsonShredder.insertArray (0x00007f376f3bde10) [0x00007f376f3be3c0, 0x00007f376f3c1408] Compiler: c2, Barriers: 80, Oops: 6, ImmediateOops: 16, NonImmediateOops: No
[4,614s][debug  ][gc,reloc       ] Synchronize all workers 1 _nworkers: 0 _nsynchronized: 0
[4,614s][debug  ][gc,reloc       ] Synchronize all workers 1 _nworkers: 0 _nsynchronized: 0
[4,614s][debug  ][gc,nmethod     ] Register NMethod: io.sirix.access.trx.page.NodePageReadOnlyTrx.getResourceSession (0x00007f376f3c3190) [0x00007f376f3c3320, 0x00007f376f3c33f0] Compiler: c2, Barriers: 1, Oops: 1, ImmediateOops: 0, NonImmediateOops: No
[4,614s][debug  ][gc,reloc       ] Desynchronize all workers _nworkers: 0 _nsynchronized: 0
[4,614s][debug  ][gc,reloc       ] Desynchronize all workers _nworkers: 0 _nsynchronized: 0
[4,618s][debug  ][gc,nmethod     ] Register NMethod: java.lang.StringBuilder.append (0x00007f376f3c3490) [0x00007f376f3c3620, 0x00007f376f3c36c8] Compiler: c2, Barriers: 0, Oops: 0, ImmediateOops: 0, NonImmediateOops: No
[4,619s][debug  ][gc,director    ] Rule Major: Warmup 20%, Used: 1624MB, UsedThreshold: 3072MB
[4,619s][debug  ][gc,director    ] Select Minor GC Workers (Not Warm), GCWorkers: 5,000
[4,619s][debug  ][gc,director    ] Rule Minor: Allocation Rate (Dynamic GC Workers), MaxAllocRate: 582,1MB/s (+/-27,5%), Free: 13694MB, GCCPUTime: 1,677, GCDuration: 0,340s, TimeUntilOOM: 18,456s, TimeUntilGC: 18,115s, GCWorkers: 5
[4,619s][debug  ][gc,director    ] Select Minor GC Workers (Not Warm), GCWorkers: 5,000
[4,619s][debug  ][gc,director    ] Rule Minor: Allocation Rate (Dynamic GC Workers), MaxAllocRate: 2236,4MB/s (+/-27,5%), Free: 13694MB, GCCPUTime: 1,677, GCDuration: 0,340s, TimeUntilOOM: 4,804s, TimeUntilGC: 4,463s, GCWorkers: 5
[4,619s][debug  ][gc,director    ] Rule Minor: High Usage, Free: 13694MB(89,2%)
[4,619s][debug  ][gc,nmethod     ] Register NMethod: io.sirix.access.trx.node.json.JsonNodeTrxImpl.insertArrayAsRightSibling (0x00007f376f3c3790) [0x00007f376f3c3ca0, 0x00007f376f3c6540] Compiler: c2, Barriers: 72, Oops: 5, ImmediateOops: 13, NonImmediateOops: No
[4,620s][debug  ][gc,nmethod     ] Register NMethod: com.google.gson.stream.JsonReader.readEscapeCharacter (0x00007f376f3c7d90) [0x00007f376f3c7f40, 0x00007f376f3c8110] Compiler: c2, Barriers: 1, Oops: 1, ImmediateOops: 1, NonImmediateOops: No
[4,629s][debug  ][gc,director    ] Rule Major: Warmup 20%, Used: 1638MB, UsedThreshold: 3072MB
[4,629s][debug  ][gc,director    ] Select Minor GC Workers (Not Warm), GCWorkers: 5,000
[4,629s][debug  ][gc,director    ] Rule Minor: Allocation Rate (Dynamic GC Workers), MaxAllocRate: 582,1MB/s (+/-27,5%), Free: 13680MB, GCCPUTime: 1,677, GCDuration: 0,340s, TimeUntilOOM: 18,437s, TimeUntilGC: 18,097s, GCWorkers: 5
[4,629s][debug  ][gc,director    ] Select Minor GC Workers (Not Warm), GCWorkers: 5,000
[4,629s][debug  ][gc,director    ] Rule Minor: Allocation Rate (Dynamic GC Workers), MaxAllocRate: 2236,4MB/s (+/-27,5%), Free: 13680MB, GCCPUTime: 1,677, GCDuration: 0,340s, TimeUntilOOM: 4,799s, TimeUntilGC: 4,458s, GCWorkers: 5
[4,629s][debug  ][gc,director    ] Rule Minor: High Usage, Free: 13680MB(89,1%)
[4,639s][debug  ][gc,director    ] Rule Major: Warmup 20%, Used: 1650MB, UsedThreshold: 3072MB
[4,639s][debug  ][gc,director    ] Select Minor GC Workers (Not Warm), GCWorkers: 5,000
[4,639s][debug  ][gc,director    ] Rule Minor: Allocation Rate (Dynamic GC Workers), MaxAllocRate: 582,1MB/s (+/-27,5%), Free: 13668MB, GCCPUTime: 1,677, GCDuration: 0,340s, TimeUntilOOM: 18,421s, TimeUntilGC: 18,080s, GCWorkers: 5
[4,640s][debug  ][gc,director    ] Select Minor GC Workers (Not Warm), GCWorkers: 5,000
[4,640s][debug  ][gc,director    ] Rule Minor: Allocation Rate (Dynamic GC Workers), MaxAllocRate: 2236,4MB/s (+/-27,5%), Free: 13668MB, GCCPUTime: 1,677, GCDuration: 0,340s, TimeUntilOOM: 4,794s, TimeUntilGC: 4,454s, GCWorkers: 5
[4,640s][debug  ][gc,director    ] Rule Minor: High Usage, Free: 13668MB(89,0%)
[4,650s][debug  ][gc,director    ] Rule Major: Warmup 20%, Used: 1662MB, UsedThreshold: 3072MB
[4,650s][debug  ][gc,director    ] Select Minor GC Workers (Not Warm), GCWorkers: 5,000
[4,650s][debug  ][gc,director    ] Rule Minor: Allocation Rate (Dynamic GC Workers), MaxAllocRate: 582,1MB/s (+/-27,5%), Free: 13656MB, GCCPUTime: 1,677, GCDuration: 0,340s, TimeUntilOOM: 18,405s, TimeUntilGC: 18,064s, GCWorkers: 5
[4,650s][debug  ][gc,director    ] Select Minor GC Workers (Not Warm), GCWorkers: 5,000
[4,650s][debug  ][gc,director    ] Rule Minor: Allocation Rate (Dynamic GC Workers), MaxAllocRate: 2236,4MB/s (+/-27,5%), Free: 13656MB, GCCPUTime: 1,677, GCDuration: 0,340s, TimeUntilOOM: 4,790s, TimeUntilGC: 4,450s, GCWorkers: 5
[4,650s][debug  ][gc,director    ] Rule Minor: High Usage, Free: 13656MB(88,9%)
[4,660s][debug  ][gc,director    ] Rule Major: Warmup 20%, Used: 1676MB, UsedThreshold: 3072MB
[4,660s][debug  ][gc,director    ] Select Minor GC Workers (Not Warm), GCWorkers: 5,000
[4,660s][debug  ][gc,director    ] Rule Minor: Allocation Rate (Dynamic GC Workers), MaxAllocRate: 582,1MB/s (+/-27,5%), Free: 13642MB, GCCPUTime: 1,677, GCDuration: 0,340s, TimeUntilOOM: 18,386s, TimeUntilGC: 18,045s, GCWorkers: 5
[4,660s][debug  ][gc,director    ] Select Minor GC Workers (Not Warm), GCWorkers: 5,000
[4,660s][debug  ][gc,director    ] Rule Minor: Allocation Rate (Dynamic GC Workers), MaxAllocRate: 2236,4MB/s (+/-27,5%), Free: 13642MB, GCCPUTime: 1,677, GCDuration: 0,340s, TimeUntilOOM: 4,785s, TimeUntilGC: 4,445s, GCWorkers: 5
[4,660s][debug  ][gc,director    ] Rule Minor: High Usage, Free: 13642MB(88,8%)
[4,670s][debug  ][gc,director    ] Rule Major: Warmup 20%, Used: 1690MB, UsedThreshold: 3072MB
[4,670s][debug  ][gc,director    ] Select Minor GC Workers (Not Warm), GCWorkers: 5,000
[4,670s][debug  ][gc,director    ] Rule Minor: Allocation Rate (Dynamic GC Workers), MaxAllocRate: 582,1MB/s (+/-27,5%), Free: 13628MB, GCCPUTime: 1,677, GCDuration: 0,340s, TimeUntilOOM: 18,367s, TimeUntilGC: 18,026s, GCWorkers: 5
[4,670s][debug  ][gc,director    ] Select Minor GC Workers (Not Warm), GCWorkers: 5,000
[4,670s][debug  ][gc,director    ] Rule Minor: Allocation Rate (Dynamic GC Workers), MaxAllocRate: 2236,4MB/s (+/-27,5%), Free: 13628MB, GCCPUTime: 1,677, GCDuration: 0,340s, TimeUntilOOM: 4,780s, TimeUntilGC: 4,440s, GCWorkers: 5
[4,670s][debug  ][gc,director    ] Rule Minor: High Usage, Free: 13628MB(88,7%)
[4,680s][debug  ][gc,director    ] Rule Major: Warmup 20%, Used: 1702MB, UsedThreshold: 3072MB
[4,680s][debug  ][gc,director    ] Select Minor GC Workers (Not Warm), GCWorkers: 5,000
[4,680s][debug  ][gc,director    ] Rule Minor: Allocation Rate (Dynamic GC Workers), MaxAllocRate: 582,1MB/s (+/-27,5%), Free: 13616MB, GCCPUTime: 1,677, GCDuration: 0,340s, TimeUntilOOM: 18,351s, TimeUntilGC: 18,010s, GCWorkers: 5
[4,680s][debug  ][gc,director    ] Select Minor GC Workers (Not Warm), GCWorkers: 5,000
[4,680s][debug  ][gc,director    ] Rule Minor: Allocation Rate (Dynamic GC Workers), MaxAllocRate: 2236,4MB/s (+/-27,5%), Free: 13616MB, GCCPUTime: 1,677, GCDuration: 0,340s, TimeUntilOOM: 4,776s, TimeUntilGC: 4,436s, GCWorkers: 5
[4,680s][debug  ][gc,director    ] Rule Minor: High Usage, Free: 13616MB(88,6%)
[4,681s][debug  ][gc,nmethod     ] Register NMethod: it.unimi.dsi.fastutil.shorts.ShortArrayList$1.nextShort (0x00007f376f3c8290) [0x00007f376f3c8420, 0x00007f376f3c8598] Compiler: c2, Barriers: 2, Oops: 1, ImmediateOops: 0, NonImmediateOops: No
[4,690s][debug  ][gc,director    ] Rule Major: Warmup 20%, Used: 1716MB, UsedThreshold: 3072MB
[4,690s][debug  ][gc,director    ] Select Minor GC Workers (Not Warm), GCWorkers: 5,000
[4,691s][debug  ][gc,director    ] Rule Minor: Allocation Rate (Dynamic GC Workers), MaxAllocRate: 582,1MB/s (+/-27,5%), Free: 13602MB, GCCPUTime: 1,677, GCDuration: 0,340s, TimeUntilOOM: 18,332s, TimeUntilGC: 17,991s, GCWorkers: 5
[4,691s][debug  ][gc,director    ] Select Minor GC Workers (Not Warm), GCWorkers: 5,000
[4,691s][debug  ][gc,director    ] Rule Minor: Allocation Rate (Dynamic GC Workers), MaxAllocRate: 2236,4MB/s (+/-27,5%), Free: 13602MB, GCCPUTime: 1,677, GCDuration: 0,340s, TimeUntilOOM: 4,771s, TimeUntilGC: 4,431s, GCWorkers: 5
[4,691s][debug  ][gc,director    ] Rule Minor: High Usage, Free: 13602MB(88,6%)
[4,701s][debug  ][gc,director    ] Rule Major: Warmup 20%, Used: 1728MB, UsedThreshold: 3072MB
[4,701s][debug  ][gc,director    ] Select Minor GC Workers (Not Warm), GCWorkers: 5,000
[4,701s][debug  ][gc,director    ] Rule Minor: Allocation Rate (Dynamic GC Workers), MaxAllocRate: 582,1MB/s (+/-27,5%), Free: 13590MB, GCCPUTime: 1,677, GCDuration: 0,340s, TimeUntilOOM: 18,316s, TimeUntilGC: 17,975s, GCWorkers: 5
[4,701s][debug  ][gc,director    ] Select Minor GC Workers (Not Warm), GCWorkers: 5,000
[4,701s][debug  ][gc,director    ] Rule Minor: Allocation Rate (Dynamic GC Workers), MaxAllocRate: 2236,4MB/s (+/-27,5%), Free: 13590MB, GCCPUTime: 1,677, GCDuration: 0,340s, TimeUntilOOM: 4,767s, TimeUntilGC: 4,427s, GCWorkers: 5
[4,701s][debug  ][gc,director    ] Rule Minor: High Usage, Free: 13590MB(88,5%)
[4,704s][debug  ][gc,alloc       ] Mutator Allocation Rate: 787,9MB/s Predicted: 866,6MB/s, Avg: 590,6(+/-161,9)MB/s
[4,704s][debug  ][gc,director    ] Rule Major: Warmup 20%, Used: 1734MB, UsedThreshold: 3072MB
[4,704s][debug  ][gc,director    ] Select Minor GC Workers (Not Warm), GCWorkers: 5,000
[4,704s][debug  ][gc,director    ] Rule Minor: Allocation Rate (Dynamic GC Workers), MaxAllocRate: 590,6MB/s (+/-27,4%), Free: 13584MB, GCCPUTime: 1,677, GCDuration: 0,340s, TimeUntilOOM: 18,052s, TimeUntilGC: 17,711s, GCWorkers: 5
[4,704s][debug  ][gc,director    ] Select Minor GC Workers (Not Warm), GCWorkers: 5,000
[4,704s][debug  ][gc,director    ] Rule Minor: Allocation Rate (Dynamic GC Workers), MaxAllocRate: 2265,9MB/s (+/-27,4%), Free: 13584MB, GCCPUTime: 1,677, GCDuration: 0,340s, TimeUntilOOM: 4,706s, TimeUntilGC: 4,365s, GCWorkers: 5
[4,704s][debug  ][gc,director    ] Rule Minor: High Usage, Free: 13584MB(88,4%)
[4,714s][debug  ][gc,director    ] Rule Major: Warmup 20%, Used: 1746MB, UsedThreshold: 3072MB
[4,714s][debug  ][gc,director    ] Select Minor GC Workers (Not Warm), GCWorkers: 5,000
[4,714s][debug  ][gc,director    ] Rule Minor: Allocation Rate (Dynamic GC Workers), MaxAllocRate: 590,6MB/s (+/-27,4%), Free: 13572MB, GCCPUTime: 1,677, GCDuration: 0,340s, TimeUntilOOM: 18,036s, TimeUntilGC: 17,695s, GCWorkers: 5
[4,714s][debug  ][gc,director    ] Select Minor GC Workers (Not Warm), GCWorkers: 5,000
[4,714s][debug  ][gc,director    ] Rule Minor: Allocation Rate (Dynamic GC Workers), MaxAllocRate: 2265,9MB/s (+/-27,4%), Free: 13572MB, GCCPUTime: 1,677, GCDuration: 0,340s, TimeUntilOOM: 4,701s, TimeUntilGC: 4,361s, GCWorkers: 5
[4,714s][debug  ][gc,director    ] Rule Minor: High Usage, Free: 13572MB(88,4%)
[4,724s][debug  ][gc,director    ] Rule Major: Warmup 20%, Used: 1760MB, UsedThreshold: 3072MB
[4,724s][debug  ][gc,director    ] Select Minor GC Workers (Not Warm), GCWorkers: 5,000
[4,724s][debug  ][gc,director    ] Rule Minor: Allocation Rate (Dynamic GC Workers), MaxAllocRate: 590,6MB/s (+/-27,4%), Free: 13558MB, GCCPUTime: 1,677, GCDuration: 0,340s, TimeUntilOOM: 18,017s, TimeUntilGC: 17,677s, GCWorkers: 5
[4,724s][debug  ][gc,director    ] Select Minor GC Workers (Not Warm), GCWorkers: 5,000
[4,724s][debug  ][gc,director    ] Rule Minor: Allocation Rate (Dynamic GC Workers), MaxAllocRate: 2265,9MB/s (+/-27,4%), Free: 13558MB, GCCPUTime: 1,677, GCDuration: 0,340s, TimeUntilOOM: 4,697s, TimeUntilGC: 4,356s, GCWorkers: 5
[4,724s][debug  ][gc,director    ] Rule Minor: High Usage, Free: 13558MB(88,3%)
[4,732s][debug  ][gc,nmethod     ] Register NMethod: java.util.HashMap.computeIfAbsent (0x00007f376f3c8690) [0x00007f376f3c8940, 0x00007f376f3c99b8] Compiler: c2, Barriers: 23, Oops: 2, ImmediateOops: 0, NonImmediateOops: No
[4,735s][debug  ][gc,nmethod     ] Register NMethod: io.sirix.page.IndirectPage.getOrCreateReference (0x00007f376f3ca310) [0x00007f376f3ca6a0, 0x00007f376f3cbe40] Compiler: c2, Barriers: 49, Oops: 1, ImmediateOops: 0, NonImmediateOops: No
[4,735s][debug  ][gc,director    ] Rule Major: Warmup 20%, Used: 1772MB, UsedThreshold: 3072MB
[4,735s][debug  ][gc,director    ] Select Minor GC Workers (Not Warm), GCWorkers: 5,000
[4,735s][debug  ][gc,director    ] Rule Minor: Allocation Rate (Dynamic GC Workers), MaxAllocRate: 590,6MB/s (+/-27,4%), Free: 13546MB, GCCPUTime: 1,677, GCDuration: 0,340s, TimeUntilOOM: 18,001s, TimeUntilGC: 17,661s, GCWorkers: 5
[4,735s][debug  ][gc,director    ] Select Minor GC Workers (Not Warm), GCWorkers: 5,000
[4,735s][debug  ][gc,director    ] Rule Minor: Allocation Rate (Dynamic GC Workers), MaxAllocRate: 2265,9MB/s (+/-27,4%), Free: 13546MB, GCCPUTime: 1,677, GCDuration: 0,340s, TimeUntilOOM: 4,692s, TimeUntilGC: 4,352s, GCWorkers: 5
[4,735s][debug  ][gc,director    ] Rule Minor: High Usage, Free: 13546MB(88,2%)
[4,745s][debug  ][gc,director    ] Rule Major: Warmup 20%, Used: 1786MB, UsedThreshold: 3072MB
[4,745s][debug  ][gc,director    ] Select Minor GC Workers (Not Warm), GCWorkers: 5,000
[4,745s][debug  ][gc,director    ] Rule Minor: Allocation Rate (Dynamic GC Workers), MaxAllocRate: 590,6MB/s (+/-27,4%), Free: 13532MB, GCCPUTime: 1,677, GCDuration: 0,340s, TimeUntilOOM: 17,982s, TimeUntilGC: 17,642s, GCWorkers: 5
[4,745s][debug  ][gc,director    ] Select Minor GC Workers (Not Warm), GCWorkers: 5,000
[4,745s][debug  ][gc,director    ] Rule Minor: Allocation Rate (Dynamic GC Workers), MaxAllocRate: 2265,9MB/s (+/-27,4%), Free: 13532MB, GCCPUTime: 1,677, GCDuration: 0,340s, TimeUntilOOM: 4,688s, TimeUntilGC: 4,347s, GCWorkers: 5
[4,745s][debug  ][gc,director    ] Rule Minor: High Usage, Free: 13532MB(88,1%)
[4,755s][debug  ][gc,director    ] Rule Major: Warmup 20%, Used: 1798MB, UsedThreshold: 3072MB
[4,755s][debug  ][gc,director    ] Select Minor GC Workers (Not Warm), GCWorkers: 5,000
[4,755s][debug  ][gc,director    ] Rule Minor: Allocation Rate (Dynamic GC Workers), MaxAllocRate: 590,6MB/s (+/-27,4%), Free: 13520MB, GCCPUTime: 1,677, GCDuration: 0,340s, TimeUntilOOM: 17,967s, TimeUntilGC: 17,626s, GCWorkers: 5
[4,755s][debug  ][gc,director    ] Select Minor GC Workers (Not Warm), GCWorkers: 5,000
[4,755s][debug  ][gc,director    ] Rule Minor: Allocation Rate (Dynamic GC Workers), MaxAllocRate: 2265,9MB/s (+/-27,4%), Free: 13520MB, GCCPUTime: 1,677, GCDuration: 0,340s, TimeUntilOOM: 4,683s, TimeUntilGC: 4,343s, GCWorkers: 5
[4,755s][debug  ][gc,director    ] Rule Minor: High Usage, Free: 13520MB(88,0%)
[4,765s][debug  ][gc,director    ] Rule Major: Warmup 20%, Used: 1812MB, UsedThreshold: 3072MB
[4,765s][debug  ][gc,director    ] Select Minor GC Workers (Not Warm), GCWorkers: 5,000
[4,765s][debug  ][gc,director    ] Rule Minor: Allocation Rate (Dynamic GC Workers), MaxAllocRate: 590,6MB/s (+/-27,4%), Free: 13506MB, GCCPUTime: 1,677, GCDuration: 0,340s, TimeUntilOOM: 17,948s, TimeUntilGC: 17,608s, GCWorkers: 5
[4,765s][debug  ][gc,director    ] Select Minor GC Workers (Not Warm), GCWorkers: 5,000
[4,765s][debug  ][gc,director    ] Rule Minor: Allocation Rate (Dynamic GC Workers), MaxAllocRate: 2265,9MB/s (+/-27,4%), Free: 13506MB, GCCPUTime: 1,677, GCDuration: 0,340s, TimeUntilOOM: 4,679s, TimeUntilGC: 4,338s, GCWorkers: 5
[4,765s][debug  ][gc,director    ] Rule Minor: High Usage, Free: 13506MB(87,9%)
[4,775s][debug  ][gc,director    ] Rule Major: Warmup 20%, Used: 1824MB, UsedThreshold: 3072MB
[4,775s][debug  ][gc,director    ] Select Minor GC Workers (Not Warm), GCWorkers: 5,000
[4,775s][debug  ][gc,director    ] Rule Minor: Allocation Rate (Dynamic GC Workers), MaxAllocRate: 590,6MB/s (+/-27,4%), Free: 13494MB, GCCPUTime: 1,677, GCDuration: 0,340s, TimeUntilOOM: 17,932s, TimeUntilGC: 17,592s, GCWorkers: 5
[4,775s][debug  ][gc,director    ] Select Minor GC Workers (Not Warm), GCWorkers: 5,000
[4,775s][debug  ][gc,director    ] Rule Minor: Allocation Rate (Dynamic GC Workers), MaxAllocRate: 2265,9MB/s (+/-27,4%), Free: 13494MB, GCCPUTime: 1,677, GCDuration: 0,340s, TimeUntilOOM: 4,674s, TimeUntilGC: 4,334s, GCWorkers: 5
[4,775s][debug  ][gc,director    ] Rule Minor: High Usage, Free: 13494MB(87,9%)
[4,776s][debug  ][gc,nmethod     ] Register NMethod: java.lang.Short.valueOf (0x00007f376f3cc990) [0x00007f376f3ccb20, 0x00007f376f3ccc08] Compiler: c2, Barriers: 1, Oops: 0, ImmediateOops: 1, NonImmediateOops: No
[4,785s][debug  ][gc,director    ] Rule Major: Warmup 20%, Used: 1838MB, UsedThreshold: 3072MB
[4,785s][debug  ][gc,director    ] Select Minor GC Workers (Not Warm), GCWorkers: 5,000
[4,785s][debug  ][gc,director    ] Rule Minor: Allocation Rate (Dynamic GC Workers), MaxAllocRate: 590,6MB/s (+/-27,4%), Free: 13480MB, GCCPUTime: 1,677, GCDuration: 0,340s, TimeUntilOOM: 17,913s, TimeUntilGC: 17,573s, GCWorkers: 5
[4,785s][debug  ][gc,director    ] Select Minor GC Workers (Not Warm), GCWorkers: 5,000
[4,785s][debug  ][gc,director    ] Rule Minor: Allocation Rate (Dynamic GC Workers), MaxAllocRate: 2265,9MB/s (+/-27,4%), Free: 13480MB, GCCPUTime: 1,677, GCDuration: 0,340s, TimeUntilOOM: 4,670s, TimeUntilGC: 4,329s, GCWorkers: 5
[4,785s][debug  ][gc,director    ] Rule Minor: High Usage, Free: 13480MB(87,8%)
[4,796s][debug  ][gc,director    ] Rule Major: Warmup 20%, Used: 1852MB, UsedThreshold: 3072MB
[4,796s][debug  ][gc,director    ] Select Minor GC Workers (Not Warm), GCWorkers: 5,000
[4,796s][debug  ][gc,director    ] Rule Minor: Allocation Rate (Dynamic GC Workers), MaxAllocRate: 590,6MB/s (+/-27,4%), Free: 13466MB, GCCPUTime: 1,677, GCDuration: 0,340s, TimeUntilOOM: 17,895s, TimeUntilGC: 17,554s, GCWorkers: 5
[4,796s][debug  ][gc,director    ] Select Minor GC Workers (Not Warm), GCWorkers: 5,000
[4,796s][debug  ][gc,director    ] Rule Minor: Allocation Rate (Dynamic GC Workers), MaxAllocRate: 2265,9MB/s (+/-27,4%), Free: 13466MB, GCCPUTime: 1,677, GCDuration: 0,340s, TimeUntilOOM: 4,665s, TimeUntilGC: 4,324s, GCWorkers: 5
[4,796s][debug  ][gc,director    ] Rule Minor: High Usage, Free: 13466MB(87,7%)
[4,797s][debug  ][gc,alloc       ] Mutator Allocation Rate: 800,3MB/s Predicted: 878,1MB/s, Avg: 599,0(+/-163,8)MB/s
[4,797s][debug  ][gc,director    ] Rule Major: Warmup 20%, Used: 1854MB, UsedThreshold: 3072MB
[4,797s][debug  ][gc,director    ] Select Minor GC Workers (Not Warm), GCWorkers: 5,000
[4,797s][debug  ][gc,director    ] Rule Minor: Allocation Rate (Dynamic GC Workers), MaxAllocRate: 599,0MB/s (+/-27,3%), Free: 13464MB, GCCPUTime: 1,677, GCDuration: 0,340s, TimeUntilOOM: 17,649s, TimeUntilGC: 17,309s, GCWorkers: 5
[4,797s][debug  ][gc,director    ] Select Minor GC Workers (Not Warm), GCWorkers: 5,000
[4,797s][debug  ][gc,director    ] Rule Minor: Allocation Rate (Dynamic GC Workers), MaxAllocRate: 2295,3MB/s (+/-27,3%), Free: 13464MB, GCCPUTime: 1,677, GCDuration: 0,340s, TimeUntilOOM: 4,606s, TimeUntilGC: 4,266s, GCWorkers: 5
[4,797s][debug  ][gc,director    ] Rule Minor: High Usage, Free: 13464MB(87,7%)
[4,807s][debug  ][gc,director    ] Rule Major: Warmup 20%, Used: 1866MB, UsedThreshold: 3072MB
[4,807s][debug  ][gc,director    ] Select Minor GC Workers (Not Warm), GCWorkers: 5,000
[4,807s][debug  ][gc,director    ] Rule Minor: Allocation Rate (Dynamic GC Workers), MaxAllocRate: 599,0MB/s (+/-27,3%), Free: 13452MB, GCCPUTime: 1,677, GCDuration: 0,340s, TimeUntilOOM: 17,634s, TimeUntilGC: 17,293s, GCWorkers: 5
[4,807s][debug  ][gc,director    ] Select Minor GC Workers (Not Warm), GCWorkers: 5,000
[4,807s][debug  ][gc,director    ] Rule Minor: Allocation Rate (Dynamic GC Workers), MaxAllocRate: 2295,3MB/s (+/-27,3%), Free: 13452MB, GCCPUTime: 1,677, GCDuration: 0,340s, TimeUntilOOM: 4,602s, TimeUntilGC: 4,262s, GCWorkers: 5
[4,807s][debug  ][gc,director    ] Rule Minor: High Usage, Free: 13452MB(87,6%)
[4,818s][debug  ][gc,director    ] Rule Major: Warmup 20%, Used: 1880MB, UsedThreshold: 3072MB
[4,818s][debug  ][gc,director    ] Select Minor GC Workers (Not Warm), GCWorkers: 5,000
[4,818s][debug  ][gc,director    ] Rule Minor: Allocation Rate (Dynamic GC Workers), MaxAllocRate: 599,0MB/s (+/-27,3%), Free: 13438MB, GCCPUTime: 1,677, GCDuration: 0,340s, TimeUntilOOM: 17,615s, TimeUntilGC: 17,275s, GCWorkers: 5
[4,818s][debug  ][gc,director    ] Select Minor GC Workers (Not Warm), GCWorkers: 5,000
[4,818s][debug  ][gc,director    ] Rule Minor: Allocation Rate (Dynamic GC Workers), MaxAllocRate: 2295,3MB/s (+/-27,3%), Free: 13438MB, GCCPUTime: 1,677, GCDuration: 0,340s, TimeUntilOOM: 4,597s, TimeUntilGC: 4,257s, GCWorkers: 5
[4,818s][debug  ][gc,director    ] Rule Minor: High Usage, Free: 13438MB(87,5%)
[4,828s][debug  ][gc,director    ] Rule Major: Warmup 20%, Used: 1892MB, UsedThreshold: 3072MB
[4,828s][debug  ][gc,director    ] Select Minor GC Workers (Not Warm), GCWorkers: 5,000
[4,828s][debug  ][gc,director    ] Rule Minor: Allocation Rate (Dynamic GC Workers), MaxAllocRate: 599,0MB/s (+/-27,3%), Free: 13426MB, GCCPUTime: 1,677, GCDuration: 0,340s, TimeUntilOOM: 17,600s, TimeUntilGC: 17,259s, GCWorkers: 5
[4,828s][debug  ][gc,director    ] Select Minor GC Workers (Not Warm), GCWorkers: 5,000
[4,828s][debug  ][gc,director    ] Rule Minor: Allocation Rate (Dynamic GC Workers), MaxAllocRate: 2295,3MB/s (+/-27,3%), Free: 13426MB, GCCPUTime: 1,677, GCDuration: 0,340s, TimeUntilOOM: 4,593s, TimeUntilGC: 4,253s, GCWorkers: 5
[4,828s][debug  ][gc,director    ] Rule Minor: High Usage, Free: 13426MB(87,4%)
[4,836s][debug  ][gc,nmethod     ] Register NMethod: io.sirix.access.trx.page.TreeModifierImpl.prepareIndirectPage (0x00007f376f3ccc90) [0x00007f376f3cd140, 0x00007f376f3cf790] Compiler: c2, Barriers: 83, Oops: 2, ImmediateOops: 3, NonImmediateOops: No
[4,838s][debug  ][gc,director    ] Rule Major: Warmup 20%, Used: 1906MB, UsedThreshold: 3072MB
[4,838s][debug  ][gc,director    ] Select Minor GC Workers (Not Warm), GCWorkers: 5,000
[4,838s][debug  ][gc,director    ] Rule Minor: Allocation Rate (Dynamic GC Workers), MaxAllocRate: 599,0MB/s (+/-27,3%), Free: 13412MB, GCCPUTime: 1,677, GCDuration: 0,340s, TimeUntilOOM: 17,581s, TimeUntilGC: 17,241s, GCWorkers: 5
[4,838s][debug  ][gc,director    ] Select Minor GC Workers (Not Warm), GCWorkers: 5,000
[4,838s][debug  ][gc,director    ] Rule Minor: Allocation Rate (Dynamic GC Workers), MaxAllocRate: 2295,3MB/s (+/-27,3%), Free: 13412MB, GCCPUTime: 1,677, GCDuration: 0,340s, TimeUntilOOM: 4,588s, TimeUntilGC: 4,248s, GCWorkers: 5
[4,838s][debug  ][gc,director    ] Rule Minor: High Usage, Free: 13412MB(87,3%)
[4,848s][debug  ][gc,director    ] Rule Major: Warmup 20%, Used: 1920MB, UsedThreshold: 3072MB
[4,848s][debug  ][gc,director    ] Select Minor GC Workers (Not Warm), GCWorkers: 5,000
[4,848s][debug  ][gc,director    ] Rule Minor: Allocation Rate (Dynamic GC Workers), MaxAllocRate: 599,0MB/s (+/-27,3%), Free: 13398MB, GCCPUTime: 1,677, GCDuration: 0,340s, TimeUntilOOM: 17,563s, TimeUntilGC: 17,222s, GCWorkers: 5
[4,848s][debug  ][gc,director    ] Select Minor GC Workers (Not Warm), GCWorkers: 5,000
[4,848s][debug  ][gc,director    ] Rule Minor: Allocation Rate (Dynamic GC Workers), MaxAllocRate: 2295,3MB/s (+/-27,3%), Free: 13398MB, GCCPUTime: 1,677, GCDuration: 0,340s, TimeUntilOOM: 4,584s, TimeUntilGC: 4,243s, GCWorkers: 5
[4,848s][debug  ][gc,director    ] Rule Minor: High Usage, Free: 13398MB(87,2%)
[4,856s][debug  ][gc,nmethod     ] Register NMethod: java.io.FileInputStream.read (0x00007f376f3d0790) [0x00007f376f3d0980, 0x00007f376f3d0c48] Compiler: c2, Barriers: 3, Oops: 0, ImmediateOops: 1, NonImmediateOops: No
[4,858s][debug  ][gc,director    ] Rule Major: Warmup 20%, Used: 1932MB, UsedThreshold: 3072MB
[4,858s][debug  ][gc,director    ] Select Minor GC Workers (Not Warm), GCWorkers: 5,000
[4,858s][debug  ][gc,director    ] Rule Minor: Allocation Rate (Dynamic GC Workers), MaxAllocRate: 599,0MB/s (+/-27,3%), Free: 13386MB, GCCPUTime: 1,677, GCDuration: 0,340s, TimeUntilOOM: 17,547s, TimeUntilGC: 17,207s, GCWorkers: 5
[4,858s][debug  ][gc,director    ] Select Minor GC Workers (Not Warm), GCWorkers: 5,000
[4,858s][debug  ][gc,director    ] Rule Minor: Allocation Rate (Dynamic GC Workers), MaxAllocRate: 2295,3MB/s (+/-27,3%), Free: 13386MB, GCCPUTime: 1,677, GCDuration: 0,340s, TimeUntilOOM: 4,580s, TimeUntilGC: 4,239s, GCWorkers: 5
[4,858s][debug  ][gc,director    ] Rule Minor: High Usage, Free: 13386MB(87,1%)
[4,869s][debug  ][gc,director    ] Rule Major: Warmup 20%, Used: 1946MB, UsedThreshold: 3072MB
[4,869s][debug  ][gc,director    ] Select Minor GC Workers (Not Warm), GCWorkers: 5,000
[4,869s][debug  ][gc,director    ] Rule Minor: Allocation Rate (Dynamic GC Workers), MaxAllocRate: 599,0MB/s (+/-27,3%), Free: 13372MB, GCCPUTime: 1,677, GCDuration: 0,340s, TimeUntilOOM: 17,529s, TimeUntilGC: 17,188s, GCWorkers: 5
[4,869s][debug  ][gc,director    ] Select Minor GC Workers (Not Warm), GCWorkers: 5,000
[4,869s][debug  ][gc,director    ] Rule Minor: Allocation Rate (Dynamic GC Workers), MaxAllocRate: 2295,3MB/s (+/-27,3%), Free: 13372MB, GCCPUTime: 1,677, GCDuration: 0,340s, TimeUntilOOM: 4,575s, TimeUntilGC: 4,234s, GCWorkers: 5
[4,869s][debug  ][gc,director    ] Rule Minor: High Usage, Free: 13372MB(87,1%)
[4,879s][debug  ][gc,director    ] Rule Major: Warmup 20%, Used: 1960MB, UsedThreshold: 3072MB
[4,879s][debug  ][gc,director    ] Select Minor GC Workers (Not Warm), GCWorkers: 5,000
[4,879s][debug  ][gc,director    ] Rule Minor: Allocation Rate (Dynamic GC Workers), MaxAllocRate: 599,0MB/s (+/-27,3%), Free: 13358MB, GCCPUTime: 1,677, GCDuration: 0,340s, TimeUntilOOM: 17,510s, TimeUntilGC: 17,170s, GCWorkers: 5
[4,879s][debug  ][gc,director    ] Select Minor GC Workers (Not Warm), GCWorkers: 5,000
[4,879s][debug  ][gc,director    ] Rule Minor: Allocation Rate (Dynamic GC Workers), MaxAllocRate: 2295,3MB/s (+/-27,3%), Free: 13358MB, GCCPUTime: 1,677, GCDuration: 0,340s, TimeUntilOOM: 4,570s, TimeUntilGC: 4,230s, GCWorkers: 5
[4,879s][debug  ][gc,director    ] Rule Minor: High Usage, Free: 13358MB(87,0%)
[4,889s][debug  ][gc,director    ] Rule Major: Warmup 20%, Used: 1972MB, UsedThreshold: 3072MB
[4,889s][debug  ][gc,director    ] Select Minor GC Workers (Not Warm), GCWorkers: 5,000
[4,889s][debug  ][gc,director    ] Rule Minor: Allocation Rate (Dynamic GC Workers), MaxAllocRate: 599,0MB/s (+/-27,3%), Free: 13346MB, GCCPUTime: 1,677, GCDuration: 0,340s, TimeUntilOOM: 17,495s, TimeUntilGC: 17,154s, GCWorkers: 5
[4,889s][debug  ][gc,director    ] Select Minor GC Workers (Not Warm), GCWorkers: 5,000
[4,889s][debug  ][gc,director    ] Rule Minor: Allocation Rate (Dynamic GC Workers), MaxAllocRate: 2295,3MB/s (+/-27,3%), Free: 13346MB, GCCPUTime: 1,677, GCDuration: 0,340s, TimeUntilOOM: 4,566s, TimeUntilGC: 4,226s, GCWorkers: 5
[4,889s][debug  ][gc,director    ] Rule Minor: High Usage, Free: 13346MB(86,9%)
[4,889s][debug  ][gc,alloc       ] Mutator Allocation Rate: 812,3MB/s Predicted: 889,4MB/s, Avg: 607,2(+/-165,8)MB/s
[4,889s][debug  ][gc,director    ] Rule Major: Warmup 20%, Used: 1974MB, UsedThreshold: 3072MB
[4,889s][debug  ][gc,director    ] Select Minor GC Workers (Not Warm), GCWorkers: 5,000
[4,889s][debug  ][gc,director    ] Rule Minor: Allocation Rate (Dynamic GC Workers), MaxAllocRate: 607,2MB/s (+/-27,3%), Free: 13344MB, GCCPUTime: 1,677, GCDuration: 0,340s, TimeUntilOOM: 17,262s, TimeUntilGC: 16,921s, GCWorkers: 5
[4,889s][debug  ][gc,director    ] Select Minor GC Workers (Not Warm), GCWorkers: 5,000
[4,890s][debug  ][gc,director    ] Rule Minor: Allocation Rate (Dynamic GC Workers), MaxAllocRate: 2324,4MB/s (+/-27,3%), Free: 13344MB, GCCPUTime: 1,677, GCDuration: 0,340s, TimeUntilOOM: 4,509s, TimeUntilGC: 4,169s, GCWorkers: 5
[4,890s][debug  ][gc,director    ] Rule Minor: High Usage, Free: 13344MB(86,9%)
[4,898s][debug  ][gc,nmethod     ] Register NMethod: java.util.LinkedHashMap.linkNodeAtEnd (0x00007f376f3d0f10) [0x00007f376f3d10c0, 0x00007f376f3d13f8] Compiler: c2, Barriers: 13, Oops: 0, ImmediateOops: 0, NonImmediateOops: No
[4,900s][debug  ][gc,director    ] Rule Major: Warmup 20%, Used: 1986MB, UsedThreshold: 3072MB
[4,900s][debug  ][gc,director    ] Select Minor GC Workers (Not Warm), GCWorkers: 5,000
[4,900s][debug  ][gc,director    ] Rule Minor: Allocation Rate (Dynamic GC Workers), MaxAllocRate: 607,2MB/s (+/-27,3%), Free: 13332MB, GCCPUTime: 1,677, GCDuration: 0,340s, TimeUntilOOM: 17,246s, TimeUntilGC: 16,906s, GCWorkers: 5
[4,900s][debug  ][gc,director    ] Select Minor GC Workers (Not Warm), GCWorkers: 5,000
[4,900s][debug  ][gc,director    ] Rule Minor: Allocation Rate (Dynamic GC Workers), MaxAllocRate: 2324,4MB/s (+/-27,3%), Free: 13332MB, GCCPUTime: 1,677, GCDuration: 0,340s, TimeUntilOOM: 4,505s, TimeUntilGC: 4,165s, GCWorkers: 5
[4,900s][debug  ][gc,director    ] Rule Minor: High Usage, Free: 13332MB(86,8%)
[4,910s][debug  ][gc,director    ] Rule Major: Warmup 20%, Used: 2000MB, UsedThreshold: 3072MB
[4,910s][debug  ][gc,director    ] Select Minor GC Workers (Not Warm), GCWorkers: 5,000
[4,910s][debug  ][gc,director    ] Rule Minor: Allocation Rate (Dynamic GC Workers), MaxAllocRate: 607,2MB/s (+/-27,3%), Free: 13318MB, GCCPUTime: 1,677, GCDuration: 0,340s, TimeUntilOOM: 17,228s, TimeUntilGC: 16,888s, GCWorkers: 5
[4,910s][debug  ][gc,director    ] Select Minor GC Workers (Not Warm), GCWorkers: 5,000
[4,910s][debug  ][gc,director    ] Rule Minor: Allocation Rate (Dynamic GC Workers), MaxAllocRate: 2324,4MB/s (+/-27,3%), Free: 13318MB, GCCPUTime: 1,677, GCDuration: 0,340s, TimeUntilOOM: 4,501s, TimeUntilGC: 4,160s, GCWorkers: 5
[4,910s][debug  ][gc,director    ] Rule Minor: High Usage, Free: 13318MB(86,7%)
[4,920s][debug  ][gc,director    ] Rule Major: Warmup 20%, Used: 2012MB, UsedThreshold: 3072MB
[4,920s][debug  ][gc,director    ] Select Minor GC Workers (Not Warm), GCWorkers: 5,000
[4,920s][debug  ][gc,director    ] Rule Minor: Allocation Rate (Dynamic GC Workers), MaxAllocRate: 607,2MB/s (+/-27,3%), Free: 13306MB, GCCPUTime: 1,677, GCDuration: 0,340s, TimeUntilOOM: 17,213s, TimeUntilGC: 16,872s, GCWorkers: 5
[4,920s][debug  ][gc,director    ] Select Minor GC Workers (Not Warm), GCWorkers: 5,000
[4,920s][debug  ][gc,director    ] Rule Minor: Allocation Rate (Dynamic GC Workers), MaxAllocRate: 2324,4MB/s (+/-27,3%), Free: 13306MB, GCCPUTime: 1,677, GCDuration: 0,340s, TimeUntilOOM: 4,497s, TimeUntilGC: 4,156s, GCWorkers: 5
[4,920s][debug  ][gc,director    ] Rule Minor: High Usage, Free: 13306MB(86,6%)
[4,930s][debug  ][gc,director    ] Rule Major: Warmup 20%, Used: 2026MB, UsedThreshold: 3072MB
[4,930s][debug  ][gc,director    ] Select Minor GC Workers (Not Warm), GCWorkers: 5,000
[4,930s][debug  ][gc,director    ] Rule Minor: Allocation Rate (Dynamic GC Workers), MaxAllocRate: 607,2MB/s (+/-27,3%), Free: 13292MB, GCCPUTime: 1,677, GCDuration: 0,340s, TimeUntilOOM: 17,195s, TimeUntilGC: 16,854s, GCWorkers: 5
[4,930s][debug  ][gc,director    ] Select Minor GC Workers (Not Warm), GCWorkers: 5,000
[4,930s][debug  ][gc,director    ] Rule Minor: Allocation Rate (Dynamic GC Workers), MaxAllocRate: 2324,4MB/s (+/-27,3%), Free: 13292MB, GCCPUTime: 1,677, GCDuration: 0,340s, TimeUntilOOM: 4,492s, TimeUntilGC: 4,152s, GCWorkers: 5
[4,930s][debug  ][gc,director    ] Rule Minor: High Usage, Free: 13292MB(86,5%)
[4,940s][debug  ][gc,director    ] Rule Major: Warmup 20%, Used: 2040MB, UsedThreshold: 3072MB
[4,940s][debug  ][gc,director    ] Select Minor GC Workers (Not Warm), GCWorkers: 5,000
[4,940s][debug  ][gc,director    ] Rule Minor: Allocation Rate (Dynamic GC Workers), MaxAllocRate: 607,2MB/s (+/-27,3%), Free: 13278MB, GCCPUTime: 1,677, GCDuration: 0,340s, TimeUntilOOM: 17,176s, TimeUntilGC: 16,836s, GCWorkers: 5
[4,940s][debug  ][gc,director    ] Select Minor GC Workers (Not Warm), GCWorkers: 5,000
[4,940s][debug  ][gc,director    ] Rule Minor: Allocation Rate (Dynamic GC Workers), MaxAllocRate: 2324,4MB/s (+/-27,3%), Free: 13278MB, GCCPUTime: 1,677, GCDuration: 0,340s, TimeUntilOOM: 4,487s, TimeUntilGC: 4,147s, GCWorkers: 5
[4,940s][debug  ][gc,director    ] Rule Minor: High Usage, Free: 13278MB(86,4%)
[4,950s][debug  ][gc,director    ] Rule Major: Warmup 20%, Used: 2052MB, UsedThreshold: 3072MB
[4,950s][debug  ][gc,director    ] Select Minor GC Workers (Not Warm), GCWorkers: 5,000
[4,950s][debug  ][gc,director    ] Rule Minor: Allocation Rate (Dynamic GC Workers), MaxAllocRate: 607,2MB/s (+/-27,3%), Free: 13266MB, GCCPUTime: 1,677, GCDuration: 0,340s, TimeUntilOOM: 17,161s, TimeUntilGC: 16,821s, GCWorkers: 5
[4,950s][debug  ][gc,director    ] Select Minor GC Workers (Not Warm), GCWorkers: 5,000
[4,950s][debug  ][gc,director    ] Rule Minor: Allocation Rate (Dynamic GC Workers), MaxAllocRate: 2324,4MB/s (+/-27,3%), Free: 13266MB, GCCPUTime: 1,677, GCDuration: 0,340s, TimeUntilOOM: 4,483s, TimeUntilGC: 4,143s, GCWorkers: 5
[4,951s][debug  ][gc,director    ] Rule Minor: High Usage, Free: 13266MB(86,4%)
[4,961s][debug  ][gc,director    ] Rule Major: Warmup 20%, Used: 2066MB, UsedThreshold: 3072MB
[4,961s][debug  ][gc,director    ] Select Minor GC Workers (Not Warm), GCWorkers: 5,000
[4,961s][debug  ][gc,director    ] Rule Minor: Allocation Rate (Dynamic GC Workers), MaxAllocRate: 607,2MB/s (+/-27,3%), Free: 13252MB, GCCPUTime: 1,677, GCDuration: 0,340s, TimeUntilOOM: 17,143s, TimeUntilGC: 16,802s, GCWorkers: 5
[4,961s][debug  ][gc,director    ] Select Minor GC Workers (Not Warm), GCWorkers: 5,000
[4,961s][debug  ][gc,director    ] Rule Minor: Allocation Rate (Dynamic GC Workers), MaxAllocRate: 2324,4MB/s (+/-27,3%), Free: 13252MB, GCCPUTime: 1,677, GCDuration: 0,340s, TimeUntilOOM: 4,478s, TimeUntilGC: 4,138s, GCWorkers: 5
[4,961s][debug  ][gc,director    ] Rule Minor: High Usage, Free: 13252MB(86,3%)
[4,971s][debug  ][gc,director    ] Rule Major: Warmup 20%, Used: 2078MB, UsedThreshold: 3072MB
[4,971s][debug  ][gc,director    ] Select Minor GC Workers (Not Warm), GCWorkers: 5,000
[4,971s][debug  ][gc,director    ] Rule Minor: Allocation Rate (Dynamic GC Workers), MaxAllocRate: 607,2MB/s (+/-27,3%), Free: 13240MB, GCCPUTime: 1,677, GCDuration: 0,340s, TimeUntilOOM: 17,127s, TimeUntilGC: 16,787s, GCWorkers: 5
[4,971s][debug  ][gc,director    ] Select Minor GC Workers (Not Warm), GCWorkers: 5,000
[4,971s][debug  ][gc,director    ] Rule Minor: Allocation Rate (Dynamic GC Workers), MaxAllocRate: 2324,4MB/s (+/-27,3%), Free: 13240MB, GCCPUTime: 1,677, GCDuration: 0,340s, TimeUntilOOM: 4,474s, TimeUntilGC: 4,134s, GCWorkers: 5
[4,971s][debug  ][gc,director    ] Rule Minor: High Usage, Free: 13240MB(86,2%)
[4,981s][debug  ][gc,director    ] Rule Major: Warmup 20%, Used: 2092MB, UsedThreshold: 3072MB
[4,981s][debug  ][gc,director    ] Select Minor GC Workers (Not Warm), GCWorkers: 5,000
[4,981s][debug  ][gc,director    ] Rule Minor: Allocation Rate (Dynamic GC Workers), MaxAllocRate: 607,2MB/s (+/-27,3%), Free: 13226MB, GCCPUTime: 1,677, GCDuration: 0,340s, TimeUntilOOM: 17,109s, TimeUntilGC: 16,769s, GCWorkers: 5
[4,981s][debug  ][gc,director    ] Select Minor GC Workers (Not Warm), GCWorkers: 5,000
[4,981s][debug  ][gc,director    ] Rule Minor: Allocation Rate (Dynamic GC Workers), MaxAllocRate: 2324,4MB/s (+/-27,3%), Free: 13226MB, GCCPUTime: 1,677, GCDuration: 0,340s, TimeUntilOOM: 4,470s, TimeUntilGC: 4,129s, GCWorkers: 5
[4,981s][debug  ][gc,director    ] Rule Minor: High Usage, Free: 13226MB(86,1%)
[4,982s][debug  ][gc,alloc       ] Mutator Allocation Rate: 823,8MB/s Predicted: 900,6MB/s, Avg: 615,3(+/-167,8)MB/s
[4,982s][debug  ][gc,director    ] Rule Major: Warmup 20%, Used: 2094MB, UsedThreshold: 3072MB
[4,982s][debug  ][gc,director    ] Select Minor GC Workers (Not Warm), GCWorkers: 5,000
[4,982s][debug  ][gc,director    ] Rule Minor: Allocation Rate (Dynamic GC Workers), MaxAllocRate: 615,3MB/s (+/-27,3%), Free: 13224MB, GCCPUTime: 1,677, GCDuration: 0,340s, TimeUntilOOM: 16,888s, TimeUntilGC: 16,548s, GCWorkers: 5
[4,982s][debug  ][gc,director    ] Select Minor GC Workers (Not Warm), GCWorkers: 5,000
[4,982s][debug  ][gc,director    ] Rule Minor: Allocation Rate (Dynamic GC Workers), MaxAllocRate: 2353,2MB/s (+/-27,3%), Free: 13224MB, GCCPUTime: 1,677, GCDuration: 0,340s, TimeUntilOOM: 4,416s, TimeUntilGC: 4,075s, GCWorkers: 5
[4,982s][debug  ][gc,director    ] Rule Minor: High Usage, Free: 13224MB(86,1%)
[4,983s][debug  ][gc,nmethod     ] Register NMethod: sun.nio.cs.StreamDecoder.inReady (0x00007f376f3d1490) [0x00007f376f3d1680, 0x00007f376f3d1a20] Compiler: c2, Barriers: 4, Oops: 0, ImmediateOops: 1, NonImmediateOops: No
[4,983s][debug  ][gc,nmethod     ] Register NMethod: java.nio.ByteBuffer.flip (0x00007f376f3d1d10) [0x00007f376f3d1e80, 0x00007f376f3d1f10] Compiler: c2, Barriers: 0, Oops: 0, ImmediateOops: 0, NonImmediateOops: No
[4,984s][debug  ][gc,nmethod     ] Register NMethod: sun.nio.cs.StreamDecoder.readBytes (0x00007f376f3d2010) [0x00007f376f3d2280, 0x00007f376f3d2ce8] Compiler: c2, Barriers: 11, Oops: 0, ImmediateOops: 1, NonImmediateOops: No
[4,992s][debug  ][gc,director    ] Rule Major: Warmup 20%, Used: 2106MB, UsedThreshold: 3072MB
[4,992s][debug  ][gc,director    ] Select Minor GC Workers (Not Warm), GCWorkers: 5,000
[4,992s][debug  ][gc,director    ] Rule Minor: Allocation Rate (Dynamic GC Workers), MaxAllocRate: 615,3MB/s (+/-27,3%), Free: 13212MB, GCCPUTime: 1,677, GCDuration: 0,340s, TimeUntilOOM: 16,873s, TimeUntilGC: 16,533s, GCWorkers: 5
[4,992s][debug  ][gc,director    ] Select Minor GC Workers (Not Warm), GCWorkers: 5,000
[4,992s][debug  ][gc,director    ] Rule Minor: Allocation Rate (Dynamic GC Workers), MaxAllocRate: 2353,2MB/s (+/-27,3%), Free: 13212MB, GCCPUTime: 1,677, GCDuration: 0,340s, TimeUntilOOM: 4,412s, TimeUntilGC: 4,071s, GCWorkers: 5
[4,992s][debug  ][gc,director    ] Rule Minor: High Usage, Free: 13212MB(86,0%)
[5,002s][debug  ][gc,director    ] Rule Major: Warmup 20%, Used: 2120MB, UsedThreshold: 3072MB
[5,002s][debug  ][gc,director    ] Select Minor GC Workers (Not Warm), GCWorkers: 5,000
[5,002s][debug  ][gc,director    ] Rule Minor: Allocation Rate (Dynamic GC Workers), MaxAllocRate: 615,3MB/s (+/-27,3%), Free: 13198MB, GCCPUTime: 1,677, GCDuration: 0,340s, TimeUntilOOM: 16,855s, TimeUntilGC: 16,515s, GCWorkers: 5
[5,002s][debug  ][gc,director    ] Select Minor GC Workers (Not Warm), GCWorkers: 5,000
[5,002s][debug  ][gc,director    ] Rule Minor: Allocation Rate (Dynamic GC Workers), MaxAllocRate: 2353,2MB/s (+/-27,3%), Free: 13198MB, GCCPUTime: 1,677, GCDuration: 0,340s, TimeUntilOOM: 4,407s, TimeUntilGC: 4,066s, GCWorkers: 5
[5,002s][debug  ][gc,director    ] Rule Minor: High Usage, Free: 13198MB(85,9%)
[5,012s][debug  ][gc,director    ] Rule Major: Warmup 20%, Used: 2132MB, UsedThreshold: 3072MB
[5,012s][debug  ][gc,director    ] Select Minor GC Workers (Not Warm), GCWorkers: 5,000
[5,012s][debug  ][gc,director    ] Rule Minor: Allocation Rate (Dynamic GC Workers), MaxAllocRate: 615,3MB/s (+/-27,3%), Free: 13186MB, GCCPUTime: 1,677, GCDuration: 0,340s, TimeUntilOOM: 16,840s, TimeUntilGC: 16,500s, GCWorkers: 5
[5,012s][debug  ][gc,director    ] Select Minor GC Workers (Not Warm), GCWorkers: 5,000
[5,012s][debug  ][gc,director    ] Rule Minor: Allocation Rate (Dynamic GC Workers), MaxAllocRate: 2353,2MB/s (+/-27,3%), Free: 13186MB, GCCPUTime: 1,677, GCDuration: 0,340s, TimeUntilOOM: 4,403s, TimeUntilGC: 4,062s, GCWorkers: 5
[5,012s][debug  ][gc,director    ] Rule Minor: High Usage, Free: 13186MB(85,8%)
[5,022s][debug  ][gc,director    ] Rule Major: Warmup 20%, Used: 2146MB, UsedThreshold: 3072MB
[5,022s][debug  ][gc,director    ] Select Minor GC Workers (Not Warm), GCWorkers: 5,000
[5,022s][debug  ][gc,director    ] Rule Minor: Allocation Rate (Dynamic GC Workers), MaxAllocRate: 615,3MB/s (+/-27,3%), Free: 13172MB, GCCPUTime: 1,677, GCDuration: 0,340s, TimeUntilOOM: 16,822s, TimeUntilGC: 16,482s, GCWorkers: 5
[5,023s][debug  ][gc,director    ] Select Minor GC Workers (Not Warm), GCWorkers: 5,000
[5,023s][debug  ][gc,director    ] Rule Minor: Allocation Rate (Dynamic GC Workers), MaxAllocRate: 2353,2MB/s (+/-27,3%), Free: 13172MB, GCCPUTime: 1,677, GCDuration: 0,340s, TimeUntilOOM: 4,398s, TimeUntilGC: 4,058s, GCWorkers: 5
[5,023s][debug  ][gc,director    ] Rule Minor: High Usage, Free: 13172MB(85,8%)
[5,033s][debug  ][gc,director    ] Rule Major: Warmup 20%, Used: 2160MB, UsedThreshold: 3072MB
[5,033s][debug  ][gc,director    ] Select Minor GC Workers (Not Warm), GCWorkers: 5,000
[5,033s][debug  ][gc,director    ] Rule Minor: Allocation Rate (Dynamic GC Workers), MaxAllocRate: 615,3MB/s (+/-27,3%), Free: 13158MB, GCCPUTime: 1,677, GCDuration: 0,340s, TimeUntilOOM: 16,804s, TimeUntilGC: 16,464s, GCWorkers: 5
[5,033s][debug  ][gc,director    ] Select Minor GC Workers (Not Warm), GCWorkers: 5,000
[5,033s][debug  ][gc,director    ] Rule Minor: Allocation Rate (Dynamic GC Workers), MaxAllocRate: 2353,2MB/s (+/-27,3%), Free: 13158MB, GCCPUTime: 1,677, GCDuration: 0,340s, TimeUntilOOM: 4,393s, TimeUntilGC: 4,053s, GCWorkers: 5
[5,033s][debug  ][gc,director    ] Rule Minor: High Usage, Free: 13158MB(85,7%)
[5,043s][debug  ][gc,director    ] Rule Major: Warmup 20%, Used: 2172MB, UsedThreshold: 3072MB
[5,043s][debug  ][gc,director    ] Select Minor GC Workers (Not Warm), GCWorkers: 5,000
[5,043s][debug  ][gc,director    ] Rule Minor: Allocation Rate (Dynamic GC Workers), MaxAllocRate: 615,3MB/s (+/-27,3%), Free: 13146MB, GCCPUTime: 1,677, GCDuration: 0,340s, TimeUntilOOM: 16,789s, TimeUntilGC: 16,449s, GCWorkers: 5
[5,043s][debug  ][gc,director    ] Select Minor GC Workers (Not Warm), GCWorkers: 5,000
[5,043s][debug  ][gc,director    ] Rule Minor: Allocation Rate (Dynamic GC Workers), MaxAllocRate: 2353,2MB/s (+/-27,3%), Free: 13146MB, GCCPUTime: 1,677, GCDuration: 0,340s, TimeUntilOOM: 4,389s, TimeUntilGC: 4,049s, GCWorkers: 5
[5,043s][debug  ][gc,director    ] Rule Minor: High Usage, Free: 13146MB(85,6%)
[5,053s][debug  ][gc,director    ] Rule Major: Warmup 20%, Used: 2186MB, UsedThreshold: 3072MB
[5,053s][debug  ][gc,director    ] Select Minor GC Workers (Not Warm), GCWorkers: 5,000
[5,053s][debug  ][gc,director    ] Rule Minor: Allocation Rate (Dynamic GC Workers), MaxAllocRate: 615,3MB/s (+/-27,3%), Free: 13132MB, GCCPUTime: 1,677, GCDuration: 0,340s, TimeUntilOOM: 16,771s, TimeUntilGC: 16,431s, GCWorkers: 5
[5,053s][debug  ][gc,director    ] Select Minor GC Workers (Not Warm), GCWorkers: 5,000
[5,053s][debug  ][gc,director    ] Rule Minor: Allocation Rate (Dynamic GC Workers), MaxAllocRate: 2353,2MB/s (+/-27,3%), Free: 13132MB, GCCPUTime: 1,677, GCDuration: 0,340s, TimeUntilOOM: 4,385s, TimeUntilGC: 4,044s, GCWorkers: 5
[5,053s][debug  ][gc,director    ] Rule Minor: High Usage, Free: 13132MB(85,5%)
[5,063s][debug  ][gc,director    ] Rule Major: Warmup 20%, Used: 2200MB, UsedThreshold: 3072MB
[5,063s][debug  ][gc,director    ] Select Minor GC Workers (Not Warm), GCWorkers: 5,000
[5,063s][debug  ][gc,director    ] Rule Minor: Allocation Rate (Dynamic GC Workers), MaxAllocRate: 615,3MB/s (+/-27,3%), Free: 13118MB, GCCPUTime: 1,677, GCDuration: 0,340s, TimeUntilOOM: 16,753s, TimeUntilGC: 16,413s, GCWorkers: 5
[5,063s][debug  ][gc,director    ] Select Minor GC Workers (Not Warm), GCWorkers: 5,000
[5,063s][debug  ][gc,director    ] Rule Minor: Allocation Rate (Dynamic GC Workers), MaxAllocRate: 2353,2MB/s (+/-27,3%), Free: 13118MB, GCCPUTime: 1,677, GCDuration: 0,340s, TimeUntilOOM: 4,380s, TimeUntilGC: 4,040s, GCWorkers: 5
[5,063s][debug  ][gc,director    ] Rule Minor: High Usage, Free: 13118MB(85,4%)
[5,073s][debug  ][gc,director    ] Rule Major: Warmup 20%, Used: 2212MB, UsedThreshold: 3072MB
[5,073s][debug  ][gc,director    ] Select Minor GC Workers (Not Warm), GCWorkers: 5,000
[5,073s][debug  ][gc,director    ] Rule Minor: Allocation Rate (Dynamic GC Workers), MaxAllocRate: 615,3MB/s (+/-27,3%), Free: 13106MB, GCCPUTime: 1,677, GCDuration: 0,340s, TimeUntilOOM: 16,738s, TimeUntilGC: 16,397s, GCWorkers: 5
[5,073s][debug  ][gc,director    ] Select Minor GC Workers (Not Warm), GCWorkers: 5,000
[5,073s][debug  ][gc,director    ] Rule Minor: Allocation Rate (Dynamic GC Workers), MaxAllocRate: 2353,2MB/s (+/-27,3%), Free: 13106MB, GCCPUTime: 1,677, GCDuration: 0,340s, TimeUntilOOM: 4,376s, TimeUntilGC: 4,036s, GCWorkers: 5
[5,073s][debug  ][gc,director    ] Rule Minor: High Usage, Free: 13106MB(85,3%)
[5,074s][debug  ][gc,alloc       ] Mutator Allocation Rate: 834,7MB/s Predicted: 911,6MB/s, Avg: 623,1(+/-169,7)MB/s
[5,074s][debug  ][gc,director    ] Rule Major: Warmup 20%, Used: 2214MB, UsedThreshold: 3072MB
[5,074s][debug  ][gc,director    ] Select Minor GC Workers (Not Warm), GCWorkers: 5,000
[5,074s][debug  ][gc,director    ] Rule Minor: Allocation Rate (Dynamic GC Workers), MaxAllocRate: 623,1MB/s (+/-27,2%), Free: 13104MB, GCCPUTime: 1,677, GCDuration: 0,340s, TimeUntilOOM: 16,529s, TimeUntilGC: 16,189s, GCWorkers: 5
[5,074s][debug  ][gc,director    ] Select Minor GC Workers (Not Warm), GCWorkers: 5,000
[5,074s][debug  ][gc,director    ] Rule Minor: Allocation Rate (Dynamic GC Workers), MaxAllocRate: 2381,6MB/s (+/-27,2%), Free: 13104MB, GCCPUTime: 1,677, GCDuration: 0,340s, TimeUntilOOM: 4,325s, TimeUntilGC: 3,984s, GCWorkers: 5
[5,074s][debug  ][gc,director    ] Rule Minor: High Usage, Free: 13104MB(85,3%)
[5,076s][debug  ][gc,nmethod     ] Register NMethod: java.util.stream.Sink.begin (0x00007f374ffbc910) [0x00007f374ffbcaa0, 0x00007f374ffbcba0] Compiler: c1, Barriers: 0, Oops: 0, ImmediateOops: 0, NonImmediateOops: No
[5,077s][debug  ][gc,nmethod     ] Register NMethod: java.nio.Bits.reserveMemory (0x00007f374ffbcc10) [0x00007f374ffbd020, 0x00007f374ffbe8b0] Compiler: c1, Barriers: 4, Oops: 4, ImmediateOops: 12, NonImmediateOops: No
[5,077s][debug  ][gc,nmethod     ] Register NMethod: com.google.common.hash.AbstractByteHasher.<init> (0x00007f374ffbf490) [0x00007f374ffbf660, 0x00007f374ffbf918] Compiler: c1, Barriers: 3, Oops: 1, ImmediateOops: 1, NonImmediateOops: No
[5,077s][debug  ][gc,nmethod     ] Register NMethod: com.google.common.hash.MessageDigestHashFunction$MessageDigestHasher.<init> (0x00007f374ffbfa90) [0x00007f374ffbfc80, 0x00007f374ffc0090] Compiler: c1, Barriers: 6, Oops: 1, ImmediateOops: 1, NonImmediateOops: No
[5,078s][debug  ][gc,nmethod     ] Register NMethod: com.google.common.hash.MessageDigestHashFunction$MessageDigestHasher.<init> (0x00007f374ffc0210) [0x00007f374ffc03e0, 0x00007f374ffc0780] Compiler: c1, Barriers: 6, Oops: 1, ImmediateOops: 1, NonImmediateOops: No
[5,078s][debug  ][gc,nmethod     ] Register NMethod: com.google.common.hash.AbstractHasher.<init> (0x00007f374ffc0910) [0x00007f374ffc0aa0, 0x00007f374ffc0c00] Compiler: c1, Barriers: 0, Oops: 1, ImmediateOops: 0, NonImmediateOops: No
[5,083s][debug  ][gc,nmethod     ] Register NMethod: net.openhft.chronicle.core.UnsafeMemory.readBytes (0x00007f376f3d3490) [0x00007f376f3d3620, 0x00007f376f3d37f8] Compiler: c2, Barriers: 0, Oops: 2, ImmediateOops: 0, NonImmediateOops: No
[5,084s][debug  ][gc,director    ] Rule Major: Warmup 20%, Used: 2268MB, UsedThreshold: 3072MB
[5,084s][debug  ][gc,director    ] Select Minor GC Workers (Not Warm), GCWorkers: 5,000
[5,084s][debug  ][gc,director    ] Rule Minor: Allocation Rate (Dynamic GC Workers), MaxAllocRate: 623,1MB/s (+/-27,2%), Free: 13050MB, GCCPUTime: 1,677, GCDuration: 0,340s, TimeUntilOOM: 16,461s, TimeUntilGC: 16,120s, GCWorkers: 5
[5,084s][debug  ][gc,director    ] Select Minor GC Workers (Not Warm), GCWorkers: 5,000
[5,084s][debug  ][gc,director    ] Rule Minor: Allocation Rate (Dynamic GC Workers), MaxAllocRate: 2381,6MB/s (+/-27,2%), Free: 13050MB, GCCPUTime: 1,677, GCDuration: 0,340s, TimeUntilOOM: 4,307s, TimeUntilGC: 3,966s, GCWorkers: 5
[5,084s][debug  ][gc,director    ] Rule Minor: High Usage, Free: 13050MB(85,0%)
[5,086s][debug  ][gc,nmethod     ] Register NMethod: java.io.ByteArrayOutputStream.write (0x00007f376f3d3a10) [0x00007f376f3d3bc0, 0x00007f376f3d4170] Compiler: c2, Barriers: 4, Oops: 0, ImmediateOops: 0, NonImmediateOops: No
[5,087s][debug  ][gc,nmethod     ] Register NMethod: java.io.ByteArrayOutputStream.ensureCapacity (0x00007f376f3d4390) [0x00007f376f3d4520, 0x00007f376f3d46f8] Compiler: c2, Barriers: 4, Oops: 0, ImmediateOops: 0, NonImmediateOops: No
[5,089s][debug  ][gc,nmethod     ] Register NMethod: net.openhft.chronicle.bytes.BytesStore.copyTo (0x00007f376f3d4810) [0x00007f376f3d4a60, 0x00007f376f3d5b38] Compiler: c2, Barriers: 20, Oops: 2, ImmediateOops: 0, NonImmediateOops: No
[5,093s][debug  ][gc,alloc       ] Mutator Allocation Rate: 860,4MB/s Predicted: 924,4MB/s, Avg: 631,3(+/-172,3)MB/s
[5,093s][debug  ][gc,director    ] Rule Major: Warmup 20%, Used: 2340MB, UsedThreshold: 3072MB
[5,093s][debug  ][gc,director    ] Select Minor GC Workers (Not Warm), GCWorkers: 5,000
[5,093s][debug  ][gc,director    ] Rule Minor: Allocation Rate (Dynamic GC Workers), MaxAllocRate: 631,3MB/s (+/-27,3%), Free: 12978MB, GCCPUTime: 1,677, GCDuration: 0,340s, TimeUntilOOM: 16,151s, TimeUntilGC: 15,810s, GCWorkers: 5
[5,093s][debug  ][gc,director    ] Select Minor GC Workers (Not Warm), GCWorkers: 5,000
[5,093s][debug  ][gc,director    ] Rule Minor: Allocation Rate (Dynamic GC Workers), MaxAllocRate: 2415,7MB/s (+/-27,3%), Free: 12978MB, GCCPUTime: 1,677, GCDuration: 0,340s, TimeUntilOOM: 4,221s, TimeUntilGC: 3,880s, GCWorkers: 5
[5,093s][debug  ][gc,director    ] Rule Minor: High Usage, Free: 12978MB(84,5%)
[5,098s][debug  ][gc,nmethod     ] Register NMethod: jdk.internal.misc.Unsafe.getAndSetInt (0x00007f374ffc0d10) [0x00007f374ffc0ec0, 0x00007f374ffc10f0] Compiler: c1, Barriers: 0, Oops: 0, ImmediateOops: 0, NonImmediateOops: No
[5,098s][debug  ][gc,nmethod     ] Register NMethod: java.io.DataOutputStream.flush (0x00007f376f3d6210) [0x00007f376f3d63a0, 0x00007f376f3d6528] Compiler: c2, Barriers: 2, Oops: 1, ImmediateOops: 0, NonImmediateOops: No
[5,099s][debug  ][gc,nmethod     ] Register NMethod: java.util.concurrent.ForkJoinPool$WorkQueue.getAndSetAccess (0x00007f374ffc1210) [0x00007f374ffc13a0, 0x00007f374ffc14b0] Compiler: c1, Barriers: 0, Oops: 0, ImmediateOops: 0, NonImmediateOops: No
[5,099s][debug  ][gc,nmethod     ] Register NMethod: java.util.concurrent.ForkJoinTask.<init> (0x00007f374ffc1510) [0x00007f374ffc16a0, 0x00007f374ffc1800] Compiler: c1, Barriers: 0, Oops: 0, ImmediateOops: 0, NonImmediateOops: No
[5,100s][debug  ][gc,nmethod     ] Register NMethod: net.openhft.chronicle.bytes.internal.HeapBytesStore.<init> (0x00007f376f3d6690) [0x00007f376f3d6840, 0x00007f376f3d6b80] Compiler: c2, Barriers: 10, Oops: 2, ImmediateOops: 1, NonImmediateOops: No
[5,102s][debug  ][gc,nmethod     ] Register NMethod: net.openhft.chronicle.bytes.NativeBytes.<init> (0x00007f376f3d6d10) [0x00007f376f3d6ea0, 0x00007f376f3d6f60] Compiler: c2, Barriers: 0, Oops: 1, ImmediateOops: 1, NonImmediateOops: No
[5,102s][debug  ][gc,nmethod     ] Register NMethod: net.openhft.chronicle.bytes.NativeBytes.wrapWithNativeBytes (0x00007f376f3d7090) [0x00007f376f3d7220, 0x00007f376f3d73e8] Compiler: c2, Barriers: 0, Oops: 1, ImmediateOops: 2, NonImmediateOops: No
[5,104s][debug  ][gc,director    ] Rule Major: Warmup 20%, Used: 2422MB, UsedThreshold: 3072MB
[5,104s][debug  ][gc,director    ] Select Minor GC Workers (Not Warm), GCWorkers: 5,000
[5,104s][debug  ][gc,director    ] Rule Minor: Allocation Rate (Dynamic GC Workers), MaxAllocRate: 631,3MB/s (+/-27,3%), Free: 12896MB, GCCPUTime: 1,677, GCDuration: 0,340s, TimeUntilOOM: 16,049s, TimeUntilGC: 15,708s, GCWorkers: 5
[5,104s][debug  ][gc,director    ] Select Minor GC Workers (Not Warm), GCWorkers: 5,000
[5,104s][debug  ][gc,director    ] Rule Minor: Allocation Rate (Dynamic GC Workers), MaxAllocRate: 2415,7MB/s (+/-27,3%), Free: 12896MB, GCCPUTime: 1,677, GCDuration: 0,340s, TimeUntilOOM: 4,194s, TimeUntilGC: 3,854s, GCWorkers: 5
[5,104s][debug  ][gc,director    ] Rule Minor: High Usage, Free: 12896MB(84,0%)
[5,107s][debug  ][gc,nmethod     ] Register NMethod: io.sirix.page.PageKind$1.serializePage (0x00007f374ffc1890) [0x00007f374ffc2460, 0x00007f374ffc9dd0] Compiler: c1, Barriers: 42, Oops: 8, ImmediateOops: 12, NonImmediateOops: No
[5,109s][debug  ][gc,nmethod     ] Register NMethod: java.util.Map$Entry.comparingByKey (0x00007f374ffcd010) [0x00007f374ffcd1c0, 0x00007f374ffcd3e0] Compiler: c1, Barriers: 0, Oops: 2, ImmediateOops: 2, NonImmediateOops: No
[5,112s][debug  ][gc,nmethod     ] Register NMethod: io.sirix.page.PageKind$1.serializePage (0x00007f374ffcd510) [0x00007f374ffce0e0, 0x00007f374ffd5d10] Compiler: c1, Barriers: 42, Oops: 8, ImmediateOops: 12, NonImmediateOops: No
[5,112s][debug  ][gc,nmethod     ] Register NMethod: io.sirix.page.SerializationType.serializeBitSet (0x00007f374ffd9110) [0x00007f374ffd9300, 0x00007f374ffd9958] Compiler: c1, Barriers: 1, Oops: 1, ImmediateOops: 0, NonImmediateOops: No
[5,114s][debug  ][gc,director    ] Rule Major: Warmup 20%, Used: 2450MB, UsedThreshold: 3072MB
[5,114s][debug  ][gc,director    ] Select Minor GC Workers (Not Warm), GCWorkers: 5,000
[5,114s][debug  ][gc,director    ] Rule Minor: Allocation Rate (Dynamic GC Workers), MaxAllocRate: 631,3MB/s (+/-27,3%), Free: 12868MB, GCCPUTime: 1,677, GCDuration: 0,340s, TimeUntilOOM: 16,014s, TimeUntilGC: 15,673s, GCWorkers: 5
[5,114s][debug  ][gc,director    ] Select Minor GC Workers (Not Warm), GCWorkers: 5,000
[5,114s][debug  ][gc,director    ] Rule Minor: Allocation Rate (Dynamic GC Workers), MaxAllocRate: 2415,7MB/s (+/-27,3%), Free: 12868MB, GCCPUTime: 1,677, GCDuration: 0,340s, TimeUntilOOM: 4,185s, TimeUntilGC: 3,844s, GCWorkers: 5
[5,114s][debug  ][gc,director    ] Rule Minor: High Usage, Free: 12868MB(83,8%)
[5,114s][debug  ][gc,alloc       ] Mutator Allocation Rate: 885,5MB/s Predicted: 938,8MB/s, Avg: 639,8(+/-175,4)MB/s
[5,114s][debug  ][gc,director    ] Rule Major: Warmup 20%, Used: 2454MB, UsedThreshold: 3072MB
[5,114s][debug  ][gc,director    ] Select Minor GC Workers (Not Warm), GCWorkers: 5,000
[5,114s][debug  ][gc,director    ] Rule Minor: Allocation Rate (Dynamic GC Workers), MaxAllocRate: 639,8MB/s (+/-27,4%), Free: 12864MB, GCCPUTime: 1,677, GCDuration: 0,340s, TimeUntilOOM: 15,781s, TimeUntilGC: 15,440s, GCWorkers: 5
[5,114s][debug  ][gc,director    ] Select Minor GC Workers (Not Warm), GCWorkers: 5,000
[5,114s][debug  ][gc,director    ] Rule Minor: Allocation Rate (Dynamic GC Workers), MaxAllocRate: 2454,8MB/s (+/-27,4%), Free: 12864MB, GCCPUTime: 1,677, GCDuration: 0,340s, TimeUntilOOM: 4,113s, TimeUntilGC: 3,772s, GCWorkers: 5
[5,114s][debug  ][gc,director    ] Rule Minor: High Usage, Free: 12864MB(83,8%)
[5,119s][debug  ][gc,nmethod     ] Register NMethod: java.util.stream.SortedOps.makeRef (0x00007f374ffd9c10) [0x00007f374ffd9dc0, 0x00007f374ffd9f50] Compiler: c1, Barriers: 0, Oops: 0, ImmediateOops: 0, NonImmediateOops: No
[5,121s][debug  ][gc,nmethod     ] Register NMethod: java.util.stream.ReferencePipeline.sorted (0x00007f374ffda010) [0x00007f374ffda1c0, 0x00007f374ffda3c8] Compiler: c1, Barriers: 0, Oops: 0, ImmediateOops: 0, NonImmediateOops: No
[5,123s][debug  ][gc,nmethod     ] Register NMethod: java.util.stream.ReferencePipeline$2$1.accept (0x00007f376f3d7590) [0x00007f376f3d7900, 0x00007f376f3d8e80] Compiler: c2, Barriers: 42, Oops: 3, ImmediateOops: 22, NonImmediateOops: No
[5,124s][debug  ][gc,director    ] Rule Major: Warmup 20%, Used: 2480MB, UsedThreshold: 3072MB
[5,124s][debug  ][gc,director    ] Select Minor GC Workers (Not Warm), GCWorkers: 5,000
[5,124s][debug  ][gc,director    ] Rule Minor: Allocation Rate (Dynamic GC Workers), MaxAllocRate: 639,8MB/s (+/-27,4%), Free: 12838MB, GCCPUTime: 1,677, GCDuration: 0,340s, TimeUntilOOM: 15,749s, TimeUntilGC: 15,408s, GCWorkers: 5
[5,124s][debug  ][gc,director    ] Select Minor GC Workers (Not Warm), GCWorkers: 5,000
[5,124s][debug  ][gc,director    ] Rule Minor: Allocation Rate (Dynamic GC Workers), MaxAllocRate: 2454,8MB/s (+/-27,4%), Free: 12838MB, GCCPUTime: 1,677, GCDuration: 0,340s, TimeUntilOOM: 4,104s, TimeUntilGC: 3,764s, GCWorkers: 5
[5,124s][debug  ][gc,director    ] Rule Minor: High Usage, Free: 12838MB(83,6%)
[5,128s][debug  ][gc,nmethod     ] Register NMethod: net.jpountz.lz4.LZ4BlockOutputStream.flush (0x00007f376f3d9d10) [0x00007f376f3d9ea0, 0x00007f376f3d9fb0] Compiler: c2, Barriers: 1, Oops: 1, ImmediateOops: 0, NonImmediateOops: No
[5,134s][debug  ][gc,nmethod     ] Register NMethod: net.openhft.chronicle.bytes.VanillaBytes.bytesForRead (0x00007f376f3da090) [0x00007f376f3da260, 0x00007f376f3da620] Compiler: c2, Barriers: 3, Oops: 1, ImmediateOops: 1, NonImmediateOops: No
[5,134s][debug  ][gc,director    ] Rule Major: Warmup 20%, Used: 2504MB, UsedThreshold: 3072MB
[5,135s][debug  ][gc,director    ] Select Minor GC Workers (Not Warm), GCWorkers: 5,000
[5,135s][debug  ][gc,director    ] Rule Minor: Allocation Rate (Dynamic GC Workers), MaxAllocRate: 639,8MB/s (+/-27,4%), Free: 12814MB, GCCPUTime: 1,677, GCDuration: 0,340s, TimeUntilOOM: 15,719s, TimeUntilGC: 15,379s, GCWorkers: 5
[5,135s][debug  ][gc,director    ] Select Minor GC Workers (Not Warm), GCWorkers: 5,000
[5,135s][debug  ][gc,director    ] Rule Minor: Allocation Rate (Dynamic GC Workers), MaxAllocRate: 2454,8MB/s (+/-27,4%), Free: 12814MB, GCCPUTime: 1,677, GCDuration: 0,340s, TimeUntilOOM: 4,097s, TimeUntilGC: 3,756s, GCWorkers: 5
[5,135s][debug  ][gc,director    ] Rule Minor: High Usage, Free: 12814MB(83,4%)
[5,136s][debug  ][gc,nmethod     ] Register NMethod: sun.security.provider.ByteArrayAccess.i2bBig (0x00007f376f3da990) [0x00007f376f3dab20, 0x00007f376f3dadb8] Compiler: c2, Barriers: 0, Oops: 1, ImmediateOops: 0, NonImmediateOops: No
[5,145s][debug  ][gc,director    ] Rule Major: Warmup 20%, Used: 2522MB, UsedThreshold: 3072MB
[5,147s][debug  ][gc,director    ] Select Minor GC Workers (Not Warm), GCWorkers: 5,000
[5,147s][debug  ][gc,director    ] Rule Minor: Allocation Rate (Dynamic GC Workers), MaxAllocRate: 639,8MB/s (+/-27,4%), Free: 12796MB, GCCPUTime: 1,677, GCDuration: 0,340s, TimeUntilOOM: 15,697s, TimeUntilGC: 15,357s, GCWorkers: 5
[5,147s][debug  ][gc,director    ] Select Minor GC Workers (Not Warm), GCWorkers: 5,000
[5,147s][debug  ][gc,director    ] Rule Minor: Allocation Rate (Dynamic GC Workers), MaxAllocRate: 2454,8MB/s (+/-27,4%), Free: 12796MB, GCCPUTime: 1,677, GCDuration: 0,340s, TimeUntilOOM: 4,091s, TimeUntilGC: 3,751s, GCWorkers: 5
[5,147s][debug  ][gc,director    ] Rule Minor: High Usage, Free: 12796MB(83,3%)
[5,148s][debug  ][gc,nmethod     ] Register NMethod: net.openhft.chronicle.bytes.BytesStore.wrap (0x00007f376f3daf10) [0x00007f376f3db0e0, 0x00007f376f3db4c0] Compiler: c2, Barriers: 10, Oops: 1, ImmediateOops: 1, NonImmediateOops: No
[5,157s][debug  ][gc,director    ] Rule Major: Warmup 20%, Used: 2550MB, UsedThreshold: 3072MB
[5,157s][debug  ][gc,director    ] Select Minor GC Workers (Not Warm), GCWorkers: 5,000
[5,157s][debug  ][gc,director    ] Rule Minor: Allocation Rate (Dynamic GC Workers), MaxAllocRate: 639,8MB/s (+/-27,4%), Free: 12768MB, GCCPUTime: 1,677, GCDuration: 0,340s, TimeUntilOOM: 15,663s, TimeUntilGC: 15,323s, GCWorkers: 5
[5,157s][debug  ][gc,director    ] Select Minor GC Workers (Not Warm), GCWorkers: 5,000
[5,157s][debug  ][gc,director    ] Rule Minor: Allocation Rate (Dynamic GC Workers), MaxAllocRate: 2454,8MB/s (+/-27,4%), Free: 12768MB, GCCPUTime: 1,677, GCDuration: 0,340s, TimeUntilOOM: 4,082s, TimeUntilGC: 3,742s, GCWorkers: 5
[5,157s][debug  ][gc,director    ] Rule Minor: High Usage, Free: 12768MB(83,1%)
[5,167s][debug  ][gc,director    ] Rule Major: Warmup 20%, Used: 2562MB, UsedThreshold: 3072MB
[5,167s][debug  ][gc,director    ] Select Minor GC Workers (Not Warm), GCWorkers: 5,000
[5,167s][debug  ][gc,director    ] Rule Minor: Allocation Rate (Dynamic GC Workers), MaxAllocRate: 639,8MB/s (+/-27,4%), Free: 12756MB, GCCPUTime: 1,677, GCDuration: 0,340s, TimeUntilOOM: 15,648s, TimeUntilGC: 15,308s, GCWorkers: 5
[5,167s][debug  ][gc,director    ] Select Minor GC Workers (Not Warm), GCWorkers: 5,000
[5,167s][debug  ][gc,director    ] Rule Minor: Allocation Rate (Dynamic GC Workers), MaxAllocRate: 2454,8MB/s (+/-27,4%), Free: 12756MB, GCCPUTime: 1,677, GCDuration: 0,340s, TimeUntilOOM: 4,078s, TimeUntilGC: 3,738s, GCWorkers: 5
[5,167s][debug  ][gc,director    ] Rule Minor: High Usage, Free: 12756MB(83,0%)
[5,168s][debug  ][gc,nmethod     ] Register NMethod: net.openhft.chronicle.bytes.AbstractBytes.writeShort (0x00007f376f3db690) [0x00007f376f3db860, 0x00007f376f3dbc48] Compiler: c2, Barriers: 3, Oops: 1, ImmediateOops: 0, NonImmediateOops: No
[5,169s][debug  ][gc,nmethod     ] Register NMethod: java.util.concurrent.ForkJoinPool$WorkQueue.push (0x00007f374ffda490) [0x00007f374ffda6e0, 0x00007f374ffdb1a8] Compiler: c1, Barriers: 11, Oops: 0, ImmediateOops: 1, NonImmediateOops: No
[5,171s][debug  ][gc,alloc       ] Mutator Allocation Rate: 902,4MB/s Predicted: 953,4MB/s, Avg: 648,2(+/-178,7)MB/s
[5,171s][debug  ][gc,director    ] Rule Major: Warmup 20%, Used: 2574MB, UsedThreshold: 3072MB
[5,171s][debug  ][gc,director    ] Select Minor GC Workers (Not Warm), GCWorkers: 5,000
[5,171s][debug  ][gc,director    ] Rule Minor: Allocation Rate (Dynamic GC Workers), MaxAllocRate: 648,2MB/s (+/-27,6%), Free: 12744MB, GCCPUTime: 1,677, GCDuration: 0,340s, TimeUntilOOM: 15,411s, TimeUntilGC: 15,071s, GCWorkers: 5
[5,171s][debug  ][gc,director    ] Select Minor GC Workers (Not Warm), GCWorkers: 5,000
[5,171s][debug  ][gc,director    ] Rule Minor: Allocation Rate (Dynamic GC Workers), MaxAllocRate: 2494,8MB/s (+/-27,6%), Free: 12744MB, GCCPUTime: 1,677, GCDuration: 0,340s, TimeUntilOOM: 4,004s, TimeUntilGC: 3,664s, GCWorkers: 5
[5,171s][debug  ][gc,director    ] Rule Minor: High Usage, Free: 12744MB(83,0%)
[5,173s][debug  ][gc,nmethod     ] Register NMethod: com.google.common.base.Preconditions.checkPositionIndexes (0x00007f376f3dc010) [0x00007f376f3dc1a0, 0x00007f376f3dc270] Compiler: c2, Barriers: 0, Oops: 1, ImmediateOops: 0, NonImmediateOops: No
[5,174s][debug  ][gc,nmethod     ] Register NMethod: java.util.BitSet.<init> (0x00007f376f3dc390) [0x00007f376f3dc520, 0x00007f376f3dc760] Compiler: c2, Barriers: 3, Oops: 0, ImmediateOops: 0, NonImmediateOops: No
[5,181s][debug  ][gc,director    ] Rule Major: Warmup 20%, Used: 2592MB, UsedThreshold: 3072MB
[5,182s][debug  ][gc,director    ] Select Minor GC Workers (Not Warm), GCWorkers: 5,000
[5,182s][debug  ][gc,director    ] Rule Minor: Allocation Rate (Dynamic GC Workers), MaxAllocRate: 648,2MB/s (+/-27,6%), Free: 12726MB, GCCPUTime: 1,677, GCDuration: 0,340s, TimeUntilOOM: 15,390s, TimeUntilGC: 15,049s, GCWorkers: 5
[5,182s][debug  ][gc,director    ] Select Minor GC Workers (Not Warm), GCWorkers: 5,000
[5,182s][debug  ][gc,director    ] Rule Minor: Allocation Rate (Dynamic GC Workers), MaxAllocRate: 2494,8MB/s (+/-27,6%), Free: 12726MB, GCCPUTime: 1,677, GCDuration: 0,340s, TimeUntilOOM: 3,999s, TimeUntilGC: 3,658s, GCWorkers: 5
[5,182s][debug  ][gc,director    ] Rule Minor: High Usage, Free: 12726MB(82,9%)
[5,186s][debug  ][gc,nmethod     ] Register NMethod: sun.security.provider.DigestBase.engineUpdate (0x00007f376f3dc890) [0x00007f376f3dcaa0, 0x00007f376f3dd3a8] Compiler: c2, Barriers: 7, Oops: 1, ImmediateOops: 0, NonImmediateOops: No
[5,186s][debug  ][gc,nmethod     ] Register NMethod: java.util.ImmutableCollections$ListItr.hasNext (0x00007f376f3dd990) [0x00007f376f3ddb00, 0x00007f376f3ddba0] Compiler: c2, Barriers: 0, Oops: 0, ImmediateOops: 0, NonImmediateOops: No
[5,188s][debug  ][gc,nmethod     ] Register NMethod: java.util.ImmutableCollections$AbstractImmutableList.iterator (0x00007f376f3ddc90) [0x00007f376f3dde20, 0x00007f376f3ddfb0] Compiler: c2, Barriers: 3, Oops: 0, ImmediateOops: 0, NonImmediateOops: No
[5,190s][debug  ][gc,nmethod     ] Register NMethod: java.util.stream.ReferencePipeline$3$1.accept (0x00007f376f3de110) [0x00007f376f3de2a0, 0x00007f376f3de450] Compiler: c2, Barriers: 3, Oops: 0, ImmediateOops: 0, NonImmediateOops: No
[5,192s][debug  ][gc,director    ] Rule Major: Warmup 20%, Used: 2620MB, UsedThreshold: 3072MB
[5,192s][debug  ][gc,director    ] Select Minor GC Workers (Not Warm), GCWorkers: 5,000
[5,192s][debug  ][gc,director    ] Rule Minor: Allocation Rate (Dynamic GC Workers), MaxAllocRate: 648,2MB/s (+/-27,6%), Free: 12698MB, GCCPUTime: 1,677, GCDuration: 0,340s, TimeUntilOOM: 15,356s, TimeUntilGC: 15,015s, GCWorkers: 5
[5,192s][debug  ][gc,director    ] Select Minor GC Workers (Not Warm), GCWorkers: 5,000
[5,192s][debug  ][gc,director    ] Rule Minor: Allocation Rate (Dynamic GC Workers), MaxAllocRate: 2494,8MB/s (+/-27,6%), Free: 12698MB, GCCPUTime: 1,677, GCDuration: 0,340s, TimeUntilOOM: 3,990s, TimeUntilGC: 3,650s, GCWorkers: 5
[5,192s][debug  ][gc,director    ] Rule Minor: High Usage, Free: 12698MB(82,7%)
[5,195s][debug  ][gc,nmethod     ] Register NMethod: java.util.ArrayList$ArrayListSpliterator.trySplit (0x00007f374ffdb490) [0x00007f374ffdb640, 0x00007f374ffdb778] Compiler: c1, Barriers: 0, Oops: 0, ImmediateOops: 0, NonImmediateOops: No
[5,197s][debug  ][gc,nmethod     ] Register NMethod: java.util.concurrent.CountedCompleter.<init> (0x00007f374ffdb810) [0x00007f374ffdb9c0, 0x00007f374ffdbbf8] Compiler: c1, Barriers: 3, Oops: 0, ImmediateOops: 0, NonImmediateOops: No
[5,197s][debug  ][gc,nmethod     ] Register NMethod: java.util.concurrent.ForkJoinTask.doExec (0x00007f374ffdbd10) [0x00007f374ffdbf00, 0x00007f374ffdc320] Compiler: c1, Barriers: 0, Oops: 0, ImmediateOops: 0, NonImmediateOops: No
[5,199s][debug  ][gc,nmethod     ] Register NMethod: java.util.concurrent.ForkJoinPool.scan (0x00007f374ffdc490) [0x00007f374ffdc6c0, 0x00007f374ffdd090] Compiler: c1, Barriers: 8, Oops: 0, ImmediateOops: 1, NonImmediateOops: No
[5,201s][debug  ][gc,nmethod     ] Register NMethod: java.util.concurrent.CountedCompleter.addToPendingCount (0x00007f374ffdd390) [0x00007f374ffdd520, 0x00007f374ffdd628] Compiler: c1, Barriers: 0, Oops: 0, ImmediateOops: 0, NonImmediateOops: No
[5,201s][debug  ][gc,nmethod     ] Register NMethod: java.util.stream.ForEachOps$ForEachTask.<init> (0x00007f374ffdd690) [0x00007f374ffdd860, 0x00007f374ffddcc8] Compiler: c1, Barriers: 14, Oops: 0, ImmediateOops: 0, NonImmediateOops: No
[5,201s][debug  ][gc,nmethod     ] Register NMethod: java.util.concurrent.ForkJoinTask.fork (0x00007f374ffdde10) [0x00007f374ffde000, 0x00007f374ffde498] Compiler: c1, Barriers: 3, Oops: 1, ImmediateOops: 2, NonImmediateOops: No
[5,202s][debug  ][gc,director    ] Rule Major: Warmup 20%, Used: 2638MB, UsedThreshold: 3072MB
[5,202s][debug  ][gc,director    ] Select Minor GC Workers (Not Warm), GCWorkers: 5,000
[5,202s][debug  ][gc,director    ] Rule Minor: Allocation Rate (Dynamic GC Workers), MaxAllocRate: 648,2MB/s (+/-27,6%), Free: 12680MB, GCCPUTime: 1,677, GCDuration: 0,340s, TimeUntilOOM: 15,334s, TimeUntilGC: 14,994s, GCWorkers: 5
[5,202s][debug  ][gc,director    ] Select Minor GC Workers (Not Warm), GCWorkers: 5,000
[5,202s][debug  ][gc,director    ] Rule Minor: Allocation Rate (Dynamic GC Workers), MaxAllocRate: 2494,8MB/s (+/-27,6%), Free: 12680MB, GCCPUTime: 1,677, GCDuration: 0,340s, TimeUntilOOM: 3,984s, TimeUntilGC: 3,644s, GCWorkers: 5
[5,202s][debug  ][gc,director    ] Rule Minor: High Usage, Free: 12680MB(82,6%)
[5,205s][debug  ][gc,nmethod     ] Register NMethod: java.util.concurrent.CountedCompleter.exec (0x00007f374ffde610) [0x00007f374ffde7c0, 0x00007f374ffde910] Compiler: c1, Barriers: 0, Oops: 0, ImmediateOops: 0, NonImmediateOops: No
[5,213s][debug  ][gc,director    ] Rule Major: Warmup 20%, Used: 2662MB, UsedThreshold: 3072MB
[5,213s][debug  ][gc,director    ] Select Minor GC Workers (Not Warm), GCWorkers: 5,000
[5,213s][debug  ][gc,director    ] Rule Minor: Allocation Rate (Dynamic GC Workers), MaxAllocRate: 648,2MB/s (+/-27,6%), Free: 12656MB, GCCPUTime: 1,677, GCDuration: 0,340s, TimeUntilOOM: 15,305s, TimeUntilGC: 14,965s, GCWorkers: 5
[5,213s][debug  ][gc,director    ] Select Minor GC Workers (Not Warm), GCWorkers: 5,000
[5,213s][debug  ][gc,director    ] Rule Minor: Allocation Rate (Dynamic GC Workers), MaxAllocRate: 2494,8MB/s (+/-27,6%), Free: 12656MB, GCCPUTime: 1,677, GCDuration: 0,340s, TimeUntilOOM: 3,977s, TimeUntilGC: 3,636s, GCWorkers: 5
[5,213s][debug  ][gc,director    ] Rule Minor: High Usage, Free: 12656MB(82,4%)
[5,223s][debug  ][gc,director    ] Rule Major: Warmup 20%, Used: 2680MB, UsedThreshold: 3072MB
[5,223s][debug  ][gc,director    ] Select Minor GC Workers (Not Warm), GCWorkers: 5,000
[5,223s][debug  ][gc,director    ] Rule Minor: Allocation Rate (Dynamic GC Workers), MaxAllocRate: 648,2MB/s (+/-27,6%), Free: 12638MB, GCCPUTime: 1,677, GCDuration: 0,340s, TimeUntilOOM: 15,283s, TimeUntilGC: 14,943s, GCWorkers: 5
[5,223s][debug  ][gc,director    ] Select Minor GC Workers (Not Warm), GCWorkers: 5,000
[5,223s][debug  ][gc,director    ] Rule Minor: Allocation Rate (Dynamic GC Workers), MaxAllocRate: 2494,8MB/s (+/-27,6%), Free: 12638MB, GCCPUTime: 1,677, GCDuration: 0,340s, TimeUntilOOM: 3,971s, TimeUntilGC: 3,631s, GCWorkers: 5
[5,223s][debug  ][gc,director    ] Rule Minor: High Usage, Free: 12638MB(82,3%)
[5,228s][debug  ][gc,alloc       ] Mutator Allocation Rate: 918,7MB/s Predicted: 968,1MB/s, Avg: 656,7(+/-182,1)MB/s
[5,228s][debug  ][gc,director    ] Rule Major: Warmup 20%, Used: 2694MB, UsedThreshold: 3072MB
[5,228s][debug  ][gc,director    ] Select Minor GC Workers (Not Warm), GCWorkers: 5,000
[5,228s][debug  ][gc,director    ] Rule Minor: Allocation Rate (Dynamic GC Workers), MaxAllocRate: 656,7MB/s (+/-27,7%), Free: 12624MB, GCCPUTime: 1,677, GCDuration: 0,340s, TimeUntilOOM: 15,051s, TimeUntilGC: 14,711s, GCWorkers: 5
[5,228s][debug  ][gc,director    ] Select Minor GC Workers (Not Warm), GCWorkers: 5,000
[5,228s][debug  ][gc,director    ] Rule Minor: Allocation Rate (Dynamic GC Workers), MaxAllocRate: 2535,3MB/s (+/-27,7%), Free: 12624MB, GCCPUTime: 1,677, GCDuration: 0,340s, TimeUntilOOM: 3,898s, TimeUntilGC: 3,558s, GCWorkers: 5
[5,228s][debug  ][gc,director    ] Rule Minor: High Usage, Free: 12624MB(82,2%)
[5,229s][debug  ][gc,nmethod     ] Register NMethod: java.lang.Integer.numberOfLeadingZeros (0x00007f376f3de590) [0x00007f376f3de700, 0x00007f376f3de7b8] Compiler: c2, Barriers: 0, Oops: 0, ImmediateOops: 0, NonImmediateOops: No
[5,238s][debug  ][gc,director    ] Rule Major: Warmup 20%, Used: 2722MB, UsedThreshold: 3072MB
[5,238s][debug  ][gc,director    ] Select Minor GC Workers (Not Warm), GCWorkers: 5,000
[5,238s][debug  ][gc,director    ] Rule Minor: Allocation Rate (Dynamic GC Workers), MaxAllocRate: 656,7MB/s (+/-27,7%), Free: 12596MB, GCCPUTime: 1,677, GCDuration: 0,340s, TimeUntilOOM: 15,018s, TimeUntilGC: 14,677s, GCWorkers: 5
[5,238s][debug  ][gc,director    ] Select Minor GC Workers (Not Warm), GCWorkers: 5,000
[5,238s][debug  ][gc,director    ] Rule Minor: Allocation Rate (Dynamic GC Workers), MaxAllocRate: 2535,3MB/s (+/-27,7%), Free: 12596MB, GCCPUTime: 1,677, GCDuration: 0,340s, TimeUntilOOM: 3,890s, TimeUntilGC: 3,549s, GCWorkers: 5
[5,238s][debug  ][gc,director    ] Rule Minor: High Usage, Free: 12596MB(82,0%)
[5,241s][debug  ][gc,nmethod     ] Register NMethod: jdk.internal.misc.Unsafe.weakCompareAndSetInt (0x00007f376f3de890) [0x00007f376f3dea00, 0x00007f376f3dea90] Compiler: c2, Barriers: 0, Oops: 0, ImmediateOops: 0, NonImmediateOops: No
[5,241s][debug  ][gc,nmethod     ] Register NMethod: io.sirix.page.KeyValueLeafPage.addReferences (0x00007f376f3deb90) [0x00007f376f3ded20, 0x00007f376f3dee40] Compiler: c2, Barriers: 1, Oops: 1, ImmediateOops: 0, NonImmediateOops: No
[5,242s][debug  ][gc,nmethod     ] Register NMethod: java.util.concurrent.ConcurrentHashMap$Traverser.<init> (0x00007f376f3def10) [0x00007f376f3df0a0, 0x00007f376f3df240] Compiler: c2, Barriers: 5, Oops: 0, ImmediateOops: 0, NonImmediateOops: No
[5,244s][debug  ][gc,nmethod     ] Register NMethod: java.util.concurrent.CountedCompleter.weakCompareAndSetPendingCount (0x00007f374ffdea10) [0x00007f374ffdebc0, 0x00007f374ffded18] Compiler: c1, Barriers: 0, Oops: 0, ImmediateOops: 1, NonImmediateOops: No
[5,245s][debug  ][gc,nmethod     ] Register NMethod: java.util.concurrent.CountedCompleter.propagateCompletion (0x00007f374ffdee10) [0x00007f374ffdf000, 0x00007f374ffdf480] Compiler: c1, Barriers: 1, Oops: 0, ImmediateOops: 0, NonImmediateOops: No
[5,249s][debug  ][gc,director    ] Rule Major: Warmup 20%, Used: 2744MB, UsedThreshold: 3072MB
[5,249s][debug  ][gc,director    ] Select Minor GC Workers (Not Warm), GCWorkers: 5,000
[5,249s][debug  ][gc,director    ] Rule Minor: Allocation Rate (Dynamic GC Workers), MaxAllocRate: 656,7MB/s (+/-27,7%), Free: 12574MB, GCCPUTime: 1,677, GCDuration: 0,340s, TimeUntilOOM: 14,991s, TimeUntilGC: 14,651s, GCWorkers: 5
[5,249s][debug  ][gc,director    ] Select Minor GC Workers (Not Warm), GCWorkers: 5,000
[5,249s][debug  ][gc,director    ] Rule Minor: Allocation Rate (Dynamic GC Workers), MaxAllocRate: 2535,3MB/s (+/-27,7%), Free: 12574MB, GCCPUTime: 1,677, GCDuration: 0,340s, TimeUntilOOM: 3,883s, TimeUntilGC: 3,543s, GCWorkers: 5
[5,249s][debug  ][gc,director    ] Rule Minor: High Usage, Free: 12574MB(81,9%)
[5,254s][debug  ][gc,nmethod     ] Register NMethod: java.util.concurrent.ForkJoinPool$WorkQueue.nextLocalTask (0x00007f374ffdf690) [0x00007f374ffdf880, 0x00007f374ffdfe18] Compiler: c1, Barriers: 1, Oops: 0, ImmediateOops: 2, NonImmediateOops: No
[5,259s][debug  ][gc,director    ] Rule Major: Warmup 20%, Used: 2772MB, UsedThreshold: 3072MB
[5,259s][debug  ][gc,director    ] Select Minor GC Workers (Not Warm), GCWorkers: 5,000
[5,259s][debug  ][gc,director    ] Rule Minor: Allocation Rate (Dynamic GC Workers), MaxAllocRate: 656,7MB/s (+/-27,7%), Free: 12546MB, GCCPUTime: 1,677, GCDuration: 0,340s, TimeUntilOOM: 14,958s, TimeUntilGC: 14,618s, GCWorkers: 5
[5,259s][debug  ][gc,director    ] Select Minor GC Workers (Not Warm), GCWorkers: 5,000
[5,259s][debug  ][gc,director    ] Rule Minor: Allocation Rate (Dynamic GC Workers), MaxAllocRate: 2535,3MB/s (+/-27,7%), Free: 12546MB, GCCPUTime: 1,677, GCDuration: 0,340s, TimeUntilOOM: 3,874s, TimeUntilGC: 3,534s, GCWorkers: 5
[5,259s][debug  ][gc,director    ] Rule Minor: High Usage, Free: 12546MB(81,7%)
[5,261s][debug  ][gc,nmethod     ] Register NMethod: java.util.concurrent.locks.AbstractQueuedSynchronizer.release (0x00007f376f3df290) [0x00007f376f3df480, 0x00007f376f3df880] Compiler: c2, Barriers: 7, Oops: 0, ImmediateOops: 0, NonImmediateOops: No
[5,262s][debug  ][gc,nmethod     ] Register NMethod: net.openhft.chronicle.bytes.AbstractBytes.capacity (0x00007f374ffdff90) [0x00007f374ffe0140, 0x00007f374ffe0338] Compiler: c1, Barriers: 1, Oops: 1, ImmediateOops: 0, NonImmediateOops: No
[5,262s][debug  ][gc,nmethod     ] Register NMethod: net.openhft.chronicle.bytes.AbstractBytes.underlyingObject (0x00007f376f3dfa10) [0x00007f376f3dfba0, 0x00007f376f3dfd08] Compiler: c2, Barriers: 3, Oops: 1, ImmediateOops: 0, NonImmediateOops: No
[5,262s][debug  ][gc,nmethod     ] Register NMethod: java.nio.MappedByteBuffer.limit (0x00007f374ffe0410) [0x00007f374ffe05c0, 0x00007f374ffe07c8] Compiler: c1, Barriers: 0, Oops: 0, ImmediateOops: 0, NonImmediateOops: No
[5,263s][debug  ][gc,nmethod     ] Register NMethod: java.lang.Thread.blockedOn (0x00007f376f3dfe10) [0x00007f376f3dffa0, 0x00007f376f3e0278] Compiler: c2, Barriers: 5, Oops: 0, ImmediateOops: 0, NonImmediateOops: No
[5,263s][debug  ][gc,nmethod     ] Register NMethod: java.nio.MappedByteBuffer.rewind (0x00007f374ffe0910) [0x00007f374ffe0ac0, 0x00007f374ffe0cf0] Compiler: c1, Barriers: 0, Oops: 0, ImmediateOops: 0, NonImmediateOops: No
[5,263s][debug  ][gc,nmethod     ] Register NMethod: java.nio.MappedByteBuffer.rewind (0x00007f374ffe0e10) [0x00007f374ffe0fc0, 0x00007f374ffe1190] Compiler: c1, Barriers: 0, Oops: 0, ImmediateOops: 0, NonImmediateOops: No
[5,265s][debug  ][gc,nmethod     ] Register NMethod: jdk.internal.misc.Blocker.end (0x00007f376f3e0310) [0x00007f376f3e04c0, 0x00007f376f3e05f8] Compiler: c2, Barriers: 1, Oops: 0, ImmediateOops: 0, NonImmediateOops: No
[5,266s][debug  ][gc,nmethod     ] Register NMethod: jdk.internal.misc.Blocker.begin (0x00007f376f3e0710) [0x00007f376f3e08a0, 0x00007f376f3e09f8] Compiler: c2, Barriers: 2, Oops: 0, ImmediateOops: 1, NonImmediateOops: No
[5,267s][debug  ][gc,nmethod     ] Register NMethod: sun.nio.ch.IOUtil.write (0x00007f374ffe1290) [0x00007f374ffe1500, 0x00007f374ffe1d88] Compiler: c1, Barriers: 0, Oops: 0, ImmediateOops: 0, NonImmediateOops: No
[5,267s][debug  ][gc,nmethod     ] Register NMethod: sun.nio.ch.UnixFileDispatcherImpl.pwrite0 (0x00007f376f3e0b10) [0x00007f376f3e0ca0, 0x00007f376f3e0e90] Compiler: , Barriers: 0, Oops: 0, ImmediateOops: 1, NonImmediateOops: No
[5,267s][debug  ][gc,nmethod     ] Register NMethod: sun.nio.ch.IOUtil.write (0x00007f374ffe2110) [0x00007f374ffe22c0, 0x00007f374ffe23f0] Compiler: c1, Barriers: 0, Oops: 0, ImmediateOops: 0, NonImmediateOops: No
[5,267s][debug  ][gc,nmethod     ] Register NMethod: sun.nio.ch.UnixFileDispatcherImpl.pwrite (0x00007f374ffe2490) [0x00007f374ffe2640, 0x00007f374ffe2788] Compiler: c1, Barriers: 0, Oops: 0, ImmediateOops: 0, NonImmediateOops: No
[5,267s][debug  ][gc,nmethod     ] Register NMethod: java.util.concurrent.ConcurrentHashMap.clear (0x00007f376f3e0f10) [0x00007f376f3e10a0, 0x00007f376f3e1170] Compiler: c2, Barriers: 1, Oops: 0, ImmediateOops: 0, NonImmediateOops: No
[5,267s][debug  ][gc,nmethod     ] Register NMethod: sun.nio.ch.IOUtil.writeFromNativeBuffer (0x00007f374ffe2890) [0x00007f374ffe2be0, 0x00007f374ffe4008] Compiler: c1, Barriers: 2, Oops: 0, ImmediateOops: 4, NonImmediateOops: No
[5,267s][debug  ][gc,nmethod     ] Register NMethod: sun.nio.ch.FileChannelImpl.writeInternal (0x00007f374ffe4910) [0x00007f374ffe4c00, 0x00007f374ffe5940] Compiler: c1, Barriers: 5, Oops: 0, ImmediateOops: 1, NonImmediateOops: No
[5,269s][debug  ][gc,director    ] Rule Major: Warmup 20%, Used: 2778MB, UsedThreshold: 3072MB
[5,269s][debug  ][gc,director    ] Select Minor GC Workers (Not Warm), GCWorkers: 5,000
[5,269s][debug  ][gc,director    ] Rule Minor: Allocation Rate (Dynamic GC Workers), MaxAllocRate: 656,7MB/s (+/-27,7%), Free: 12540MB, GCCPUTime: 1,677, GCDuration: 0,340s, TimeUntilOOM: 14,951s, TimeUntilGC: 14,610s, GCWorkers: 5
[5,269s][debug  ][gc,director    ] Select Minor GC Workers (Not Warm), GCWorkers: 5,000
[5,269s][debug  ][gc,director    ] Rule Minor: Allocation Rate (Dynamic GC Workers), MaxAllocRate: 2535,3MB/s (+/-27,7%), Free: 12540MB, GCCPUTime: 1,677, GCDuration: 0,340s, TimeUntilOOM: 3,872s, TimeUntilGC: 3,532s, GCWorkers: 5
[5,269s][debug  ][gc,director    ] Rule Minor: High Usage, Free: 12540MB(81,6%)
[5,269s][debug  ][gc,nmethod     ] Register NMethod: sun.nio.ch.FileChannelImpl.write (0x00007f374ffe5f90) [0x00007f374ffe61c0, 0x00007f374ffe6908] Compiler: c1, Barriers: 0, Oops: 0, ImmediateOops: 2, NonImmediateOops: No
[5,270s][debug  ][gc,nmethod     ] Register NMethod: io.sirix.io.filechannel.FileChannelWriter.flushBuffer (0x00007f374ffe6b90) [0x00007f374ffe6dc0, 0x00007f374ffe7700] Compiler: c1, Barriers: 3, Oops: 1, ImmediateOops: 0, NonImmediateOops: No
[5,271s][debug  ][gc,nmethod     ] Register NMethod: io.sirix.page.PageKind$1.serializePage (0x00007f376f3e1210) [0x00007f376f3e1d60, 0x00007f376f3eb570] Compiler: c2, Barriers: 170, Oops: 14, ImmediateOops: 38, NonImmediateOops: No
[5,272s][debug  ][gc,nmethod     ] Register NMethod: java.util.BitSet.set (0x00007f376f3f1b90) [0x00007f376f3f1d20, 0x00007f376f3f1f00] Compiler: c2, Barriers: 1, Oops: 0, ImmediateOops: 0, NonImmediateOops: No
[5,274s][debug  ][gc,nmethod     ] Register NMethod: io.sirix.page.KeyValueLeafPage.clearPage (0x00007f376f3f2090) [0x00007f376f3f2280, 0x00007f376f3f2790] Compiler: c2, Barriers: 12, Oops: 1, ImmediateOops: 0, NonImmediateOops: No
[5,274s][debug  ][gc,nmethod     ] Register NMethod: io.sirix.page.KeyValueLeafPage.clearPage (0x00007f376f3f2a90) [0x00007f376f3f2c80, 0x00007f376f3f3190] Compiler: c2, Barriers: 12, Oops: 1, ImmediateOops: 0, NonImmediateOops: No
[5,279s][debug  ][gc,director    ] Rule Major: Warmup 20%, Used: 2788MB, UsedThreshold: 3072MB
[5,279s][debug  ][gc,director    ] Select Minor GC Workers (Not Warm), GCWorkers: 5,000
[5,279s][debug  ][gc,director    ] Rule Minor: Allocation Rate (Dynamic GC Workers), MaxAllocRate: 656,7MB/s (+/-27,7%), Free: 12530MB, GCCPUTime: 1,677, GCDuration: 0,340s, TimeUntilOOM: 14,939s, TimeUntilGC: 14,598s, GCWorkers: 5
[5,279s][debug  ][gc,director    ] Select Minor GC Workers (Not Warm), GCWorkers: 5,000
[5,279s][debug  ][gc,director    ] Rule Minor: Allocation Rate (Dynamic GC Workers), MaxAllocRate: 2535,3MB/s (+/-27,7%), Free: 12530MB, GCCPUTime: 1,677, GCDuration: 0,340s, TimeUntilOOM: 3,869s, TimeUntilGC: 3,529s, GCWorkers: 5
[5,279s][debug  ][gc,director    ] Rule Minor: High Usage, Free: 12530MB(81,6%)
[5,281s][debug  ][gc,nmethod     ] Register NMethod: java.util.concurrent.ConcurrentHashMap$BaseIterator.hasNext (0x00007f376f3f3490) [0x00007f376f3f3600, 0x00007f376f3f36c0] Compiler: c2, Barriers: 1, Oops: 0, ImmediateOops: 0, NonImmediateOops: No
[5,283s][debug  ][gc,nmethod     ] Register NMethod: net.openhft.chronicle.bytes.internal.BytesInternal.appendUtf8Char (0x00007f374ffe7a90) [0x00007f374ffe7d80, 0x00007f374ffe9170] Compiler: c1, Barriers: 0, Oops: 1, ImmediateOops: 0, NonImmediateOops: No
[5,289s][debug  ][gc,director    ] Rule Major: Warmup 20%, Used: 2792MB, UsedThreshold: 3072MB
[5,289s][debug  ][gc,director    ] Select Minor GC Workers (Not Warm), GCWorkers: 5,000
[5,289s][debug  ][gc,director    ] Rule Minor: Allocation Rate (Dynamic GC Workers), MaxAllocRate: 656,7MB/s (+/-27,7%), Free: 12526MB, GCCPUTime: 1,677, GCDuration: 0,340s, TimeUntilOOM: 14,934s, TimeUntilGC: 14,594s, GCWorkers: 5
[5,289s][debug  ][gc,director    ] Select Minor GC Workers (Not Warm), GCWorkers: 5,000
[5,289s][debug  ][gc,director    ] Rule Minor: Allocation Rate (Dynamic GC Workers), MaxAllocRate: 2535,3MB/s (+/-27,7%), Free: 12526MB, GCCPUTime: 1,677, GCDuration: 0,340s, TimeUntilOOM: 3,868s, TimeUntilGC: 3,528s, GCWorkers: 5
[5,289s][debug  ][gc,director    ] Rule Minor: High Usage, Free: 12526MB(81,5%)
[5,299s][debug  ][gc,director    ] Rule Major: Warmup 20%, Used: 2792MB, UsedThreshold: 3072MB
[5,299s][debug  ][gc,director    ] Select Minor GC Workers (Not Warm), GCWorkers: 5,000
[5,299s][debug  ][gc,director    ] Rule Minor: Allocation Rate (Dynamic GC Workers), MaxAllocRate: 656,7MB/s (+/-27,7%), Free: 12526MB, GCCPUTime: 1,677, GCDuration: 0,340s, TimeUntilOOM: 14,934s, TimeUntilGC: 14,594s, GCWorkers: 5
[5,299s][debug  ][gc,director    ] Select Minor GC Workers (Not Warm), GCWorkers: 5,000
[5,300s][debug  ][gc,director    ] Rule Minor: Allocation Rate (Dynamic GC Workers), MaxAllocRate: 2535,3MB/s (+/-27,7%), Free: 12526MB, GCCPUTime: 1,677, GCDuration: 0,340s, TimeUntilOOM: 3,868s, TimeUntilGC: 3,528s, GCWorkers: 5
[5,300s][debug  ][gc,director    ] Rule Minor: High Usage, Free: 12526MB(81,5%)
[5,301s][debug  ][gc,nmethod     ] Register NMethod: net.openhft.chronicle.core.util.StringUtils.charAt (0x00007f374ffe9590) [0x00007f374ffe9740, 0x00007f374ffe98e0] Compiler: c1, Barriers: 0, Oops: 1, ImmediateOops: 0, NonImmediateOops: No
[5,301s][debug  ][gc,nmethod     ] Register NMethod: net.openhft.chronicle.core.util.StringUtils.isEqual (0x00007f374ffe9990) [0x00007f374ffe9be0, 0x00007f374ffea590] Compiler: c1, Barriers: 0, Oops: 1, ImmediateOops: 0, NonImmediateOops: No
[5,301s][debug  ][gc,nmethod     ] Register NMethod: java.nio.HeapByteBuffer.isReadOnly (0x00007f376f3f3790) [0x00007f376f3f3920, 0x00007f376f3f39e0] Compiler: c1, Barriers: 0, Oops: 0, ImmediateOops: 0, NonImmediateOops: No
[5,301s][debug  ][gc,nmethod     ] Register NMethod: net.openhft.chronicle.core.util.StringUtils.isEqual (0x00007f374ffea810) [0x00007f374ffeaa40, 0x00007f374ffeb1a8] Compiler: c1, Barriers: 0, Oops: 1, ImmediateOops: 0, NonImmediateOops: No
[5,302s][debug  ][gc,nmethod     ] Register NMethod: jdk.internal.misc.Unsafe.getIntUnaligned (0x00007f376f3f3a90) [0x00007f376f3f3c00, 0x00007f376f3f3cb0] Compiler: c2, Barriers: 0, Oops: 0, ImmediateOops: 0, NonImmediateOops: No
[5,303s][debug  ][gc,nmethod     ] Register NMethod: io.sirix.node.HashEntryNode.getKind (0x00007f374ffeb410) [0x00007f374ffeb5a0, 0x00007f374ffeb708] Compiler: c1, Barriers: 0, Oops: 1, ImmediateOops: 1, NonImmediateOops: No
[5,303s][debug  ][gc,nmethod     ] Register NMethod: io.sirix.node.HashEntryNode.getKind (0x00007f374ffeb810) [0x00007f374ffeb9a0, 0x00007f374ffebab0] Compiler: c1, Barriers: 0, Oops: 1, ImmediateOops: 1, NonImmediateOops: No
[5,303s][debug  ][gc,nmethod     ] Register NMethod: net.openhft.chronicle.bytes.AbstractBytes.peekUnsignedByte (0x00007f374ffebb90) [0x00007f374ffebd60, 0x00007f374ffec0a8] Compiler: c1, Barriers: 1, Oops: 1, ImmediateOops: 0, NonImmediateOops: No
[5,303s][debug  ][gc,nmethod     ] Register NMethod: it.unimi.dsi.fastutil.ints.Int2ObjectOpenHashMap.find (0x00007f374ffec190) [0x00007f374ffec380, 0x00007f374ffec838] Compiler: c1, Barriers: 1, Oops: 1, ImmediateOops: 0, NonImmediateOops: No
[5,303s][debug  ][gc,nmethod     ] Register NMethod: net.openhft.chronicle.core.Maths.hash64 (0x00007f374ffec990) [0x00007f374ffecba0, 0x00007f374ffed2b0] Compiler: c1, Barriers: 0, Oops: 1, ImmediateOops: 0, NonImmediateOops: No
[5,303s][debug  ][gc,nmethod     ] Register NMethod: net.openhft.chronicle.bytes.AbstractBytes.readSkip (0x00007f374ffed490) [0x00007f374ffed640, 0x00007f374ffed7f0] Compiler: c1, Barriers: 0, Oops: 1, ImmediateOops: 0, NonImmediateOops: No
[5,303s][debug  ][gc,nmethod     ] Register NMethod: it.unimi.dsi.fastutil.ints.Int2ObjectOpenHashMap.insert (0x00007f374ffed890) [0x00007f374ffeda80, 0x00007f374ffedec8] Compiler: c1, Barriers: 5, Oops: 1, ImmediateOops: 0, NonImmediateOops: No
[5,304s][debug  ][gc,nmethod     ] Register NMethod: io.sirix.access.trx.page.NodePageReadOnlyTrx.isMostRecentlyReadPage (0x00007f374ffee090) [0x00007f374ffee240, 0x00007f374ffee580] Compiler: c1, Barriers: 3, Oops: 1, ImmediateOops: 0, NonImmediateOops: No
[5,304s][debug  ][gc,nmethod     ] Register NMethod: it.unimi.dsi.fastutil.ints.Int2LongOpenHashMap.insert (0x00007f374ffee690) [0x00007f374ffee860, 0x00007f374ffeeb28] Compiler: c1, Barriers: 2, Oops: 1, ImmediateOops: 0, NonImmediateOops: No
[5,304s][debug  ][gc,nmethod     ] Register NMethod: net.openhft.chronicle.bytes.internal.BytesInternal.calculateCount (0x00007f374ffeec90) [0x00007f374ffeee80, 0x00007f374ffef390] Compiler: c1, Barriers: 0, Oops: 1, ImmediateOops: 0, NonImmediateOops: No
[5,304s][debug  ][gc,nmethod     ] Register NMethod: net.openhft.chronicle.bytes.internal.ReferenceCountedUtil.throwExceptionIfReleased (0x00007f374ffef690) [0x00007f374ffef880, 0x00007f374ffefe78] Compiler: c1, Barriers: 1, Oops: 1, ImmediateOops: 0, NonImmediateOops: No
[5,304s][debug  ][gc,nmethod     ] Register NMethod: it.unimi.dsi.fastutil.ints.Int2ObjectOpenHashMap.put (0x00007f374fff0010) [0x00007f374fff0200, 0x00007f374fff0650] Compiler: c1, Barriers: 6, Oops: 1, ImmediateOops: 0, NonImmediateOops: No
[5,304s][debug  ][gc,nmethod     ] Register NMethod: net.openhft.chronicle.bytes.internal.BytesInternal.acquireStringBuilderScoped (0x00007f374fff0790) [0x00007f374fff0940, 0x00007f374fff0a78] Compiler: c1, Barriers: 0, Oops: 1, ImmediateOops: 1, NonImmediateOops: No
[5,304s][debug  ][gc,nmethod     ] Register NMethod: net.openhft.chronicle.bytes.StreamingDataInput.readUtf8 (0x00007f374fff0b10) [0x00007f374fff0cc0, 0x00007f374fff0df8] Compiler: c1, Barriers: 0, Oops: 1, ImmediateOops: 0, NonImmediateOops: No
[5,304s][debug  ][gc,nmethod     ] Register NMethod: io.sirix.node.HashCountEntryNode.<init> (0x00007f374fff0e90) [0x00007f374fff1020, 0x00007f374fff1188] Compiler: c1, Barriers: 0, Oops: 1, ImmediateOops: 0, NonImmediateOops: No
[5,304s][debug  ][gc,nmethod     ] Register NMethod: io.sirix.index.path.summary.PathNode.setRightSibling (0x00007f376f3f3d90) [0x00007f376f3f3f20, 0x00007f376f3f4050] Compiler: c1, Barriers: 3, Oops: 1, ImmediateOops: 0, NonImmediateOops: No
[5,304s][debug  ][gc,nmethod     ] Register NMethod: io.sirix.index.path.summary.PathNode.setLeftSibling (0x00007f376f3f4110) [0x00007f376f3f42a0, 0x00007f376f3f43d0] Compiler: c1, Barriers: 3, Oops: 1, ImmediateOops: 0, NonImmediateOops: No
[5,304s][debug  ][gc,nmethod     ] Register NMethod: io.sirix.index.path.summary.PathNode.getLeftSibling (0x00007f376f3f4490) [0x00007f376f3f4620, 0x00007f376f3f4710] Compiler: c1, Barriers: 1, Oops: 1, ImmediateOops: 0, NonImmediateOops: No
[5,305s][debug  ][gc,nmethod     ] Register NMethod: net.openhft.chronicle.core.scoped.ScopedThreadLocal.get (0x00007f374fff1290) [0x00007f374fff14e0, 0x00007f374fff1d10] Compiler: c1, Barriers: 5, Oops: 1, ImmediateOops: 0, NonImmediateOops: No
[5,305s][debug  ][gc,nmethod     ] Register NMethod: io.sirix.index.name.Names.getName (0x00007f374fff2010) [0x00007f374fff21e0, 0x00007f374fff2570] Compiler: c1, Barriers: 1, Oops: 1, ImmediateOops: 1, NonImmediateOops: No
[5,305s][debug  ][gc,nmethod     ] Register NMethod: io.brackit.query.atomic.QNm.<init> (0x00007f374fff2710) [0x00007f374fff28e0, 0x00007f374fff2da8] Compiler: c1, Barriers: 9, Oops: 1, ImmediateOops: 3, NonImmediateOops: No
[5,305s][debug  ][gc,nmethod     ] Register NMethod: net.openhft.chronicle.bytes.internal.BytesInternal.readUtf8 (0x00007f374fff2f10) [0x00007f374fff3380, 0x00007f374fff5438] Compiler: c1, Barriers: 13, Oops: 1, ImmediateOops: 2, NonImmediateOops: No
[5,305s][debug  ][gc,nmethod     ] Register NMethod: io.sirix.node.NodeKind$13.deserialize (0x00007f374fff6010) [0x00007f374fff62c0, 0x00007f374fff6f88] Compiler: c1, Barriers: 3, Oops: 2, ImmediateOops: 3, NonImmediateOops: No
[5,305s][debug  ][gc,nmethod     ] Register NMethod: io.sirix.node.delegates.StructNodeDelegate.<init> (0x00007f374fff7490) [0x00007f374fff7660, 0x00007f374fff7a58] Compiler: c1, Barriers: 3, Oops: 1, ImmediateOops: 2, NonImmediateOops: No
[5,305s][debug  ][gc,nmethod     ] Register NMethod: net.openhft.chronicle.bytes.internal.BytesInternal.readStopBit0 (0x00007f374fff7c90) [0x00007f374fff7ea0, 0x00007f374fff8548] Compiler: c1, Barriers: 0, Oops: 1, ImmediateOops: 2, NonImmediateOops: No
[5,306s][debug  ][gc,nmethod     ] Register NMethod: io.sirix.node.NodeKind.deserializeStructDel (0x00007f374fff8790) [0x00007f374fff8a40, 0x00007f374fff9ab0] Compiler: c1, Barriers: 1, Oops: 1, ImmediateOops: 6, NonImmediateOops: No
[5,306s][debug  ][gc,nmethod     ] Register NMethod: io.sirix.node.NodeKind.deserializeNodeDelegateWithoutIDs (0x00007f374fffa290) [0x00007f374fffa4e0, 0x00007f374fffade8] Compiler: c1, Barriers: 2, Oops: 1, ImmediateOops: 1, NonImmediateOops: No
[5,306s][debug  ][gc,nmethod     ] Register NMethod: io.sirix.node.NodeKind.deserializeNameDelegate (0x00007f374fffb210) [0x00007f374fffb420, 0x00007f374fffba28] Compiler: c1, Barriers: 0, Oops: 1, ImmediateOops: 0, NonImmediateOops: No
[5,306s][debug  ][gc,nmethod     ] Register NMethod: io.sirix.axis.pathsummary.AbstractAxis.next (0x00007f374fffbc90) [0x00007f374fffbe60, 0x00007f374fffc160] Compiler: c1, Barriers: 4, Oops: 1, ImmediateOops: 1, NonImmediateOops: No
[5,306s][debug  ][gc,nmethod     ] Register NMethod: io.sirix.index.path.summary.PathNode.getFirstChild (0x00007f376f3f4790) [0x00007f376f3f4920, 0x00007f376f3f4a10] Compiler: c1, Barriers: 1, Oops: 1, ImmediateOops: 0, NonImmediateOops: No
[5,306s][debug  ][gc,nmethod     ] Register NMethod: io.sirix.axis.pathsummary.AbstractAxis.tryToComputeNext (0x00007f374fffc290) [0x00007f374fffc460, 0x00007f374fffc878] Compiler: c1, Barriers: 13, Oops: 1, ImmediateOops: 4, NonImmediateOops: No
[5,306s][debug  ][gc,nmethod     ] Register NMethod: java.nio.ByteBuffer.wrap (0x00007f374fffc910) [0x00007f374fffcac0, 0x00007f374fffcbe0] Compiler: c1, Barriers: 0, Oops: 0, ImmediateOops: 0, NonImmediateOops: No
[5,306s][debug  ][gc,nmethod     ] Register NMethod: net.openhft.chronicle.bytes.VanillaBytes.read (0x00007f376f3f4a90) [0x00007f376f3f4cc0, 0x00007f376f3f5318] Compiler: c2, Barriers: 3, Oops: 1, ImmediateOops: 0, NonImmediateOops: No
[5,306s][debug  ][gc,nmethod     ] Register NMethod: net.jpountz.lz4.LZ4BlockInputStream.tryReadFully (0x00007f374fffcc90) [0x00007f374fffce60, 0x00007f374fffd2c0] Compiler: c1, Barriers: 1, Oops: 1, ImmediateOops: 0, NonImmediateOops: No
[5,306s][debug  ][gc,nmethod     ] Register NMethod: io.sirix.axis.pathsummary.LevelOrderSettingInMemoryInstancesAxis.nextNode (0x00007f374fffd410) [0x00007f374fffd940, 0x00007f3750000528] Compiler: c1, Barriers: 30, Oops: 1, ImmediateOops: 11, NonImmediateOops: No
[5,307s][debug  ][gc,nmethod     ] Register NMethod: java.nio.Buffer.nextGetIndex (0x00007f3750000f90) [0x00007f3750001140, 0x00007f3750001358] Compiler: c1, Barriers: 0, Oops: 0, ImmediateOops: 0, NonImmediateOops: No
[5,307s][debug  ][gc,nmethod     ] Register NMethod: java.nio.HeapByteBuffer.get (0x00007f3750001490) [0x00007f3750001660, 0x00007f37500019b8] Compiler: c1, Barriers: 1, Oops: 0, ImmediateOops: 0, NonImmediateOops: No
[5,307s][debug  ][gc,nmethod     ] Register NMethod: net.openhft.chronicle.bytes.AbstractBytes.clear (0x00007f376f3f5990) [0x00007f376f3f5b40, 0x00007f376f3f5d28] Compiler: c2, Barriers: 2, Oops: 1, ImmediateOops: 0, NonImmediateOops: No
[5,307s][debug  ][gc,nmethod     ] Register NMethod: io.sirix.index.path.summary.PathSummaryReader.getStructuralNode (0x00007f376f3f5f10) [0x00007f376f3f60a0, 0x00007f376f3f6168] Compiler: c2, Barriers: 1, Oops: 1, ImmediateOops: 0, NonImmediateOops: No
[5,308s][debug  ][gc,nmethod     ] Register NMethod: java.nio.Buffer.checkIndex (0x00007f376f3f6210) [0x00007f376f3f63a0, 0x00007f376f3f6458] Compiler: c2, Barriers: 0, Oops: 1, ImmediateOops: 0, NonImmediateOops: No
[5,308s][debug  ][gc,nmethod     ] Register NMethod: java.util.stream.Collectors$$Lambda/0x00000000801706f0.accept (0x00007f3750001b90) [0x00007f3750001d80, 0x00007f3750002328] Compiler: c1, Barriers: 4, Oops: 0, ImmediateOops: 0, NonImmediateOops: No
[5,309s][debug  ][gc,nmethod     ] Register NMethod: net.openhft.chronicle.bytes.AbstractBytes.readByte (0x00007f376f3f6510) [0x00007f376f3f66e0, 0x00007f376f3f6a40] Compiler: c2, Barriers: 4, Oops: 2, ImmediateOops: 0, NonImmediateOops: No
[5,309s][debug  ][gc,nmethod     ] Register NMethod: java.lang.invoke.Invokers$Holder.linkToTargetMethod (0x00007f376f3f6d90) [0x00007f376f3f6f20, 0x00007f376f3f7010] Compiler: c2, Barriers: 0, Oops: 0, ImmediateOops: 0, NonImmediateOops: No
[5,309s][debug  ][gc,nmethod     ] Register NMethod: io.sirix.service.json.shredder.JsonShredder.insertStringValue (0x00007f3750002590) [0x00007f3750002a00, 0x00007f3750004bb0] Compiler: c1, Barriers: 15, Oops: 1, ImmediateOops: 3, NonImmediateOops: No
[5,309s][debug  ][gc,nmethod     ] Register NMethod: io.sirix.page.KeyValueLeafPage.setDeweyId (0x00007f376f3f7110) [0x00007f376f3f72a0, 0x00007f376f3f7448] Compiler: c2, Barriers: 4, Oops: 1, ImmediateOops: 0, NonImmediateOops: No
[5,310s][debug  ][gc,director    ] Rule Major: Warmup 20%, Used: 2796MB, UsedThreshold: 3072MB
[5,310s][debug  ][gc,director    ] Select Minor GC Workers (Not Warm), GCWorkers: 5,000
[5,310s][debug  ][gc,director    ] Rule Minor: Allocation Rate (Dynamic GC Workers), MaxAllocRate: 656,7MB/s (+/-27,7%), Free: 12522MB, GCCPUTime: 1,677, GCDuration: 0,340s, TimeUntilOOM: 14,929s, TimeUntilGC: 14,589s, GCWorkers: 5
[5,310s][debug  ][gc,director    ] Select Minor GC Workers (Not Warm), GCWorkers: 5,000
[5,310s][debug  ][gc,director    ] Rule Minor: Allocation Rate (Dynamic GC Workers), MaxAllocRate: 2535,3MB/s (+/-27,7%), Free: 12522MB, GCCPUTime: 1,677, GCDuration: 0,340s, TimeUntilOOM: 3,867s, TimeUntilGC: 3,526s, GCWorkers: 5
[5,310s][debug  ][gc,director    ] Rule Minor: High Usage, Free: 12522MB(81,5%)
[5,310s][debug  ][gc,nmethod     ] Register NMethod: io.sirix.page.KeyValueLeafPage.setSlot (0x00007f376f3f7510) [0x00007f376f3f76a0, 0x00007f376f3f7990] Compiler: c2, Barriers: 4, Oops: 1, ImmediateOops: 0, NonImmediateOops: No
[5,311s][debug  ][gc,nmethod     ] Register NMethod: net.openhft.chronicle.bytes.AbstractBytes.readLong (0x00007f376f3f7a90) [0x00007f376f3f7c60, 0x00007f376f3f8020] Compiler: c2, Barriers: 4, Oops: 2, ImmediateOops: 0, NonImmediateOops: No
[5,312s][debug  ][gc,nmethod     ] Register NMethod: net.openhft.chronicle.bytes.internal.NativeBytesStore.readByte (0x00007f376f3f8410) [0x00007f376f3f85a0, 0x00007f376f3f86a8] Compiler: c2, Barriers: 1, Oops: 1, ImmediateOops: 0, NonImmediateOops: No
[5,316s][debug  ][gc,nmethod     ] Register NMethod: io.sirix.service.json.shredder.JsonShredder.insertStringValue (0x00007f376f3f8790) [0x00007f376f3f8aa0, 0x00007f376f3f9a60] Compiler: c2, Barriers: 22, Oops: 3, ImmediateOops: 3, NonImmediateOops: No
[5,317s][debug  ][gc,nmethod     ] Register NMethod: io.sirix.page.PageReference.<init> (0x00007f376f3fa590) [0x00007f376f3fa720, 0x00007f376f3fa8b8] Compiler: c2, Barriers: 5, Oops: 1, ImmediateOops: 1, NonImmediateOops: No
[5,317s][debug  ][gc,nmethod     ] Register NMethod: io.sirix.index.path.summary.PathNode.getLocalNameKey (0x00007f376f3fa990) [0x00007f376f3fab20, 0x00007f376f3fabe8] Compiler: c2, Barriers: 1, Oops: 1, ImmediateOops: 0, NonImmediateOops: No
[5,317s][debug  ][gc,nmethod     ] Register NMethod: io.sirix.page.PageReference.setPageFragments (0x00007f376f3fac90) [0x00007f376f3fae20, 0x00007f376f3faf28] Compiler: c2, Barriers: 3, Oops: 1, ImmediateOops: 0, NonImmediateOops: No
[5,317s][debug  ][gc,nmethod     ] Register NMethod: java.util.Arrays$ArrayList.get (0x00007f376f3faf90) [0x00007f376f3fb120, 0x00007f376f3fb258] Compiler: c2, Barriers: 2, Oops: 0, ImmediateOops: 0, NonImmediateOops: No
[5,320s][debug  ][gc,director    ] Rule Major: Warmup 20%, Used: 2810MB, UsedThreshold: 3072MB
[5,320s][debug  ][gc,director    ] Select Minor GC Workers (Not Warm), GCWorkers: 5,000
[5,320s][debug  ][gc,director    ] Rule Minor: Allocation Rate (Dynamic GC Workers), MaxAllocRate: 656,7MB/s (+/-27,7%), Free: 12508MB, GCCPUTime: 1,677, GCDuration: 0,340s, TimeUntilOOM: 14,913s, TimeUntilGC: 14,572s, GCWorkers: 5
[5,320s][debug  ][gc,director    ] Select Minor GC Workers (Not Warm), GCWorkers: 5,000
[5,320s][debug  ][gc,director    ] Rule Minor: Allocation Rate (Dynamic GC Workers), MaxAllocRate: 2535,3MB/s (+/-27,7%), Free: 12508MB, GCCPUTime: 1,677, GCDuration: 0,340s, TimeUntilOOM: 3,863s, TimeUntilGC: 3,522s, GCWorkers: 5
[5,320s][debug  ][gc,director    ] Rule Minor: High Usage, Free: 12508MB(81,4%)
[5,323s][debug  ][gc,alloc       ] Mutator Allocation Rate: 926,5MB/s Predicted: 981,9MB/s, Avg: 664,9(+/-185,2)MB/s
[5,323s][debug  ][gc,director    ] Rule Major: Warmup 20%, Used: 2814MB, UsedThreshold: 3072MB
[5,323s][debug  ][gc,director    ] Select Minor GC Workers (Not Warm), GCWorkers: 5,000
[5,323s][debug  ][gc,director    ] Rule Minor: Allocation Rate (Dynamic GC Workers), MaxAllocRate: 664,9MB/s (+/-27,8%), Free: 12504MB, GCCPUTime: 1,677, GCDuration: 0,340s, TimeUntilOOM: 14,710s, TimeUntilGC: 14,370s, GCWorkers: 5
[5,323s][debug  ][gc,director    ] Select Minor GC Workers (Not Warm), GCWorkers: 5,000
[5,323s][debug  ][gc,director    ] Rule Minor: Allocation Rate (Dynamic GC Workers), MaxAllocRate: 2573,2MB/s (+/-27,8%), Free: 12504MB, GCCPUTime: 1,677, GCDuration: 0,340s, TimeUntilOOM: 3,801s, TimeUntilGC: 3,461s, GCWorkers: 5
[5,323s][debug  ][gc,director    ] Rule Minor: High Usage, Free: 12504MB(81,4%)
[5,333s][debug  ][gc,director    ] Rule Major: Warmup 20%, Used: 2826MB, UsedThreshold: 3072MB
[5,333s][debug  ][gc,director    ] Select Minor GC Workers (Not Warm), GCWorkers: 5,000
[5,333s][debug  ][gc,director    ] Rule Minor: Allocation Rate (Dynamic GC Workers), MaxAllocRate: 664,9MB/s (+/-27,8%), Free: 12492MB, GCCPUTime: 1,677, GCDuration: 0,340s, TimeUntilOOM: 14,696s, TimeUntilGC: 14,356s, GCWorkers: 5
[5,333s][debug  ][gc,director    ] Select Minor GC Workers (Not Warm), GCWorkers: 5,000
[5,333s][debug  ][gc,director    ] Rule Minor: Allocation Rate (Dynamic GC Workers), MaxAllocRate: 2573,2MB/s (+/-27,8%), Free: 12492MB, GCCPUTime: 1,677, GCDuration: 0,340s, TimeUntilOOM: 3,797s, TimeUntilGC: 3,457s, GCWorkers: 5
[5,333s][debug  ][gc,director    ] Rule Minor: High Usage, Free: 12492MB(81,3%)
[5,343s][debug  ][gc,director    ] Rule Major: Warmup 20%, Used: 2840MB, UsedThreshold: 3072MB
[5,344s][debug  ][gc,director    ] Select Minor GC Workers (Not Warm), GCWorkers: 5,000
[5,344s][debug  ][gc,director    ] Rule Minor: Allocation Rate (Dynamic GC Workers), MaxAllocRate: 664,9MB/s (+/-27,8%), Free: 12478MB, GCCPUTime: 1,677, GCDuration: 0,340s, TimeUntilOOM: 14,680s, TimeUntilGC: 14,339s, GCWorkers: 5
[5,344s][debug  ][gc,director    ] Select Minor GC Workers (Not Warm), GCWorkers: 5,000
[5,344s][debug  ][gc,director    ] Rule Minor: Allocation Rate (Dynamic GC Workers), MaxAllocRate: 2573,2MB/s (+/-27,8%), Free: 12478MB, GCCPUTime: 1,677, GCDuration: 0,340s, TimeUntilOOM: 3,793s, TimeUntilGC: 3,453s, GCWorkers: 5
[5,344s][debug  ][gc,director    ] Rule Minor: High Usage, Free: 12478MB(81,2%)
[5,351s][debug  ][gc,nmethod     ] Register NMethod: io.sirix.page.PageKind$1.serializePage (0x00007f376f3fb310) [0x00007f376f3fbfe0, 0x00007f376f404a28] Compiler: c2, Barriers: 153, Oops: 9, ImmediateOops: 14, NonImmediateOops: No
[5,354s][debug  ][gc,director    ] Rule Major: Warmup 20%, Used: 2852MB, UsedThreshold: 3072MB
[5,354s][debug  ][gc,director    ] Select Minor GC Workers (Not Warm), GCWorkers: 5,000
[5,354s][debug  ][gc,director    ] Rule Minor: Allocation Rate (Dynamic GC Workers), MaxAllocRate: 664,9MB/s (+/-27,8%), Free: 12466MB, GCCPUTime: 1,677, GCDuration: 0,340s, TimeUntilOOM: 14,666s, TimeUntilGC: 14,325s, GCWorkers: 5
[5,354s][debug  ][gc,director    ] Select Minor GC Workers (Not Warm), GCWorkers: 5,000
[5,354s][debug  ][gc,director    ] Rule Minor: Allocation Rate (Dynamic GC Workers), MaxAllocRate: 2573,2MB/s (+/-27,8%), Free: 12466MB, GCCPUTime: 1,677, GCDuration: 0,340s, TimeUntilOOM: 3,789s, TimeUntilGC: 3,449s, GCWorkers: 5
[5,354s][debug  ][gc,director    ] Rule Minor: High Usage, Free: 12466MB(81,2%)
[5,364s][debug  ][gc,director    ] Rule Major: Warmup 20%, Used: 2864MB, UsedThreshold: 3072MB
[5,364s][debug  ][gc,director    ] Select Minor GC Workers (Not Warm), GCWorkers: 5,000
[5,364s][debug  ][gc,director    ] Rule Minor: Allocation Rate (Dynamic GC Workers), MaxAllocRate: 664,9MB/s (+/-27,8%), Free: 12454MB, GCCPUTime: 1,677, GCDuration: 0,340s, TimeUntilOOM: 14,651s, TimeUntilGC: 14,311s, GCWorkers: 5
[5,364s][debug  ][gc,director    ] Select Minor GC Workers (Not Warm), GCWorkers: 5,000
[5,364s][debug  ][gc,director    ] Rule Minor: Allocation Rate (Dynamic GC Workers), MaxAllocRate: 2573,2MB/s (+/-27,8%), Free: 12454MB, GCCPUTime: 1,677, GCDuration: 0,340s, TimeUntilOOM: 3,786s, TimeUntilGC: 3,445s, GCWorkers: 5
[5,364s][debug  ][gc,director    ] Rule Minor: High Usage, Free: 12454MB(81,1%)
[5,374s][debug  ][gc,director    ] Rule Major: Warmup 20%, Used: 2878MB, UsedThreshold: 3072MB
[5,374s][debug  ][gc,director    ] Select Minor GC Workers (Not Warm), GCWorkers: 5,000
[5,374s][debug  ][gc,director    ] Rule Minor: Allocation Rate (Dynamic GC Workers), MaxAllocRate: 664,9MB/s (+/-27,8%), Free: 12440MB, GCCPUTime: 1,677, GCDuration: 0,340s, TimeUntilOOM: 14,635s, TimeUntilGC: 14,295s, GCWorkers: 5
[5,374s][debug  ][gc,director    ] Select Minor GC Workers (Not Warm), GCWorkers: 5,000
[5,374s][debug  ][gc,director    ] Rule Minor: Allocation Rate (Dynamic GC Workers), MaxAllocRate: 2573,2MB/s (+/-27,8%), Free: 12440MB, GCCPUTime: 1,677, GCDuration: 0,340s, TimeUntilOOM: 3,781s, TimeUntilGC: 3,441s, GCWorkers: 5
[5,374s][debug  ][gc,director    ] Rule Minor: High Usage, Free: 12440MB(81,0%)
[5,384s][debug  ][gc,director    ] Rule Major: Warmup 20%, Used: 2890MB, UsedThreshold: 3072MB
[5,384s][debug  ][gc,director    ] Select Minor GC Workers (Not Warm), GCWorkers: 5,000
[5,384s][debug  ][gc,director    ] Rule Minor: Allocation Rate (Dynamic GC Workers), MaxAllocRate: 664,9MB/s (+/-27,8%), Free: 12428MB, GCCPUTime: 1,677, GCDuration: 0,340s, TimeUntilOOM: 14,621s, TimeUntilGC: 14,281s, GCWorkers: 5
[5,384s][debug  ][gc,director    ] Select Minor GC Workers (Not Warm), GCWorkers: 5,000
[5,384s][debug  ][gc,director    ] Rule Minor: Allocation Rate (Dynamic GC Workers), MaxAllocRate: 2573,2MB/s (+/-27,8%), Free: 12428MB, GCCPUTime: 1,677, GCDuration: 0,340s, TimeUntilOOM: 3,778s, TimeUntilGC: 3,437s, GCWorkers: 5
[5,384s][debug  ][gc,director    ] Rule Minor: High Usage, Free: 12428MB(80,9%)
[5,394s][debug  ][gc,director    ] Rule Major: Warmup 20%, Used: 2902MB, UsedThreshold: 3072MB
[5,394s][debug  ][gc,director    ] Select Minor GC Workers (Not Warm), GCWorkers: 5,000
[5,394s][debug  ][gc,director    ] Rule Minor: Allocation Rate (Dynamic GC Workers), MaxAllocRate: 664,9MB/s (+/-27,8%), Free: 12416MB, GCCPUTime: 1,677, GCDuration: 0,340s, TimeUntilOOM: 14,607s, TimeUntilGC: 14,266s, GCWorkers: 5
[5,394s][debug  ][gc,director    ] Select Minor GC Workers (Not Warm), GCWorkers: 5,000
[5,394s][debug  ][gc,director    ] Rule Minor: Allocation Rate (Dynamic GC Workers), MaxAllocRate: 2573,2MB/s (+/-27,8%), Free: 12416MB, GCCPUTime: 1,677, GCDuration: 0,340s, TimeUntilOOM: 3,774s, TimeUntilGC: 3,434s, GCWorkers: 5
[5,394s][debug  ][gc,director    ] Rule Minor: High Usage, Free: 12416MB(80,8%)
[5,404s][debug  ][gc,director    ] Rule Major: Warmup 20%, Used: 2914MB, UsedThreshold: 3072MB
[5,404s][debug  ][gc,director    ] Select Minor GC Workers (Not Warm), GCWorkers: 5,000
[5,405s][debug  ][gc,director    ] Rule Minor: Allocation Rate (Dynamic GC Workers), MaxAllocRate: 664,9MB/s (+/-27,8%), Free: 12404MB, GCCPUTime: 1,677, GCDuration: 0,340s, TimeUntilOOM: 14,593s, TimeUntilGC: 14,252s, GCWorkers: 5
[5,405s][debug  ][gc,director    ] Select Minor GC Workers (Not Warm), GCWorkers: 5,000
[5,405s][debug  ][gc,director    ] Rule Minor: Allocation Rate (Dynamic GC Workers), MaxAllocRate: 2573,2MB/s (+/-27,8%), Free: 12404MB, GCCPUTime: 1,677, GCDuration: 0,340s, TimeUntilOOM: 3,770s, TimeUntilGC: 3,430s, GCWorkers: 5
[5,405s][debug  ][gc,director    ] Rule Minor: High Usage, Free: 12404MB(80,8%)
[5,415s][debug  ][gc,director    ] Rule Major: Warmup 20%, Used: 2928MB, UsedThreshold: 3072MB
[5,415s][debug  ][gc,director    ] Select Minor GC Workers (Not Warm), GCWorkers: 5,000
[5,415s][debug  ][gc,director    ] Rule Minor: Allocation Rate (Dynamic GC Workers), MaxAllocRate: 664,9MB/s (+/-27,8%), Free: 12390MB, GCCPUTime: 1,677, GCDuration: 0,340s, TimeUntilOOM: 14,576s, TimeUntilGC: 14,236s, GCWorkers: 5
[5,415s][debug  ][gc,director    ] Select Minor GC Workers (Not Warm), GCWorkers: 5,000
[5,415s][debug  ][gc,director    ] Rule Minor: Allocation Rate (Dynamic GC Workers), MaxAllocRate: 2573,2MB/s (+/-27,8%), Free: 12390MB, GCCPUTime: 1,677, GCDuration: 0,340s, TimeUntilOOM: 3,766s, TimeUntilGC: 3,426s, GCWorkers: 5
[5,415s][debug  ][gc,director    ] Rule Minor: High Usage, Free: 12390MB(80,7%)
[5,419s][debug  ][gc,alloc       ] Mutator Allocation Rate: 933,6MB/s Predicted: 994,9MB/s, Avg: 672,8(+/-188,0)MB/s
[5,419s][debug  ][gc,director    ] Rule Major: Warmup 20%, Used: 2934MB, UsedThreshold: 3072MB
[5,419s][debug  ][gc,director    ] Select Minor GC Workers (Not Warm), GCWorkers: 5,000
[5,419s][debug  ][gc,director    ] Rule Minor: Allocation Rate (Dynamic GC Workers), MaxAllocRate: 672,8MB/s (+/-27,9%), Free: 12384MB, GCCPUTime: 1,677, GCDuration: 0,340s, TimeUntilOOM: 14,388s, TimeUntilGC: 14,047s, GCWorkers: 5
[5,419s][debug  ][gc,director    ] Select Minor GC Workers (Not Warm), GCWorkers: 5,000
[5,419s][debug  ][gc,director    ] Rule Minor: Allocation Rate (Dynamic GC Workers), MaxAllocRate: 2608,4MB/s (+/-27,9%), Free: 12384MB, GCCPUTime: 1,677, GCDuration: 0,340s, TimeUntilOOM: 3,711s, TimeUntilGC: 3,371s, GCWorkers: 5
[5,419s][debug  ][gc,director    ] Rule Minor: High Usage, Free: 12384MB(80,6%)
[5,429s][debug  ][gc,director    ] Rule Major: Warmup 20%, Used: 2946MB, UsedThreshold: 3072MB
[5,429s][debug  ][gc,director    ] Select Minor GC Workers (Not Warm), GCWorkers: 5,000
[5,429s][debug  ][gc,director    ] Rule Minor: Allocation Rate (Dynamic GC Workers), MaxAllocRate: 672,8MB/s (+/-27,9%), Free: 12372MB, GCCPUTime: 1,677, GCDuration: 0,340s, TimeUntilOOM: 14,374s, TimeUntilGC: 14,033s, GCWorkers: 5
[5,429s][debug  ][gc,director    ] Select Minor GC Workers (Not Warm), GCWorkers: 5,000
[5,429s][debug  ][gc,director    ] Rule Minor: Allocation Rate (Dynamic GC Workers), MaxAllocRate: 2608,4MB/s (+/-27,9%), Free: 12372MB, GCCPUTime: 1,677, GCDuration: 0,340s, TimeUntilOOM: 3,707s, TimeUntilGC: 3,367s, GCWorkers: 5
[5,429s][debug  ][gc,director    ] Rule Minor: High Usage, Free: 12372MB(80,5%)
[5,439s][debug  ][gc,director    ] Rule Major: Warmup 20%, Used: 2960MB, UsedThreshold: 3072MB
[5,439s][debug  ][gc,director    ] Select Minor GC Workers (Not Warm), GCWorkers: 5,000
[5,439s][debug  ][gc,director    ] Rule Minor: Allocation Rate (Dynamic GC Workers), MaxAllocRate: 672,8MB/s (+/-27,9%), Free: 12358MB, GCCPUTime: 1,677, GCDuration: 0,340s, TimeUntilOOM: 14,357s, TimeUntilGC: 14,017s, GCWorkers: 5
[5,439s][debug  ][gc,director    ] Select Minor GC Workers (Not Warm), GCWorkers: 5,000
[5,439s][debug  ][gc,director    ] Rule Minor: Allocation Rate (Dynamic GC Workers), MaxAllocRate: 2608,4MB/s (+/-27,9%), Free: 12358MB, GCCPUTime: 1,677, GCDuration: 0,340s, TimeUntilOOM: 3,703s, TimeUntilGC: 3,363s, GCWorkers: 5
[5,439s][debug  ][gc,director    ] Rule Minor: High Usage, Free: 12358MB(80,5%)
[5,449s][debug  ][gc,director    ] Rule Major: Warmup 20%, Used: 2972MB, UsedThreshold: 3072MB
[5,449s][debug  ][gc,director    ] Select Minor GC Workers (Not Warm), GCWorkers: 5,000
[5,449s][debug  ][gc,director    ] Rule Minor: Allocation Rate (Dynamic GC Workers), MaxAllocRate: 672,8MB/s (+/-27,9%), Free: 12346MB, GCCPUTime: 1,677, GCDuration: 0,340s, TimeUntilOOM: 14,343s, TimeUntilGC: 14,003s, GCWorkers: 5
[5,449s][debug  ][gc,director    ] Select Minor GC Workers (Not Warm), GCWorkers: 5,000
[5,449s][debug  ][gc,director    ] Rule Minor: Allocation Rate (Dynamic GC Workers), MaxAllocRate: 2608,4MB/s (+/-27,9%), Free: 12346MB, GCCPUTime: 1,677, GCDuration: 0,340s, TimeUntilOOM: 3,699s, TimeUntilGC: 3,359s, GCWorkers: 5
[5,449s][debug  ][gc,director    ] Rule Minor: High Usage, Free: 12346MB(80,4%)
[5,460s][debug  ][gc,director    ] Rule Major: Warmup 20%, Used: 2986MB, UsedThreshold: 3072MB
[5,460s][debug  ][gc,director    ] Select Minor GC Workers (Not Warm), GCWorkers: 5,000
[5,460s][debug  ][gc,director    ] Rule Minor: Allocation Rate (Dynamic GC Workers), MaxAllocRate: 672,8MB/s (+/-27,9%), Free: 12332MB, GCCPUTime: 1,677, GCDuration: 0,340s, TimeUntilOOM: 14,327s, TimeUntilGC: 13,987s, GCWorkers: 5
[5,460s][debug  ][gc,director    ] Select Minor GC Workers (Not Warm), GCWorkers: 5,000
[5,460s][debug  ][gc,director    ] Rule Minor: Allocation Rate (Dynamic GC Workers), MaxAllocRate: 2608,4MB/s (+/-27,9%), Free: 12332MB, GCCPUTime: 1,677, GCDuration: 0,340s, TimeUntilOOM: 3,695s, TimeUntilGC: 3,355s, GCWorkers: 5
[5,460s][debug  ][gc,director    ] Rule Minor: High Usage, Free: 12332MB(80,3%)
[5,470s][debug  ][gc,director    ] Rule Major: Warmup 20%, Used: 2998MB, UsedThreshold: 3072MB
[5,470s][debug  ][gc,director    ] Select Minor GC Workers (Not Warm), GCWorkers: 5,000
[5,470s][debug  ][gc,director    ] Rule Minor: Allocation Rate (Dynamic GC Workers), MaxAllocRate: 672,8MB/s (+/-27,9%), Free: 12320MB, GCCPUTime: 1,677, GCDuration: 0,340s, TimeUntilOOM: 14,313s, TimeUntilGC: 13,973s, GCWorkers: 5
[5,470s][debug  ][gc,director    ] Select Minor GC Workers (Not Warm), GCWorkers: 5,000
[5,470s][debug  ][gc,director    ] Rule Minor: Allocation Rate (Dynamic GC Workers), MaxAllocRate: 2608,4MB/s (+/-27,9%), Free: 12320MB, GCCPUTime: 1,677, GCDuration: 0,340s, TimeUntilOOM: 3,692s, TimeUntilGC: 3,351s, GCWorkers: 5
[5,470s][debug  ][gc,director    ] Rule Minor: High Usage, Free: 12320MB(80,2%)
[5,480s][debug  ][gc,director    ] Rule Major: Warmup 20%, Used: 3010MB, UsedThreshold: 3072MB
[5,480s][debug  ][gc,director    ] Select Minor GC Workers (Not Warm), GCWorkers: 5,000
[5,480s][debug  ][gc,director    ] Rule Minor: Allocation Rate (Dynamic GC Workers), MaxAllocRate: 672,8MB/s (+/-27,9%), Free: 12308MB, GCCPUTime: 1,677, GCDuration: 0,340s, TimeUntilOOM: 14,299s, TimeUntilGC: 13,959s, GCWorkers: 5
[5,480s][debug  ][gc,director    ] Select Minor GC Workers (Not Warm), GCWorkers: 5,000
[5,480s][debug  ][gc,director    ] Rule Minor: Allocation Rate (Dynamic GC Workers), MaxAllocRate: 2608,4MB/s (+/-27,9%), Free: 12308MB, GCCPUTime: 1,677, GCDuration: 0,340s, TimeUntilOOM: 3,688s, TimeUntilGC: 3,348s, GCWorkers: 5
[5,480s][debug  ][gc,director    ] Rule Minor: High Usage, Free: 12308MB(80,1%)
[5,490s][debug  ][gc,director    ] Rule Major: Warmup 20%, Used: 3024MB, UsedThreshold: 3072MB
[5,490s][debug  ][gc,director    ] Select Minor GC Workers (Not Warm), GCWorkers: 5,000
[5,490s][debug  ][gc,director    ] Rule Minor: Allocation Rate (Dynamic GC Workers), MaxAllocRate: 672,8MB/s (+/-27,9%), Free: 12294MB, GCCPUTime: 1,677, GCDuration: 0,340s, TimeUntilOOM: 14,283s, TimeUntilGC: 13,943s, GCWorkers: 5
[5,490s][debug  ][gc,director    ] Select Minor GC Workers (Not Warm), GCWorkers: 5,000
[5,490s][debug  ][gc,director    ] Rule Minor: Allocation Rate (Dynamic GC Workers), MaxAllocRate: 2608,4MB/s (+/-27,9%), Free: 12294MB, GCCPUTime: 1,677, GCDuration: 0,340s, TimeUntilOOM: 3,684s, TimeUntilGC: 3,344s, GCWorkers: 5
[5,490s][debug  ][gc,director    ] Rule Minor: High Usage, Free: 12294MB(80,0%)
[5,500s][debug  ][gc,director    ] Rule Major: Warmup 20%, Used: 3036MB, UsedThreshold: 3072MB
[5,500s][debug  ][gc,director    ] Select Minor GC Workers (Not Warm), GCWorkers: 5,000
[5,500s][debug  ][gc,director    ] Rule Minor: Allocation Rate (Dynamic GC Workers), MaxAllocRate: 672,8MB/s (+/-27,9%), Free: 12282MB, GCCPUTime: 1,677, GCDuration: 0,340s, TimeUntilOOM: 14,269s, TimeUntilGC: 13,929s, GCWorkers: 5
[5,500s][debug  ][gc,director    ] Select Minor GC Workers (Not Warm), GCWorkers: 5,000
[5,500s][debug  ][gc,director    ] Rule Minor: Allocation Rate (Dynamic GC Workers), MaxAllocRate: 2608,4MB/s (+/-27,9%), Free: 12282MB, GCCPUTime: 1,677, GCDuration: 0,340s, TimeUntilOOM: 3,680s, TimeUntilGC: 3,340s, GCWorkers: 5
[5,500s][debug  ][gc,director    ] Rule Minor: High Usage, Free: 12282MB(80,0%)
[5,510s][debug  ][gc,director    ] Rule Major: Warmup 20%, Used: 3050MB, UsedThreshold: 3072MB
[5,511s][debug  ][gc,director    ] Select Minor GC Workers (Not Warm), GCWorkers: 5,000
[5,511s][debug  ][gc,director    ] Rule Minor: Allocation Rate (Dynamic GC Workers), MaxAllocRate: 672,8MB/s (+/-27,9%), Free: 12268MB, GCCPUTime: 1,677, GCDuration: 0,340s, TimeUntilOOM: 14,253s, TimeUntilGC: 13,912s, GCWorkers: 5
[5,511s][debug  ][gc,director    ] Select Minor GC Workers (Not Warm), GCWorkers: 5,000
[5,511s][debug  ][gc,director    ] Rule Minor: Allocation Rate (Dynamic GC Workers), MaxAllocRate: 2608,4MB/s (+/-27,9%), Free: 12268MB, GCCPUTime: 1,677, GCDuration: 0,340s, TimeUntilOOM: 3,676s, TimeUntilGC: 3,336s, GCWorkers: 5
[5,511s][debug  ][gc,director    ] Rule Minor: High Usage, Free: 12268MB(79,9%)
[5,513s][debug  ][gc,alloc       ] Mutator Allocation Rate: 940,8MB/s Predicted: 1007,1MB/s, Avg: 680,4(+/-190,6)MB/s
[5,513s][debug  ][gc,director    ] Rule Major: Warmup 20%, Used: 3054MB, UsedThreshold: 3072MB
[5,513s][debug  ][gc,director    ] Select Minor GC Workers (Not Warm), GCWorkers: 5,000
[5,513s][debug  ][gc,director    ] Rule Minor: Allocation Rate (Dynamic GC Workers), MaxAllocRate: 680,4MB/s (+/-28,0%), Free: 12264MB, GCCPUTime: 1,677, GCDuration: 0,340s, TimeUntilOOM: 14,080s, TimeUntilGC: 13,740s, GCWorkers: 5
[5,513s][debug  ][gc,director    ] Select Minor GC Workers (Not Warm), GCWorkers: 5,000
[5,513s][debug  ][gc,director    ] Rule Minor: Allocation Rate (Dynamic GC Workers), MaxAllocRate: 2641,4MB/s (+/-28,0%), Free: 12264MB, GCCPUTime: 1,677, GCDuration: 0,340s, TimeUntilOOM: 3,627s, TimeUntilGC: 3,287s, GCWorkers: 5
[5,513s][debug  ][gc,director    ] Rule Minor: High Usage, Free: 12264MB(79,8%)
[5,523s][debug  ][gc,director    ] Rule Major: Warmup 20%, Used: 3066MB, UsedThreshold: 3072MB
[5,523s][debug  ][gc,director    ] Select Minor GC Workers (Not Warm), GCWorkers: 5,000
[5,523s][debug  ][gc,director    ] Rule Minor: Allocation Rate (Dynamic GC Workers), MaxAllocRate: 680,4MB/s (+/-28,0%), Free: 12252MB, GCCPUTime: 1,677, GCDuration: 0,340s, TimeUntilOOM: 14,067s, TimeUntilGC: 13,726s, GCWorkers: 5
[5,523s][debug  ][gc,director    ] Select Minor GC Workers (Not Warm), GCWorkers: 5,000
[5,523s][debug  ][gc,director    ] Rule Minor: Allocation Rate (Dynamic GC Workers), MaxAllocRate: 2641,4MB/s (+/-28,0%), Free: 12252MB, GCCPUTime: 1,677, GCDuration: 0,340s, TimeUntilOOM: 3,624s, TimeUntilGC: 3,283s, GCWorkers: 5
[5,523s][debug  ][gc,director    ] Rule Minor: High Usage, Free: 12252MB(79,8%)
[5,533s][debug  ][gc,director    ] Rule Major: Warmup 20%, Used: 3078MB, UsedThreshold: 3072MB
[5,534s][debug  ][gc,director    ] Select Minor GC Workers (Not Warm), GCWorkers: 5,000
[5,534s][debug  ][gc,director    ] Rule Minor: Allocation Rate (Dynamic GC Workers), MaxAllocRate: 680,4MB/s (+/-28,0%), Free: 12240MB, GCCPUTime: 1,677, GCDuration: 0,340s, TimeUntilOOM: 14,053s, TimeUntilGC: 13,712s, GCWorkers: 5
[5,534s][debug  ][gc,director    ] Select Minor GC Workers (Not Warm), GCWorkers: 5,000
[5,534s][debug  ][gc,director    ] Rule Minor: Allocation Rate (Dynamic GC Workers), MaxAllocRate: 2641,4MB/s (+/-28,0%), Free: 12240MB, GCCPUTime: 1,677, GCDuration: 0,340s, TimeUntilOOM: 3,620s, TimeUntilGC: 3,280s, GCWorkers: 5
[5,534s][info   ][gc             ] GC(2) Major Collection (Warmup)
[5,534s][info   ][gc,task        ] GC(2) Using 5 Workers for Young Generation
[5,534s][info   ][gc,task        ] GC(2) Using 1 Workers for Old Generation
[5,534s][debug  ][gc,heap        ] GC(2) Y: Heap before GC invocations=2 (full 2):
[5,534s][debug  ][gc,heap        ] GC(2) Y:  ZHeap           used 3078M, capacity 5120M, max capacity 15360M
[5,534s][debug  ][gc,heap        ] GC(2) Y:  Metaspace       used 29285K, committed 29696K, reserved 1114112K
[5,534s][debug  ][gc,heap        ] GC(2) Y:   class space    used 3283K, committed 3456K, reserved 1048576K
[5,534s][info   ][gc,phases      ] GC(2) Y: Young Generation
[5,534s][debug  ][gc,reloc       ] Synchronize all workers 1 _nworkers: 0 _nsynchronized: 0
[5,534s][debug  ][gc,reloc       ] Synchronize all workers 1 _nworkers: 0 _nsynchronized: 0
[5,534s][debug  ][gc,phases,start] GC(2) Y: Pause Mark Start (Major)
[5,534s][debug  ][gc,marking     ] GC(2) Y: Using 4 mark stripes
[5,534s][debug  ][gc,marking     ] GC(2) Y: Mark Worker/Stripe Distribution
[5,534s][debug  ][gc,marking     ] GC(2) Y:   Worker 0(5) -> Stripe 0(4)
[5,534s][debug  ][gc,marking     ] GC(2) Y:   Worker 1(5) -> Stripe 1(4)
[5,534s][debug  ][gc,marking     ] GC(2) Y:   Worker 2(5) -> Stripe 2(4)
[5,534s][debug  ][gc,marking     ] GC(2) Y:   Worker 3(5) -> Stripe 3(4)
[5,534s][debug  ][gc,marking     ] GC(2) Y:   Worker 4(5) -> Stripe 0(4)
[5,534s][debug  ][gc,marking     ] GC(2) Y: Using 1 mark stripes
[5,534s][debug  ][gc,marking     ] GC(2) Y: Mark Worker/Stripe Distribution
[5,534s][debug  ][gc,marking     ] GC(2) Y:   Worker 0(1) -> Stripe 0(1)
[5,534s][info   ][gc,phases      ] GC(2) Y: Pause Mark Start (Major) 0,098ms
[5,534s][debug  ][gc,reloc       ] Desynchronize all workers _nworkers: 0 _nsynchronized: 0
[5,534s][debug  ][gc,reloc       ] Desynchronize all workers _nworkers: 0 _nsynchronized: 0
[5,534s][debug  ][gc,marking     ] Resurrection broke termination
[5,534s][debug  ][gc,phases,start] GC(2) Y: Concurrent Mark
[5,534s][debug  ][gc,phases,start] GC(2) Y: Concurrent Mark Roots
[5,534s][debug  ][gc,task        ] GC(2) Y: Executing ZMarkYoungRootsTask using ZWorkerYoung with 5 workers
[5,536s][debug  ][gc,tlab        ] GC(2) Y: TLAB totals: thrds: 31  refills: 10123 max: 6100 slow allocs: 864 max 90 waste:  0,8% gc: 3560416B max: 262088B slow: 18079032B max: 6994528B
[5,536s][debug  ][gc,phases      ] GC(2) Y: Concurrent Mark Roots 2,324ms
[5,536s][debug  ][gc,phases,start] GC(2) Y: Concurrent Mark Follow
[5,536s][debug  ][gc,marking     ] GC(2) Y: Using 4 mark stripes
[5,536s][debug  ][gc,task        ] GC(2) Y: Executing ZRememberedScanMarkFollowTask using ZWorkerYoung with 5 workers
[5,544s][debug  ][gc,director    ] Select Minor GC Workers (Not Warm), GCWorkers: 5,000
[5,544s][debug  ][gc,director    ] Rule Minor: Allocation Rate (Dynamic GC Workers), MaxAllocRate: 680,4MB/s (+/-28,0%), Free: 12228MB, GCCPUTime: 1,677, GCDuration: 0,340s, TimeUntilOOM: 14,039s, TimeUntilGC: 13,699s, GCWorkers: 5
[5,554s][debug  ][gc,director    ] Select Minor GC Workers (Not Warm), GCWorkers: 5,000
[5,554s][debug  ][gc,director    ] Rule Minor: Allocation Rate (Dynamic GC Workers), MaxAllocRate: 680,4MB/s (+/-28,0%), Free: 12216MB, GCCPUTime: 1,677, GCDuration: 0,340s, TimeUntilOOM: 14,025s, TimeUntilGC: 13,685s, GCWorkers: 5
[5,556s][debug  ][gc,nmethod     ] Register NMethod: java.util.LinkedHashMap.afterNodeInsertion (0x00007f376f40b510) [0x00007f376f40b6a0, 0x00007f376f40b7d0] Compiler: c2, Barriers: 1, Oops: 1, ImmediateOops: 0, NonImmediateOops: No
[5,564s][debug  ][gc,director    ] Select Minor GC Workers (Not Warm), GCWorkers: 5,000
[5,564s][debug  ][gc,director    ] Rule Minor: Allocation Rate (Dynamic GC Workers), MaxAllocRate: 680,4MB/s (+/-28,0%), Free: 12206MB, GCCPUTime: 1,677, GCDuration: 0,340s, TimeUntilOOM: 14,014s, TimeUntilGC: 13,673s, GCWorkers: 5
[5,568s][debug  ][gc,marking     ] GC(2) Y: Using 2 mark stripes
[5,568s][debug  ][gc,marking     ] GC(2) Y: Using 4 mark stripes
[5,568s][debug  ][gc,marking     ] GC(2) Y: Using 2 mark stripes
[5,568s][debug  ][gc,marking     ] GC(2) Y: Using 1 mark stripes
[5,568s][debug  ][gc,remset      ] GC(2) Y: Remset forwarding retained: 0,000ms count: 0 ZWorkerYoung#1
[5,568s][debug  ][gc,remset      ] GC(2) Y: Remset forwarding released: 0,000ms count: 0 ZWorkerYoung#1
[5,568s][debug  ][gc,remset      ] GC(2) Y: Remset forwarding retained: 0,000ms count: 0 ZWorkerYoung#2
[5,568s][debug  ][gc,remset      ] GC(2) Y: Remset forwarding released: 0,000ms count: 0 ZWorkerYoung#2
[5,568s][debug  ][gc,remset      ] GC(2) Y: Remset forwarding retained: 0,000ms count: 0 ZWorkerYoung#3
[5,568s][debug  ][gc,remset      ] GC(2) Y: Remset forwarding released: 0,000ms count: 0 ZWorkerYoung#3
[5,568s][debug  ][gc,remset      ] GC(2) Y: Remset forwarding retained: 0,000ms count: 0 ZWorkerYoung#0
[5,568s][debug  ][gc,remset      ] GC(2) Y: Remset forwarding released: 0,000ms count: 0 ZWorkerYoung#0
[5,568s][debug  ][gc,remset      ] GC(2) Y: Remset forwarding retained: 0,000ms count: 0 ZWorkerYoung#4
[5,568s][debug  ][gc,remset      ] GC(2) Y: Remset forwarding released: 0,000ms count: 0 ZWorkerYoung#4
[5,568s][debug  ][gc,marking     ] GC(2) Y: Try terminate after resurrection
[5,568s][debug  ][gc,phases      ] GC(2) Y: Concurrent Mark Follow 31,962ms
[5,568s][info   ][gc,phases      ] GC(2) Y: Concurrent Mark 34,337ms
[5,568s][debug  ][gc,reloc       ] Synchronize all workers 1 _nworkers: 0 _nsynchronized: 0
[5,568s][debug  ][gc,reloc       ] Synchronize all workers 1 _nworkers: 0 _nsynchronized: 0
[5,568s][debug  ][gc,phases,start] GC(2) Y: Pause Mark End
[5,568s][info   ][gc,phases      ] GC(2) Y: Pause Mark End 0,018ms
[5,568s][debug  ][gc,reloc       ] Desynchronize all workers _nworkers: 0 _nsynchronized: 0
[5,568s][debug  ][gc,reloc       ] Desynchronize all workers _nworkers: 0 _nsynchronized: 0
[5,568s][debug  ][gc,phases,start] GC(2) Y: Concurrent Mark Free
[5,568s][info   ][gc,phases      ] GC(2) Y: Concurrent Mark Free 0,006ms
[5,568s][debug  ][gc,phases,start] GC(2) Y: Concurrent Reset Relocation Set
[5,569s][info   ][gc,phases      ] GC(2) Y: Concurrent Reset Relocation Set 0,253ms
[5,569s][debug  ][gc,phases,start] GC(2) Y: Concurrent Select Relocation Set
[5,569s][debug  ][gc,reloc       ] GC(2) Y: Relocation Set (Medium Pages): 0->0, 1 skipped, 0 forwarding entries
[5,569s][debug  ][gc,reloc       ] GC(2) Y: Relocation Set (Small Pages): 592->2, 143 skipped, 180118 forwarding entries
[5,569s][debug  ][gc,reloc       ] GC(2) Y: Allocated To Garbage: 0,0
[5,569s][debug  ][gc,reloc       ] GC(2) Y: Young Log Residency: 6,1
[5,569s][debug  ][gc,reloc       ] GC(2) Y: Life Decay Factor: 0,2
[5,569s][info   ][gc,reloc       ] GC(2) Y: Using tenuring threshold: 1 (Computed)
[5,573s][debug  ][gc,task        ] GC(2) Y: Executing ZRelocationSetInstallTask using ZWorkerYoung with 5 workers
[5,574s][debug  ][gc,task        ] GC(2) Y: Executing ZPromotePagesTask using ZWorkerYoung with 5 workers
[5,574s][debug  ][gc,director    ] Select Minor GC Workers (Not Warm), GCWorkers: 5,000
[5,574s][debug  ][gc,director    ] Rule Minor: Allocation Rate (Dynamic GC Workers), MaxAllocRate: 680,4MB/s (+/-28,0%), Free: 13762MB, GCCPUTime: 1,677, GCDuration: 0,340s, TimeUntilOOM: 15,800s, TimeUntilGC: 15,460s, GCWorkers: 5
[5,575s][debug  ][gc,task        ] GC(2) Y: Executing ZPromotePagesTask using ZWorkerYoung with 5 workers
[5,576s][debug  ][gc,task        ] GC(2) Y: Executing ZPromotePagesTask using ZWorkerYoung with 5 workers
[5,576s][info   ][gc,phases      ] GC(2) Y: Concurrent Select Relocation Set 7,018ms
[5,576s][debug  ][gc,reloc       ] Synchronize all workers 1 _nworkers: 0 _nsynchronized: 0
[5,576s][debug  ][gc,reloc       ] Synchronize all workers 1 _nworkers: 0 _nsynchronized: 0
[5,576s][debug  ][gc,phases,start] GC(2) Y: Pause Relocate Start
[5,576s][debug  ][gc,reloc       ] GC(2) Y: Joining workers: 5
[5,576s][info   ][gc,phases      ] GC(2) Y: Pause Relocate Start 0,024ms
[5,576s][debug  ][gc,reloc       ] Desynchronize all workers _nworkers: 0 _nsynchronized: 0
[5,576s][debug  ][gc,reloc       ] Desynchronize all workers _nworkers: 5 _nsynchronized: 0
[5,576s][debug  ][gc,phases,start] GC(2) Y: Concurrent Relocate
[5,576s][debug  ][gc,task        ] GC(2) Y: Executing ZRelocateStoreBufferInstallBasePointersTask using ZWorkerYoung with 5 workers
[5,576s][debug  ][gc,task        ] GC(2) Y: Executing ZRelocateTask using ZWorkerYoung with 5 workers
[5,577s][debug  ][gc,reloc       ] GC(2) Y: Leaving workers: left: 4 _synchronize: 0 _nsynchronized: 0
[5,577s][debug  ][gc,reloc       ] GC(2) Y: Leaving workers: left: 3 _synchronize: 0 _nsynchronized: 0
[5,577s][debug  ][gc,reloc       ] GC(2) Y: Leaving workers: left: 2 _synchronize: 0 _nsynchronized: 0
[5,577s][debug  ][gc,reloc       ] GC(2) Y: Leaving workers: left: 1 _synchronize: 0 _nsynchronized: 0
[5,578s][debug  ][gc,reloc       ] GC(2) Y: Leaving workers: left: 0 _synchronize: 0 _nsynchronized: 0
[5,578s][debug  ][gc,phases,start] GC(2) Y: Concurrent Relocate Remset FP
[5,578s][debug  ][gc,task        ] GC(2) Y: Executing ZRelocateAddRemsetForFlipPromoted using ZWorkerYoung with 5 workers
[5,580s][debug  ][gc,phases      ] GC(2) Y: Concurrent Relocate Remset FP 1,668ms
[5,580s][info   ][gc,phases      ] GC(2) Y: Concurrent Relocate 3,986ms
[5,580s][debug  ][gc,heap        ] GC(2) Y: Heap after GC invocations=3 (full 3):
[5,580s][debug  ][gc,heap        ] GC(2) Y:  ZHeap           used 402M, capacity 5120M, max capacity 15360M
[5,580s][debug  ][gc,heap        ] GC(2) Y:  Metaspace       used 29285K, committed 29696K, reserved 1114112K
[5,580s][debug  ][gc,heap        ] GC(2) Y:   class space    used 3283K, committed 3456K, reserved 1048576K
[5,580s][info   ][gc,alloc       ] GC(2) Y:                         Mark Start        Mark End      Relocate Start    Relocate End   
[5,580s][info   ][gc,alloc       ] GC(2) Y: Allocation Stalls:          0                0                0                0         
[5,580s][info   ][gc,load        ] GC(2) Y: Load: 1,87 (9%) / 1,91 (10%) / 4,94 (25%)
[5,580s][info   ][gc,mmu         ] GC(2) Y: MMU: 2ms/94,6%, 5ms/97,8%, 10ms/98,9%, 20ms/99,4%, 50ms/99,7%, 100ms/99,8%
[5,580s][info   ][gc,marking     ] GC(2) Y: Mark: 4 stripe(s), 3 proactive flush(es), 1 terminate flush(es), 0 completion(s), 0 continuation(s) 
[5,580s][info   ][gc,marking     ] GC(2) Y: Mark Stack Usage: 32M
[5,580s][info   ][gc,nmethod     ] GC(2) Y: NMethods: 3457 registered, 0 unregistered
[5,580s][info   ][gc,metaspace   ] GC(2) Y: Metaspace: 28M used, 29M committed, 1088M reserved
[5,580s][info   ][gc,reloc       ] GC(2) Y:                        Candidates     Selected     In-Place         Size        Empty    Relocated 
[5,580s][info   ][gc,reloc       ] GC(2) Y: Small Pages:                 1523          590            0        3046M        1568M           3M 
[5,580s][info   ][gc,reloc       ] GC(2) Y: Medium Pages:                   1            0            0          32M           0M           0M 
[5,580s][info   ][gc,reloc       ] GC(2) Y: Large Pages:                    0            0            0           0M           0M           0M 
[5,580s][info   ][gc,reloc       ] GC(2) Y: Forwarding Usage: 1M
[5,580s][info   ][gc,reloc       ] GC(2) Y: Age Table:
[5,580s][info   ][gc,reloc       ] GC(2) Y:                    Live             Garbage             Small              Medium             Large        
[5,580s][info   ][gc,reloc       ] GC(2) Y: Eden             208M (1%)         2433M (16%)       1321 / 564            0 / 0              0 / 0        
[5,580s][info   ][gc,reloc       ] GC(2) Y: Survivor 1         1M (0%)          384M (3%)         193 / 23             0 / 0              0 / 0        
[5,580s][info   ][gc,reloc       ] GC(2) Y: Survivor 2        12M (0%)           37M (0%)           9 / 3              1 / 0              0 / 0        
[5,580s][info   ][gc,heap        ] GC(2) Y: Min Capacity: 5120M(33%)
[5,580s][info   ][gc,heap        ] GC(2) Y: Max Capacity: 15360M(100%)
[5,580s][info   ][gc,heap        ] GC(2) Y: Soft Max Capacity: 15360M(100%)
[5,580s][info   ][gc,heap        ] GC(2) Y: Heap Statistics:
[5,580s][info   ][gc,heap        ] GC(2) Y:                Mark Start          Mark End        Relocate Start      Relocate End           High               Low         
[5,580s][info   ][gc,heap        ] GC(2) Y:  Capacity:     5120M (33%)        5120M (33%)        5120M (33%)        5120M (33%)        5120M (33%)        5120M (33%)    
[5,580s][info   ][gc,heap        ] GC(2) Y:      Free:    12282M (80%)       12244M (80%)       13802M (90%)       14958M (97%)       14960M (97%)       12242M (80%)    
[5,580s][info   ][gc,heap        ] GC(2) Y:      Used:     3078M (20%)        3116M (20%)        1558M (10%)         402M (3%)         3118M (20%)         400M (3%)     
[5,580s][info   ][gc,heap        ] GC(2) Y: Young Generation Statistics:
[5,580s][info   ][gc,heap        ] GC(2) Y:                Mark Start          Mark End        Relocate Start      Relocate End    
[5,580s][info   ][gc,heap        ] GC(2) Y:      Used:     3078M (20%)        3116M (20%)        1516M (10%)         348M (2%)     
[5,580s][info   ][gc,heap        ] GC(2) Y:      Live:         -               221M (1%)          210M (1%)          208M (1%)     
[5,580s][info   ][gc,heap        ] GC(2) Y:   Garbage:         -              2856M (19%)        1257M (8%)           77M (1%)     
[5,580s][info   ][gc,heap        ] GC(2) Y: Allocated:         -                38M (0%)           48M (0%)           62M (0%)     
[5,580s][info   ][gc,heap        ] GC(2) Y: Reclaimed:         -                  -              1598M (10%)        2778M (18%)    
[5,580s][info   ][gc,heap        ] GC(2) Y:  Promoted:         -                  -                11M (0%)           13M (0%)     
[5,580s][info   ][gc,heap        ] GC(2) Y: Compacted:         -                  -                  -                 1M (0%)     
[5,580s][info   ][gc,phases      ] GC(2) Y: Young Generation 3078M(20%)->402M(3%) 0,046s
[5,580s][debug  ][gc,heap        ] GC(2) O: Heap before GC invocations=3 (full 3):
[5,580s][debug  ][gc,heap        ] GC(2) O:  ZHeap           used 404M, capacity 5120M, max capacity 15360M
[5,580s][debug  ][gc,heap        ] GC(2) O:  Metaspace       used 29285K, committed 29696K, reserved 1114112K
[5,580s][debug  ][gc,heap        ] GC(2) O:   class space    used 3283K, committed 3456K, reserved 1048576K
[5,580s][info   ][gc,phases      ] GC(2) O: Old Generation
[5,580s][debug  ][gc,phases,start] GC(2) O: Concurrent Mark
[5,580s][debug  ][gc,phases,start] GC(2) O: Concurrent Mark Roots
[5,580s][debug  ][gc,task        ] GC(2) O: Executing ZMarkOldRootsTask using ZWorkerOld with 1 workers
[5,582s][debug  ][gc,tlab        ] GC(2) O: TLAB totals: thrds: 1  refills: 189 max: 189 slow allocs: 0 max 0 waste:  0,7% gc: 106504B max: 106504B slow: 221384B max: 221384B
[5,582s][debug  ][gc,phases      ] GC(2) O: Concurrent Mark Roots 1,365ms
[5,582s][debug  ][gc,phases,start] GC(2) O: Concurrent Mark Follow
[5,582s][debug  ][gc,marking     ] GC(2) O: Using 1 mark stripes
[5,582s][debug  ][gc,task        ] GC(2) O: Executing ZMarkTask using ZWorkerOld with 1 workers
[5,582s][debug  ][gc,phases      ] GC(2) O: Concurrent Mark Follow 0,478ms
[5,582s][info   ][gc,phases      ] GC(2) O: Concurrent Mark 1,858ms
[5,582s][debug  ][gc,reloc       ] Synchronize all workers 1 _nworkers: 0 _nsynchronized: 0
[5,582s][debug  ][gc,reloc       ] Synchronize all workers 1 _nworkers: 0 _nsynchronized: 0
[5,582s][debug  ][gc,phases,start] GC(2) O: Pause Mark End
[5,582s][info   ][gc,phases      ] GC(2) O: Pause Mark End 0,018ms
[5,582s][debug  ][gc,reloc       ] Desynchronize all workers _nworkers: 0 _nsynchronized: 0
[5,582s][debug  ][gc,reloc       ] Desynchronize all workers _nworkers: 0 _nsynchronized: 0
[5,582s][debug  ][gc,phases,start] GC(2) O: Concurrent Mark Free
[5,582s][info   ][gc,phases      ] GC(2) O: Concurrent Mark Free 0,006ms
[5,582s][debug  ][gc,phases,start] GC(2) O: Concurrent Process Non-Strong
[5,582s][debug  ][gc,phases,start] GC(2) O: Concurrent References Process
[5,582s][debug  ][gc,task        ] GC(2) O: Executing ZReferenceProcessorTask using ZWorkerOld with 1 workers
[5,582s][debug  ][gc,phases      ] GC(2) O: Concurrent References Process 0,118ms
[5,582s][debug  ][gc,task        ] GC(2) O: Executing ZProcessWeakRootsTask using ZWorkerOld with 1 workers
[5,583s][debug  ][gc,phases,start] GC(2) O: Concurrent Classes Unlink
[5,583s][debug  ][gc,phases,start] GC(2) O: ClassLoaderData
[5,583s][debug  ][gc,phases      ] GC(2) O: ClassLoaderData 0,019ms
[5,583s][debug  ][gc,phases,start] GC(2) O: Trigger cleanups
[5,583s][debug  ][gc,phases      ] GC(2) O: Trigger cleanups 0,004ms
[5,583s][debug  ][gc,task        ] GC(2) O: Executing ZNMethodUnlinkTask using ZWorkerOld with 1 workers
[5,583s][debug  ][gc,nmethod     ] GC(2) O: Unregister NMethod: jdk.internal.misc.Blocker.begin (0x00007f376f20a190) [0x00007f376f20a320, 0x00007f376f20a418] 
[5,583s][debug  ][gc,nmethod     ] GC(2) O: Unregister NMethod: io.sirix.service.json.shredder.JsonShredder.insertStringValue (0x00007f376f2d3190) [0x00007f376f2d3560, 0x00007f376f2d4ed0] 
[5,583s][debug  ][gc,nmethod     ] GC(2) O: Unregister NMethod: java.util.concurrent.atomic.AtomicLong.compareAndSet (0x00007f374fdf9b10) [0x00007f374fdf9ca0, 0x00007f374fdf9dc0] 
[5,583s][debug  ][gc,nmethod     ] GC(2) O: Unregister NMethod: io.sirix.access.trx.node.json.ForwardingJsonNodeReadOnlyTrx.getNodeKey (0x00007f374fe30990) [0x00007f374fe30b60, 0x00007f374fe30ee8] 
[5,583s][debug  ][gc,nmethod     ] GC(2) O: Unregister NMethod: java.util.ArrayList.iterator (0x00007f374fbcb390) [0x00007f374fbcb540, 0x00007f374fbcb7d8] 
[5,583s][debug  ][gc,nmethod     ] GC(2) O: Unregister NMethod: jdk.internal.misc.Unsafe.checkSize (0x00007f374fa37210) [0x00007f374fa373c0, 0x00007f374fa37638] 
[5,583s][debug  ][gc,nmethod     ] GC(2) O: Unregister NMethod: java.util.stream.ReferencePipeline$3$1.accept (0x00007f374fb8e790) [0x00007f374fb8e960, 0x00007f374fb8ec90] 
[5,583s][debug  ][gc,nmethod     ] GC(2) O: Unregister NMethod: io.sirix.page.KeyValueLeafPage.processEntries (0x00007f374fe48910) [0x00007f374fe48c00, 0x00007f374fe49c20] 
[5,583s][debug  ][gc,nmethod     ] GC(2) O: Unregister NMethod: net.openhft.chronicle.bytes.VanillaBytes.read (0x00007f374ff86510) [0x00007f374ff86740, 0x00007f374ff86ff0] 
[5,583s][debug  ][gc,nmethod     ] GC(2) O: Unregister NMethod: net.openhft.chronicle.bytes.internal.NativeBytesStore.write0 (0x00007f374fe20790) [0x00007f374fe20980, 0x00007f374fe20e90] 
[5,583s][debug  ][gc,nmethod     ] GC(2) O: Unregister NMethod: sun.misc.Unsafe.getInt (0x00007f374fbd3a10) [0x00007f374fbd3ba0, 0x00007f374fbd3ca0] 
[5,583s][debug  ][gc,nmethod     ] GC(2) O: Unregister NMethod: io.sirix.page.IndirectPage.getOrCreateReference (0x00007f374ff45410) [0x00007f374ff45660, 0x00007f374ff460e8] 
[5,583s][debug  ][gc,nmethod     ] GC(2) O: Unregister NMethod: net.openhft.chronicle.bytes.internal.NativeBytesStore.write (0x00007f374face510) [0x00007f374face6e0, 0x00007f374face950] 
[5,583s][debug  ][gc,nmethod     ] GC(2) O: Unregister NMethod: io.sirix.access.trx.page.NodePageReadOnlyTrx.getValue (0x00007f374ff8bc90) [0x00007f374ff8bf20, 0x00007f374ff8ca30] 
[5,583s][debug  ][gc,nmethod     ] GC(2) O: Unregister NMethod: java.util.concurrent.ConcurrentHashMap$Traverser.advance (0x00007f374fbe6f90) [0x00007f374fbe7200, 0x00007f374fbe7ed8] 
[5,583s][debug  ][gc,nmethod     ] GC(2) O: Unregister NMethod: java.io.ByteArrayOutputStream.ensureCapacity (0x00007f374faf2e90) [0x00007f374faf3060, 0x00007f374faf3450] 
[5,583s][debug  ][gc,nmethod     ] GC(2) O: Unregister NMethod: java.nio.Bits.reserveMemory (0x00007f374fe5e410) [0x00007f374fe5e820, 0x00007f374fe60098] 
[5,583s][debug  ][gc,nmethod     ] GC(2) O: Unregister NMethod: io.sirix.page.KeyValueLeafPage.processEntries (0x00007f376f348690) [0x00007f376f3488c0, 0x00007f376f349000] 
[5,583s][debug  ][gc,nmethod     ] GC(2) O: Unregister NMethod: java.io.InputStreamReader.read (0x00007f374ff37590) [0x00007f374ff37740, 0x00007f374ff378c8] 
[5,583s][debug  ][gc,nmethod     ] GC(2) O: Unregister NMethod: net.openhft.chronicle.bytes.AbstractBytes.<init> (0x00007f374fdf0f10) [0x00007f374fdf10c0, 0x00007f374fdf1208] 
[5,583s][debug  ][gc,nmethod     ] GC(2) O: Unregister NMethod: java.nio.ByteBuffer.<init> (0x00007f374fea8b90) [0x00007f374fea8d40, 0x00007f374fea8f88] 
[5,583s][debug  ][gc,nmethod     ] GC(2) O: Unregister NMethod: org.magicwerk.brownies.collections.GapList.get (0x00007f374fdf3c10) [0x00007f374fdf3ea0, 0x00007f374fdf4868] 
[5,584s][debug  ][gc,nmethod     ] GC(2) O: Unregister NMethod: io.sirix.access.trx.node.AbstractNodeReadOnlyTrx.moveTo (0x00007f374ffb4f90) [0x00007f374ffb5240, 0x00007f374ffb6218] 
[5,584s][debug  ][gc,nmethod     ] GC(2) O: Unregister NMethod: java.util.Arrays.fill (0x00007f376f387590) [0x00007f376f387780, 0x00007f376f388130] 
[5,584s][debug  ][gc,nmethod     ] GC(2) O: Unregister NMethod: java.util.ImmutableCollections$ListN.size (0x00007f374fc7aa90) [0x00007f374fc7ac20, 0x00007f374fc7ad58] 
[5,584s][debug  ][gc,nmethod     ] GC(2) O: Unregister NMethod: java.util.BitSet.nextSetBit (0x00007f374ff5a710) [0x00007f374ff5a9a0, 0x00007f374ff5b2a0] 
[5,584s][debug  ][gc,nmethod     ] GC(2) O: Unregister NMethod: net.openhft.chronicle.bytes.RandomDataInput.toByteArray (0x00007f376f33d690) [0x00007f376f33d880, 0x00007f376f33e0a0] 
[5,584s][debug  ][gc,nmethod     ] GC(2) O: Unregister NMethod: io.sirix.service.json.shredder.JsonShredder.insertStringValue (0x00007f3750002590) [0x00007f3750002a00, 0x00007f3750004bb0] 
[5,584s][debug  ][gc,nmethod     ] GC(2) O: Unregister NMethod: jdk.internal.misc.Unsafe.checkNativeAddress (0x00007f374fbe0210) [0x00007f374fbe03a0, 0x00007f374fbe04b0] 
[5,584s][debug  ][gc,nmethod     ] GC(2) O: Unregister NMethod: java.io.FileInputStream.read (0x00007f374fa34c90) [0x00007f374fa34e60, 0x00007f374fa35080] 
[5,584s][debug  ][gc,nmethod     ] GC(2) O: Unregister NMethod: java.lang.StringBuilder.append (0x00007f374ffb9910) [0x00007f374ffb9ac0, 0x00007f374ffb9c08] 
[5,584s][debug  ][gc,nmethod     ] GC(2) O: Unregister NMethod: net.openhft.chronicle.bytes.internal.HeapBytesStore.performRelease (0x00007f374ff1d390) [0x00007f374ff1d520, 0x00007f374ff1d6a0] 
[5,584s][debug  ][gc,nmethod     ] GC(2) O: Unregister NMethod: net.openhft.chronicle.bytes.internal.NativeBytesStore.write0 (0x00007f374fe21090) [0x00007f374fe212a0, 0x00007f374fe21930] 
[5,584s][debug  ][gc,nmethod     ] GC(2) O: Unregister NMethod: java.lang.Thread.interrupted (0x00007f374fb6b190) [0x00007f374fb6b340, 0x00007f374fb6b5d0] 
[5,584s][debug  ][gc,nmethod     ] GC(2) O: Unregister NMethod: sun.security.provider.ByteArrayAccess.i2bBig (0x00007f374fe14d90) [0x00007f374fe14fa0, 0x00007f374fe15668] 
[5,584s][debug  ][gc,nmethod     ] GC(2) O: Unregister NMethod: java.lang.invoke.LambdaForm$MH/0x000000008035cc00.linkToTargetMethod (0x00007f374feeb190) [0x00007f374feeb340, 0x00007f374feeb658] 
[5,584s][debug  ][gc,nmethod     ] GC(2) O: Unregister NMethod: net.openhft.chronicle.bytes.internal.HeapBytesStore.read (0x00007f374fa67290) [0x00007f374fa67520, 0x00007f374fa67e20] 
[5,584s][debug  ][gc,nmethod     ] GC(2) O: Unregister NMethod: io.sirix.access.trx.page.AbstractForwardingPageReadOnlyTrx.getResourceSession (0x00007f374fe36d10) [0x00007f374fe36ee0, 0x00007f374fe37248] 
[5,584s][debug  ][gc,nmethod     ] GC(2) O: Unregister NMethod: java.lang.invoke.MethodType$ConcurrentWeakInternSet.get (0x00007f374fa52290) [0x00007f374fa524c0, 0x00007f374fa52cf0] 
[5,584s][debug  ][gc,nmethod     ] GC(2) O: Unregister NMethod: sun.nio.cs.StreamDecoder.readBytes (0x00007f374ff3ef10) [0x00007f374ff3f280, 0x00007f374ff404a8] 
[5,584s][debug  ][gc,nmethod     ] GC(2) O: Unregister NMethod: io.sirix.page.KeyValueLeafPage.processEntries (0x00007f374fdee590) [0x00007f374fdee880, 0x00007f374fdef8a0] 
[5,584s][debug  ][gc,nmethod     ] GC(2) O: Unregister NMethod: sun.misc.Unsafe.putInt (0x00007f374fe36a10) [0x00007f374fe36ba0, 0x00007f374fe36ca8] 
[5,584s][debug  ][gc,nmethod     ] GC(2) O: Unregister NMethod: io.sirix.node.NodeKind.serializeJsonObjectOrArrayStructDelegate (0x00007f376f352110) [0x00007f376f352360, 0x00007f376f3529f0] 
[5,584s][debug  ][gc,nmethod     ] GC(2) O: Unregister NMethod: net.openhft.chronicle.bytes.internal.NativeBytesStore.write (0x00007f374fe9d310) [0x00007f374fe9d4a0, 0x00007f374fe9d5c0] 
[5,584s][debug  ][gc,nmethod     ] GC(2) O: Unregister NMethod: sun.security.provider.DigestBase.engineUpdate (0x00007f374fad9990) [0x00007f374fad9c20, 0x00007f374fada8f0] 
[5,584s][debug  ][gc,nmethod     ] GC(2) O: Unregister NMethod: io.sirix.access.trx.page.NodePageTrx.prepareRecordForModification (0x00007f374ffb3010) [0x00007f374ffb3300, 0x00007f374ffb4250] 
[5,584s][debug  ][gc,nmethod     ] GC(2) O: Unregister NMethod: net.openhft.chronicle.core.UnsafeMemory.writeByte (0x00007f376f284710) [0x00007f376f284880, 0x00007f376f284918] 
[5,584s][debug  ][gc,nmethod     ] GC(2) O: Unregister NMethod: io.sirix.node.json.NullNode.getKind (0x00007f374fc54c90) [0x00007f374fc54e20, 0x00007f374fc54f28] 
[5,584s][debug  ][gc,nmethod     ] GC(2) O: Unregister NMethod: java.util.concurrent.atomic.AtomicLong.addAndGet (0x00007f374fb53490) [0x00007f374fb53620, 0x00007f374fb53738] 
[5,584s][debug  ][gc,nmethod     ] GC(2) O: Unregister NMethod: java.lang.Math.toIntExact (0x00007f374fa72810) [0x00007f374fa729c0, 0x00007f374fa72bb0] 
[5,584s][debug  ][gc,nmethod     ] GC(2) O: Unregister NMethod: io.sirix.page.KeyValueLeafPage.setSlot (0x00007f374ff87c10) [0x00007f374ff87dc0, 0x00007f374ff88150] 
[5,584s][debug  ][gc,nmethod     ] GC(2) O: Unregister NMethod: java.nio.ByteBuffer.flip (0x00007f374ff34490) [0x00007f374ff34620, 0x00007f374ff34798] 
[5,584s][debug  ][gc,nmethod     ] GC(2) O: Unregister NMethod: io.sirix.node.NodeKind.writeHash (0x00007f374ff22f10) [0x00007f374ff230c0, 0x00007f374ff23260] 
[5,584s][debug  ][gc,nmethod     ] GC(2) O: Unregister NMethod: java.nio.ByteBuffer.order (0x00007f374fe3d990) [0x00007f374fe3db40, 0x00007f374fe3dd78] 
[5,584s][debug  ][gc,nmethod     ] GC(2) O: Unregister NMethod: net.openhft.chronicle.bytes.RandomDataInput.toByteArray (0x00007f374fc4ec90) [0x00007f374fc4ee20, 0x00007f374fc4ef40] 
[5,584s][debug  ][gc,nmethod     ] GC(2) O: Unregister NMethod: net.openhft.chronicle.core.UnsafeMemory.copyMemoryLoop (0x00007f376f249790) [0x00007f376f249920, 0x00007f376f249be8] 
[5,584s][debug  ][gc,nmethod     ] GC(2) O: Unregister NMethod: io.sirix.node.json.NumberNode.getKind (0x00007f374fa33b90) [0x00007f374fa33d20, 0x00007f374fa33e88] 
[5,584s][debug  ][gc,nmethod     ] GC(2) O: Unregister NMethod: io.sirix.page.KeyValueLeafPage.processEntries (0x00007f374fe0bf10) [0x00007f374fe0c200, 0x00007f374fe0d390] 
[5,584s][debug  ][gc,nmethod     ] GC(2) O: Unregister NMethod: net.openhft.chronicle.bytes.internal.BytesInternal.toByteArray (0x00007f374fa7c690) [0x00007f374fa7c880, 0x00007f374fa7cb48] 
[5,584s][debug  ][gc,nmethod     ] GC(2) O: Unregister NMethod: net.openhft.chronicle.bytes.internal.HeapBytesStore.readByte (0x00007f374fa24e90) [0x00007f374fa25080, 0x00007f374fa257b8] 
[5,584s][debug  ][gc,nmethod     ] GC(2) O: Unregister NMethod: io.sirix.node.NodeKind.serializeValDelegate (0x00007f374fa76310) [0x00007f374fa76500, 0x00007f374fa76878] 
[5,584s][debug  ][gc,nmethod     ] GC(2) O: Unregister NMethod: io.sirix.index.path.summary.PathNode.getLocalNameKey (0x00007f374fded590) [0x00007f374fded720, 0x00007f374fded880] 
[5,584s][debug  ][gc,nmethod     ] GC(2) O: Unregister NMethod: net.openhft.chronicle.core.util.ObjectUtils.requireNonNull (0x00007f374fa35b90) [0x00007f374fa35d20, 0x00007f374fa35e58] 
[5,584s][debug  ][gc,nmethod     ] GC(2) O: Unregister NMethod: java.util.concurrent.ConcurrentHashMap.clear (0x00007f374fe1d490) [0x00007f374fe1d6e0, 0x00007f374fe1e0d0] 
[5,584s][debug  ][gc,nmethod     ] GC(2) O: Unregister NMethod: io.sirix.node.NodeKind$28.serialize (0x00007f374fecfa10) [0x00007f374fed0360, 0x00007f374fed6688] 
[5,584s][debug  ][gc,nmethod     ] GC(2) O: Unregister NMethod: java.util.Arrays$ArrayList.get (0x00007f374ffad010) [0x00007f374ffad1c0, 0x00007f374ffad350] 
[5,584s][debug  ][gc,nmethod     ] GC(2) O: Unregister NMethod: java.lang.invoke.MethodType.equals (0x00007f374fa9d610) [0x00007f374fa9d860, 0x00007f374fa9e490] 
[5,584s][debug  ][gc,nmethod     ] GC(2) O: Unregister NMethod: net.openhft.chronicle.bytes.NativeBytes.writeByte (0x00007f376f283890) [0x00007f376f283a80, 0x00007f376f283f38] 
[5,584s][debug  ][gc,nmethod     ] GC(2) O: Unregister NMethod: java.util.HashMap.computeIfAbsent (0x00007f374ff9a110) [0x00007f374ff9a460, 0x00007f374ff9bab0] 
[5,584s][debug  ][gc,nmethod     ] GC(2) O: Unregister NMethod: net.openhft.chronicle.bytes.RandomCommon.writePosition (0x00007f374fe39510) [0x00007f374fe396c0, 0x00007f374fe39878] 
[5,584s][debug  ][gc,nmethod     ] GC(2) O: Unregister NMethod: java.util.concurrent.ConcurrentHashMap$BaseIterator.hasNext (0x00007f374fbe5710) [0x00007f374fbe58a0, 0x00007f374fbe5a30] 
[5,584s][debug  ][gc,nmethod     ] GC(2) O: Unregister NMethod: net.openhft.chronicle.bytes.NativeBytes.readRemaining (0x00007f374fe66990) [0x00007f374fe66b20, 0x00007f374fe66c28] 
[5,584s][debug  ][gc,nmethod     ] GC(2) O: Unregister NMethod: io.sirix.access.trx.node.AbstractNodeHashing.adaptHashesWithAdd (0x00007f376f2bc210) [0x00007f376f2bc3c0, 0x00007f376f2bc548] 
[5,584s][debug  ][gc,nmethod     ] GC(2) O: Unregister NMethod: net.openhft.chronicle.bytes.VanillaBytes.<init> (0x00007f374fe02e90) [0x00007f374fe03040, 0x00007f374fe03178] 
[5,584s][debug  ][gc,nmethod     ] GC(2) O: Unregister NMethod: io.sirix.page.PageReference.setLogKey (0x00007f374ff3c310) [0x00007f374ff3c4a0, 0x00007f374ff3c5b0] 
[5,584s][debug  ][gc,nmethod     ] GC(2) O: Unregister NMethod: net.openhft.chronicle.bytes.AbstractBytes.readInt (0x00007f374ff81e90) [0x00007f374ff82060, 0x00007f374ff823d0] 
[5,584s][debug  ][gc,nmethod     ] GC(2) O: Unregister NMethod: io.sirix.node.xml.AbstractStructForwardingNode.getChildCount (0x00007f374fafa690) [0x00007f374fafa840, 0x00007f374fafaa20] 
[5,584s][debug  ][gc,nmethod     ] GC(2) O: Unregister NMethod: net.openhft.chronicle.bytes.internal.BytesInternal.writeStopBit (0x00007f374fe64590) [0x00007f374fe647a0, 0x00007f374fe64f18] 
[5,584s][debug  ][gc,nmethod     ] GC(2) O: Unregister NMethod: io.sirix.access.trx.page.NodePageTrx.prepareRecordPage (0x00007f376f28e310) [0x00007f376f28e520, 0x00007f376f28ebf8] 
[5,584s][debug  ][gc,nmethod     ] GC(2) O: Unregister NMethod: com.google.common.base.Preconditions.checkState (0x00007f374fafab10) [0x00007f374fafacc0, 0x00007f374fafaeb0] 
[5,584s][debug  ][gc,nmethod     ] GC(2) O: Unregister NMethod: java.nio.ByteOrder.nativeOrder (0x00007f374fa36290) [0x00007f374fa36420, 0x00007f374fa36510] 
[5,584s][debug  ][gc,nmethod     ] Register NMethod: io.sirix.access.trx.page.NodePageReadOnlyTrx.getPageReference (0x00007f376f40b910) [0x00007f376f40bb80, 0x00007f376f40c3e0] Compiler: c2, Barriers: 15, Oops: 2, ImmediateOops: 1, NonImmediateOops: No
[5,585s][debug  ][gc,nmethod     ] GC(2) O: Unregister NMethod: io.sirix.access.trx.node.json.JsonNodeTrxImpl.insertAsSibling (0x00007f376f2c2e10) [0x00007f376f2c32a0, 0x00007f376f2c4ca8] 
[5,585s][debug  ][gc,nmethod     ] GC(2) O: Unregister NMethod: net.openhft.chronicle.core.io.VanillaReferenceCounted.release (0x00007f374fe9fe10) [0x00007f374fea00e0, 0x00007f374fea0c60] 
[5,585s][debug  ][gc,nmethod     ] GC(2) O: Unregister NMethod: io.sirix.index.path.summary.PathSummaryReader.moveTo (0x00007f374ff90f10) [0x00007f374ff91160, 0x00007f374ff91b90] 
[5,585s][debug  ][gc,nmethod     ] GC(2) O: Unregister NMethod: io.sirix.page.delegates.BitmapReferencesPage.index (0x00007f374fdf5c10) [0x00007f374fdf5e20, 0x00007f374fdf63f0] 
[5,585s][debug  ][gc,nmethod     ] GC(2) O: Unregister NMethod: net.openhft.chronicle.bytes.RandomCommon.readLimit (0x00007f374faf8810) [0x00007f374faf89c0, 0x00007f374faf8ae8] 
[5,585s][debug  ][gc,nmethod     ] GC(2) O: Unregister NMethod: net.openhft.chronicle.core.io.AbstractReferenceCounted.<init> (0x00007f374fe18b90) [0x00007f374fe18f20, 0x00007f374fe1a7f8] 
[5,585s][debug  ][gc,nmethod     ] GC(2) O: Unregister NMethod: java.lang.Integer.numberOfTrailingZeros (0x00007f374ff59810) [0x00007f374ff599c0, 0x00007f374ff59c10] 
[5,585s][debug  ][gc,nmethod     ] GC(2) O: Unregister NMethod: net.openhft.chronicle.bytes.AbstractBytes.writeShort (0x00007f374fb55690) [0x00007f374fb55840, 0x00007f374fb55a98] 
[5,585s][debug  ][gc,nmethod     ] GC(2) O: Unregister NMethod: io.sirix.page.PageReference.<init> (0x00007f374ff36e10) [0x00007f374ff36fe0, 0x00007f374ff37418] 
[5,585s][debug  ][gc,nmethod     ] GC(2) O: Unregister NMethod: io.sirix.access.trx.page.NodePageTrx.prepareRecordForModification (0x00007f376f289b10) [0x00007f376f289da0, 0x00007f376f28a940] 
[5,585s][debug  ][gc,nmethod     ] GC(2) O: Unregister NMethod: net.openhft.chronicle.core.UnsafeMemory.writeByte (0x00007f374fa25d90) [0x00007f374fa25f20, 0x00007f374fa26020] 
[5,585s][debug  ][gc,nmethod     ] GC(2) O: Unregister NMethod: net.openhft.chronicle.bytes.StreamingDataOutput.writeStopBit (0x00007f374fe63590) [0x00007f374fe63740, 0x00007f374fe63880] 
[5,585s][debug  ][gc,nmethod     ] GC(2) O: Unregister NMethod: net.openhft.chronicle.bytes.AbstractBytes.<init> (0x00007f374fadb310) [0x00007f374fadb540, 0x00007f374fadbda8] 
[5,585s][debug  ][gc,nmethod     ] GC(2) O: Unregister NMethod: java.lang.Short.valueOf (0x00007f374ff5ba90) [0x00007f374ff5bc60, 0x00007f374ff5bf98] 
[5,585s][debug  ][gc,nmethod     ] GC(2) O: Unregister NMethod: net.jpountz.lz4.LZ4BlockOutputStream.flush (0x00007f374fdfb910) [0x00007f374fdfbae0, 0x00007f374fdfbdc0] 
[5,585s][debug  ][gc,nmethod     ] GC(2) O: Unregister NMethod: io.sirix.access.trx.node.AbstractNodeReadOnlyTrx.moveTo (0x00007f376f28b190) [0x00007f376f28b420, 0x00007f376f28c1b8] 
[5,585s][debug  ][gc,nmethod     ] GC(2) O: Unregister NMethod: net.openhft.chronicle.bytes.AbstractBytes.readLong (0x00007f374ffa9d90) [0x00007f374ffa9f60, 0x00007f374ffaa2d8] 
[5,585s][debug  ][gc,nmethod     ] GC(2) O: Unregister NMethod: io.sirix.node.NodeKind.serializeStructNodeJsonValueNode (0x00007f374fc15d10) [0x00007f374fc15f00, 0x00007f374fc16180] 
[5,585s][debug  ][gc,nmethod     ] GC(2) O: Unregister NMethod: io.sirix.page.PageKind$1.serializePage (0x00007f376f395a10) [0x00007f376f396660, 0x00007f376f39f710] 
[5,585s][debug  ][gc,nmethod     ] GC(2) O: Unregister NMethod: io.sirix.access.trx.node.json.JsonNodeTrxImpl.nodeReadOnlyTrxDelegate (0x00007f374fafa210) [0x00007f374fafa3c0, 0x00007f374fafa5e8] 
[5,585s][debug  ][gc,nmethod     ] GC(2) O: Unregister NMethod: io.sirix.access.trx.page.NodePageTrx.getRecord (0x00007f376f28ca10) [0x00007f376f28cc40, 0x00007f376f28d4c8] 
[5,585s][debug  ][gc,nmethod     ] GC(2) O: Unregister NMethod: net.openhft.chronicle.bytes.BytesStore.safeLimit (0x00007f374fa2d110) [0x00007f374fa2d2c0, 0x00007f374fa2d478] 
[5,585s][debug  ][gc,nmethod     ] GC(2) O: Unregister NMethod: net.openhft.chronicle.core.io.VanillaReferenceCounted.<init> (0x00007f374faa0290) [0x00007f374faa04a0, 0x00007f374faa0ce0] 
[5,585s][debug  ][gc,nmethod     ] GC(2) O: Unregister NMethod: net.openhft.chronicle.bytes.AbstractBytes.writeInt (0x00007f376f2ecf10) [0x00007f376f2ed100, 0x00007f376f2ed620] 
[5,585s][debug  ][gc,nmethod     ] GC(2) O: Unregister NMethod: net.openhft.chronicle.bytes.NativeBytes.<init> (0x00007f374fbe2610) [0x00007f374fbe27c0, 0x00007f374fbe2930] 
[5,585s][debug  ][gc,nmethod     ] GC(2) O: Unregister NMethod: sun.security.provider.DigestBase.engineUpdate (0x00007f374fe34610) [0x00007f374fe34880, 0x00007f374fe35368] 
[5,585s][debug  ][gc,nmethod     ] GC(2) O: Unregister NMethod: java.lang.Class.cast (0x00007f374fbfe110) [0x00007f374fbfe2e0, 0x00007f374fbfe5a0] 
[5,585s][debug  ][gc,nmethod     ] Register NMethod: io.sirix.page.UberPage.getPageCountExp (0x00007f376f40c990) [0x00007f376f40cb20, 0x00007f376f40cc18] Compiler: c2, Barriers: 0, Oops: 2, ImmediateOops: 3, NonImmediateOops: No
[5,585s][debug  ][gc,nmethod     ] GC(2) O: Unregister NMethod: jdk.internal.misc.Unsafe.putLongUnaligned (0x00007f374fe87a10) [0x00007f374fe87bc0, 0x00007f374fe87dd0] 
[5,585s][debug  ][gc,nmethod     ] GC(2) O: Unregister NMethod: io.sirix.node.NodeKind$26.serialize (0x00007f374fdf1e90) [0x00007f374fdf2060, 0x00007f374fdf22b8] 
[5,585s][debug  ][gc,nmethod     ] GC(2) O: Unregister NMethod: io.sirix.page.PageKind$1.serializePage (0x00007f374ff62c90) [0x00007f374ff63860, 0x00007f374ff6b1d0] 
[5,585s][debug  ][gc,nmethod     ] GC(2) O: Unregister NMethod: net.openhft.chronicle.bytes.AbstractBytes.underlyingObject (0x00007f374fe10310) [0x00007f374fe104c0, 0x00007f374fe106b8] 
[5,585s][debug  ][gc,nmethod     ] GC(2) O: Unregister NMethod: net.openhft.chronicle.bytes.internal.NativeBytesStore.translate (0x00007f374fa62f10) [0x00007f374fa630a0, 0x00007f374fa631a8] 
[5,585s][debug  ][gc,nmethod     ] GC(2) O: Unregister NMethod: io.sirix.page.PageKind$1.serializePage (0x00007f374fe4b290) [0x00007f374fe4be60, 0x00007f374fe53a50] 
[5,585s][debug  ][gc,nmethod     ] GC(2) O: Unregister NMethod: java.util.Objects.checkIndex (0x00007f374fa7bd10) [0x00007f374fa7bea0, 0x00007f374fa7bfd0] 
[5,585s][debug  ][gc,nmethod     ] GC(2) O: Unregister NMethod: net.openhft.chronicle.bytes.internal.BytesInternal.toByteArray (0x00007f376f340e90) [0x00007f376f341080, 0x00007f376f3418a8] 
[5,585s][debug  ][gc,nmethod     ] GC(2) O: Unregister NMethod: java.util.concurrent.atomic.AtomicLong.incrementAndGet (0x00007f374fb55310) [0x00007f374fb554a0, 0x00007f374fb555c0] 
[5,585s][debug  ][gc,nmethod     ] GC(2) O: Unregister NMethod: it.unimi.dsi.fastutil.longs.AbstractLongList.push (0x00007f374fe0a490) [0x00007f374fe0a640, 0x00007f374fe0a790] 
[5,585s][debug  ][gc,nmethod     ] GC(2) O: Unregister NMethod: java.nio.Buffer.checkIndex (0x00007f374fa88e90) [0x00007f374fa89020, 0x00007f374fa89178] 
[5,585s][debug  ][gc,nmethod     ] GC(2) O: Unregister NMethod: io.sirix.page.KeyValueLeafPage.setDeweyId (0x00007f374ff87690) [0x00007f374ff87840, 0x00007f374ff87b10] 
[5,585s][debug  ][gc,nmethod     ] GC(2) O: Unregister NMethod: sun.misc.Unsafe.putInt (0x00007f376f246c90) [0x00007f376f246e00, 0x00007f376f246e98] 
[5,585s][debug  ][gc,nmethod     ] GC(2) O: Unregister NMethod: io.sirix.node.NodeKind$29.serialize (0x00007f374fddff10) [0x00007f374fde00c0, 0x00007f374fde02b8] 
[5,585s][debug  ][gc,nmethod     ] GC(2) O: Unregister NMethod: io.sirix.node.json.ObjectNumberNode.getKind (0x00007f374fe0ae90) [0x00007f374fe0b020, 0x00007f374fe0b130] 
[5,585s][debug  ][gc,nmethod     ] GC(2) O: Unregister NMethod: net.openhft.chronicle.core.io.AbstractReferenceCounted.release (0x00007f374fad8c10) [0x00007f374fad8dc0, 0x00007f374fad8f78] 
[5,585s][debug  ][gc,nmethod     ] GC(2) O: Unregister NMethod: net.openhft.chronicle.bytes.AbstractBytes.readCheckOffset (0x00007f374fa72410) [0x00007f374fa725c0, 0x00007f374fa72708] 
[5,585s][debug  ][gc,nmethod     ] GC(2) O: Unregister NMethod: net.openhft.chronicle.core.io.VanillaReferenceCounted.valueCompareAndSet (0x00007f374fe09e90) [0x00007f374fe0a040, 0x00007f374fe0a210] 
[5,585s][debug  ][gc,nmethod     ] GC(2) O: Unregister NMethod: java.lang.Thread.blockedOn (0x00007f374fe21b90) [0x00007f374fe21d40, 0x00007f374fe22028] 
[5,585s][debug  ][gc,nmethod     ] GC(2) O: Unregister NMethod: sun.nio.cs.StreamDecoder.inReady (0x00007f374ff3e810) [0x00007f374ff3e9e0, 0x00007f374ff3edf8] 
[5,585s][debug  ][gc,nmethod     ] GC(2) O: Unregister NMethod: io.sirix.page.PageKind$1.serializePage (0x00007f376f371a10) [0x00007f376f372480, 0x00007f376f379ad0] 
[5,585s][debug  ][gc,nmethod     ] GC(2) O: Unregister NMethod: java.nio.HeapByteBuffer.byteOffset (0x00007f374fcac210) [0x00007f374fcac3a0, 0x00007f374fcac4a8] 
[5,585s][debug  ][gc,nmethod     ] GC(2) O: Unregister NMethod: io.sirix.node.NodeKind$27.serialize (0x00007f374feb4590) [0x00007f374feb47a0, 0x00007f374feb5070] 
[5,585s][debug  ][gc,nmethod     ] GC(2) O: Unregister NMethod: net.openhft.chronicle.bytes.StreamingDataOutput.appendUtf8 (0x00007f376f29bc10) [0x00007f376f29be40, 0x00007f376f29c840] 
[5,585s][debug  ][gc,nmethod     ] GC(2) O: Unregister NMethod: io.sirix.node.NodeKind.serializeJsonObjectOrArrayStructDelegate (0x00007f374fe3e090) [0x00007f374fe3e3c0, 0x00007f374fe3f7e8] 
[5,586s][debug  ][gc,nmethod     ] GC(2) O: Unregister NMethod: java.util.BitSet.and (0x00007f374fdf4c10) [0x00007f374fdf4e00, 0x00007f374fdf5288] 
[5,586s][debug  ][gc,nmethod     ] GC(2) O: Unregister NMethod: net.openhft.chronicle.core.io.ReferenceCountedTracer.onReleased (0x00007f374fe61310) [0x00007f374fe61500, 0x00007f374fe619a0] 
[5,586s][debug  ][gc,nmethod     ] GC(2) O: Unregister NMethod: io.sirix.node.NodeKind$20.serialize (0x00007f374fa90810) [0x00007f374fa90a80, 0x00007f374fa91598] 
[5,586s][debug  ][gc,nmethod     ] GC(2) O: Unregister NMethod: net.openhft.chronicle.bytes.internal.HeapBytesStore.<init> (0x00007f374feff890) [0x00007f374feffb00, 0x00007f374ff003b8] 
[5,586s][debug  ][gc,nmethod     ] GC(2) O: Unregister NMethod: jdk.internal.misc.Unsafe.putIntUnaligned (0x00007f374fa36d10) [0x00007f374fa36ec0, 0x00007f374fa37100] 
[5,586s][debug  ][gc,nmethod     ] GC(2) O: Unregister NMethod: java.lang.invoke.Invokers$Holder.linkToTargetMethod (0x00007f374fc8f410) [0x00007f374fc8f5c0, 0x00007f374fc8f920] 
[5,586s][debug  ][gc,nmethod     ] GC(2) O: Unregister NMethod: java.nio.channels.spi.AbstractInterruptibleChannel.begin (0x00007f374ff6e410) [0x00007f374ff6e620, 0x00007f374ff6ed90] 
[5,586s][debug  ][gc,nmethod     ] GC(2) O: Unregister NMethod: net.openhft.chronicle.bytes.internal.HeapBytesStore.readLong (0x00007f374fbe1290) [0x00007f374fbe14a0, 0x00007f374fbe1bf0] 
[5,586s][debug  ][gc,nmethod     ] GC(2) O: Unregister NMethod: com.google.gson.stream.JsonReader.fillBuffer (0x00007f374ff62310) [0x00007f374ff62500, 0x00007f374ff62b00] 
[5,586s][debug  ][gc,nmethod     ] GC(2) O: Unregister NMethod: io.sirix.service.json.shredder.JsonShredder.processString (0x00007f374ffb4890) [0x00007f374ffb4a80, 0x00007f374ffb4e30] 
[5,586s][debug  ][gc,nmethod     ] GC(2) O: Unregister NMethod: io.sirix.page.KeyValueLeafPage.clearPage (0x00007f374fe1e510) [0x00007f374fe1e740, 0x00007f374fe1edf0] 
[5,586s][debug  ][gc,nmethod     ] GC(2) O: Unregister NMethod: net.openhft.chronicle.bytes.AbstractBytes.write (0x00007f374fe9d710) [0x00007f374fe9dac0, 0x00007f374fe9ec50] 
[5,586s][debug  ][gc,nmethod     ] GC(2) O: Unregister NMethod: net.openhft.chronicle.bytes.NativeBytes.writeLong (0x00007f376f286590) [0x00007f376f286780, 0x00007f376f286c20] 
[5,586s][debug  ][gc,nmethod     ] GC(2) O: Unregister NMethod: java.util.BitSet.flip (0x00007f374fdf8f90) [0x00007f374fdf91a0, 0x00007f374fdf97d8] 
[5,586s][debug  ][gc,nmethod     ] GC(2) O: Unregister NMethod: io.sirix.access.trx.page.NodePageTrx.getPageContainer (0x00007f376f28db10) [0x00007f376f28dce0, 0x00007f376f28e0a0] 
[5,586s][debug  ][gc,nmethod     ] GC(2) O: Unregister NMethod: net.openhft.chronicle.core.Maths.toUInt31 (0x00007f374fece310) [0x00007f374fece500, 0x00007f374fece888] 
[5,586s][debug  ][gc,nmethod     ] GC(2) O: Unregister NMethod: sun.nio.cs.StreamDecoder.read (0x00007f374ff37990) [0x00007f374ff37c60, 0x00007f374ff38c90] 
[5,586s][debug  ][gc,nmethod     ] GC(2) O: Unregister NMethod: io.sirix.access.trx.node.AbstractNodeHashing.adaptHashesWithAdd (0x00007f374ffb6790) [0x00007f374ffb6960, 0x00007f374ffb6cb8] 
[5,586s][debug  ][gc,nmethod     ] GC(2) O: Unregister NMethod: net.openhft.chronicle.bytes.internal.NativeBytesStore.writeByte (0x00007f374fe0b210) [0x00007f374fe0b3e0, 0x00007f374fe0b778] 
[5,586s][debug  ][gc,nmethod     ] GC(2) O: Unregister NMethod: net.openhft.chronicle.core.UnsafeMemory.copyMemory (0x00007f374fa9a590) [0x00007f374fa9a720, 0x00007f374fa9a850] 
[5,586s][debug  ][gc,nmethod     ] GC(2) O: Unregister NMethod: jdk.internal.util.Preconditions.checkFromIndexSize (0x00007f374fa75090) [0x00007f374fa75240, 0x00007f374fa753f0] 
[5,586s][debug  ][gc,nmethod     ] GC(2) O: Unregister NMethod: net.openhft.chronicle.bytes.NativeBytes.writeByte (0x00007f376f282d90) [0x00007f376f282f80, 0x00007f376f283438] 
[5,586s][debug  ][gc,nmethod     ] GC(2) O: Unregister NMethod: java.lang.invoke.VarHandleByteArrayAsInts$ArrayHandle.get (0x00007f374fb03690) [0x00007f374fb03860, 0x00007f374fb03c58] 
[5,586s][debug  ][gc,nmethod     ] GC(2) O: Unregister NMethod: java.lang.invoke.LambdaForm.uncustomize (0x00007f374fae8410) [0x00007f374fae85e0, 0x00007f374fae8940] 
[5,586s][debug  ][gc,nmethod     ] GC(2) O: Unregister NMethod: net.openhft.chronicle.core.io.ReferenceCountedTracer.throwExceptionIfReleased (0x00007f374fa2b590) [0x00007f374fa2b760, 0x00007f374fa2ba28] 
[5,586s][debug  ][gc,nmethod     ] GC(2) O: Unregister NMethod: net.openhft.chronicle.bytes.RandomCommon.readRemaining (0x00007f374fe02190) [0x00007f374fe02340, 0x00007f374fe025c8] 
[5,586s][debug  ][gc,nmethod     ] GC(2) O: Unregister NMethod: net.openhft.chronicle.core.UnsafeMemory.writeLong (0x00007f374fed8f90) [0x00007f374fed9140, 0x00007f374fed9328] 
[5,586s][debug  ][gc,nmethod     ] GC(2) O: Unregister NMethod: io.sirix.access.trx.page.NodePageReadOnlyTrx.getValue (0x00007f376f278690) [0x00007f376f278820, 0x00007f376f278a40] 
[5,586s][debug  ][gc,nmethod     ] GC(2) O: Unregister NMethod: java.io.OutputStream.flush (0x00007f374fe10f10) [0x00007f374fe110a0, 0x00007f374fe111a0] 
[5,586s][debug  ][gc,nmethod     ] GC(2) O: Unregister NMethod: net.openhft.chronicle.bytes.AbstractBytes.readOffsetPositionMoved (0x00007f374fa31510) [0x00007f374fa31700, 0x00007f374fa31d08] 
[5,586s][debug  ][gc,nmethod     ] GC(2) O: Unregister NMethod: net.jpountz.lz4.LZ4BlockOutputStream.writeIntLE (0x00007f374feba890) [0x00007f374febaa20, 0x00007f374febaba8] 
[5,586s][debug  ][gc,nmethod     ] GC(2) O: Unregister NMethod: io.sirix.access.trx.node.json.JsonNodeTrxImpl.adaptNodesAndHashesForInsertAsChild (0x00007f374ffb6e10) [0x00007f374ffb7060, 0x00007f374ffb7cb0] 
[5,586s][debug  ][gc,nmethod     ] GC(2) O: Unregister NMethod: net.openhft.chronicle.core.UnsafeMemory.copyMemory (0x00007f374fc3f210) [0x00007f374fc3f3c0, 0x00007f374fc3f548] 
[5,586s][debug  ][gc,nmethod     ] GC(2) O: Unregister NMethod: io.sirix.access.trx.node.AbstractResourceSession.getResourceConfig (0x00007f374fe03210) [0x00007f374fe033c0, 0x00007f374fe03670] 
[5,586s][debug  ][gc,nmethod     ] GC(2) O: Unregister NMethod: jdk.internal.misc.Blocker.end (0x00007f374ff84910) [0x00007f374ff84b00, 0x00007f374ff85130] 
[5,586s][debug  ][gc,nmethod     ] GC(2) O: Unregister NMethod: net.openhft.chronicle.bytes.AbstractBytes.clear (0x00007f376f385690) [0x00007f376f385840, 0x00007f376f385a78] 
[5,586s][debug  ][gc,nmethod     ] GC(2) O: Unregister NMethod: net.openhft.chronicle.bytes.internal.NativeBytesStore.writeInt (0x00007f374fa2c910) [0x00007f374fa2cae0, 0x00007f374fa2ce08] 
[5,586s][debug  ][gc,nmethod     ] GC(2) O: Unregister NMethod: it.unimi.dsi.fastutil.shorts.ShortArrayList$1.nextShort (0x00007f374ff5d210) [0x00007f374ff5d3e0, 0x00007f374ff5d760] 
[5,586s][debug  ][gc,nmethod     ] GC(2) O: Unregister NMethod: net.openhft.chronicle.bytes.RandomCommon.writeLimit (0x00007f374fe02a90) [0x00007f374fe02c40, 0x00007f374fe02df8] 
[5,586s][debug  ][gc,nmethod     ] GC(2) O: Unregister NMethod: java.util.ImmutableCollections$ListItr.hasNext (0x00007f374fe39190) [0x00007f374fe39320, 0x00007f374fe39480] 
[5,586s][debug  ][gc,nmethod     ] GC(2) O: Unregister NMethod: java.nio.ByteBuffer.limit (0x00007f374fe04890) [0x00007f374fe04a40, 0x00007f374fe04bf8] 
[5,586s][debug  ][gc,nmethod     ] GC(2) O: Unregister NMethod: jdk.internal.misc.Unsafe.putLongUnaligned (0x00007f376f355790) [0x00007f376f355920, 0x00007f376f3559f0] 
[5,586s][debug  ][gc,nmethod     ] GC(2) O: Unregister NMethod: net.openhft.chronicle.bytes.AbstractBytes.read (0x00007f374fa7db10) [0x00007f374fa7dce0, 0x00007f374fa7def0] 
[5,586s][debug  ][gc,nmethod     ] GC(2) O: Unregister NMethod: net.openhft.chronicle.core.util.Ints.requireNonNegative (0x00007f374fa2ec10) [0x00007f374fa2ee00, 0x00007f374fa2f2f8] 
[5,586s][debug  ][gc,nmethod     ] GC(2) O: Unregister NMethod: net.jpountz.util.SafeUtils.checkRange (0x00007f374fa2d510) [0x00007f374fa2d720, 0x00007f374fa2dcf0] 
[5,586s][debug  ][gc,nmethod     ] GC(2) O: Unregister NMethod: jdk.internal.misc.Unsafe.checkOffset (0x00007f374fa73510) [0x00007f374fa736c0, 0x00007f374fa73938] 
[5,586s][debug  ][gc,nmethod     ] GC(2) O: Unregister NMethod: java.util.BitSet.set (0x00007f374ff50c10) [0x00007f374ff50de0, 0x00007f374ff50fe0] 
[5,586s][debug  ][gc,nmethod     ] GC(2) O: Unregister NMethod: io.sirix.node.delegates.ValueNodeDelegate.getRawValue (0x00007f374fe9f610) [0x00007f374fe9f7c0, 0x00007f374fe9f9c0] 
[5,586s][debug  ][gc,nmethod     ] GC(2) O: Unregister NMethod: net.openhft.chronicle.bytes.NativeBytes.writeCheckOffset (0x00007f374fa27810) [0x00007f374fa27a40, 0x00007f374fa27f78] 
[5,586s][debug  ][gc,nmethod     ] GC(2) O: Unregister NMethod: net.openhft.chronicle.core.io.ReferenceChangeListenerManager.callReferenceChangeListeners (0x00007f374fb59f90) [0x00007f374fb5a180, 0x00007f374fb5a790] 
[5,586s][debug  ][gc,nmethod     ] GC(2) O: Unregister NMethod: io.sirix.page.PageReference.setPageFragments (0x00007f374ffacc90) [0x00007f374fface20, 0x00007f374ffacf98] 
[5,586s][debug  ][gc,nmethod     ] GC(2) O: Unregister NMethod: net.openhft.chronicle.bytes.AbstractBytes.clear (0x00007f374ff88690) [0x00007f374ff88860, 0x00007f374ff88e08] 
[5,586s][debug  ][gc,nmethod     ] GC(2) O: Unregister NMethod: io.sirix.node.NodeSerializerImpl.serialize (0x00007f374fa65a90) [0x00007f374fa65c60, 0x00007f374fa65e58] 
[5,586s][debug  ][gc,nmethod     ] GC(2) O: Unregister NMethod: net.openhft.chronicle.core.UnsafeMemory.writeLong (0x00007f376f291e90) [0x00007f376f292000, 0x00007f376f292098] 
[5,586s][debug  ][gc,nmethod     ] GC(2) O: Unregister NMethod: java.io.ByteArrayOutputStream.write (0x00007f374faf2610) [0x00007f374faf2800, 0x00007f374faf2cd0] 
[5,586s][debug  ][gc,nmethod     ] GC(2) O: Unregister NMethod: net.openhft.chronicle.bytes.AbstractBytes.clear (0x00007f376f29cf90) [0x00007f376f29d120, 0x00007f376f29d2e8] 
[5,586s][debug  ][gc,nmethod     ] GC(2) O: Unregister NMethod: jdk.internal.misc.Unsafe.weakCompareAndSetInt (0x00007f374fc38b10) [0x00007f374fc38ca0, 0x00007f374fc38dc0] 
[5,586s][debug  ][gc,nmethod     ] GC(2) O: Unregister NMethod: io.sirix.access.trx.page.TreeModifierImpl.prepareIndirectPage (0x00007f374ff56290) [0x00007f374ff56560, 0x00007f374ff574f0] 
[5,586s][debug  ][gc,nmethod     ] GC(2) O: Unregister NMethod: java.util.Arrays.copyOf (0x00007f376f32e590) [0x00007f376f32e740, 0x00007f376f32ec40] 
[5,586s][debug  ][gc,nmethod     ] GC(2) O: Unregister NMethod: jdk.internal.misc.Unsafe.getIntUnaligned (0x00007f376f245510) [0x00007f376f245680, 0x00007f376f245728] 
[5,586s][debug  ][gc,nmethod     ] GC(2) O: Unregister NMethod: net.openhft.chronicle.bytes.StreamingDataOutput.write (0x00007f374fab8d10) [0x00007f374fab8ec0, 0x00007f374fab9068] 
[5,586s][debug  ][gc,nmethod     ] GC(2) O: Unregister NMethod: io.sirix.page.PageKind$1.serializePage (0x00007f374fc61590) [0x00007f374fc62180, 0x00007f374fc69ee8] 
[5,586s][debug  ][gc,nmethod     ] GC(2) O: Unregister NMethod: net.openhft.chronicle.bytes.internal.NativeBytesStore.writeLong (0x00007f374fe25990) [0x00007f374fe25b40, 0x00007f374fe25dd0] 
[5,586s][debug  ][gc,nmethod     ] GC(2) O: Unregister NMethod: java.lang.Long.numberOfTrailingZeros (0x00007f374ff59c90) [0x00007f374ff59e40, 0x00007f374ff59ff8] 
[5,586s][debug  ][gc,nmethod     ] GC(2) O: Unregister NMethod: net.openhft.chronicle.bytes.internal.BytesInternal.writeStopBit0 (0x00007f374fa24710) [0x00007f374fa24900, 0x00007f374fa24c90] 
[5,586s][debug  ][gc,nmethod     ] GC(2) O: Unregister NMethod: java.lang.invoke.MethodType.makeImpl (0x00007f374fa53810) [0x00007f374fa53ae0, 0x00007f374fa54938] 
[5,586s][debug  ][gc,nmethod     ] GC(2) O: Unregister NMethod: io.sirix.access.trx.node.json.JsonNodeTrxImpl.insertAsSibling (0x00007f374ffb0110) [0x00007f374ffb0500, 0x00007f374ffb27f0] 
[5,586s][debug  ][gc,nmethod     ] GC(2) O: Unregister NMethod: sun.security.provider.SHA2.implCompress (0x00007f374fe03b90) [0x00007f374fe03d80, 0x00007f374fe041b8] 
[5,586s][debug  ][gc,nmethod     ] GC(2) O: Unregister NMethod: java.lang.Integer.numberOfLeadingZeros (0x00007f374fad3610) [0x00007f374fad37c0, 0x00007f374fad3a80] 
[5,586s][debug  ][gc,nmethod     ] GC(2) O: Unregister NMethod: net.openhft.chronicle.bytes.internal.NativeBytesStore.readByte (0x00007f374ff8a010) [0x00007f374ff8a1e0, 0x00007f374ff8a570] 
[5,586s][debug  ][gc,nmethod     ] GC(2) O: Unregister NMethod: io.sirix.access.trx.page.NodePageTrx.getMostRecentPageContainer (0x00007f374ff95f10) [0x00007f374ff96100, 0x00007f374ff967c8] 
[5,586s][debug  ][gc,nmethod     ] GC(2) O: Unregister NMethod: sun.misc.Unsafe.getByte (0x00007f374fa72090) [0x00007f374fa72220, 0x00007f374fa72330] 
[5,587s][debug  ][gc,nmethod     ] GC(2) O: Unregister NMethod: sun.misc.Unsafe.putByte (0x00007f374fa21c90) [0x00007f374fa21e20, 0x00007f374fa21f28] 
[5,587s][debug  ][gc,nmethod     ] GC(2) O: Unregister NMethod: java.util.HashMap.computeIfAbsent (0x00007f376f298b10) [0x00007f376f298e00, 0x00007f376f29a120] 
[5,587s][debug  ][gc,nmethod     ] GC(2) O: Unregister NMethod: net.openhft.chronicle.core.io.VanillaReferenceCounted.release (0x00007f376f36f510) [0x00007f376f36f720, 0x00007f376f370040] 
[5,587s][debug  ][gc,nmethod     ] GC(2) O: Unregister NMethod: java.nio.ByteBuffer.allocate (0x00007f374feba390) [0x00007f374feba540, 0x00007f374feba750] 
[5,587s][debug  ][gc,nmethod     ] GC(2) O: Unregister NMethod: net.openhft.chronicle.core.UnsafeMemory.copyMemory (0x00007f374fe3be10) [0x00007f374fe3c060, 0x00007f374fe3c6d8] 
[5,587s][debug  ][gc,nmethod     ] GC(2) O: Unregister NMethod: net.openhft.chronicle.core.UnsafeMemory.lambda$new$0 (0x00007f374fe2d910) [0x00007f374fe2dac0, 0x00007f374fe2dbf8] 
[5,587s][debug  ][gc,nmethod     ] GC(2) O: Unregister NMethod: java.util.ImmutableCollections$AbstractImmutableList.iterator (0x00007f374fec8110) [0x00007f374fec82e0, 0x00007f374fec8648] 
[5,587s][debug  ][gc,nmethod     ] GC(2) O: Unregister NMethod: jdk.internal.misc.Unsafe.getIntUnaligned (0x00007f374fb03e10) [0x00007f374fb03fc0, 0x00007f374fb04218] 
[5,587s][debug  ][gc,nmethod     ] GC(2) O: Unregister NMethod: java.util.Arrays.fill (0x00007f376f386010) [0x00007f376f386220, 0x00007f376f3871c8] 
[5,587s][debug  ][gc,nmethod     ] GC(2) O: Unregister NMethod: java.lang.invoke.VarHandleGuards.guard_LI_I (0x00007f374fb06010) [0x00007f374fb06380, 0x00007f374fb07ea8] 
[5,587s][debug  ][gc,nmethod     ] GC(2) O: Unregister NMethod: java.util.LinkedHashMap.linkNodeAtEnd (0x00007f374fae6910) [0x00007f374fae6b00, 0x00007f374fae7160] 
[5,587s][debug  ][gc,nmethod     ] GC(2) O: Unregister NMethod: net.openhft.chronicle.bytes.AbstractBytes.writeInt (0x00007f374fe26990) [0x00007f374fe26b40, 0x00007f374fe26cf0] 
[5,587s][debug  ][gc,nmethod     ] GC(2) O: Unregister NMethod: net.openhft.chronicle.bytes.internal.AbstractBytesStore.canReleaseInBackground (0x00007f374fad8690) [0x00007f374fad8840, 0x00007f374fad89f8] 
[5,587s][debug  ][gc,nmethod     ] GC(2) O: Unregister NMethod: io.sirix.access.trx.node.json.JsonNodeTrxImpl.insertArrayAsRightSibling (0x00007f374ff1a590) [0x00007f374ff1a960, 0x00007f374ff1c690] 
[5,587s][debug  ][gc,nmethod     ] GC(2) O: Unregister NMethod: io.sirix.access.trx.page.NodePageTrx.prepareRecordPage (0x00007f374ffae490) [0x00007f374ffae7a0, 0x00007f374ffafb08] 
[5,587s][debug  ][gc,nmethod     ] GC(2) O: Unregister NMethod: java.io.DataOutputStream.flush (0x00007f374fad6010) [0x00007f374fad61c0, 0x00007f374fad63b8] 
[5,587s][debug  ][gc,nmethod     ] GC(2) O: Unregister NMethod: net.openhft.chronicle.core.UnsafeMemory$$Lambda/0x0000000080304a68.apply (0x00007f374fc9b390) [0x00007f374fc9b540, 0x00007f374fc9b6a0] 
[5,587s][debug  ][gc,nmethod     ] GC(2) O: Unregister NMethod: java.lang.invoke.DirectMethodHandle.internalMemberName (0x00007f374fc22c90) [0x00007f374fc22e40, 0x00007f374fc23038] 
[5,587s][debug  ][gc,nmethod     ] GC(2) O: Unregister NMethod: io.sirix.node.Utils.putVarLong (0x00007f374fa10010) [0x00007f374fa101c0, 0x00007f374fa10300] 
[5,587s][debug  ][gc,nmethod     ] GC(2) O: Unregister NMethod: net.openhft.chronicle.core.UnsafeMemory.readBytes (0x00007f374fa22710) [0x00007f374fa22980, 0x00007f374fa231a0] 
[5,587s][debug  ][gc,nmethod     ] GC(2) O: Unregister NMethod: java.nio.HeapCharBuffer.slice (0x00007f374ff35310) [0x00007f374ff354c0, 0x00007f374ff35780] 
[5,587s][debug  ][gc,nmethod     ] GC(2) O: Unregister NMethod: io.sirix.node.AbstractForwardingNode.getNodeDelegate (0x00007f376f284a10) [0x00007f376f284ba0, 0x00007f376f284c70] 
[5,587s][debug  ][gc,nmethod     ] GC(2) O: Unregister NMethod: com.google.common.base.Preconditions.checkArgument (0x00007f374fbde610) [0x00007f374fbde7c0, 0x00007f374fbde9a8] 
[5,587s][debug  ][gc,nmethod     ] GC(2) O: Unregister NMethod: net.openhft.chronicle.core.UnsafeMemory.copyMemory (0x00007f374fa92f10) [0x00007f374fa930c0, 0x00007f374fa93278] 
[5,587s][debug  ][gc,nmethod     ] GC(2) O: Unregister NMethod: io.sirix.page.KeyValueLeafPage.processEntries (0x00007f376f344d10) [0x00007f376f344f20, 0x00007f376f345670] 
[5,587s][debug  ][gc,nmethod     ] GC(2) O: Unregister NMethod: net.openhft.chronicle.bytes.VanillaBytes.bytesForRead (0x00007f374fdfa910) [0x00007f374fdfab60, 0x00007f374fdfb650] 
[5,587s][debug  ][gc,nmethod     ] GC(2) O: Unregister NMethod: io.sirix.index.path.summary.PathSummaryReader.getStructuralNode (0x00007f374fafaf90) [0x00007f374fafb140, 0x00007f374fafb358] 
[5,587s][debug  ][gc,nmethod     ] GC(2) O: Unregister NMethod: net.openhft.chronicle.core.UnsafeMemory.copyMemoryLoop (0x00007f374fb29590) [0x00007f374fb297a0, 0x00007f374fb2a040] 
[5,587s][debug  ][gc,nmethod     ] GC(2) O: Unregister NMethod: sun.security.provider.DigestBase.implCompressMultiBlock0 (0x00007f374fe61f10) [0x00007f374fe620c0, 0x00007f374fe62350] 
[5,587s][debug  ][gc,nmethod     ] GC(2) O: Unregister NMethod: io.sirix.page.KeyValueLeafPage.clearPage (0x00007f374fe1ef90) [0x00007f374fe1f140, 0x00007f374fe1f278] 
[5,587s][debug  ][gc,nmethod     ] GC(2) O: Unregister NMethod: net.openhft.chronicle.bytes.internal.BytesInternal.writeUtf8 (0x00007f376f2c7c90) [0x00007f376f2c7f00, 0x00007f376f2c8c00] 
[5,587s][debug  ][gc,nmethod     ] GC(2) O: Unregister NMethod: java.util.concurrent.atomic.AtomicInteger.incrementAndGet (0x00007f374feb9390) [0x00007f374feb9520, 0x00007f374feb9638] 
[5,587s][debug  ][gc,nmethod     ] GC(2) O: Unregister NMethod: java.lang.Math.min (0x00007f374fb0a490) [0x00007f374fb0a620, 0x00007f374fb0a750] 
[5,587s][debug  ][gc,nmethod     ] GC(2) O: Unregister NMethod: io.sirix.node.xml.AbstractStructForwardingNode.getLastChildKey (0x00007f376f352f90) [0x00007f376f353120, 0x00007f376f353210] 
[5,587s][debug  ][gc,nmethod     ] GC(2) O: Unregister NMethod: jdk.internal.misc.Unsafe.copyMemory (0x00007f374fa31f10) [0x00007f374fa321e0, 0x00007f374fa32f58] 
[5,587s][debug  ][gc,nmethod     ] GC(2) O: Unregister NMethod: io.sirix.access.trx.page.NodePageReadOnlyTrx.getResourceSession (0x00007f374ff3b710) [0x00007f374ff3b8c0, 0x00007f374ff3bb80] 
[5,587s][debug  ][gc,nmethod     ] GC(2) O: Unregister NMethod: io.sirix.page.PageKind$1.serializePage (0x00007f374ffc1890) [0x00007f374ffc2460, 0x00007f374ffc9dd0] 
[5,587s][debug  ][gc,nmethod     ] GC(2) O: Unregister NMethod: java.lang.StringLatin1.canEncode (0x00007f374feb9010) [0x00007f374feb91a0, 0x00007f374feb92e0] 
[5,587s][debug  ][gc,nmethod     ] GC(2) O: Unregister NMethod: net.openhft.chronicle.core.UnsafeMemory.writeLong (0x00007f374fd83f90) [0x00007f374fd84120, 0x00007f374fd842f0] 
[5,587s][debug  ][gc,nmethod     ] GC(2) O: Unregister NMethod: io.sirix.node.NodeKind.serializeDelegate (0x00007f374fa30a10) [0x00007f374fa30be0, 0x00007f374fa30df8] 
[5,587s][debug  ][gc,nmethod     ] GC(2) O: Unregister NMethod: net.openhft.chronicle.bytes.AbstractBytes.readLimit (0x00007f374fa73110) [0x00007f374fa732a0, 0x00007f374fa73430] 
[5,587s][debug  ][gc,nmethod     ] GC(2) O: Unregister NMethod: java.util.BitSet.toByteArray (0x00007f374faba510) [0x00007f374faba740, 0x00007f374fabafc8] 
[5,587s][debug  ][gc,nmethod     ] GC(2) O: Unregister NMethod: io.sirix.node.json.ArrayNode.getKind (0x00007f374ff3bc90) [0x00007f374ff3be20, 0x00007f374ff3bf88] 
[5,587s][debug  ][gc,nmethod     ] GC(2) O: Unregister NMethod: jdk.internal.misc.Blocker.end (0x00007f376f218f90) [0x00007f376f219100, 0x00007f376f219198] 
[5,587s][debug  ][gc,nmethod     ] GC(2) O: Unregister NMethod: com.google.common.base.Preconditions.checkPositionIndexes (0x00007f374fec7b90) [0x00007f374fec7d60, 0x00007f374fec8008] 
[5,587s][debug  ][gc,nmethod     ] GC(2) O: Unregister NMethod: java.lang.ref.Reference.<init> (0x00007f374fa5db90) [0x00007f374fa5dd40, 0x00007f374fa5dfe0] 
[5,587s][debug  ][gc,nmethod     ] GC(2) O: Unregister NMethod: java.util.AbstractList.<init> (0x00007f374faf7610) [0x00007f374faf77c0, 0x00007f374faf7988] 
[5,587s][debug  ][gc,nmethod     ] GC(2) O: Unregister NMethod: io.sirix.node.xml.AbstractStructForwardingNode.getLastChildKey (0x00007f374fe3b190) [0x00007f374fe3b340, 0x00007f374fe3b520] 
[5,587s][debug  ][gc,nmethod     ] GC(2) O: Unregister NMethod: java.nio.HeapByteBuffer.putLong (0x00007f374fe0e290) [0x00007f374fe0e500, 0x00007f374fe0efb0] 
[5,587s][debug  ][gc,nmethod     ] GC(2) O: Unregister NMethod: net.openhft.chronicle.bytes.AbstractBytes.writeInt (0x00007f374fa2b110) [0x00007f374fa2b2c0, 0x00007f374fa2b470] 
[5,587s][debug  ][gc,nmethod     ] GC(2) O: Unregister NMethod: io.sirix.index.path.summary.PathSummaryReader.moveTo (0x00007f376f2eae90) [0x00007f376f2eb0a0, 0x00007f376f2eb7a8] 
[5,587s][debug  ][gc,nmethod     ] GC(2) O: Unregister NMethod: io.sirix.page.PageReference.setKey (0x00007f374ff35890) [0x00007f374ff35a20, 0x00007f374ff35b30] 
[5,587s][debug  ][gc,nmethod     ] GC(2) O: Unregister NMethod: net.openhft.chronicle.bytes.internal.BytesInternal.failIfBytesOnBytes (0x00007f374fbe0510) [0x00007f374fbe0760, 0x00007f374fbe0fe8] 
[5,587s][debug  ][gc,nmethod     ] GC(2) O: Unregister NMethod: io.sirix.access.trx.node.json.JsonNodeTrxImpl.adaptNodesAndHashesForInsertAsChild (0x00007f376f30b890) [0x00007f376f30bb20, 0x00007f376f30c498] 
[5,587s][debug  ][gc,nmethod     ] GC(2) O: Unregister NMethod: java.util.BitSet.<init> (0x00007f374fa1d690) [0x00007f374fa1d8e0, 0x00007f374fa1e0a0] 
[5,587s][debug  ][gc,nmethod     ] GC(2) O: Unregister NMethod: io.sirix.service.json.shredder.JsonShredder.processString (0x00007f376f2ca590) [0x00007f376f2ca9c0, 0x00007f376f2cc6e8] 
[5,587s][debug  ][gc,nmethod     ] GC(2) O: Unregister NMethod: io.sirix.page.PageKind$1.serializePage (0x00007f374ffcd510) [0x00007f374ffce0e0, 0x00007f374ffd5d10] 
[5,587s][debug  ][gc,nmethod     ] GC(2) O: Unregister NMethod: io.sirix.node.xml.AbstractStructForwardingNode.getChildCount (0x00007f376f34b890) [0x00007f376f34ba20, 0x00007f376f34bb10] 
[5,587s][debug  ][gc,nmethod     ] GC(2) O: Unregister NMethod: io.sirix.node.json.StringNode.getKind (0x00007f374fc2b710) [0x00007f374fc2b8a0, 0x00007f374fc2b9a8] 
[5,587s][debug  ][gc,nmethod     ] GC(2) O: Unregister NMethod: net.openhft.chronicle.bytes.AbstractBytes.readByte (0x00007f374fa24090) [0x00007f374fa24260, 0x00007f374fa245b0] 
[5,587s][debug  ][gc,nmethod     ] GC(2) O: Unregister NMethod: java.io.ByteArrayOutputStream.close (0x00007f374fb4ee10) [0x00007f374fb4efa0, 0x00007f374fb4f0a0] 
[5,588s][debug  ][gc,nmethod     ] GC(2) O: Unregister NMethod: io.sirix.page.KeyValueLeafPage.addReferences (0x00007f374ff16790) [0x00007f374ff169e0, 0x00007f374ff17478] 
[5,588s][debug  ][gc,nmethod     ] GC(2) O: Unregister NMethod: io.sirix.page.PageKind$1.serializePage (0x00007f376f355e10) [0x00007f376f356580, 0x00007f376f35abc0] 
[5,588s][debug  ][gc,nmethod     ] GC(2) O: Unregister NMethod: net.openhft.chronicle.bytes.BytesStore.copyTo (0x00007f374fe15f10) [0x00007f374fe161e0, 0x00007f374fe17150] 
[5,588s][debug  ][gc,nmethod     ] GC(2) O: Unregister NMethod: net.openhft.chronicle.bytes.AbstractBytes.readCheckOffset0 (0x00007f374fa8e510) [0x00007f374fa8e700, 0x00007f374fa8ed30] 
[5,588s][debug  ][gc,nmethod     ] GC(2) O: Unregister NMethod: java.util.BitSet.get (0x00007f374fdf2990) [0x00007f374fdf2be0, 0x00007f374fdf3388] 
[5,588s][debug  ][gc,nmethod     ] GC(2) O: Unregister NMethod: net.openhft.chronicle.bytes.AbstractBytes$UncheckedRandomDataInputHolder.<init> (0x00007f374fdf1310) [0x00007f374fdf14c0, 0x00007f374fdf16f8] 
[5,588s][debug  ][gc,nmethod     ] GC(2) O: Unregister NMethod: io.sirix.cache.PageContainer.getModifiedAsUnorderedKeyValuePage (0x00007f374fbdf990) [0x00007f374fbdfb40, 0x00007f374fbdfd50] 
[5,588s][debug  ][gc,nmethod     ] GC(2) O: Unregister NMethod: net.openhft.chronicle.bytes.internal.BytesInternal.writeStopBit (0x00007f376f2c5f10) [0x00007f376f2c6140, 0x00007f376f2c6788] 
[5,588s][debug  ][gc,nmethod     ] GC(2) O: Unregister NMethod: sun.security.provider.SHA2.implCompress0 (0x00007f374fe8d610) [0x00007f374fe8d880, 0x00007f374fe8e560] 
[5,588s][debug  ][gc,nmethod     ] GC(2) O: Unregister NMethod: io.sirix.index.path.summary.PathSummaryReader.getPathNode (0x00007f374fe31810) [0x00007f374fe319e0, 0x00007f374fe31ea8] 
[5,588s][debug  ][gc,nmethod     ] GC(2) O: Unregister NMethod: sun.misc.Unsafe.putLong (0x00007f374fd83c90) [0x00007f374fd83e20, 0x00007f374fd83f28] 
[5,588s][debug  ][gc,nmethod     ] GC(2) O: Unregister NMethod: io.sirix.page.KeyValueLeafPage.processEntries (0x00007f374fe46d90) [0x00007f374fe47080, 0x00007f374fe48210] 
[5,588s][debug  ][gc,nmethod     ] GC(2) O: Unregister NMethod: io.sirix.page.KeyValueLeafPage.getSlot (0x00007f374ff88290) [0x00007f374ff88440, 0x00007f374ff885d0] 
[5,588s][debug  ][gc,nmethod     ] GC(2) O: Unregister NMethod: net.openhft.chronicle.core.UnsafeMemory.compareAndSwapInt (0x00007f374fe04e90) [0x00007f374fe05040, 0x00007f374fe05308] 
[5,588s][debug  ][gc,nmethod     ] GC(2) O: Unregister NMethod: net.openhft.chronicle.bytes.BytesStore.realCapacity (0x00007f374fb4e610) [0x00007f374fb4e7c0, 0x00007f374fb4e8e8] 
[5,588s][debug  ][gc,nmethod     ] GC(2) O: Unregister NMethod: net.openhft.chronicle.bytes.StreamingDataOutput.rawWriteByte (0x00007f374fb4ea10) [0x00007f374fb4ebc0, 0x00007f374fb4ed78] 
[5,588s][debug  ][gc,nmethod     ] GC(2) O: Unregister NMethod: jdk.internal.misc.Blocker.begin (0x00007f374ffb8690) [0x00007f374ffb88a0, 0x00007f374ffb9100] 
[5,588s][debug  ][gc,nmethod     ] GC(2) O: Unregister NMethod: net.openhft.chronicle.bytes.NativeBytes.writeLong (0x00007f376f287090) [0x00007f376f287280, 0x00007f376f287720] 
[5,588s][debug  ][gc,nmethod     ] GC(2) O: Unregister NMethod: java.util.concurrent.ConcurrentHashMap$Traverser.<init> (0x00007f374faba010) [0x00007f374faba1c0, 0x00007f374faba428] 
[5,588s][debug  ][gc,nmethod     ] GC(2) O: Unregister NMethod: net.openhft.chronicle.bytes.NativeBytes.ensureCapacity (0x00007f374fb7fa10) [0x00007f374fb7fbc0, 0x00007f374fb7fda8] 
[5,588s][debug  ][gc,nmethod     ] GC(2) O: Unregister NMethod: java.util.stream.ReferencePipeline$2$1.accept (0x00007f374fa33510) [0x00007f374fa336e0, 0x00007f374fa33a50] 
[5,588s][debug  ][gc,nmethod     ] GC(2) O: Unregister NMethod: io.sirix.page.delegates.BitmapReferencesPage.getOrCreateReference (0x00007f374fdf5490) [0x00007f374fdf5680, 0x00007f374fdf5ad0] 
[5,588s][debug  ][gc,nmethod     ] GC(2) O: Unregister NMethod: io.sirix.access.trx.page.NodePageTrx.getMostRecentPageContainer (0x00007f376f288210) [0x00007f376f2883e0, 0x00007f376f288980] 
[5,588s][debug  ][gc,nmethod     ] GC(2) O: Unregister NMethod: net.openhft.chronicle.bytes.internal.BytesInternal.appendUtf8Char (0x00007f376f288e90) [0x00007f376f289080, 0x00007f376f2895e0] 
[5,588s][debug  ][gc,nmethod     ] GC(2) O: Unregister NMethod: java.lang.invoke.LambdaForm$MH/0x000000008035c000.invoke (0x00007f374feebe90) [0x00007f374feec060, 0x00007f374feec3e0] 
[5,588s][debug  ][gc,nmethod     ] GC(2) O: Unregister NMethod: jdk.internal.loader.Resource.getBytes (0x00007f374fc98f10) [0x00007f374fc99260, 0x00007f374fc9aa48] 
[5,588s][debug  ][gc,nmethod     ] GC(2) O: Unregister NMethod: java.util.Arrays.fill (0x00007f376f384790) [0x00007f376f384980, 0x00007f376f3852c8] 
[5,588s][debug  ][gc,nmethod     ] GC(2) O: Unregister NMethod: java.util.Arrays.rangeCheck (0x00007f374faa1290) [0x00007f374faa1540, 0x00007f374faa1e60] 
[5,588s][debug  ][gc,nmethod     ] GC(2) O: Unregister NMethod: net.openhft.chronicle.core.util.Longs.requireNonNegative (0x00007f374fa73a10) [0x00007f374fa73c00, 0x00007f374fa74018] 
[5,588s][debug  ][gc,nmethod     ] GC(2) O: Unregister NMethod: it.unimi.dsi.fastutil.longs.AbstractLongList.peekLong (0x00007f374fe0de90) [0x00007f374fe0e040, 0x00007f374fe0e1c0] 
[5,588s][debug  ][gc,nmethod     ] GC(2) O: Unregister NMethod: io.sirix.page.KeyValueLeafPage.getDeweyId (0x00007f374ff87290) [0x00007f374ff87440, 0x00007f374ff875d0] 
[5,588s][debug  ][gc,nmethod     ] GC(2) O: Unregister NMethod: java.util.concurrent.ConcurrentHashMap.computeIfAbsent (0x00007f374fb33790) [0x00007f374fb33c00, 0x00007f374fb36100] 
[5,588s][debug  ][gc,nmethod     ] GC(2) O: Unregister NMethod: java.lang.invoke.DirectMethodHandle$Holder.invokeStatic (0x00007f374feeb790) [0x00007f374feeb960, 0x00007f374feebd28] 
[5,588s][debug  ][gc,nmethod     ] GC(2) O: Unregister NMethod: net.openhft.chronicle.bytes.BytesStore.wrap (0x00007f374fbe3110) [0x00007f374fbe3300, 0x00007f374fbe3790] 
[5,588s][debug  ][gc,nmethod     ] GC(2) O: Unregister NMethod: net.openhft.chronicle.bytes.NativeBytes.wrapWithNativeBytes (0x00007f374fbe2a10) [0x00007f374fbe2be0, 0x00007f374fbe2f80] 
[5,588s][debug  ][gc,nmethod     ] GC(2) O: Unregister NMethod: io.sirix.node.json.BooleanNode.getKind (0x00007f374fa71c90) [0x00007f374fa71e20, 0x00007f374fa71f88] 
[5,588s][debug  ][gc,nmethod     ] GC(2) O: Unregister NMethod: java.nio.HeapByteBuffer.put (0x00007f374fbdf290) [0x00007f374fbdf460, 0x00007f374fbdf7b8] 
[5,588s][debug  ][gc,nmethod     ] GC(2) O: Unregister NMethod: com.google.gson.stream.JsonReader.readEscapeCharacter (0x00007f374ffb9c90) [0x00007f374ffba140, 0x00007f374ffbbeb0] 
[5,588s][debug  ][gc,nmethod     ] GC(2) O: Unregister NMethod: io.sirix.service.json.shredder.JsonShredder.insertArray (0x00007f376f31ba10) [0x00007f376f31be40, 0x00007f376f31d8b8] 
[5,588s][debug  ][gc,phases      ] GC(2) O: Concurrent Classes Unlink 5,507ms
[5,589s][debug  ][gc,phases,start] GC(2) O: Concurrent Classes Purge
[5,589s][debug  ][gc,nmethod     ] GC(2) O: Purge NMethod: io.sirix.service.json.shredder.JsonShredder.insertArray (0x00007f376f31ba10) [0x00007f376f31be40, 0x00007f376f31d8b8] 
[5,589s][debug  ][gc,nmethod     ] GC(2) O: Purge NMethod: com.google.gson.stream.JsonReader.readEscapeCharacter (0x00007f374ffb9c90) [0x00007f374ffba140, 0x00007f374ffbbeb0] 
[5,589s][debug  ][gc,nmethod     ] GC(2) O: Purge NMethod: java.nio.HeapByteBuffer.put (0x00007f374fbdf290) [0x00007f374fbdf460, 0x00007f374fbdf7b8] 
[5,589s][debug  ][gc,nmethod     ] GC(2) O: Purge NMethod: io.sirix.node.json.BooleanNode.getKind (0x00007f374fa71c90) [0x00007f374fa71e20, 0x00007f374fa71f88] 
[5,589s][debug  ][gc,nmethod     ] GC(2) O: Purge NMethod: net.openhft.chronicle.bytes.NativeBytes.wrapWithNativeBytes (0x00007f374fbe2a10) [0x00007f374fbe2be0, 0x00007f374fbe2f80] 
[5,589s][debug  ][gc,nmethod     ] GC(2) O: Purge NMethod: net.openhft.chronicle.bytes.BytesStore.wrap (0x00007f374fbe3110) [0x00007f374fbe3300, 0x00007f374fbe3790] 
[5,589s][debug  ][gc,nmethod     ] GC(2) O: Purge NMethod: java.lang.invoke.DirectMethodHandle$Holder.invokeStatic (0x00007f374feeb790) [0x00007f374feeb960, 0x00007f374feebd28] 
[5,589s][debug  ][gc,nmethod     ] GC(2) O: Purge NMethod: java.util.concurrent.ConcurrentHashMap.computeIfAbsent (0x00007f374fb33790) [0x00007f374fb33c00, 0x00007f374fb36100] 
[5,589s][debug  ][gc,nmethod     ] GC(2) O: Purge NMethod: io.sirix.page.KeyValueLeafPage.getDeweyId (0x00007f374ff87290) [0x00007f374ff87440, 0x00007f374ff875d0] 
[5,589s][debug  ][gc,nmethod     ] GC(2) O: Purge NMethod: it.unimi.dsi.fastutil.longs.AbstractLongList.peekLong (0x00007f374fe0de90) [0x00007f374fe0e040, 0x00007f374fe0e1c0] 
[5,589s][debug  ][gc,nmethod     ] GC(2) O: Purge NMethod: net.openhft.chronicle.core.util.Longs.requireNonNegative (0x00007f374fa73a10) [0x00007f374fa73c00, 0x00007f374fa74018] 
[5,589s][debug  ][gc,nmethod     ] GC(2) O: Purge NMethod: java.util.Arrays.rangeCheck (0x00007f374faa1290) [0x00007f374faa1540, 0x00007f374faa1e60] 
[5,589s][debug  ][gc,nmethod     ] GC(2) O: Purge NMethod: java.util.Arrays.fill (0x00007f376f384790) [0x00007f376f384980, 0x00007f376f3852c8] 
[5,589s][debug  ][gc,nmethod     ] GC(2) O: Purge NMethod: jdk.internal.loader.Resource.getBytes (0x00007f374fc98f10) [0x00007f374fc99260, 0x00007f374fc9aa48] 
[5,589s][debug  ][gc,nmethod     ] GC(2) O: Purge NMethod: java.lang.invoke.LambdaForm$MH/0x000000008035c000.invoke (0x00007f374feebe90) [0x00007f374feec060, 0x00007f374feec3e0] 
[5,589s][debug  ][gc,nmethod     ] GC(2) O: Purge NMethod: net.openhft.chronicle.bytes.internal.BytesInternal.appendUtf8Char (0x00007f376f288e90) [0x00007f376f289080, 0x00007f376f2895e0] 
[5,589s][debug  ][gc,nmethod     ] GC(2) O: Purge NMethod: io.sirix.access.trx.page.NodePageTrx.getMostRecentPageContainer (0x00007f376f288210) [0x00007f376f2883e0, 0x00007f376f288980] 
[5,589s][debug  ][gc,nmethod     ] GC(2) O: Purge NMethod: io.sirix.page.delegates.BitmapReferencesPage.getOrCreateReference (0x00007f374fdf5490) [0x00007f374fdf5680, 0x00007f374fdf5ad0] 
[5,589s][debug  ][gc,nmethod     ] GC(2) O: Purge NMethod: java.util.stream.ReferencePipeline$2$1.accept (0x00007f374fa33510) [0x00007f374fa336e0, 0x00007f374fa33a50] 
[5,589s][debug  ][gc,nmethod     ] GC(2) O: Purge NMethod: net.openhft.chronicle.bytes.NativeBytes.ensureCapacity (0x00007f374fb7fa10) [0x00007f374fb7fbc0, 0x00007f374fb7fda8] 
[5,589s][debug  ][gc,nmethod     ] GC(2) O: Purge NMethod: java.util.concurrent.ConcurrentHashMap$Traverser.<init> (0x00007f374faba010) [0x00007f374faba1c0, 0x00007f374faba428] 
[5,589s][debug  ][gc,nmethod     ] GC(2) O: Purge NMethod: net.openhft.chronicle.bytes.NativeBytes.writeLong (0x00007f376f287090) [0x00007f376f287280, 0x00007f376f287720] 
[5,589s][debug  ][gc,nmethod     ] GC(2) O: Purge NMethod: jdk.internal.misc.Blocker.begin (0x00007f374ffb8690) [0x00007f374ffb88a0, 0x00007f374ffb9100] 
[5,589s][debug  ][gc,nmethod     ] GC(2) O: Purge NMethod: net.openhft.chronicle.bytes.StreamingDataOutput.rawWriteByte (0x00007f374fb4ea10) [0x00007f374fb4ebc0, 0x00007f374fb4ed78] 
[5,589s][debug  ][gc,nmethod     ] GC(2) O: Purge NMethod: net.openhft.chronicle.bytes.BytesStore.realCapacity (0x00007f374fb4e610) [0x00007f374fb4e7c0, 0x00007f374fb4e8e8] 
[5,589s][debug  ][gc,nmethod     ] GC(2) O: Purge NMethod: net.openhft.chronicle.core.UnsafeMemory.compareAndSwapInt (0x00007f374fe04e90) [0x00007f374fe05040, 0x00007f374fe05308] 
[5,589s][debug  ][gc,nmethod     ] GC(2) O: Purge NMethod: io.sirix.page.KeyValueLeafPage.getSlot (0x00007f374ff88290) [0x00007f374ff88440, 0x00007f374ff885d0] 
[5,589s][debug  ][gc,nmethod     ] GC(2) O: Purge NMethod: io.sirix.page.KeyValueLeafPage.processEntries (0x00007f374fe46d90) [0x00007f374fe47080, 0x00007f374fe48210] 
[5,589s][debug  ][gc,nmethod     ] GC(2) O: Purge NMethod: sun.misc.Unsafe.putLong (0x00007f374fd83c90) [0x00007f374fd83e20, 0x00007f374fd83f28] 
[5,589s][debug  ][gc,nmethod     ] GC(2) O: Purge NMethod: io.sirix.index.path.summary.PathSummaryReader.getPathNode (0x00007f374fe31810) [0x00007f374fe319e0, 0x00007f374fe31ea8] 
[5,589s][debug  ][gc,nmethod     ] GC(2) O: Purge NMethod: sun.security.provider.SHA2.implCompress0 (0x00007f374fe8d610) [0x00007f374fe8d880, 0x00007f374fe8e560] 
[5,589s][debug  ][gc,nmethod     ] GC(2) O: Purge NMethod: net.openhft.chronicle.bytes.internal.BytesInternal.writeStopBit (0x00007f376f2c5f10) [0x00007f376f2c6140, 0x00007f376f2c6788] 
[5,589s][debug  ][gc,nmethod     ] GC(2) O: Purge NMethod: io.sirix.cache.PageContainer.getModifiedAsUnorderedKeyValuePage (0x00007f374fbdf990) [0x00007f374fbdfb40, 0x00007f374fbdfd50] 
[5,589s][debug  ][gc,nmethod     ] GC(2) O: Purge NMethod: net.openhft.chronicle.bytes.AbstractBytes$UncheckedRandomDataInputHolder.<init> (0x00007f374fdf1310) [0x00007f374fdf14c0, 0x00007f374fdf16f8] 
[5,589s][debug  ][gc,nmethod     ] GC(2) O: Purge NMethod: java.util.BitSet.get (0x00007f374fdf2990) [0x00007f374fdf2be0, 0x00007f374fdf3388] 
[5,589s][debug  ][gc,nmethod     ] GC(2) O: Purge NMethod: net.openhft.chronicle.bytes.AbstractBytes.readCheckOffset0 (0x00007f374fa8e510) [0x00007f374fa8e700, 0x00007f374fa8ed30] 
[5,589s][debug  ][gc,nmethod     ] GC(2) O: Purge NMethod: net.openhft.chronicle.bytes.BytesStore.copyTo (0x00007f374fe15f10) [0x00007f374fe161e0, 0x00007f374fe17150] 
[5,589s][debug  ][gc,nmethod     ] GC(2) O: Purge NMethod: io.sirix.page.PageKind$1.serializePage (0x00007f376f355e10) [0x00007f376f356580, 0x00007f376f35abc0] 
[5,589s][debug  ][gc,nmethod     ] GC(2) O: Purge NMethod: io.sirix.page.KeyValueLeafPage.addReferences (0x00007f374ff16790) [0x00007f374ff169e0, 0x00007f374ff17478] 
[5,589s][debug  ][gc,nmethod     ] GC(2) O: Purge NMethod: java.io.ByteArrayOutputStream.close (0x00007f374fb4ee10) [0x00007f374fb4efa0, 0x00007f374fb4f0a0] 
[5,589s][debug  ][gc,nmethod     ] GC(2) O: Purge NMethod: net.openhft.chronicle.bytes.AbstractBytes.readByte (0x00007f374fa24090) [0x00007f374fa24260, 0x00007f374fa245b0] 
[5,589s][debug  ][gc,nmethod     ] GC(2) O: Purge NMethod: io.sirix.node.json.StringNode.getKind (0x00007f374fc2b710) [0x00007f374fc2b8a0, 0x00007f374fc2b9a8] 
[5,589s][debug  ][gc,nmethod     ] GC(2) O: Purge NMethod: io.sirix.node.xml.AbstractStructForwardingNode.getChildCount (0x00007f376f34b890) [0x00007f376f34ba20, 0x00007f376f34bb10] 
[5,589s][debug  ][gc,nmethod     ] GC(2) O: Purge NMethod: io.sirix.page.PageKind$1.serializePage (0x00007f374ffcd510) [0x00007f374ffce0e0, 0x00007f374ffd5d10] 
[5,589s][debug  ][gc,nmethod     ] GC(2) O: Purge NMethod: io.sirix.service.json.shredder.JsonShredder.processString (0x00007f376f2ca590) [0x00007f376f2ca9c0, 0x00007f376f2cc6e8] 
[5,589s][debug  ][gc,nmethod     ] GC(2) O: Purge NMethod: java.util.BitSet.<init> (0x00007f374fa1d690) [0x00007f374fa1d8e0, 0x00007f374fa1e0a0] 
[5,589s][debug  ][gc,nmethod     ] GC(2) O: Purge NMethod: io.sirix.access.trx.node.json.JsonNodeTrxImpl.adaptNodesAndHashesForInsertAsChild (0x00007f376f30b890) [0x00007f376f30bb20, 0x00007f376f30c498] 
[5,589s][debug  ][gc,nmethod     ] GC(2) O: Purge NMethod: net.openhft.chronicle.bytes.internal.BytesInternal.failIfBytesOnBytes (0x00007f374fbe0510) [0x00007f374fbe0760, 0x00007f374fbe0fe8] 
[5,589s][debug  ][gc,nmethod     ] GC(2) O: Purge NMethod: io.sirix.page.PageReference.setKey (0x00007f374ff35890) [0x00007f374ff35a20, 0x00007f374ff35b30] 
[5,589s][debug  ][gc,nmethod     ] GC(2) O: Purge NMethod: io.sirix.index.path.summary.PathSummaryReader.moveTo (0x00007f376f2eae90) [0x00007f376f2eb0a0, 0x00007f376f2eb7a8] 
[5,589s][debug  ][gc,nmethod     ] GC(2) O: Purge NMethod: net.openhft.chronicle.bytes.AbstractBytes.writeInt (0x00007f374fa2b110) [0x00007f374fa2b2c0, 0x00007f374fa2b470] 
[5,589s][debug  ][gc,nmethod     ] GC(2) O: Purge NMethod: java.nio.HeapByteBuffer.putLong (0x00007f374fe0e290) [0x00007f374fe0e500, 0x00007f374fe0efb0] 
[5,589s][debug  ][gc,nmethod     ] GC(2) O: Purge NMethod: io.sirix.node.xml.AbstractStructForwardingNode.getLastChildKey (0x00007f374fe3b190) [0x00007f374fe3b340, 0x00007f374fe3b520] 
[5,589s][debug  ][gc,nmethod     ] GC(2) O: Purge NMethod: java.util.AbstractList.<init> (0x00007f374faf7610) [0x00007f374faf77c0, 0x00007f374faf7988] 
[5,589s][debug  ][gc,nmethod     ] GC(2) O: Purge NMethod: java.lang.ref.Reference.<init> (0x00007f374fa5db90) [0x00007f374fa5dd40, 0x00007f374fa5dfe0] 
[5,589s][debug  ][gc,nmethod     ] GC(2) O: Purge NMethod: com.google.common.base.Preconditions.checkPositionIndexes (0x00007f374fec7b90) [0x00007f374fec7d60, 0x00007f374fec8008] 
[5,589s][debug  ][gc,nmethod     ] GC(2) O: Purge NMethod: jdk.internal.misc.Blocker.end (0x00007f376f218f90) [0x00007f376f219100, 0x00007f376f219198] 
[5,589s][debug  ][gc,nmethod     ] GC(2) O: Purge NMethod: io.sirix.node.json.ArrayNode.getKind (0x00007f374ff3bc90) [0x00007f374ff3be20, 0x00007f374ff3bf88] 
[5,589s][debug  ][gc,nmethod     ] GC(2) O: Purge NMethod: java.util.BitSet.toByteArray (0x00007f374faba510) [0x00007f374faba740, 0x00007f374fabafc8] 
[5,589s][debug  ][gc,nmethod     ] GC(2) O: Purge NMethod: net.openhft.chronicle.bytes.AbstractBytes.readLimit (0x00007f374fa73110) [0x00007f374fa732a0, 0x00007f374fa73430] 
[5,589s][debug  ][gc,nmethod     ] GC(2) O: Purge NMethod: io.sirix.node.NodeKind.serializeDelegate (0x00007f374fa30a10) [0x00007f374fa30be0, 0x00007f374fa30df8] 
[5,589s][debug  ][gc,nmethod     ] GC(2) O: Purge NMethod: net.openhft.chronicle.core.UnsafeMemory.writeLong (0x00007f374fd83f90) [0x00007f374fd84120, 0x00007f374fd842f0] 
[5,589s][debug  ][gc,nmethod     ] GC(2) O: Purge NMethod: java.lang.StringLatin1.canEncode (0x00007f374feb9010) [0x00007f374feb91a0, 0x00007f374feb92e0] 
[5,589s][debug  ][gc,nmethod     ] GC(2) O: Purge NMethod: io.sirix.page.PageKind$1.serializePage (0x00007f374ffc1890) [0x00007f374ffc2460, 0x00007f374ffc9dd0] 
[5,589s][debug  ][gc,nmethod     ] GC(2) O: Purge NMethod: io.sirix.access.trx.page.NodePageReadOnlyTrx.getResourceSession (0x00007f374ff3b710) [0x00007f374ff3b8c0, 0x00007f374ff3bb80] 
[5,589s][debug  ][gc,nmethod     ] GC(2) O: Purge NMethod: jdk.internal.misc.Unsafe.copyMemory (0x00007f374fa31f10) [0x00007f374fa321e0, 0x00007f374fa32f58] 
[5,589s][debug  ][gc,nmethod     ] GC(2) O: Purge NMethod: io.sirix.node.xml.AbstractStructForwardingNode.getLastChildKey (0x00007f376f352f90) [0x00007f376f353120, 0x00007f376f353210] 
[5,589s][debug  ][gc,nmethod     ] GC(2) O: Purge NMethod: java.lang.Math.min (0x00007f374fb0a490) [0x00007f374fb0a620, 0x00007f374fb0a750] 
[5,589s][debug  ][gc,nmethod     ] GC(2) O: Purge NMethod: java.util.concurrent.atomic.AtomicInteger.incrementAndGet (0x00007f374feb9390) [0x00007f374feb9520, 0x00007f374feb9638] 
[5,589s][debug  ][gc,nmethod     ] GC(2) O: Purge NMethod: net.openhft.chronicle.bytes.internal.BytesInternal.writeUtf8 (0x00007f376f2c7c90) [0x00007f376f2c7f00, 0x00007f376f2c8c00] 
[5,589s][debug  ][gc,nmethod     ] GC(2) O: Purge NMethod: io.sirix.page.KeyValueLeafPage.clearPage (0x00007f374fe1ef90) [0x00007f374fe1f140, 0x00007f374fe1f278] 
[5,589s][debug  ][gc,nmethod     ] GC(2) O: Purge NMethod: sun.security.provider.DigestBase.implCompressMultiBlock0 (0x00007f374fe61f10) [0x00007f374fe620c0, 0x00007f374fe62350] 
[5,589s][debug  ][gc,nmethod     ] GC(2) O: Purge NMethod: net.openhft.chronicle.core.UnsafeMemory.copyMemoryLoop (0x00007f374fb29590) [0x00007f374fb297a0, 0x00007f374fb2a040] 
[5,589s][debug  ][gc,nmethod     ] GC(2) O: Purge NMethod: io.sirix.index.path.summary.PathSummaryReader.getStructuralNode (0x00007f374fafaf90) [0x00007f374fafb140, 0x00007f374fafb358] 
[5,589s][debug  ][gc,nmethod     ] GC(2) O: Purge NMethod: net.openhft.chronicle.bytes.VanillaBytes.bytesForRead (0x00007f374fdfa910) [0x00007f374fdfab60, 0x00007f374fdfb650] 
[5,589s][debug  ][gc,nmethod     ] GC(2) O: Purge NMethod: io.sirix.page.KeyValueLeafPage.processEntries (0x00007f376f344d10) [0x00007f376f344f20, 0x00007f376f345670] 
[5,589s][debug  ][gc,nmethod     ] GC(2) O: Purge NMethod: net.openhft.chronicle.core.UnsafeMemory.copyMemory (0x00007f374fa92f10) [0x00007f374fa930c0, 0x00007f374fa93278] 
[5,589s][debug  ][gc,nmethod     ] GC(2) O: Purge NMethod: com.google.common.base.Preconditions.checkArgument (0x00007f374fbde610) [0x00007f374fbde7c0, 0x00007f374fbde9a8] 
[5,589s][debug  ][gc,nmethod     ] GC(2) O: Purge NMethod: io.sirix.node.AbstractForwardingNode.getNodeDelegate (0x00007f376f284a10) [0x00007f376f284ba0, 0x00007f376f284c70] 
[5,589s][debug  ][gc,nmethod     ] GC(2) O: Purge NMethod: java.nio.HeapCharBuffer.slice (0x00007f374ff35310) [0x00007f374ff354c0, 0x00007f374ff35780] 
[5,589s][debug  ][gc,nmethod     ] GC(2) O: Purge NMethod: net.openhft.chronicle.core.UnsafeMemory.readBytes (0x00007f374fa22710) [0x00007f374fa22980, 0x00007f374fa231a0] 
[5,589s][debug  ][gc,nmethod     ] GC(2) O: Purge NMethod: io.sirix.node.Utils.putVarLong (0x00007f374fa10010) [0x00007f374fa101c0, 0x00007f374fa10300] 
[5,589s][debug  ][gc,nmethod     ] GC(2) O: Purge NMethod: java.lang.invoke.DirectMethodHandle.internalMemberName (0x00007f374fc22c90) [0x00007f374fc22e40, 0x00007f374fc23038] 
[5,589s][debug  ][gc,nmethod     ] GC(2) O: Purge NMethod: net.openhft.chronicle.core.UnsafeMemory$$Lambda/0x0000000080304a68.apply (0x00007f374fc9b390) [0x00007f374fc9b540, 0x00007f374fc9b6a0] 
[5,589s][debug  ][gc,nmethod     ] GC(2) O: Purge NMethod: java.io.DataOutputStream.flush (0x00007f374fad6010) [0x00007f374fad61c0, 0x00007f374fad63b8] 
[5,589s][debug  ][gc,nmethod     ] GC(2) O: Purge NMethod: io.sirix.access.trx.page.NodePageTrx.prepareRecordPage (0x00007f374ffae490) [0x00007f374ffae7a0, 0x00007f374ffafb08] 
[5,589s][debug  ][gc,nmethod     ] GC(2) O: Purge NMethod: io.sirix.access.trx.node.json.JsonNodeTrxImpl.insertArrayAsRightSibling (0x00007f374ff1a590) [0x00007f374ff1a960, 0x00007f374ff1c690] 
[5,589s][debug  ][gc,nmethod     ] GC(2) O: Purge NMethod: net.openhft.chronicle.bytes.internal.AbstractBytesStore.canReleaseInBackground (0x00007f374fad8690) [0x00007f374fad8840, 0x00007f374fad89f8] 
[5,589s][debug  ][gc,nmethod     ] GC(2) O: Purge NMethod: net.openhft.chronicle.bytes.AbstractBytes.writeInt (0x00007f374fe26990) [0x00007f374fe26b40, 0x00007f374fe26cf0] 
[5,589s][debug  ][gc,nmethod     ] GC(2) O: Purge NMethod: java.util.LinkedHashMap.linkNodeAtEnd (0x00007f374fae6910) [0x00007f374fae6b00, 0x00007f374fae7160] 
[5,589s][debug  ][gc,nmethod     ] GC(2) O: Purge NMethod: java.lang.invoke.VarHandleGuards.guard_LI_I (0x00007f374fb06010) [0x00007f374fb06380, 0x00007f374fb07ea8] 
[5,589s][debug  ][gc,nmethod     ] GC(2) O: Purge NMethod: java.util.Arrays.fill (0x00007f376f386010) [0x00007f376f386220, 0x00007f376f3871c8] 
[5,589s][debug  ][gc,nmethod     ] GC(2) O: Purge NMethod: jdk.internal.misc.Unsafe.getIntUnaligned (0x00007f374fb03e10) [0x00007f374fb03fc0, 0x00007f374fb04218] 
[5,589s][debug  ][gc,nmethod     ] GC(2) O: Purge NMethod: java.util.ImmutableCollections$AbstractImmutableList.iterator (0x00007f374fec8110) [0x00007f374fec82e0, 0x00007f374fec8648] 
[5,589s][debug  ][gc,nmethod     ] GC(2) O: Purge NMethod: net.openhft.chronicle.core.UnsafeMemory.lambda$new$0 (0x00007f374fe2d910) [0x00007f374fe2dac0, 0x00007f374fe2dbf8] 
[5,589s][debug  ][gc,nmethod     ] GC(2) O: Purge NMethod: net.openhft.chronicle.core.UnsafeMemory.copyMemory (0x00007f374fe3be10) [0x00007f374fe3c060, 0x00007f374fe3c6d8] 
[5,589s][debug  ][gc,nmethod     ] GC(2) O: Purge NMethod: java.nio.ByteBuffer.allocate (0x00007f374feba390) [0x00007f374feba540, 0x00007f374feba750] 
[5,589s][debug  ][gc,nmethod     ] GC(2) O: Purge NMethod: net.openhft.chronicle.core.io.VanillaReferenceCounted.release (0x00007f376f36f510) [0x00007f376f36f720, 0x00007f376f370040] 
[5,589s][debug  ][gc,nmethod     ] GC(2) O: Purge NMethod: java.util.HashMap.computeIfAbsent (0x00007f376f298b10) [0x00007f376f298e00, 0x00007f376f29a120] 
[5,589s][debug  ][gc,nmethod     ] GC(2) O: Purge NMethod: sun.misc.Unsafe.putByte (0x00007f374fa21c90) [0x00007f374fa21e20, 0x00007f374fa21f28] 
[5,589s][debug  ][gc,nmethod     ] GC(2) O: Purge NMethod: sun.misc.Unsafe.getByte (0x00007f374fa72090) [0x00007f374fa72220, 0x00007f374fa72330] 
[5,589s][debug  ][gc,nmethod     ] GC(2) O: Purge NMethod: io.sirix.access.trx.page.NodePageTrx.getMostRecentPageContainer (0x00007f374ff95f10) [0x00007f374ff96100, 0x00007f374ff967c8] 
[5,589s][debug  ][gc,nmethod     ] GC(2) O: Purge NMethod: net.openhft.chronicle.bytes.internal.NativeBytesStore.readByte (0x00007f374ff8a010) [0x00007f374ff8a1e0, 0x00007f374ff8a570] 
[5,589s][debug  ][gc,nmethod     ] GC(2) O: Purge NMethod: java.lang.Integer.numberOfLeadingZeros (0x00007f374fad3610) [0x00007f374fad37c0, 0x00007f374fad3a80] 
[5,589s][debug  ][gc,nmethod     ] GC(2) O: Purge NMethod: sun.security.provider.SHA2.implCompress (0x00007f374fe03b90) [0x00007f374fe03d80, 0x00007f374fe041b8] 
[5,589s][debug  ][gc,nmethod     ] GC(2) O: Purge NMethod: io.sirix.access.trx.node.json.JsonNodeTrxImpl.insertAsSibling (0x00007f374ffb0110) [0x00007f374ffb0500, 0x00007f374ffb27f0] 
[5,589s][debug  ][gc,nmethod     ] GC(2) O: Purge NMethod: java.lang.invoke.MethodType.makeImpl (0x00007f374fa53810) [0x00007f374fa53ae0, 0x00007f374fa54938] 
[5,589s][debug  ][gc,nmethod     ] GC(2) O: Purge NMethod: net.openhft.chronicle.bytes.internal.BytesInternal.writeStopBit0 (0x00007f374fa24710) [0x00007f374fa24900, 0x00007f374fa24c90] 
[5,589s][debug  ][gc,nmethod     ] GC(2) O: Purge NMethod: java.lang.Long.numberOfTrailingZeros (0x00007f374ff59c90) [0x00007f374ff59e40, 0x00007f374ff59ff8] 
[5,589s][debug  ][gc,nmethod     ] GC(2) O: Purge NMethod: net.openhft.chronicle.bytes.internal.NativeBytesStore.writeLong (0x00007f374fe25990) [0x00007f374fe25b40, 0x00007f374fe25dd0] 
[5,589s][debug  ][gc,nmethod     ] GC(2) O: Purge NMethod: io.sirix.page.PageKind$1.serializePage (0x00007f374fc61590) [0x00007f374fc62180, 0x00007f374fc69ee8] 
[5,589s][debug  ][gc,nmethod     ] GC(2) O: Purge NMethod: net.openhft.chronicle.bytes.StreamingDataOutput.write (0x00007f374fab8d10) [0x00007f374fab8ec0, 0x00007f374fab9068] 
[5,589s][debug  ][gc,nmethod     ] GC(2) O: Purge NMethod: jdk.internal.misc.Unsafe.getIntUnaligned (0x00007f376f245510) [0x00007f376f245680, 0x00007f376f245728] 
[5,589s][debug  ][gc,nmethod     ] GC(2) O: Purge NMethod: java.util.Arrays.copyOf (0x00007f376f32e590) [0x00007f376f32e740, 0x00007f376f32ec40] 
[5,589s][debug  ][gc,nmethod     ] GC(2) O: Purge NMethod: io.sirix.access.trx.page.TreeModifierImpl.prepareIndirectPage (0x00007f374ff56290) [0x00007f374ff56560, 0x00007f374ff574f0] 
[5,589s][debug  ][gc,nmethod     ] GC(2) O: Purge NMethod: jdk.internal.misc.Unsafe.weakCompareAndSetInt (0x00007f374fc38b10) [0x00007f374fc38ca0, 0x00007f374fc38dc0] 
[5,589s][debug  ][gc,nmethod     ] GC(2) O: Purge NMethod: net.openhft.chronicle.bytes.AbstractBytes.clear (0x00007f376f29cf90) [0x00007f376f29d120, 0x00007f376f29d2e8] 
[5,589s][debug  ][gc,nmethod     ] GC(2) O: Purge NMethod: java.io.ByteArrayOutputStream.write (0x00007f374faf2610) [0x00007f374faf2800, 0x00007f374faf2cd0] 
[5,589s][debug  ][gc,nmethod     ] GC(2) O: Purge NMethod: net.openhft.chronicle.core.UnsafeMemory.writeLong (0x00007f376f291e90) [0x00007f376f292000, 0x00007f376f292098] 
[5,589s][debug  ][gc,nmethod     ] GC(2) O: Purge NMethod: io.sirix.node.NodeSerializerImpl.serialize (0x00007f374fa65a90) [0x00007f374fa65c60, 0x00007f374fa65e58] 
[5,589s][debug  ][gc,nmethod     ] GC(2) O: Purge NMethod: net.openhft.chronicle.bytes.AbstractBytes.clear (0x00007f374ff88690) [0x00007f374ff88860, 0x00007f374ff88e08] 
[5,589s][debug  ][gc,nmethod     ] GC(2) O: Purge NMethod: io.sirix.page.PageReference.setPageFragments (0x00007f374ffacc90) [0x00007f374fface20, 0x00007f374ffacf98] 
[5,589s][debug  ][gc,nmethod     ] GC(2) O: Purge NMethod: net.openhft.chronicle.core.io.ReferenceChangeListenerManager.callReferenceChangeListeners (0x00007f374fb59f90) [0x00007f374fb5a180, 0x00007f374fb5a790] 
[5,589s][debug  ][gc,nmethod     ] GC(2) O: Purge NMethod: net.openhft.chronicle.bytes.NativeBytes.writeCheckOffset (0x00007f374fa27810) [0x00007f374fa27a40, 0x00007f374fa27f78] 
[5,589s][debug  ][gc,nmethod     ] GC(2) O: Purge NMethod: io.sirix.node.delegates.ValueNodeDelegate.getRawValue (0x00007f374fe9f610) [0x00007f374fe9f7c0, 0x00007f374fe9f9c0] 
[5,589s][debug  ][gc,nmethod     ] GC(2) O: Purge NMethod: java.util.BitSet.set (0x00007f374ff50c10) [0x00007f374ff50de0, 0x00007f374ff50fe0] 
[5,589s][debug  ][gc,nmethod     ] GC(2) O: Purge NMethod: jdk.internal.misc.Unsafe.checkOffset (0x00007f374fa73510) [0x00007f374fa736c0, 0x00007f374fa73938] 
[5,589s][debug  ][gc,nmethod     ] GC(2) O: Purge NMethod: net.jpountz.util.SafeUtils.checkRange (0x00007f374fa2d510) [0x00007f374fa2d720, 0x00007f374fa2dcf0] 
[5,589s][debug  ][gc,nmethod     ] GC(2) O: Purge NMethod: net.openhft.chronicle.core.util.Ints.requireNonNegative (0x00007f374fa2ec10) [0x00007f374fa2ee00, 0x00007f374fa2f2f8] 
[5,589s][debug  ][gc,nmethod     ] GC(2) O: Purge NMethod: net.openhft.chronicle.bytes.AbstractBytes.read (0x00007f374fa7db10) [0x00007f374fa7dce0, 0x00007f374fa7def0] 
[5,589s][debug  ][gc,nmethod     ] GC(2) O: Purge NMethod: jdk.internal.misc.Unsafe.putLongUnaligned (0x00007f376f355790) [0x00007f376f355920, 0x00007f376f3559f0] 
[5,589s][debug  ][gc,nmethod     ] GC(2) O: Purge NMethod: java.nio.ByteBuffer.limit (0x00007f374fe04890) [0x00007f374fe04a40, 0x00007f374fe04bf8] 
[5,589s][debug  ][gc,nmethod     ] GC(2) O: Purge NMethod: java.util.ImmutableCollections$ListItr.hasNext (0x00007f374fe39190) [0x00007f374fe39320, 0x00007f374fe39480] 
[5,589s][debug  ][gc,nmethod     ] GC(2) O: Purge NMethod: net.openhft.chronicle.bytes.RandomCommon.writeLimit (0x00007f374fe02a90) [0x00007f374fe02c40, 0x00007f374fe02df8] 
[5,589s][debug  ][gc,nmethod     ] GC(2) O: Purge NMethod: it.unimi.dsi.fastutil.shorts.ShortArrayList$1.nextShort (0x00007f374ff5d210) [0x00007f374ff5d3e0, 0x00007f374ff5d760] 
[5,589s][debug  ][gc,nmethod     ] GC(2) O: Purge NMethod: net.openhft.chronicle.bytes.internal.NativeBytesStore.writeInt (0x00007f374fa2c910) [0x00007f374fa2cae0, 0x00007f374fa2ce08] 
[5,589s][debug  ][gc,nmethod     ] GC(2) O: Purge NMethod: net.openhft.chronicle.bytes.AbstractBytes.clear (0x00007f376f385690) [0x00007f376f385840, 0x00007f376f385a78] 
[5,589s][debug  ][gc,nmethod     ] GC(2) O: Purge NMethod: jdk.internal.misc.Blocker.end (0x00007f374ff84910) [0x00007f374ff84b00, 0x00007f374ff85130] 
[5,589s][debug  ][gc,nmethod     ] GC(2) O: Purge NMethod: io.sirix.access.trx.node.AbstractResourceSession.getResourceConfig (0x00007f374fe03210) [0x00007f374fe033c0, 0x00007f374fe03670] 
[5,589s][debug  ][gc,nmethod     ] GC(2) O: Purge NMethod: net.openhft.chronicle.core.UnsafeMemory.copyMemory (0x00007f374fc3f210) [0x00007f374fc3f3c0, 0x00007f374fc3f548] 
[5,589s][debug  ][gc,nmethod     ] GC(2) O: Purge NMethod: io.sirix.access.trx.node.json.JsonNodeTrxImpl.adaptNodesAndHashesForInsertAsChild (0x00007f374ffb6e10) [0x00007f374ffb7060, 0x00007f374ffb7cb0] 
[5,589s][debug  ][gc,nmethod     ] GC(2) O: Purge NMethod: net.jpountz.lz4.LZ4BlockOutputStream.writeIntLE (0x00007f374feba890) [0x00007f374febaa20, 0x00007f374febaba8] 
[5,589s][debug  ][gc,nmethod     ] GC(2) O: Purge NMethod: net.openhft.chronicle.bytes.AbstractBytes.readOffsetPositionMoved (0x00007f374fa31510) [0x00007f374fa31700, 0x00007f374fa31d08] 
[5,589s][debug  ][gc,nmethod     ] GC(2) O: Purge NMethod: java.io.OutputStream.flush (0x00007f374fe10f10) [0x00007f374fe110a0, 0x00007f374fe111a0] 
[5,589s][debug  ][gc,nmethod     ] GC(2) O: Purge NMethod: io.sirix.access.trx.page.NodePageReadOnlyTrx.getValue (0x00007f376f278690) [0x00007f376f278820, 0x00007f376f278a40] 
[5,589s][debug  ][gc,nmethod     ] GC(2) O: Purge NMethod: net.openhft.chronicle.core.UnsafeMemory.writeLong (0x00007f374fed8f90) [0x00007f374fed9140, 0x00007f374fed9328] 
[5,589s][debug  ][gc,nmethod     ] GC(2) O: Purge NMethod: net.openhft.chronicle.bytes.RandomCommon.readRemaining (0x00007f374fe02190) [0x00007f374fe02340, 0x00007f374fe025c8] 
[5,589s][debug  ][gc,nmethod     ] GC(2) O: Purge NMethod: net.openhft.chronicle.core.io.ReferenceCountedTracer.throwExceptionIfReleased (0x00007f374fa2b590) [0x00007f374fa2b760, 0x00007f374fa2ba28] 
[5,589s][debug  ][gc,nmethod     ] GC(2) O: Purge NMethod: java.lang.invoke.LambdaForm.uncustomize (0x00007f374fae8410) [0x00007f374fae85e0, 0x00007f374fae8940] 
[5,589s][debug  ][gc,nmethod     ] GC(2) O: Purge NMethod: java.lang.invoke.VarHandleByteArrayAsInts$ArrayHandle.get (0x00007f374fb03690) [0x00007f374fb03860, 0x00007f374fb03c58] 
[5,589s][debug  ][gc,nmethod     ] GC(2) O: Purge NMethod: net.openhft.chronicle.bytes.NativeBytes.writeByte (0x00007f376f282d90) [0x00007f376f282f80, 0x00007f376f283438] 
[5,589s][debug  ][gc,nmethod     ] GC(2) O: Purge NMethod: jdk.internal.util.Preconditions.checkFromIndexSize (0x00007f374fa75090) [0x00007f374fa75240, 0x00007f374fa753f0] 
[5,589s][debug  ][gc,nmethod     ] GC(2) O: Purge NMethod: net.openhft.chronicle.core.UnsafeMemory.copyMemory (0x00007f374fa9a590) [0x00007f374fa9a720, 0x00007f374fa9a850] 
[5,589s][debug  ][gc,nmethod     ] GC(2) O: Purge NMethod: net.openhft.chronicle.bytes.internal.NativeBytesStore.writeByte (0x00007f374fe0b210) [0x00007f374fe0b3e0, 0x00007f374fe0b778] 
[5,589s][debug  ][gc,nmethod     ] GC(2) O: Purge NMethod: io.sirix.access.trx.node.AbstractNodeHashing.adaptHashesWithAdd (0x00007f374ffb6790) [0x00007f374ffb6960, 0x00007f374ffb6cb8] 
[5,589s][debug  ][gc,nmethod     ] GC(2) O: Purge NMethod: sun.nio.cs.StreamDecoder.read (0x00007f374ff37990) [0x00007f374ff37c60, 0x00007f374ff38c90] 
[5,589s][debug  ][gc,nmethod     ] GC(2) O: Purge NMethod: net.openhft.chronicle.core.Maths.toUInt31 (0x00007f374fece310) [0x00007f374fece500, 0x00007f374fece888] 
[5,590s][debug  ][gc,nmethod     ] GC(2) O: Purge NMethod: io.sirix.access.trx.page.NodePageTrx.getPageContainer (0x00007f376f28db10) [0x00007f376f28dce0, 0x00007f376f28e0a0] 
[5,590s][debug  ][gc,nmethod     ] GC(2) O: Purge NMethod: java.util.BitSet.flip (0x00007f374fdf8f90) [0x00007f374fdf91a0, 0x00007f374fdf97d8] 
[5,590s][debug  ][gc,nmethod     ] GC(2) O: Purge NMethod: net.openhft.chronicle.bytes.NativeBytes.writeLong (0x00007f376f286590) [0x00007f376f286780, 0x00007f376f286c20] 
[5,590s][debug  ][gc,nmethod     ] GC(2) O: Purge NMethod: net.openhft.chronicle.bytes.AbstractBytes.write (0x00007f374fe9d710) [0x00007f374fe9dac0, 0x00007f374fe9ec50] 
[5,590s][debug  ][gc,nmethod     ] GC(2) O: Purge NMethod: io.sirix.page.KeyValueLeafPage.clearPage (0x00007f374fe1e510) [0x00007f374fe1e740, 0x00007f374fe1edf0] 
[5,590s][debug  ][gc,nmethod     ] GC(2) O: Purge NMethod: io.sirix.service.json.shredder.JsonShredder.processString (0x00007f374ffb4890) [0x00007f374ffb4a80, 0x00007f374ffb4e30] 
[5,590s][debug  ][gc,nmethod     ] GC(2) O: Purge NMethod: com.google.gson.stream.JsonReader.fillBuffer (0x00007f374ff62310) [0x00007f374ff62500, 0x00007f374ff62b00] 
[5,590s][debug  ][gc,nmethod     ] GC(2) O: Purge NMethod: net.openhft.chronicle.bytes.internal.HeapBytesStore.readLong (0x00007f374fbe1290) [0x00007f374fbe14a0, 0x00007f374fbe1bf0] 
[5,590s][debug  ][gc,nmethod     ] GC(2) O: Purge NMethod: java.nio.channels.spi.AbstractInterruptibleChannel.begin (0x00007f374ff6e410) [0x00007f374ff6e620, 0x00007f374ff6ed90] 
[5,590s][debug  ][gc,nmethod     ] GC(2) O: Purge NMethod: java.lang.invoke.Invokers$Holder.linkToTargetMethod (0x00007f374fc8f410) [0x00007f374fc8f5c0, 0x00007f374fc8f920] 
[5,590s][debug  ][gc,nmethod     ] GC(2) O: Purge NMethod: jdk.internal.misc.Unsafe.putIntUnaligned (0x00007f374fa36d10) [0x00007f374fa36ec0, 0x00007f374fa37100] 
[5,590s][debug  ][gc,nmethod     ] GC(2) O: Purge NMethod: net.openhft.chronicle.bytes.internal.HeapBytesStore.<init> (0x00007f374feff890) [0x00007f374feffb00, 0x00007f374ff003b8] 
[5,590s][debug  ][gc,nmethod     ] GC(2) O: Purge NMethod: io.sirix.node.NodeKind$20.serialize (0x00007f374fa90810) [0x00007f374fa90a80, 0x00007f374fa91598] 
[5,590s][debug  ][gc,nmethod     ] GC(2) O: Purge NMethod: net.openhft.chronicle.core.io.ReferenceCountedTracer.onReleased (0x00007f374fe61310) [0x00007f374fe61500, 0x00007f374fe619a0] 
[5,590s][debug  ][gc,nmethod     ] GC(2) O: Purge NMethod: java.util.BitSet.and (0x00007f374fdf4c10) [0x00007f374fdf4e00, 0x00007f374fdf5288] 
[5,590s][debug  ][gc,nmethod     ] GC(2) O: Purge NMethod: io.sirix.node.NodeKind.serializeJsonObjectOrArrayStructDelegate (0x00007f374fe3e090) [0x00007f374fe3e3c0, 0x00007f374fe3f7e8] 
[5,590s][debug  ][gc,nmethod     ] GC(2) O: Purge NMethod: net.openhft.chronicle.bytes.StreamingDataOutput.appendUtf8 (0x00007f376f29bc10) [0x00007f376f29be40, 0x00007f376f29c840] 
[5,590s][debug  ][gc,nmethod     ] GC(2) O: Purge NMethod: io.sirix.node.NodeKind$27.serialize (0x00007f374feb4590) [0x00007f374feb47a0, 0x00007f374feb5070] 
[5,590s][debug  ][gc,nmethod     ] GC(2) O: Purge NMethod: java.nio.HeapByteBuffer.byteOffset (0x00007f374fcac210) [0x00007f374fcac3a0, 0x00007f374fcac4a8] 
[5,590s][debug  ][gc,nmethod     ] GC(2) O: Purge NMethod: io.sirix.page.PageKind$1.serializePage (0x00007f376f371a10) [0x00007f376f372480, 0x00007f376f379ad0] 
[5,590s][debug  ][gc,nmethod     ] GC(2) O: Purge NMethod: sun.nio.cs.StreamDecoder.inReady (0x00007f374ff3e810) [0x00007f374ff3e9e0, 0x00007f374ff3edf8] 
[5,590s][debug  ][gc,nmethod     ] GC(2) O: Purge NMethod: java.lang.Thread.blockedOn (0x00007f374fe21b90) [0x00007f374fe21d40, 0x00007f374fe22028] 
[5,590s][debug  ][gc,nmethod     ] GC(2) O: Purge NMethod: net.openhft.chronicle.core.io.VanillaReferenceCounted.valueCompareAndSet (0x00007f374fe09e90) [0x00007f374fe0a040, 0x00007f374fe0a210] 
[5,590s][debug  ][gc,nmethod     ] GC(2) O: Purge NMethod: net.openhft.chronicle.bytes.AbstractBytes.readCheckOffset (0x00007f374fa72410) [0x00007f374fa725c0, 0x00007f374fa72708] 
[5,590s][debug  ][gc,nmethod     ] GC(2) O: Purge NMethod: net.openhft.chronicle.core.io.AbstractReferenceCounted.release (0x00007f374fad8c10) [0x00007f374fad8dc0, 0x00007f374fad8f78] 
[5,590s][debug  ][gc,nmethod     ] GC(2) O: Purge NMethod: io.sirix.node.json.ObjectNumberNode.getKind (0x00007f374fe0ae90) [0x00007f374fe0b020, 0x00007f374fe0b130] 
[5,590s][debug  ][gc,nmethod     ] GC(2) O: Purge NMethod: io.sirix.node.NodeKind$29.serialize (0x00007f374fddff10) [0x00007f374fde00c0, 0x00007f374fde02b8] 
[5,590s][debug  ][gc,nmethod     ] GC(2) O: Purge NMethod: sun.misc.Unsafe.putInt (0x00007f376f246c90) [0x00007f376f246e00, 0x00007f376f246e98] 
[5,590s][debug  ][gc,nmethod     ] GC(2) O: Purge NMethod: io.sirix.page.KeyValueLeafPage.setDeweyId (0x00007f374ff87690) [0x00007f374ff87840, 0x00007f374ff87b10] 
[5,590s][debug  ][gc,nmethod     ] GC(2) O: Purge NMethod: java.nio.Buffer.checkIndex (0x00007f374fa88e90) [0x00007f374fa89020, 0x00007f374fa89178] 
[5,590s][debug  ][gc,nmethod     ] GC(2) O: Purge NMethod: it.unimi.dsi.fastutil.longs.AbstractLongList.push (0x00007f374fe0a490) [0x00007f374fe0a640, 0x00007f374fe0a790] 
[5,590s][debug  ][gc,nmethod     ] GC(2) O: Purge NMethod: java.util.concurrent.atomic.AtomicLong.incrementAndGet (0x00007f374fb55310) [0x00007f374fb554a0, 0x00007f374fb555c0] 
[5,590s][debug  ][gc,nmethod     ] GC(2) O: Purge NMethod: net.openhft.chronicle.bytes.internal.BytesInternal.toByteArray (0x00007f376f340e90) [0x00007f376f341080, 0x00007f376f3418a8] 
[5,590s][debug  ][gc,nmethod     ] GC(2) O: Purge NMethod: java.util.Objects.checkIndex (0x00007f374fa7bd10) [0x00007f374fa7bea0, 0x00007f374fa7bfd0] 
[5,590s][debug  ][gc,nmethod     ] GC(2) O: Purge NMethod: io.sirix.page.PageKind$1.serializePage (0x00007f374fe4b290) [0x00007f374fe4be60, 0x00007f374fe53a50] 
[5,590s][debug  ][gc,nmethod     ] GC(2) O: Purge NMethod: net.openhft.chronicle.bytes.internal.NativeBytesStore.translate (0x00007f374fa62f10) [0x00007f374fa630a0, 0x00007f374fa631a8] 
[5,590s][debug  ][gc,nmethod     ] GC(2) O: Purge NMethod: net.openhft.chronicle.bytes.AbstractBytes.underlyingObject (0x00007f374fe10310) [0x00007f374fe104c0, 0x00007f374fe106b8] 
[5,590s][debug  ][gc,nmethod     ] GC(2) O: Purge NMethod: io.sirix.page.PageKind$1.serializePage (0x00007f374ff62c90) [0x00007f374ff63860, 0x00007f374ff6b1d0] 
[5,590s][debug  ][gc,nmethod     ] GC(2) O: Purge NMethod: io.sirix.node.NodeKind$26.serialize (0x00007f374fdf1e90) [0x00007f374fdf2060, 0x00007f374fdf22b8] 
[5,590s][debug  ][gc,nmethod     ] GC(2) O: Purge NMethod: jdk.internal.misc.Unsafe.putLongUnaligned (0x00007f374fe87a10) [0x00007f374fe87bc0, 0x00007f374fe87dd0] 
[5,590s][debug  ][gc,nmethod     ] GC(2) O: Purge NMethod: java.lang.Class.cast (0x00007f374fbfe110) [0x00007f374fbfe2e0, 0x00007f374fbfe5a0] 
[5,590s][debug  ][gc,nmethod     ] GC(2) O: Purge NMethod: sun.security.provider.DigestBase.engineUpdate (0x00007f374fe34610) [0x00007f374fe34880, 0x00007f374fe35368] 
[5,590s][debug  ][gc,nmethod     ] GC(2) O: Purge NMethod: net.openhft.chronicle.bytes.NativeBytes.<init> (0x00007f374fbe2610) [0x00007f374fbe27c0, 0x00007f374fbe2930] 
[5,590s][debug  ][gc,nmethod     ] GC(2) O: Purge NMethod: net.openhft.chronicle.bytes.AbstractBytes.writeInt (0x00007f376f2ecf10) [0x00007f376f2ed100, 0x00007f376f2ed620] 
[5,590s][debug  ][gc,nmethod     ] GC(2) O: Purge NMethod: net.openhft.chronicle.core.io.VanillaReferenceCounted.<init> (0x00007f374faa0290) [0x00007f374faa04a0, 0x00007f374faa0ce0] 
[5,590s][debug  ][gc,nmethod     ] GC(2) O: Purge NMethod: net.openhft.chronicle.bytes.BytesStore.safeLimit (0x00007f374fa2d110) [0x00007f374fa2d2c0, 0x00007f374fa2d478] 
[5,590s][debug  ][gc,nmethod     ] GC(2) O: Purge NMethod: io.sirix.access.trx.page.NodePageTrx.getRecord (0x00007f376f28ca10) [0x00007f376f28cc40, 0x00007f376f28d4c8] 
[5,590s][debug  ][gc,nmethod     ] GC(2) O: Purge NMethod: io.sirix.access.trx.node.json.JsonNodeTrxImpl.nodeReadOnlyTrxDelegate (0x00007f374fafa210) [0x00007f374fafa3c0, 0x00007f374fafa5e8] 
[5,590s][debug  ][gc,nmethod     ] GC(2) O: Purge NMethod: io.sirix.page.PageKind$1.serializePage (0x00007f376f395a10) [0x00007f376f396660, 0x00007f376f39f710] 
[5,590s][debug  ][gc,nmethod     ] GC(2) O: Purge NMethod: io.sirix.node.NodeKind.serializeStructNodeJsonValueNode (0x00007f374fc15d10) [0x00007f374fc15f00, 0x00007f374fc16180] 
[5,590s][debug  ][gc,nmethod     ] GC(2) O: Purge NMethod: net.openhft.chronicle.bytes.AbstractBytes.readLong (0x00007f374ffa9d90) [0x00007f374ffa9f60, 0x00007f374ffaa2d8] 
[5,590s][debug  ][gc,nmethod     ] GC(2) O: Purge NMethod: io.sirix.access.trx.node.AbstractNodeReadOnlyTrx.moveTo (0x00007f376f28b190) [0x00007f376f28b420, 0x00007f376f28c1b8] 
[5,590s][debug  ][gc,nmethod     ] GC(2) O: Purge NMethod: net.jpountz.lz4.LZ4BlockOutputStream.flush (0x00007f374fdfb910) [0x00007f374fdfbae0, 0x00007f374fdfbdc0] 
[5,590s][debug  ][gc,nmethod     ] GC(2) O: Purge NMethod: java.lang.Short.valueOf (0x00007f374ff5ba90) [0x00007f374ff5bc60, 0x00007f374ff5bf98] 
[5,590s][debug  ][gc,nmethod     ] GC(2) O: Purge NMethod: net.openhft.chronicle.bytes.AbstractBytes.<init> (0x00007f374fadb310) [0x00007f374fadb540, 0x00007f374fadbda8] 
[5,590s][debug  ][gc,nmethod     ] GC(2) O: Purge NMethod: net.openhft.chronicle.bytes.StreamingDataOutput.writeStopBit (0x00007f374fe63590) [0x00007f374fe63740, 0x00007f374fe63880] 
[5,590s][debug  ][gc,nmethod     ] GC(2) O: Purge NMethod: net.openhft.chronicle.core.UnsafeMemory.writeByte (0x00007f374fa25d90) [0x00007f374fa25f20, 0x00007f374fa26020] 
[5,590s][debug  ][gc,nmethod     ] GC(2) O: Purge NMethod: io.sirix.access.trx.page.NodePageTrx.prepareRecordForModification (0x00007f376f289b10) [0x00007f376f289da0, 0x00007f376f28a940] 
[5,590s][debug  ][gc,nmethod     ] GC(2) O: Purge NMethod: io.sirix.page.PageReference.<init> (0x00007f374ff36e10) [0x00007f374ff36fe0, 0x00007f374ff37418] 
[5,590s][debug  ][gc,nmethod     ] GC(2) O: Purge NMethod: net.openhft.chronicle.bytes.AbstractBytes.writeShort (0x00007f374fb55690) [0x00007f374fb55840, 0x00007f374fb55a98] 
[5,590s][debug  ][gc,nmethod     ] GC(2) O: Purge NMethod: java.lang.Integer.numberOfTrailingZeros (0x00007f374ff59810) [0x00007f374ff599c0, 0x00007f374ff59c10] 
[5,590s][debug  ][gc,nmethod     ] GC(2) O: Purge NMethod: net.openhft.chronicle.core.io.AbstractReferenceCounted.<init> (0x00007f374fe18b90) [0x00007f374fe18f20, 0x00007f374fe1a7f8] 
[5,590s][debug  ][gc,nmethod     ] GC(2) O: Purge NMethod: net.openhft.chronicle.bytes.RandomCommon.readLimit (0x00007f374faf8810) [0x00007f374faf89c0, 0x00007f374faf8ae8] 
[5,590s][debug  ][gc,nmethod     ] GC(2) O: Purge NMethod: io.sirix.page.delegates.BitmapReferencesPage.index (0x00007f374fdf5c10) [0x00007f374fdf5e20, 0x00007f374fdf63f0] 
[5,590s][debug  ][gc,nmethod     ] GC(2) O: Purge NMethod: io.sirix.index.path.summary.PathSummaryReader.moveTo (0x00007f374ff90f10) [0x00007f374ff91160, 0x00007f374ff91b90] 
[5,590s][debug  ][gc,nmethod     ] GC(2) O: Purge NMethod: net.openhft.chronicle.core.io.VanillaReferenceCounted.release (0x00007f374fe9fe10) [0x00007f374fea00e0, 0x00007f374fea0c60] 
[5,590s][debug  ][gc,nmethod     ] GC(2) O: Purge NMethod: io.sirix.access.trx.node.json.JsonNodeTrxImpl.insertAsSibling (0x00007f376f2c2e10) [0x00007f376f2c32a0, 0x00007f376f2c4ca8] 
[5,590s][debug  ][gc,nmethod     ] GC(2) O: Purge NMethod: java.nio.ByteOrder.nativeOrder (0x00007f374fa36290) [0x00007f374fa36420, 0x00007f374fa36510] 
[5,590s][debug  ][gc,nmethod     ] GC(2) O: Purge NMethod: com.google.common.base.Preconditions.checkState (0x00007f374fafab10) [0x00007f374fafacc0, 0x00007f374fafaeb0] 
[5,590s][debug  ][gc,nmethod     ] GC(2) O: Purge NMethod: io.sirix.access.trx.page.NodePageTrx.prepareRecordPage (0x00007f376f28e310) [0x00007f376f28e520, 0x00007f376f28ebf8] 
[5,590s][debug  ][gc,nmethod     ] GC(2) O: Purge NMethod: net.openhft.chronicle.bytes.internal.BytesInternal.writeStopBit (0x00007f374fe64590) [0x00007f374fe647a0, 0x00007f374fe64f18] 
[5,590s][debug  ][gc,nmethod     ] GC(2) O: Purge NMethod: io.sirix.node.xml.AbstractStructForwardingNode.getChildCount (0x00007f374fafa690) [0x00007f374fafa840, 0x00007f374fafaa20] 
[5,590s][debug  ][gc,nmethod     ] GC(2) O: Purge NMethod: net.openhft.chronicle.bytes.AbstractBytes.readInt (0x00007f374ff81e90) [0x00007f374ff82060, 0x00007f374ff823d0] 
[5,590s][debug  ][gc,nmethod     ] GC(2) O: Purge NMethod: io.sirix.page.PageReference.setLogKey (0x00007f374ff3c310) [0x00007f374ff3c4a0, 0x00007f374ff3c5b0] 
[5,590s][debug  ][gc,nmethod     ] GC(2) O: Purge NMethod: net.openhft.chronicle.bytes.VanillaBytes.<init> (0x00007f374fe02e90) [0x00007f374fe03040, 0x00007f374fe03178] 
[5,590s][debug  ][gc,nmethod     ] GC(2) O: Purge NMethod: io.sirix.access.trx.node.AbstractNodeHashing.adaptHashesWithAdd (0x00007f376f2bc210) [0x00007f376f2bc3c0, 0x00007f376f2bc548] 
[5,590s][debug  ][gc,nmethod     ] GC(2) O: Purge NMethod: net.openhft.chronicle.bytes.NativeBytes.readRemaining (0x00007f374fe66990) [0x00007f374fe66b20, 0x00007f374fe66c28] 
[5,590s][debug  ][gc,nmethod     ] GC(2) O: Purge NMethod: java.util.concurrent.ConcurrentHashMap$BaseIterator.hasNext (0x00007f374fbe5710) [0x00007f374fbe58a0, 0x00007f374fbe5a30] 
[5,590s][debug  ][gc,nmethod     ] GC(2) O: Purge NMethod: net.openhft.chronicle.bytes.RandomCommon.writePosition (0x00007f374fe39510) [0x00007f374fe396c0, 0x00007f374fe39878] 
[5,590s][debug  ][gc,nmethod     ] GC(2) O: Purge NMethod: java.util.HashMap.computeIfAbsent (0x00007f374ff9a110) [0x00007f374ff9a460, 0x00007f374ff9bab0] 
[5,590s][debug  ][gc,nmethod     ] GC(2) O: Purge NMethod: net.openhft.chronicle.bytes.NativeBytes.writeByte (0x00007f376f283890) [0x00007f376f283a80, 0x00007f376f283f38] 
[5,590s][debug  ][gc,nmethod     ] GC(2) O: Purge NMethod: java.lang.invoke.MethodType.equals (0x00007f374fa9d610) [0x00007f374fa9d860, 0x00007f374fa9e490] 
[5,590s][debug  ][gc,nmethod     ] GC(2) O: Purge NMethod: java.util.Arrays$ArrayList.get (0x00007f374ffad010) [0x00007f374ffad1c0, 0x00007f374ffad350] 
[5,590s][debug  ][gc,nmethod     ] GC(2) O: Purge NMethod: io.sirix.node.NodeKind$28.serialize (0x00007f374fecfa10) [0x00007f374fed0360, 0x00007f374fed6688] 
[5,590s][debug  ][gc,nmethod     ] GC(2) O: Purge NMethod: java.util.concurrent.ConcurrentHashMap.clear (0x00007f374fe1d490) [0x00007f374fe1d6e0, 0x00007f374fe1e0d0] 
[5,590s][debug  ][gc,nmethod     ] GC(2) O: Purge NMethod: net.openhft.chronicle.core.util.ObjectUtils.requireNonNull (0x00007f374fa35b90) [0x00007f374fa35d20, 0x00007f374fa35e58] 
[5,590s][debug  ][gc,nmethod     ] GC(2) O: Purge NMethod: io.sirix.index.path.summary.PathNode.getLocalNameKey (0x00007f374fded590) [0x00007f374fded720, 0x00007f374fded880] 
[5,590s][debug  ][gc,nmethod     ] GC(2) O: Purge NMethod: io.sirix.node.NodeKind.serializeValDelegate (0x00007f374fa76310) [0x00007f374fa76500, 0x00007f374fa76878] 
[5,590s][debug  ][gc,nmethod     ] GC(2) O: Purge NMethod: net.openhft.chronicle.bytes.internal.HeapBytesStore.readByte (0x00007f374fa24e90) [0x00007f374fa25080, 0x00007f374fa257b8] 
[5,590s][debug  ][gc,nmethod     ] GC(2) O: Purge NMethod: net.openhft.chronicle.bytes.internal.BytesInternal.toByteArray (0x00007f374fa7c690) [0x00007f374fa7c880, 0x00007f374fa7cb48] 
[5,590s][debug  ][gc,nmethod     ] GC(2) O: Purge NMethod: io.sirix.page.KeyValueLeafPage.processEntries (0x00007f374fe0bf10) [0x00007f374fe0c200, 0x00007f374fe0d390] 
[5,590s][debug  ][gc,nmethod     ] GC(2) O: Purge NMethod: io.sirix.node.json.NumberNode.getKind (0x00007f374fa33b90) [0x00007f374fa33d20, 0x00007f374fa33e88] 
[5,590s][debug  ][gc,nmethod     ] GC(2) O: Purge NMethod: net.openhft.chronicle.core.UnsafeMemory.copyMemoryLoop (0x00007f376f249790) [0x00007f376f249920, 0x00007f376f249be8] 
[5,590s][debug  ][gc,nmethod     ] GC(2) O: Purge NMethod: net.openhft.chronicle.bytes.RandomDataInput.toByteArray (0x00007f374fc4ec90) [0x00007f374fc4ee20, 0x00007f374fc4ef40] 
[5,590s][debug  ][gc,nmethod     ] GC(2) O: Purge NMethod: java.nio.ByteBuffer.order (0x00007f374fe3d990) [0x00007f374fe3db40, 0x00007f374fe3dd78] 
[5,590s][debug  ][gc,nmethod     ] GC(2) O: Purge NMethod: io.sirix.node.NodeKind.writeHash (0x00007f374ff22f10) [0x00007f374ff230c0, 0x00007f374ff23260] 
[5,590s][debug  ][gc,nmethod     ] GC(2) O: Purge NMethod: java.nio.ByteBuffer.flip (0x00007f374ff34490) [0x00007f374ff34620, 0x00007f374ff34798] 
[5,590s][debug  ][gc,nmethod     ] GC(2) O: Purge NMethod: io.sirix.page.KeyValueLeafPage.setSlot (0x00007f374ff87c10) [0x00007f374ff87dc0, 0x00007f374ff88150] 
[5,590s][debug  ][gc,nmethod     ] GC(2) O: Purge NMethod: java.lang.Math.toIntExact (0x00007f374fa72810) [0x00007f374fa729c0, 0x00007f374fa72bb0] 
[5,590s][debug  ][gc,nmethod     ] GC(2) O: Purge NMethod: java.util.concurrent.atomic.AtomicLong.addAndGet (0x00007f374fb53490) [0x00007f374fb53620, 0x00007f374fb53738] 
[5,590s][debug  ][gc,nmethod     ] GC(2) O: Purge NMethod: io.sirix.node.json.NullNode.getKind (0x00007f374fc54c90) [0x00007f374fc54e20, 0x00007f374fc54f28] 
[5,590s][debug  ][gc,nmethod     ] GC(2) O: Purge NMethod: net.openhft.chronicle.core.UnsafeMemory.writeByte (0x00007f376f284710) [0x00007f376f284880, 0x00007f376f284918] 
[5,590s][debug  ][gc,nmethod     ] GC(2) O: Purge NMethod: io.sirix.access.trx.page.NodePageTrx.prepareRecordForModification (0x00007f374ffb3010) [0x00007f374ffb3300, 0x00007f374ffb4250] 
[5,590s][debug  ][gc,nmethod     ] GC(2) O: Purge NMethod: sun.security.provider.DigestBase.engineUpdate (0x00007f374fad9990) [0x00007f374fad9c20, 0x00007f374fada8f0] 
[5,590s][debug  ][gc,nmethod     ] GC(2) O: Purge NMethod: net.openhft.chronicle.bytes.internal.NativeBytesStore.write (0x00007f374fe9d310) [0x00007f374fe9d4a0, 0x00007f374fe9d5c0] 
[5,590s][debug  ][gc,nmethod     ] GC(2) O: Purge NMethod: io.sirix.node.NodeKind.serializeJsonObjectOrArrayStructDelegate (0x00007f376f352110) [0x00007f376f352360, 0x00007f376f3529f0] 
[5,590s][debug  ][gc,nmethod     ] GC(2) O: Purge NMethod: sun.misc.Unsafe.putInt (0x00007f374fe36a10) [0x00007f374fe36ba0, 0x00007f374fe36ca8] 
[5,590s][debug  ][gc,nmethod     ] GC(2) O: Purge NMethod: io.sirix.page.KeyValueLeafPage.processEntries (0x00007f374fdee590) [0x00007f374fdee880, 0x00007f374fdef8a0] 
[5,590s][debug  ][gc,nmethod     ] GC(2) O: Purge NMethod: sun.nio.cs.StreamDecoder.readBytes (0x00007f374ff3ef10) [0x00007f374ff3f280, 0x00007f374ff404a8] 
[5,590s][debug  ][gc,nmethod     ] GC(2) O: Purge NMethod: java.lang.invoke.MethodType$ConcurrentWeakInternSet.get (0x00007f374fa52290) [0x00007f374fa524c0, 0x00007f374fa52cf0] 
[5,590s][debug  ][gc,nmethod     ] GC(2) O: Purge NMethod: io.sirix.access.trx.page.AbstractForwardingPageReadOnlyTrx.getResourceSession (0x00007f374fe36d10) [0x00007f374fe36ee0, 0x00007f374fe37248] 
[5,590s][debug  ][gc,nmethod     ] GC(2) O: Purge NMethod: net.openhft.chronicle.bytes.internal.HeapBytesStore.read (0x00007f374fa67290) [0x00007f374fa67520, 0x00007f374fa67e20] 
[5,590s][debug  ][gc,nmethod     ] GC(2) O: Purge NMethod: java.lang.invoke.LambdaForm$MH/0x000000008035cc00.linkToTargetMethod (0x00007f374feeb190) [0x00007f374feeb340, 0x00007f374feeb658] 
[5,590s][debug  ][gc,nmethod     ] GC(2) O: Purge NMethod: sun.security.provider.ByteArrayAccess.i2bBig (0x00007f374fe14d90) [0x00007f374fe14fa0, 0x00007f374fe15668] 
[5,590s][debug  ][gc,nmethod     ] GC(2) O: Purge NMethod: java.lang.Thread.interrupted (0x00007f374fb6b190) [0x00007f374fb6b340, 0x00007f374fb6b5d0] 
[5,590s][debug  ][gc,nmethod     ] GC(2) O: Purge NMethod: net.openhft.chronicle.bytes.internal.NativeBytesStore.write0 (0x00007f374fe21090) [0x00007f374fe212a0, 0x00007f374fe21930] 
[5,590s][debug  ][gc,nmethod     ] GC(2) O: Purge NMethod: net.openhft.chronicle.bytes.internal.HeapBytesStore.performRelease (0x00007f374ff1d390) [0x00007f374ff1d520, 0x00007f374ff1d6a0] 
[5,590s][debug  ][gc,nmethod     ] GC(2) O: Purge NMethod: java.lang.StringBuilder.append (0x00007f374ffb9910) [0x00007f374ffb9ac0, 0x00007f374ffb9c08] 
[5,590s][debug  ][gc,nmethod     ] GC(2) O: Purge NMethod: java.io.FileInputStream.read (0x00007f374fa34c90) [0x00007f374fa34e60, 0x00007f374fa35080] 
[5,590s][debug  ][gc,nmethod     ] GC(2) O: Purge NMethod: jdk.internal.misc.Unsafe.checkNativeAddress (0x00007f374fbe0210) [0x00007f374fbe03a0, 0x00007f374fbe04b0] 
[5,590s][debug  ][gc,nmethod     ] GC(2) O: Purge NMethod: io.sirix.service.json.shredder.JsonShredder.insertStringValue (0x00007f3750002590) [0x00007f3750002a00, 0x00007f3750004bb0] 
[5,590s][debug  ][gc,nmethod     ] GC(2) O: Purge NMethod: net.openhft.chronicle.bytes.RandomDataInput.toByteArray (0x00007f376f33d690) [0x00007f376f33d880, 0x00007f376f33e0a0] 
[5,590s][debug  ][gc,nmethod     ] GC(2) O: Purge NMethod: java.util.BitSet.nextSetBit (0x00007f374ff5a710) [0x00007f374ff5a9a0, 0x00007f374ff5b2a0] 
[5,590s][debug  ][gc,nmethod     ] GC(2) O: Purge NMethod: java.util.ImmutableCollections$ListN.size (0x00007f374fc7aa90) [0x00007f374fc7ac20, 0x00007f374fc7ad58] 
[5,590s][debug  ][gc,nmethod     ] GC(2) O: Purge NMethod: java.util.Arrays.fill (0x00007f376f387590) [0x00007f376f387780, 0x00007f376f388130] 
[5,590s][debug  ][gc,nmethod     ] GC(2) O: Purge NMethod: io.sirix.access.trx.node.AbstractNodeReadOnlyTrx.moveTo (0x00007f374ffb4f90) [0x00007f374ffb5240, 0x00007f374ffb6218] 
[5,590s][debug  ][gc,nmethod     ] GC(2) O: Purge NMethod: org.magicwerk.brownies.collections.GapList.get (0x00007f374fdf3c10) [0x00007f374fdf3ea0, 0x00007f374fdf4868] 
[5,590s][debug  ][gc,nmethod     ] GC(2) O: Purge NMethod: java.nio.ByteBuffer.<init> (0x00007f374fea8b90) [0x00007f374fea8d40, 0x00007f374fea8f88] 
[5,590s][debug  ][gc,nmethod     ] GC(2) O: Purge NMethod: net.openhft.chronicle.bytes.AbstractBytes.<init> (0x00007f374fdf0f10) [0x00007f374fdf10c0, 0x00007f374fdf1208] 
[5,590s][debug  ][gc,nmethod     ] GC(2) O: Purge NMethod: java.io.InputStreamReader.read (0x00007f374ff37590) [0x00007f374ff37740, 0x00007f374ff378c8] 
[5,590s][debug  ][gc,nmethod     ] GC(2) O: Purge NMethod: io.sirix.page.KeyValueLeafPage.processEntries (0x00007f376f348690) [0x00007f376f3488c0, 0x00007f376f349000] 
[5,590s][debug  ][gc,nmethod     ] GC(2) O: Purge NMethod: java.nio.Bits.reserveMemory (0x00007f374fe5e410) [0x00007f374fe5e820, 0x00007f374fe60098] 
[5,590s][debug  ][gc,nmethod     ] GC(2) O: Purge NMethod: java.io.ByteArrayOutputStream.ensureCapacity (0x00007f374faf2e90) [0x00007f374faf3060, 0x00007f374faf3450] 
[5,590s][debug  ][gc,nmethod     ] GC(2) O: Purge NMethod: java.util.concurrent.ConcurrentHashMap$Traverser.advance (0x00007f374fbe6f90) [0x00007f374fbe7200, 0x00007f374fbe7ed8] 
[5,590s][debug  ][gc,nmethod     ] GC(2) O: Purge NMethod: io.sirix.access.trx.page.NodePageReadOnlyTrx.getValue (0x00007f374ff8bc90) [0x00007f374ff8bf20, 0x00007f374ff8ca30] 
[5,590s][debug  ][gc,nmethod     ] GC(2) O: Purge NMethod: net.openhft.chronicle.bytes.internal.NativeBytesStore.write (0x00007f374face510) [0x00007f374face6e0, 0x00007f374face950] 
[5,590s][debug  ][gc,nmethod     ] GC(2) O: Purge NMethod: io.sirix.page.IndirectPage.getOrCreateReference (0x00007f374ff45410) [0x00007f374ff45660, 0x00007f374ff460e8] 
[5,590s][debug  ][gc,nmethod     ] GC(2) O: Purge NMethod: sun.misc.Unsafe.getInt (0x00007f374fbd3a10) [0x00007f374fbd3ba0, 0x00007f374fbd3ca0] 
[5,590s][debug  ][gc,nmethod     ] GC(2) O: Purge NMethod: net.openhft.chronicle.bytes.internal.NativeBytesStore.write0 (0x00007f374fe20790) [0x00007f374fe20980, 0x00007f374fe20e90] 
[5,590s][debug  ][gc,nmethod     ] GC(2) O: Purge NMethod: net.openhft.chronicle.bytes.VanillaBytes.read (0x00007f374ff86510) [0x00007f374ff86740, 0x00007f374ff86ff0] 
[5,590s][debug  ][gc,nmethod     ] GC(2) O: Purge NMethod: io.sirix.page.KeyValueLeafPage.processEntries (0x00007f374fe48910) [0x00007f374fe48c00, 0x00007f374fe49c20] 
[5,590s][debug  ][gc,nmethod     ] GC(2) O: Purge NMethod: java.util.stream.ReferencePipeline$3$1.accept (0x00007f374fb8e790) [0x00007f374fb8e960, 0x00007f374fb8ec90] 
[5,590s][debug  ][gc,nmethod     ] GC(2) O: Purge NMethod: jdk.internal.misc.Unsafe.checkSize (0x00007f374fa37210) [0x00007f374fa373c0, 0x00007f374fa37638] 
[5,590s][debug  ][gc,nmethod     ] GC(2) O: Purge NMethod: java.util.ArrayList.iterator (0x00007f374fbcb390) [0x00007f374fbcb540, 0x00007f374fbcb7d8] 
[5,590s][debug  ][gc,nmethod     ] GC(2) O: Purge NMethod: io.sirix.access.trx.node.json.ForwardingJsonNodeReadOnlyTrx.getNodeKey (0x00007f374fe30990) [0x00007f374fe30b60, 0x00007f374fe30ee8] 
[5,590s][debug  ][gc,nmethod     ] GC(2) O: Purge NMethod: java.util.concurrent.atomic.AtomicLong.compareAndSet (0x00007f374fdf9b10) [0x00007f374fdf9ca0, 0x00007f374fdf9dc0] 
[5,590s][debug  ][gc,nmethod     ] GC(2) O: Purge NMethod: io.sirix.service.json.shredder.JsonShredder.insertStringValue (0x00007f376f2d3190) [0x00007f376f2d3560, 0x00007f376f2d4ed0] 
[5,590s][debug  ][gc,nmethod     ] GC(2) O: Purge NMethod: jdk.internal.misc.Blocker.begin (0x00007f376f20a190) [0x00007f376f20a320, 0x00007f376f20a418] 
[5,590s][debug  ][gc,phases      ] GC(2) O: Concurrent Classes Purge 1,758ms
[5,590s][debug  ][gc,phases,start] GC(2) O: Concurrent References Enqueue
[5,590s][debug  ][gc,phases      ] GC(2) O: Concurrent References Enqueue 0,005ms
[5,590s][info   ][gc,phases      ] GC(2) O: Concurrent Process Non-Strong 8,198ms
[5,590s][debug  ][gc,phases,start] GC(2) O: Concurrent Reset Relocation Set
[5,590s][info   ][gc,phases      ] GC(2) O: Concurrent Reset Relocation Set 0,004ms
[5,590s][debug  ][gc,phases,start] GC(2) O: Concurrent Select Relocation Set
[5,590s][debug  ][gc,reloc       ] Synchronize all workers 1 _nworkers: 0 _nsynchronized: 0
[5,590s][debug  ][gc,reloc       ] Synchronize all workers 1 _nworkers: 0 _nsynchronized: 0
[5,591s][debug  ][gc,reloc       ] Desynchronize all workers _nworkers: 0 _nsynchronized: 0
[5,591s][debug  ][gc,reloc       ] Desynchronize all workers _nworkers: 0 _nsynchronized: 0
[5,591s][debug  ][gc,reloc       ] GC(2) O: Relocation Set (Medium Pages): 0->0, 0 skipped, 0 forwarding entries
[5,591s][debug  ][gc,reloc       ] GC(2) O: Relocation Set (Small Pages): 0->0, 0 skipped, 0 forwarding entries
[5,591s][debug  ][gc,task        ] GC(2) O: Executing ZRelocationSetInstallTask using ZWorkerOld with 1 workers
[5,591s][debug  ][gc,nmethod     ] Register NMethod: io.sirix.access.trx.page.NodePageReadOnlyTrx.getCurrentMaxIndirectPageTreeLevel (0x00007f376f33d690) [0x00007f376f33d900, 0x00007f376f33e220] Compiler: c2, Barriers: 15, Oops: 2, ImmediateOops: 1, NonImmediateOops: No
[5,591s][info   ][gc,phases      ] GC(2) O: Concurrent Select Relocation Set 0,630ms
[5,591s][debug  ][gc,phases,start] GC(2) O: Concurrent Remap Roots
[5,591s][info   ][gc,task        ] GC(2) O: Using 5 Workers for Old Generation
[5,591s][debug  ][gc,task        ] GC(2) O: Executing ZRemapYoungRootsTask using ZWorkerOld with 5 workers
[5,595s][info   ][gc,task        ] GC(2) O: Using 1 Workers for Old Generation
[5,595s][info   ][gc,phases      ] GC(2) O: Concurrent Remap Roots 4,127ms
[5,595s][debug  ][gc,reloc       ] Synchronize all workers 1 _nworkers: 0 _nsynchronized: 0
[5,595s][debug  ][gc,reloc       ] Synchronize all workers 1 _nworkers: 0 _nsynchronized: 0
[5,595s][debug  ][gc,phases,start] GC(2) O: Pause Relocate Start
[5,595s][debug  ][gc,reloc       ] GC(2) O: Joining workers: 1
[5,595s][info   ][gc,phases      ] GC(2) O: Pause Relocate Start 0,024ms
[5,595s][debug  ][gc,reloc       ] Desynchronize all workers _nworkers: 1 _nsynchronized: 0
[5,595s][debug  ][gc,reloc       ] Desynchronize all workers _nworkers: 0 _nsynchronized: 0
[5,595s][debug  ][gc,phases,start] GC(2) O: Concurrent Relocate
[5,595s][debug  ][gc,task        ] GC(2) O: Executing ZRelocateStoreBufferInstallBasePointersTask using ZWorkerOld with 1 workers
[5,596s][debug  ][gc,task        ] GC(2) O: Executing ZRelocateTask using ZWorkerOld with 1 workers
[5,596s][debug  ][gc,reloc       ] GC(2) O: Leaving workers: left: 0 _synchronize: 0 _nsynchronized: 0
[5,596s][info   ][gc,phases      ] GC(2) O: Concurrent Relocate 0,376ms
[5,596s][debug  ][gc,heap        ] GC(2) O: Heap after GC invocations=3 (full 3):
[5,596s][debug  ][gc,heap        ] GC(2) O:  ZHeap           used 422M, capacity 5120M, max capacity 15360M
[5,596s][debug  ][gc,heap        ] GC(2) O:  Metaspace       used 29285K, committed 29696K, reserved 1114112K
[5,596s][debug  ][gc,heap        ] GC(2) O:   class space    used 3283K, committed 3456K, reserved 1048576K
[5,596s][info   ][gc,alloc       ] GC(2) O:                         Mark Start        Mark End      Relocate Start    Relocate End   
[5,596s][info   ][gc,alloc       ] GC(2) O: Allocation Stalls:          0                0                0                0         
[5,596s][info   ][gc,load        ] GC(2) O: Load: 1,87 (9%) / 1,91 (10%) / 4,94 (25%)
[5,596s][info   ][gc,mmu         ] GC(2) O: MMU: 2ms/94,6%, 5ms/97,8%, 10ms/98,9%, 20ms/99,4%, 50ms/99,7%, 100ms/99,8%
[5,596s][info   ][gc,marking     ] GC(2) O: Mark: 1 stripe(s), 1 proactive flush(es), 1 terminate flush(es), 0 completion(s), 0 continuation(s) 
[5,596s][info   ][gc,marking     ] GC(2) O: Mark Stack Usage: 0M
[5,596s][info   ][gc,nmethod     ] GC(2) O: NMethods: 3155 registered, 305 unregistered
[5,596s][info   ][gc,metaspace   ] GC(2) O: Metaspace: 28M used, 29M committed, 1088M reserved
[5,596s][info   ][gc,ref         ] GC(2) O:                       Encountered   Discovered     Enqueued 
[5,596s][info   ][gc,ref         ] GC(2) O: Soft References:             3809            0            0 
[5,596s][info   ][gc,ref         ] GC(2) O: Weak References:             2649            0            0 
[5,596s][info   ][gc,ref         ] GC(2) O: Final References:            4246            0            0 
[5,596s][info   ][gc,ref         ] GC(2) O: Phantom References:          5177            0            0 
[5,596s][info   ][gc,heap        ] GC(2) O: Min Capacity: 5120M(33%)
[5,596s][info   ][gc,heap        ] GC(2) O: Max Capacity: 15360M(100%)
[5,596s][info   ][gc,heap        ] GC(2) O: Soft Max Capacity: 15360M(100%)
[5,596s][info   ][gc,heap        ] GC(2) O: Heap Statistics:
[5,596s][info   ][gc,heap        ] GC(2) O:                Mark Start          Mark End        Relocate Start      Relocate End           High               Low         
[5,596s][info   ][gc,heap        ] GC(2) O:  Capacity:     5120M (33%)        5120M (33%)        5120M (33%)        5120M (33%)        5120M (33%)        5120M (33%)    
[5,596s][info   ][gc,heap        ] GC(2) O:      Free:    12282M (80%)       14954M (97%)       14938M (97%)       14938M (97%)       14960M (97%)       12242M (80%)    
[5,596s][info   ][gc,heap        ] GC(2) O:      Used:     3078M (20%)         406M (3%)          422M (3%)          422M (3%)         3118M (20%)         400M (3%)     
[5,596s][info   ][gc,heap        ] GC(2) O: Old Generation Statistics:
[5,596s][info   ][gc,heap        ] GC(2) O:                Mark Start          Mark End        Relocate Start      Relocate End    
[5,596s][info   ][gc,heap        ] GC(2) O:      Used:        0M (0%)           54M (0%)           54M (0%)           54M (0%)     
[5,596s][info   ][gc,heap        ] GC(2) O:      Live:         -                 0M (0%)            0M (0%)            0M (0%)     
[5,596s][info   ][gc,heap        ] GC(2) O:   Garbage:         -                 0M (0%)            0M (0%)            0M (0%)     
[5,596s][info   ][gc,heap        ] GC(2) O: Allocated:         -                54M (0%)           54M (0%)           54M (0%)     
[5,596s][info   ][gc,heap        ] GC(2) O: Reclaimed:         -                  -                 0M (0%)            0M (0%)     
[5,596s][info   ][gc,heap        ] GC(2) O: Compacted:         -                  -                  -                 0M (0%)     
[5,596s][info   ][gc,phases      ] GC(2) O: Old Generation 404M(3%)->422M(3%) 0,016s
[5,596s][info   ][gc             ] GC(2) Major Collection (Warmup) 3078M(20%)->422M(3%) 0,062s
[5,605s][debug  ][gc,director    ] Rule Major: Warmup 30%, Used: 434MB, UsedThreshold: 4608MB
[5,611s][debug  ][gc,alloc       ] Mutator Allocation Rate: 946,9MB/s Predicted: 1018,6MB/s, Avg: 687,8(+/-193,0)MB/s
[5,611s][debug  ][gc,director    ] Rule Major: Warmup 30%, Used: 442MB, UsedThreshold: 4608MB
[5,621s][debug  ][gc,director    ] Rule Major: Warmup 30%, Used: 454MB, UsedThreshold: 4608MB
[5,631s][debug  ][gc,director    ] Rule Major: Warmup 30%, Used: 466MB, UsedThreshold: 4608MB
[5,641s][debug  ][gc,director    ] Rule Major: Warmup 30%, Used: 480MB, UsedThreshold: 4608MB
[5,651s][debug  ][gc,director    ] Rule Major: Warmup 30%, Used: 494MB, UsedThreshold: 4608MB
[5,662s][debug  ][gc,director    ] Rule Major: Warmup 30%, Used: 506MB, UsedThreshold: 4608MB
[5,663s][debug  ][gc,nmethod     ] Register NMethod: org.magicwerk.brownies.collections.GapList.doAdd (0x00007f376f2d3f90) [0x00007f376f2d42e0, 0x00007f376f2d5738] Compiler: c2, Barriers: 18, Oops: 1, ImmediateOops: 0, NonImmediateOops: No
[5,664s][debug  ][gc,nmethod     ] Register NMethod: io.sirix.cache.TransactionIntentLog.put (0x00007f376f32e590) [0x00007f376f32e760, 0x00007f376f32eb40] Compiler: c2, Barriers: 7, Oops: 1, ImmediateOops: 0, NonImmediateOops: No
[5,668s][debug  ][gc,nmethod     ] Register NMethod: io.sirix.access.trx.page.NodePageReadOnlyTrx.getRevisionNumber (0x00007f376f20a190) [0x00007f376f20a320, 0x00007f376f20a410] Compiler: c2, Barriers: 1, Oops: 1, ImmediateOops: 0, NonImmediateOops: No
[5,672s][debug  ][gc,director    ] Rule Major: Warmup 30%, Used: 520MB, UsedThreshold: 4608MB
[5,673s][debug  ][gc,nmethod     ] Register NMethod: io.sirix.page.KeyValueLeafPage.<init> (0x00007f376f348690) [0x00007f376f3488a0, 0x00007f376f349358] Compiler: c2, Barriers: 25, Oops: 1, ImmediateOops: 0, NonImmediateOops: No
[5,682s][debug  ][gc,director    ] Rule Major: Warmup 30%, Used: 532MB, UsedThreshold: 4608MB
[5,691s][debug  ][gc,nmethod     ] Register NMethod: io.sirix.access.trx.page.NodePageTrx.lambda$prepareRecordPage$3 (0x00007f376f2c2e10) [0x00007f376f2c3280, 0x00007f376f2c58b0] Compiler: c2, Barriers: 72, Oops: 4, ImmediateOops: 5, NonImmediateOops: No
[5,692s][debug  ][gc,director    ] Rule Major: Warmup 30%, Used: 546MB, UsedThreshold: 4608MB
[5,693s][debug  ][gc,nmethod     ] Register NMethod: io.sirix.page.KeyValueLeafPage.<init> (0x00007f376f344d10) [0x00007f376f344f20, 0x00007f376f345988] Compiler: c2, Barriers: 29, Oops: 2, ImmediateOops: 0, NonImmediateOops: No
[5,702s][debug  ][gc,director    ] Rule Major: Warmup 30%, Used: 558MB, UsedThreshold: 4608MB
[5,704s][debug  ][gc,alloc       ] Mutator Allocation Rate: 953,8MB/s Predicted: 1029,5MB/s, Avg: 695,0(+/-195,2)MB/s
[5,704s][debug  ][gc,director    ] Rule Major: Warmup 30%, Used: 562MB, UsedThreshold: 4608MB
[5,714s][debug  ][gc,director    ] Rule Major: Warmup 30%, Used: 574MB, UsedThreshold: 4608MB
[5,724s][debug  ][gc,director    ] Rule Major: Warmup 30%, Used: 588MB, UsedThreshold: 4608MB
[5,734s][debug  ][gc,director    ] Rule Major: Warmup 30%, Used: 602MB, UsedThreshold: 4608MB
[5,745s][debug  ][gc,director    ] Rule Major: Warmup 30%, Used: 614MB, UsedThreshold: 4608MB
[5,755s][debug  ][gc,director    ] Rule Major: Warmup 30%, Used: 628MB, UsedThreshold: 4608MB
[5,765s][debug  ][gc,director    ] Rule Major: Warmup 30%, Used: 642MB, UsedThreshold: 4608MB
[5,775s][debug  ][gc,director    ] Rule Major: Warmup 30%, Used: 654MB, UsedThreshold: 4608MB
[5,785s][debug  ][gc,director    ] Rule Major: Warmup 30%, Used: 668MB, UsedThreshold: 4608MB
[5,795s][debug  ][gc,alloc       ] Mutator Allocation Rate: 960,7MB/s Predicted: 1039,8MB/s, Avg: 702,0(+/-197,2)MB/s
[5,795s][debug  ][gc,director    ] Rule Major: Warmup 30%, Used: 682MB, UsedThreshold: 4608MB
[5,805s][debug  ][gc,director    ] Rule Major: Warmup 30%, Used: 694MB, UsedThreshold: 4608MB
[5,815s][debug  ][gc,director    ] Rule Major: Warmup 30%, Used: 708MB, UsedThreshold: 4608MB
[5,825s][debug  ][gc,director    ] Rule Major: Warmup 30%, Used: 722MB, UsedThreshold: 4608MB
[5,836s][debug  ][gc,director    ] Rule Major: Warmup 30%, Used: 734MB, UsedThreshold: 4608MB
[5,846s][debug  ][gc,director    ] Rule Major: Warmup 30%, Used: 748MB, UsedThreshold: 4608MB
[5,856s][debug  ][gc,director    ] Rule Major: Warmup 30%, Used: 762MB, UsedThreshold: 4608MB
[5,866s][debug  ][gc,director    ] Rule Major: Warmup 30%, Used: 776MB, UsedThreshold: 4608MB
[5,876s][debug  ][gc,director    ] Rule Major: Warmup 30%, Used: 788MB, UsedThreshold: 4608MB
[5,886s][debug  ][gc,alloc       ] Mutator Allocation Rate: 967,5MB/s Predicted: 1049,7MB/s, Avg: 708,8(+/-199,1)MB/s
[5,886s][debug  ][gc,director    ] Rule Major: Warmup 30%, Used: 802MB, UsedThreshold: 4608MB
[5,892s][debug  ][gc,nmethod     ] Register NMethod: sun.nio.fs.NativeBuffer.close (0x00007f374fa10010) [0x00007f374fa101c0, 0x00007f374fa10368] Compiler: c1, Barriers: 0, Oops: 0, ImmediateOops: 0, NonImmediateOops: No
[5,892s][debug  ][gc,nmethod     ] Register NMethod: sun.nio.fs.UnixPath.getByteArrayForSysCalls (0x00007f374fa2ec10) [0x00007f374fa2ee00, 0x00007f374fa2f390] Compiler: c1, Barriers: 4, Oops: 0, ImmediateOops: 0, NonImmediateOops: No
[5,892s][debug  ][gc,nmethod     ] Register NMethod: sun.nio.fs.UnixNativeDispatcher.copyToNativeBuffer (0x00007f374fdf0f10) [0x00007f374fdf1120, 0x00007f374fdf15e8] Compiler: c1, Barriers: 4, Oops: 0, ImmediateOops: 0, NonImmediateOops: No
[5,893s][debug  ][gc,nmethod     ] Register NMethod: sun.nio.fs.NativeBuffers.getNativeBufferFromCache (0x00007f374fbdf290) [0x00007f374fbdf4a0, 0x00007f374fbdfbe8] Compiler: c1, Barriers: 4, Oops: 1, ImmediateOops: 2, NonImmediateOops: No
[5,893s][debug  ][gc,nmethod     ] Register NMethod: sun.nio.fs.NativeBuffer.release (0x00007f374fa35b90) [0x00007f374fa35d40, 0x00007f374fa35e78] Compiler: c1, Barriers: 0, Oops: 0, ImmediateOops: 0, NonImmediateOops: No
[5,893s][debug  ][gc,nmethod     ] Register NMethod: sun.nio.fs.NativeBuffers.releaseNativeBuffer (0x00007f374fe3d990) [0x00007f374fe3dd20, 0x00007f374fe3f6e0] Compiler: c1, Barriers: 13, Oops: 2, ImmediateOops: 5, NonImmediateOops: No
[5,895s][debug  ][gc,nmethod     ] Register NMethod: com.google.common.base.Preconditions.checkNotNull (0x00007f374fa75090) [0x00007f374fa75240, 0x00007f374fa75428] Compiler: c1, Barriers: 0, Oops: 1, ImmediateOops: 0, NonImmediateOops: No
[5,895s][debug  ][gc,nmethod     ] Register NMethod: com.google.common.hash.HashCode$BytesHashCode.<init> (0x00007f374fe61f10) [0x00007f374fe620e0, 0x00007f374fe62470] Compiler: c1, Barriers: 3, Oops: 1, ImmediateOops: 0, NonImmediateOops: No
[5,896s][debug  ][gc,nmethod     ] Register NMethod: com.google.common.hash.HashCode.fromBytesNoCopy (0x00007f374fd83c90) [0x00007f374fd83e60, 0x00007f374fd84288] Compiler: c1, Barriers: 3, Oops: 1, ImmediateOops: 0, NonImmediateOops: No
[5,896s][debug  ][gc,nmethod     ] Register NMethod: com.google.common.hash.HashCode.<init> (0x00007f374faf8810) [0x00007f374faf89a0, 0x00007f374faf8b00] Compiler: c1, Barriers: 0, Oops: 1, ImmediateOops: 0, NonImmediateOops: No
[5,896s][debug  ][gc,director    ] Rule Major: Warmup 30%, Used: 846MB, UsedThreshold: 4608MB
[5,896s][debug  ][gc,director    ] Select Minor GC Workers (Not Warm), GCWorkers: 5,000
[5,896s][debug  ][gc,director    ] Rule Minor: Allocation Rate (Dynamic GC Workers), MaxAllocRate: 708,8MB/s (+/-28,1%), Free: 14472MB, GCCPUTime: 1,115, GCDuration: 0,231s, TimeUntilOOM: 15,939s, TimeUntilGC: 15,708s, GCWorkers: 5
[5,896s][debug  ][gc,director    ] Select Minor GC Workers (Not Warm), GCWorkers: 5,000
[5,896s][debug  ][gc,director    ] Rule Minor: Allocation Rate (Dynamic GC Workers), MaxAllocRate: 2754,7MB/s (+/-28,1%), Free: 14472MB, GCCPUTime: 1,115, GCDuration: 0,231s, TimeUntilOOM: 4,101s, TimeUntilGC: 3,870s, GCWorkers: 5
[5,896s][debug  ][gc,director    ] Rule Minor: High Usage, Free: 14472MB(94,2%)
[5,903s][debug  ][gc,alloc       ] Mutator Allocation Rate: 988,8MB/s Predicted: 1060,7MB/s, Avg: 715,8(+/-201,4)MB/s
[5,903s][debug  ][gc,director    ] Rule Major: Warmup 30%, Used: 922MB, UsedThreshold: 4608MB
[5,903s][debug  ][gc,director    ] Select Minor GC Workers (Not Warm), GCWorkers: 5,000
[5,903s][debug  ][gc,director    ] Rule Minor: Allocation Rate (Dynamic GC Workers), MaxAllocRate: 715,8MB/s (+/-28,1%), Free: 14396MB, GCCPUTime: 1,115, GCDuration: 0,231s, TimeUntilOOM: 15,695s, TimeUntilGC: 15,464s, GCWorkers: 5
[5,903s][debug  ][gc,director    ] Select Minor GC Workers (Not Warm), GCWorkers: 5,000
[5,903s][debug  ][gc,director    ] Rule Minor: Allocation Rate (Dynamic GC Workers), MaxAllocRate: 2784,2MB/s (+/-28,1%), Free: 14396MB, GCCPUTime: 1,115, GCDuration: 0,231s, TimeUntilOOM: 4,035s, TimeUntilGC: 3,804s, GCWorkers: 5
[5,903s][debug  ][gc,director    ] Rule Minor: High Usage, Free: 14396MB(93,7%)
[5,904s][debug  ][gc,nmethod     ] Register NMethod: java.util.Spliterator.getExactSizeIfKnown (0x00007f376f218f90) [0x00007f376f219120, 0x00007f376f2191e8] Compiler: c2, Barriers: 0, Oops: 0, ImmediateOops: 0, NonImmediateOops: No
[5,912s][debug  ][gc,nmethod     ] Register NMethod: java.util.stream.StreamOpFlag.isKnown (0x00007f376f245510) [0x00007f376f245680, 0x00007f376f245710] Compiler: c2, Barriers: 0, Oops: 0, ImmediateOops: 0, NonImmediateOops: No
[5,913s][debug  ][gc,alloc       ] Mutator Allocation Rate: 1011,5MB/s Predicted: 1072,7MB/s, Avg: 723,0(+/-204,1)MB/s
[5,913s][debug  ][gc,director    ] Rule Major: Warmup 30%, Used: 1042MB, UsedThreshold: 4608MB
[5,913s][debug  ][gc,director    ] Select Minor GC Workers (Not Warm), GCWorkers: 5,000
[5,913s][debug  ][gc,director    ] Rule Minor: Allocation Rate (Dynamic GC Workers), MaxAllocRate: 723,0MB/s (+/-28,2%), Free: 14276MB, GCCPUTime: 1,115, GCDuration: 0,231s, TimeUntilOOM: 15,398s, TimeUntilGC: 15,167s, GCWorkers: 5
[5,913s][debug  ][gc,director    ] Select Minor GC Workers (Not Warm), GCWorkers: 5,000
[5,913s][debug  ][gc,director    ] Rule Minor: Allocation Rate (Dynamic GC Workers), MaxAllocRate: 2817,1MB/s (+/-28,2%), Free: 14276MB, GCCPUTime: 1,115, GCDuration: 0,231s, TimeUntilOOM: 3,952s, TimeUntilGC: 3,721s, GCWorkers: 5
[5,913s][debug  ][gc,director    ] Rule Minor: High Usage, Free: 14276MB(92,9%)
[5,914s][debug  ][gc,nmethod     ] Register NMethod: net.openhft.chronicle.bytes.NativeBytes.checkResize (0x00007f376f246c90) [0x00007f376f246e20, 0x00007f376f246ec0] Compiler: c2, Barriers: 0, Oops: 1, ImmediateOops: 0, NonImmediateOops: No
[5,923s][debug  ][gc,director    ] Rule Major: Warmup 30%, Used: 1140MB, UsedThreshold: 4608MB
[5,923s][debug  ][gc,director    ] Select Minor GC Workers (Not Warm), GCWorkers: 5,000
[5,923s][debug  ][gc,director    ] Rule Minor: Allocation Rate (Dynamic GC Workers), MaxAllocRate: 723,0MB/s (+/-28,2%), Free: 14178MB, GCCPUTime: 1,115, GCDuration: 0,231s, TimeUntilOOM: 15,292s, TimeUntilGC: 15,061s, GCWorkers: 5
[5,923s][debug  ][gc,director    ] Select Minor GC Workers (Not Warm), GCWorkers: 5,000
[5,923s][debug  ][gc,director    ] Rule Minor: Allocation Rate (Dynamic GC Workers), MaxAllocRate: 2817,1MB/s (+/-28,2%), Free: 14178MB, GCCPUTime: 1,115, GCDuration: 0,231s, TimeUntilOOM: 3,925s, TimeUntilGC: 3,694s, GCWorkers: 5
[5,923s][debug  ][gc,director    ] Rule Minor: High Usage, Free: 14178MB(92,3%)
[5,925s][debug  ][gc,alloc       ] Mutator Allocation Rate: 1033,5MB/s Predicted: 1085,6MB/s, Avg: 730,4(+/-207,2)MB/s
[5,925s][debug  ][gc,director    ] Rule Major: Warmup 30%, Used: 1166MB, UsedThreshold: 4608MB
[5,925s][debug  ][gc,director    ] Select Minor GC Workers (Not Warm), GCWorkers: 5,000
[5,925s][debug  ][gc,director    ] Rule Minor: Allocation Rate (Dynamic GC Workers), MaxAllocRate: 730,4MB/s (+/-28,4%), Free: 14152MB, GCCPUTime: 1,115, GCDuration: 0,231s, TimeUntilOOM: 15,094s, TimeUntilGC: 14,863s, GCWorkers: 5
[5,925s][debug  ][gc,director    ] Select Minor GC Workers (Not Warm), GCWorkers: 5,000
[5,925s][debug  ][gc,director    ] Rule Minor: Allocation Rate (Dynamic GC Workers), MaxAllocRate: 2852,9MB/s (+/-28,4%), Free: 14152MB, GCCPUTime: 1,115, GCDuration: 0,231s, TimeUntilOOM: 3,865s, TimeUntilGC: 3,634s, GCWorkers: 5
[5,925s][debug  ][gc,director    ] Rule Minor: High Usage, Free: 14152MB(92,1%)
[5,928s][debug  ][gc,nmethod     ] Register NMethod: java.util.ArrayList$ArrayListSpliterator.trySplit (0x00007f374fe39190) [0x00007f374fe39360, 0x00007f374fe39778] Compiler: c1, Barriers: 5, Oops: 0, ImmediateOops: 0, NonImmediateOops: No
[5,936s][debug  ][gc,director    ] Rule Major: Warmup 30%, Used: 1262MB, UsedThreshold: 4608MB
[5,936s][debug  ][gc,director    ] Select Minor GC Workers (Not Warm), GCWorkers: 5,000
[5,936s][debug  ][gc,director    ] Rule Minor: Allocation Rate (Dynamic GC Workers), MaxAllocRate: 730,4MB/s (+/-28,4%), Free: 14056MB, GCCPUTime: 1,115, GCDuration: 0,231s, TimeUntilOOM: 14,992s, TimeUntilGC: 14,761s, GCWorkers: 5
[5,936s][debug  ][gc,director    ] Select Minor GC Workers (Not Warm), GCWorkers: 5,000
[5,936s][debug  ][gc,director    ] Rule Minor: Allocation Rate (Dynamic GC Workers), MaxAllocRate: 2852,9MB/s (+/-28,4%), Free: 14056MB, GCCPUTime: 1,115, GCDuration: 0,231s, TimeUntilOOM: 3,838s, TimeUntilGC: 3,607s, GCWorkers: 5
[5,936s][debug  ][gc,director    ] Rule Minor: High Usage, Free: 14056MB(91,5%)
[5,936s][debug  ][gc,nmethod     ] Register NMethod: java.util.stream.ForEachOps$ForEachTask.compute (0x00007f374fa24090) [0x00007f374fa24380, 0x00007f374fa253b8] Compiler: c1, Barriers: 21, Oops: 1, ImmediateOops: 1, NonImmediateOops: No
[5,937s][debug  ][gc,alloc       ] Mutator Allocation Rate: 1055,5MB/s Predicted: 1099,3MB/s, Avg: 738,0(+/-210,5)MB/s
[5,937s][debug  ][gc,director    ] Rule Major: Warmup 30%, Used: 1284MB, UsedThreshold: 4608MB
[5,937s][debug  ][gc,director    ] Select Minor GC Workers (Not Warm), GCWorkers: 5,000
[5,937s][debug  ][gc,director    ] Rule Minor: Allocation Rate (Dynamic GC Workers), MaxAllocRate: 738,0MB/s (+/-28,5%), Free: 14034MB, GCCPUTime: 1,115, GCDuration: 0,231s, TimeUntilOOM: 14,796s, TimeUntilGC: 14,565s, GCWorkers: 5
[5,937s][debug  ][gc,director    ] Select Minor GC Workers (Not Warm), GCWorkers: 5,000
[5,937s][debug  ][gc,director    ] Rule Minor: Allocation Rate (Dynamic GC Workers), MaxAllocRate: 2891,4MB/s (+/-28,5%), Free: 14034MB, GCCPUTime: 1,115, GCDuration: 0,231s, TimeUntilOOM: 3,776s, TimeUntilGC: 3,545s, GCWorkers: 5
[5,937s][debug  ][gc,director    ] Rule Minor: High Usage, Free: 14034MB(91,4%)
[5,942s][debug  ][gc,nmethod     ] Register NMethod: net.openhft.chronicle.bytes.NativeBytes.resize (0x00007f376f289d90) [0x00007f376f28a300, 0x00007f376f28d378] Compiler: c2, Barriers: 70, Oops: 5, ImmediateOops: 18, NonImmediateOops: No
[5,945s][debug  ][gc,nmethod     ] Register NMethod: java.io.DataOutputStream.write (0x00007f376f2ecf10) [0x00007f376f2ed0c0, 0x00007f376f2ed638] Compiler: c2, Barriers: 2, Oops: 1, ImmediateOops: 0, NonImmediateOops: No
[5,947s][debug  ][gc,director    ] Rule Major: Warmup 30%, Used: 1390MB, UsedThreshold: 4608MB
[5,947s][debug  ][gc,director    ] Select Minor GC Workers (Not Warm), GCWorkers: 5,000
[5,947s][debug  ][gc,director    ] Rule Minor: Allocation Rate (Dynamic GC Workers), MaxAllocRate: 738,0MB/s (+/-28,5%), Free: 13928MB, GCCPUTime: 1,115, GCDuration: 0,231s, TimeUntilOOM: 14,684s, TimeUntilGC: 14,453s, GCWorkers: 5
[5,947s][debug  ][gc,director    ] Select Minor GC Workers (Not Warm), GCWorkers: 5,000
[5,947s][debug  ][gc,director    ] Rule Minor: Allocation Rate (Dynamic GC Workers), MaxAllocRate: 2891,4MB/s (+/-28,5%), Free: 13928MB, GCCPUTime: 1,115, GCDuration: 0,231s, TimeUntilOOM: 3,748s, TimeUntilGC: 3,517s, GCWorkers: 5
[5,947s][debug  ][gc,director    ] Rule Minor: High Usage, Free: 13928MB(90,7%)
[5,949s][debug  ][gc,nmethod     ] Register NMethod: java.util.concurrent.ForkJoinPool.awaitWork (0x00007f374fe1d490) [0x00007f374fe1d7e0, 0x00007f374fe1ec60] Compiler: c1, Barriers: 4, Oops: 0, ImmediateOops: 2, NonImmediateOops: No
[5,949s][debug  ][gc,nmethod     ] Register NMethod: jdk.internal.misc.Unsafe.putReferenceOpaque (0x00007f374fa7bd10) [0x00007f374fa7bea0, 0x00007f374fa7c020] Compiler: c1, Barriers: 3, Oops: 0, ImmediateOops: 0, NonImmediateOops: No
[5,949s][debug  ][gc,nmethod     ] Register NMethod: java.lang.Thread.interrupted (0x00007f374fa92f10) [0x00007f374fa930c0, 0x00007f374fa932a8] Compiler: c1, Barriers: 1, Oops: 0, ImmediateOops: 0, NonImmediateOops: No
[5,955s][debug  ][gc,nmethod     ] Register NMethod: io.sirix.page.SerializationType.writePageFragments (0x00007f376f299110) [0x00007f376f2993e0, 0x00007f376f29a150] Compiler: c2, Barriers: 15, Oops: 1, ImmediateOops: 0, NonImmediateOops: No
[5,956s][debug  ][gc,nmethod     ] Register NMethod: java.nio.channels.spi.AbstractInterruptibleChannel.begin (0x00007f376f288210) [0x00007f376f2883e0, 0x00007f376f288988] Compiler: c2, Barriers: 12, Oops: 0, ImmediateOops: 1, NonImmediateOops: No
[5,958s][debug  ][gc,director    ] Rule Major: Warmup 30%, Used: 1398MB, UsedThreshold: 4608MB
[5,958s][debug  ][gc,director    ] Select Minor GC Workers (Not Warm), GCWorkers: 5,000
[5,958s][debug  ][gc,director    ] Rule Minor: Allocation Rate (Dynamic GC Workers), MaxAllocRate: 738,0MB/s (+/-28,5%), Free: 13920MB, GCCPUTime: 1,115, GCDuration: 0,231s, TimeUntilOOM: 14,676s, TimeUntilGC: 14,445s, GCWorkers: 5
[5,958s][debug  ][gc,director    ] Select Minor GC Workers (Not Warm), GCWorkers: 5,000
[5,958s][debug  ][gc,director    ] Rule Minor: Allocation Rate (Dynamic GC Workers), MaxAllocRate: 2891,4MB/s (+/-28,5%), Free: 13920MB, GCCPUTime: 1,115, GCDuration: 0,231s, TimeUntilOOM: 3,746s, TimeUntilGC: 3,515s, GCWorkers: 5
[5,958s][debug  ][gc,director    ] Rule Minor: High Usage, Free: 13920MB(90,6%)
[5,961s][debug  ][gc,alloc       ] Mutator Allocation Rate: 1074,7MB/s Predicted: 1113,5MB/s, Avg: 745,6(+/-214,1)MB/s
[5,962s][debug  ][gc,director    ] Rule Major: Warmup 30%, Used: 1402MB, UsedThreshold: 4608MB
[5,962s][debug  ][gc,director    ] Select Minor GC Workers (Not Warm), GCWorkers: 5,000
[5,962s][debug  ][gc,director    ] Rule Minor: Allocation Rate (Dynamic GC Workers), MaxAllocRate: 745,6MB/s (+/-28,7%), Free: 13916MB, GCCPUTime: 1,115, GCDuration: 0,231s, TimeUntilOOM: 14,500s, TimeUntilGC: 14,269s, GCWorkers: 5
[5,962s][debug  ][gc,director    ] Select Minor GC Workers (Not Warm), GCWorkers: 5,000
[5,962s][debug  ][gc,director    ] Rule Minor: Allocation Rate (Dynamic GC Workers), MaxAllocRate: 2931,5MB/s (+/-28,7%), Free: 13916MB, GCCPUTime: 1,115, GCDuration: 0,231s, TimeUntilOOM: 3,688s, TimeUntilGC: 3,457s, GCWorkers: 5
[5,962s][debug  ][gc,director    ] Rule Minor: High Usage, Free: 13916MB(90,6%)
[5,967s][debug  ][gc,nmethod     ] Register NMethod: sun.nio.ch.FileChannelImpl.size (0x00007f376f31c590) [0x00007f376f31c8a0, 0x00007f376f31e1a8] Compiler: c2, Barriers: 27, Oops: 0, ImmediateOops: 3, NonImmediateOops: No
[5,969s][debug  ][gc,nmethod     ] Register NMethod: sun.nio.ch.NativeThreadSet.add (0x00007f376f31be10) [0x00007f376f31bfc0, 0x00007f376f31c360] Compiler: c2, Barriers: 1, Oops: 0, ImmediateOops: 0, NonImmediateOops: No
[5,972s][debug  ][gc,director    ] Rule Major: Warmup 30%, Used: 1410MB, UsedThreshold: 4608MB
[5,972s][debug  ][gc,director    ] Select Minor GC Workers (Not Warm), GCWorkers: 5,000
[5,972s][debug  ][gc,director    ] Rule Minor: Allocation Rate (Dynamic GC Workers), MaxAllocRate: 745,6MB/s (+/-28,7%), Free: 13908MB, GCCPUTime: 1,115, GCDuration: 0,231s, TimeUntilOOM: 14,492s, TimeUntilGC: 14,261s, GCWorkers: 5
[5,972s][debug  ][gc,director    ] Select Minor GC Workers (Not Warm), GCWorkers: 5,000
[5,972s][debug  ][gc,director    ] Rule Minor: Allocation Rate (Dynamic GC Workers), MaxAllocRate: 2931,5MB/s (+/-28,7%), Free: 13908MB, GCCPUTime: 1,115, GCDuration: 0,231s, TimeUntilOOM: 3,686s, TimeUntilGC: 3,455s, GCWorkers: 5
[5,972s][debug  ][gc,director    ] Rule Minor: High Usage, Free: 13908MB(90,5%)
[5,972s][debug  ][gc,nmethod     ] Register NMethod: io.sirix.page.SerializationType.writeHash (0x00007f376f29bc10) [0x00007f376f29bec0, 0x00007f376f29cae8] Compiler: c2, Barriers: 14, Oops: 2, ImmediateOops: 0, NonImmediateOops: No
[5,973s][debug  ][gc,nmethod     ] Register NMethod: sun.nio.ch.NativeThreadSet.remove (0x00007f376f278690) [0x00007f376f278820, 0x00007f376f278aa0] Compiler: c2, Barriers: 1, Oops: 0, ImmediateOops: 0, NonImmediateOops: No
[5,974s][debug  ][gc,nmethod     ] Register NMethod: java.nio.channels.spi.AbstractInterruptibleChannel.end (0x00007f376f384c10) [0x00007f376f384dc0, 0x00007f376f3851c0] Compiler: c2, Barriers: 6, Oops: 0, ImmediateOops: 1, NonImmediateOops: No
[5,977s][debug  ][gc,nmethod     ] Register NMethod: java.util.Optional.get (0x00007f374fa5db90) [0x00007f374fa5dd40, 0x00007f374fa5df88] Compiler: c1, Barriers: 1, Oops: 0, ImmediateOops: 1, NonImmediateOops: No
[5,977s][debug  ][gc,nmethod     ] Register NMethod: net.openhft.chronicle.bytes.AbstractBytes.writePosition (0x00007f376f2eb190) [0x00007f376f2eb3a0, 0x00007f376f2eb740] Compiler: c2, Barriers: 2, Oops: 1, ImmediateOops: 0, NonImmediateOops: No
[5,982s][debug  ][gc,director    ] Rule Major: Warmup 30%, Used: 1414MB, UsedThreshold: 4608MB
[5,982s][debug  ][gc,director    ] Select Minor GC Workers (Not Warm), GCWorkers: 5,000
[5,982s][debug  ][gc,director    ] Rule Minor: Allocation Rate (Dynamic GC Workers), MaxAllocRate: 745,6MB/s (+/-28,7%), Free: 13904MB, GCCPUTime: 1,115, GCDuration: 0,231s, TimeUntilOOM: 14,488s, TimeUntilGC: 14,257s, GCWorkers: 5
[5,982s][debug  ][gc,director    ] Select Minor GC Workers (Not Warm), GCWorkers: 5,000
[5,982s][debug  ][gc,director    ] Rule Minor: Allocation Rate (Dynamic GC Workers), MaxAllocRate: 2931,5MB/s (+/-28,7%), Free: 13904MB, GCCPUTime: 1,115, GCDuration: 0,231s, TimeUntilOOM: 3,685s, TimeUntilGC: 3,454s, GCWorkers: 5
[5,982s][debug  ][gc,director    ] Rule Minor: High Usage, Free: 13904MB(90,5%)
[5,983s][debug  ][gc,nmethod     ] Register NMethod: java.lang.ThreadLocal.getMap (0x00007f376f291e90) [0x00007f376f292020, 0x00007f376f2920e8] Compiler: c2, Barriers: 1, Oops: 0, ImmediateOops: 0, NonImmediateOops: No
[5,983s][debug  ][gc,nmethod     ] Register NMethod: java.nio.DirectByteBuffer.isReadOnly (0x00007f376f2eae90) [0x00007f376f2eb020, 0x00007f376f2eb0e0] Compiler: c1, Barriers: 0, Oops: 0, ImmediateOops: 0, NonImmediateOops: No
[5,983s][debug  ][gc,nmethod     ] Register NMethod: java.nio.file.Files.provider (0x00007f374fa65a90) [0x00007f374fa65c40, 0x00007f374fa65e60] Compiler: c1, Barriers: 2, Oops: 0, ImmediateOops: 0, NonImmediateOops: No
[5,983s][debug  ][gc,nmethod     ] Register NMethod: java.lang.Record.<init> (0x00007f376f34b890) [0x00007f376f34ba00, 0x00007f376f34ba78] Compiler: c2, Barriers: 0, Oops: 0, ImmediateOops: 0, NonImmediateOops: No
[5,984s][debug  ][gc,nmethod     ] Register NMethod: java.nio.DirectByteBuffer.base (0x00007f376f355790) [0x00007f376f355920, 0x00007f376f3559e8] Compiler: c1, Barriers: 0, Oops: 0, ImmediateOops: 0, NonImmediateOops: No
[5,984s][debug  ][gc,nmethod     ] Register NMethod: net.jpountz.lz4.LZ4BlockInputStream.read (0x00007f374ff45410) [0x00007f374ff45660, 0x00007f374ff45ff0] Compiler: c1, Barriers: 1, Oops: 1, ImmediateOops: 1, NonImmediateOops: No
[5,985s][debug  ][gc,nmethod     ] Register NMethod: java.lang.AbstractStringBuilder.ensureCapacity (0x00007f374fded590) [0x00007f374fded740, 0x00007f374fded8b0] Compiler: c1, Barriers: 0, Oops: 0, ImmediateOops: 0, NonImmediateOops: No
[5,985s][debug  ][gc,nmethod     ] Register NMethod: io.sirix.node.NodeKind$31.deserialize (0x00007f374fb4e610) [0x00007f374fb4e820, 0x00007f374fb4ee60] Compiler: c1, Barriers: 3, Oops: 1, ImmediateOops: 0, NonImmediateOops: No
[5,985s][debug  ][gc,nmethod     ] Register NMethod: net.openhft.chronicle.core.util.StringUtils.setCount (0x00007f374fab8d10) [0x00007f374fab8ec0, 0x00007f374fab90c0] Compiler: c1, Barriers: 0, Oops: 1, ImmediateOops: 1, NonImmediateOops: No
[5,985s][debug  ][gc,nmethod     ] Register NMethod: java.lang.StringBuilder.ensureCapacity (0x00007f374fad6010) [0x00007f374fad61c0, 0x00007f374fad6388] Compiler: c1, Barriers: 0, Oops: 0, ImmediateOops: 0, NonImmediateOops: No
[5,985s][debug  ][gc,nmethod     ] Register NMethod: io.sirix.node.NodeKind$32.deserialize (0x00007f374fa34c90) [0x00007f374fa34e40, 0x00007f374fa35150] Compiler: c1, Barriers: 0, Oops: 1, ImmediateOops: 0, NonImmediateOops: No
[5,985s][debug  ][gc,nmethod     ] Register NMethod: net.openhft.chronicle.core.Maths.agitate (0x00007f374fa88e90) [0x00007f374fa89040, 0x00007f374fa89178] Compiler: c1, Barriers: 0, Oops: 1, ImmediateOops: 0, NonImmediateOops: No
[5,985s][debug  ][gc,nmethod     ] Register NMethod: net.openhft.chronicle.core.pool.StringBuilderPool$$Lambda/0x000000008030cee8.accept (0x00007f374fa30a10) [0x00007f374fa30bc0, 0x00007f374fa30e98] Compiler: c1, Barriers: 0, Oops: 1, ImmediateOops: 0, NonImmediateOops: No
[5,985s][debug  ][gc,nmethod     ] Register NMethod: net.openhft.chronicle.core.pool.StringBuilderPool.lambda$createThreadLocal$2 (0x00007f374faf7610) [0x00007f374faf77c0, 0x00007f374faf7948] Compiler: c1, Barriers: 0, Oops: 1, ImmediateOops: 0, NonImmediateOops: No
[5,985s][debug  ][gc,nmethod     ] Register NMethod: java.lang.StringBuilder.charAt (0x00007f376f2bc210) [0x00007f376f2bc3a0, 0x00007f376f2bc518] Compiler: c2, Barriers: 1, Oops: 1, ImmediateOops: 0, NonImmediateOops: No
[5,985s][debug  ][gc,nmethod     ] Register NMethod: net.openhft.chronicle.bytes.internal.BytesInternal.parseUtf8_SB1 (0x00007f374ff36e10) [0x00007f374ff37180, 0x00007f374ff38550] Compiler: c1, Barriers: 0, Oops: 3, ImmediateOops: 2, NonImmediateOops: No
[5,986s][debug  ][gc,nmethod     ] Register NMethod: net.openhft.chronicle.bytes.internal.BytesInternal.parseUtf8 (0x00007f374fad9990) [0x00007f374fad9c20, 0x00007f374fadaaa0] Compiler: c1, Barriers: 2, Oops: 1, ImmediateOops: 0, NonImmediateOops: No
[5,986s][debug  ][gc,nmethod     ] Register NMethod: io.sirix.index.path.summary.PathSummaryReader$$Lambda/0x0000000080377340.apply (0x00007f374fa27810) [0x00007f374fa27a00, 0x00007f374fa28000] Compiler: c1, Barriers: 3, Oops: 1, ImmediateOops: 0, NonImmediateOops: No
[5,986s][debug  ][gc,nmethod     ] Register NMethod: io.sirix.index.path.summary.PathSummaryReader.lambda$new$0 (0x00007f374fb55310) [0x00007f374fb554e0, 0x00007f374fb55980] Compiler: c1, Barriers: 3, Oops: 1, ImmediateOops: 0, NonImmediateOops: No
[5,986s][debug  ][gc,nmethod     ] Register NMethod: io.sirix.index.path.summary.PathNode.getURIKey (0x00007f374fe26990) [0x00007f374fe26b20, 0x00007f374fe26c80] Compiler: c1, Barriers: 1, Oops: 1, ImmediateOops: 0, NonImmediateOops: No
[5,986s][debug  ][gc,nmethod     ] Register NMethod: io.sirix.index.path.summary.PathSummaryReader.moveToRightSibling (0x00007f374fa67290) [0x00007f374fa67540, 0x00007f374fa680d8] Compiler: c1, Barriers: 7, Oops: 1, ImmediateOops: 1, NonImmediateOops: No
[5,986s][debug  ][gc,nmethod     ] Register NMethod: java.util.ArrayDeque.isEmpty (0x00007f374fb0a490) [0x00007f374fb0a620, 0x00007f374fb0a780] Compiler: c1, Barriers: 0, Oops: 0, ImmediateOops: 0, NonImmediateOops: No
[5,986s][debug  ][gc,nmethod     ] Register NMethod: net.openhft.chronicle.bytes.AbstractBytes.isDirectMemory (0x00007f376f31ba10) [0x00007f376f31bba0, 0x00007f376f31bca0] Compiler: c2, Barriers: 1, Oops: 1, ImmediateOops: 0, NonImmediateOops: No
[5,986s][debug  ][gc,nmethod     ] Register NMethod: io.sirix.index.path.summary.PathNode.setFirstChild (0x00007f376f384790) [0x00007f376f384920, 0x00007f376f384a50] Compiler: c1, Barriers: 3, Oops: 1, ImmediateOops: 0, NonImmediateOops: No
[5,986s][debug  ][gc,nmethod     ] Register NMethod: io.sirix.access.trx.page.NodePageTrx.getName (0x00007f374fe15f10) [0x00007f374fe161e0, 0x00007f374fe17100] Compiler: c1, Barriers: 11, Oops: 1, ImmediateOops: 3, NonImmediateOops: No
[5,987s][debug  ][gc,nmethod     ] Register NMethod: java.nio.MappedByteBuffer.flip (0x00007f374fb7fa10) [0x00007f374fb7fbc0, 0x00007f374fb7fd98] Compiler: c1, Barriers: 0, Oops: 0, ImmediateOops: 0, NonImmediateOops: No
[5,987s][debug  ][gc,nmethod     ] Register NMethod: java.util.stream.Collectors.castingIdentity (0x00007f374fa7db10) [0x00007f374fa7dcc0, 0x00007f374fa7df20] Compiler: c1, Barriers: 0, Oops: 2, ImmediateOops: 2, NonImmediateOops: No
[5,987s][debug  ][gc,nmethod     ] Register NMethod: java.util.stream.Collectors$CollectorImpl.<init> (0x00007f374fa2b110) [0x00007f374fa2b300, 0x00007f374fa2b940] Compiler: c1, Barriers: 15, Oops: 3, ImmediateOops: 3, NonImmediateOops: No
[5,987s][debug  ][gc,nmethod     ] Register NMethod: sun.nio.ch.IOUtil.read (0x00007f374faf2610) [0x00007f374faf2880, 0x00007f374faf3188] Compiler: c1, Barriers: 0, Oops: 0, ImmediateOops: 1, NonImmediateOops: No
[5,987s][debug  ][gc,nmethod     ] Register NMethod: jdk.internal.misc.Unsafe.getLongUnaligned (0x00007f374fbde610) [0x00007f374fbde7c0, 0x00007f374fbde9a8] Compiler: c1, Barriers: 0, Oops: 0, ImmediateOops: 0, NonImmediateOops: No
[5,988s][debug  ][gc,nmethod     ] Register NMethod: sun.nio.ch.IOUtil.read (0x00007f374fb53490) [0x00007f374fb53640, 0x00007f374fb53770] Compiler: c1, Barriers: 0, Oops: 0, ImmediateOops: 0, NonImmediateOops: No
[5,988s][debug  ][gc,nmethod     ] Register NMethod: java.nio.MappedByteBuffer.flip (0x00007f374fa9a590) [0x00007f374fa9a740, 0x00007f374fa9a978] Compiler: c1, Barriers: 0, Oops: 0, ImmediateOops: 0, NonImmediateOops: No
[5,988s][debug  ][gc,nmethod     ] Register NMethod: sun.nio.ch.UnixFileDispatcherImpl.pread0 (0x00007f376f284710) [0x00007f376f2848a0, 0x00007f376f284a90] Compiler: , Barriers: 0, Oops: 0, ImmediateOops: 1, NonImmediateOops: No
[5,988s][debug  ][gc,nmethod     ] Register NMethod: sun.nio.ch.IOUtil.readIntoNativeBuffer (0x00007f374fe19010) [0x00007f374fe19360, 0x00007f374fe1a788] Compiler: c1, Barriers: 2, Oops: 0, ImmediateOops: 4, NonImmediateOops: No
[5,988s][debug  ][gc,nmethod     ] Register NMethod: sun.nio.ch.UnixFileDispatcherImpl.pread (0x00007f374ff34490) [0x00007f374ff34640, 0x00007f374ff34788] Compiler: c1, Barriers: 0, Oops: 0, ImmediateOops: 0, NonImmediateOops: No
[5,988s][debug  ][gc,nmethod     ] Register NMethod: sun.nio.ch.FileChannelImpl.read (0x00007f374fe04890) [0x00007f374fe04ac0, 0x00007f374fe05208] Compiler: c1, Barriers: 0, Oops: 0, ImmediateOops: 2, NonImmediateOops: No
[5,988s][debug  ][gc,nmethod     ] Register NMethod: net.jpountz.lz4.LZ4Factory.fastDecompressor (0x00007f376f298e10) [0x00007f376f298fa0, 0x00007f376f299090] Compiler: c1, Barriers: 1, Oops: 1, ImmediateOops: 0, NonImmediateOops: No
[5,988s][debug  ][gc,nmethod     ] Register NMethod: java.lang.invoke.MethodHandle.invokeBasic (0x00007f376f385690) [0x00007f376f385820, 0x00007f376f385ab8] Compiler: , Barriers: 0, Oops: 0, ImmediateOops: 0, NonImmediateOops: No
[5,988s][debug  ][gc,nmethod     ] Register NMethod: java.lang.invoke.VarHandleReferences$FieldInstanceReadWrite.compareAndSet (0x00007f374fa73110) [0x00007f374fa73380, 0x00007f374fa73e08] Compiler: c1, Barriers: 7, Oops: 1, ImmediateOops: 0, NonImmediateOops: No
[5,988s][debug  ][gc,nmethod     ] Register NMethod: sun.nio.ch.FileChannelImpl.readInternal (0x00007f374fa2c910) [0x00007f374fa2cc00, 0x00007f374fa2d940] Compiler: c1, Barriers: 5, Oops: 0, ImmediateOops: 1, NonImmediateOops: No
[5,989s][debug  ][gc,nmethod     ] Register NMethod: java.lang.invoke.VarHandleGuards.guard_LLL_Z (0x00007f374fb06010) [0x00007f374fb06380, 0x00007f374fb07ec8] Compiler: c1, Barriers: 26, Oops: 0, ImmediateOops: 1, NonImmediateOops: No
[5,989s][debug  ][gc,nmethod     ] Register NMethod: java.nio.HeapByteBuffer.getLong (0x00007f374fa90810) [0x00007f374fa90a80, 0x00007f374fa914f0] Compiler: c1, Barriers: 2, Oops: 1, ImmediateOops: 2, NonImmediateOops: No
[5,989s][debug  ][gc,nmethod     ] Register NMethod: jdk.internal.misc.ScopedMemoryAccess.getLongUnaligned (0x00007f374fae6910) [0x00007f374fae6b00, 0x00007f374fae6fe8] Compiler: c1, Barriers: 0, Oops: 0, ImmediateOops: 1, NonImmediateOops: No
[5,989s][debug  ][gc,nmethod     ] Register NMethod: sun.nio.fs.UnixPath.<init> (0x00007f374fa7c690) [0x00007f374fa7c860, 0x00007f374fa7cb88] Compiler: c1, Barriers: 6, Oops: 0, ImmediateOops: 0, NonImmediateOops: No
[5,989s][debug  ][gc,nmethod     ] Register NMethod: sun.nio.fs.UnixFileSystem.normalizeNativePath (0x00007f374fa21c90) [0x00007f374fa21e20, 0x00007f374fa21f28] Compiler: c1, Barriers: 0, Oops: 0, ImmediateOops: 0, NonImmediateOops: No
[5,989s][debug  ][gc,nmethod     ] Register NMethod: jdk.internal.misc.ScopedMemoryAccess.getLongUnalignedInternal (0x00007f374fece310) [0x00007f374fece4e0, 0x00007f374fece870] Compiler: c1, Barriers: 0, Oops: 0, ImmediateOops: 1, NonImmediateOops: No
[5,989s][debug  ][gc,nmethod     ] Register NMethod: sun.nio.fs.Util.jnuEncoding (0x00007f374fa25d90) [0x00007f374fa25f20, 0x00007f374fa26010] Compiler: c1, Barriers: 0, Oops: 0, ImmediateOops: 1, NonImmediateOops: No
[5,989s][debug  ][gc,nmethod     ] Register NMethod: sun.nio.fs.UnixFileSystem.getPath (0x00007f374fa53810) [0x00007f374fa53ae0, 0x00007f374fa547f0] Compiler: c1, Barriers: 8, Oops: 0, ImmediateOops: 0, NonImmediateOops: No
[5,989s][debug  ][gc,nmethod     ] Register NMethod: sun.nio.fs.UnixPath.encode (0x00007f374fafa210) [0x00007f374fafa460, 0x00007f374fafaeb8] Compiler: c1, Barriers: 1, Oops: 2, ImmediateOops: 3, NonImmediateOops: No
[5,990s][debug  ][gc,nmethod     ] Register NMethod: io.sirix.page.delegates.ReferencesPage4.getOrCreateReference (0x00007f376f288e90) [0x00007f376f2890c0, 0x00007f376f2897f8] Compiler: c2, Barriers: 11, Oops: 2, ImmediateOops: 1, NonImmediateOops: No
[5,992s][debug  ][gc,director    ] Rule Major: Warmup 30%, Used: 1420MB, UsedThreshold: 4608MB
[5,992s][debug  ][gc,director    ] Select Minor GC Workers (Not Warm), GCWorkers: 5,000
[5,992s][debug  ][gc,director    ] Rule Minor: Allocation Rate (Dynamic GC Workers), MaxAllocRate: 745,6MB/s (+/-28,7%), Free: 13898MB, GCCPUTime: 1,115, GCDuration: 0,231s, TimeUntilOOM: 14,482s, TimeUntilGC: 14,251s, GCWorkers: 5
[5,992s][debug  ][gc,director    ] Select Minor GC Workers (Not Warm), GCWorkers: 5,000
[5,992s][debug  ][gc,director    ] Rule Minor: Allocation Rate (Dynamic GC Workers), MaxAllocRate: 2931,5MB/s (+/-28,7%), Free: 13898MB, GCCPUTime: 1,115, GCDuration: 0,231s, TimeUntilOOM: 3,683s, TimeUntilGC: 3,452s, GCWorkers: 5
[5,992s][debug  ][gc,director    ] Rule Minor: High Usage, Free: 13898MB(90,5%)
[5,992s][debug  ][gc,nmethod     ] Register NMethod: java.util.HashMap.get (0x00007f376f387990) [0x00007f376f387b60, 0x00007f376f387fe0] Compiler: c2, Barriers: 7, Oops: 0, ImmediateOops: 0, NonImmediateOops: No
[5,993s][debug  ][gc,nmethod     ] Register NMethod: java.lang.AbstractStringBuilder.charAt (0x00007f376f387590) [0x00007f376f387720, 0x00007f376f387898] Compiler: c2, Barriers: 1, Oops: 1, ImmediateOops: 0, NonImmediateOops: No
[5,993s][debug  ][gc,nmethod     ] Register NMethod: it.unimi.dsi.fastutil.shorts.AbstractShortList.ensureIndex (0x00007f376f298b10) [0x00007f376f298ca0, 0x00007f376f298d58] Compiler: c2, Barriers: 0, Oops: 1, ImmediateOops: 0, NonImmediateOops: No
[5,993s][debug  ][gc,nmethod     ] Register NMethod: it.unimi.dsi.fastutil.shorts.ShortArrayList$1.<init> (0x00007f376f249b10) [0x00007f376f249ca0, 0x00007f376f249db8] Compiler: c2, Barriers: 3, Oops: 1, ImmediateOops: 0, NonImmediateOops: No
[5,995s][debug  ][gc,nmethod     ] Register NMethod: io.sirix.access.trx.page.NodePageReadOnlyTrx.loadPage (0x00007f376f2d3590) [0x00007f376f2d37a0, 0x00007f376f2d3cd8] Compiler: c2, Barriers: 9, Oops: 1, ImmediateOops: 0, NonImmediateOops: No
[6,002s][debug  ][gc,director    ] Rule Major: Warmup 30%, Used: 1434MB, UsedThreshold: 4608MB
[6,002s][debug  ][gc,director    ] Select Minor GC Workers (Not Warm), GCWorkers: 5,000
[6,002s][debug  ][gc,director    ] Rule Minor: Allocation Rate (Dynamic GC Workers), MaxAllocRate: 745,6MB/s (+/-28,7%), Free: 13884MB, GCCPUTime: 1,115, GCDuration: 0,231s, TimeUntilOOM: 14,467s, TimeUntilGC: 14,236s, GCWorkers: 5
[6,002s][debug  ][gc,director    ] Select Minor GC Workers (Not Warm), GCWorkers: 5,000
[6,002s][debug  ][gc,director    ] Rule Minor: Allocation Rate (Dynamic GC Workers), MaxAllocRate: 2931,5MB/s (+/-28,7%), Free: 13884MB, GCCPUTime: 1,115, GCDuration: 0,231s, TimeUntilOOM: 3,680s, TimeUntilGC: 3,449s, GCWorkers: 5
[6,002s][debug  ][gc,director    ] Rule Minor: High Usage, Free: 13884MB(90,4%)
[6,013s][debug  ][gc,director    ] Rule Major: Warmup 30%, Used: 1446MB, UsedThreshold: 4608MB
[6,013s][debug  ][gc,director    ] Select Minor GC Workers (Not Warm), GCWorkers: 5,000
[6,013s][debug  ][gc,director    ] Rule Minor: Allocation Rate (Dynamic GC Workers), MaxAllocRate: 745,6MB/s (+/-28,7%), Free: 13872MB, GCCPUTime: 1,115, GCDuration: 0,231s, TimeUntilOOM: 14,455s, TimeUntilGC: 14,224s, GCWorkers: 5
[6,013s][debug  ][gc,director    ] Select Minor GC Workers (Not Warm), GCWorkers: 5,000
[6,013s][debug  ][gc,director    ] Rule Minor: Allocation Rate (Dynamic GC Workers), MaxAllocRate: 2931,5MB/s (+/-28,7%), Free: 13872MB, GCCPUTime: 1,115, GCDuration: 0,231s, TimeUntilOOM: 3,677s, TimeUntilGC: 3,446s, GCWorkers: 5
[6,013s][debug  ][gc,director    ] Rule Minor: High Usage, Free: 13872MB(90,3%)
[6,023s][debug  ][gc,director    ] Rule Major: Warmup 30%, Used: 1460MB, UsedThreshold: 4608MB
[6,023s][debug  ][gc,director    ] Select Minor GC Workers (Not Warm), GCWorkers: 5,000
[6,023s][debug  ][gc,director    ] Rule Minor: Allocation Rate (Dynamic GC Workers), MaxAllocRate: 745,6MB/s (+/-28,7%), Free: 13858MB, GCCPUTime: 1,115, GCDuration: 0,231s, TimeUntilOOM: 14,440s, TimeUntilGC: 14,209s, GCWorkers: 5
[6,023s][debug  ][gc,director    ] Select Minor GC Workers (Not Warm), GCWorkers: 5,000
[6,023s][debug  ][gc,director    ] Rule Minor: Allocation Rate (Dynamic GC Workers), MaxAllocRate: 2931,5MB/s (+/-28,7%), Free: 13858MB, GCCPUTime: 1,115, GCDuration: 0,231s, TimeUntilOOM: 3,673s, TimeUntilGC: 3,442s, GCWorkers: 5
[6,023s][debug  ][gc,director    ] Rule Minor: High Usage, Free: 13858MB(90,2%)
[6,033s][debug  ][gc,director    ] Rule Major: Warmup 30%, Used: 1472MB, UsedThreshold: 4608MB
[6,033s][debug  ][gc,director    ] Select Minor GC Workers (Not Warm), GCWorkers: 5,000
[6,033s][debug  ][gc,director    ] Rule Minor: Allocation Rate (Dynamic GC Workers), MaxAllocRate: 745,6MB/s (+/-28,7%), Free: 13846MB, GCCPUTime: 1,115, GCDuration: 0,231s, TimeUntilOOM: 14,427s, TimeUntilGC: 14,196s, GCWorkers: 5
[6,033s][debug  ][gc,director    ] Select Minor GC Workers (Not Warm), GCWorkers: 5,000
[6,033s][debug  ][gc,director    ] Rule Minor: Allocation Rate (Dynamic GC Workers), MaxAllocRate: 2931,5MB/s (+/-28,7%), Free: 13846MB, GCCPUTime: 1,115, GCDuration: 0,231s, TimeUntilOOM: 3,670s, TimeUntilGC: 3,439s, GCWorkers: 5
[6,033s][debug  ][gc,director    ] Rule Minor: High Usage, Free: 13846MB(90,1%)
[6,043s][debug  ][gc,director    ] Rule Major: Warmup 30%, Used: 1486MB, UsedThreshold: 4608MB
[6,043s][debug  ][gc,director    ] Select Minor GC Workers (Not Warm), GCWorkers: 5,000
[6,043s][debug  ][gc,director    ] Rule Minor: Allocation Rate (Dynamic GC Workers), MaxAllocRate: 745,6MB/s (+/-28,7%), Free: 13832MB, GCCPUTime: 1,115, GCDuration: 0,231s, TimeUntilOOM: 14,413s, TimeUntilGC: 14,182s, GCWorkers: 5
[6,043s][debug  ][gc,director    ] Select Minor GC Workers (Not Warm), GCWorkers: 5,000
[6,043s][debug  ][gc,director    ] Rule Minor: Allocation Rate (Dynamic GC Workers), MaxAllocRate: 2931,5MB/s (+/-28,7%), Free: 13832MB, GCCPUTime: 1,115, GCDuration: 0,231s, TimeUntilOOM: 3,666s, TimeUntilGC: 3,435s, GCWorkers: 5
[6,043s][debug  ][gc,director    ] Rule Minor: High Usage, Free: 13832MB(90,1%)
[6,053s][debug  ][gc,director    ] Rule Major: Warmup 30%, Used: 1500MB, UsedThreshold: 4608MB
[6,053s][debug  ][gc,director    ] Select Minor GC Workers (Not Warm), GCWorkers: 5,000
[6,053s][debug  ][gc,director    ] Rule Minor: Allocation Rate (Dynamic GC Workers), MaxAllocRate: 745,6MB/s (+/-28,7%), Free: 13818MB, GCCPUTime: 1,115, GCDuration: 0,231s, TimeUntilOOM: 14,398s, TimeUntilGC: 14,167s, GCWorkers: 5
[6,053s][debug  ][gc,director    ] Select Minor GC Workers (Not Warm), GCWorkers: 5,000
[6,053s][debug  ][gc,director    ] Rule Minor: Allocation Rate (Dynamic GC Workers), MaxAllocRate: 2931,5MB/s (+/-28,7%), Free: 13818MB, GCCPUTime: 1,115, GCDuration: 0,231s, TimeUntilOOM: 3,662s, TimeUntilGC: 3,431s, GCWorkers: 5
[6,053s][debug  ][gc,director    ] Rule Minor: High Usage, Free: 13818MB(90,0%)
[6,063s][debug  ][gc,director    ] Rule Major: Warmup 30%, Used: 1512MB, UsedThreshold: 4608MB
[6,063s][debug  ][gc,director    ] Select Minor GC Workers (Not Warm), GCWorkers: 5,000
[6,063s][debug  ][gc,director    ] Rule Minor: Allocation Rate (Dynamic GC Workers), MaxAllocRate: 745,6MB/s (+/-28,7%), Free: 13806MB, GCCPUTime: 1,115, GCDuration: 0,231s, TimeUntilOOM: 14,386s, TimeUntilGC: 14,155s, GCWorkers: 5
[6,063s][debug  ][gc,director    ] Select Minor GC Workers (Not Warm), GCWorkers: 5,000
[6,063s][debug  ][gc,director    ] Rule Minor: Allocation Rate (Dynamic GC Workers), MaxAllocRate: 2931,5MB/s (+/-28,7%), Free: 13806MB, GCCPUTime: 1,115, GCDuration: 0,231s, TimeUntilOOM: 3,659s, TimeUntilGC: 3,428s, GCWorkers: 5
[6,063s][debug  ][gc,director    ] Rule Minor: High Usage, Free: 13806MB(89,9%)
[6,070s][debug  ][gc,alloc       ] Mutator Allocation Rate: 1075,3MB/s Predicted: 1126,5MB/s, Avg: 753,0(+/-217,2)MB/s
[6,070s][debug  ][gc,director    ] Rule Major: Warmup 30%, Used: 1522MB, UsedThreshold: 4608MB
[6,070s][debug  ][gc,director    ] Select Minor GC Workers (Not Warm), GCWorkers: 5,000
[6,070s][debug  ][gc,director    ] Rule Minor: Allocation Rate (Dynamic GC Workers), MaxAllocRate: 753,0MB/s (+/-28,8%), Free: 13796MB, GCCPUTime: 1,115, GCDuration: 0,231s, TimeUntilOOM: 14,221s, TimeUntilGC: 13,990s, GCWorkers: 5
[6,070s][debug  ][gc,director    ] Select Minor GC Workers (Not Warm), GCWorkers: 5,000
[6,070s][debug  ][gc,director    ] Rule Minor: Allocation Rate (Dynamic GC Workers), MaxAllocRate: 2967,7MB/s (+/-28,8%), Free: 13796MB, GCCPUTime: 1,115, GCDuration: 0,231s, TimeUntilOOM: 3,608s, TimeUntilGC: 3,377s, GCWorkers: 5
[6,070s][debug  ][gc,director    ] Rule Minor: High Usage, Free: 13796MB(89,8%)
[6,081s][debug  ][gc,director    ] Rule Major: Warmup 30%, Used: 1534MB, UsedThreshold: 4608MB
[6,081s][debug  ][gc,director    ] Select Minor GC Workers (Not Warm), GCWorkers: 5,000
[6,081s][debug  ][gc,director    ] Rule Minor: Allocation Rate (Dynamic GC Workers), MaxAllocRate: 753,0MB/s (+/-28,8%), Free: 13784MB, GCCPUTime: 1,115, GCDuration: 0,231s, TimeUntilOOM: 14,208s, TimeUntilGC: 13,977s, GCWorkers: 5
[6,081s][debug  ][gc,director    ] Select Minor GC Workers (Not Warm), GCWorkers: 5,000
[6,081s][debug  ][gc,director    ] Rule Minor: Allocation Rate (Dynamic GC Workers), MaxAllocRate: 2967,7MB/s (+/-28,8%), Free: 13784MB, GCCPUTime: 1,115, GCDuration: 0,231s, TimeUntilOOM: 3,605s, TimeUntilGC: 3,374s, GCWorkers: 5
[6,081s][debug  ][gc,director    ] Rule Minor: High Usage, Free: 13784MB(89,7%)
[6,091s][debug  ][gc,director    ] Rule Major: Warmup 30%, Used: 1548MB, UsedThreshold: 4608MB
[6,091s][debug  ][gc,director    ] Select Minor GC Workers (Not Warm), GCWorkers: 5,000
[6,091s][debug  ][gc,director    ] Rule Minor: Allocation Rate (Dynamic GC Workers), MaxAllocRate: 753,0MB/s (+/-28,8%), Free: 13770MB, GCCPUTime: 1,115, GCDuration: 0,231s, TimeUntilOOM: 14,194s, TimeUntilGC: 13,963s, GCWorkers: 5
[6,091s][debug  ][gc,director    ] Select Minor GC Workers (Not Warm), GCWorkers: 5,000
[6,091s][debug  ][gc,director    ] Rule Minor: Allocation Rate (Dynamic GC Workers), MaxAllocRate: 2967,7MB/s (+/-28,8%), Free: 13770MB, GCCPUTime: 1,115, GCDuration: 0,231s, TimeUntilOOM: 3,601s, TimeUntilGC: 3,370s, GCWorkers: 5
[6,091s][debug  ][gc,director    ] Rule Minor: High Usage, Free: 13770MB(89,6%)
[6,101s][debug  ][gc,director    ] Rule Major: Warmup 30%, Used: 1562MB, UsedThreshold: 4608MB
[6,101s][debug  ][gc,director    ] Select Minor GC Workers (Not Warm), GCWorkers: 5,000
[6,101s][debug  ][gc,director    ] Rule Minor: Allocation Rate (Dynamic GC Workers), MaxAllocRate: 753,0MB/s (+/-28,8%), Free: 13756MB, GCCPUTime: 1,115, GCDuration: 0,231s, TimeUntilOOM: 14,179s, TimeUntilGC: 13,948s, GCWorkers: 5
[6,101s][debug  ][gc,director    ] Select Minor GC Workers (Not Warm), GCWorkers: 5,000
[6,101s][debug  ][gc,director    ] Rule Minor: Allocation Rate (Dynamic GC Workers), MaxAllocRate: 2967,7MB/s (+/-28,8%), Free: 13756MB, GCCPUTime: 1,115, GCDuration: 0,231s, TimeUntilOOM: 3,598s, TimeUntilGC: 3,367s, GCWorkers: 5
[6,101s][debug  ][gc,director    ] Rule Minor: High Usage, Free: 13756MB(89,6%)
[6,111s][debug  ][gc,director    ] Rule Major: Warmup 30%, Used: 1574MB, UsedThreshold: 4608MB
[6,111s][debug  ][gc,director    ] Select Minor GC Workers (Not Warm), GCWorkers: 5,000
[6,111s][debug  ][gc,director    ] Rule Minor: Allocation Rate (Dynamic GC Workers), MaxAllocRate: 753,0MB/s (+/-28,8%), Free: 13744MB, GCCPUTime: 1,115, GCDuration: 0,231s, TimeUntilOOM: 14,167s, TimeUntilGC: 13,936s, GCWorkers: 5
[6,111s][debug  ][gc,director    ] Select Minor GC Workers (Not Warm), GCWorkers: 5,000
[6,111s][debug  ][gc,director    ] Rule Minor: Allocation Rate (Dynamic GC Workers), MaxAllocRate: 2967,7MB/s (+/-28,8%), Free: 13744MB, GCCPUTime: 1,115, GCDuration: 0,231s, TimeUntilOOM: 3,594s, TimeUntilGC: 3,363s, GCWorkers: 5
[6,111s][debug  ][gc,director    ] Rule Minor: High Usage, Free: 13744MB(89,5%)
[6,121s][debug  ][gc,director    ] Rule Major: Warmup 30%, Used: 1588MB, UsedThreshold: 4608MB
[6,121s][debug  ][gc,director    ] Select Minor GC Workers (Not Warm), GCWorkers: 5,000
[6,121s][debug  ][gc,director    ] Rule Minor: Allocation Rate (Dynamic GC Workers), MaxAllocRate: 753,0MB/s (+/-28,8%), Free: 13730MB, GCCPUTime: 1,115, GCDuration: 0,231s, TimeUntilOOM: 14,153s, TimeUntilGC: 13,922s, GCWorkers: 5
[6,121s][debug  ][gc,director    ] Select Minor GC Workers (Not Warm), GCWorkers: 5,000
[6,121s][debug  ][gc,director    ] Rule Minor: Allocation Rate (Dynamic GC Workers), MaxAllocRate: 2967,7MB/s (+/-28,8%), Free: 13730MB, GCCPUTime: 1,115, GCDuration: 0,231s, TimeUntilOOM: 3,591s, TimeUntilGC: 3,360s, GCWorkers: 5
[6,121s][debug  ][gc,director    ] Rule Minor: High Usage, Free: 13730MB(89,4%)
[6,131s][debug  ][gc,director    ] Rule Major: Warmup 30%, Used: 1602MB, UsedThreshold: 4608MB
[6,131s][debug  ][gc,director    ] Select Minor GC Workers (Not Warm), GCWorkers: 5,000
[6,131s][debug  ][gc,director    ] Rule Minor: Allocation Rate (Dynamic GC Workers), MaxAllocRate: 753,0MB/s (+/-28,8%), Free: 13716MB, GCCPUTime: 1,115, GCDuration: 0,231s, TimeUntilOOM: 14,138s, TimeUntilGC: 13,907s, GCWorkers: 5
[6,131s][debug  ][gc,director    ] Select Minor GC Workers (Not Warm), GCWorkers: 5,000
[6,131s][debug  ][gc,director    ] Rule Minor: Allocation Rate (Dynamic GC Workers), MaxAllocRate: 2967,7MB/s (+/-28,8%), Free: 13716MB, GCCPUTime: 1,115, GCDuration: 0,231s, TimeUntilOOM: 3,587s, TimeUntilGC: 3,356s, GCWorkers: 5
[6,131s][debug  ][gc,director    ] Rule Minor: High Usage, Free: 13716MB(89,3%)
[6,141s][debug  ][gc,director    ] Rule Major: Warmup 30%, Used: 1614MB, UsedThreshold: 4608MB
[6,141s][debug  ][gc,director    ] Select Minor GC Workers (Not Warm), GCWorkers: 5,000
[6,141s][debug  ][gc,director    ] Rule Minor: Allocation Rate (Dynamic GC Workers), MaxAllocRate: 753,0MB/s (+/-28,8%), Free: 13704MB, GCCPUTime: 1,115, GCDuration: 0,231s, TimeUntilOOM: 14,126s, TimeUntilGC: 13,895s, GCWorkers: 5
[6,141s][debug  ][gc,director    ] Select Minor GC Workers (Not Warm), GCWorkers: 5,000
[6,141s][debug  ][gc,director    ] Rule Minor: Allocation Rate (Dynamic GC Workers), MaxAllocRate: 2967,7MB/s (+/-28,8%), Free: 13704MB, GCCPUTime: 1,115, GCDuration: 0,231s, TimeUntilOOM: 3,584s, TimeUntilGC: 3,353s, GCWorkers: 5
[6,141s][debug  ][gc,director    ] Rule Minor: High Usage, Free: 13704MB(89,2%)
[6,152s][debug  ][gc,director    ] Rule Major: Warmup 30%, Used: 1628MB, UsedThreshold: 4608MB
[6,152s][debug  ][gc,director    ] Select Minor GC Workers (Not Warm), GCWorkers: 5,000
[6,152s][debug  ][gc,director    ] Rule Minor: Allocation Rate (Dynamic GC Workers), MaxAllocRate: 753,0MB/s (+/-28,8%), Free: 13690MB, GCCPUTime: 1,115, GCDuration: 0,231s, TimeUntilOOM: 14,111s, TimeUntilGC: 13,880s, GCWorkers: 5
[6,152s][debug  ][gc,director    ] Select Minor GC Workers (Not Warm), GCWorkers: 5,000
[6,152s][debug  ][gc,director    ] Rule Minor: Allocation Rate (Dynamic GC Workers), MaxAllocRate: 2967,7MB/s (+/-28,8%), Free: 13690MB, GCCPUTime: 1,115, GCDuration: 0,231s, TimeUntilOOM: 3,580s, TimeUntilGC: 3,349s, GCWorkers: 5
[6,152s][debug  ][gc,director    ] Rule Minor: High Usage, Free: 13690MB(89,1%)
[6,161s][debug  ][gc,alloc       ] Mutator Allocation Rate: 1079,7MB/s Predicted: 1138,7MB/s, Avg: 760,1(+/-220,0)MB/s
[6,161s][debug  ][gc,director    ] Rule Major: Warmup 30%, Used: 1642MB, UsedThreshold: 4608MB
[6,161s][debug  ][gc,director    ] Select Minor GC Workers (Not Warm), GCWorkers: 5,000
[6,161s][debug  ][gc,director    ] Rule Minor: Allocation Rate (Dynamic GC Workers), MaxAllocRate: 760,1MB/s (+/-29,0%), Free: 13676MB, GCCPUTime: 1,115, GCDuration: 0,231s, TimeUntilOOM: 13,954s, TimeUntilGC: 13,723s, GCWorkers: 5
[6,161s][debug  ][gc,director    ] Select Minor GC Workers (Not Warm), GCWorkers: 5,000
[6,161s][debug  ][gc,director    ] Rule Minor: Allocation Rate (Dynamic GC Workers), MaxAllocRate: 3001,4MB/s (+/-29,0%), Free: 13676MB, GCCPUTime: 1,115, GCDuration: 0,231s, TimeUntilOOM: 3,534s, TimeUntilGC: 3,303s, GCWorkers: 5
[6,161s][debug  ][gc,director    ] Rule Minor: High Usage, Free: 13676MB(89,0%)
[6,171s][debug  ][gc,director    ] Rule Major: Warmup 30%, Used: 1654MB, UsedThreshold: 4608MB
[6,171s][debug  ][gc,director    ] Select Minor GC Workers (Not Warm), GCWorkers: 5,000
[6,171s][debug  ][gc,director    ] Rule Minor: Allocation Rate (Dynamic GC Workers), MaxAllocRate: 760,1MB/s (+/-29,0%), Free: 13664MB, GCCPUTime: 1,115, GCDuration: 0,231s, TimeUntilOOM: 13,942s, TimeUntilGC: 13,711s, GCWorkers: 5
[6,171s][debug  ][gc,director    ] Select Minor GC Workers (Not Warm), GCWorkers: 5,000
[6,171s][debug  ][gc,director    ] Rule Minor: Allocation Rate (Dynamic GC Workers), MaxAllocRate: 3001,4MB/s (+/-29,0%), Free: 13664MB, GCCPUTime: 1,115, GCDuration: 0,231s, TimeUntilOOM: 3,531s, TimeUntilGC: 3,300s, GCWorkers: 5
[6,171s][debug  ][gc,director    ] Rule Minor: High Usage, Free: 13664MB(89,0%)
[6,182s][debug  ][gc,director    ] Rule Major: Warmup 30%, Used: 1668MB, UsedThreshold: 4608MB
[6,182s][debug  ][gc,director    ] Select Minor GC Workers (Not Warm), GCWorkers: 5,000
[6,182s][debug  ][gc,director    ] Rule Minor: Allocation Rate (Dynamic GC Workers), MaxAllocRate: 760,1MB/s (+/-29,0%), Free: 13650MB, GCCPUTime: 1,115, GCDuration: 0,231s, TimeUntilOOM: 13,927s, TimeUntilGC: 13,696s, GCWorkers: 5
[6,182s][debug  ][gc,director    ] Select Minor GC Workers (Not Warm), GCWorkers: 5,000
[6,182s][debug  ][gc,director    ] Rule Minor: Allocation Rate (Dynamic GC Workers), MaxAllocRate: 3001,4MB/s (+/-29,0%), Free: 13650MB, GCCPUTime: 1,115, GCDuration: 0,231s, TimeUntilOOM: 3,527s, TimeUntilGC: 3,296s, GCWorkers: 5
[6,182s][debug  ][gc,director    ] Rule Minor: High Usage, Free: 13650MB(88,9%)
[6,192s][debug  ][gc,director    ] Rule Major: Warmup 30%, Used: 1682MB, UsedThreshold: 4608MB
[6,192s][debug  ][gc,director    ] Select Minor GC Workers (Not Warm), GCWorkers: 5,000
[6,192s][debug  ][gc,director    ] Rule Minor: Allocation Rate (Dynamic GC Workers), MaxAllocRate: 760,1MB/s (+/-29,0%), Free: 13636MB, GCCPUTime: 1,115, GCDuration: 0,231s, TimeUntilOOM: 13,913s, TimeUntilGC: 13,682s, GCWorkers: 5
[6,192s][debug  ][gc,director    ] Select Minor GC Workers (Not Warm), GCWorkers: 5,000
[6,192s][debug  ][gc,director    ] Rule Minor: Allocation Rate (Dynamic GC Workers), MaxAllocRate: 3001,4MB/s (+/-29,0%), Free: 13636MB, GCCPUTime: 1,115, GCDuration: 0,231s, TimeUntilOOM: 3,523s, TimeUntilGC: 3,292s, GCWorkers: 5
[6,192s][debug  ][gc,director    ] Rule Minor: High Usage, Free: 13636MB(88,8%)
[6,202s][debug  ][gc,director    ] Rule Major: Warmup 30%, Used: 1694MB, UsedThreshold: 4608MB
[6,202s][debug  ][gc,director    ] Select Minor GC Workers (Not Warm), GCWorkers: 5,000
[6,202s][debug  ][gc,director    ] Rule Minor: Allocation Rate (Dynamic GC Workers), MaxAllocRate: 760,1MB/s (+/-29,0%), Free: 13624MB, GCCPUTime: 1,115, GCDuration: 0,231s, TimeUntilOOM: 13,901s, TimeUntilGC: 13,670s, GCWorkers: 5
[6,202s][debug  ][gc,director    ] Select Minor GC Workers (Not Warm), GCWorkers: 5,000
[6,202s][debug  ][gc,director    ] Rule Minor: Allocation Rate (Dynamic GC Workers), MaxAllocRate: 3001,4MB/s (+/-29,0%), Free: 13624MB, GCCPUTime: 1,115, GCDuration: 0,231s, TimeUntilOOM: 3,520s, TimeUntilGC: 3,289s, GCWorkers: 5
[6,202s][debug  ][gc,director    ] Rule Minor: High Usage, Free: 13624MB(88,7%)
[6,212s][debug  ][gc,director    ] Rule Major: Warmup 30%, Used: 1708MB, UsedThreshold: 4608MB
[6,212s][debug  ][gc,director    ] Select Minor GC Workers (Not Warm), GCWorkers: 5,000
[6,212s][debug  ][gc,director    ] Rule Minor: Allocation Rate (Dynamic GC Workers), MaxAllocRate: 760,1MB/s (+/-29,0%), Free: 13610MB, GCCPUTime: 1,115, GCDuration: 0,231s, TimeUntilOOM: 13,886s, TimeUntilGC: 13,655s, GCWorkers: 5
[6,212s][debug  ][gc,director    ] Select Minor GC Workers (Not Warm), GCWorkers: 5,000
[6,212s][debug  ][gc,director    ] Rule Minor: Allocation Rate (Dynamic GC Workers), MaxAllocRate: 3001,4MB/s (+/-29,0%), Free: 13610MB, GCCPUTime: 1,115, GCDuration: 0,231s, TimeUntilOOM: 3,517s, TimeUntilGC: 3,286s, GCWorkers: 5
[6,212s][debug  ][gc,director    ] Rule Minor: High Usage, Free: 13610MB(88,6%)
[6,222s][debug  ][gc,director    ] Rule Major: Warmup 30%, Used: 1722MB, UsedThreshold: 4608MB
[6,222s][debug  ][gc,director    ] Select Minor GC Workers (Not Warm), GCWorkers: 5,000
[6,222s][debug  ][gc,director    ] Rule Minor: Allocation Rate (Dynamic GC Workers), MaxAllocRate: 760,1MB/s (+/-29,0%), Free: 13596MB, GCCPUTime: 1,115, GCDuration: 0,231s, TimeUntilOOM: 13,872s, TimeUntilGC: 13,641s, GCWorkers: 5
[6,222s][debug  ][gc,director    ] Select Minor GC Workers (Not Warm), GCWorkers: 5,000
[6,222s][debug  ][gc,director    ] Rule Minor: Allocation Rate (Dynamic GC Workers), MaxAllocRate: 3001,4MB/s (+/-29,0%), Free: 13596MB, GCCPUTime: 1,115, GCDuration: 0,231s, TimeUntilOOM: 3,513s, TimeUntilGC: 3,282s, GCWorkers: 5
[6,222s][debug  ][gc,director    ] Rule Minor: High Usage, Free: 13596MB(88,5%)
[6,233s][debug  ][gc,director    ] Rule Major: Warmup 30%, Used: 1736MB, UsedThreshold: 4608MB
[6,233s][debug  ][gc,director    ] Select Minor GC Workers (Not Warm), GCWorkers: 5,000
[6,233s][debug  ][gc,director    ] Rule Minor: Allocation Rate (Dynamic GC Workers), MaxAllocRate: 760,1MB/s (+/-29,0%), Free: 13582MB, GCCPUTime: 1,115, GCDuration: 0,231s, TimeUntilOOM: 13,858s, TimeUntilGC: 13,627s, GCWorkers: 5
[6,233s][debug  ][gc,director    ] Select Minor GC Workers (Not Warm), GCWorkers: 5,000
[6,233s][debug  ][gc,director    ] Rule Minor: Allocation Rate (Dynamic GC Workers), MaxAllocRate: 3001,4MB/s (+/-29,0%), Free: 13582MB, GCCPUTime: 1,115, GCDuration: 0,231s, TimeUntilOOM: 3,509s, TimeUntilGC: 3,278s, GCWorkers: 5
[6,233s][debug  ][gc,director    ] Rule Minor: High Usage, Free: 13582MB(88,4%)
[6,243s][debug  ][gc,director    ] Rule Major: Warmup 30%, Used: 1750MB, UsedThreshold: 4608MB
[6,243s][debug  ][gc,director    ] Select Minor GC Workers (Not Warm), GCWorkers: 5,000
[6,243s][debug  ][gc,director    ] Rule Minor: Allocation Rate (Dynamic GC Workers), MaxAllocRate: 760,1MB/s (+/-29,0%), Free: 13568MB, GCCPUTime: 1,115, GCDuration: 0,231s, TimeUntilOOM: 13,844s, TimeUntilGC: 13,613s, GCWorkers: 5
[6,243s][debug  ][gc,director    ] Select Minor GC Workers (Not Warm), GCWorkers: 5,000
[6,243s][debug  ][gc,director    ] Rule Minor: Allocation Rate (Dynamic GC Workers), MaxAllocRate: 3001,4MB/s (+/-29,0%), Free: 13568MB, GCCPUTime: 1,115, GCDuration: 0,231s, TimeUntilOOM: 3,506s, TimeUntilGC: 3,275s, GCWorkers: 5
[6,243s][debug  ][gc,director    ] Rule Minor: High Usage, Free: 13568MB(88,3%)
[6,251s][debug  ][gc,alloc       ] Mutator Allocation Rate: 1084,0MB/s Predicted: 1150,1MB/s, Avg: 766,9(+/-222,6)MB/s
[6,251s][debug  ][gc,director    ] Rule Major: Warmup 30%, Used: 1762MB, UsedThreshold: 4608MB
[6,251s][debug  ][gc,director    ] Select Minor GC Workers (Not Warm), GCWorkers: 5,000
[6,251s][debug  ][gc,director    ] Rule Minor: Allocation Rate (Dynamic GC Workers), MaxAllocRate: 766,9MB/s (+/-29,0%), Free: 13556MB, GCCPUTime: 1,115, GCDuration: 0,231s, TimeUntilOOM: 13,698s, TimeUntilGC: 13,468s, GCWorkers: 5
[6,251s][debug  ][gc,director    ] Select Minor GC Workers (Not Warm), GCWorkers: 5,000
[6,251s][debug  ][gc,director    ] Rule Minor: Allocation Rate (Dynamic GC Workers), MaxAllocRate: 3032,9MB/s (+/-29,0%), Free: 13556MB, GCCPUTime: 1,115, GCDuration: 0,231s, TimeUntilOOM: 3,464s, TimeUntilGC: 3,233s, GCWorkers: 5
[6,251s][debug  ][gc,director    ] Rule Minor: High Usage, Free: 13556MB(88,3%)
[6,262s][debug  ][gc,director    ] Rule Major: Warmup 30%, Used: 1774MB, UsedThreshold: 4608MB
[6,262s][debug  ][gc,director    ] Select Minor GC Workers (Not Warm), GCWorkers: 5,000
[6,262s][debug  ][gc,director    ] Rule Minor: Allocation Rate (Dynamic GC Workers), MaxAllocRate: 766,9MB/s (+/-29,0%), Free: 13544MB, GCCPUTime: 1,115, GCDuration: 0,231s, TimeUntilOOM: 13,686s, TimeUntilGC: 13,455s, GCWorkers: 5
[6,262s][debug  ][gc,director    ] Select Minor GC Workers (Not Warm), GCWorkers: 5,000
[6,262s][debug  ][gc,director    ] Rule Minor: Allocation Rate (Dynamic GC Workers), MaxAllocRate: 3032,9MB/s (+/-29,0%), Free: 13544MB, GCCPUTime: 1,115, GCDuration: 0,231s, TimeUntilOOM: 3,461s, TimeUntilGC: 3,230s, GCWorkers: 5
[6,262s][debug  ][gc,director    ] Rule Minor: High Usage, Free: 13544MB(88,2%)
[6,272s][debug  ][gc,director    ] Rule Major: Warmup 30%, Used: 1788MB, UsedThreshold: 4608MB
[6,272s][debug  ][gc,director    ] Select Minor GC Workers (Not Warm), GCWorkers: 5,000
[6,272s][debug  ][gc,director    ] Rule Minor: Allocation Rate (Dynamic GC Workers), MaxAllocRate: 766,9MB/s (+/-29,0%), Free: 13530MB, GCCPUTime: 1,115, GCDuration: 0,231s, TimeUntilOOM: 13,672s, TimeUntilGC: 13,441s, GCWorkers: 5
[6,272s][debug  ][gc,director    ] Select Minor GC Workers (Not Warm), GCWorkers: 5,000
[6,272s][debug  ][gc,director    ] Rule Minor: Allocation Rate (Dynamic GC Workers), MaxAllocRate: 3032,9MB/s (+/-29,0%), Free: 13530MB, GCCPUTime: 1,115, GCDuration: 0,231s, TimeUntilOOM: 3,457s, TimeUntilGC: 3,226s, GCWorkers: 5
[6,272s][debug  ][gc,director    ] Rule Minor: High Usage, Free: 13530MB(88,1%)
[6,282s][debug  ][gc,director    ] Rule Major: Warmup 30%, Used: 1802MB, UsedThreshold: 4608MB
[6,282s][debug  ][gc,director    ] Select Minor GC Workers (Not Warm), GCWorkers: 5,000
[6,282s][debug  ][gc,director    ] Rule Minor: Allocation Rate (Dynamic GC Workers), MaxAllocRate: 766,9MB/s (+/-29,0%), Free: 13516MB, GCCPUTime: 1,115, GCDuration: 0,231s, TimeUntilOOM: 13,658s, TimeUntilGC: 13,427s, GCWorkers: 5
[6,282s][debug  ][gc,director    ] Select Minor GC Workers (Not Warm), GCWorkers: 5,000
[6,282s][debug  ][gc,director    ] Rule Minor: Allocation Rate (Dynamic GC Workers), MaxAllocRate: 3032,9MB/s (+/-29,0%), Free: 13516MB, GCCPUTime: 1,115, GCDuration: 0,231s, TimeUntilOOM: 3,454s, TimeUntilGC: 3,223s, GCWorkers: 5
[6,282s][debug  ][gc,director    ] Rule Minor: High Usage, Free: 13516MB(88,0%)
[6,292s][debug  ][gc,director    ] Rule Major: Warmup 30%, Used: 1816MB, UsedThreshold: 4608MB
[6,292s][debug  ][gc,director    ] Select Minor GC Workers (Not Warm), GCWorkers: 5,000
[6,292s][debug  ][gc,director    ] Rule Minor: Allocation Rate (Dynamic GC Workers), MaxAllocRate: 766,9MB/s (+/-29,0%), Free: 13502MB, GCCPUTime: 1,115, GCDuration: 0,231s, TimeUntilOOM: 13,644s, TimeUntilGC: 13,413s, GCWorkers: 5
[6,292s][debug  ][gc,director    ] Select Minor GC Workers (Not Warm), GCWorkers: 5,000
[6,292s][debug  ][gc,director    ] Rule Minor: Allocation Rate (Dynamic GC Workers), MaxAllocRate: 3032,9MB/s (+/-29,0%), Free: 13502MB, GCCPUTime: 1,115, GCDuration: 0,231s, TimeUntilOOM: 3,450s, TimeUntilGC: 3,219s, GCWorkers: 5
[6,292s][debug  ][gc,director    ] Rule Minor: High Usage, Free: 13502MB(87,9%)
[6,302s][debug  ][gc,director    ] Rule Major: Warmup 30%, Used: 1828MB, UsedThreshold: 4608MB
[6,302s][debug  ][gc,director    ] Select Minor GC Workers (Not Warm), GCWorkers: 5,000
[6,302s][debug  ][gc,director    ] Rule Minor: Allocation Rate (Dynamic GC Workers), MaxAllocRate: 766,9MB/s (+/-29,0%), Free: 13490MB, GCCPUTime: 1,115, GCDuration: 0,231s, TimeUntilOOM: 13,632s, TimeUntilGC: 13,401s, GCWorkers: 5
[6,302s][debug  ][gc,director    ] Select Minor GC Workers (Not Warm), GCWorkers: 5,000
[6,302s][debug  ][gc,director    ] Rule Minor: Allocation Rate (Dynamic GC Workers), MaxAllocRate: 3032,9MB/s (+/-29,0%), Free: 13490MB, GCCPUTime: 1,115, GCDuration: 0,231s, TimeUntilOOM: 3,447s, TimeUntilGC: 3,216s, GCWorkers: 5
[6,302s][debug  ][gc,director    ] Rule Minor: High Usage, Free: 13490MB(87,8%)
[6,313s][debug  ][gc,director    ] Rule Major: Warmup 30%, Used: 1842MB, UsedThreshold: 4608MB
[6,313s][debug  ][gc,director    ] Select Minor GC Workers (Not Warm), GCWorkers: 5,000
[6,313s][debug  ][gc,director    ] Rule Minor: Allocation Rate (Dynamic GC Workers), MaxAllocRate: 766,9MB/s (+/-29,0%), Free: 13476MB, GCCPUTime: 1,115, GCDuration: 0,231s, TimeUntilOOM: 13,618s, TimeUntilGC: 13,387s, GCWorkers: 5
[6,313s][debug  ][gc,director    ] Select Minor GC Workers (Not Warm), GCWorkers: 5,000
[6,313s][debug  ][gc,director    ] Rule Minor: Allocation Rate (Dynamic GC Workers), MaxAllocRate: 3032,9MB/s (+/-29,0%), Free: 13476MB, GCCPUTime: 1,115, GCDuration: 0,231s, TimeUntilOOM: 3,444s, TimeUntilGC: 3,213s, GCWorkers: 5
[6,313s][debug  ][gc,director    ] Rule Minor: High Usage, Free: 13476MB(87,7%)
[6,323s][debug  ][gc,director    ] Rule Major: Warmup 30%, Used: 1856MB, UsedThreshold: 4608MB
[6,323s][debug  ][gc,director    ] Select Minor GC Workers (Not Warm), GCWorkers: 5,000
[6,323s][debug  ][gc,director    ] Rule Minor: Allocation Rate (Dynamic GC Workers), MaxAllocRate: 766,9MB/s (+/-29,0%), Free: 13462MB, GCCPUTime: 1,115, GCDuration: 0,231s, TimeUntilOOM: 13,604s, TimeUntilGC: 13,373s, GCWorkers: 5
[6,323s][debug  ][gc,director    ] Select Minor GC Workers (Not Warm), GCWorkers: 5,000
[6,323s][debug  ][gc,director    ] Rule Minor: Allocation Rate (Dynamic GC Workers), MaxAllocRate: 3032,9MB/s (+/-29,0%), Free: 13462MB, GCCPUTime: 1,115, GCDuration: 0,231s, TimeUntilOOM: 3,440s, TimeUntilGC: 3,209s, GCWorkers: 5
[6,323s][debug  ][gc,director    ] Rule Minor: High Usage, Free: 13462MB(87,6%)
[6,333s][debug  ][gc,director    ] Rule Major: Warmup 30%, Used: 1870MB, UsedThreshold: 4608MB
[6,333s][debug  ][gc,director    ] Select Minor GC Workers (Not Warm), GCWorkers: 5,000
[6,333s][debug  ][gc,director    ] Rule Minor: Allocation Rate (Dynamic GC Workers), MaxAllocRate: 766,9MB/s (+/-29,0%), Free: 13448MB, GCCPUTime: 1,115, GCDuration: 0,231s, TimeUntilOOM: 13,589s, TimeUntilGC: 13,358s, GCWorkers: 5
[6,333s][debug  ][gc,director    ] Select Minor GC Workers (Not Warm), GCWorkers: 5,000
[6,333s][debug  ][gc,director    ] Rule Minor: Allocation Rate (Dynamic GC Workers), MaxAllocRate: 3032,9MB/s (+/-29,0%), Free: 13448MB, GCCPUTime: 1,115, GCDuration: 0,231s, TimeUntilOOM: 3,436s, TimeUntilGC: 3,205s, GCWorkers: 5
[6,333s][debug  ][gc,director    ] Rule Minor: High Usage, Free: 13448MB(87,6%)
[6,336s][debug  ][gc,nmethod     ] Register NMethod: io.sirix.access.trx.page.NodePageTrx$$Lambda/0x000000008036b068.apply (0x00007f376f36ff10) [0x00007f376f3700c0, 0x00007f376f3702b0] Compiler: c2, Barriers: 2, Oops: 1, ImmediateOops: 0, NonImmediateOops: No
[6,341s][debug  ][gc,alloc       ] Mutator Allocation Rate: 1088,3MB/s Predicted: 1160,9MB/s, Avg: 773,6(+/-225,0)MB/s
[6,342s][debug  ][gc,director    ] Rule Major: Warmup 30%, Used: 1882MB, UsedThreshold: 4608MB
[6,342s][debug  ][gc,director    ] Select Minor GC Workers (Not Warm), GCWorkers: 5,000
[6,342s][debug  ][gc,director    ] Rule Minor: Allocation Rate (Dynamic GC Workers), MaxAllocRate: 773,6MB/s (+/-29,1%), Free: 13436MB, GCCPUTime: 1,115, GCDuration: 0,231s, TimeUntilOOM: 13,454s, TimeUntilGC: 13,223s, GCWorkers: 5
[6,342s][debug  ][gc,director    ] Select Minor GC Workers (Not Warm), GCWorkers: 5,000
[6,342s][debug  ][gc,director    ] Rule Minor: Allocation Rate (Dynamic GC Workers), MaxAllocRate: 3062,4MB/s (+/-29,1%), Free: 13436MB, GCCPUTime: 1,115, GCDuration: 0,231s, TimeUntilOOM: 3,399s, TimeUntilGC: 3,168s, GCWorkers: 5
[6,342s][debug  ][gc,director    ] Rule Minor: High Usage, Free: 13436MB(87,5%)
[6,352s][debug  ][gc,director    ] Rule Major: Warmup 30%, Used: 1894MB, UsedThreshold: 4608MB
[6,352s][debug  ][gc,director    ] Select Minor GC Workers (Not Warm), GCWorkers: 5,000
[6,352s][debug  ][gc,director    ] Rule Minor: Allocation Rate (Dynamic GC Workers), MaxAllocRate: 773,6MB/s (+/-29,1%), Free: 13424MB, GCCPUTime: 1,115, GCDuration: 0,231s, TimeUntilOOM: 13,442s, TimeUntilGC: 13,211s, GCWorkers: 5
[6,352s][debug  ][gc,director    ] Select Minor GC Workers (Not Warm), GCWorkers: 5,000
[6,352s][debug  ][gc,director    ] Rule Minor: Allocation Rate (Dynamic GC Workers), MaxAllocRate: 3062,4MB/s (+/-29,1%), Free: 13424MB, GCCPUTime: 1,115, GCDuration: 0,231s, TimeUntilOOM: 3,396s, TimeUntilGC: 3,165s, GCWorkers: 5
[6,352s][debug  ][gc,director    ] Rule Minor: High Usage, Free: 13424MB(87,4%)
[6,362s][debug  ][gc,director    ] Rule Major: Warmup 30%, Used: 1908MB, UsedThreshold: 4608MB
[6,362s][debug  ][gc,director    ] Select Minor GC Workers (Not Warm), GCWorkers: 5,000
[6,362s][debug  ][gc,director    ] Rule Minor: Allocation Rate (Dynamic GC Workers), MaxAllocRate: 773,6MB/s (+/-29,1%), Free: 13410MB, GCCPUTime: 1,115, GCDuration: 0,231s, TimeUntilOOM: 13,428s, TimeUntilGC: 13,197s, GCWorkers: 5
[6,362s][debug  ][gc,director    ] Select Minor GC Workers (Not Warm), GCWorkers: 5,000
[6,362s][debug  ][gc,director    ] Rule Minor: Allocation Rate (Dynamic GC Workers), MaxAllocRate: 3062,4MB/s (+/-29,1%), Free: 13410MB, GCCPUTime: 1,115, GCDuration: 0,231s, TimeUntilOOM: 3,392s, TimeUntilGC: 3,161s, GCWorkers: 5
[6,362s][debug  ][gc,director    ] Rule Minor: High Usage, Free: 13410MB(87,3%)
[6,372s][debug  ][gc,director    ] Rule Major: Warmup 30%, Used: 1922MB, UsedThreshold: 4608MB
[6,372s][debug  ][gc,director    ] Select Minor GC Workers (Not Warm), GCWorkers: 5,000
[6,372s][debug  ][gc,director    ] Rule Minor: Allocation Rate (Dynamic GC Workers), MaxAllocRate: 773,6MB/s (+/-29,1%), Free: 13396MB, GCCPUTime: 1,115, GCDuration: 0,231s, TimeUntilOOM: 13,414s, TimeUntilGC: 13,183s, GCWorkers: 5
[6,372s][debug  ][gc,director    ] Select Minor GC Workers (Not Warm), GCWorkers: 5,000
[6,372s][debug  ][gc,director    ] Rule Minor: Allocation Rate (Dynamic GC Workers), MaxAllocRate: 3062,4MB/s (+/-29,1%), Free: 13396MB, GCCPUTime: 1,115, GCDuration: 0,231s, TimeUntilOOM: 3,389s, TimeUntilGC: 3,158s, GCWorkers: 5
[6,372s][debug  ][gc,director    ] Rule Minor: High Usage, Free: 13396MB(87,2%)
[6,382s][debug  ][gc,director    ] Rule Major: Warmup 30%, Used: 1936MB, UsedThreshold: 4608MB
[6,382s][debug  ][gc,director    ] Select Minor GC Workers (Not Warm), GCWorkers: 5,000
[6,382s][debug  ][gc,director    ] Rule Minor: Allocation Rate (Dynamic GC Workers), MaxAllocRate: 773,6MB/s (+/-29,1%), Free: 13382MB, GCCPUTime: 1,115, GCDuration: 0,231s, TimeUntilOOM: 13,400s, TimeUntilGC: 13,169s, GCWorkers: 5
[6,382s][debug  ][gc,director    ] Select Minor GC Workers (Not Warm), GCWorkers: 5,000
[6,382s][debug  ][gc,director    ] Rule Minor: Allocation Rate (Dynamic GC Workers), MaxAllocRate: 3062,4MB/s (+/-29,1%), Free: 13382MB, GCCPUTime: 1,115, GCDuration: 0,231s, TimeUntilOOM: 3,385s, TimeUntilGC: 3,154s, GCWorkers: 5
[6,382s][debug  ][gc,director    ] Rule Minor: High Usage, Free: 13382MB(87,1%)
[6,393s][debug  ][gc,director    ] Rule Major: Warmup 30%, Used: 1950MB, UsedThreshold: 4608MB
[6,393s][debug  ][gc,director    ] Select Minor GC Workers (Not Warm), GCWorkers: 5,000
[6,393s][debug  ][gc,director    ] Rule Minor: Allocation Rate (Dynamic GC Workers), MaxAllocRate: 773,6MB/s (+/-29,1%), Free: 13368MB, GCCPUTime: 1,115, GCDuration: 0,231s, TimeUntilOOM: 13,386s, TimeUntilGC: 13,155s, GCWorkers: 5
[6,393s][debug  ][gc,director    ] Select Minor GC Workers (Not Warm), GCWorkers: 5,000
[6,393s][debug  ][gc,director    ] Rule Minor: Allocation Rate (Dynamic GC Workers), MaxAllocRate: 3062,4MB/s (+/-29,1%), Free: 13368MB, GCCPUTime: 1,115, GCDuration: 0,231s, TimeUntilOOM: 3,382s, TimeUntilGC: 3,151s, GCWorkers: 5
[6,393s][debug  ][gc,director    ] Rule Minor: High Usage, Free: 13368MB(87,0%)
[6,403s][debug  ][gc,director    ] Rule Major: Warmup 30%, Used: 1962MB, UsedThreshold: 4608MB
[6,403s][debug  ][gc,director    ] Select Minor GC Workers (Not Warm), GCWorkers: 5,000
[6,403s][debug  ][gc,director    ] Rule Minor: Allocation Rate (Dynamic GC Workers), MaxAllocRate: 773,6MB/s (+/-29,1%), Free: 13356MB, GCCPUTime: 1,115, GCDuration: 0,231s, TimeUntilOOM: 13,374s, TimeUntilGC: 13,143s, GCWorkers: 5
[6,403s][debug  ][gc,director    ] Select Minor GC Workers (Not Warm), GCWorkers: 5,000
[6,403s][debug  ][gc,director    ] Rule Minor: Allocation Rate (Dynamic GC Workers), MaxAllocRate: 3062,4MB/s (+/-29,1%), Free: 13356MB, GCCPUTime: 1,115, GCDuration: 0,231s, TimeUntilOOM: 3,379s, TimeUntilGC: 3,148s, GCWorkers: 5
[6,403s][debug  ][gc,director    ] Rule Minor: High Usage, Free: 13356MB(87,0%)
[6,413s][debug  ][gc,director    ] Rule Major: Warmup 30%, Used: 1976MB, UsedThreshold: 4608MB
[6,413s][debug  ][gc,director    ] Select Minor GC Workers (Not Warm), GCWorkers: 5,000
[6,413s][debug  ][gc,director    ] Rule Minor: Allocation Rate (Dynamic GC Workers), MaxAllocRate: 773,6MB/s (+/-29,1%), Free: 13342MB, GCCPUTime: 1,115, GCDuration: 0,231s, TimeUntilOOM: 13,360s, TimeUntilGC: 13,129s, GCWorkers: 5
[6,413s][debug  ][gc,director    ] Select Minor GC Workers (Not Warm), GCWorkers: 5,000
[6,413s][debug  ][gc,director    ] Rule Minor: Allocation Rate (Dynamic GC Workers), MaxAllocRate: 3062,4MB/s (+/-29,1%), Free: 13342MB, GCCPUTime: 1,115, GCDuration: 0,231s, TimeUntilOOM: 3,375s, TimeUntilGC: 3,144s, GCWorkers: 5
[6,413s][debug  ][gc,director    ] Rule Minor: High Usage, Free: 13342MB(86,9%)
[6,423s][debug  ][gc,director    ] Rule Major: Warmup 30%, Used: 1990MB, UsedThreshold: 4608MB
[6,423s][debug  ][gc,director    ] Select Minor GC Workers (Not Warm), GCWorkers: 5,000
[6,423s][debug  ][gc,director    ] Rule Minor: Allocation Rate (Dynamic GC Workers), MaxAllocRate: 773,6MB/s (+/-29,1%), Free: 13328MB, GCCPUTime: 1,115, GCDuration: 0,231s, TimeUntilOOM: 13,345s, TimeUntilGC: 13,115s, GCWorkers: 5
[6,423s][debug  ][gc,director    ] Select Minor GC Workers (Not Warm), GCWorkers: 5,000
[6,423s][debug  ][gc,director    ] Rule Minor: Allocation Rate (Dynamic GC Workers), MaxAllocRate: 3062,4MB/s (+/-29,1%), Free: 13328MB, GCCPUTime: 1,115, GCDuration: 0,231s, TimeUntilOOM: 3,371s, TimeUntilGC: 3,140s, GCWorkers: 5
[6,423s][debug  ][gc,director    ] Rule Minor: High Usage, Free: 13328MB(86,8%)
[6,431s][debug  ][gc,alloc       ] Mutator Allocation Rate: 1092,4MB/s Predicted: 1171,1MB/s, Avg: 780,1(+/-227,3)MB/s
[6,431s][debug  ][gc,director    ] Rule Major: Warmup 30%, Used: 2002MB, UsedThreshold: 4608MB
[6,431s][debug  ][gc,director    ] Select Minor GC Workers (Not Warm), GCWorkers: 5,000
[6,431s][debug  ][gc,director    ] Rule Minor: Allocation Rate (Dynamic GC Workers), MaxAllocRate: 780,1MB/s (+/-29,1%), Free: 13316MB, GCCPUTime: 1,115, GCDuration: 0,231s, TimeUntilOOM: 13,218s, TimeUntilGC: 12,987s, GCWorkers: 5
[6,431s][debug  ][gc,director    ] Select Minor GC Workers (Not Warm), GCWorkers: 5,000
[6,431s][debug  ][gc,director    ] Rule Minor: Allocation Rate (Dynamic GC Workers), MaxAllocRate: 3090,1MB/s (+/-29,1%), Free: 13316MB, GCCPUTime: 1,115, GCDuration: 0,231s, TimeUntilOOM: 3,337s, TimeUntilGC: 3,106s, GCWorkers: 5
[6,431s][debug  ][gc,director    ] Rule Minor: High Usage, Free: 13316MB(86,7%)
[6,442s][debug  ][gc,director    ] Rule Major: Warmup 30%, Used: 2014MB, UsedThreshold: 4608MB
[6,442s][debug  ][gc,director    ] Select Minor GC Workers (Not Warm), GCWorkers: 5,000
[6,442s][debug  ][gc,director    ] Rule Minor: Allocation Rate (Dynamic GC Workers), MaxAllocRate: 780,1MB/s (+/-29,1%), Free: 13304MB, GCCPUTime: 1,115, GCDuration: 0,231s, TimeUntilOOM: 13,206s, TimeUntilGC: 12,975s, GCWorkers: 5
[6,442s][debug  ][gc,director    ] Select Minor GC Workers (Not Warm), GCWorkers: 5,000
[6,442s][debug  ][gc,director    ] Rule Minor: Allocation Rate (Dynamic GC Workers), MaxAllocRate: 3090,1MB/s (+/-29,1%), Free: 13304MB, GCCPUTime: 1,115, GCDuration: 0,231s, TimeUntilOOM: 3,334s, TimeUntilGC: 3,103s, GCWorkers: 5
[6,442s][debug  ][gc,director    ] Rule Minor: High Usage, Free: 13304MB(86,6%)
[6,452s][debug  ][gc,director    ] Rule Major: Warmup 30%, Used: 2028MB, UsedThreshold: 4608MB
[6,452s][debug  ][gc,director    ] Select Minor GC Workers (Not Warm), GCWorkers: 5,000
[6,452s][debug  ][gc,director    ] Rule Minor: Allocation Rate (Dynamic GC Workers), MaxAllocRate: 780,1MB/s (+/-29,1%), Free: 13290MB, GCCPUTime: 1,115, GCDuration: 0,231s, TimeUntilOOM: 13,192s, TimeUntilGC: 12,961s, GCWorkers: 5
[6,452s][debug  ][gc,director    ] Select Minor GC Workers (Not Warm), GCWorkers: 5,000
[6,452s][debug  ][gc,director    ] Rule Minor: Allocation Rate (Dynamic GC Workers), MaxAllocRate: 3090,1MB/s (+/-29,1%), Free: 13290MB, GCCPUTime: 1,115, GCDuration: 0,231s, TimeUntilOOM: 3,331s, TimeUntilGC: 3,100s, GCWorkers: 5
[6,452s][debug  ][gc,director    ] Rule Minor: High Usage, Free: 13290MB(86,5%)
[6,462s][debug  ][gc,director    ] Rule Major: Warmup 30%, Used: 2042MB, UsedThreshold: 4608MB
[6,462s][debug  ][gc,director    ] Select Minor GC Workers (Not Warm), GCWorkers: 5,000
[6,462s][debug  ][gc,director    ] Rule Minor: Allocation Rate (Dynamic GC Workers), MaxAllocRate: 780,1MB/s (+/-29,1%), Free: 13276MB, GCCPUTime: 1,115, GCDuration: 0,231s, TimeUntilOOM: 13,178s, TimeUntilGC: 12,948s, GCWorkers: 5
[6,462s][debug  ][gc,director    ] Select Minor GC Workers (Not Warm), GCWorkers: 5,000
[6,462s][debug  ][gc,director    ] Rule Minor: Allocation Rate (Dynamic GC Workers), MaxAllocRate: 3090,1MB/s (+/-29,1%), Free: 13276MB, GCCPUTime: 1,115, GCDuration: 0,231s, TimeUntilOOM: 3,327s, TimeUntilGC: 3,096s, GCWorkers: 5
[6,462s][debug  ][gc,director    ] Rule Minor: High Usage, Free: 13276MB(86,4%)
[6,472s][debug  ][gc,director    ] Rule Major: Warmup 30%, Used: 2056MB, UsedThreshold: 4608MB
[6,472s][debug  ][gc,director    ] Select Minor GC Workers (Not Warm), GCWorkers: 5,000
[6,472s][debug  ][gc,director    ] Rule Minor: Allocation Rate (Dynamic GC Workers), MaxAllocRate: 780,1MB/s (+/-29,1%), Free: 13262MB, GCCPUTime: 1,115, GCDuration: 0,231s, TimeUntilOOM: 13,165s, TimeUntilGC: 12,934s, GCWorkers: 5
[6,472s][debug  ][gc,director    ] Select Minor GC Workers (Not Warm), GCWorkers: 5,000
[6,472s][debug  ][gc,director    ] Rule Minor: Allocation Rate (Dynamic GC Workers), MaxAllocRate: 3090,1MB/s (+/-29,1%), Free: 13262MB, GCCPUTime: 1,115, GCDuration: 0,231s, TimeUntilOOM: 3,324s, TimeUntilGC: 3,093s, GCWorkers: 5
[6,472s][debug  ][gc,director    ] Rule Minor: High Usage, Free: 13262MB(86,3%)
[6,482s][debug  ][gc,director    ] Rule Major: Warmup 30%, Used: 2070MB, UsedThreshold: 4608MB
[6,482s][debug  ][gc,director    ] Select Minor GC Workers (Not Warm), GCWorkers: 5,000
[6,482s][debug  ][gc,director    ] Rule Minor: Allocation Rate (Dynamic GC Workers), MaxAllocRate: 780,1MB/s (+/-29,1%), Free: 13248MB, GCCPUTime: 1,115, GCDuration: 0,231s, TimeUntilOOM: 13,151s, TimeUntilGC: 12,920s, GCWorkers: 5
[6,482s][debug  ][gc,director    ] Select Minor GC Workers (Not Warm), GCWorkers: 5,000
[6,482s][debug  ][gc,director    ] Rule Minor: Allocation Rate (Dynamic GC Workers), MaxAllocRate: 3090,1MB/s (+/-29,1%), Free: 13248MB, GCCPUTime: 1,115, GCDuration: 0,231s, TimeUntilOOM: 3,320s, TimeUntilGC: 3,089s, GCWorkers: 5
[6,482s][debug  ][gc,director    ] Rule Minor: High Usage, Free: 13248MB(86,2%)
[6,492s][debug  ][gc,director    ] Rule Major: Warmup 30%, Used: 2084MB, UsedThreshold: 4608MB
[6,492s][debug  ][gc,director    ] Select Minor GC Workers (Not Warm), GCWorkers: 5,000
[6,492s][debug  ][gc,director    ] Rule Minor: Allocation Rate (Dynamic GC Workers), MaxAllocRate: 780,1MB/s (+/-29,1%), Free: 13234MB, GCCPUTime: 1,115, GCDuration: 0,231s, TimeUntilOOM: 13,137s, TimeUntilGC: 12,906s, GCWorkers: 5
[6,492s][debug  ][gc,director    ] Select Minor GC Workers (Not Warm), GCWorkers: 5,000
[6,492s][debug  ][gc,director    ] Rule Minor: Allocation Rate (Dynamic GC Workers), MaxAllocRate: 3090,1MB/s (+/-29,1%), Free: 13234MB, GCCPUTime: 1,115, GCDuration: 0,231s, TimeUntilOOM: 3,317s, TimeUntilGC: 3,086s, GCWorkers: 5
[6,492s][debug  ][gc,director    ] Rule Minor: High Usage, Free: 13234MB(86,2%)
[6,503s][debug  ][gc,director    ] Rule Major: Warmup 30%, Used: 2096MB, UsedThreshold: 4608MB
[6,503s][debug  ][gc,director    ] Select Minor GC Workers (Not Warm), GCWorkers: 5,000
[6,503s][debug  ][gc,director    ] Rule Minor: Allocation Rate (Dynamic GC Workers), MaxAllocRate: 780,1MB/s (+/-29,1%), Free: 13222MB, GCCPUTime: 1,115, GCDuration: 0,231s, TimeUntilOOM: 13,125s, TimeUntilGC: 12,894s, GCWorkers: 5
[6,503s][debug  ][gc,director    ] Select Minor GC Workers (Not Warm), GCWorkers: 5,000
[6,503s][debug  ][gc,director    ] Rule Minor: Allocation Rate (Dynamic GC Workers), MaxAllocRate: 3090,1MB/s (+/-29,1%), Free: 13222MB, GCCPUTime: 1,115, GCDuration: 0,231s, TimeUntilOOM: 3,314s, TimeUntilGC: 3,083s, GCWorkers: 5
[6,503s][debug  ][gc,director    ] Rule Minor: High Usage, Free: 13222MB(86,1%)
[6,513s][debug  ][gc,director    ] Rule Major: Warmup 30%, Used: 2110MB, UsedThreshold: 4608MB
[6,513s][debug  ][gc,director    ] Select Minor GC Workers (Not Warm), GCWorkers: 5,000
[6,513s][debug  ][gc,director    ] Rule Minor: Allocation Rate (Dynamic GC Workers), MaxAllocRate: 780,1MB/s (+/-29,1%), Free: 13208MB, GCCPUTime: 1,115, GCDuration: 0,231s, TimeUntilOOM: 13,111s, TimeUntilGC: 12,880s, GCWorkers: 5
[6,513s][debug  ][gc,director    ] Select Minor GC Workers (Not Warm), GCWorkers: 5,000
[6,513s][debug  ][gc,director    ] Rule Minor: Allocation Rate (Dynamic GC Workers), MaxAllocRate: 3090,1MB/s (+/-29,1%), Free: 13208MB, GCCPUTime: 1,115, GCDuration: 0,231s, TimeUntilOOM: 3,310s, TimeUntilGC: 3,079s, GCWorkers: 5
[6,513s][debug  ][gc,director    ] Rule Minor: High Usage, Free: 13208MB(86,0%)
[6,520s][debug  ][gc,alloc       ] Mutator Allocation Rate: 1096,5MB/s Predicted: 1180,8MB/s, Avg: 786,5(+/-229,3)MB/s
[6,521s][debug  ][gc,director    ] Rule Major: Warmup 30%, Used: 2122MB, UsedThreshold: 4608MB
[6,521s][debug  ][gc,director    ] Select Minor GC Workers (Not Warm), GCWorkers: 5,000
[6,521s][debug  ][gc,director    ] Rule Minor: Allocation Rate (Dynamic GC Workers), MaxAllocRate: 786,5MB/s (+/-29,2%), Free: 13196MB, GCCPUTime: 1,115, GCDuration: 0,231s, TimeUntilOOM: 12,991s, TimeUntilGC: 12,760s, GCWorkers: 5
[6,521s][debug  ][gc,director    ] Select Minor GC Workers (Not Warm), GCWorkers: 5,000
[6,521s][debug  ][gc,director    ] Rule Minor: Allocation Rate (Dynamic GC Workers), MaxAllocRate: 3116,1MB/s (+/-29,2%), Free: 13196MB, GCCPUTime: 1,115, GCDuration: 0,231s, TimeUntilOOM: 3,279s, TimeUntilGC: 3,048s, GCWorkers: 5
[6,521s][debug  ][gc,director    ] Rule Minor: High Usage, Free: 13196MB(85,9%)
[6,531s][debug  ][gc,director    ] Rule Major: Warmup 30%, Used: 2134MB, UsedThreshold: 4608MB
[6,531s][debug  ][gc,director    ] Select Minor GC Workers (Not Warm), GCWorkers: 5,000
[6,531s][debug  ][gc,director    ] Rule Minor: Allocation Rate (Dynamic GC Workers), MaxAllocRate: 786,5MB/s (+/-29,2%), Free: 13184MB, GCCPUTime: 1,115, GCDuration: 0,231s, TimeUntilOOM: 12,979s, TimeUntilGC: 12,748s, GCWorkers: 5
[6,531s][debug  ][gc,director    ] Select Minor GC Workers (Not Warm), GCWorkers: 5,000
[6,531s][debug  ][gc,director    ] Rule Minor: Allocation Rate (Dynamic GC Workers), MaxAllocRate: 3116,1MB/s (+/-29,2%), Free: 13184MB, GCCPUTime: 1,115, GCDuration: 0,231s, TimeUntilOOM: 3,276s, TimeUntilGC: 3,045s, GCWorkers: 5
[6,531s][debug  ][gc,director    ] Rule Minor: High Usage, Free: 13184MB(85,8%)
[6,541s][debug  ][gc,director    ] Rule Major: Warmup 30%, Used: 2148MB, UsedThreshold: 4608MB
[6,541s][debug  ][gc,director    ] Select Minor GC Workers (Not Warm), GCWorkers: 5,000
[6,541s][debug  ][gc,director    ] Rule Minor: Allocation Rate (Dynamic GC Workers), MaxAllocRate: 786,5MB/s (+/-29,2%), Free: 13170MB, GCCPUTime: 1,115, GCDuration: 0,231s, TimeUntilOOM: 12,966s, TimeUntilGC: 12,735s, GCWorkers: 5
[6,541s][debug  ][gc,director    ] Select Minor GC Workers (Not Warm), GCWorkers: 5,000
[6,541s][debug  ][gc,director    ] Rule Minor: Allocation Rate (Dynamic GC Workers), MaxAllocRate: 3116,1MB/s (+/-29,2%), Free: 13170MB, GCCPUTime: 1,115, GCDuration: 0,231s, TimeUntilOOM: 3,272s, TimeUntilGC: 3,041s, GCWorkers: 5
[6,541s][debug  ][gc,director    ] Rule Minor: High Usage, Free: 13170MB(85,7%)
[6,549s][debug  ][gc,nmethod     ] Register NMethod: jdk.internal.misc.Unsafe.compareAndExchangeLong (0x00007f376f2d3190) [0x00007f376f2d3320, 0x00007f376f2d3508] Compiler: , Barriers: 0, Oops: 0, ImmediateOops: 0, NonImmediateOops: No
[6,549s][debug  ][gc,nmethod     ] Register NMethod: java.util.concurrent.ForkJoinPool.signalWork (0x00007f374fa22710) [0x00007f374fa22940, 0x00007f374fa23248] Compiler: c1, Barriers: 3, Oops: 0, ImmediateOops: 1, NonImmediateOops: No
[6,551s][debug  ][gc,director    ] Rule Major: Warmup 30%, Used: 2176MB, UsedThreshold: 4608MB
[6,551s][debug  ][gc,director    ] Select Minor GC Workers (Not Warm), GCWorkers: 5,000
[6,551s][debug  ][gc,director    ] Rule Minor: Allocation Rate (Dynamic GC Workers), MaxAllocRate: 786,5MB/s (+/-29,2%), Free: 13142MB, GCCPUTime: 1,115, GCDuration: 0,231s, TimeUntilOOM: 12,938s, TimeUntilGC: 12,707s, GCWorkers: 5
[6,551s][debug  ][gc,director    ] Select Minor GC Workers (Not Warm), GCWorkers: 5,000
[6,551s][debug  ][gc,director    ] Rule Minor: Allocation Rate (Dynamic GC Workers), MaxAllocRate: 3116,1MB/s (+/-29,2%), Free: 13142MB, GCCPUTime: 1,115, GCDuration: 0,231s, TimeUntilOOM: 3,265s, TimeUntilGC: 3,034s, GCWorkers: 5
[6,551s][debug  ][gc,director    ] Rule Minor: High Usage, Free: 13142MB(85,6%)
[6,551s][debug  ][gc,nmethod     ] Register NMethod: java.nio.ByteBuffer.wrap (0x00007f376f36f510) [0x00007f376f36f6c0, 0x00007f376f36f958] Compiler: c2, Barriers: 2, Oops: 0, ImmediateOops: 0, NonImmediateOops: No
[6,553s][debug  ][gc,nmethod     ] Register NMethod: net.openhft.chronicle.bytes.BytesStore.bytesForRead (0x00007f376f341710) [0x00007f376f3418e0, 0x00007f376f341cb0] Compiler: c2, Barriers: 1, Oops: 1, ImmediateOops: 1, NonImmediateOops: No
[6,554s][debug  ][gc,nmethod     ] Register NMethod: net.openhft.chronicle.bytes.internal.HeapBytesStore.<init> (0x00007f376f341190) [0x00007f376f341340, 0x00007f376f341600] Compiler: c2, Barriers: 9, Oops: 1, ImmediateOops: 1, NonImmediateOops: No
[6,558s][debug  ][gc,nmethod     ] Register NMethod: net.openhft.chronicle.bytes.Bytes.wrapForRead (0x00007f376f352110) [0x00007f376f352340, 0x00007f376f352aa8] Compiler: c2, Barriers: 11, Oops: 2, ImmediateOops: 4, NonImmediateOops: No
[6,558s][debug  ][gc,nmethod     ] Register NMethod: net.jpountz.xxhash.StreamingXXHash32JNI.update (0x00007f376f386d10) [0x00007f376f386ea0, 0x00007f376f387198] Compiler: c2, Barriers: 0, Oops: 1, ImmediateOops: 0, NonImmediateOops: No
[6,559s][debug  ][gc,alloc       ] Mutator Allocation Rate: 1110,7MB/s Predicted: 1190,8MB/s, Avg: 792,8(+/-231,4)MB/s
[6,559s][debug  ][gc,director    ] Rule Major: Warmup 30%, Used: 2242MB, UsedThreshold: 4608MB
[6,559s][debug  ][gc,director    ] Select Minor GC Workers (Not Warm), GCWorkers: 5,000
[6,559s][debug  ][gc,director    ] Rule Minor: Allocation Rate (Dynamic GC Workers), MaxAllocRate: 792,8MB/s (+/-29,2%), Free: 13076MB, GCCPUTime: 1,115, GCDuration: 0,231s, TimeUntilOOM: 12,766s, TimeUntilGC: 12,535s, GCWorkers: 5
[6,559s][debug  ][gc,director    ] Select Minor GC Workers (Not Warm), GCWorkers: 5,000
[6,559s][debug  ][gc,director    ] Rule Minor: Allocation Rate (Dynamic GC Workers), MaxAllocRate: 3143,1MB/s (+/-29,2%), Free: 13076MB, GCCPUTime: 1,115, GCDuration: 0,231s, TimeUntilOOM: 3,220s, TimeUntilGC: 2,989s, GCWorkers: 5
[6,559s][debug  ][gc,director    ] Rule Minor: High Usage, Free: 13076MB(85,1%)
[6,559s][debug  ][gc,nmethod     ] Register NMethod: net.jpountz.xxhash.StreamingXXHash32$1.getValue (0x00007f376f386710) [0x00007f376f3868a0, 0x00007f376f386be8] Compiler: c2, Barriers: 1, Oops: 1, ImmediateOops: 0, NonImmediateOops: No
[6,560s][debug  ][gc,nmethod     ] Register NMethod: io.sirix.access.trx.page.NodePageTrx$$Lambda/0x000000008033bd20.test (0x00007f376f249790) [0x00007f376f249920, 0x00007f376f249a10] Compiler: c2, Barriers: 0, Oops: 1, ImmediateOops: 0, NonImmediateOops: No
[6,560s][debug  ][gc,nmethod     ] Register NMethod: io.sirix.access.trx.page.NodePageTrx$$Lambda/0x000000008033bae8.apply (0x00007f376f386390) [0x00007f376f386520, 0x00007f376f386608] Compiler: c2, Barriers: 1, Oops: 1, ImmediateOops: 0, NonImmediateOops: No
[6,561s][debug  ][gc,nmethod     ] Register NMethod: java.io.ByteArrayOutputStream.<init> (0x00007f376f30c710) [0x00007f376f30c8a0, 0x00007f376f30cad8] Compiler: c2, Barriers: 3, Oops: 0, ImmediateOops: 0, NonImmediateOops: No
[6,561s][debug  ][gc,nmethod     ] Register NMethod: net.jpountz.lz4.LZ4Utils.maxCompressedLength (0x00007f376f340e90) [0x00007f376f341000, 0x00007f376f3410b0] Compiler: c2, Barriers: 0, Oops: 1, ImmediateOops: 0, NonImmediateOops: No
[6,562s][debug  ][gc,nmethod     ] Register NMethod: java.util.concurrent.ForkJoinPool$WorkQueue.casSlotToNull (0x00007f374fbe5710) [0x00007f374fbe58a0, 0x00007f374fbe5a28] Compiler: c1, Barriers: 5, Oops: 0, ImmediateOops: 0, NonImmediateOops: No
[6,564s][debug  ][gc,nmethod     ] Register NMethod: java.io.ByteArrayOutputStream.toByteArray (0x00007f376f30bd90) [0x00007f376f30bf40, 0x00007f376f30c5a8] Compiler: c2, Barriers: 1, Oops: 0, ImmediateOops: 0, NonImmediateOops: No
[6,569s][debug  ][gc,director    ] Rule Major: Warmup 30%, Used: 2340MB, UsedThreshold: 4608MB
[6,569s][debug  ][gc,director    ] Select Minor GC Workers (Not Warm), GCWorkers: 5,000
[6,569s][debug  ][gc,director    ] Rule Minor: Allocation Rate (Dynamic GC Workers), MaxAllocRate: 792,8MB/s (+/-29,2%), Free: 12978MB, GCCPUTime: 1,115, GCDuration: 0,231s, TimeUntilOOM: 12,671s, TimeUntilGC: 12,440s, GCWorkers: 5
[6,569s][debug  ][gc,director    ] Select Minor GC Workers (Not Warm), GCWorkers: 5,000
[6,569s][debug  ][gc,director    ] Rule Minor: Allocation Rate (Dynamic GC Workers), MaxAllocRate: 3143,1MB/s (+/-29,2%), Free: 12978MB, GCCPUTime: 1,115, GCDuration: 0,231s, TimeUntilOOM: 3,196s, TimeUntilGC: 2,965s, GCWorkers: 5
[6,569s][debug  ][gc,director    ] Rule Minor: High Usage, Free: 12978MB(84,5%)
[6,569s][debug  ][gc,nmethod     ] Register NMethod: net.jpountz.lz4.LZ4BlockOutputStream.<init> (0x00007f376f282d90) [0x00007f376f282fe0, 0x00007f376f283e38] Compiler: c2, Barriers: 22, Oops: 4, ImmediateOops: 11, NonImmediateOops: No
[6,570s][debug  ][gc,alloc       ] Mutator Allocation Rate: 1130,1MB/s Predicted: 1201,4MB/s, Avg: 799,3(+/-233,8)MB/s
[6,570s][debug  ][gc,director    ] Rule Major: Warmup 30%, Used: 2362MB, UsedThreshold: 4608MB
[6,570s][debug  ][gc,director    ] Select Minor GC Workers (Not Warm), GCWorkers: 5,000
[6,570s][debug  ][gc,director    ] Rule Minor: Allocation Rate (Dynamic GC Workers), MaxAllocRate: 799,3MB/s (+/-29,3%), Free: 12956MB, GCCPUTime: 1,115, GCDuration: 0,231s, TimeUntilOOM: 12,540s, TimeUntilGC: 12,309s, GCWorkers: 5
[6,570s][debug  ][gc,director    ] Select Minor GC Workers (Not Warm), GCWorkers: 5,000
[6,570s][debug  ][gc,director    ] Rule Minor: Allocation Rate (Dynamic GC Workers), MaxAllocRate: 3172,3MB/s (+/-29,3%), Free: 12956MB, GCCPUTime: 1,115, GCDuration: 0,231s, TimeUntilOOM: 3,160s, TimeUntilGC: 2,929s, GCWorkers: 5
[6,570s][debug  ][gc,director    ] Rule Minor: High Usage, Free: 12956MB(84,3%)
[6,577s][debug  ][gc,nmethod     ] Register NMethod: net.jpountz.lz4.LZ4BlockOutputStream.finish (0x00007f376f2cbb90) [0x00007f376f2cbe80, 0x00007f376f2cd320] Compiler: c2, Barriers: 17, Oops: 1, ImmediateOops: 0, NonImmediateOops: No
[6,579s][debug  ][gc,nmethod     ] Register NMethod: io.sirix.io.bytepipe.LZ4Compressor.serialize (0x00007f376f2cb290) [0x00007f376f2cb460, 0x00007f376f2cb968] Compiler: c2, Barriers: 2, Oops: 3, ImmediateOops: 10, NonImmediateOops: No
[6,580s][debug  ][gc,nmethod     ] Register NMethod: com.google.common.hash.HashCode$BytesHashCode.asBytes (0x00007f376f30b890) [0x00007f376f30ba20, 0x00007f376f30bbc8] Compiler: c2, Barriers: 1, Oops: 1, ImmediateOops: 0, NonImmediateOops: No
[6,580s][debug  ][gc,director    ] Rule Major: Warmup 30%, Used: 2440MB, UsedThreshold: 4608MB
[6,580s][debug  ][gc,director    ] Select Minor GC Workers (Not Warm), GCWorkers: 5,000
[6,580s][debug  ][gc,director    ] Rule Minor: Allocation Rate (Dynamic GC Workers), MaxAllocRate: 799,3MB/s (+/-29,3%), Free: 12878MB, GCCPUTime: 1,115, GCDuration: 0,231s, TimeUntilOOM: 12,465s, TimeUntilGC: 12,234s, GCWorkers: 5
[6,580s][debug  ][gc,director    ] Select Minor GC Workers (Not Warm), GCWorkers: 5,000
[6,580s][debug  ][gc,director    ] Rule Minor: Allocation Rate (Dynamic GC Workers), MaxAllocRate: 3172,3MB/s (+/-29,3%), Free: 12878MB, GCCPUTime: 1,115, GCDuration: 0,231s, TimeUntilOOM: 3,141s, TimeUntilGC: 2,910s, GCWorkers: 5
[6,580s][debug  ][gc,director    ] Rule Minor: High Usage, Free: 12878MB(83,8%)
[6,583s][debug  ][gc,nmethod     ] Register NMethod: java.util.ArrayList.sort (0x00007f376f2ca590) [0x00007f376f2ca7a0, 0x00007f376f2cacc8] Compiler: c2, Barriers: 1, Oops: 0, ImmediateOops: 0, NonImmediateOops: No
[6,584s][debug  ][gc,alloc       ] Mutator Allocation Rate: 1149,0MB/s Predicted: 1212,6MB/s, Avg: 805,9(+/-236,5)MB/s
[6,584s][debug  ][gc,director    ] Rule Major: Warmup 30%, Used: 2482MB, UsedThreshold: 4608MB
[6,584s][debug  ][gc,director    ] Select Minor GC Workers (Not Warm), GCWorkers: 5,000
[6,584s][debug  ][gc,director    ] Rule Minor: Allocation Rate (Dynamic GC Workers), MaxAllocRate: 805,9MB/s (+/-29,3%), Free: 12836MB, GCCPUTime: 1,115, GCDuration: 0,231s, TimeUntilOOM: 12,314s, TimeUntilGC: 12,083s, GCWorkers: 5
[6,584s][debug  ][gc,director    ] Select Minor GC Workers (Not Warm), GCWorkers: 5,000
[6,584s][debug  ][gc,director    ] Rule Minor: Allocation Rate (Dynamic GC Workers), MaxAllocRate: 3203,3MB/s (+/-29,3%), Free: 12836MB, GCCPUTime: 1,115, GCDuration: 0,231s, TimeUntilOOM: 3,098s, TimeUntilGC: 2,867s, GCWorkers: 5
[6,584s][debug  ][gc,director    ] Rule Minor: High Usage, Free: 12836MB(83,6%)
[6,585s][debug  ][gc,nmethod     ] Register NMethod: io.sirix.io.bytepipe.ByteHandlerPipeline.serialize (0x00007f376f287310) [0x00007f376f2874e0, 0x00007f376f287890] Compiler: c2, Barriers: 3, Oops: 2, ImmediateOops: 0, NonImmediateOops: No
[6,586s][debug  ][gc,nmethod     ] Register NMethod: java.lang.ref.Finalizer.register (0x00007f376f286b10) [0x00007f376f286ce0, 0x00007f376f287208] Compiler: c2, Barriers: 15, Oops: 1, ImmediateOops: 8, NonImmediateOops: No
[6,587s][debug  ][gc,nmethod     ] Register NMethod: java.lang.ref.Finalizer.<init> (0x00007f376f2c8e90) [0x00007f376f2c9060, 0x00007f376f2c9618] Compiler: c2, Barriers: 17, Oops: 1, ImmediateOops: 8, NonImmediateOops: No
[6,588s][debug  ][gc,nmethod     ] Register NMethod: java.util.ArrayList.forEach (0x00007f376f386010) [0x00007f376f3861a0, 0x00007f376f3862c8] Compiler: c2, Barriers: 1, Oops: 0, ImmediateOops: 0, NonImmediateOops: No
[6,590s][debug  ][gc,nmethod     ] Register NMethod: java.util.stream.SortedOps$OfRef.opWrapSink (0x00007f376f2c8710) [0x00007f376f2c88c0, 0x00007f376f2c8c78] Compiler: c2, Barriers: 9, Oops: 0, ImmediateOops: 2, NonImmediateOops: No
[6,591s][debug  ][gc,nmethod     ] Register NMethod: com.google.common.hash.MessageDigestHashFunction$MessageDigestHasher.<init> (0x00007f376f2c7f90) [0x00007f376f2c8140, 0x00007f376f2c84e8] Compiler: c2, Barriers: 9, Oops: 1, ImmediateOops: 0, NonImmediateOops: No
[6,593s][debug  ][gc,nmethod     ] Register NMethod: java.io.FilterOutputStream.close (0x00007f376f35d210) [0x00007f376f35d400, 0x00007f376f35d930] Compiler: c2, Barriers: 6, Oops: 1, ImmediateOops: 0, NonImmediateOops: No
[6,594s][debug  ][gc,director    ] Rule Major: Warmup 30%, Used: 2576MB, UsedThreshold: 4608MB
[6,594s][debug  ][gc,director    ] Select Minor GC Workers (Not Warm), GCWorkers: 5,000
[6,594s][debug  ][gc,director    ] Rule Minor: Allocation Rate (Dynamic GC Workers), MaxAllocRate: 805,9MB/s (+/-29,3%), Free: 12742MB, GCCPUTime: 1,115, GCDuration: 0,231s, TimeUntilOOM: 12,224s, TimeUntilGC: 11,993s, GCWorkers: 5
[6,594s][debug  ][gc,director    ] Select Minor GC Workers (Not Warm), GCWorkers: 5,000
[6,594s][debug  ][gc,director    ] Rule Minor: Allocation Rate (Dynamic GC Workers), MaxAllocRate: 3203,3MB/s (+/-29,3%), Free: 12742MB, GCCPUTime: 1,115, GCDuration: 0,231s, TimeUntilOOM: 3,075s, TimeUntilGC: 2,844s, GCWorkers: 5
[6,594s][debug  ][gc,director    ] Rule Minor: High Usage, Free: 12742MB(83,0%)
[6,594s][debug  ][gc,nmethod     ] Register NMethod: net.jpountz.lz4.LZ4BlockOutputStream.close (0x00007f376f286590) [0x00007f376f286740, 0x00007f376f286900] Compiler: c2, Barriers: 3, Oops: 1, ImmediateOops: 0, NonImmediateOops: No
[6,595s][debug  ][gc,nmethod     ] Register NMethod: java.io.DataOutputStream.<init> (0x00007f376f35cb90) [0x00007f376f35cd40, 0x00007f376f35d0d0] Compiler: c2, Barriers: 11, Oops: 0, ImmediateOops: 0, NonImmediateOops: No
[6,595s][debug  ][gc,nmethod     ] Register NMethod: java.util.stream.Nodes$SpinedNodeBuilder.end (0x00007f376f2c7c90) [0x00007f376f2c7e00, 0x00007f376f2c7e80] Compiler: c2, Barriers: 0, Oops: 0, ImmediateOops: 0, NonImmediateOops: No
[6,595s][debug  ][gc,nmethod     ] Register NMethod: java.util.concurrent.ForkJoinPool$WorkQueue.tryPoll (0x00007f374ffacc90) [0x00007f374fface60, 0x00007f374ffad2e0] Compiler: c1, Barriers: 3, Oops: 0, ImmediateOops: 2, NonImmediateOops: No
[6,595s][debug  ][gc,reloc       ] Synchronize all workers 1 _nworkers: 0 _nsynchronized: 0
[6,595s][debug  ][gc,reloc       ] Synchronize all workers 1 _nworkers: 0 _nsynchronized: 0
[6,596s][debug  ][gc,reloc       ] Desynchronize all workers _nworkers: 0 _nsynchronized: 0
[6,596s][debug  ][gc,reloc       ] Desynchronize all workers _nworkers: 0 _nsynchronized: 0
[6,596s][debug  ][gc,alloc       ] Mutator Allocation Rate: 1168,1MB/s Predicted: 1224,4MB/s, Avg: 812,6(+/-239,3)MB/s
[6,596s][debug  ][gc,director    ] Rule Major: Warmup 30%, Used: 2602MB, UsedThreshold: 4608MB
[6,596s][debug  ][gc,director    ] Select Minor GC Workers (Not Warm), GCWorkers: 5,000
[6,596s][debug  ][gc,director    ] Rule Minor: Allocation Rate (Dynamic GC Workers), MaxAllocRate: 812,6MB/s (+/-29,4%), Free: 12716MB, GCCPUTime: 1,115, GCDuration: 0,231s, TimeUntilOOM: 12,088s, TimeUntilGC: 11,858s, GCWorkers: 5
[6,596s][debug  ][gc,director    ] Select Minor GC Workers (Not Warm), GCWorkers: 5,000
[6,596s][debug  ][gc,director    ] Rule Minor: Allocation Rate (Dynamic GC Workers), MaxAllocRate: 3236,2MB/s (+/-29,4%), Free: 12716MB, GCCPUTime: 1,115, GCDuration: 0,231s, TimeUntilOOM: 3,035s, TimeUntilGC: 2,805s, GCWorkers: 5
[6,596s][debug  ][gc,director    ] Rule Minor: High Usage, Free: 12716MB(82,8%)
[6,597s][debug  ][gc,nmethod     ] Register NMethod: java.util.concurrent.ForkJoinPool$WorkQueue.getAndClearSlot (0x00007f374fc22c90) [0x00007f374fc22e40, 0x00007f374fc23088] Compiler: c1, Barriers: 4, Oops: 0, ImmediateOops: 0, NonImmediateOops: No
[6,597s][debug  ][gc,nmethod     ] Register NMethod: java.util.concurrent.ConcurrentHashMap$EntrySpliterator.forEachRemaining (0x00007f376f35c310) [0x00007f376f35c4c0, 0x00007f376f35c990] Compiler: c2, Barriers: 10, Oops: 0, ImmediateOops: 0, NonImmediateOops: No
[6,598s][debug  ][gc,nmethod     ] Register NMethod: java.util.stream.SpinedBuffer.clear (0x00007f376f35bf90) [0x00007f376f35c120, 0x00007f376f35c220] Compiler: c2, Barriers: 1, Oops: 0, ImmediateOops: 0, NonImmediateOops: No
[6,598s][debug  ][gc,nmethod     ] Register NMethod: java.util.stream.SpinedBuffer.ensureCapacity (0x00007f376f35bb90) [0x00007f376f35bd20, 0x00007f376f35be58] Compiler: c2, Barriers: 1, Oops: 0, ImmediateOops: 0, NonImmediateOops: No
[6,599s][debug  ][gc,nmethod     ] Register NMethod: java.util.stream.SortedOps$RefSortingSink.begin (0x00007f376f35b710) [0x00007f376f35b8a0, 0x00007f376f35bab0] Compiler: c2, Barriers: 5, Oops: 0, ImmediateOops: 1, NonImmediateOops: No
[6,599s][debug  ][gc,nmethod     ] Register NMethod: java.io.FilterOutputStream.write (0x00007f376f35b390) [0x00007f376f35b520, 0x00007f376f35b608] Compiler: c2, Barriers: 0, Oops: 0, ImmediateOops: 0, NonImmediateOops: No
[6,604s][debug  ][gc,nmethod     ] Register NMethod: java.util.stream.SortedOps$RefSortingSink.end (0x00007f376f35a090) [0x00007f376f35a300, 0x00007f376f35ac50] Compiler: c2, Barriers: 10, Oops: 1, ImmediateOops: 0, NonImmediateOops: No
[6,605s][debug  ][gc,nmethod     ] Register NMethod: java.util.stream.Nodes$SpinedNodeBuilder.begin (0x00007f376f359b90) [0x00007f376f359d20, 0x00007f376f359ed0] Compiler: c2, Barriers: 2, Oops: 0, ImmediateOops: 0, NonImmediateOops: No
[6,605s][debug  ][gc,nmethod     ] Register NMethod: java.util.stream.SpinedBuffer.capacity (0x00007f376f359810) [0x00007f376f3599a0, 0x00007f376f359a90] Compiler: c2, Barriers: 1, Oops: 0, ImmediateOops: 0, NonImmediateOops: No
[6,606s][debug  ][gc,nmethod     ] Register NMethod: com.google.common.hash.HashCode.fromBytesNoCopy (0x00007f376f359490) [0x00007f376f359620, 0x00007f376f359730] Compiler: c2, Barriers: 2, Oops: 1, ImmediateOops: 0, NonImmediateOops: No
[6,606s][debug  ][gc,director    ] Rule Major: Warmup 30%, Used: 2682MB, UsedThreshold: 4608MB
[6,606s][debug  ][gc,director    ] Select Minor GC Workers (Not Warm), GCWorkers: 5,000
[6,606s][debug  ][gc,director    ] Rule Minor: Allocation Rate (Dynamic GC Workers), MaxAllocRate: 812,6MB/s (+/-29,4%), Free: 12636MB, GCCPUTime: 1,115, GCDuration: 0,231s, TimeUntilOOM: 12,012s, TimeUntilGC: 11,781s, GCWorkers: 5
[6,606s][debug  ][gc,director    ] Select Minor GC Workers (Not Warm), GCWorkers: 5,000
[6,606s][debug  ][gc,director    ] Rule Minor: Allocation Rate (Dynamic GC Workers), MaxAllocRate: 3236,2MB/s (+/-29,4%), Free: 12636MB, GCCPUTime: 1,115, GCDuration: 0,231s, TimeUntilOOM: 3,016s, TimeUntilGC: 2,785s, GCWorkers: 5
[6,606s][debug  ][gc,director    ] Rule Minor: High Usage, Free: 12636MB(82,3%)
[6,608s][debug  ][gc,nmethod     ] Register NMethod: net.jpountz.lz4.LZ4BlockOutputStream.<init> (0x00007f376f358610) [0x00007f376f358800, 0x00007f376f359160] Compiler: c2, Barriers: 18, Oops: 2, ImmediateOops: 1, NonImmediateOops: No
[6,613s][debug  ][gc,nmethod     ] Register NMethod: java.util.concurrent.ConcurrentHashMap$BaseIterator.<init> (0x00007f376f357c90) [0x00007f376f357e60, 0x00007f376f358460] Compiler: c2, Barriers: 16, Oops: 0, ImmediateOops: 0, NonImmediateOops: No
[6,614s][debug  ][gc,nmethod     ] Register NMethod: java.util.concurrent.ConcurrentHashMap.values (0x00007f376f357890) [0x00007f376f357a20, 0x00007f376f357bf0] Compiler: c2, Barriers: 6, Oops: 0, ImmediateOops: 0, NonImmediateOops: No
[6,614s][debug  ][gc,nmethod     ] Register NMethod: java.util.concurrent.ConcurrentHashMap$ValueIterator.<init> (0x00007f376f357590) [0x00007f376f357720, 0x00007f376f3577c0] Compiler: c2, Barriers: 0, Oops: 0, ImmediateOops: 0, NonImmediateOops: No
[6,614s][debug  ][gc,nmethod     ] Register NMethod: java.util.concurrent.ConcurrentHashMap$ValuesView.iterator (0x00007f376f357090) [0x00007f376f357240, 0x00007f376f357450] Compiler: c2, Barriers: 2, Oops: 0, ImmediateOops: 0, NonImmediateOops: No
[6,617s][debug  ][gc,director    ] Rule Major: Warmup 30%, Used: 2718MB, UsedThreshold: 4608MB
[6,617s][debug  ][gc,director    ] Select Minor GC Workers (Not Warm), GCWorkers: 5,000
[6,617s][debug  ][gc,director    ] Rule Minor: Allocation Rate (Dynamic GC Workers), MaxAllocRate: 812,6MB/s (+/-29,4%), Free: 12600MB, GCCPUTime: 1,115, GCDuration: 0,231s, TimeUntilOOM: 11,978s, TimeUntilGC: 11,747s, GCWorkers: 5
[6,617s][debug  ][gc,director    ] Select Minor GC Workers (Not Warm), GCWorkers: 5,000
[6,617s][debug  ][gc,director    ] Rule Minor: Allocation Rate (Dynamic GC Workers), MaxAllocRate: 3236,2MB/s (+/-29,4%), Free: 12600MB, GCCPUTime: 1,115, GCDuration: 0,231s, TimeUntilOOM: 3,008s, TimeUntilGC: 2,777s, GCWorkers: 5
[6,617s][debug  ][gc,director    ] Rule Minor: High Usage, Free: 12600MB(82,0%)
[6,620s][debug  ][gc,alloc       ] Mutator Allocation Rate: 1184,7MB/s Predicted: 1236,5MB/s, Avg: 819,4(+/-242,3)MB/s
[6,620s][debug  ][gc,director    ] Rule Major: Warmup 30%, Used: 2722MB, UsedThreshold: 4608MB
[6,620s][debug  ][gc,director    ] Select Minor GC Workers (Not Warm), GCWorkers: 5,000
[6,620s][debug  ][gc,director    ] Rule Minor: Allocation Rate (Dynamic GC Workers), MaxAllocRate: 819,4MB/s (+/-29,6%), Free: 12596MB, GCCPUTime: 1,115, GCDuration: 0,231s, TimeUntilOOM: 11,865s, TimeUntilGC: 11,634s, GCWorkers: 5
[6,620s][debug  ][gc,director    ] Select Minor GC Workers (Not Warm), GCWorkers: 5,000
[6,620s][debug  ][gc,director    ] Rule Minor: Allocation Rate (Dynamic GC Workers), MaxAllocRate: 3270,1MB/s (+/-29,6%), Free: 12596MB, GCCPUTime: 1,115, GCDuration: 0,231s, TimeUntilOOM: 2,973s, TimeUntilGC: 2,742s, GCWorkers: 5
[6,620s][debug  ][gc,director    ] Rule Minor: High Usage, Free: 12596MB(82,0%)
[6,630s][debug  ][gc,director    ] Rule Major: Warmup 30%, Used: 2730MB, UsedThreshold: 4608MB
[6,630s][debug  ][gc,director    ] Select Minor GC Workers (Not Warm), GCWorkers: 5,000
[6,630s][debug  ][gc,director    ] Rule Minor: Allocation Rate (Dynamic GC Workers), MaxAllocRate: 819,4MB/s (+/-29,6%), Free: 12588MB, GCCPUTime: 1,115, GCDuration: 0,231s, TimeUntilOOM: 11,857s, TimeUntilGC: 11,626s, GCWorkers: 5
[6,630s][debug  ][gc,director    ] Select Minor GC Workers (Not Warm), GCWorkers: 5,000
[6,630s][debug  ][gc,director    ] Rule Minor: Allocation Rate (Dynamic GC Workers), MaxAllocRate: 3270,1MB/s (+/-29,6%), Free: 12588MB, GCCPUTime: 1,115, GCDuration: 0,231s, TimeUntilOOM: 2,971s, TimeUntilGC: 2,740s, GCWorkers: 5
[6,630s][debug  ][gc,director    ] Rule Minor: High Usage, Free: 12588MB(82,0%)
[6,635s][debug  ][gc,nmethod     ] Register NMethod: io.sirix.io.filechannel.FileChannelWriter.writePageReference (0x00007f376f379190) [0x00007f376f379840, 0x00007f376f37cdb0] Compiler: c2, Barriers: 55, Oops: 7, ImmediateOops: 8, NonImmediateOops: No
[6,638s][debug  ][gc,nmethod     ] Register NMethod: io.sirix.page.PagePersister.serializePage (0x00007f376f356510) [0x00007f376f356700, 0x00007f376f356c70] Compiler: c2, Barriers: 8, Oops: 1, ImmediateOops: 1, NonImmediateOops: No
[6,640s][debug  ][gc,director    ] Rule Major: Warmup 30%, Used: 2734MB, UsedThreshold: 4608MB
[6,640s][debug  ][gc,director    ] Select Minor GC Workers (Not Warm), GCWorkers: 5,000
[6,640s][debug  ][gc,director    ] Rule Minor: Allocation Rate (Dynamic GC Workers), MaxAllocRate: 819,4MB/s (+/-29,6%), Free: 12584MB, GCCPUTime: 1,115, GCDuration: 0,231s, TimeUntilOOM: 11,853s, TimeUntilGC: 11,622s, GCWorkers: 5
[6,640s][debug  ][gc,director    ] Select Minor GC Workers (Not Warm), GCWorkers: 5,000
[6,640s][debug  ][gc,director    ] Rule Minor: Allocation Rate (Dynamic GC Workers), MaxAllocRate: 3270,1MB/s (+/-29,6%), Free: 12584MB, GCCPUTime: 1,115, GCDuration: 0,231s, TimeUntilOOM: 2,970s, TimeUntilGC: 2,739s, GCWorkers: 5
[6,640s][debug  ][gc,director    ] Rule Minor: High Usage, Free: 12584MB(81,9%)
[6,642s][debug  ][gc,nmethod     ] Register NMethod: io.sirix.access.trx.page.NodePageTrx.commit (0x00007f376f377690) [0x00007f376f377960, 0x00007f376f3787c0] Compiler: c2, Barriers: 25, Oops: 1, ImmediateOops: 0, NonImmediateOops: No
[6,643s][debug  ][gc,nmethod     ] Register NMethod: io.sirix.io.filechannel.FileChannelWriter.write (0x00007f376f355e10) [0x00007f376f355fc0, 0x00007f376f356210] Compiler: c2, Barriers: 1, Oops: 1, ImmediateOops: 0, NonImmediateOops: No
[6,643s][debug  ][gc,nmethod     ] Register NMethod: io.sirix.io.filechannel.FileChannelWriter.getOffset (0x00007f376f377210) [0x00007f376f3773c0, 0x00007f376f377530] Compiler: c2, Barriers: 1, Oops: 1, ImmediateOops: 0, NonImmediateOops: No
[6,644s][debug  ][gc,nmethod     ] Register NMethod: io.sirix.page.KeyValueLeafPage.commit (0x00007f376f376810) [0x00007f376f376a00, 0x00007f376f376ee0] Compiler: c2, Barriers: 11, Oops: 1, ImmediateOops: 0, NonImmediateOops: No
[6,645s][debug  ][gc,nmethod     ] Register NMethod: sun.nio.ch.Util.isBufferTooLarge (0x00007f374fc38b10) [0x00007f374fc38ca0, 0x00007f374fc38de8] Compiler: c1, Barriers: 0, Oops: 0, ImmediateOops: 0, NonImmediateOops: No
[6,647s][debug  ][gc,nmethod     ] Register NMethod: net.openhft.chronicle.bytes.StreamingDataInput.readUtf8 (0x00007f374feba390) [0x00007f374feba5a0, 0x00007f374febaad8] Compiler: c1, Barriers: 0, Oops: 1, ImmediateOops: 0, NonImmediateOops: No
[6,647s][debug  ][gc,nmethod     ] Register NMethod: net.openhft.chronicle.core.scoped.ScopedThreadLocal$SimpleStack.pop (0x00007f374fa76310) [0x00007f374fa764e0, 0x00007f374fa76918] Compiler: c1, Barriers: 5, Oops: 1, ImmediateOops: 1, NonImmediateOops: No
[6,647s][debug  ][gc,nmethod     ] Register NMethod: net.openhft.chronicle.core.pool.StringInterner.intern (0x00007f374fa9d610) [0x00007f374fa9d880, 0x00007f374fa9e378] Compiler: c1, Barriers: 9, Oops: 1, ImmediateOops: 0, NonImmediateOops: No
[6,647s][debug  ][gc,nmethod     ] Register NMethod: java.nio.ByteBuffer.base (0x00007f376f376510) [0x00007f376f3766a0, 0x00007f376f376790] Compiler: c1, Barriers: 1, Oops: 0, ImmediateOops: 0, NonImmediateOops: No
[6,647s][debug  ][gc,nmethod     ] Register NMethod: sun.nio.fs.UnixPath.checkRead (0x00007f374fc3f210) [0x00007f374fc3f3c0, 0x00007f374fc3f5a8] Compiler: c1, Barriers: 0, Oops: 0, ImmediateOops: 0, NonImmediateOops: No
[6,647s][debug  ][gc,nmethod     ] Register NMethod: io.sirix.io.filechannel.FileChannelWriter.delegate (0x00007f376f376210) [0x00007f376f3763a0, 0x00007f376f376490] Compiler: c1, Barriers: 1, Oops: 1, ImmediateOops: 0, NonImmediateOops: No
[6,647s][debug  ][gc,nmethod     ] Register NMethod: net.openhft.chronicle.core.scoped.ScopedThreadLocal$SimpleStack.push (0x00007f374fdee590) [0x00007f374fdee8e0, 0x00007f374fdef958] Compiler: c1, Barriers: 8, Oops: 5, ImmediateOops: 5, NonImmediateOops: No
[6,648s][debug  ][gc,nmethod     ] Register NMethod: java.util.concurrent.locks.LockSupport.setCurrentBlocker (0x00007f374fe10310) [0x00007f374fe104c0, 0x00007f374fe10660] Compiler: c1, Barriers: 1, Oops: 0, ImmediateOops: 1, NonImmediateOops: No
[6,648s][debug  ][gc,nmethod     ] Register NMethod: io.sirix.page.KeyValueLeafPage.getNumberOfNonNullEntries (0x00007f374fc15d10) [0x00007f374fc15ec0, 0x00007f374fc16200] Compiler: c1, Barriers: 2, Oops: 1, ImmediateOops: 0, NonImmediateOops: No
[6,648s][debug  ][gc,nmethod     ] Register NMethod: io.sirix.page.KeyValueLeafPage.getNumberOfNonNullEntries (0x00007f374fb6b190) [0x00007f374fb6b340, 0x00007f374fb6b5e0] Compiler: c1, Barriers: 2, Oops: 1, ImmediateOops: 0, NonImmediateOops: No
[6,649s][debug  ][gc,nmethod     ] Register NMethod: java.lang.Long.rotateRight (0x00007f374fa36290) [0x00007f374fa36420, 0x00007f374fa36518] Compiler: c1, Barriers: 0, Oops: 0, ImmediateOops: 0, NonImmediateOops: No
[6,649s][debug  ][gc,nmethod     ] Register NMethod: io.sirix.axis.pathsummary.LevelOrderSettingInMemoryInstancesAxis.getRightSibling (0x00007f374feff890) [0x00007f374feffae0, 0x00007f374ff004a8] Compiler: c1, Barriers: 18, Oops: 1, ImmediateOops: 1, NonImmediateOops: No
[6,650s][debug  ][gc,director    ] Rule Major: Warmup 30%, Used: 2734MB, UsedThreshold: 4608MB
[6,650s][debug  ][gc,director    ] Select Minor GC Workers (Not Warm), GCWorkers: 5,000
[6,650s][debug  ][gc,director    ] Rule Minor: Allocation Rate (Dynamic GC Workers), MaxAllocRate: 819,4MB/s (+/-29,6%), Free: 12584MB, GCCPUTime: 1,115, GCDuration: 0,231s, TimeUntilOOM: 11,853s, TimeUntilGC: 11,622s, GCWorkers: 5
[6,650s][debug  ][gc,director    ] Select Minor GC Workers (Not Warm), GCWorkers: 5,000
[6,650s][debug  ][gc,director    ] Rule Minor: Allocation Rate (Dynamic GC Workers), MaxAllocRate: 3270,1MB/s (+/-29,6%), Free: 12584MB, GCCPUTime: 1,115, GCDuration: 0,231s, TimeUntilOOM: 2,970s, TimeUntilGC: 2,739s, GCWorkers: 5
[6,650s][debug  ][gc,director    ] Rule Minor: High Usage, Free: 12584MB(81,9%)
[6,652s][debug  ][gc,nmethod     ] Register NMethod: sun.nio.fs.Util.followLinks (0x00007f374fe03b90) [0x00007f374fe03d60, 0x00007f374fe04170] Compiler: c1, Barriers: 1, Oops: 0, ImmediateOops: 2, NonImmediateOops: No
[6,652s][debug  ][gc,nmethod     ] Register NMethod: net.openhft.chronicle.bytes.internal.BytesInternal.readStopBit (0x00007f376f375290) [0x00007f376f3754e0, 0x00007f376f375cc0] Compiler: c2, Barriers: 9, Oops: 2, ImmediateOops: 0, NonImmediateOops: No
[6,653s][debug  ][gc,nmethod     ] Register NMethod: io.sirix.service.json.shredder.JsonShredder.processNull (0x00007f374ff5d210) [0x00007f374ff5d400, 0x00007f374ff5d7a8] Compiler: c1, Barriers: 3, Oops: 1, ImmediateOops: 2, NonImmediateOops: No
[6,656s][debug  ][gc,nmethod     ] Register NMethod: io.sirix.page.SerializationType.readPageFragments (0x00007f376f373e90) [0x00007f376f374100, 0x00007f376f374a28] Compiler: c2, Barriers: 8, Oops: 2, ImmediateOops: 0, NonImmediateOops: No
[6,656s][debug  ][gc,nmethod     ] Register NMethod: java.nio.Buffer.remaining (0x00007f376f373b90) [0x00007f376f373d00, 0x00007f376f373d88] Compiler: c2, Barriers: 0, Oops: 0, ImmediateOops: 0, NonImmediateOops: No
[6,658s][debug  ][gc,nmethod     ] Register NMethod: io.sirix.page.SerializationType.readHash (0x00007f376f372f10) [0x00007f376f373100, 0x00007f376f3736c8] Compiler: c2, Barriers: 7, Oops: 2, ImmediateOops: 0, NonImmediateOops: No
[6,661s][debug  ][gc,director    ] Rule Major: Warmup 30%, Used: 2744MB, UsedThreshold: 4608MB
[6,661s][debug  ][gc,director    ] Select Minor GC Workers (Not Warm), GCWorkers: 5,000
[6,661s][debug  ][gc,director    ] Rule Minor: Allocation Rate (Dynamic GC Workers), MaxAllocRate: 819,4MB/s (+/-29,6%), Free: 12574MB, GCCPUTime: 1,115, GCDuration: 0,231s, TimeUntilOOM: 11,844s, TimeUntilGC: 11,613s, GCWorkers: 5
[6,661s][debug  ][gc,director    ] Select Minor GC Workers (Not Warm), GCWorkers: 5,000
[6,661s][debug  ][gc,director    ] Rule Minor: Allocation Rate (Dynamic GC Workers), MaxAllocRate: 3270,1MB/s (+/-29,6%), Free: 12574MB, GCCPUTime: 1,115, GCDuration: 0,231s, TimeUntilOOM: 2,968s, TimeUntilGC: 2,737s, GCWorkers: 5
[6,661s][debug  ][gc,director    ] Rule Minor: High Usage, Free: 12574MB(81,9%)
[6,671s][debug  ][gc,director    ] Rule Major: Warmup 30%, Used: 2758MB, UsedThreshold: 4608MB
[6,671s][debug  ][gc,director    ] Select Minor GC Workers (Not Warm), GCWorkers: 5,000
[6,671s][debug  ][gc,director    ] Rule Minor: Allocation Rate (Dynamic GC Workers), MaxAllocRate: 819,4MB/s (+/-29,6%), Free: 12560MB, GCCPUTime: 1,115, GCDuration: 0,231s, TimeUntilOOM: 11,831s, TimeUntilGC: 11,600s, GCWorkers: 5
[6,671s][debug  ][gc,director    ] Select Minor GC Workers (Not Warm), GCWorkers: 5,000
[6,671s][debug  ][gc,director    ] Rule Minor: Allocation Rate (Dynamic GC Workers), MaxAllocRate: 3270,1MB/s (+/-29,6%), Free: 12560MB, GCCPUTime: 1,115, GCDuration: 0,231s, TimeUntilOOM: 2,964s, TimeUntilGC: 2,733s, GCWorkers: 5
[6,671s][debug  ][gc,director    ] Rule Minor: High Usage, Free: 12560MB(81,8%)
[6,677s][debug  ][gc,nmethod     ] Register NMethod: io.sirix.service.json.shredder.JsonShredder.processNull (0x00007f376f372510) [0x00007f376f372700, 0x00007f376f372b70] Compiler: c2, Barriers: 3, Oops: 3, ImmediateOops: 0, NonImmediateOops: No
[6,681s][debug  ][gc,director    ] Rule Major: Warmup 30%, Used: 2770MB, UsedThreshold: 4608MB
[6,681s][debug  ][gc,director    ] Select Minor GC Workers (Not Warm), GCWorkers: 5,000
[6,681s][debug  ][gc,director    ] Rule Minor: Allocation Rate (Dynamic GC Workers), MaxAllocRate: 819,4MB/s (+/-29,6%), Free: 12548MB, GCCPUTime: 1,115, GCDuration: 0,231s, TimeUntilOOM: 11,819s, TimeUntilGC: 11,588s, GCWorkers: 5
[6,681s][debug  ][gc,director    ] Select Minor GC Workers (Not Warm), GCWorkers: 5,000
[6,681s][debug  ][gc,director    ] Rule Minor: Allocation Rate (Dynamic GC Workers), MaxAllocRate: 3270,1MB/s (+/-29,6%), Free: 12548MB, GCCPUTime: 1,115, GCDuration: 0,231s, TimeUntilOOM: 2,962s, TimeUntilGC: 2,731s, GCWorkers: 5
[6,681s][debug  ][gc,director    ] Rule Minor: High Usage, Free: 12548MB(81,7%)
[6,691s][debug  ][gc,director    ] Rule Major: Warmup 30%, Used: 2784MB, UsedThreshold: 4608MB
[6,691s][debug  ][gc,director    ] Select Minor GC Workers (Not Warm), GCWorkers: 5,000
[6,691s][debug  ][gc,director    ] Rule Minor: Allocation Rate (Dynamic GC Workers), MaxAllocRate: 819,4MB/s (+/-29,6%), Free: 12534MB, GCCPUTime: 1,115, GCDuration: 0,231s, TimeUntilOOM: 11,806s, TimeUntilGC: 11,575s, GCWorkers: 5
[6,691s][debug  ][gc,director    ] Select Minor GC Workers (Not Warm), GCWorkers: 5,000
[6,691s][debug  ][gc,director    ] Rule Minor: Allocation Rate (Dynamic GC Workers), MaxAllocRate: 3270,1MB/s (+/-29,6%), Free: 12534MB, GCCPUTime: 1,115, GCDuration: 0,231s, TimeUntilOOM: 2,958s, TimeUntilGC: 2,727s, GCWorkers: 5
[6,691s][debug  ][gc,director    ] Rule Minor: High Usage, Free: 12534MB(81,6%)
[6,701s][debug  ][gc,director    ] Rule Major: Warmup 30%, Used: 2796MB, UsedThreshold: 4608MB
[6,701s][debug  ][gc,director    ] Select Minor GC Workers (Not Warm), GCWorkers: 5,000
[6,701s][debug  ][gc,director    ] Rule Minor: Allocation Rate (Dynamic GC Workers), MaxAllocRate: 819,4MB/s (+/-29,6%), Free: 12522MB, GCCPUTime: 1,115, GCDuration: 0,231s, TimeUntilOOM: 11,795s, TimeUntilGC: 11,564s, GCWorkers: 5
[6,701s][debug  ][gc,director    ] Select Minor GC Workers (Not Warm), GCWorkers: 5,000
[6,701s][debug  ][gc,director    ] Rule Minor: Allocation Rate (Dynamic GC Workers), MaxAllocRate: 3270,1MB/s (+/-29,6%), Free: 12522MB, GCCPUTime: 1,115, GCDuration: 0,231s, TimeUntilOOM: 2,955s, TimeUntilGC: 2,724s, GCWorkers: 5
[6,701s][debug  ][gc,director    ] Rule Minor: High Usage, Free: 12522MB(81,5%)
[6,711s][debug  ][gc,director    ] Rule Major: Warmup 30%, Used: 2810MB, UsedThreshold: 4608MB
[6,711s][debug  ][gc,director    ] Select Minor GC Workers (Not Warm), GCWorkers: 5,000
[6,711s][debug  ][gc,director    ] Rule Minor: Allocation Rate (Dynamic GC Workers), MaxAllocRate: 819,4MB/s (+/-29,6%), Free: 12508MB, GCCPUTime: 1,115, GCDuration: 0,231s, TimeUntilOOM: 11,782s, TimeUntilGC: 11,551s, GCWorkers: 5
[6,711s][debug  ][gc,director    ] Select Minor GC Workers (Not Warm), GCWorkers: 5,000
[6,711s][debug  ][gc,director    ] Rule Minor: Allocation Rate (Dynamic GC Workers), MaxAllocRate: 3270,1MB/s (+/-29,6%), Free: 12508MB, GCCPUTime: 1,115, GCDuration: 0,231s, TimeUntilOOM: 2,952s, TimeUntilGC: 2,721s, GCWorkers: 5
[6,711s][debug  ][gc,director    ] Rule Minor: High Usage, Free: 12508MB(81,4%)
[6,721s][debug  ][gc,director    ] Rule Major: Warmup 30%, Used: 2824MB, UsedThreshold: 4608MB
[6,721s][debug  ][gc,director    ] Select Minor GC Workers (Not Warm), GCWorkers: 5,000
[6,721s][debug  ][gc,director    ] Rule Minor: Allocation Rate (Dynamic GC Workers), MaxAllocRate: 819,4MB/s (+/-29,6%), Free: 12494MB, GCCPUTime: 1,115, GCDuration: 0,231s, TimeUntilOOM: 11,769s, TimeUntilGC: 11,538s, GCWorkers: 5
[6,721s][debug  ][gc,director    ] Select Minor GC Workers (Not Warm), GCWorkers: 5,000
[6,721s][debug  ][gc,director    ] Rule Minor: Allocation Rate (Dynamic GC Workers), MaxAllocRate: 3270,1MB/s (+/-29,6%), Free: 12494MB, GCCPUTime: 1,115, GCDuration: 0,231s, TimeUntilOOM: 2,949s, TimeUntilGC: 2,718s, GCWorkers: 5
[6,721s][debug  ][gc,director    ] Rule Minor: High Usage, Free: 12494MB(81,3%)
[6,732s][debug  ][gc,director    ] Rule Major: Warmup 30%, Used: 2836MB, UsedThreshold: 4608MB
[6,732s][debug  ][gc,director    ] Select Minor GC Workers (Not Warm), GCWorkers: 5,000
[6,732s][debug  ][gc,director    ] Rule Minor: Allocation Rate (Dynamic GC Workers), MaxAllocRate: 819,4MB/s (+/-29,6%), Free: 12482MB, GCCPUTime: 1,115, GCDuration: 0,231s, TimeUntilOOM: 11,757s, TimeUntilGC: 11,526s, GCWorkers: 5
[6,732s][debug  ][gc,director    ] Select Minor GC Workers (Not Warm), GCWorkers: 5,000
[6,732s][debug  ][gc,director    ] Rule Minor: Allocation Rate (Dynamic GC Workers), MaxAllocRate: 3270,1MB/s (+/-29,6%), Free: 12482MB, GCCPUTime: 1,115, GCDuration: 0,231s, TimeUntilOOM: 2,946s, TimeUntilGC: 2,715s, GCWorkers: 5
[6,732s][debug  ][gc,director    ] Rule Minor: High Usage, Free: 12482MB(81,3%)
[6,735s][debug  ][gc,alloc       ] Mutator Allocation Rate: 1181,7MB/s Predicted: 1247,5MB/s, Avg: 825,9(+/-244,8)MB/s
[6,735s][debug  ][gc,director    ] Rule Major: Warmup 30%, Used: 2842MB, UsedThreshold: 4608MB
[6,735s][debug  ][gc,director    ] Select Minor GC Workers (Not Warm), GCWorkers: 5,000
[6,735s][debug  ][gc,director    ] Rule Minor: Allocation Rate (Dynamic GC Workers), MaxAllocRate: 825,9MB/s (+/-29,6%), Free: 12476MB, GCCPUTime: 1,115, GCDuration: 0,231s, TimeUntilOOM: 11,652s, TimeUntilGC: 11,421s, GCWorkers: 5
[6,735s][debug  ][gc,director    ] Select Minor GC Workers (Not Warm), GCWorkers: 5,000
[6,735s][debug  ][gc,director    ] Rule Minor: Allocation Rate (Dynamic GC Workers), MaxAllocRate: 3300,6MB/s (+/-29,6%), Free: 12476MB, GCCPUTime: 1,115, GCDuration: 0,231s, TimeUntilOOM: 2,916s, TimeUntilGC: 2,685s, GCWorkers: 5
[6,735s][debug  ][gc,director    ] Rule Minor: High Usage, Free: 12476MB(81,2%)
[6,745s][debug  ][gc,director    ] Rule Major: Warmup 30%, Used: 2854MB, UsedThreshold: 4608MB
[6,745s][debug  ][gc,director    ] Select Minor GC Workers (Not Warm), GCWorkers: 5,000
[6,745s][debug  ][gc,director    ] Rule Minor: Allocation Rate (Dynamic GC Workers), MaxAllocRate: 825,9MB/s (+/-29,6%), Free: 12464MB, GCCPUTime: 1,115, GCDuration: 0,231s, TimeUntilOOM: 11,641s, TimeUntilGC: 11,410s, GCWorkers: 5
[6,745s][debug  ][gc,director    ] Select Minor GC Workers (Not Warm), GCWorkers: 5,000
[6,745s][debug  ][gc,director    ] Rule Minor: Allocation Rate (Dynamic GC Workers), MaxAllocRate: 3300,6MB/s (+/-29,6%), Free: 12464MB, GCCPUTime: 1,115, GCDuration: 0,231s, TimeUntilOOM: 2,913s, TimeUntilGC: 2,682s, GCWorkers: 5
[6,745s][debug  ][gc,director    ] Rule Minor: High Usage, Free: 12464MB(81,1%)
[6,756s][debug  ][gc,director    ] Rule Major: Warmup 30%, Used: 2868MB, UsedThreshold: 4608MB
[6,756s][debug  ][gc,director    ] Select Minor GC Workers (Not Warm), GCWorkers: 5,000
[6,756s][debug  ][gc,director    ] Rule Minor: Allocation Rate (Dynamic GC Workers), MaxAllocRate: 825,9MB/s (+/-29,6%), Free: 12450MB, GCCPUTime: 1,115, GCDuration: 0,231s, TimeUntilOOM: 11,628s, TimeUntilGC: 11,397s, GCWorkers: 5
[6,756s][debug  ][gc,director    ] Select Minor GC Workers (Not Warm), GCWorkers: 5,000
[6,756s][debug  ][gc,director    ] Rule Minor: Allocation Rate (Dynamic GC Workers), MaxAllocRate: 3300,6MB/s (+/-29,6%), Free: 12450MB, GCCPUTime: 1,115, GCDuration: 0,231s, TimeUntilOOM: 2,910s, TimeUntilGC: 2,679s, GCWorkers: 5
[6,756s][debug  ][gc,director    ] Rule Minor: High Usage, Free: 12450MB(81,1%)
[6,766s][debug  ][gc,director    ] Rule Major: Warmup 30%, Used: 2882MB, UsedThreshold: 4608MB
[6,766s][debug  ][gc,director    ] Select Minor GC Workers (Not Warm), GCWorkers: 5,000
[6,766s][debug  ][gc,director    ] Rule Minor: Allocation Rate (Dynamic GC Workers), MaxAllocRate: 825,9MB/s (+/-29,6%), Free: 12436MB, GCCPUTime: 1,115, GCDuration: 0,231s, TimeUntilOOM: 11,615s, TimeUntilGC: 11,384s, GCWorkers: 5
[6,766s][debug  ][gc,director    ] Select Minor GC Workers (Not Warm), GCWorkers: 5,000
[6,766s][debug  ][gc,director    ] Rule Minor: Allocation Rate (Dynamic GC Workers), MaxAllocRate: 3300,6MB/s (+/-29,6%), Free: 12436MB, GCCPUTime: 1,115, GCDuration: 0,231s, TimeUntilOOM: 2,906s, TimeUntilGC: 2,675s, GCWorkers: 5
[6,766s][debug  ][gc,director    ] Rule Minor: High Usage, Free: 12436MB(81,0%)
[6,776s][debug  ][gc,director    ] Rule Major: Warmup 30%, Used: 2894MB, UsedThreshold: 4608MB
[6,776s][debug  ][gc,director    ] Select Minor GC Workers (Not Warm), GCWorkers: 5,000
[6,776s][debug  ][gc,director    ] Rule Minor: Allocation Rate (Dynamic GC Workers), MaxAllocRate: 825,9MB/s (+/-29,6%), Free: 12424MB, GCCPUTime: 1,115, GCDuration: 0,231s, TimeUntilOOM: 11,604s, TimeUntilGC: 11,373s, GCWorkers: 5
[6,776s][debug  ][gc,director    ] Select Minor GC Workers (Not Warm), GCWorkers: 5,000
[6,776s][debug  ][gc,director    ] Rule Minor: Allocation Rate (Dynamic GC Workers), MaxAllocRate: 3300,6MB/s (+/-29,6%), Free: 12424MB, GCCPUTime: 1,115, GCDuration: 0,231s, TimeUntilOOM: 2,903s, TimeUntilGC: 2,672s, GCWorkers: 5
[6,776s][debug  ][gc,director    ] Rule Minor: High Usage, Free: 12424MB(80,9%)
[6,786s][debug  ][gc,director    ] Rule Major: Warmup 30%, Used: 2908MB, UsedThreshold: 4608MB
[6,786s][debug  ][gc,director    ] Select Minor GC Workers (Not Warm), GCWorkers: 5,000
[6,786s][debug  ][gc,director    ] Rule Minor: Allocation Rate (Dynamic GC Workers), MaxAllocRate: 825,9MB/s (+/-29,6%), Free: 12410MB, GCCPUTime: 1,115, GCDuration: 0,231s, TimeUntilOOM: 11,591s, TimeUntilGC: 11,360s, GCWorkers: 5
[6,786s][debug  ][gc,director    ] Select Minor GC Workers (Not Warm), GCWorkers: 5,000
[6,786s][debug  ][gc,director    ] Rule Minor: Allocation Rate (Dynamic GC Workers), MaxAllocRate: 3300,6MB/s (+/-29,6%), Free: 12410MB, GCCPUTime: 1,115, GCDuration: 0,231s, TimeUntilOOM: 2,900s, TimeUntilGC: 2,669s, GCWorkers: 5
[6,786s][debug  ][gc,director    ] Rule Minor: High Usage, Free: 12410MB(80,8%)
[6,796s][debug  ][gc,director    ] Rule Major: Warmup 30%, Used: 2922MB, UsedThreshold: 4608MB
[6,796s][debug  ][gc,director    ] Select Minor GC Workers (Not Warm), GCWorkers: 5,000
[6,796s][debug  ][gc,director    ] Rule Minor: Allocation Rate (Dynamic GC Workers), MaxAllocRate: 825,9MB/s (+/-29,6%), Free: 12396MB, GCCPUTime: 1,115, GCDuration: 0,231s, TimeUntilOOM: 11,578s, TimeUntilGC: 11,347s, GCWorkers: 5
[6,796s][debug  ][gc,director    ] Select Minor GC Workers (Not Warm), GCWorkers: 5,000
[6,796s][debug  ][gc,director    ] Rule Minor: Allocation Rate (Dynamic GC Workers), MaxAllocRate: 3300,6MB/s (+/-29,6%), Free: 12396MB, GCCPUTime: 1,115, GCDuration: 0,231s, TimeUntilOOM: 2,897s, TimeUntilGC: 2,666s, GCWorkers: 5
[6,796s][debug  ][gc,director    ] Rule Minor: High Usage, Free: 12396MB(80,7%)
[6,806s][debug  ][gc,director    ] Rule Major: Warmup 30%, Used: 2936MB, UsedThreshold: 4608MB
[6,807s][debug  ][gc,director    ] Select Minor GC Workers (Not Warm), GCWorkers: 5,000
[6,807s][debug  ][gc,director    ] Rule Minor: Allocation Rate (Dynamic GC Workers), MaxAllocRate: 825,9MB/s (+/-29,6%), Free: 12382MB, GCCPUTime: 1,115, GCDuration: 0,231s, TimeUntilOOM: 11,564s, TimeUntilGC: 11,334s, GCWorkers: 5
[6,807s][debug  ][gc,director    ] Select Minor GC Workers (Not Warm), GCWorkers: 5,000
[6,807s][debug  ][gc,director    ] Rule Minor: Allocation Rate (Dynamic GC Workers), MaxAllocRate: 3300,6MB/s (+/-29,6%), Free: 12382MB, GCCPUTime: 1,115, GCDuration: 0,231s, TimeUntilOOM: 2,894s, TimeUntilGC: 2,663s, GCWorkers: 5
[6,807s][debug  ][gc,director    ] Rule Minor: High Usage, Free: 12382MB(80,6%)
[6,817s][debug  ][gc,director    ] Rule Major: Warmup 30%, Used: 2948MB, UsedThreshold: 4608MB
[6,817s][debug  ][gc,director    ] Select Minor GC Workers (Not Warm), GCWorkers: 5,000
[6,817s][debug  ][gc,director    ] Rule Minor: Allocation Rate (Dynamic GC Workers), MaxAllocRate: 825,9MB/s (+/-29,6%), Free: 12370MB, GCCPUTime: 1,115, GCDuration: 0,231s, TimeUntilOOM: 11,553s, TimeUntilGC: 11,322s, GCWorkers: 5
[6,817s][debug  ][gc,director    ] Select Minor GC Workers (Not Warm), GCWorkers: 5,000
[6,817s][debug  ][gc,director    ] Rule Minor: Allocation Rate (Dynamic GC Workers), MaxAllocRate: 3300,6MB/s (+/-29,6%), Free: 12370MB, GCCPUTime: 1,115, GCDuration: 0,231s, TimeUntilOOM: 2,891s, TimeUntilGC: 2,660s, GCWorkers: 5
[6,817s][debug  ][gc,director    ] Rule Minor: High Usage, Free: 12370MB(80,5%)
[6,826s][debug  ][gc,alloc       ] Mutator Allocation Rate: 1183,9MB/s Predicted: 1257,8MB/s, Avg: 832,1(+/-247,2)MB/s
[6,826s][debug  ][gc,director    ] Rule Major: Warmup 30%, Used: 2962MB, UsedThreshold: 4608MB
[6,826s][debug  ][gc,director    ] Select Minor GC Workers (Not Warm), GCWorkers: 5,000
[6,826s][debug  ][gc,director    ] Rule Minor: Allocation Rate (Dynamic GC Workers), MaxAllocRate: 832,1MB/s (+/-29,7%), Free: 12356MB, GCCPUTime: 1,115, GCDuration: 0,231s, TimeUntilOOM: 11,448s, TimeUntilGC: 11,217s, GCWorkers: 5
[6,826s][debug  ][gc,director    ] Select Minor GC Workers (Not Warm), GCWorkers: 5,000
[6,826s][debug  ][gc,director    ] Rule Minor: Allocation Rate (Dynamic GC Workers), MaxAllocRate: 3329,0MB/s (+/-29,7%), Free: 12356MB, GCCPUTime: 1,115, GCDuration: 0,231s, TimeUntilOOM: 2,862s, TimeUntilGC: 2,631s, GCWorkers: 5
[6,826s][debug  ][gc,director    ] Rule Minor: High Usage, Free: 12356MB(80,4%)
[6,836s][debug  ][gc,director    ] Rule Major: Warmup 30%, Used: 2974MB, UsedThreshold: 4608MB
[6,836s][debug  ][gc,director    ] Select Minor GC Workers (Not Warm), GCWorkers: 5,000
[6,836s][debug  ][gc,director    ] Rule Minor: Allocation Rate (Dynamic GC Workers), MaxAllocRate: 832,1MB/s (+/-29,7%), Free: 12344MB, GCCPUTime: 1,115, GCDuration: 0,231s, TimeUntilOOM: 11,437s, TimeUntilGC: 11,206s, GCWorkers: 5
[6,836s][debug  ][gc,director    ] Select Minor GC Workers (Not Warm), GCWorkers: 5,000
[6,836s][debug  ][gc,director    ] Rule Minor: Allocation Rate (Dynamic GC Workers), MaxAllocRate: 3329,0MB/s (+/-29,7%), Free: 12344MB, GCCPUTime: 1,115, GCDuration: 0,231s, TimeUntilOOM: 2,859s, TimeUntilGC: 2,628s, GCWorkers: 5
[6,836s][debug  ][gc,director    ] Rule Minor: High Usage, Free: 12344MB(80,4%)
[6,847s][debug  ][gc,director    ] Rule Major: Warmup 30%, Used: 2988MB, UsedThreshold: 4608MB
[6,847s][debug  ][gc,director    ] Select Minor GC Workers (Not Warm), GCWorkers: 5,000
[6,847s][debug  ][gc,director    ] Rule Minor: Allocation Rate (Dynamic GC Workers), MaxAllocRate: 832,1MB/s (+/-29,7%), Free: 12330MB, GCCPUTime: 1,115, GCDuration: 0,231s, TimeUntilOOM: 11,424s, TimeUntilGC: 11,193s, GCWorkers: 5
[6,847s][debug  ][gc,director    ] Select Minor GC Workers (Not Warm), GCWorkers: 5,000
[6,847s][debug  ][gc,director    ] Rule Minor: Allocation Rate (Dynamic GC Workers), MaxAllocRate: 3329,0MB/s (+/-29,7%), Free: 12330MB, GCCPUTime: 1,115, GCDuration: 0,231s, TimeUntilOOM: 2,856s, TimeUntilGC: 2,625s, GCWorkers: 5
[6,847s][debug  ][gc,director    ] Rule Minor: High Usage, Free: 12330MB(80,3%)
[6,857s][debug  ][gc,director    ] Rule Major: Warmup 30%, Used: 3002MB, UsedThreshold: 4608MB
[6,857s][debug  ][gc,director    ] Select Minor GC Workers (Not Warm), GCWorkers: 5,000
[6,857s][debug  ][gc,director    ] Rule Minor: Allocation Rate (Dynamic GC Workers), MaxAllocRate: 832,1MB/s (+/-29,7%), Free: 12316MB, GCCPUTime: 1,115, GCDuration: 0,231s, TimeUntilOOM: 11,411s, TimeUntilGC: 11,180s, GCWorkers: 5
[6,857s][debug  ][gc,director    ] Select Minor GC Workers (Not Warm), GCWorkers: 5,000
[6,857s][debug  ][gc,director    ] Rule Minor: Allocation Rate (Dynamic GC Workers), MaxAllocRate: 3329,0MB/s (+/-29,7%), Free: 12316MB, GCCPUTime: 1,115, GCDuration: 0,231s, TimeUntilOOM: 2,852s, TimeUntilGC: 2,621s, GCWorkers: 5
[6,857s][debug  ][gc,director    ] Rule Minor: High Usage, Free: 12316MB(80,2%)
[6,867s][debug  ][gc,director    ] Rule Major: Warmup 30%, Used: 3014MB, UsedThreshold: 4608MB
[6,867s][debug  ][gc,director    ] Select Minor GC Workers (Not Warm), GCWorkers: 5,000
[6,867s][debug  ][gc,director    ] Rule Minor: Allocation Rate (Dynamic GC Workers), MaxAllocRate: 832,1MB/s (+/-29,7%), Free: 12304MB, GCCPUTime: 1,115, GCDuration: 0,231s, TimeUntilOOM: 11,400s, TimeUntilGC: 11,169s, GCWorkers: 5
[6,867s][debug  ][gc,director    ] Select Minor GC Workers (Not Warm), GCWorkers: 5,000
[6,867s][debug  ][gc,director    ] Rule Minor: Allocation Rate (Dynamic GC Workers), MaxAllocRate: 3329,0MB/s (+/-29,7%), Free: 12304MB, GCCPUTime: 1,115, GCDuration: 0,231s, TimeUntilOOM: 2,850s, TimeUntilGC: 2,619s, GCWorkers: 5
[6,867s][debug  ][gc,director    ] Rule Minor: High Usage, Free: 12304MB(80,1%)
[6,877s][debug  ][gc,director    ] Rule Major: Warmup 30%, Used: 3028MB, UsedThreshold: 4608MB
[6,877s][debug  ][gc,director    ] Select Minor GC Workers (Not Warm), GCWorkers: 5,000
[6,877s][debug  ][gc,director    ] Rule Minor: Allocation Rate (Dynamic GC Workers), MaxAllocRate: 832,1MB/s (+/-29,7%), Free: 12290MB, GCCPUTime: 1,115, GCDuration: 0,231s, TimeUntilOOM: 11,387s, TimeUntilGC: 11,156s, GCWorkers: 5
[6,877s][debug  ][gc,director    ] Select Minor GC Workers (Not Warm), GCWorkers: 5,000
[6,877s][debug  ][gc,director    ] Rule Minor: Allocation Rate (Dynamic GC Workers), MaxAllocRate: 3329,0MB/s (+/-29,7%), Free: 12290MB, GCCPUTime: 1,115, GCDuration: 0,231s, TimeUntilOOM: 2,846s, TimeUntilGC: 2,615s, GCWorkers: 5
[6,877s][debug  ][gc,director    ] Rule Minor: High Usage, Free: 12290MB(80,0%)
[6,887s][debug  ][gc,director    ] Rule Major: Warmup 30%, Used: 3042MB, UsedThreshold: 4608MB
[6,887s][debug  ][gc,director    ] Select Minor GC Workers (Not Warm), GCWorkers: 5,000
[6,887s][debug  ][gc,director    ] Rule Minor: Allocation Rate (Dynamic GC Workers), MaxAllocRate: 832,1MB/s (+/-29,7%), Free: 12276MB, GCCPUTime: 1,115, GCDuration: 0,231s, TimeUntilOOM: 11,374s, TimeUntilGC: 11,143s, GCWorkers: 5
[6,887s][debug  ][gc,director    ] Select Minor GC Workers (Not Warm), GCWorkers: 5,000
[6,887s][debug  ][gc,director    ] Rule Minor: Allocation Rate (Dynamic GC Workers), MaxAllocRate: 3329,0MB/s (+/-29,7%), Free: 12276MB, GCCPUTime: 1,115, GCDuration: 0,231s, TimeUntilOOM: 2,843s, TimeUntilGC: 2,612s, GCWorkers: 5
[6,887s][debug  ][gc,director    ] Rule Minor: High Usage, Free: 12276MB(79,9%)
[6,898s][debug  ][gc,director    ] Rule Major: Warmup 30%, Used: 3056MB, UsedThreshold: 4608MB
[6,898s][debug  ][gc,director    ] Select Minor GC Workers (Not Warm), GCWorkers: 5,000
[6,898s][debug  ][gc,director    ] Rule Minor: Allocation Rate (Dynamic GC Workers), MaxAllocRate: 832,1MB/s (+/-29,7%), Free: 12262MB, GCCPUTime: 1,115, GCDuration: 0,231s, TimeUntilOOM: 11,361s, TimeUntilGC: 11,130s, GCWorkers: 5
[6,898s][debug  ][gc,director    ] Select Minor GC Workers (Not Warm), GCWorkers: 5,000
[6,898s][debug  ][gc,director    ] Rule Minor: Allocation Rate (Dynamic GC Workers), MaxAllocRate: 3329,0MB/s (+/-29,7%), Free: 12262MB, GCCPUTime: 1,115, GCDuration: 0,231s, TimeUntilOOM: 2,840s, TimeUntilGC: 2,609s, GCWorkers: 5
[6,898s][debug  ][gc,director    ] Rule Minor: High Usage, Free: 12262MB(79,8%)
[6,908s][debug  ][gc,director    ] Rule Major: Warmup 30%, Used: 3068MB, UsedThreshold: 4608MB
[6,908s][debug  ][gc,director    ] Select Minor GC Workers (Not Warm), GCWorkers: 5,000
[6,908s][debug  ][gc,director    ] Rule Minor: Allocation Rate (Dynamic GC Workers), MaxAllocRate: 832,1MB/s (+/-29,7%), Free: 12250MB, GCCPUTime: 1,115, GCDuration: 0,231s, TimeUntilOOM: 11,350s, TimeUntilGC: 11,119s, GCWorkers: 5
[6,908s][debug  ][gc,director    ] Select Minor GC Workers (Not Warm), GCWorkers: 5,000
[6,908s][debug  ][gc,director    ] Rule Minor: Allocation Rate (Dynamic GC Workers), MaxAllocRate: 3329,0MB/s (+/-29,7%), Free: 12250MB, GCCPUTime: 1,115, GCDuration: 0,231s, TimeUntilOOM: 2,837s, TimeUntilGC: 2,606s, GCWorkers: 5
[6,908s][debug  ][gc,director    ] Rule Minor: High Usage, Free: 12250MB(79,8%)
[6,917s][debug  ][gc,alloc       ] Mutator Allocation Rate: 1185,9MB/s Predicted: 1267,5MB/s, Avg: 838,2(+/-249,3)MB/s
[6,917s][debug  ][gc,director    ] Rule Major: Warmup 30%, Used: 3082MB, UsedThreshold: 4608MB
[6,917s][debug  ][gc,director    ] Select Minor GC Workers (Not Warm), GCWorkers: 5,000
[6,917s][debug  ][gc,director    ] Rule Minor: Allocation Rate (Dynamic GC Workers), MaxAllocRate: 838,2MB/s (+/-29,7%), Free: 12236MB, GCCPUTime: 1,115, GCDuration: 0,231s, TimeUntilOOM: 11,251s, TimeUntilGC: 11,020s, GCWorkers: 5
[6,917s][debug  ][gc,director    ] Select Minor GC Workers (Not Warm), GCWorkers: 5,000
[6,917s][debug  ][gc,director    ] Rule Minor: Allocation Rate (Dynamic GC Workers), MaxAllocRate: 3355,5MB/s (+/-29,7%), Free: 12236MB, GCCPUTime: 1,115, GCDuration: 0,231s, TimeUntilOOM: 2,811s, TimeUntilGC: 2,580s, GCWorkers: 5
[6,917s][debug  ][gc,director    ] Rule Minor: High Usage, Free: 12236MB(79,7%)
[6,927s][debug  ][gc,director    ] Rule Major: Warmup 30%, Used: 3094MB, UsedThreshold: 4608MB
[6,927s][debug  ][gc,director    ] Select Minor GC Workers (Not Warm), GCWorkers: 5,000
[6,928s][debug  ][gc,director    ] Rule Minor: Allocation Rate (Dynamic GC Workers), MaxAllocRate: 838,2MB/s (+/-29,7%), Free: 12224MB, GCCPUTime: 1,115, GCDuration: 0,231s, TimeUntilOOM: 11,240s, TimeUntilGC: 11,009s, GCWorkers: 5
[6,928s][debug  ][gc,director    ] Select Minor GC Workers (Not Warm), GCWorkers: 5,000
[6,928s][debug  ][gc,director    ] Rule Minor: Allocation Rate (Dynamic GC Workers), MaxAllocRate: 3355,5MB/s (+/-29,7%), Free: 12224MB, GCCPUTime: 1,115, GCDuration: 0,231s, TimeUntilOOM: 2,808s, TimeUntilGC: 2,577s, GCWorkers: 5
[6,928s][debug  ][gc,director    ] Rule Minor: High Usage, Free: 12224MB(79,6%)
[6,938s][debug  ][gc,director    ] Rule Major: Warmup 30%, Used: 3108MB, UsedThreshold: 4608MB
[6,938s][debug  ][gc,director    ] Select Minor GC Workers (Not Warm), GCWorkers: 5,000
[6,938s][debug  ][gc,director    ] Rule Minor: Allocation Rate (Dynamic GC Workers), MaxAllocRate: 838,2MB/s (+/-29,7%), Free: 12210MB, GCCPUTime: 1,115, GCDuration: 0,231s, TimeUntilOOM: 11,227s, TimeUntilGC: 10,996s, GCWorkers: 5
[6,938s][debug  ][gc,director    ] Select Minor GC Workers (Not Warm), GCWorkers: 5,000
[6,938s][debug  ][gc,director    ] Rule Minor: Allocation Rate (Dynamic GC Workers), MaxAllocRate: 3355,5MB/s (+/-29,7%), Free: 12210MB, GCCPUTime: 1,115, GCDuration: 0,231s, TimeUntilOOM: 2,805s, TimeUntilGC: 2,574s, GCWorkers: 5
[6,938s][debug  ][gc,director    ] Rule Minor: High Usage, Free: 12210MB(79,5%)
[6,948s][debug  ][gc,director    ] Rule Major: Warmup 30%, Used: 3122MB, UsedThreshold: 4608MB
[6,948s][debug  ][gc,director    ] Select Minor GC Workers (Not Warm), GCWorkers: 5,000
[6,948s][debug  ][gc,director    ] Rule Minor: Allocation Rate (Dynamic GC Workers), MaxAllocRate: 838,2MB/s (+/-29,7%), Free: 12196MB, GCCPUTime: 1,115, GCDuration: 0,231s, TimeUntilOOM: 11,214s, TimeUntilGC: 10,983s, GCWorkers: 5
[6,948s][debug  ][gc,director    ] Select Minor GC Workers (Not Warm), GCWorkers: 5,000
[6,948s][debug  ][gc,director    ] Rule Minor: Allocation Rate (Dynamic GC Workers), MaxAllocRate: 3355,5MB/s (+/-29,7%), Free: 12196MB, GCCPUTime: 1,115, GCDuration: 0,231s, TimeUntilOOM: 2,801s, TimeUntilGC: 2,570s, GCWorkers: 5
[6,948s][debug  ][gc,director    ] Rule Minor: High Usage, Free: 12196MB(79,4%)
[6,958s][debug  ][gc,director    ] Rule Major: Warmup 30%, Used: 3134MB, UsedThreshold: 4608MB
[6,958s][debug  ][gc,director    ] Select Minor GC Workers (Not Warm), GCWorkers: 5,000
[6,958s][debug  ][gc,director    ] Rule Minor: Allocation Rate (Dynamic GC Workers), MaxAllocRate: 838,2MB/s (+/-29,7%), Free: 12184MB, GCCPUTime: 1,115, GCDuration: 0,231s, TimeUntilOOM: 11,203s, TimeUntilGC: 10,972s, GCWorkers: 5
[6,958s][debug  ][gc,director    ] Select Minor GC Workers (Not Warm), GCWorkers: 5,000
[6,958s][debug  ][gc,director    ] Rule Minor: Allocation Rate (Dynamic GC Workers), MaxAllocRate: 3355,5MB/s (+/-29,7%), Free: 12184MB, GCCPUTime: 1,115, GCDuration: 0,231s, TimeUntilOOM: 2,799s, TimeUntilGC: 2,568s, GCWorkers: 5
[6,958s][debug  ][gc,director    ] Rule Minor: High Usage, Free: 12184MB(79,3%)
[6,968s][debug  ][gc,director    ] Rule Major: Warmup 30%, Used: 3148MB, UsedThreshold: 4608MB
[6,968s][debug  ][gc,director    ] Select Minor GC Workers (Not Warm), GCWorkers: 5,000
[6,968s][debug  ][gc,director    ] Rule Minor: Allocation Rate (Dynamic GC Workers), MaxAllocRate: 838,2MB/s (+/-29,7%), Free: 12170MB, GCCPUTime: 1,115, GCDuration: 0,231s, TimeUntilOOM: 11,190s, TimeUntilGC: 10,959s, GCWorkers: 5
[6,968s][debug  ][gc,director    ] Select Minor GC Workers (Not Warm), GCWorkers: 5,000
[6,968s][debug  ][gc,director    ] Rule Minor: Allocation Rate (Dynamic GC Workers), MaxAllocRate: 3355,5MB/s (+/-29,7%), Free: 12170MB, GCCPUTime: 1,115, GCDuration: 0,231s, TimeUntilOOM: 2,795s, TimeUntilGC: 2,564s, GCWorkers: 5
[6,968s][debug  ][gc,director    ] Rule Minor: High Usage, Free: 12170MB(79,2%)
[6,978s][debug  ][gc,director    ] Rule Major: Warmup 30%, Used: 3162MB, UsedThreshold: 4608MB
[6,978s][debug  ][gc,director    ] Select Minor GC Workers (Not Warm), GCWorkers: 5,000
[6,978s][debug  ][gc,director    ] Rule Minor: Allocation Rate (Dynamic GC Workers), MaxAllocRate: 838,2MB/s (+/-29,7%), Free: 12156MB, GCCPUTime: 1,115, GCDuration: 0,231s, TimeUntilOOM: 11,177s, TimeUntilGC: 10,946s, GCWorkers: 5
[6,978s][debug  ][gc,director    ] Select Minor GC Workers (Not Warm), GCWorkers: 5,000
[6,978s][debug  ][gc,director    ] Rule Minor: Allocation Rate (Dynamic GC Workers), MaxAllocRate: 3355,5MB/s (+/-29,7%), Free: 12156MB, GCCPUTime: 1,115, GCDuration: 0,231s, TimeUntilOOM: 2,792s, TimeUntilGC: 2,561s, GCWorkers: 5
[6,978s][debug  ][gc,director    ] Rule Minor: High Usage, Free: 12156MB(79,1%)
[6,989s][debug  ][gc,director    ] Rule Major: Warmup 30%, Used: 3174MB, UsedThreshold: 4608MB
[6,989s][debug  ][gc,director    ] Select Minor GC Workers (Not Warm), GCWorkers: 5,000
[6,989s][debug  ][gc,director    ] Rule Minor: Allocation Rate (Dynamic GC Workers), MaxAllocRate: 838,2MB/s (+/-29,7%), Free: 12144MB, GCCPUTime: 1,115, GCDuration: 0,231s, TimeUntilOOM: 11,166s, TimeUntilGC: 10,935s, GCWorkers: 5
[6,989s][debug  ][gc,director    ] Select Minor GC Workers (Not Warm), GCWorkers: 5,000
[6,989s][debug  ][gc,director    ] Rule Minor: Allocation Rate (Dynamic GC Workers), MaxAllocRate: 3355,5MB/s (+/-29,7%), Free: 12144MB, GCCPUTime: 1,115, GCDuration: 0,231s, TimeUntilOOM: 2,789s, TimeUntilGC: 2,558s, GCWorkers: 5
[6,989s][debug  ][gc,director    ] Rule Minor: High Usage, Free: 12144MB(79,1%)
[6,999s][debug  ][gc,director    ] Rule Major: Warmup 30%, Used: 3188MB, UsedThreshold: 4608MB
[6,999s][debug  ][gc,director    ] Select Minor GC Workers (Not Warm), GCWorkers: 5,000
[6,999s][debug  ][gc,director    ] Rule Minor: Allocation Rate (Dynamic GC Workers), MaxAllocRate: 838,2MB/s (+/-29,7%), Free: 12130MB, GCCPUTime: 1,115, GCDuration: 0,231s, TimeUntilOOM: 11,153s, TimeUntilGC: 10,922s, GCWorkers: 5
[6,999s][debug  ][gc,director    ] Select Minor GC Workers (Not Warm), GCWorkers: 5,000
[6,999s][debug  ][gc,director    ] Rule Minor: Allocation Rate (Dynamic GC Workers), MaxAllocRate: 3355,5MB/s (+/-29,7%), Free: 12130MB, GCCPUTime: 1,115, GCDuration: 0,231s, TimeUntilOOM: 2,786s, TimeUntilGC: 2,555s, GCWorkers: 5
[6,999s][debug  ][gc,director    ] Rule Minor: High Usage, Free: 12130MB(79,0%)
[7,009s][debug  ][gc,alloc       ] Mutator Allocation Rate: 1187,9MB/s Predicted: 1276,7MB/s, Avg: 844,2(+/-251,3)MB/s
[7,009s][debug  ][gc,director    ] Rule Major: Warmup 30%, Used: 3202MB, UsedThreshold: 4608MB
[7,009s][debug  ][gc,director    ] Select Minor GC Workers (Not Warm), GCWorkers: 5,000
[7,009s][debug  ][gc,director    ] Rule Minor: Allocation Rate (Dynamic GC Workers), MaxAllocRate: 844,2MB/s (+/-29,8%), Free: 12116MB, GCCPUTime: 1,115, GCDuration: 0,231s, TimeUntilOOM: 11,060s, TimeUntilGC: 10,829s, GCWorkers: 5
[7,009s][debug  ][gc,director    ] Select Minor GC Workers (Not Warm), GCWorkers: 5,000
[7,009s][debug  ][gc,director    ] Rule Minor: Allocation Rate (Dynamic GC Workers), MaxAllocRate: 3380,3MB/s (+/-29,8%), Free: 12116MB, GCCPUTime: 1,115, GCDuration: 0,231s, TimeUntilOOM: 2,762s, TimeUntilGC: 2,531s, GCWorkers: 5
[7,009s][debug  ][gc,director    ] Rule Minor: High Usage, Free: 12116MB(78,9%)
[7,019s][debug  ][gc,director    ] Rule Major: Warmup 30%, Used: 3214MB, UsedThreshold: 4608MB
[7,019s][debug  ][gc,director    ] Select Minor GC Workers (Not Warm), GCWorkers: 5,000
[7,019s][debug  ][gc,director    ] Rule Minor: Allocation Rate (Dynamic GC Workers), MaxAllocRate: 844,2MB/s (+/-29,8%), Free: 12104MB, GCCPUTime: 1,115, GCDuration: 0,231s, TimeUntilOOM: 11,049s, TimeUntilGC: 10,818s, GCWorkers: 5
[7,019s][debug  ][gc,director    ] Select Minor GC Workers (Not Warm), GCWorkers: 5,000
[7,019s][debug  ][gc,director    ] Rule Minor: Allocation Rate (Dynamic GC Workers), MaxAllocRate: 3380,3MB/s (+/-29,8%), Free: 12104MB, GCCPUTime: 1,115, GCDuration: 0,231s, TimeUntilOOM: 2,759s, TimeUntilGC: 2,528s, GCWorkers: 5
[7,019s][debug  ][gc,director    ] Rule Minor: High Usage, Free: 12104MB(78,8%)
[7,029s][debug  ][gc,director    ] Rule Major: Warmup 30%, Used: 3228MB, UsedThreshold: 4608MB
[7,029s][debug  ][gc,director    ] Select Minor GC Workers (Not Warm), GCWorkers: 5,000
[7,029s][debug  ][gc,director    ] Rule Minor: Allocation Rate (Dynamic GC Workers), MaxAllocRate: 844,2MB/s (+/-29,8%), Free: 12090MB, GCCPUTime: 1,115, GCDuration: 0,231s, TimeUntilOOM: 11,036s, TimeUntilGC: 10,805s, GCWorkers: 5
[7,029s][debug  ][gc,director    ] Select Minor GC Workers (Not Warm), GCWorkers: 5,000
[7,029s][debug  ][gc,director    ] Rule Minor: Allocation Rate (Dynamic GC Workers), MaxAllocRate: 3380,3MB/s (+/-29,8%), Free: 12090MB, GCCPUTime: 1,115, GCDuration: 0,231s, TimeUntilOOM: 2,756s, TimeUntilGC: 2,525s, GCWorkers: 5
[7,029s][debug  ][gc,director    ] Rule Minor: High Usage, Free: 12090MB(78,7%)
[7,039s][debug  ][gc,director    ] Rule Major: Warmup 30%, Used: 3242MB, UsedThreshold: 4608MB
[7,039s][debug  ][gc,director    ] Select Minor GC Workers (Not Warm), GCWorkers: 5,000
[7,039s][debug  ][gc,director    ] Rule Minor: Allocation Rate (Dynamic GC Workers), MaxAllocRate: 844,2MB/s (+/-29,8%), Free: 12076MB, GCCPUTime: 1,115, GCDuration: 0,231s, TimeUntilOOM: 11,024s, TimeUntilGC: 10,793s, GCWorkers: 5
[7,039s][debug  ][gc,director    ] Select Minor GC Workers (Not Warm), GCWorkers: 5,000
[7,039s][debug  ][gc,director    ] Rule Minor: Allocation Rate (Dynamic GC Workers), MaxAllocRate: 3380,3MB/s (+/-29,8%), Free: 12076MB, GCCPUTime: 1,115, GCDuration: 0,231s, TimeUntilOOM: 2,753s, TimeUntilGC: 2,522s, GCWorkers: 5
[7,039s][debug  ][gc,director    ] Rule Minor: High Usage, Free: 12076MB(78,6%)
[7,050s][debug  ][gc,director    ] Rule Major: Warmup 30%, Used: 3254MB, UsedThreshold: 4608MB
[7,050s][debug  ][gc,director    ] Select Minor GC Workers (Not Warm), GCWorkers: 5,000
[7,050s][debug  ][gc,director    ] Rule Minor: Allocation Rate (Dynamic GC Workers), MaxAllocRate: 844,2MB/s (+/-29,8%), Free: 12064MB, GCCPUTime: 1,115, GCDuration: 0,231s, TimeUntilOOM: 11,013s, TimeUntilGC: 10,782s, GCWorkers: 5
[7,050s][debug  ][gc,director    ] Select Minor GC Workers (Not Warm), GCWorkers: 5,000
[7,050s][debug  ][gc,director    ] Rule Minor: Allocation Rate (Dynamic GC Workers), MaxAllocRate: 3380,3MB/s (+/-29,8%), Free: 12064MB, GCCPUTime: 1,115, GCDuration: 0,231s, TimeUntilOOM: 2,750s, TimeUntilGC: 2,519s, GCWorkers: 5
[7,050s][debug  ][gc,director    ] Rule Minor: High Usage, Free: 12064MB(78,5%)
[7,060s][debug  ][gc,director    ] Rule Major: Warmup 30%, Used: 3268MB, UsedThreshold: 4608MB
[7,060s][debug  ][gc,director    ] Select Minor GC Workers (Not Warm), GCWorkers: 5,000
[7,060s][debug  ][gc,director    ] Rule Minor: Allocation Rate (Dynamic GC Workers), MaxAllocRate: 844,2MB/s (+/-29,8%), Free: 12050MB, GCCPUTime: 1,115, GCDuration: 0,231s, TimeUntilOOM: 11,000s, TimeUntilGC: 10,769s, GCWorkers: 5
[7,060s][debug  ][gc,director    ] Select Minor GC Workers (Not Warm), GCWorkers: 5,000
[7,060s][debug  ][gc,director    ] Rule Minor: Allocation Rate (Dynamic GC Workers), MaxAllocRate: 3380,3MB/s (+/-29,8%), Free: 12050MB, GCCPUTime: 1,115, GCDuration: 0,231s, TimeUntilOOM: 2,747s, TimeUntilGC: 2,516s, GCWorkers: 5
[7,060s][debug  ][gc,director    ] Rule Minor: High Usage, Free: 12050MB(78,5%)
[7,070s][debug  ][gc,director    ] Rule Major: Warmup 30%, Used: 3282MB, UsedThreshold: 4608MB
[7,070s][debug  ][gc,director    ] Select Minor GC Workers (Not Warm), GCWorkers: 5,000
[7,070s][debug  ][gc,director    ] Rule Minor: Allocation Rate (Dynamic GC Workers), MaxAllocRate: 844,2MB/s (+/-29,8%), Free: 12036MB, GCCPUTime: 1,115, GCDuration: 0,231s, TimeUntilOOM: 10,987s, TimeUntilGC: 10,756s, GCWorkers: 5
[7,070s][debug  ][gc,director    ] Select Minor GC Workers (Not Warm), GCWorkers: 5,000
[7,070s][debug  ][gc,director    ] Rule Minor: Allocation Rate (Dynamic GC Workers), MaxAllocRate: 3380,3MB/s (+/-29,8%), Free: 12036MB, GCCPUTime: 1,115, GCDuration: 0,231s, TimeUntilOOM: 2,744s, TimeUntilGC: 2,513s, GCWorkers: 5
[7,070s][debug  ][gc,director    ] Rule Minor: High Usage, Free: 12036MB(78,4%)
[7,080s][debug  ][gc,director    ] Rule Major: Warmup 30%, Used: 3294MB, UsedThreshold: 4608MB
[7,080s][debug  ][gc,director    ] Select Minor GC Workers (Not Warm), GCWorkers: 5,000
[7,080s][debug  ][gc,director    ] Rule Minor: Allocation Rate (Dynamic GC Workers), MaxAllocRate: 844,2MB/s (+/-29,8%), Free: 12024MB, GCCPUTime: 1,115, GCDuration: 0,231s, TimeUntilOOM: 10,976s, TimeUntilGC: 10,745s, GCWorkers: 5
[7,080s][debug  ][gc,director    ] Select Minor GC Workers (Not Warm), GCWorkers: 5,000
[7,080s][debug  ][gc,director    ] Rule Minor: Allocation Rate (Dynamic GC Workers), MaxAllocRate: 3380,3MB/s (+/-29,8%), Free: 12024MB, GCCPUTime: 1,115, GCDuration: 0,231s, TimeUntilOOM: 2,741s, TimeUntilGC: 2,510s, GCWorkers: 5
[7,080s][debug  ][gc,director    ] Rule Minor: High Usage, Free: 12024MB(78,3%)
[7,090s][debug  ][gc,director    ] Rule Major: Warmup 30%, Used: 3308MB, UsedThreshold: 4608MB
[7,090s][debug  ][gc,director    ] Select Minor GC Workers (Not Warm), GCWorkers: 5,000
[7,090s][debug  ][gc,director    ] Rule Minor: Allocation Rate (Dynamic GC Workers), MaxAllocRate: 844,2MB/s (+/-29,8%), Free: 12010MB, GCCPUTime: 1,115, GCDuration: 0,231s, TimeUntilOOM: 10,963s, TimeUntilGC: 10,732s, GCWorkers: 5
[7,090s][debug  ][gc,director    ] Select Minor GC Workers (Not Warm), GCWorkers: 5,000
[7,090s][debug  ][gc,director    ] Rule Minor: Allocation Rate (Dynamic GC Workers), MaxAllocRate: 3380,3MB/s (+/-29,8%), Free: 12010MB, GCCPUTime: 1,115, GCDuration: 0,231s, TimeUntilOOM: 2,738s, TimeUntilGC: 2,507s, GCWorkers: 5
[7,090s][debug  ][gc,director    ] Rule Minor: High Usage, Free: 12010MB(78,2%)
[7,101s][debug  ][gc,director    ] Rule Major: Warmup 30%, Used: 3320MB, UsedThreshold: 4608MB
[7,101s][debug  ][gc,director    ] Select Minor GC Workers (Not Warm), GCWorkers: 5,000
[7,101s][debug  ][gc,director    ] Rule Minor: Allocation Rate (Dynamic GC Workers), MaxAllocRate: 844,2MB/s (+/-29,8%), Free: 11998MB, GCCPUTime: 1,115, GCDuration: 0,231s, TimeUntilOOM: 10,952s, TimeUntilGC: 10,721s, GCWorkers: 5
[7,101s][debug  ][gc,director    ] Select Minor GC Workers (Not Warm), GCWorkers: 5,000
[7,101s][debug  ][gc,director    ] Rule Minor: Allocation Rate (Dynamic GC Workers), MaxAllocRate: 3380,3MB/s (+/-29,8%), Free: 11998MB, GCCPUTime: 1,115, GCDuration: 0,231s, TimeUntilOOM: 2,735s, TimeUntilGC: 2,504s, GCWorkers: 5
[7,101s][debug  ][gc,director    ] Rule Minor: High Usage, Free: 11998MB(78,1%)
[7,101s][debug  ][gc,alloc       ] Mutator Allocation Rate: 1189,7MB/s Predicted: 1285,3MB/s, Avg: 849,9(+/-253,1)MB/s
[7,101s][debug  ][gc,director    ] Rule Major: Warmup 30%, Used: 3322MB, UsedThreshold: 4608MB
[7,101s][debug  ][gc,director    ] Select Minor GC Workers (Not Warm), GCWorkers: 5,000
[7,101s][debug  ][gc,director    ] Rule Minor: Allocation Rate (Dynamic GC Workers), MaxAllocRate: 849,9MB/s (+/-29,8%), Free: 11996MB, GCCPUTime: 1,115, GCDuration: 0,231s, TimeUntilOOM: 10,876s, TimeUntilGC: 10,645s, GCWorkers: 5
[7,101s][debug  ][gc,director    ] Select Minor GC Workers (Not Warm), GCWorkers: 5,000
[7,101s][debug  ][gc,director    ] Rule Minor: Allocation Rate (Dynamic GC Workers), MaxAllocRate: 3403,4MB/s (+/-29,8%), Free: 11996MB, GCCPUTime: 1,115, GCDuration: 0,231s, TimeUntilOOM: 2,716s, TimeUntilGC: 2,485s, GCWorkers: 5
[7,101s][debug  ][gc,director    ] Rule Minor: High Usage, Free: 11996MB(78,1%)
[7,111s][debug  ][gc,director    ] Rule Major: Warmup 30%, Used: 3334MB, UsedThreshold: 4608MB
[7,111s][debug  ][gc,director    ] Select Minor GC Workers (Not Warm), GCWorkers: 5,000
[7,111s][debug  ][gc,director    ] Rule Minor: Allocation Rate (Dynamic GC Workers), MaxAllocRate: 849,9MB/s (+/-29,8%), Free: 11984MB, GCCPUTime: 1,115, GCDuration: 0,231s, TimeUntilOOM: 10,865s, TimeUntilGC: 10,634s, GCWorkers: 5
[7,111s][debug  ][gc,director    ] Select Minor GC Workers (Not Warm), GCWorkers: 5,000
[7,111s][debug  ][gc,director    ] Rule Minor: Allocation Rate (Dynamic GC Workers), MaxAllocRate: 3403,4MB/s (+/-29,8%), Free: 11984MB, GCCPUTime: 1,115, GCDuration: 0,231s, TimeUntilOOM: 2,713s, TimeUntilGC: 2,482s, GCWorkers: 5
[7,111s][debug  ][gc,director    ] Rule Minor: High Usage, Free: 11984MB(78,0%)
[7,121s][debug  ][gc,director    ] Rule Major: Warmup 30%, Used: 3348MB, UsedThreshold: 4608MB
[7,121s][debug  ][gc,director    ] Select Minor GC Workers (Not Warm), GCWorkers: 5,000
[7,121s][debug  ][gc,director    ] Rule Minor: Allocation Rate (Dynamic GC Workers), MaxAllocRate: 849,9MB/s (+/-29,8%), Free: 11970MB, GCCPUTime: 1,115, GCDuration: 0,231s, TimeUntilOOM: 10,852s, TimeUntilGC: 10,621s, GCWorkers: 5
[7,121s][debug  ][gc,director    ] Select Minor GC Workers (Not Warm), GCWorkers: 5,000
[7,121s][debug  ][gc,director    ] Rule Minor: Allocation Rate (Dynamic GC Workers), MaxAllocRate: 3403,4MB/s (+/-29,8%), Free: 11970MB, GCCPUTime: 1,115, GCDuration: 0,231s, TimeUntilOOM: 2,710s, TimeUntilGC: 2,479s, GCWorkers: 5
[7,121s][debug  ][gc,director    ] Rule Minor: High Usage, Free: 11970MB(77,9%)
[7,131s][debug  ][gc,director    ] Rule Major: Warmup 30%, Used: 3360MB, UsedThreshold: 4608MB
[7,131s][debug  ][gc,director    ] Select Minor GC Workers (Not Warm), GCWorkers: 5,000
[7,131s][debug  ][gc,director    ] Rule Minor: Allocation Rate (Dynamic GC Workers), MaxAllocRate: 849,9MB/s (+/-29,8%), Free: 11958MB, GCCPUTime: 1,115, GCDuration: 0,231s, TimeUntilOOM: 10,841s, TimeUntilGC: 10,610s, GCWorkers: 5
[7,131s][debug  ][gc,director    ] Select Minor GC Workers (Not Warm), GCWorkers: 5,000
[7,131s][debug  ][gc,director    ] Rule Minor: Allocation Rate (Dynamic GC Workers), MaxAllocRate: 3403,4MB/s (+/-29,8%), Free: 11958MB, GCCPUTime: 1,115, GCDuration: 0,231s, TimeUntilOOM: 2,707s, TimeUntilGC: 2,476s, GCWorkers: 5
[7,131s][debug  ][gc,director    ] Rule Minor: High Usage, Free: 11958MB(77,9%)
[7,141s][debug  ][gc,director    ] Rule Major: Warmup 30%, Used: 3374MB, UsedThreshold: 4608MB
[7,141s][debug  ][gc,director    ] Select Minor GC Workers (Not Warm), GCWorkers: 5,000
[7,141s][debug  ][gc,director    ] Rule Minor: Allocation Rate (Dynamic GC Workers), MaxAllocRate: 849,9MB/s (+/-29,8%), Free: 11944MB, GCCPUTime: 1,115, GCDuration: 0,231s, TimeUntilOOM: 10,828s, TimeUntilGC: 10,598s, GCWorkers: 5
[7,141s][debug  ][gc,director    ] Select Minor GC Workers (Not Warm), GCWorkers: 5,000
[7,141s][debug  ][gc,director    ] Rule Minor: Allocation Rate (Dynamic GC Workers), MaxAllocRate: 3403,4MB/s (+/-29,8%), Free: 11944MB, GCCPUTime: 1,115, GCDuration: 0,231s, TimeUntilOOM: 2,704s, TimeUntilGC: 2,473s, GCWorkers: 5
[7,141s][debug  ][gc,director    ] Rule Minor: High Usage, Free: 11944MB(77,8%)
[7,152s][debug  ][gc,director    ] Rule Major: Warmup 30%, Used: 3388MB, UsedThreshold: 4608MB
[7,152s][debug  ][gc,director    ] Select Minor GC Workers (Not Warm), GCWorkers: 5,000
[7,152s][debug  ][gc,director    ] Rule Minor: Allocation Rate (Dynamic GC Workers), MaxAllocRate: 849,9MB/s (+/-29,8%), Free: 11930MB, GCCPUTime: 1,115, GCDuration: 0,231s, TimeUntilOOM: 10,816s, TimeUntilGC: 10,585s, GCWorkers: 5
[7,152s][debug  ][gc,director    ] Select Minor GC Workers (Not Warm), GCWorkers: 5,000
[7,152s][debug  ][gc,director    ] Rule Minor: Allocation Rate (Dynamic GC Workers), MaxAllocRate: 3403,4MB/s (+/-29,8%), Free: 11930MB, GCCPUTime: 1,115, GCDuration: 0,231s, TimeUntilOOM: 2,701s, TimeUntilGC: 2,470s, GCWorkers: 5
[7,152s][debug  ][gc,director    ] Rule Minor: High Usage, Free: 11930MB(77,7%)
[7,162s][debug  ][gc,director    ] Rule Major: Warmup 30%, Used: 3400MB, UsedThreshold: 4608MB
[7,162s][debug  ][gc,director    ] Select Minor GC Workers (Not Warm), GCWorkers: 5,000
[7,162s][debug  ][gc,director    ] Rule Minor: Allocation Rate (Dynamic GC Workers), MaxAllocRate: 849,9MB/s (+/-29,8%), Free: 11918MB, GCCPUTime: 1,115, GCDuration: 0,231s, TimeUntilOOM: 10,805s, TimeUntilGC: 10,574s, GCWorkers: 5
[7,162s][debug  ][gc,director    ] Select Minor GC Workers (Not Warm), GCWorkers: 5,000
[7,162s][debug  ][gc,director    ] Rule Minor: Allocation Rate (Dynamic GC Workers), MaxAllocRate: 3403,4MB/s (+/-29,8%), Free: 11918MB, GCCPUTime: 1,115, GCDuration: 0,231s, TimeUntilOOM: 2,698s, TimeUntilGC: 2,467s, GCWorkers: 5
[7,162s][debug  ][gc,director    ] Rule Minor: High Usage, Free: 11918MB(77,6%)
[7,172s][debug  ][gc,director    ] Rule Major: Warmup 30%, Used: 3414MB, UsedThreshold: 4608MB
[7,172s][debug  ][gc,director    ] Select Minor GC Workers (Not Warm), GCWorkers: 5,000
[7,172s][debug  ][gc,director    ] Rule Minor: Allocation Rate (Dynamic GC Workers), MaxAllocRate: 849,9MB/s (+/-29,8%), Free: 11904MB, GCCPUTime: 1,115, GCDuration: 0,231s, TimeUntilOOM: 10,792s, TimeUntilGC: 10,561s, GCWorkers: 5
[7,172s][debug  ][gc,director    ] Select Minor GC Workers (Not Warm), GCWorkers: 5,000
[7,172s][debug  ][gc,director    ] Rule Minor: Allocation Rate (Dynamic GC Workers), MaxAllocRate: 3403,4MB/s (+/-29,8%), Free: 11904MB, GCCPUTime: 1,115, GCDuration: 0,231s, TimeUntilOOM: 2,695s, TimeUntilGC: 2,464s, GCWorkers: 5
[7,172s][debug  ][gc,director    ] Rule Minor: High Usage, Free: 11904MB(77,5%)
[7,182s][debug  ][gc,director    ] Rule Major: Warmup 30%, Used: 3428MB, UsedThreshold: 4608MB
[7,182s][debug  ][gc,director    ] Select Minor GC Workers (Not Warm), GCWorkers: 5,000
[7,182s][debug  ][gc,director    ] Rule Minor: Allocation Rate (Dynamic GC Workers), MaxAllocRate: 849,9MB/s (+/-29,8%), Free: 11890MB, GCCPUTime: 1,115, GCDuration: 0,231s, TimeUntilOOM: 10,780s, TimeUntilGC: 10,549s, GCWorkers: 5
[7,182s][debug  ][gc,director    ] Select Minor GC Workers (Not Warm), GCWorkers: 5,000
[7,182s][debug  ][gc,director    ] Rule Minor: Allocation Rate (Dynamic GC Workers), MaxAllocRate: 3403,4MB/s (+/-29,8%), Free: 11890MB, GCCPUTime: 1,115, GCDuration: 0,231s, TimeUntilOOM: 2,692s, TimeUntilGC: 2,461s, GCWorkers: 5
[7,182s][debug  ][gc,director    ] Rule Minor: High Usage, Free: 11890MB(77,4%)
[7,193s][debug  ][gc,director    ] Rule Major: Warmup 30%, Used: 3440MB, UsedThreshold: 4608MB
[7,193s][debug  ][gc,director    ] Select Minor GC Workers (Not Warm), GCWorkers: 5,000
[7,193s][debug  ][gc,director    ] Rule Minor: Allocation Rate (Dynamic GC Workers), MaxAllocRate: 849,9MB/s (+/-29,8%), Free: 11878MB, GCCPUTime: 1,115, GCDuration: 0,231s, TimeUntilOOM: 10,769s, TimeUntilGC: 10,538s, GCWorkers: 5
[7,193s][debug  ][gc,director    ] Select Minor GC Workers (Not Warm), GCWorkers: 5,000
[7,193s][debug  ][gc,director    ] Rule Minor: Allocation Rate (Dynamic GC Workers), MaxAllocRate: 3403,4MB/s (+/-29,8%), Free: 11878MB, GCCPUTime: 1,115, GCDuration: 0,231s, TimeUntilOOM: 2,689s, TimeUntilGC: 2,458s, GCWorkers: 5
[7,193s][debug  ][gc,director    ] Rule Minor: High Usage, Free: 11878MB(77,3%)
[7,193s][debug  ][gc,alloc       ] Mutator Allocation Rate: 1191,3MB/s Predicted: 1293,4MB/s, Avg: 855,5(+/-254,7)MB/s
[7,193s][debug  ][gc,director    ] Rule Major: Warmup 30%, Used: 3442MB, UsedThreshold: 4608MB
[7,193s][debug  ][gc,director    ] Select Minor GC Workers (Not Warm), GCWorkers: 5,000
[7,193s][debug  ][gc,director    ] Rule Minor: Allocation Rate (Dynamic GC Workers), MaxAllocRate: 855,5MB/s (+/-29,8%), Free: 11876MB, GCCPUTime: 1,115, GCDuration: 0,231s, TimeUntilOOM: 10,697s, TimeUntilGC: 10,466s, GCWorkers: 5
[7,193s][debug  ][gc,director    ] Select Minor GC Workers (Not Warm), GCWorkers: 5,000
[7,193s][debug  ][gc,director    ] Rule Minor: Allocation Rate (Dynamic GC Workers), MaxAllocRate: 3425,0MB/s (+/-29,8%), Free: 11876MB, GCCPUTime: 1,115, GCDuration: 0,231s, TimeUntilOOM: 2,672s, TimeUntilGC: 2,441s, GCWorkers: 5
[7,193s][debug  ][gc,director    ] Rule Minor: High Usage, Free: 11876MB(77,3%)
[7,203s][debug  ][gc,director    ] Rule Major: Warmup 30%, Used: 3454MB, UsedThreshold: 4608MB
[7,203s][debug  ][gc,director    ] Select Minor GC Workers (Not Warm), GCWorkers: 5,000
[7,203s][debug  ][gc,director    ] Rule Minor: Allocation Rate (Dynamic GC Workers), MaxAllocRate: 855,5MB/s (+/-29,8%), Free: 11864MB, GCCPUTime: 1,115, GCDuration: 0,231s, TimeUntilOOM: 10,686s, TimeUntilGC: 10,455s, GCWorkers: 5
[7,203s][debug  ][gc,director    ] Select Minor GC Workers (Not Warm), GCWorkers: 5,000
[7,203s][debug  ][gc,director    ] Rule Minor: Allocation Rate (Dynamic GC Workers), MaxAllocRate: 3425,0MB/s (+/-29,8%), Free: 11864MB, GCCPUTime: 1,115, GCDuration: 0,231s, TimeUntilOOM: 2,669s, TimeUntilGC: 2,438s, GCWorkers: 5
[7,203s][debug  ][gc,director    ] Rule Minor: High Usage, Free: 11864MB(77,2%)
[7,213s][debug  ][gc,director    ] Rule Major: Warmup 30%, Used: 3468MB, UsedThreshold: 4608MB
[7,214s][debug  ][gc,director    ] Select Minor GC Workers (Not Warm), GCWorkers: 5,000
[7,214s][debug  ][gc,director    ] Rule Minor: Allocation Rate (Dynamic GC Workers), MaxAllocRate: 855,5MB/s (+/-29,8%), Free: 11850MB, GCCPUTime: 1,115, GCDuration: 0,231s, TimeUntilOOM: 10,673s, TimeUntilGC: 10,442s, GCWorkers: 5
[7,214s][debug  ][gc,director    ] Select Minor GC Workers (Not Warm), GCWorkers: 5,000
[7,214s][debug  ][gc,director    ] Rule Minor: Allocation Rate (Dynamic GC Workers), MaxAllocRate: 3425,0MB/s (+/-29,8%), Free: 11850MB, GCCPUTime: 1,115, GCDuration: 0,231s, TimeUntilOOM: 2,666s, TimeUntilGC: 2,435s, GCWorkers: 5
[7,214s][debug  ][gc,director    ] Rule Minor: High Usage, Free: 11850MB(77,1%)
[7,221s][debug  ][gc,nmethod     ] Register NMethod: java.util.concurrent.ForkJoinPool.compareAndExchangeCtl (0x00007f374fe18b90) [0x00007f374fe18d40, 0x00007f374fe18e98] Compiler: c1, Barriers: 0, Oops: 0, ImmediateOops: 1, NonImmediateOops: No
[7,221s][debug  ][gc,nmethod     ] Register NMethod: java.util.concurrent.ForkJoinPool$WorkQueue.topLevelExec (0x00007f374fa36d10) [0x00007f374fa36f20, 0x00007f374fa37498] Compiler: c1, Barriers: 1, Oops: 0, ImmediateOops: 0, NonImmediateOops: No
[7,224s][debug  ][gc,director    ] Rule Major: Warmup 30%, Used: 3500MB, UsedThreshold: 4608MB
[7,224s][debug  ][gc,director    ] Select Minor GC Workers (Not Warm), GCWorkers: 5,000
[7,224s][debug  ][gc,director    ] Rule Minor: Allocation Rate (Dynamic GC Workers), MaxAllocRate: 855,5MB/s (+/-29,8%), Free: 11818MB, GCCPUTime: 1,115, GCDuration: 0,231s, TimeUntilOOM: 10,644s, TimeUntilGC: 10,414s, GCWorkers: 5
[7,224s][debug  ][gc,director    ] Select Minor GC Workers (Not Warm), GCWorkers: 5,000
[7,224s][debug  ][gc,director    ] Rule Minor: Allocation Rate (Dynamic GC Workers), MaxAllocRate: 3425,0MB/s (+/-29,8%), Free: 11818MB, GCCPUTime: 1,115, GCDuration: 0,231s, TimeUntilOOM: 2,659s, TimeUntilGC: 2,428s, GCWorkers: 5
[7,224s][debug  ][gc,director    ] Rule Minor: High Usage, Free: 11818MB(76,9%)
[7,229s][debug  ][gc,alloc       ] Mutator Allocation Rate: 1203,8MB/s Predicted: 1301,8MB/s, Avg: 861,1(+/-256,4)MB/s
[7,229s][debug  ][gc,director    ] Rule Major: Warmup 30%, Used: 3560MB, UsedThreshold: 4608MB
[7,229s][debug  ][gc,director    ] Select Minor GC Workers (Not Warm), GCWorkers: 5,000
[7,229s][debug  ][gc,director    ] Rule Minor: Allocation Rate (Dynamic GC Workers), MaxAllocRate: 861,1MB/s (+/-29,8%), Free: 11758MB, GCCPUTime: 1,115, GCDuration: 0,231s, TimeUntilOOM: 10,521s, TimeUntilGC: 10,290s, GCWorkers: 5
[7,229s][debug  ][gc,director    ] Select Minor GC Workers (Not Warm), GCWorkers: 5,000
[7,229s][debug  ][gc,director    ] Rule Minor: Allocation Rate (Dynamic GC Workers), MaxAllocRate: 3447,3MB/s (+/-29,8%), Free: 11758MB, GCCPUTime: 1,115, GCDuration: 0,231s, TimeUntilOOM: 2,628s, TimeUntilGC: 2,397s, GCWorkers: 5
[7,229s][debug  ][gc,director    ] Rule Minor: High Usage, Free: 11758MB(76,5%)
[7,239s][debug  ][gc,director    ] Rule Major: Warmup 30%, Used: 3670MB, UsedThreshold: 4608MB
[7,240s][debug  ][gc,director    ] Select Minor GC Workers (Not Warm), GCWorkers: 5,000
[7,240s][debug  ][gc,director    ] Rule Minor: Allocation Rate (Dynamic GC Workers), MaxAllocRate: 861,1MB/s (+/-29,8%), Free: 11648MB, GCCPUTime: 1,115, GCDuration: 0,231s, TimeUntilOOM: 10,422s, TimeUntilGC: 10,192s, GCWorkers: 5
[7,240s][debug  ][gc,director    ] Select Minor GC Workers (Not Warm), GCWorkers: 5,000
[7,240s][debug  ][gc,director    ] Rule Minor: Allocation Rate (Dynamic GC Workers), MaxAllocRate: 3447,3MB/s (+/-29,8%), Free: 11648MB, GCCPUTime: 1,115, GCDuration: 0,231s, TimeUntilOOM: 2,604s, TimeUntilGC: 2,373s, GCWorkers: 5
[7,240s][debug  ][gc,director    ] Rule Minor: High Usage, Free: 11648MB(75,8%)
[7,240s][debug  ][gc,alloc       ] Mutator Allocation Rate: 1221,0MB/s Predicted: 1310,6MB/s, Avg: 866,9(+/-258,3)MB/s
[7,240s][debug  ][gc,director    ] Rule Major: Warmup 30%, Used: 3680MB, UsedThreshold: 4608MB
[7,240s][debug  ][gc,director    ] Select Minor GC Workers (Not Warm), GCWorkers: 5,000
[7,240s][debug  ][gc,director    ] Rule Minor: Allocation Rate (Dynamic GC Workers), MaxAllocRate: 866,9MB/s (+/-29,8%), Free: 11638MB, GCCPUTime: 1,115, GCDuration: 0,231s, TimeUntilOOM: 10,343s, TimeUntilGC: 10,112s, GCWorkers: 5
[7,240s][debug  ][gc,director    ] Select Minor GC Workers (Not Warm), GCWorkers: 5,000
[7,240s][debug  ][gc,director    ] Rule Minor: Allocation Rate (Dynamic GC Workers), MaxAllocRate: 3471,3MB/s (+/-29,8%), Free: 11638MB, GCCPUTime: 1,115, GCDuration: 0,231s, TimeUntilOOM: 2,583s, TimeUntilGC: 2,352s, GCWorkers: 5
[7,240s][debug  ][gc,director    ] Rule Minor: High Usage, Free: 11638MB(75,8%)
[7,248s][debug  ][gc,alloc       ] Mutator Allocation Rate: 1238,8MB/s Predicted: 1320,0MB/s, Avg: 872,7(+/-260,4)MB/s
[7,249s][debug  ][gc,director    ] Rule Major: Warmup 30%, Used: 3800MB, UsedThreshold: 4608MB
[7,253s][debug  ][gc,director    ] Select Minor GC Workers (Not Warm), GCWorkers: 5,000
[7,253s][debug  ][gc,director    ] Rule Minor: Allocation Rate (Dynamic GC Workers), MaxAllocRate: 872,7MB/s (+/-29,8%), Free: 11518MB, GCCPUTime: 1,115, GCDuration: 0,231s, TimeUntilOOM: 10,165s, TimeUntilGC: 9,934s, GCWorkers: 5
[7,253s][debug  ][gc,director    ] Select Minor GC Workers (Not Warm), GCWorkers: 5,000
[7,253s][debug  ][gc,director    ] Rule Minor: Allocation Rate (Dynamic GC Workers), MaxAllocRate: 3497,0MB/s (+/-29,8%), Free: 11518MB, GCCPUTime: 1,115, GCDuration: 0,231s, TimeUntilOOM: 2,537s, TimeUntilGC: 2,306s, GCWorkers: 5
[7,253s][debug  ][gc,director    ] Rule Minor: High Usage, Free: 11518MB(75,0%)
[7,263s][debug  ][gc,director    ] Rule Major: Warmup 30%, Used: 3894MB, UsedThreshold: 4608MB
[7,263s][debug  ][gc,director    ] Select Minor GC Workers (Not Warm), GCWorkers: 5,000
[7,263s][debug  ][gc,director    ] Rule Minor: Allocation Rate (Dynamic GC Workers), MaxAllocRate: 872,7MB/s (+/-29,8%), Free: 11424MB, GCCPUTime: 1,115, GCDuration: 0,231s, TimeUntilOOM: 10,082s, TimeUntilGC: 9,851s, GCWorkers: 5
[7,263s][debug  ][gc,director    ] Select Minor GC Workers (Not Warm), GCWorkers: 5,000
[7,263s][debug  ][gc,director    ] Rule Minor: Allocation Rate (Dynamic GC Workers), MaxAllocRate: 3497,0MB/s (+/-29,8%), Free: 11424MB, GCCPUTime: 1,115, GCDuration: 0,231s, TimeUntilOOM: 2,516s, TimeUntilGC: 2,285s, GCWorkers: 5
[7,263s][debug  ][gc,director    ] Rule Minor: High Usage, Free: 11424MB(74,4%)
[7,264s][debug  ][gc,nmethod     ] Register NMethod: java.util.stream.Sink.end (0x00007f376f372210) [0x00007f376f372380, 0x00007f376f3723f8] Compiler: c2, Barriers: 0, Oops: 0, ImmediateOops: 0, NonImmediateOops: No
[7,265s][debug  ][gc,alloc       ] Mutator Allocation Rate: 1254,8MB/s Predicted: 1329,7MB/s, Avg: 878,5(+/-262,7)MB/s
[7,265s][debug  ][gc,director    ] Rule Major: Warmup 30%, Used: 3920MB, UsedThreshold: 4608MB
[7,265s][debug  ][gc,director    ] Select Minor GC Workers (Not Warm), GCWorkers: 5,000
[7,265s][debug  ][gc,director    ] Rule Minor: Allocation Rate (Dynamic GC Workers), MaxAllocRate: 878,5MB/s (+/-29,9%), Free: 11398MB, GCCPUTime: 1,115, GCDuration: 0,231s, TimeUntilOOM: 9,988s, TimeUntilGC: 9,757s, GCWorkers: 5
[7,265s][debug  ][gc,director    ] Select Minor GC Workers (Not Warm), GCWorkers: 5,000
[7,265s][debug  ][gc,director    ] Rule Minor: Allocation Rate (Dynamic GC Workers), MaxAllocRate: 3523,8MB/s (+/-29,9%), Free: 11398MB, GCCPUTime: 1,115, GCDuration: 0,231s, TimeUntilOOM: 2,490s, TimeUntilGC: 2,259s, GCWorkers: 5
[7,265s][debug  ][gc,director    ] Rule Minor: High Usage, Free: 11398MB(74,2%)
[7,275s][debug  ][gc,director    ] Rule Major: Warmup 30%, Used: 3994MB, UsedThreshold: 4608MB
[7,275s][debug  ][gc,director    ] Select Minor GC Workers (Not Warm), GCWorkers: 5,000
[7,275s][debug  ][gc,director    ] Rule Minor: Allocation Rate (Dynamic GC Workers), MaxAllocRate: 878,5MB/s (+/-29,9%), Free: 11324MB, GCCPUTime: 1,115, GCDuration: 0,231s, TimeUntilOOM: 9,923s, TimeUntilGC: 9,692s, GCWorkers: 5
[7,275s][debug  ][gc,director    ] Select Minor GC Workers (Not Warm), GCWorkers: 5,000
[7,275s][debug  ][gc,director    ] Rule Minor: Allocation Rate (Dynamic GC Workers), MaxAllocRate: 3523,8MB/s (+/-29,9%), Free: 11324MB, GCCPUTime: 1,115, GCDuration: 0,231s, TimeUntilOOM: 2,474s, TimeUntilGC: 2,243s, GCWorkers: 5
[7,275s][debug  ][gc,director    ] Rule Minor: High Usage, Free: 11324MB(73,7%)
[7,279s][debug  ][gc,alloc       ] Mutator Allocation Rate: 1271,1MB/s Predicted: 1339,9MB/s, Avg: 884,5(+/-265,0)MB/s
[7,279s][debug  ][gc,director    ] Rule Major: Warmup 30%, Used: 4040MB, UsedThreshold: 4608MB
[7,280s][debug  ][gc,director    ] Select Minor GC Workers (Not Warm), GCWorkers: 5,000
[7,280s][debug  ][gc,director    ] Rule Minor: Allocation Rate (Dynamic GC Workers), MaxAllocRate: 884,5MB/s (+/-30,0%), Free: 11278MB, GCCPUTime: 1,115, GCDuration: 0,231s, TimeUntilOOM: 9,811s, TimeUntilGC: 9,580s, GCWorkers: 5
[7,280s][debug  ][gc,director    ] Select Minor GC Workers (Not Warm), GCWorkers: 5,000
[7,280s][debug  ][gc,director    ] Rule Minor: Allocation Rate (Dynamic GC Workers), MaxAllocRate: 3551,9MB/s (+/-30,0%), Free: 11278MB, GCCPUTime: 1,115, GCDuration: 0,231s, TimeUntilOOM: 2,443s, TimeUntilGC: 2,212s, GCWorkers: 5
[7,280s][debug  ][gc,director    ] Rule Minor: High Usage, Free: 11278MB(73,4%)
[7,281s][debug  ][gc,nmethod     ] Register NMethod: jdk.internal.misc.Unsafe.park (0x00007f376f371e90) [0x00007f376f372020, 0x00007f376f3721d0] Compiler: , Barriers: 0, Oops: 0, ImmediateOops: 0, NonImmediateOops: No
[7,290s][debug  ][gc,director    ] Rule Major: Warmup 30%, Used: 4050MB, UsedThreshold: 4608MB
[7,290s][debug  ][gc,director    ] Select Minor GC Workers (Not Warm), GCWorkers: 5,000
[7,290s][debug  ][gc,director    ] Rule Minor: Allocation Rate (Dynamic GC Workers), MaxAllocRate: 884,5MB/s (+/-30,0%), Free: 11268MB, GCCPUTime: 1,115, GCDuration: 0,231s, TimeUntilOOM: 9,802s, TimeUntilGC: 9,571s, GCWorkers: 5
[7,290s][debug  ][gc,director    ] Select Minor GC Workers (Not Warm), GCWorkers: 5,000
[7,290s][debug  ][gc,director    ] Rule Minor: Allocation Rate (Dynamic GC Workers), MaxAllocRate: 3551,9MB/s (+/-30,0%), Free: 11268MB, GCCPUTime: 1,115, GCDuration: 0,231s, TimeUntilOOM: 2,441s, TimeUntilGC: 2,210s, GCWorkers: 5
[7,290s][debug  ][gc,director    ] Rule Minor: High Usage, Free: 11268MB(73,4%)
[7,300s][debug  ][gc,director    ] Rule Major: Warmup 30%, Used: 4060MB, UsedThreshold: 4608MB
[7,300s][debug  ][gc,director    ] Select Minor GC Workers (Not Warm), GCWorkers: 5,000
[7,300s][debug  ][gc,director    ] Rule Minor: Allocation Rate (Dynamic GC Workers), MaxAllocRate: 884,5MB/s (+/-30,0%), Free: 11258MB, GCCPUTime: 1,115, GCDuration: 0,231s, TimeUntilOOM: 9,794s, TimeUntilGC: 9,563s, GCWorkers: 5
[7,300s][debug  ][gc,director    ] Select Minor GC Workers (Not Warm), GCWorkers: 5,000
[7,300s][debug  ][gc,director    ] Rule Minor: Allocation Rate (Dynamic GC Workers), MaxAllocRate: 3551,9MB/s (+/-30,0%), Free: 11258MB, GCCPUTime: 1,115, GCDuration: 0,231s, TimeUntilOOM: 2,439s, TimeUntilGC: 2,208s, GCWorkers: 5
[7,300s][debug  ][gc,director    ] Rule Minor: High Usage, Free: 11258MB(73,3%)
[7,310s][debug  ][gc,director    ] Rule Major: Warmup 30%, Used: 4064MB, UsedThreshold: 4608MB
[7,310s][debug  ][gc,director    ] Select Minor GC Workers (Not Warm), GCWorkers: 5,000
[7,310s][debug  ][gc,director    ] Rule Minor: Allocation Rate (Dynamic GC Workers), MaxAllocRate: 884,5MB/s (+/-30,0%), Free: 11254MB, GCCPUTime: 1,115, GCDuration: 0,231s, TimeUntilOOM: 9,790s, TimeUntilGC: 9,559s, GCWorkers: 5
[7,310s][debug  ][gc,director    ] Select Minor GC Workers (Not Warm), GCWorkers: 5,000
[7,310s][debug  ][gc,director    ] Rule Minor: Allocation Rate (Dynamic GC Workers), MaxAllocRate: 3551,9MB/s (+/-30,0%), Free: 11254MB, GCCPUTime: 1,115, GCDuration: 0,231s, TimeUntilOOM: 2,438s, TimeUntilGC: 2,207s, GCWorkers: 5
[7,310s][debug  ][gc,director    ] Rule Minor: High Usage, Free: 11254MB(73,3%)
[7,312s][debug  ][gc,nmethod     ] Register NMethod: sun.nio.fs.UnixPath.resolve (0x00007f374fdf8f90) [0x00007f374fdf91e0, 0x00007f374fdf9b50] Compiler: c1, Barriers: 9, Oops: 0, ImmediateOops: 0, NonImmediateOops: No
[7,312s][debug  ][gc,nmethod     ] Register NMethod: net.jpountz.lz4.LZ4BlockInputStream.refill (0x00007f374ffb9e10) [0x00007f374ffba260, 0x00007f374ffbbff8] Compiler: c1, Barriers: 22, Oops: 1, ImmediateOops: 11, NonImmediateOops: No
[7,313s][debug  ][gc,nmethod     ] Register NMethod: io.brackit.query.atomic.QNm.atomicCmpInternal (0x00007f374ff8a010) [0x00007f374ff8a1e0, 0x00007f374ff8a580] Compiler: c1, Barriers: 4, Oops: 1, ImmediateOops: 0, NonImmediateOops: No
[7,313s][debug  ][gc,nmethod     ] Register NMethod: io.brackit.query.atomic.AbstractAtomic.atomicCmp (0x00007f374fad8690) [0x00007f374fad88a0, 0x00007f374fad8e08] Compiler: c1, Barriers: 4, Oops: 1, ImmediateOops: 0, NonImmediateOops: No
[7,313s][debug  ][gc,nmethod     ] Register NMethod: sun.nio.fs.UnixPath.resolve (0x00007f374fc4ec90) [0x00007f374fc4ee40, 0x00007f374fc4ef90] Compiler: c1, Barriers: 0, Oops: 0, ImmediateOops: 0, NonImmediateOops: No
[7,314s][debug  ][gc,nmethod     ] Register NMethod: net.openhft.chronicle.bytes.AbstractBytes.readByte (0x00007f376f3a5d10) [0x00007f376f3a5ec0, 0x00007f376f3a60f8] Compiler: c2, Barriers: 2, Oops: 1, ImmediateOops: 0, NonImmediateOops: No
[7,314s][debug  ][gc,nmethod     ] Register NMethod: java.lang.invoke.Invokers$Holder.linkToTargetMethod (0x00007f376f371a10) [0x00007f376f371ba0, 0x00007f376f371c78] Compiler: c2, Barriers: 0, Oops: 0, ImmediateOops: 0, NonImmediateOops: No
[7,314s][debug  ][gc,nmethod     ] Register NMethod: java.lang.invoke.LambdaForm$MH/0x0000000080000800.invoke (0x00007f376f3a5a10) [0x00007f376f3a5ba0, 0x00007f376f3a5c78] Compiler: c2, Barriers: 1, Oops: 1, ImmediateOops: 0, NonImmediateOops: No
[7,314s][debug  ][gc,nmethod     ] Register NMethod: jdk.internal.misc.Unsafe.unpark (0x00007f376f3a5690) [0x00007f376f3a5820, 0x00007f376f3a59e0] Compiler: , Barriers: 0, Oops: 0, ImmediateOops: 0, NonImmediateOops: No
[7,314s][debug  ][gc,nmethod     ] Register NMethod: java.util.concurrent.locks.LockSupport.unpark (0x00007f374face510) [0x00007f374face6e0, 0x00007f374facea18] Compiler: c1, Barriers: 0, Oops: 0, ImmediateOops: 1, NonImmediateOops: No
[7,315s][debug  ][gc,nmethod     ] Register NMethod: io.sirix.access.trx.node.json.JsonNodeTrxImpl.getBytes (0x00007f376f3a5010) [0x00007f376f3a51c0, 0x00007f376f3a54c0] Compiler: c2, Barriers: 1, Oops: 2, ImmediateOops: 0, NonImmediateOops: No
[7,315s][debug  ][gc,nmethod     ] Register NMethod: jdk.internal.misc.ScopedMemoryAccess.getIntUnaligned (0x00007f374fb59f90) [0x00007f374fb5a180, 0x00007f374fb5a668] Compiler: c1, Barriers: 0, Oops: 0, ImmediateOops: 1, NonImmediateOops: No
[7,315s][debug  ][gc,nmethod     ] Register NMethod: jdk.internal.misc.Unsafe.putReference (0x00007f376f3a4c90) [0x00007f376f3a4e20, 0x00007f376f3a5000] Compiler: , Barriers: 0, Oops: 0, ImmediateOops: 0, NonImmediateOops: No
[7,315s][debug  ][gc,nmethod     ] Register NMethod: jdk.internal.misc.ScopedMemoryAccess.getIntUnalignedInternal (0x00007f374fe31810) [0x00007f374fe319e0, 0x00007f374fe31d70] Compiler: c1, Barriers: 0, Oops: 0, ImmediateOops: 1, NonImmediateOops: No
[7,315s][debug  ][gc,nmethod     ] Register NMethod: io.sirix.access.ResourceConfiguration$ResourcePaths.getPath (0x00007f376f3a4990) [0x00007f376f3a4b20, 0x00007f376f3a4c10] Compiler: c1, Barriers: 1, Oops: 1, ImmediateOops: 0, NonImmediateOops: No
[7,316s][debug  ][gc,nmethod     ] Register NMethod: java.util.ArrayList.toArray (0x00007f376f3a4390) [0x00007f376f3a4520, 0x00007f376f3a4870] Compiler: c2, Barriers: 2, Oops: 0, ImmediateOops: 0, NonImmediateOops: No
[7,316s][debug  ][gc,nmethod     ] Register NMethod: io.sirix.access.trx.node.json.JsonNodeTrxImpl.insertStringValueAsRightSibling (0x00007f374fdf3c10) [0x00007f374fdf3fa0, 0x00007f374fdf5978] Compiler: c1, Barriers: 14, Oops: 2, ImmediateOops: 1, NonImmediateOops: No
[7,316s][debug  ][gc,nmethod     ] Register NMethod: io.sirix.access.trx.node.AbstractNodeTrxImpl.getCurrentNode (0x00007f376f3a4010) [0x00007f376f3a41a0, 0x00007f376f3a42c0] Compiler: c2, Barriers: 2, Oops: 1, ImmediateOops: 0, NonImmediateOops: No
[7,320s][debug  ][gc,director    ] Rule Major: Warmup 30%, Used: 4072MB, UsedThreshold: 4608MB
[7,320s][debug  ][gc,director    ] Select Minor GC Workers (Not Warm), GCWorkers: 5,000
[7,320s][debug  ][gc,director    ] Rule Minor: Allocation Rate (Dynamic GC Workers), MaxAllocRate: 884,5MB/s (+/-30,0%), Free: 11246MB, GCCPUTime: 1,115, GCDuration: 0,231s, TimeUntilOOM: 9,783s, TimeUntilGC: 9,552s, GCWorkers: 5
[7,320s][debug  ][gc,director    ] Select Minor GC Workers (Not Warm), GCWorkers: 5,000
[7,320s][debug  ][gc,director    ] Rule Minor: Allocation Rate (Dynamic GC Workers), MaxAllocRate: 3551,9MB/s (+/-30,0%), Free: 11246MB, GCCPUTime: 1,115, GCDuration: 0,231s, TimeUntilOOM: 2,436s, TimeUntilGC: 2,205s, GCWorkers: 5
[7,320s][debug  ][gc,director    ] Rule Minor: High Usage, Free: 11246MB(73,2%)
[7,322s][debug  ][gc,nmethod     ] Register NMethod: io.sirix.access.trx.node.json.JsonNodeTrxImpl.insertStringValueAsRightSibling (0x00007f376f3a2390) [0x00007f376f3a2660, 0x00007f376f3a3480] Compiler: c2, Barriers: 17, Oops: 2, ImmediateOops: 2, NonImmediateOops: No
[7,330s][debug  ][gc,director    ] Rule Major: Warmup 30%, Used: 4086MB, UsedThreshold: 4608MB
[7,330s][debug  ][gc,director    ] Select Minor GC Workers (Not Warm), GCWorkers: 5,000
[7,330s][debug  ][gc,director    ] Rule Minor: Allocation Rate (Dynamic GC Workers), MaxAllocRate: 884,5MB/s (+/-30,0%), Free: 11232MB, GCCPUTime: 1,115, GCDuration: 0,231s, TimeUntilOOM: 9,771s, TimeUntilGC: 9,540s, GCWorkers: 5
[7,330s][debug  ][gc,director    ] Select Minor GC Workers (Not Warm), GCWorkers: 5,000
[7,331s][debug  ][gc,director    ] Rule Minor: Allocation Rate (Dynamic GC Workers), MaxAllocRate: 3551,9MB/s (+/-30,0%), Free: 11232MB, GCCPUTime: 1,115, GCDuration: 0,231s, TimeUntilOOM: 2,433s, TimeUntilGC: 2,202s, GCWorkers: 5
[7,331s][debug  ][gc,director    ] Rule Minor: High Usage, Free: 11232MB(73,1%)
[7,341s][debug  ][gc,director    ] Rule Major: Warmup 30%, Used: 4098MB, UsedThreshold: 4608MB
[7,341s][debug  ][gc,director    ] Select Minor GC Workers (Not Warm), GCWorkers: 5,000
[7,341s][debug  ][gc,director    ] Rule Minor: Allocation Rate (Dynamic GC Workers), MaxAllocRate: 884,5MB/s (+/-30,0%), Free: 11220MB, GCCPUTime: 1,115, GCDuration: 0,231s, TimeUntilOOM: 9,760s, TimeUntilGC: 9,530s, GCWorkers: 5
[7,341s][debug  ][gc,director    ] Select Minor GC Workers (Not Warm), GCWorkers: 5,000
[7,341s][debug  ][gc,director    ] Rule Minor: Allocation Rate (Dynamic GC Workers), MaxAllocRate: 3551,9MB/s (+/-30,0%), Free: 11220MB, GCCPUTime: 1,115, GCDuration: 0,231s, TimeUntilOOM: 2,431s, TimeUntilGC: 2,200s, GCWorkers: 5
[7,341s][debug  ][gc,director    ] Rule Minor: High Usage, Free: 11220MB(73,0%)
[7,351s][debug  ][gc,director    ] Rule Major: Warmup 30%, Used: 4112MB, UsedThreshold: 4608MB
[7,351s][debug  ][gc,director    ] Select Minor GC Workers (Not Warm), GCWorkers: 5,000
[7,351s][debug  ][gc,director    ] Rule Minor: Allocation Rate (Dynamic GC Workers), MaxAllocRate: 884,5MB/s (+/-30,0%), Free: 11206MB, GCCPUTime: 1,115, GCDuration: 0,231s, TimeUntilOOM: 9,748s, TimeUntilGC: 9,517s, GCWorkers: 5
[7,351s][debug  ][gc,director    ] Select Minor GC Workers (Not Warm), GCWorkers: 5,000
[7,351s][debug  ][gc,director    ] Rule Minor: Allocation Rate (Dynamic GC Workers), MaxAllocRate: 3551,9MB/s (+/-30,0%), Free: 11206MB, GCCPUTime: 1,115, GCDuration: 0,231s, TimeUntilOOM: 2,428s, TimeUntilGC: 2,197s, GCWorkers: 5
[7,351s][debug  ][gc,director    ] Rule Minor: High Usage, Free: 11206MB(73,0%)
[7,361s][debug  ][gc,director    ] Rule Major: Warmup 30%, Used: 4124MB, UsedThreshold: 4608MB
[7,361s][debug  ][gc,director    ] Select Minor GC Workers (Not Warm), GCWorkers: 5,000
[7,361s][debug  ][gc,director    ] Rule Minor: Allocation Rate (Dynamic GC Workers), MaxAllocRate: 884,5MB/s (+/-30,0%), Free: 11194MB, GCCPUTime: 1,115, GCDuration: 0,231s, TimeUntilOOM: 9,738s, TimeUntilGC: 9,507s, GCWorkers: 5
[7,361s][debug  ][gc,director    ] Select Minor GC Workers (Not Warm), GCWorkers: 5,000
[7,361s][debug  ][gc,director    ] Rule Minor: Allocation Rate (Dynamic GC Workers), MaxAllocRate: 3551,9MB/s (+/-30,0%), Free: 11194MB, GCCPUTime: 1,115, GCDuration: 0,231s, TimeUntilOOM: 2,425s, TimeUntilGC: 2,194s, GCWorkers: 5
[7,361s][debug  ][gc,director    ] Rule Minor: High Usage, Free: 11194MB(72,9%)
[7,371s][debug  ][gc,director    ] Rule Major: Warmup 30%, Used: 4138MB, UsedThreshold: 4608MB
[7,371s][debug  ][gc,director    ] Select Minor GC Workers (Not Warm), GCWorkers: 5,000
[7,371s][debug  ][gc,director    ] Rule Minor: Allocation Rate (Dynamic GC Workers), MaxAllocRate: 884,5MB/s (+/-30,0%), Free: 11180MB, GCCPUTime: 1,115, GCDuration: 0,231s, TimeUntilOOM: 9,726s, TimeUntilGC: 9,495s, GCWorkers: 5
[7,371s][debug  ][gc,director    ] Select Minor GC Workers (Not Warm), GCWorkers: 5,000
[7,371s][debug  ][gc,director    ] Rule Minor: Allocation Rate (Dynamic GC Workers), MaxAllocRate: 3551,9MB/s (+/-30,0%), Free: 11180MB, GCCPUTime: 1,115, GCDuration: 0,231s, TimeUntilOOM: 2,422s, TimeUntilGC: 2,191s, GCWorkers: 5
[7,371s][debug  ][gc,director    ] Rule Minor: High Usage, Free: 11180MB(72,8%)
[7,382s][debug  ][gc,director    ] Rule Major: Warmup 30%, Used: 4148MB, UsedThreshold: 4608MB
[7,382s][debug  ][gc,director    ] Select Minor GC Workers (Not Warm), GCWorkers: 5,000
[7,382s][debug  ][gc,director    ] Rule Minor: Allocation Rate (Dynamic GC Workers), MaxAllocRate: 884,5MB/s (+/-30,0%), Free: 11170MB, GCCPUTime: 1,115, GCDuration: 0,231s, TimeUntilOOM: 9,717s, TimeUntilGC: 9,486s, GCWorkers: 5
[7,382s][debug  ][gc,director    ] Select Minor GC Workers (Not Warm), GCWorkers: 5,000
[7,382s][debug  ][gc,director    ] Rule Minor: Allocation Rate (Dynamic GC Workers), MaxAllocRate: 3551,9MB/s (+/-30,0%), Free: 11170MB, GCCPUTime: 1,115, GCDuration: 0,231s, TimeUntilOOM: 2,420s, TimeUntilGC: 2,189s, GCWorkers: 5
[7,382s][debug  ][gc,director    ] Rule Minor: High Usage, Free: 11170MB(72,7%)
[7,390s][debug  ][gc,alloc       ] Mutator Allocation Rate: 1267,9MB/s Predicted: 1349,2MB/s, Avg: 890,2(+/-267,1)MB/s
[7,390s][debug  ][gc,director    ] Rule Major: Warmup 30%, Used: 4160MB, UsedThreshold: 4608MB
[7,390s][debug  ][gc,director    ] Select Minor GC Workers (Not Warm), GCWorkers: 5,000
[7,390s][debug  ][gc,director    ] Rule Minor: Allocation Rate (Dynamic GC Workers), MaxAllocRate: 890,2MB/s (+/-30,0%), Free: 11158MB, GCCPUTime: 1,115, GCDuration: 0,231s, TimeUntilOOM: 9,641s, TimeUntilGC: 9,410s, GCWorkers: 5
[7,390s][debug  ][gc,director    ] Select Minor GC Workers (Not Warm), GCWorkers: 5,000
[7,390s][debug  ][gc,director    ] Rule Minor: Allocation Rate (Dynamic GC Workers), MaxAllocRate: 3577,3MB/s (+/-30,0%), Free: 11158MB, GCCPUTime: 1,115, GCDuration: 0,231s, TimeUntilOOM: 2,399s, TimeUntilGC: 2,168s, GCWorkers: 5
[7,390s][debug  ][gc,director    ] Rule Minor: High Usage, Free: 11158MB(72,6%)
[7,400s][debug  ][gc,director    ] Rule Major: Warmup 30%, Used: 4172MB, UsedThreshold: 4608MB
[7,400s][debug  ][gc,director    ] Select Minor GC Workers (Not Warm), GCWorkers: 5,000
[7,400s][debug  ][gc,director    ] Rule Minor: Allocation Rate (Dynamic GC Workers), MaxAllocRate: 890,2MB/s (+/-30,0%), Free: 11146MB, GCCPUTime: 1,115, GCDuration: 0,231s, TimeUntilOOM: 9,631s, TimeUntilGC: 9,400s, GCWorkers: 5
[7,400s][debug  ][gc,director    ] Select Minor GC Workers (Not Warm), GCWorkers: 5,000
[7,400s][debug  ][gc,director    ] Rule Minor: Allocation Rate (Dynamic GC Workers), MaxAllocRate: 3577,3MB/s (+/-30,0%), Free: 11146MB, GCCPUTime: 1,115, GCDuration: 0,231s, TimeUntilOOM: 2,397s, TimeUntilGC: 2,166s, GCWorkers: 5
[7,400s][debug  ][gc,director    ] Rule Minor: High Usage, Free: 11146MB(72,6%)
[7,410s][debug  ][gc,director    ] Rule Major: Warmup 30%, Used: 4184MB, UsedThreshold: 4608MB
[7,410s][debug  ][gc,director    ] Select Minor GC Workers (Not Warm), GCWorkers: 5,000
[7,410s][debug  ][gc,director    ] Rule Minor: Allocation Rate (Dynamic GC Workers), MaxAllocRate: 890,2MB/s (+/-30,0%), Free: 11134MB, GCCPUTime: 1,115, GCDuration: 0,231s, TimeUntilOOM: 9,620s, TimeUntilGC: 9,389s, GCWorkers: 5
[7,410s][debug  ][gc,director    ] Select Minor GC Workers (Not Warm), GCWorkers: 5,000
[7,410s][debug  ][gc,director    ] Rule Minor: Allocation Rate (Dynamic GC Workers), MaxAllocRate: 3577,3MB/s (+/-30,0%), Free: 11134MB, GCCPUTime: 1,115, GCDuration: 0,231s, TimeUntilOOM: 2,394s, TimeUntilGC: 2,163s, GCWorkers: 5
[7,410s][debug  ][gc,director    ] Rule Minor: High Usage, Free: 11134MB(72,5%)
[7,420s][debug  ][gc,director    ] Rule Major: Warmup 30%, Used: 4198MB, UsedThreshold: 4608MB
[7,420s][debug  ][gc,director    ] Select Minor GC Workers (Not Warm), GCWorkers: 5,000
[7,420s][debug  ][gc,director    ] Rule Minor: Allocation Rate (Dynamic GC Workers), MaxAllocRate: 890,2MB/s (+/-30,0%), Free: 11120MB, GCCPUTime: 1,115, GCDuration: 0,231s, TimeUntilOOM: 9,608s, TimeUntilGC: 9,377s, GCWorkers: 5
[7,420s][debug  ][gc,director    ] Select Minor GC Workers (Not Warm), GCWorkers: 5,000
[7,420s][debug  ][gc,director    ] Rule Minor: Allocation Rate (Dynamic GC Workers), MaxAllocRate: 3577,3MB/s (+/-30,0%), Free: 11120MB, GCCPUTime: 1,115, GCDuration: 0,231s, TimeUntilOOM: 2,391s, TimeUntilGC: 2,160s, GCWorkers: 5
[7,420s][debug  ][gc,director    ] Rule Minor: High Usage, Free: 11120MB(72,4%)
[7,431s][debug  ][gc,director    ] Rule Major: Warmup 30%, Used: 4212MB, UsedThreshold: 4608MB
[7,431s][debug  ][gc,director    ] Select Minor GC Workers (Not Warm), GCWorkers: 5,000
[7,431s][debug  ][gc,director    ] Rule Minor: Allocation Rate (Dynamic GC Workers), MaxAllocRate: 890,2MB/s (+/-30,0%), Free: 11106MB, GCCPUTime: 1,115, GCDuration: 0,231s, TimeUntilOOM: 9,596s, TimeUntilGC: 9,365s, GCWorkers: 5
[7,431s][debug  ][gc,director    ] Select Minor GC Workers (Not Warm), GCWorkers: 5,000
[7,431s][debug  ][gc,director    ] Rule Minor: Allocation Rate (Dynamic GC Workers), MaxAllocRate: 3577,3MB/s (+/-30,0%), Free: 11106MB, GCCPUTime: 1,115, GCDuration: 0,231s, TimeUntilOOM: 2,388s, TimeUntilGC: 2,157s, GCWorkers: 5
[7,431s][debug  ][gc,director    ] Rule Minor: High Usage, Free: 11106MB(72,3%)
[7,441s][debug  ][gc,director    ] Rule Major: Warmup 30%, Used: 4224MB, UsedThreshold: 4608MB
[7,441s][debug  ][gc,director    ] Select Minor GC Workers (Not Warm), GCWorkers: 5,000
[7,441s][debug  ][gc,director    ] Rule Minor: Allocation Rate (Dynamic GC Workers), MaxAllocRate: 890,2MB/s (+/-30,0%), Free: 11094MB, GCCPUTime: 1,115, GCDuration: 0,231s, TimeUntilOOM: 9,586s, TimeUntilGC: 9,355s, GCWorkers: 5
[7,441s][debug  ][gc,director    ] Select Minor GC Workers (Not Warm), GCWorkers: 5,000
[7,441s][debug  ][gc,director    ] Rule Minor: Allocation Rate (Dynamic GC Workers), MaxAllocRate: 3577,3MB/s (+/-30,0%), Free: 11094MB, GCCPUTime: 1,115, GCDuration: 0,231s, TimeUntilOOM: 2,385s, TimeUntilGC: 2,154s, GCWorkers: 5
[7,441s][debug  ][gc,director    ] Rule Minor: High Usage, Free: 11094MB(72,2%)
[7,451s][debug  ][gc,director    ] Rule Major: Warmup 30%, Used: 4238MB, UsedThreshold: 4608MB
[7,451s][debug  ][gc,director    ] Select Minor GC Workers (Not Warm), GCWorkers: 5,000
[7,451s][debug  ][gc,director    ] Rule Minor: Allocation Rate (Dynamic GC Workers), MaxAllocRate: 890,2MB/s (+/-30,0%), Free: 11080MB, GCCPUTime: 1,115, GCDuration: 0,231s, TimeUntilOOM: 9,574s, TimeUntilGC: 9,343s, GCWorkers: 5
[7,451s][debug  ][gc,director    ] Select Minor GC Workers (Not Warm), GCWorkers: 5,000
[7,451s][debug  ][gc,director    ] Rule Minor: Allocation Rate (Dynamic GC Workers), MaxAllocRate: 3577,3MB/s (+/-30,0%), Free: 11080MB, GCCPUTime: 1,115, GCDuration: 0,231s, TimeUntilOOM: 2,382s, TimeUntilGC: 2,151s, GCWorkers: 5
[7,451s][debug  ][gc,director    ] Rule Minor: High Usage, Free: 11080MB(72,1%)
[7,461s][debug  ][gc,director    ] Rule Major: Warmup 30%, Used: 4250MB, UsedThreshold: 4608MB
[7,461s][debug  ][gc,director    ] Select Minor GC Workers (Not Warm), GCWorkers: 5,000
[7,461s][debug  ][gc,director    ] Rule Minor: Allocation Rate (Dynamic GC Workers), MaxAllocRate: 890,2MB/s (+/-30,0%), Free: 11068MB, GCCPUTime: 1,115, GCDuration: 0,231s, TimeUntilOOM: 9,563s, TimeUntilGC: 9,332s, GCWorkers: 5
[7,461s][debug  ][gc,director    ] Select Minor GC Workers (Not Warm), GCWorkers: 5,000
[7,461s][debug  ][gc,director    ] Rule Minor: Allocation Rate (Dynamic GC Workers), MaxAllocRate: 3577,3MB/s (+/-30,0%), Free: 11068MB, GCCPUTime: 1,115, GCDuration: 0,231s, TimeUntilOOM: 2,380s, TimeUntilGC: 2,149s, GCWorkers: 5
[7,461s][debug  ][gc,director    ] Rule Minor: High Usage, Free: 11068MB(72,1%)
[7,471s][debug  ][gc,director    ] Rule Major: Warmup 30%, Used: 4264MB, UsedThreshold: 4608MB
[7,471s][debug  ][gc,director    ] Select Minor GC Workers (Not Warm), GCWorkers: 5,000
[7,471s][debug  ][gc,director    ] Rule Minor: Allocation Rate (Dynamic GC Workers), MaxAllocRate: 890,2MB/s (+/-30,0%), Free: 11054MB, GCCPUTime: 1,115, GCDuration: 0,231s, TimeUntilOOM: 9,551s, TimeUntilGC: 9,320s, GCWorkers: 5
[7,471s][debug  ][gc,director    ] Select Minor GC Workers (Not Warm), GCWorkers: 5,000
[7,471s][debug  ][gc,director    ] Rule Minor: Allocation Rate (Dynamic GC Workers), MaxAllocRate: 3577,3MB/s (+/-30,0%), Free: 11054MB, GCCPUTime: 1,115, GCDuration: 0,231s, TimeUntilOOM: 2,377s, TimeUntilGC: 2,146s, GCWorkers: 5
[7,471s][debug  ][gc,director    ] Rule Minor: High Usage, Free: 11054MB(72,0%)
[7,482s][debug  ][gc,director    ] Rule Major: Warmup 30%, Used: 4278MB, UsedThreshold: 4608MB
[7,482s][debug  ][gc,director    ] Select Minor GC Workers (Not Warm), GCWorkers: 5,000
[7,482s][debug  ][gc,director    ] Rule Minor: Allocation Rate (Dynamic GC Workers), MaxAllocRate: 890,2MB/s (+/-30,0%), Free: 11040MB, GCCPUTime: 1,115, GCDuration: 0,231s, TimeUntilOOM: 9,539s, TimeUntilGC: 9,308s, GCWorkers: 5
[7,482s][debug  ][gc,director    ] Select Minor GC Workers (Not Warm), GCWorkers: 5,000
[7,482s][debug  ][gc,director    ] Rule Minor: Allocation Rate (Dynamic GC Workers), MaxAllocRate: 3577,3MB/s (+/-30,0%), Free: 11040MB, GCCPUTime: 1,115, GCDuration: 0,231s, TimeUntilOOM: 2,374s, TimeUntilGC: 2,143s, GCWorkers: 5
[7,482s][debug  ][gc,director    ] Rule Minor: High Usage, Free: 11040MB(71,9%)
[7,483s][debug  ][gc,alloc       ] Mutator Allocation Rate: 1268,2MB/s Predicted: 1357,9MB/s, Avg: 895,8(+/-269,0)MB/s
[7,483s][debug  ][gc,director    ] Rule Major: Warmup 30%, Used: 4280MB, UsedThreshold: 4608MB
[7,483s][debug  ][gc,director    ] Select Minor GC Workers (Not Warm), GCWorkers: 5,000
[7,483s][debug  ][gc,director    ] Rule Minor: Allocation Rate (Dynamic GC Workers), MaxAllocRate: 895,8MB/s (+/-30,0%), Free: 11038MB, GCCPUTime: 1,115, GCDuration: 0,231s, TimeUntilOOM: 9,476s, TimeUntilGC: 9,245s, GCWorkers: 5
[7,483s][debug  ][gc,director    ] Select Minor GC Workers (Not Warm), GCWorkers: 5,000
[7,483s][debug  ][gc,director    ] Rule Minor: Allocation Rate (Dynamic GC Workers), MaxAllocRate: 3601,1MB/s (+/-30,0%), Free: 11038MB, GCCPUTime: 1,115, GCDuration: 0,231s, TimeUntilOOM: 2,357s, TimeUntilGC: 2,126s, GCWorkers: 5
[7,483s][debug  ][gc,director    ] Rule Minor: High Usage, Free: 11038MB(71,9%)
[7,493s][debug  ][gc,director    ] Rule Major: Warmup 30%, Used: 4292MB, UsedThreshold: 4608MB
[7,493s][debug  ][gc,director    ] Select Minor GC Workers (Not Warm), GCWorkers: 5,000
[7,493s][debug  ][gc,director    ] Rule Minor: Allocation Rate (Dynamic GC Workers), MaxAllocRate: 895,8MB/s (+/-30,0%), Free: 11026MB, GCCPUTime: 1,115, GCDuration: 0,231s, TimeUntilOOM: 9,466s, TimeUntilGC: 9,235s, GCWorkers: 5
[7,493s][debug  ][gc,director    ] Select Minor GC Workers (Not Warm), GCWorkers: 5,000
[7,493s][debug  ][gc,director    ] Rule Minor: Allocation Rate (Dynamic GC Workers), MaxAllocRate: 3601,1MB/s (+/-30,0%), Free: 11026MB, GCCPUTime: 1,115, GCDuration: 0,231s, TimeUntilOOM: 2,355s, TimeUntilGC: 2,124s, GCWorkers: 5
[7,493s][debug  ][gc,director    ] Rule Minor: High Usage, Free: 11026MB(71,8%)
[7,503s][debug  ][gc,director    ] Rule Major: Warmup 30%, Used: 4306MB, UsedThreshold: 4608MB
[7,503s][debug  ][gc,director    ] Select Minor GC Workers (Not Warm), GCWorkers: 5,000
[7,503s][debug  ][gc,director    ] Rule Minor: Allocation Rate (Dynamic GC Workers), MaxAllocRate: 895,8MB/s (+/-30,0%), Free: 11012MB, GCCPUTime: 1,115, GCDuration: 0,231s, TimeUntilOOM: 9,454s, TimeUntilGC: 9,223s, GCWorkers: 5
[7,503s][debug  ][gc,director    ] Select Minor GC Workers (Not Warm), GCWorkers: 5,000
[7,503s][debug  ][gc,director    ] Rule Minor: Allocation Rate (Dynamic GC Workers), MaxAllocRate: 3601,1MB/s (+/-30,0%), Free: 11012MB, GCCPUTime: 1,115, GCDuration: 0,231s, TimeUntilOOM: 2,352s, TimeUntilGC: 2,121s, GCWorkers: 5
[7,503s][debug  ][gc,director    ] Rule Minor: High Usage, Free: 11012MB(71,7%)
[7,514s][debug  ][gc,director    ] Rule Major: Warmup 30%, Used: 4318MB, UsedThreshold: 4608MB
[7,514s][debug  ][gc,director    ] Select Minor GC Workers (Not Warm), GCWorkers: 5,000
[7,514s][debug  ][gc,director    ] Rule Minor: Allocation Rate (Dynamic GC Workers), MaxAllocRate: 895,8MB/s (+/-30,0%), Free: 11000MB, GCCPUTime: 1,115, GCDuration: 0,231s, TimeUntilOOM: 9,444s, TimeUntilGC: 9,213s, GCWorkers: 5
[7,514s][debug  ][gc,director    ] Select Minor GC Workers (Not Warm), GCWorkers: 5,000
[7,514s][debug  ][gc,director    ] Rule Minor: Allocation Rate (Dynamic GC Workers), MaxAllocRate: 3601,1MB/s (+/-30,0%), Free: 11000MB, GCCPUTime: 1,115, GCDuration: 0,231s, TimeUntilOOM: 2,349s, TimeUntilGC: 2,118s, GCWorkers: 5
[7,514s][debug  ][gc,director    ] Rule Minor: High Usage, Free: 11000MB(71,6%)
[7,524s][debug  ][gc,director    ] Rule Major: Warmup 30%, Used: 4332MB, UsedThreshold: 4608MB
[7,524s][debug  ][gc,director    ] Select Minor GC Workers (Not Warm), GCWorkers: 5,000
[7,524s][debug  ][gc,director    ] Rule Minor: Allocation Rate (Dynamic GC Workers), MaxAllocRate: 895,8MB/s (+/-30,0%), Free: 10986MB, GCCPUTime: 1,115, GCDuration: 0,231s, TimeUntilOOM: 9,432s, TimeUntilGC: 9,201s, GCWorkers: 5
[7,524s][debug  ][gc,director    ] Select Minor GC Workers (Not Warm), GCWorkers: 5,000
[7,524s][debug  ][gc,director    ] Rule Minor: Allocation Rate (Dynamic GC Workers), MaxAllocRate: 3601,1MB/s (+/-30,0%), Free: 10986MB, GCCPUTime: 1,115, GCDuration: 0,231s, TimeUntilOOM: 2,346s, TimeUntilGC: 2,115s, GCWorkers: 5
[7,524s][debug  ][gc,director    ] Rule Minor: High Usage, Free: 10986MB(71,5%)
[7,534s][debug  ][gc,director    ] Rule Major: Warmup 30%, Used: 4346MB, UsedThreshold: 4608MB
[7,534s][debug  ][gc,director    ] Select Minor GC Workers (Not Warm), GCWorkers: 5,000
[7,534s][debug  ][gc,director    ] Rule Minor: Allocation Rate (Dynamic GC Workers), MaxAllocRate: 895,8MB/s (+/-30,0%), Free: 10972MB, GCCPUTime: 1,115, GCDuration: 0,231s, TimeUntilOOM: 9,420s, TimeUntilGC: 9,189s, GCWorkers: 5
[7,534s][debug  ][gc,director    ] Select Minor GC Workers (Not Warm), GCWorkers: 5,000
[7,534s][debug  ][gc,director    ] Rule Minor: Allocation Rate (Dynamic GC Workers), MaxAllocRate: 3601,1MB/s (+/-30,0%), Free: 10972MB, GCCPUTime: 1,115, GCDuration: 0,231s, TimeUntilOOM: 2,343s, TimeUntilGC: 2,112s, GCWorkers: 5
[7,534s][debug  ][gc,director    ] Rule Minor: High Usage, Free: 10972MB(71,4%)
[7,544s][debug  ][gc,director    ] Rule Major: Warmup 30%, Used: 4358MB, UsedThreshold: 4608MB
[7,544s][debug  ][gc,director    ] Select Minor GC Workers (Not Warm), GCWorkers: 5,000
[7,544s][debug  ][gc,director    ] Rule Minor: Allocation Rate (Dynamic GC Workers), MaxAllocRate: 895,8MB/s (+/-30,0%), Free: 10960MB, GCCPUTime: 1,115, GCDuration: 0,231s, TimeUntilOOM: 9,409s, TimeUntilGC: 9,178s, GCWorkers: 5
[7,544s][debug  ][gc,director    ] Select Minor GC Workers (Not Warm), GCWorkers: 5,000
[7,544s][debug  ][gc,director    ] Rule Minor: Allocation Rate (Dynamic GC Workers), MaxAllocRate: 3601,1MB/s (+/-30,0%), Free: 10960MB, GCCPUTime: 1,115, GCDuration: 0,231s, TimeUntilOOM: 2,341s, TimeUntilGC: 2,110s, GCWorkers: 5
[7,544s][debug  ][gc,director    ] Rule Minor: High Usage, Free: 10960MB(71,4%)
[7,555s][debug  ][gc,director    ] Rule Major: Warmup 30%, Used: 4372MB, UsedThreshold: 4608MB
[7,555s][debug  ][gc,director    ] Select Minor GC Workers (Not Warm), GCWorkers: 5,000
[7,555s][debug  ][gc,director    ] Rule Minor: Allocation Rate (Dynamic GC Workers), MaxAllocRate: 895,8MB/s (+/-30,0%), Free: 10946MB, GCCPUTime: 1,115, GCDuration: 0,231s, TimeUntilOOM: 9,397s, TimeUntilGC: 9,166s, GCWorkers: 5
[7,555s][debug  ][gc,director    ] Select Minor GC Workers (Not Warm), GCWorkers: 5,000
[7,555s][debug  ][gc,director    ] Rule Minor: Allocation Rate (Dynamic GC Workers), MaxAllocRate: 3601,1MB/s (+/-30,0%), Free: 10946MB, GCCPUTime: 1,115, GCDuration: 0,231s, TimeUntilOOM: 2,338s, TimeUntilGC: 2,107s, GCWorkers: 5
[7,555s][debug  ][gc,director    ] Rule Minor: High Usage, Free: 10946MB(71,3%)
[7,565s][debug  ][gc,director    ] Rule Major: Warmup 30%, Used: 4384MB, UsedThreshold: 4608MB
[7,565s][debug  ][gc,director    ] Select Minor GC Workers (Not Warm), GCWorkers: 5,000
[7,565s][debug  ][gc,director    ] Rule Minor: Allocation Rate (Dynamic GC Workers), MaxAllocRate: 895,8MB/s (+/-30,0%), Free: 10934MB, GCCPUTime: 1,115, GCDuration: 0,231s, TimeUntilOOM: 9,387s, TimeUntilGC: 9,156s, GCWorkers: 5
[7,565s][debug  ][gc,director    ] Select Minor GC Workers (Not Warm), GCWorkers: 5,000
[7,565s][debug  ][gc,director    ] Rule Minor: Allocation Rate (Dynamic GC Workers), MaxAllocRate: 3601,1MB/s (+/-30,0%), Free: 10934MB, GCCPUTime: 1,115, GCDuration: 0,231s, TimeUntilOOM: 2,335s, TimeUntilGC: 2,104s, GCWorkers: 5
[7,565s][debug  ][gc,director    ] Rule Minor: High Usage, Free: 10934MB(71,2%)
[7,575s][debug  ][gc,director    ] Rule Major: Warmup 30%, Used: 4396MB, UsedThreshold: 4608MB
[7,575s][debug  ][gc,director    ] Select Minor GC Workers (Not Warm), GCWorkers: 5,000
[7,575s][debug  ][gc,director    ] Rule Minor: Allocation Rate (Dynamic GC Workers), MaxAllocRate: 895,8MB/s (+/-30,0%), Free: 10922MB, GCCPUTime: 1,115, GCDuration: 0,231s, TimeUntilOOM: 9,377s, TimeUntilGC: 9,146s, GCWorkers: 5
[7,575s][debug  ][gc,director    ] Select Minor GC Workers (Not Warm), GCWorkers: 5,000
[7,575s][debug  ][gc,director    ] Rule Minor: Allocation Rate (Dynamic GC Workers), MaxAllocRate: 3601,1MB/s (+/-30,0%), Free: 10922MB, GCCPUTime: 1,115, GCDuration: 0,231s, TimeUntilOOM: 2,332s, TimeUntilGC: 2,101s, GCWorkers: 5
[7,575s][debug  ][gc,director    ] Rule Minor: High Usage, Free: 10922MB(71,1%)
[7,577s][debug  ][gc,alloc       ] Mutator Allocation Rate: 1268,3MB/s Predicted: 1366,1MB/s, Avg: 901,2(+/-270,8)MB/s
[7,577s][debug  ][gc,director    ] Rule Major: Warmup 30%, Used: 4400MB, UsedThreshold: 4608MB
[7,577s][debug  ][gc,director    ] Select Minor GC Workers (Not Warm), GCWorkers: 5,000
[7,577s][debug  ][gc,director    ] Rule Minor: Allocation Rate (Dynamic GC Workers), MaxAllocRate: 901,2MB/s (+/-30,0%), Free: 10918MB, GCCPUTime: 1,115, GCDuration: 0,231s, TimeUntilOOM: 9,316s, TimeUntilGC: 9,085s, GCWorkers: 5
[7,577s][debug  ][gc,director    ] Select Minor GC Workers (Not Warm), GCWorkers: 5,000
[7,577s][debug  ][gc,director    ] Rule Minor: Allocation Rate (Dynamic GC Workers), MaxAllocRate: 3623,2MB/s (+/-30,0%), Free: 10918MB, GCCPUTime: 1,115, GCDuration: 0,231s, TimeUntilOOM: 2,317s, TimeUntilGC: 2,086s, GCWorkers: 5
[7,577s][debug  ][gc,director    ] Rule Minor: High Usage, Free: 10918MB(71,1%)
[7,587s][debug  ][gc,director    ] Rule Major: Warmup 30%, Used: 4412MB, UsedThreshold: 4608MB
[7,587s][debug  ][gc,director    ] Select Minor GC Workers (Not Warm), GCWorkers: 5,000
[7,587s][debug  ][gc,director    ] Rule Minor: Allocation Rate (Dynamic GC Workers), MaxAllocRate: 901,2MB/s (+/-30,0%), Free: 10906MB, GCCPUTime: 1,115, GCDuration: 0,231s, TimeUntilOOM: 9,306s, TimeUntilGC: 9,075s, GCWorkers: 5
[7,587s][debug  ][gc,director    ] Select Minor GC Workers (Not Warm), GCWorkers: 5,000
[7,587s][debug  ][gc,director    ] Rule Minor: Allocation Rate (Dynamic GC Workers), MaxAllocRate: 3623,2MB/s (+/-30,0%), Free: 10906MB, GCCPUTime: 1,115, GCDuration: 0,231s, TimeUntilOOM: 2,315s, TimeUntilGC: 2,084s, GCWorkers: 5
[7,587s][debug  ][gc,director    ] Rule Minor: High Usage, Free: 10906MB(71,0%)
[7,596s][debug  ][gc,reloc       ] Synchronize all workers 1 _nworkers: 0 _nsynchronized: 0
[7,596s][debug  ][gc,reloc       ] Synchronize all workers 1 _nworkers: 0 _nsynchronized: 0
[7,596s][debug  ][gc,reloc       ] Desynchronize all workers _nworkers: 0 _nsynchronized: 0
[7,596s][debug  ][gc,reloc       ] Desynchronize all workers _nworkers: 0 _nsynchronized: 0
[7,598s][debug  ][gc,director    ] Rule Major: Warmup 30%, Used: 4424MB, UsedThreshold: 4608MB
[7,598s][debug  ][gc,director    ] Select Minor GC Workers (Not Warm), GCWorkers: 5,000
[7,598s][debug  ][gc,director    ] Rule Minor: Allocation Rate (Dynamic GC Workers), MaxAllocRate: 901,2MB/s (+/-30,0%), Free: 10894MB, GCCPUTime: 1,115, GCDuration: 0,231s, TimeUntilOOM: 9,296s, TimeUntilGC: 9,065s, GCWorkers: 5
[7,598s][debug  ][gc,director    ] Select Minor GC Workers (Not Warm), GCWorkers: 5,000
[7,598s][debug  ][gc,director    ] Rule Minor: Allocation Rate (Dynamic GC Workers), MaxAllocRate: 3623,2MB/s (+/-30,0%), Free: 10894MB, GCCPUTime: 1,115, GCDuration: 0,231s, TimeUntilOOM: 2,312s, TimeUntilGC: 2,081s, GCWorkers: 5
[7,598s][debug  ][gc,director    ] Rule Minor: High Usage, Free: 10894MB(70,9%)
[7,608s][debug  ][gc,director    ] Rule Major: Warmup 30%, Used: 4438MB, UsedThreshold: 4608MB
[7,608s][debug  ][gc,director    ] Select Minor GC Workers (Not Warm), GCWorkers: 5,000
[7,608s][debug  ][gc,director    ] Rule Minor: Allocation Rate (Dynamic GC Workers), MaxAllocRate: 901,2MB/s (+/-30,0%), Free: 10880MB, GCCPUTime: 1,115, GCDuration: 0,231s, TimeUntilOOM: 9,284s, TimeUntilGC: 9,053s, GCWorkers: 5
[7,608s][debug  ][gc,director    ] Select Minor GC Workers (Not Warm), GCWorkers: 5,000
[7,608s][debug  ][gc,director    ] Rule Minor: Allocation Rate (Dynamic GC Workers), MaxAllocRate: 3623,2MB/s (+/-30,0%), Free: 10880MB, GCCPUTime: 1,115, GCDuration: 0,231s, TimeUntilOOM: 2,309s, TimeUntilGC: 2,078s, GCWorkers: 5
[7,608s][debug  ][gc,director    ] Rule Minor: High Usage, Free: 10880MB(70,8%)
[7,618s][debug  ][gc,director    ] Rule Major: Warmup 30%, Used: 4450MB, UsedThreshold: 4608MB
[7,618s][debug  ][gc,director    ] Select Minor GC Workers (Not Warm), GCWorkers: 5,000
[7,618s][debug  ][gc,director    ] Rule Minor: Allocation Rate (Dynamic GC Workers), MaxAllocRate: 901,2MB/s (+/-30,0%), Free: 10868MB, GCCPUTime: 1,115, GCDuration: 0,231s, TimeUntilOOM: 9,274s, TimeUntilGC: 9,043s, GCWorkers: 5
[7,618s][debug  ][gc,director    ] Select Minor GC Workers (Not Warm), GCWorkers: 5,000
[7,618s][debug  ][gc,director    ] Rule Minor: Allocation Rate (Dynamic GC Workers), MaxAllocRate: 3623,2MB/s (+/-30,0%), Free: 10868MB, GCCPUTime: 1,115, GCDuration: 0,231s, TimeUntilOOM: 2,307s, TimeUntilGC: 2,076s, GCWorkers: 5
[7,618s][debug  ][gc,director    ] Rule Minor: High Usage, Free: 10868MB(70,8%)
[7,628s][debug  ][gc,director    ] Rule Major: Warmup 30%, Used: 4462MB, UsedThreshold: 4608MB
[7,628s][debug  ][gc,director    ] Select Minor GC Workers (Not Warm), GCWorkers: 5,000
[7,628s][debug  ][gc,director    ] Rule Minor: Allocation Rate (Dynamic GC Workers), MaxAllocRate: 901,2MB/s (+/-30,0%), Free: 10856MB, GCCPUTime: 1,115, GCDuration: 0,231s, TimeUntilOOM: 9,263s, TimeUntilGC: 9,032s, GCWorkers: 5
[7,628s][debug  ][gc,director    ] Select Minor GC Workers (Not Warm), GCWorkers: 5,000
[7,628s][debug  ][gc,director    ] Rule Minor: Allocation Rate (Dynamic GC Workers), MaxAllocRate: 3623,2MB/s (+/-30,0%), Free: 10856MB, GCCPUTime: 1,115, GCDuration: 0,231s, TimeUntilOOM: 2,304s, TimeUntilGC: 2,073s, GCWorkers: 5
[7,628s][debug  ][gc,director    ] Rule Minor: High Usage, Free: 10856MB(70,7%)
[7,639s][debug  ][gc,director    ] Rule Major: Warmup 30%, Used: 4476MB, UsedThreshold: 4608MB
[7,639s][debug  ][gc,director    ] Select Minor GC Workers (Not Warm), GCWorkers: 5,000
[7,639s][debug  ][gc,director    ] Rule Minor: Allocation Rate (Dynamic GC Workers), MaxAllocRate: 901,2MB/s (+/-30,0%), Free: 10842MB, GCCPUTime: 1,115, GCDuration: 0,231s, TimeUntilOOM: 9,251s, TimeUntilGC: 9,020s, GCWorkers: 5
[7,639s][debug  ][gc,director    ] Select Minor GC Workers (Not Warm), GCWorkers: 5,000
[7,639s][debug  ][gc,director    ] Rule Minor: Allocation Rate (Dynamic GC Workers), MaxAllocRate: 3623,2MB/s (+/-30,0%), Free: 10842MB, GCCPUTime: 1,115, GCDuration: 0,231s, TimeUntilOOM: 2,301s, TimeUntilGC: 2,070s, GCWorkers: 5
[7,639s][debug  ][gc,director    ] Rule Minor: High Usage, Free: 10842MB(70,6%)
[7,649s][debug  ][gc,director    ] Rule Major: Warmup 30%, Used: 4488MB, UsedThreshold: 4608MB
[7,649s][debug  ][gc,director    ] Select Minor GC Workers (Not Warm), GCWorkers: 5,000
[7,649s][debug  ][gc,director    ] Rule Minor: Allocation Rate (Dynamic GC Workers), MaxAllocRate: 901,2MB/s (+/-30,0%), Free: 10830MB, GCCPUTime: 1,115, GCDuration: 0,231s, TimeUntilOOM: 9,241s, TimeUntilGC: 9,010s, GCWorkers: 5
[7,649s][debug  ][gc,director    ] Select Minor GC Workers (Not Warm), GCWorkers: 5,000
[7,649s][debug  ][gc,director    ] Rule Minor: Allocation Rate (Dynamic GC Workers), MaxAllocRate: 3623,2MB/s (+/-30,0%), Free: 10830MB, GCCPUTime: 1,115, GCDuration: 0,231s, TimeUntilOOM: 2,298s, TimeUntilGC: 2,068s, GCWorkers: 5
[7,649s][debug  ][gc,director    ] Rule Minor: High Usage, Free: 10830MB(70,5%)
[7,659s][debug  ][gc,director    ] Rule Major: Warmup 30%, Used: 4502MB, UsedThreshold: 4608MB
[7,659s][debug  ][gc,director    ] Select Minor GC Workers (Not Warm), GCWorkers: 5,000
[7,659s][debug  ][gc,director    ] Rule Minor: Allocation Rate (Dynamic GC Workers), MaxAllocRate: 901,2MB/s (+/-30,0%), Free: 10816MB, GCCPUTime: 1,115, GCDuration: 0,231s, TimeUntilOOM: 9,229s, TimeUntilGC: 8,998s, GCWorkers: 5
[7,659s][debug  ][gc,director    ] Select Minor GC Workers (Not Warm), GCWorkers: 5,000
[7,659s][debug  ][gc,director    ] Rule Minor: Allocation Rate (Dynamic GC Workers), MaxAllocRate: 3623,2MB/s (+/-30,0%), Free: 10816MB, GCCPUTime: 1,115, GCDuration: 0,231s, TimeUntilOOM: 2,296s, TimeUntilGC: 2,065s, GCWorkers: 5
[7,659s][debug  ][gc,director    ] Rule Minor: High Usage, Free: 10816MB(70,4%)
[7,669s][debug  ][gc,director    ] Rule Major: Warmup 30%, Used: 4516MB, UsedThreshold: 4608MB
[7,669s][debug  ][gc,director    ] Select Minor GC Workers (Not Warm), GCWorkers: 5,000
[7,669s][debug  ][gc,director    ] Rule Minor: Allocation Rate (Dynamic GC Workers), MaxAllocRate: 901,2MB/s (+/-30,0%), Free: 10802MB, GCCPUTime: 1,115, GCDuration: 0,231s, TimeUntilOOM: 9,217s, TimeUntilGC: 8,986s, GCWorkers: 5
[7,669s][debug  ][gc,director    ] Select Minor GC Workers (Not Warm), GCWorkers: 5,000
[7,669s][debug  ][gc,director    ] Rule Minor: Allocation Rate (Dynamic GC Workers), MaxAllocRate: 3623,2MB/s (+/-30,0%), Free: 10802MB, GCCPUTime: 1,115, GCDuration: 0,231s, TimeUntilOOM: 2,293s, TimeUntilGC: 2,062s, GCWorkers: 5
[7,669s][debug  ][gc,director    ] Rule Minor: High Usage, Free: 10802MB(70,3%)
[7,671s][debug  ][gc,alloc       ] Mutator Allocation Rate: 1268,3MB/s Predicted: 1373,8MB/s, Avg: 906,4(+/-272,3)MB/s
[7,671s][debug  ][gc,director    ] Rule Major: Warmup 30%, Used: 4520MB, UsedThreshold: 4608MB
[7,672s][debug  ][gc,director    ] Select Minor GC Workers (Not Warm), GCWorkers: 5,000
[7,672s][debug  ][gc,director    ] Rule Minor: Allocation Rate (Dynamic GC Workers), MaxAllocRate: 906,4MB/s (+/-30,0%), Free: 10798MB, GCCPUTime: 1,115, GCDuration: 0,231s, TimeUntilOOM: 9,161s, TimeUntilGC: 8,930s, GCWorkers: 5
[7,672s][debug  ][gc,director    ] Select Minor GC Workers (Not Warm), GCWorkers: 5,000
[7,672s][debug  ][gc,director    ] Rule Minor: Allocation Rate (Dynamic GC Workers), MaxAllocRate: 3643,7MB/s (+/-30,0%), Free: 10798MB, GCCPUTime: 1,115, GCDuration: 0,231s, TimeUntilOOM: 2,279s, TimeUntilGC: 2,048s, GCWorkers: 5
[7,672s][debug  ][gc,director    ] Rule Minor: High Usage, Free: 10798MB(70,3%)
[7,682s][debug  ][gc,director    ] Rule Major: Warmup 30%, Used: 4532MB, UsedThreshold: 4608MB
[7,682s][debug  ][gc,director    ] Select Minor GC Workers (Not Warm), GCWorkers: 5,000
[7,682s][debug  ][gc,director    ] Rule Minor: Allocation Rate (Dynamic GC Workers), MaxAllocRate: 906,4MB/s (+/-30,0%), Free: 10786MB, GCCPUTime: 1,115, GCDuration: 0,231s, TimeUntilOOM: 9,150s, TimeUntilGC: 8,919s, GCWorkers: 5
[7,682s][debug  ][gc,director    ] Select Minor GC Workers (Not Warm), GCWorkers: 5,000
[7,682s][debug  ][gc,director    ] Rule Minor: Allocation Rate (Dynamic GC Workers), MaxAllocRate: 3643,7MB/s (+/-30,0%), Free: 10786MB, GCCPUTime: 1,115, GCDuration: 0,231s, TimeUntilOOM: 2,276s, TimeUntilGC: 2,045s, GCWorkers: 5
[7,682s][debug  ][gc,director    ] Rule Minor: High Usage, Free: 10786MB(70,2%)
[7,692s][debug  ][gc,director    ] Rule Major: Warmup 30%, Used: 4546MB, UsedThreshold: 4608MB
[7,692s][debug  ][gc,director    ] Select Minor GC Workers (Not Warm), GCWorkers: 5,000
[7,692s][debug  ][gc,director    ] Rule Minor: Allocation Rate (Dynamic GC Workers), MaxAllocRate: 906,4MB/s (+/-30,0%), Free: 10772MB, GCCPUTime: 1,115, GCDuration: 0,231s, TimeUntilOOM: 9,139s, TimeUntilGC: 8,908s, GCWorkers: 5
[7,692s][debug  ][gc,director    ] Select Minor GC Workers (Not Warm), GCWorkers: 5,000
[7,692s][debug  ][gc,director    ] Rule Minor: Allocation Rate (Dynamic GC Workers), MaxAllocRate: 3643,7MB/s (+/-30,0%), Free: 10772MB, GCCPUTime: 1,115, GCDuration: 0,231s, TimeUntilOOM: 2,273s, TimeUntilGC: 2,042s, GCWorkers: 5
[7,692s][debug  ][gc,director    ] Rule Minor: High Usage, Free: 10772MB(70,1%)
[7,702s][debug  ][gc,director    ] Rule Major: Warmup 30%, Used: 4560MB, UsedThreshold: 4608MB
[7,702s][debug  ][gc,director    ] Select Minor GC Workers (Not Warm), GCWorkers: 5,000
[7,702s][debug  ][gc,director    ] Rule Minor: Allocation Rate (Dynamic GC Workers), MaxAllocRate: 906,4MB/s (+/-30,0%), Free: 10758MB, GCCPUTime: 1,115, GCDuration: 0,231s, TimeUntilOOM: 9,127s, TimeUntilGC: 8,896s, GCWorkers: 5
[7,702s][debug  ][gc,director    ] Select Minor GC Workers (Not Warm), GCWorkers: 5,000
[7,702s][debug  ][gc,director    ] Rule Minor: Allocation Rate (Dynamic GC Workers), MaxAllocRate: 3643,7MB/s (+/-30,0%), Free: 10758MB, GCCPUTime: 1,115, GCDuration: 0,231s, TimeUntilOOM: 2,270s, TimeUntilGC: 2,039s, GCWorkers: 5
[7,702s][debug  ][gc,director    ] Rule Minor: High Usage, Free: 10758MB(70,0%)
[7,712s][debug  ][gc,director    ] Rule Major: Warmup 30%, Used: 4574MB, UsedThreshold: 4608MB
[7,712s][debug  ][gc,director    ] Select Minor GC Workers (Not Warm), GCWorkers: 5,000
[7,712s][debug  ][gc,director    ] Rule Minor: Allocation Rate (Dynamic GC Workers), MaxAllocRate: 906,4MB/s (+/-30,0%), Free: 10744MB, GCCPUTime: 1,115, GCDuration: 0,231s, TimeUntilOOM: 9,115s, TimeUntilGC: 8,884s, GCWorkers: 5
[7,712s][debug  ][gc,director    ] Select Minor GC Workers (Not Warm), GCWorkers: 5,000
[7,712s][debug  ][gc,director    ] Rule Minor: Allocation Rate (Dynamic GC Workers), MaxAllocRate: 3643,7MB/s (+/-30,0%), Free: 10744MB, GCCPUTime: 1,115, GCDuration: 0,231s, TimeUntilOOM: 2,267s, TimeUntilGC: 2,036s, GCWorkers: 5
[7,712s][debug  ][gc,director    ] Rule Minor: High Usage, Free: 10744MB(69,9%)
[7,723s][debug  ][gc,director    ] Rule Major: Warmup 30%, Used: 4588MB, UsedThreshold: 4608MB
[7,723s][debug  ][gc,director    ] Select Minor GC Workers (Not Warm), GCWorkers: 5,000
[7,723s][debug  ][gc,director    ] Rule Minor: Allocation Rate (Dynamic GC Workers), MaxAllocRate: 906,4MB/s (+/-30,0%), Free: 10730MB, GCCPUTime: 1,115, GCDuration: 0,231s, TimeUntilOOM: 9,103s, TimeUntilGC: 8,872s, GCWorkers: 5
[7,723s][debug  ][gc,director    ] Select Minor GC Workers (Not Warm), GCWorkers: 5,000
[7,723s][debug  ][gc,director    ] Rule Minor: Allocation Rate (Dynamic GC Workers), MaxAllocRate: 3643,7MB/s (+/-30,0%), Free: 10730MB, GCCPUTime: 1,115, GCDuration: 0,231s, TimeUntilOOM: 2,264s, TimeUntilGC: 2,033s, GCWorkers: 5
[7,723s][debug  ][gc,director    ] Rule Minor: High Usage, Free: 10730MB(69,9%)
[7,733s][debug  ][gc,director    ] Rule Major: Warmup 30%, Used: 4600MB, UsedThreshold: 4608MB
[7,733s][debug  ][gc,director    ] Select Minor GC Workers (Not Warm), GCWorkers: 5,000
[7,733s][debug  ][gc,director    ] Rule Minor: Allocation Rate (Dynamic GC Workers), MaxAllocRate: 906,4MB/s (+/-30,0%), Free: 10718MB, GCCPUTime: 1,115, GCDuration: 0,231s, TimeUntilOOM: 9,093s, TimeUntilGC: 8,862s, GCWorkers: 5
[7,733s][debug  ][gc,director    ] Select Minor GC Workers (Not Warm), GCWorkers: 5,000
[7,733s][debug  ][gc,director    ] Rule Minor: Allocation Rate (Dynamic GC Workers), MaxAllocRate: 3643,7MB/s (+/-30,0%), Free: 10718MB, GCCPUTime: 1,115, GCDuration: 0,231s, TimeUntilOOM: 2,262s, TimeUntilGC: 2,031s, GCWorkers: 5
[7,733s][debug  ][gc,director    ] Rule Minor: High Usage, Free: 10718MB(69,8%)
[7,743s][debug  ][gc,director    ] Rule Major: Warmup 30%, Used: 4614MB, UsedThreshold: 4608MB
[7,743s][debug  ][gc,director    ] Select Minor GC Workers (Not Warm), GCWorkers: 5,000
[7,743s][debug  ][gc,director    ] Rule Minor: Allocation Rate (Dynamic GC Workers), MaxAllocRate: 906,4MB/s (+/-30,0%), Free: 10704MB, GCCPUTime: 1,115, GCDuration: 0,231s, TimeUntilOOM: 9,081s, TimeUntilGC: 8,850s, GCWorkers: 5
[7,743s][debug  ][gc,director    ] Select Minor GC Workers (Not Warm), GCWorkers: 5,000
[7,743s][debug  ][gc,director    ] Rule Minor: Allocation Rate (Dynamic GC Workers), MaxAllocRate: 3643,7MB/s (+/-30,0%), Free: 10704MB, GCCPUTime: 1,115, GCDuration: 0,231s, TimeUntilOOM: 2,259s, TimeUntilGC: 2,028s, GCWorkers: 5
[7,743s][info   ][gc             ] GC(3) Major Collection (Warmup)
[7,743s][info   ][gc,task        ] GC(3) Using 5 Workers for Young Generation
[7,743s][info   ][gc,task        ] GC(3) Using 1 Workers for Old Generation
[7,743s][debug  ][gc,heap        ] GC(3) Y: Heap before GC invocations=3 (full 3):
[7,743s][debug  ][gc,heap        ] GC(3) Y:  ZHeap           used 4614M, capacity 5120M, max capacity 15360M
[7,743s][debug  ][gc,heap        ] GC(3) Y:  Metaspace       used 29343K, committed 29696K, reserved 1114112K
[7,743s][debug  ][gc,heap        ] GC(3) Y:   class space    used 3283K, committed 3456K, reserved 1048576K
[7,743s][info   ][gc,phases      ] GC(3) Y: Young Generation
[7,743s][debug  ][gc,reloc       ] Synchronize all workers 1 _nworkers: 0 _nsynchronized: 0
[7,743s][debug  ][gc,reloc       ] Synchronize all workers 1 _nworkers: 0 _nsynchronized: 0
[7,743s][debug  ][gc,phases,start] GC(3) Y: Pause Mark Start (Major)
[7,743s][debug  ][gc,marking     ] GC(3) Y: Using 4 mark stripes
[7,743s][debug  ][gc,marking     ] GC(3) Y: Mark Worker/Stripe Distribution
[7,743s][debug  ][gc,marking     ] GC(3) Y:   Worker 0(5) -> Stripe 0(4)
[7,743s][debug  ][gc,marking     ] GC(3) Y:   Worker 1(5) -> Stripe 1(4)
[7,743s][debug  ][gc,marking     ] GC(3) Y:   Worker 2(5) -> Stripe 2(4)
[7,743s][debug  ][gc,marking     ] GC(3) Y:   Worker 3(5) -> Stripe 3(4)
[7,743s][debug  ][gc,marking     ] GC(3) Y:   Worker 4(5) -> Stripe 0(4)
[7,743s][debug  ][gc,marking     ] GC(3) Y: Using 1 mark stripes
[7,743s][debug  ][gc,marking     ] GC(3) Y: Mark Worker/Stripe Distribution
[7,743s][debug  ][gc,marking     ] GC(3) Y:   Worker 0(1) -> Stripe 0(1)
[7,743s][info   ][gc,phases      ] GC(3) Y: Pause Mark Start (Major) 0,089ms
[7,743s][debug  ][gc,reloc       ] Desynchronize all workers _nworkers: 0 _nsynchronized: 0
[7,743s][debug  ][gc,reloc       ] Desynchronize all workers _nworkers: 0 _nsynchronized: 0
[7,743s][debug  ][gc,marking     ] Expanding mark stack space: 0M->32M
[7,743s][debug  ][gc,marking     ] Resurrection broke termination
[7,743s][debug  ][gc,phases,start] GC(3) Y: Concurrent Mark
[7,743s][debug  ][gc,phases,start] GC(3) Y: Concurrent Mark Roots
[7,743s][debug  ][gc,task        ] GC(3) Y: Executing ZMarkYoungRootsTask using ZWorkerYoung with 5 workers
[7,743s][debug  ][gc,marking     ] Resurrection broke termination
[7,745s][debug  ][gc,tlab        ] GC(3) Y: TLAB totals: thrds: 29  refills: 16533 max: 10366 slow allocs: 2256 max 184 waste:  0,8% gc: 2757136B max: 262080B slow: 31925648B max: 13512016B
[7,745s][debug  ][gc,phases      ] GC(3) Y: Concurrent Mark Roots 1,632ms
[7,745s][debug  ][gc,phases,start] GC(3) Y: Concurrent Mark Follow
[7,745s][debug  ][gc,marking     ] GC(3) Y: Using 4 mark stripes
[7,745s][debug  ][gc,task        ] GC(3) Y: Executing ZRememberedScanMarkFollowTask using ZWorkerYoung with 5 workers
[7,753s][debug  ][gc,director    ] Select Minor GC Workers (Not Warm), GCWorkers: 5,000
[7,753s][debug  ][gc,director    ] Rule Minor: Allocation Rate (Dynamic GC Workers), MaxAllocRate: 906,4MB/s (+/-30,0%), Free: 10692MB, GCCPUTime: 1,115, GCDuration: 0,231s, TimeUntilOOM: 9,071s, TimeUntilGC: 8,840s, GCWorkers: 5
[7,763s][debug  ][gc,director    ] Select Minor GC Workers (Not Warm), GCWorkers: 5,000
[7,763s][debug  ][gc,director    ] Rule Minor: Allocation Rate (Dynamic GC Workers), MaxAllocRate: 906,4MB/s (+/-30,0%), Free: 10680MB, GCCPUTime: 1,115, GCDuration: 0,231s, TimeUntilOOM: 9,060s, TimeUntilGC: 8,829s, GCWorkers: 5
[7,764s][debug  ][gc,alloc       ] Mutator Allocation Rate: 1268,8MB/s Predicted: 1381,0MB/s, Avg: 911,5(+/-273,8)MB/s
[7,764s][debug  ][gc,director    ] Select Minor GC Workers (Not Warm), GCWorkers: 5,000
[7,764s][debug  ][gc,director    ] Rule Minor: Allocation Rate (Dynamic GC Workers), MaxAllocRate: 911,5MB/s (+/-30,0%), Free: 10678MB, GCCPUTime: 1,115, GCDuration: 0,231s, TimeUntilOOM: 9,009s, TimeUntilGC: 8,778s, GCWorkers: 5
[7,774s][debug  ][gc,director    ] Select Minor GC Workers (Not Warm), GCWorkers: 5,000
[7,774s][debug  ][gc,director    ] Rule Minor: Allocation Rate (Dynamic GC Workers), MaxAllocRate: 911,5MB/s (+/-30,0%), Free: 10666MB, GCCPUTime: 1,115, GCDuration: 0,231s, TimeUntilOOM: 8,999s, TimeUntilGC: 8,768s, GCWorkers: 5
[7,784s][debug  ][gc,director    ] Select Minor GC Workers (Not Warm), GCWorkers: 5,000
[7,784s][debug  ][gc,director    ] Rule Minor: Allocation Rate (Dynamic GC Workers), MaxAllocRate: 911,5MB/s (+/-30,0%), Free: 10654MB, GCCPUTime: 1,115, GCDuration: 0,231s, TimeUntilOOM: 8,989s, TimeUntilGC: 8,758s, GCWorkers: 5
[7,794s][debug  ][gc,director    ] Select Minor GC Workers (Not Warm), GCWorkers: 5,000
[7,794s][debug  ][gc,director    ] Rule Minor: Allocation Rate (Dynamic GC Workers), MaxAllocRate: 911,5MB/s (+/-30,0%), Free: 10642MB, GCCPUTime: 1,115, GCDuration: 0,231s, TimeUntilOOM: 8,978s, TimeUntilGC: 8,748s, GCWorkers: 5
[7,799s][debug  ][gc,marking     ] GC(3) Y: Using 2 mark stripes
[7,799s][debug  ][gc,marking     ] GC(3) Y: Using 4 mark stripes
[7,799s][debug  ][gc,marking     ] GC(3) Y: Using 2 mark stripes
[7,799s][debug  ][gc,marking     ] GC(3) Y: Using 1 mark stripes
[7,799s][debug  ][gc,remset      ] GC(3) Y: Remset forwarding retained: 0,000ms count: 0 ZWorkerYoung#1
[7,799s][debug  ][gc,remset      ] GC(3) Y: Remset forwarding released: 0,000ms count: 0 ZWorkerYoung#1
[7,799s][debug  ][gc,remset      ] GC(3) Y: Remset forwarding retained: 0,000ms count: 0 ZWorkerYoung#3
[7,800s][debug  ][gc,remset      ] GC(3) Y: Remset forwarding released: 0,000ms count: 0 ZWorkerYoung#3
[7,799s][debug  ][gc,remset      ] GC(3) Y: Remset forwarding retained: 0,000ms count: 0 ZWorkerYoung#2
[7,800s][debug  ][gc,remset      ] GC(3) Y: Remset forwarding released: 0,000ms count: 0 ZWorkerYoung#2
[7,800s][debug  ][gc,remset      ] GC(3) Y: Remset forwarding retained: 0,000ms count: 0 ZWorkerYoung#0
[7,800s][debug  ][gc,remset      ] GC(3) Y: Remset forwarding released: 0,000ms count: 0 ZWorkerYoung#0
[7,800s][debug  ][gc,remset      ] GC(3) Y: Remset forwarding retained: 0,000ms count: 0 ZWorkerYoung#4
[7,800s][debug  ][gc,remset      ] GC(3) Y: Remset forwarding released: 0,000ms count: 0 ZWorkerYoung#4
[7,800s][debug  ][gc,marking     ] GC(3) Y: Try terminate after resurrection
[7,800s][debug  ][gc,phases      ] GC(3) Y: Concurrent Mark Follow 54,719ms
[7,800s][info   ][gc,phases      ] GC(3) Y: Concurrent Mark 56,387ms
[7,800s][debug  ][gc,reloc       ] Synchronize all workers 1 _nworkers: 0 _nsynchronized: 0
[7,800s][debug  ][gc,reloc       ] Synchronize all workers 1 _nworkers: 0 _nsynchronized: 0
[7,800s][debug  ][gc,phases,start] GC(3) Y: Pause Mark End
[7,800s][info   ][gc,phases      ] GC(3) Y: Pause Mark End 0,019ms
[7,800s][debug  ][gc,reloc       ] Desynchronize all workers _nworkers: 0 _nsynchronized: 0
[7,800s][debug  ][gc,reloc       ] Desynchronize all workers _nworkers: 0 _nsynchronized: 0
[7,800s][debug  ][gc,phases,start] GC(3) Y: Concurrent Mark Free
[7,800s][info   ][gc,phases      ] GC(3) Y: Concurrent Mark Free 0,017ms
[7,800s][debug  ][gc,phases,start] GC(3) Y: Concurrent Reset Relocation Set
[7,800s][info   ][gc,phases      ] GC(3) Y: Concurrent Reset Relocation Set 0,051ms
[7,800s][debug  ][gc,phases,start] GC(3) Y: Concurrent Select Relocation Set
[7,801s][debug  ][gc,reloc       ] GC(3) Y: Relocation Set (Medium Pages): 0->0, 0 skipped, 0 forwarding entries
[7,801s][debug  ][gc,reloc       ] GC(3) Y: Relocation Set (Small Pages): 878->4, 272 skipped, 363258 forwarding entries
[7,801s][debug  ][gc,reloc       ] GC(3) Y: Allocated To Garbage: 0,0
[7,801s][debug  ][gc,reloc       ] GC(3) Y: Young Log Residency: 5,3
[7,801s][debug  ][gc,reloc       ] GC(3) Y: Life Decay Factor: 301,8
[7,801s][info   ][gc,reloc       ] GC(3) Y: Using tenuring threshold: 2 (Computed)
[7,801s][debug  ][gc,task        ] GC(3) Y: Executing ZRelocationSetInstallTask using ZWorkerYoung with 5 workers
[7,802s][debug  ][gc,task        ] GC(3) Y: Executing ZPromotePagesTask using ZWorkerYoung with 5 workers
[7,802s][debug  ][gc,task        ] GC(3) Y: Executing ZPromotePagesTask using ZWorkerYoung with 5 workers
[7,802s][debug  ][gc,task        ] GC(3) Y: Executing ZPromotePagesTask using ZWorkerYoung with 5 workers
[7,802s][info   ][gc,phases      ] GC(3) Y: Concurrent Select Relocation Set 2,164ms
[7,802s][debug  ][gc,reloc       ] Synchronize all workers 1 _nworkers: 0 _nsynchronized: 0
[7,802s][debug  ][gc,reloc       ] Synchronize all workers 1 _nworkers: 0 _nsynchronized: 0
[7,802s][debug  ][gc,phases,start] GC(3) Y: Pause Relocate Start
[7,803s][debug  ][gc,reloc       ] GC(3) Y: Joining workers: 5
[7,803s][info   ][gc,phases      ] GC(3) Y: Pause Relocate Start 0,059ms
[7,803s][debug  ][gc,reloc       ] Desynchronize all workers _nworkers: 0 _nsynchronized: 0
[7,803s][debug  ][gc,reloc       ] Desynchronize all workers _nworkers: 5 _nsynchronized: 0
[7,803s][debug  ][gc,phases,start] GC(3) Y: Concurrent Relocate
[7,803s][debug  ][gc,task        ] GC(3) Y: Executing ZRelocateStoreBufferInstallBasePointersTask using ZWorkerYoung with 5 workers
[7,803s][debug  ][gc,task        ] GC(3) Y: Executing ZRelocateTask using ZWorkerYoung with 5 workers
[7,804s][debug  ][gc,director    ] Select Minor GC Workers (Not Warm), GCWorkers: 5,000
[7,804s][debug  ][gc,director    ] Rule Minor: Allocation Rate (Dynamic GC Workers), MaxAllocRate: 911,5MB/s (+/-30,0%), Free: 14568MB, GCCPUTime: 1,115, GCDuration: 0,231s, TimeUntilOOM: 12,291s, TimeUntilGC: 12,060s, GCWorkers: 5
[7,805s][debug  ][gc,reloc       ] GC(3) Y: Leaving workers: left: 4 _synchronize: 0 _nsynchronized: 0
[7,805s][debug  ][gc,reloc       ] GC(3) Y: Leaving workers: left: 3 _synchronize: 0 _nsynchronized: 0
[7,805s][debug  ][gc,reloc       ] GC(3) Y: Leaving workers: left: 2 _synchronize: 0 _nsynchronized: 0
[7,805s][debug  ][gc,reloc       ] GC(3) Y: Leaving workers: left: 1 _synchronize: 0 _nsynchronized: 0
[7,806s][debug  ][gc,reloc       ] GC(3) Y: Leaving workers: left: 0 _synchronize: 0 _nsynchronized: 0
[7,806s][debug  ][gc,phases,start] GC(3) Y: Concurrent Relocate Remset FP
[7,806s][debug  ][gc,task        ] GC(3) Y: Executing ZRelocateAddRemsetForFlipPromoted using ZWorkerYoung with 5 workers
[7,806s][debug  ][gc,phases      ] GC(3) Y: Concurrent Relocate Remset FP 0,041ms
[7,806s][info   ][gc,phases      ] GC(3) Y: Concurrent Relocate 3,079ms
[7,806s][debug  ][gc,heap        ] GC(3) Y: Heap after GC invocations=4 (full 4):
[7,806s][debug  ][gc,heap        ] GC(3) Y:  ZHeap           used 694M, capacity 5120M, max capacity 15360M
[7,806s][debug  ][gc,heap        ] GC(3) Y:  Metaspace       used 29343K, committed 29696K, reserved 1114112K
[7,806s][debug  ][gc,heap        ] GC(3) Y:   class space    used 3283K, committed 3456K, reserved 1048576K
[7,806s][info   ][gc,alloc       ] GC(3) Y:                         Mark Start        Mark End      Relocate Start    Relocate End   
[7,806s][info   ][gc,alloc       ] GC(3) Y: Allocation Stalls:          0                0                0                0         
[7,806s][info   ][gc,load        ] GC(3) Y: Load: 1,87 (9%) / 1,91 (10%) / 4,94 (25%)
[7,806s][info   ][gc,mmu         ] GC(3) Y: MMU: 2ms/94,6%, 5ms/97,8%, 10ms/98,9%, 20ms/99,4%, 50ms/99,7%, 100ms/99,8%
[7,806s][info   ][gc,marking     ] GC(3) Y: Mark: 4 stripe(s), 2 proactive flush(es), 1 terminate flush(es), 0 completion(s), 0 continuation(s) 
[7,806s][info   ][gc,marking     ] GC(3) Y: Mark Stack Usage: 32M
[7,806s][info   ][gc,nmethod     ] GC(3) Y: NMethods: 3340 registered, 305 unregistered
[7,806s][info   ][gc,metaspace   ] GC(3) Y: Metaspace: 28M used, 29M committed, 1088M reserved
[7,806s][info   ][gc,reloc       ] GC(3) Y:                        Candidates     Selected     In-Place         Size        Empty    Relocated 
[7,806s][info   ][gc,reloc       ] GC(3) Y: Small Pages:                 2280          874            0        4560M        2260M           4M 
[7,806s][info   ][gc,reloc       ] GC(3) Y: Medium Pages:                   0            0            0           0M           0M           0M 
[7,806s][info   ][gc,reloc       ] GC(3) Y: Large Pages:                    0            0            0           0M           0M           0M 
[7,806s][info   ][gc,reloc       ] GC(3) Y: Forwarding Usage: 2M
[7,806s][info   ][gc,reloc       ] GC(3) Y: Age Table:
[7,806s][info   ][gc,reloc       ] GC(3) Y:                    Live             Garbage             Small              Medium             Large        
[7,806s][info   ][gc,reloc       ] GC(3) Y: Eden             402M (3%)         3861M (25%)       2132 / 867            0 / 0              0 / 0        
[7,806s][info   ][gc,reloc       ] GC(3) Y: Survivor 1         1M (0%)          294M (2%)         148 / 7              0 / 0              0 / 0        
[7,806s][info   ][gc,heap        ] GC(3) Y: Min Capacity: 5120M(33%)
[7,806s][info   ][gc,heap        ] GC(3) Y: Max Capacity: 15360M(100%)
[7,806s][info   ][gc,heap        ] GC(3) Y: Soft Max Capacity: 15360M(100%)
[7,806s][info   ][gc,heap        ] GC(3) Y: Heap Statistics:
[7,806s][info   ][gc,heap        ] GC(3) Y:                Mark Start          Mark End        Relocate Start      Relocate End           High               Low         
[7,806s][info   ][gc,heap        ] GC(3) Y:  Capacity:     5120M (33%)        5120M (33%)        5120M (33%)        5120M (33%)        5120M (33%)        5120M (33%)    
[7,806s][info   ][gc,heap        ] GC(3) Y:      Free:    10746M (70%)       10678M (70%)       12936M (84%)       14666M (95%)       14666M (95%)       10678M (70%)    
[7,806s][info   ][gc,heap        ] GC(3) Y:      Used:     4614M (30%)        4682M (30%)        2424M (16%)         694M (5%)         4682M (30%)         694M (5%)     
[7,806s][info   ][gc,heap        ] GC(3) Y: Young Generation Statistics:
[7,806s][info   ][gc,heap        ] GC(3) Y:                Mark Start          Mark End        Relocate Start      Relocate End    
[7,806s][info   ][gc,heap        ] GC(3) Y:      Used:     4560M (30%)        4628M (30%)        2370M (15%)         640M (4%)     
[7,806s][info   ][gc,heap        ] GC(3) Y:      Live:         -               403M (3%)          403M (3%)          403M (3%)     
[7,806s][info   ][gc,heap        ] GC(3) Y:   Garbage:         -              4156M (27%)        1896M (12%)         147M (1%)     
[7,806s][info   ][gc,heap        ] GC(3) Y: Allocated:         -                68M (0%)           70M (0%)           89M (1%)     
[7,806s][info   ][gc,heap        ] GC(3) Y: Reclaimed:         -                  -              2260M (15%)        4009M (26%)    
[7,806s][info   ][gc,heap        ] GC(3) Y:  Promoted:         -                  -                 0M (0%)            0M (0%)     
[7,806s][info   ][gc,heap        ] GC(3) Y: Compacted:         -                  -                  -                 6M (0%)     
[7,806s][info   ][gc,phases      ] GC(3) Y: Young Generation 4614M(30%)->694M(5%) 0,063s
[7,806s][debug  ][gc,heap        ] GC(3) O: Heap before GC invocations=4 (full 4):
[7,806s][debug  ][gc,heap        ] GC(3) O:  ZHeap           used 696M, capacity 5120M, max capacity 15360M
[7,806s][debug  ][gc,heap        ] GC(3) O:  Metaspace       used 29343K, committed 29696K, reserved 1114112K
[7,806s][debug  ][gc,heap        ] GC(3) O:   class space    used 3283K, committed 3456K, reserved 1048576K
[7,806s][info   ][gc,phases      ] GC(3) O: Old Generation
[7,806s][debug  ][gc,phases,start] GC(3) O: Concurrent Mark
[7,806s][debug  ][gc,phases,start] GC(3) O: Concurrent Mark Roots
[7,806s][debug  ][gc,task        ] GC(3) O: Executing ZMarkOldRootsTask using ZWorkerOld with 1 workers
[7,808s][debug  ][gc,tlab        ] GC(3) O: TLAB totals: thrds: 1  refills: 276 max: 276 slow allocs: 0 max 0 waste:  0,5% gc: 78984B max: 78984B slow: 290456B max: 290456B
[7,808s][debug  ][gc,phases      ] GC(3) O: Concurrent Mark Roots 1,758ms
[7,808s][debug  ][gc,phases,start] GC(3) O: Concurrent Mark Follow
[7,808s][debug  ][gc,marking     ] GC(3) O: Using 1 mark stripes
[7,808s][debug  ][gc,task        ] GC(3) O: Executing ZMarkTask using ZWorkerOld with 1 workers
[7,817s][debug  ][gc,marking     ] GC(3) O: Try terminate after resurrection
[7,817s][debug  ][gc,phases      ] GC(3) O: Concurrent Mark Follow 9,132ms
[7,817s][info   ][gc,phases      ] GC(3) O: Concurrent Mark 10,920ms
[7,817s][debug  ][gc,reloc       ] Synchronize all workers 1 _nworkers: 0 _nsynchronized: 0
[7,817s][debug  ][gc,reloc       ] Synchronize all workers 1 _nworkers: 0 _nsynchronized: 0
[7,817s][debug  ][gc,phases,start] GC(3) O: Pause Mark End
[7,817s][info   ][gc,phases      ] GC(3) O: Pause Mark End 0,020ms
[7,817s][debug  ][gc,reloc       ] Desynchronize all workers _nworkers: 0 _nsynchronized: 0
[7,817s][debug  ][gc,reloc       ] Desynchronize all workers _nworkers: 0 _nsynchronized: 0
[7,817s][debug  ][gc,phases,start] GC(3) O: Concurrent Mark Free
[7,817s][info   ][gc,phases      ] GC(3) O: Concurrent Mark Free 0,017ms
[7,817s][debug  ][gc,phases,start] GC(3) O: Concurrent Process Non-Strong
[7,817s][debug  ][gc,phases,start] GC(3) O: Concurrent References Process
[7,817s][debug  ][gc,task        ] GC(3) O: Executing ZReferenceProcessorTask using ZWorkerOld with 1 workers
[7,818s][debug  ][gc,phases      ] GC(3) O: Concurrent References Process 0,415ms
[7,818s][debug  ][gc,task        ] GC(3) O: Executing ZProcessWeakRootsTask using ZWorkerOld with 1 workers
[7,818s][debug  ][gc,phases,start] GC(3) O: Concurrent Classes Unlink
[7,818s][debug  ][gc,phases,start] GC(3) O: ClassLoaderData
[7,818s][debug  ][gc,phases      ] GC(3) O: ClassLoaderData 0,013ms
[7,818s][debug  ][gc,phases,start] GC(3) O: Trigger cleanups
[7,818s][debug  ][gc,phases      ] GC(3) O: Trigger cleanups 0,005ms
[7,818s][debug  ][gc,task        ] GC(3) O: Executing ZNMethodUnlinkTask using ZWorkerOld with 1 workers
[7,818s][debug  ][gc,nmethod     ] GC(3) O: Unregister NMethod: java.lang.ThreadLocal.getMap (0x00007f374fc28890) [0x00007f374fc28a20, 0x00007f374fc28b58] 
[7,818s][debug  ][gc,nmethod     ] GC(3) O: Unregister NMethod: java.util.stream.StreamOpFlag.isKnown (0x00007f374fce3110) [0x00007f374fce32a0, 0x00007f374fce3408] 
[7,818s][debug  ][gc,nmethod     ] GC(3) O: Unregister NMethod: io.sirix.access.trx.page.NodePageTrx$$Lambda/0x000000008033bae8.apply (0x00007f374ff0a190) [0x00007f374ff0a340, 0x00007f374ff0a570] 
[7,818s][debug  ][gc,nmethod     ] GC(3) O: Unregister NMethod: java.util.stream.Nodes$SpinedNodeBuilder.end (0x00007f374fe96410) [0x00007f374fe965a0, 0x00007f374fe966b8] 
[7,818s][debug  ][gc,nmethod     ] GC(3) O: Unregister NMethod: java.util.Spliterator.getExactSizeIfKnown (0x00007f374fce5f10) [0x00007f374fce60c0, 0x00007f374fce6390] 
[7,819s][debug  ][gc,nmethod     ] GC(3) O: Unregister NMethod: io.sirix.access.trx.node.json.JsonNodeTrxImpl.insertStringValueAsRightSibling (0x00007f374fdf3c10) [0x00007f374fdf3fa0, 0x00007f374fdf5978] 
[7,819s][debug  ][gc,nmethod     ] GC(3) O: Unregister NMethod: java.util.ArrayList.forEach (0x00007f374fe2ad90) [0x00007f374fe2afa0, 0x00007f374fe2b588] 
[7,819s][debug  ][gc,nmethod     ] GC(3) O: Unregister NMethod: net.openhft.chronicle.bytes.NativeBytes.checkResize (0x00007f374fafd210) [0x00007f374fafd3c0, 0x00007f374fafd5e8] 
[7,819s][debug  ][gc,nmethod     ] GC(3) O: Unregister NMethod: net.jpountz.lz4.LZ4BlockOutputStream.<init> (0x00007f374fc93310) [0x00007f374fc93540, 0x00007f374fc93db0] 
[7,819s][debug  ][gc,nmethod     ] GC(3) O: Unregister NMethod: net.openhft.chronicle.bytes.NativeBytes.resize (0x00007f374fb47f10) [0x00007f374fb48540, 0x00007f374fb4b4a8] 
[7,819s][debug  ][gc,nmethod     ] GC(3) O: Unregister NMethod: java.util.LinkedHashMap.afterNodeInsertion (0x00007f374fcb3410) [0x00007f374fcb3600, 0x00007f374fcb3ac0] 
[7,819s][debug  ][gc,nmethod     ] GC(3) O: Unregister NMethod: java.nio.ByteBuffer.wrap (0x00007f374fe5dd10) [0x00007f374fe5dee0, 0x00007f374fe5e170] 
[7,819s][debug  ][gc,nmethod     ] GC(3) O: Unregister NMethod: io.sirix.access.trx.page.NodePageTrx.lambda$prepareRecordPage$3 (0x00007f374ff54510) [0x00007f374ff54860, 0x00007f374ff55b48] 
[7,819s][debug  ][gc,nmethod     ] GC(3) O: Unregister NMethod: io.sirix.io.bytepipe.LZ4Compressor.serialize (0x00007f374fa58510) [0x00007f374fa586e0, 0x00007f374fa589e0] 
[7,819s][debug  ][gc,nmethod     ] GC(3) O: Unregister NMethod: java.util.stream.SortedOps$OfRef.opWrapSink (0x00007f374fdfca90) [0x00007f374fdfcd40, 0x00007f374fdfdd08] 
[7,819s][debug  ][gc,nmethod     ] GC(3) O: Unregister NMethod: io.sirix.page.KeyValueLeafPage.commit (0x00007f374fef4990) [0x00007f374fef4bc0, 0x00007f374fef5370] 
[7,819s][debug  ][gc,nmethod     ] GC(3) O: Unregister NMethod: io.sirix.io.filechannel.FileChannelWriter.getOffset (0x00007f374fef8c10) [0x00007f374fef8de0, 0x00007f374fef9180] 
[7,819s][debug  ][gc,nmethod     ] GC(3) O: Unregister NMethod: net.openhft.chronicle.bytes.AbstractBytes.readByte (0x00007f374ff8aa90) [0x00007f374ff8ac40, 0x00007f374ff8af18] 
[7,819s][debug  ][gc,nmethod     ] GC(3) O: Unregister NMethod: io.sirix.access.trx.node.json.JsonNodeTrxImpl.insertStringValueAsRightSibling (0x00007f376f2e1c90) [0x00007f376f2e1f40, 0x00007f376f2e2d50] 
[7,819s][debug  ][gc,nmethod     ] GC(3) O: Unregister NMethod: com.google.common.hash.HashCode$BytesHashCode.asBytes (0x00007f374faaf210) [0x00007f374faaf3c0, 0x00007f374faaf690] 
[7,819s][debug  ][gc,nmethod     ] GC(3) O: Unregister NMethod: net.openhft.chronicle.bytes.internal.HeapBytesStore.<init> (0x00007f374ff15610) [0x00007f374ff157e0, 0x00007f374ff15bc8] 
[7,819s][debug  ][gc,nmethod     ] GC(3) O: Unregister NMethod: net.jpountz.lz4.LZ4BlockOutputStream.<init> (0x00007f374fc94a90) [0x00007f374fc95000, 0x00007f374fc97c90] 
[7,819s][debug  ][gc,nmethod     ] GC(3) O: Unregister NMethod: java.util.HashMap.get (0x00007f374fdad110) [0x00007f374fdad2c0, 0x00007f374fdad4a8] 
[7,819s][debug  ][gc,nmethod     ] GC(3) O: Unregister NMethod: java.util.concurrent.ConcurrentHashMap$ValuesView.iterator (0x00007f374fe1f310) [0x00007f374fe1f4c0, 0x00007f374fe1f748] 
[7,819s][debug  ][gc,nmethod     ] GC(3) O: Unregister NMethod: io.sirix.page.PagePersister.serializePage (0x00007f374fefaa90) [0x00007f374fefaca0, 0x00007f374fefb328] 
[7,819s][debug  ][gc,nmethod     ] GC(3) O: Unregister NMethod: java.util.ArrayList.toArray (0x00007f374fa31010) [0x00007f374fa311c0, 0x00007f374fa313e8] 
[7,819s][debug  ][gc,nmethod     ] GC(3) O: Unregister NMethod: java.util.concurrent.ConcurrentHashMap$ValueIterator.<init> (0x00007f374fe1f890) [0x00007f374fe1fa40, 0x00007f374fe1fb78] 
[7,820s][debug  ][gc,nmethod     ] GC(3) O: Unregister NMethod: io.sirix.access.trx.page.NodePageTrx$$Lambda/0x000000008033bd20.test (0x00007f374ff09b90) [0x00007f374ff09d40, 0x00007f374ff0a078] 
[7,820s][debug  ][gc,nmethod     ] GC(3) O: Unregister NMethod: java.util.stream.SortedOps$RefSortingSink.begin (0x00007f374fc5b610) [0x00007f374fc5b800, 0x00007f374fc5bde0] 
[7,820s][debug  ][gc,nmethod     ] GC(3) O: Unregister NMethod: it.unimi.dsi.fastutil.shorts.ShortArrayList$1.<init> (0x00007f374ff5ed90) [0x00007f374ff5ef40, 0x00007f374ff5f128] 
[7,820s][debug  ][gc,nmethod     ] GC(3) O: Unregister NMethod: net.openhft.chronicle.bytes.Bytes.wrapForRead (0x00007f374fc53310) [0x00007f374fc53540, 0x00007f374fc53d10] 
[7,820s][debug  ][gc,nmethod     ] GC(3) O: Unregister NMethod: java.lang.ref.Finalizer.register (0x00007f374fea7490) [0x00007f374fea7640, 0x00007f374fea77f0] 
[7,820s][debug  ][gc,nmethod     ] GC(3) O: Unregister NMethod: java.io.DataOutputStream.write (0x00007f374fab1410) [0x00007f374fab15c0, 0x00007f374fab1930] 
[7,820s][debug  ][gc,nmethod     ] GC(3) O: Unregister NMethod: net.openhft.chronicle.bytes.AbstractBytes.writePosition (0x00007f374ff78f10) [0x00007f374ff79120, 0x00007f374ff79968] 
[7,820s][debug  ][gc,nmethod     ] GC(3) O: Unregister NMethod: io.sirix.access.trx.page.NodePageReadOnlyTrx.loadPage (0x00007f374fe39910) [0x00007f374fe39bc0, 0x00007f374fe3a9d0] 
[7,820s][debug  ][gc,nmethod     ] GC(3) O: Unregister NMethod: it.unimi.dsi.fastutil.shorts.AbstractShortList.ensureIndex (0x00007f374ff5f210) [0x00007f374ff5f540, 0x00007f374ff602f8] 
[7,820s][debug  ][gc,nmethod     ] GC(3) O: Unregister NMethod: com.google.common.hash.MessageDigestHashFunction$MessageDigestHasher.<init> (0x00007f374ffbfa90) [0x00007f374ffbfc80, 0x00007f374ffc0090] 
[7,820s][debug  ][gc,nmethod     ] GC(3) O: Unregister NMethod: io.sirix.io.filechannel.FileChannelWriter.write (0x00007f374fef3810) [0x00007f374fef39e0, 0x00007f374fef3c80] 
[7,820s][debug  ][gc,nmethod     ] GC(3) O: Unregister NMethod: sun.nio.ch.NativeThreadSet.add (0x00007f374fefe090) [0x00007f374fefe280, 0x00007f374fefe960] 
[7,820s][debug  ][gc,nmethod     ] GC(3) O: Unregister NMethod: java.util.stream.SpinedBuffer.capacity (0x00007f374fc91190) [0x00007f374fc91340, 0x00007f374fc915f0] 
[7,820s][debug  ][gc,nmethod     ] GC(3) O: Unregister NMethod: io.sirix.cache.TransactionIntentLog.put (0x00007f374ff43910) [0x00007f374ff43ae0, 0x00007f374ff43e68] 
[7,820s][debug  ][gc,nmethod     ] GC(3) O: Unregister NMethod: io.sirix.access.trx.node.json.JsonNodeTrxImpl.getBytes (0x00007f374fec9290) [0x00007f374fec9440, 0x00007f374fec9698] 
[7,820s][debug  ][gc,nmethod     ] GC(3) O: Unregister NMethod: java.util.concurrent.ConcurrentHashMap.values (0x00007f374fe1fc10) [0x00007f374fe1fde0, 0x00007f374fe201c8] 
[7,820s][debug  ][gc,nmethod     ] GC(3) O: Unregister NMethod: java.util.concurrent.ConcurrentHashMap$BaseIterator.<init> (0x00007f374fe20310) [0x00007f374fe204c0, 0x00007f374fe206b8] 
[7,820s][debug  ][gc,nmethod     ] GC(3) O: Unregister NMethod: io.sirix.page.UberPage.getPageCountExp (0x00007f374ff47710) [0x00007f374ff478e0, 0x00007f374ff47cb8] 
[7,820s][debug  ][gc,nmethod     ] GC(3) O: Unregister NMethod: io.sirix.access.trx.page.NodePageReadOnlyTrx.getRevisionNumber (0x00007f374ff44e10) [0x00007f374ff44fe0, 0x00007f374ff452b8] 
[7,820s][debug  ][gc,nmethod     ] GC(3) O: Unregister NMethod: java.util.ArrayList.sort (0x00007f374fe7b810) [0x00007f374fe7b9e0, 0x00007f374fe7bc30] 
[7,820s][debug  ][gc,nmethod     ] GC(3) O: Unregister NMethod: java.util.stream.SortedOps$RefSortingSink.end (0x00007f374fe99390) [0x00007f374fe996c0, 0x00007f374fe9a948] 
[7,820s][debug  ][gc,nmethod     ] GC(3) O: Unregister NMethod: java.io.DataOutputStream.<init> (0x00007f374faaf790) [0x00007f374faaf960, 0x00007f374faafea0] 
[7,820s][debug  ][gc,nmethod     ] GC(3) O: Unregister NMethod: io.sirix.access.trx.page.NodePageTrx$$Lambda/0x000000008036b068.apply (0x00007f374ffb9390) [0x00007f374ffb9540, 0x00007f374ffb97e8] 
[7,820s][debug  ][gc,nmethod     ] GC(3) O: Unregister NMethod: java.io.FilterOutputStream.close (0x00007f374fe35d10) [0x00007f374fe35f40, 0x00007f374fe367b8] 
[7,820s][debug  ][gc,nmethod     ] GC(3) O: Unregister NMethod: io.sirix.service.json.shredder.JsonShredder.processNull (0x00007f374ff5d210) [0x00007f374ff5d400, 0x00007f374ff5d7a8] 
[7,820s][debug  ][gc,nmethod     ] GC(3) O: Unregister NMethod: net.jpountz.lz4.LZ4BlockOutputStream.close (0x00007f374ff24190) [0x00007f374ff24360, 0x00007f374ff24690] 
[7,820s][debug  ][gc,nmethod     ] GC(3) O: Unregister NMethod: io.sirix.page.KeyValueLeafPage.<init> (0x00007f374ff46310) [0x00007f374ff465a0, 0x00007f374ff47350] 
[7,820s][debug  ][gc,nmethod     ] GC(3) O: Unregister NMethod: java.lang.StringBuilder.charAt (0x00007f374ff80b10) [0x00007f374ff80cc0, 0x00007f374ff80df8] 
[7,821s][debug  ][gc,nmethod     ] GC(3) O: Unregister NMethod: sun.nio.ch.NativeThreadSet.remove (0x00007f374fe1c190) [0x00007f374fe1c340, 0x00007f374fe1c668] 
[7,821s][debug  ][gc,nmethod     ] GC(3) O: Unregister NMethod: java.nio.channels.spi.AbstractInterruptibleChannel.end (0x00007f374fefd690) [0x00007f374fefd8a0, 0x00007f374fefde60] 
[7,821s][debug  ][gc,nmethod     ] GC(3) O: Unregister NMethod: java.lang.invoke.LambdaForm$MH/0x0000000080000800.invoke (0x00007f374fbca910) [0x00007f374fbcaac0, 0x00007f374fbcad10] 
[7,821s][debug  ][gc,nmethod     ] GC(3) O: Unregister NMethod: net.jpountz.xxhash.StreamingXXHash32$1.getValue (0x00007f374ff0ae90) [0x00007f374ff0b080, 0x00007f374ff0b4d8] 
[7,821s][debug  ][gc,nmethod     ] GC(3) O: Unregister NMethod: java.util.stream.Sink.end (0x00007f374fce8c10) [0x00007f374fce8da0, 0x00007f374fce8ea0] 
[7,821s][debug  ][gc,nmethod     ] GC(3) O: Unregister NMethod: io.sirix.page.SerializationType.readPageFragments (0x00007f374ffaab90) [0x00007f374ffaadc0, 0x00007f374ffab678] 
[7,821s][debug  ][gc,nmethod     ] GC(3) O: Unregister NMethod: io.sirix.io.bytepipe.ByteHandlerPipeline.serialize (0x00007f374fe09110) [0x00007f374fe09300, 0x00007f374fe098e0] 
[7,821s][debug  ][gc,nmethod     ] GC(3) O: Unregister NMethod: java.io.ByteArrayOutputStream.toByteArray (0x00007f374fab0b10) [0x00007f374fab0cc0, 0x00007f374fab0f00] 
[7,821s][debug  ][gc,nmethod     ] GC(3) O: Unregister NMethod: net.openhft.chronicle.bytes.AbstractBytes.isDirectMemory (0x00007f374fbe2190) [0x00007f374fbe2340, 0x00007f374fbe2538] 
[7,821s][debug  ][gc,nmethod     ] GC(3) O: Unregister NMethod: io.sirix.access.trx.page.NodePageReadOnlyTrx.getPageReference (0x00007f374ff4bf10) [0x00007f374ff4c540, 0x00007f374ff4fd00] 
[7,821s][debug  ][gc,nmethod     ] GC(3) O: Unregister NMethod: org.magicwerk.brownies.collections.GapList.doAdd (0x00007f374ff40d10) [0x00007f374ff41180, 0x00007f374ff430a0] 
[7,821s][debug  ][gc,nmethod     ] GC(3) O: Unregister NMethod: java.util.stream.SpinedBuffer.clear (0x00007f374fa59090) [0x00007f374fa592a0, 0x00007f374fa59ae8] 
[7,821s][debug  ][gc,nmethod     ] GC(3) O: Unregister NMethod: java.lang.invoke.Invokers$Holder.linkToTargetMethod (0x00007f374fbcae10) [0x00007f374fbcafc0, 0x00007f374fbcb270] 
[7,821s][debug  ][gc,nmethod     ] GC(3) O: Unregister NMethod: java.lang.AbstractStringBuilder.charAt (0x00007f374ff80e90) [0x00007f374ff81060, 0x00007f374ff813e0] 
[7,821s][debug  ][gc,nmethod     ] GC(3) O: Unregister NMethod: io.sirix.access.trx.page.NodePageReadOnlyTrx.getCurrentMaxIndirectPageTreeLevel (0x00007f374ff47e10) [0x00007f374ff483c0, 0x00007f374ff4b0e8] 
[7,821s][debug  ][gc,nmethod     ] GC(3) O: Unregister NMethod: io.sirix.page.KeyValueLeafPage.<init> (0x00007f374ff58790) [0x00007f374ff58a00, 0x00007f374ff59588] 
[7,821s][debug  ][gc,nmethod     ] GC(3) O: Unregister NMethod: java.lang.Record.<init> (0x00007f374fb37f90) [0x00007f374fb38120, 0x00007f374fb38280] 
[7,821s][debug  ][gc,nmethod     ] GC(3) O: Unregister NMethod: io.sirix.page.delegates.ReferencesPage4.getOrCreateReference (0x00007f374ff60890) [0x00007f374ff60b80, 0x00007f374ff61d50] 
[7,821s][debug  ][gc,nmethod     ] GC(3) O: Unregister NMethod: io.sirix.page.SerializationType.writeHash (0x00007f374ff7b490) [0x00007f374ff7b6c0, 0x00007f374ff7bfb8] 
[7,821s][debug  ][gc,nmethod     ] GC(3) O: Unregister NMethod: io.sirix.access.trx.node.AbstractNodeTrxImpl.getCurrentNode (0x00007f374fec9b90) [0x00007f374fec9d40, 0x00007f374fec9f68] 
[7,821s][debug  ][gc,nmethod     ] GC(3) O: Unregister NMethod: io.sirix.page.SerializationType.readHash (0x00007f374ffaa410) [0x00007f374ffaa5e0, 0x00007f374ffaa9f8] 
[7,821s][debug  ][gc,nmethod     ] GC(3) O: Unregister NMethod: io.sirix.page.SerializationType.writePageFragments (0x00007f374ff7a410) [0x00007f374ff7a680, 0x00007f374ff7b108] 
[7,821s][debug  ][gc,nmethod     ] GC(3) O: Unregister NMethod: java.nio.Buffer.remaining (0x00007f374fa3f490) [0x00007f374fa3f620, 0x00007f374fa3f7a0] 
[7,821s][debug  ][gc,nmethod     ] GC(3) O: Unregister NMethod: net.jpountz.lz4.LZ4BlockOutputStream.finish (0x00007f374fc91b10) [0x00007f374fc91d40, 0x00007f374fc923b8] 
[7,821s][debug  ][gc,nmethod     ] GC(3) O: Unregister NMethod: io.sirix.service.json.shredder.JsonShredder.processNull (0x00007f376f2d7e90) [0x00007f376f2d8280, 0x00007f376f2d9df8] 
[7,821s][debug  ][gc,nmethod     ] GC(3) O: Unregister NMethod: java.util.concurrent.ConcurrentHashMap$EntrySpliterator.forEachRemaining (0x00007f374fe94f10) [0x00007f374fe95120, 0x00007f374fe95820] 
[7,821s][debug  ][gc,nmethod     ] GC(3) O: Unregister NMethod: net.jpountz.xxhash.StreamingXXHash32JNI.update (0x00007f374fe33510) [0x00007f374fe336e0, 0x00007f374fe33a70] 
[7,821s][debug  ][gc,nmethod     ] GC(3) O: Unregister NMethod: java.lang.ref.Finalizer.<init> (0x00007f374fea6a10) [0x00007f374fea6c00, 0x00007f374fea72b8] 
[7,821s][debug  ][gc,nmethod     ] GC(3) O: Unregister NMethod: io.sirix.access.trx.page.NodePageTrx.commit (0x00007f374fef9310) [0x00007f374fef9580, 0x00007f374fef9fc0] 
[7,821s][debug  ][gc,nmethod     ] GC(3) O: Unregister NMethod: io.sirix.io.filechannel.FileChannelWriter.writePageReference (0x00007f374ff6ff10) [0x00007f374ff707c0, 0x00007f374ff76430] 
[7,822s][debug  ][gc,nmethod     ] GC(3) O: Unregister NMethod: com.google.common.hash.HashCode.fromBytesNoCopy (0x00007f374fd83c90) [0x00007f374fd83e60, 0x00007f374fd84288] 
[7,822s][debug  ][gc,nmethod     ] GC(3) O: Unregister NMethod: net.openhft.chronicle.bytes.BytesStore.bytesForRead (0x00007f374fe08090) [0x00007f374fe082e0, 0x00007f374fe08ce0] 
[7,822s][debug  ][gc,nmethod     ] GC(3) O: Unregister NMethod: net.jpountz.lz4.LZ4Utils.maxCompressedLength (0x00007f374fe98790) [0x00007f374fe989c0, 0x00007f374fe990a0] 
[7,822s][debug  ][gc,nmethod     ] GC(3) O: Unregister NMethod: java.io.FilterOutputStream.write (0x00007f374fab0f90) [0x00007f374fab1140, 0x00007f374fab1310] 
[7,822s][debug  ][gc,nmethod     ] GC(3) O: Unregister NMethod: java.util.stream.SpinedBuffer.ensureCapacity (0x00007f374fc5fe10) [0x00007f374fc600a0, 0x00007f374fc61128] 
[7,822s][debug  ][gc,nmethod     ] GC(3) O: Unregister NMethod: java.nio.channels.spi.AbstractInterruptibleChannel.begin (0x00007f374ff83c90) [0x00007f374ff83ec0, 0x00007f374ff84660] 
[7,822s][debug  ][gc,nmethod     ] GC(3) O: Unregister NMethod: sun.nio.ch.FileChannelImpl.size (0x00007f374fefb590) [0x00007f374fefb8c0, 0x00007f374fefca40] 
[7,822s][debug  ][gc,nmethod     ] GC(3) O: Unregister NMethod: java.io.ByteArrayOutputStream.<init> (0x00007f374fe2ef90) [0x00007f374fe2f1e0, 0x00007f374fe2f978] 
[7,822s][debug  ][gc,nmethod     ] GC(3) O: Unregister NMethod: net.openhft.chronicle.bytes.internal.BytesInternal.readStopBit (0x00007f374ff98090) [0x00007f374ff982a0, 0x00007f374ff98948] 
[7,822s][debug  ][gc,nmethod     ] GC(3) O: Unregister NMethod: java.util.stream.Nodes$SpinedNodeBuilder.begin (0x00007f374fc5b190) [0x00007f374fc5b340, 0x00007f374fc5b550] 
[7,822s][debug  ][gc,phases      ] GC(3) O: Concurrent Classes Unlink 3,844ms
[7,822s][debug  ][gc,phases,start] GC(3) O: Concurrent Classes Purge
[7,822s][debug  ][gc,nmethod     ] GC(3) O: Purge NMethod: java.util.stream.Nodes$SpinedNodeBuilder.begin (0x00007f374fc5b190) [0x00007f374fc5b340, 0x00007f374fc5b550] 
[7,822s][debug  ][gc,nmethod     ] GC(3) O: Purge NMethod: net.openhft.chronicle.bytes.internal.BytesInternal.readStopBit (0x00007f374ff98090) [0x00007f374ff982a0, 0x00007f374ff98948] 
[7,822s][debug  ][gc,nmethod     ] GC(3) O: Purge NMethod: java.io.ByteArrayOutputStream.<init> (0x00007f374fe2ef90) [0x00007f374fe2f1e0, 0x00007f374fe2f978] 
[7,822s][debug  ][gc,nmethod     ] GC(3) O: Purge NMethod: sun.nio.ch.FileChannelImpl.size (0x00007f374fefb590) [0x00007f374fefb8c0, 0x00007f374fefca40] 
[7,822s][debug  ][gc,nmethod     ] GC(3) O: Purge NMethod: java.nio.channels.spi.AbstractInterruptibleChannel.begin (0x00007f374ff83c90) [0x00007f374ff83ec0, 0x00007f374ff84660] 
[7,822s][debug  ][gc,nmethod     ] GC(3) O: Purge NMethod: java.util.stream.SpinedBuffer.ensureCapacity (0x00007f374fc5fe10) [0x00007f374fc600a0, 0x00007f374fc61128] 
[7,822s][debug  ][gc,nmethod     ] GC(3) O: Purge NMethod: java.io.FilterOutputStream.write (0x00007f374fab0f90) [0x00007f374fab1140, 0x00007f374fab1310] 
[7,822s][debug  ][gc,nmethod     ] GC(3) O: Purge NMethod: net.jpountz.lz4.LZ4Utils.maxCompressedLength (0x00007f374fe98790) [0x00007f374fe989c0, 0x00007f374fe990a0] 
[7,822s][debug  ][gc,nmethod     ] GC(3) O: Purge NMethod: net.openhft.chronicle.bytes.BytesStore.bytesForRead (0x00007f374fe08090) [0x00007f374fe082e0, 0x00007f374fe08ce0] 
[7,822s][debug  ][gc,nmethod     ] GC(3) O: Purge NMethod: com.google.common.hash.HashCode.fromBytesNoCopy (0x00007f374fd83c90) [0x00007f374fd83e60, 0x00007f374fd84288] 
[7,822s][debug  ][gc,nmethod     ] GC(3) O: Purge NMethod: io.sirix.io.filechannel.FileChannelWriter.writePageReference (0x00007f374ff6ff10) [0x00007f374ff707c0, 0x00007f374ff76430] 
[7,822s][debug  ][gc,nmethod     ] GC(3) O: Purge NMethod: io.sirix.access.trx.page.NodePageTrx.commit (0x00007f374fef9310) [0x00007f374fef9580, 0x00007f374fef9fc0] 
[7,822s][debug  ][gc,nmethod     ] GC(3) O: Purge NMethod: java.lang.ref.Finalizer.<init> (0x00007f374fea6a10) [0x00007f374fea6c00, 0x00007f374fea72b8] 
[7,822s][debug  ][gc,nmethod     ] GC(3) O: Purge NMethod: net.jpountz.xxhash.StreamingXXHash32JNI.update (0x00007f374fe33510) [0x00007f374fe336e0, 0x00007f374fe33a70] 
[7,822s][debug  ][gc,nmethod     ] GC(3) O: Purge NMethod: java.util.concurrent.ConcurrentHashMap$EntrySpliterator.forEachRemaining (0x00007f374fe94f10) [0x00007f374fe95120, 0x00007f374fe95820] 
[7,822s][debug  ][gc,nmethod     ] GC(3) O: Purge NMethod: io.sirix.service.json.shredder.JsonShredder.processNull (0x00007f376f2d7e90) [0x00007f376f2d8280, 0x00007f376f2d9df8] 
[7,822s][debug  ][gc,nmethod     ] GC(3) O: Purge NMethod: net.jpountz.lz4.LZ4BlockOutputStream.finish (0x00007f374fc91b10) [0x00007f374fc91d40, 0x00007f374fc923b8] 
[7,822s][debug  ][gc,nmethod     ] GC(3) O: Purge NMethod: java.nio.Buffer.remaining (0x00007f374fa3f490) [0x00007f374fa3f620, 0x00007f374fa3f7a0] 
[7,822s][debug  ][gc,nmethod     ] GC(3) O: Purge NMethod: io.sirix.page.SerializationType.writePageFragments (0x00007f374ff7a410) [0x00007f374ff7a680, 0x00007f374ff7b108] 
[7,822s][debug  ][gc,nmethod     ] GC(3) O: Purge NMethod: io.sirix.page.SerializationType.readHash (0x00007f374ffaa410) [0x00007f374ffaa5e0, 0x00007f374ffaa9f8] 
[7,822s][debug  ][gc,nmethod     ] GC(3) O: Purge NMethod: io.sirix.access.trx.node.AbstractNodeTrxImpl.getCurrentNode (0x00007f374fec9b90) [0x00007f374fec9d40, 0x00007f374fec9f68] 
[7,822s][debug  ][gc,nmethod     ] GC(3) O: Purge NMethod: io.sirix.page.SerializationType.writeHash (0x00007f374ff7b490) [0x00007f374ff7b6c0, 0x00007f374ff7bfb8] 
[7,822s][debug  ][gc,nmethod     ] GC(3) O: Purge NMethod: io.sirix.page.delegates.ReferencesPage4.getOrCreateReference (0x00007f374ff60890) [0x00007f374ff60b80, 0x00007f374ff61d50] 
[7,822s][debug  ][gc,nmethod     ] GC(3) O: Purge NMethod: java.lang.Record.<init> (0x00007f374fb37f90) [0x00007f374fb38120, 0x00007f374fb38280] 
[7,822s][debug  ][gc,nmethod     ] GC(3) O: Purge NMethod: io.sirix.page.KeyValueLeafPage.<init> (0x00007f374ff58790) [0x00007f374ff58a00, 0x00007f374ff59588] 
[7,822s][debug  ][gc,nmethod     ] GC(3) O: Purge NMethod: io.sirix.access.trx.page.NodePageReadOnlyTrx.getCurrentMaxIndirectPageTreeLevel (0x00007f374ff47e10) [0x00007f374ff483c0, 0x00007f374ff4b0e8] 
[7,822s][debug  ][gc,nmethod     ] GC(3) O: Purge NMethod: java.lang.AbstractStringBuilder.charAt (0x00007f374ff80e90) [0x00007f374ff81060, 0x00007f374ff813e0] 
[7,822s][debug  ][gc,nmethod     ] GC(3) O: Purge NMethod: java.lang.invoke.Invokers$Holder.linkToTargetMethod (0x00007f374fbcae10) [0x00007f374fbcafc0, 0x00007f374fbcb270] 
[7,822s][debug  ][gc,nmethod     ] GC(3) O: Purge NMethod: java.util.stream.SpinedBuffer.clear (0x00007f374fa59090) [0x00007f374fa592a0, 0x00007f374fa59ae8] 
[7,822s][debug  ][gc,nmethod     ] GC(3) O: Purge NMethod: org.magicwerk.brownies.collections.GapList.doAdd (0x00007f374ff40d10) [0x00007f374ff41180, 0x00007f374ff430a0] 
[7,822s][debug  ][gc,nmethod     ] GC(3) O: Purge NMethod: io.sirix.access.trx.page.NodePageReadOnlyTrx.getPageReference (0x00007f374ff4bf10) [0x00007f374ff4c540, 0x00007f374ff4fd00] 
[7,822s][debug  ][gc,nmethod     ] GC(3) O: Purge NMethod: net.openhft.chronicle.bytes.AbstractBytes.isDirectMemory (0x00007f374fbe2190) [0x00007f374fbe2340, 0x00007f374fbe2538] 
[7,822s][debug  ][gc,nmethod     ] GC(3) O: Purge NMethod: java.io.ByteArrayOutputStream.toByteArray (0x00007f374fab0b10) [0x00007f374fab0cc0, 0x00007f374fab0f00] 
[7,822s][debug  ][gc,nmethod     ] GC(3) O: Purge NMethod: io.sirix.io.bytepipe.ByteHandlerPipeline.serialize (0x00007f374fe09110) [0x00007f374fe09300, 0x00007f374fe098e0] 
[7,822s][debug  ][gc,nmethod     ] GC(3) O: Purge NMethod: io.sirix.page.SerializationType.readPageFragments (0x00007f374ffaab90) [0x00007f374ffaadc0, 0x00007f374ffab678] 
[7,822s][debug  ][gc,nmethod     ] GC(3) O: Purge NMethod: java.util.stream.Sink.end (0x00007f374fce8c10) [0x00007f374fce8da0, 0x00007f374fce8ea0] 
[7,822s][debug  ][gc,nmethod     ] GC(3) O: Purge NMethod: net.jpountz.xxhash.StreamingXXHash32$1.getValue (0x00007f374ff0ae90) [0x00007f374ff0b080, 0x00007f374ff0b4d8] 
[7,822s][debug  ][gc,nmethod     ] GC(3) O: Purge NMethod: java.lang.invoke.LambdaForm$MH/0x0000000080000800.invoke (0x00007f374fbca910) [0x00007f374fbcaac0, 0x00007f374fbcad10] 
[7,822s][debug  ][gc,nmethod     ] GC(3) O: Purge NMethod: java.nio.channels.spi.AbstractInterruptibleChannel.end (0x00007f374fefd690) [0x00007f374fefd8a0, 0x00007f374fefde60] 
[7,822s][debug  ][gc,nmethod     ] GC(3) O: Purge NMethod: sun.nio.ch.NativeThreadSet.remove (0x00007f374fe1c190) [0x00007f374fe1c340, 0x00007f374fe1c668] 
[7,823s][debug  ][gc,nmethod     ] GC(3) O: Purge NMethod: java.lang.StringBuilder.charAt (0x00007f374ff80b10) [0x00007f374ff80cc0, 0x00007f374ff80df8] 
[7,823s][debug  ][gc,nmethod     ] GC(3) O: Purge NMethod: io.sirix.page.KeyValueLeafPage.<init> (0x00007f374ff46310) [0x00007f374ff465a0, 0x00007f374ff47350] 
[7,823s][debug  ][gc,nmethod     ] GC(3) O: Purge NMethod: net.jpountz.lz4.LZ4BlockOutputStream.close (0x00007f374ff24190) [0x00007f374ff24360, 0x00007f374ff24690] 
[7,823s][debug  ][gc,nmethod     ] GC(3) O: Purge NMethod: io.sirix.service.json.shredder.JsonShredder.processNull (0x00007f374ff5d210) [0x00007f374ff5d400, 0x00007f374ff5d7a8] 
[7,823s][debug  ][gc,nmethod     ] GC(3) O: Purge NMethod: java.io.FilterOutputStream.close (0x00007f374fe35d10) [0x00007f374fe35f40, 0x00007f374fe367b8] 
[7,823s][debug  ][gc,nmethod     ] GC(3) O: Purge NMethod: io.sirix.access.trx.page.NodePageTrx$$Lambda/0x000000008036b068.apply (0x00007f374ffb9390) [0x00007f374ffb9540, 0x00007f374ffb97e8] 
[7,823s][debug  ][gc,nmethod     ] GC(3) O: Purge NMethod: java.io.DataOutputStream.<init> (0x00007f374faaf790) [0x00007f374faaf960, 0x00007f374faafea0] 
[7,823s][debug  ][gc,nmethod     ] GC(3) O: Purge NMethod: java.util.stream.SortedOps$RefSortingSink.end (0x00007f374fe99390) [0x00007f374fe996c0, 0x00007f374fe9a948] 
[7,823s][debug  ][gc,nmethod     ] GC(3) O: Purge NMethod: java.util.ArrayList.sort (0x00007f374fe7b810) [0x00007f374fe7b9e0, 0x00007f374fe7bc30] 
[7,823s][debug  ][gc,nmethod     ] GC(3) O: Purge NMethod: io.sirix.access.trx.page.NodePageReadOnlyTrx.getRevisionNumber (0x00007f374ff44e10) [0x00007f374ff44fe0, 0x00007f374ff452b8] 
[7,823s][debug  ][gc,nmethod     ] GC(3) O: Purge NMethod: io.sirix.page.UberPage.getPageCountExp (0x00007f374ff47710) [0x00007f374ff478e0, 0x00007f374ff47cb8] 
[7,823s][debug  ][gc,nmethod     ] GC(3) O: Purge NMethod: java.util.concurrent.ConcurrentHashMap$BaseIterator.<init> (0x00007f374fe20310) [0x00007f374fe204c0, 0x00007f374fe206b8] 
[7,823s][debug  ][gc,nmethod     ] GC(3) O: Purge NMethod: java.util.concurrent.ConcurrentHashMap.values (0x00007f374fe1fc10) [0x00007f374fe1fde0, 0x00007f374fe201c8] 
[7,823s][debug  ][gc,nmethod     ] GC(3) O: Purge NMethod: io.sirix.access.trx.node.json.JsonNodeTrxImpl.getBytes (0x00007f374fec9290) [0x00007f374fec9440, 0x00007f374fec9698] 
[7,823s][debug  ][gc,nmethod     ] GC(3) O: Purge NMethod: io.sirix.cache.TransactionIntentLog.put (0x00007f374ff43910) [0x00007f374ff43ae0, 0x00007f374ff43e68] 
[7,823s][debug  ][gc,nmethod     ] GC(3) O: Purge NMethod: java.util.stream.SpinedBuffer.capacity (0x00007f374fc91190) [0x00007f374fc91340, 0x00007f374fc915f0] 
[7,823s][debug  ][gc,nmethod     ] GC(3) O: Purge NMethod: sun.nio.ch.NativeThreadSet.add (0x00007f374fefe090) [0x00007f374fefe280, 0x00007f374fefe960] 
[7,823s][debug  ][gc,nmethod     ] GC(3) O: Purge NMethod: io.sirix.io.filechannel.FileChannelWriter.write (0x00007f374fef3810) [0x00007f374fef39e0, 0x00007f374fef3c80] 
[7,823s][debug  ][gc,nmethod     ] GC(3) O: Purge NMethod: com.google.common.hash.MessageDigestHashFunction$MessageDigestHasher.<init> (0x00007f374ffbfa90) [0x00007f374ffbfc80, 0x00007f374ffc0090] 
[7,823s][debug  ][gc,nmethod     ] GC(3) O: Purge NMethod: it.unimi.dsi.fastutil.shorts.AbstractShortList.ensureIndex (0x00007f374ff5f210) [0x00007f374ff5f540, 0x00007f374ff602f8] 
[7,823s][debug  ][gc,nmethod     ] GC(3) O: Purge NMethod: io.sirix.access.trx.page.NodePageReadOnlyTrx.loadPage (0x00007f374fe39910) [0x00007f374fe39bc0, 0x00007f374fe3a9d0] 
[7,823s][debug  ][gc,nmethod     ] GC(3) O: Purge NMethod: net.openhft.chronicle.bytes.AbstractBytes.writePosition (0x00007f374ff78f10) [0x00007f374ff79120, 0x00007f374ff79968] 
[7,823s][debug  ][gc,nmethod     ] GC(3) O: Purge NMethod: java.io.DataOutputStream.write (0x00007f374fab1410) [0x00007f374fab15c0, 0x00007f374fab1930] 
[7,823s][debug  ][gc,nmethod     ] GC(3) O: Purge NMethod: java.lang.ref.Finalizer.register (0x00007f374fea7490) [0x00007f374fea7640, 0x00007f374fea77f0] 
[7,823s][debug  ][gc,nmethod     ] GC(3) O: Purge NMethod: net.openhft.chronicle.bytes.Bytes.wrapForRead (0x00007f374fc53310) [0x00007f374fc53540, 0x00007f374fc53d10] 
[7,823s][debug  ][gc,nmethod     ] GC(3) O: Purge NMethod: it.unimi.dsi.fastutil.shorts.ShortArrayList$1.<init> (0x00007f374ff5ed90) [0x00007f374ff5ef40, 0x00007f374ff5f128] 
[7,823s][debug  ][gc,nmethod     ] GC(3) O: Purge NMethod: java.util.stream.SortedOps$RefSortingSink.begin (0x00007f374fc5b610) [0x00007f374fc5b800, 0x00007f374fc5bde0] 
[7,823s][debug  ][gc,nmethod     ] GC(3) O: Purge NMethod: io.sirix.access.trx.page.NodePageTrx$$Lambda/0x000000008033bd20.test (0x00007f374ff09b90) [0x00007f374ff09d40, 0x00007f374ff0a078] 
[7,823s][debug  ][gc,nmethod     ] GC(3) O: Purge NMethod: java.util.concurrent.ConcurrentHashMap$ValueIterator.<init> (0x00007f374fe1f890) [0x00007f374fe1fa40, 0x00007f374fe1fb78] 
[7,823s][debug  ][gc,nmethod     ] GC(3) O: Purge NMethod: java.util.ArrayList.toArray (0x00007f374fa31010) [0x00007f374fa311c0, 0x00007f374fa313e8] 
[7,823s][debug  ][gc,nmethod     ] GC(3) O: Purge NMethod: io.sirix.page.PagePersister.serializePage (0x00007f374fefaa90) [0x00007f374fefaca0, 0x00007f374fefb328] 
[7,823s][debug  ][gc,nmethod     ] GC(3) O: Purge NMethod: java.util.concurrent.ConcurrentHashMap$ValuesView.iterator (0x00007f374fe1f310) [0x00007f374fe1f4c0, 0x00007f374fe1f748] 
[7,823s][debug  ][gc,nmethod     ] GC(3) O: Purge NMethod: java.util.HashMap.get (0x00007f374fdad110) [0x00007f374fdad2c0, 0x00007f374fdad4a8] 
[7,823s][debug  ][gc,nmethod     ] GC(3) O: Purge NMethod: net.jpountz.lz4.LZ4BlockOutputStream.<init> (0x00007f374fc94a90) [0x00007f374fc95000, 0x00007f374fc97c90] 
[7,823s][debug  ][gc,nmethod     ] GC(3) O: Purge NMethod: net.openhft.chronicle.bytes.internal.HeapBytesStore.<init> (0x00007f374ff15610) [0x00007f374ff157e0, 0x00007f374ff15bc8] 
[7,823s][debug  ][gc,nmethod     ] GC(3) O: Purge NMethod: com.google.common.hash.HashCode$BytesHashCode.asBytes (0x00007f374faaf210) [0x00007f374faaf3c0, 0x00007f374faaf690] 
[7,823s][debug  ][gc,nmethod     ] GC(3) O: Purge NMethod: io.sirix.access.trx.node.json.JsonNodeTrxImpl.insertStringValueAsRightSibling (0x00007f376f2e1c90) [0x00007f376f2e1f40, 0x00007f376f2e2d50] 
[7,823s][debug  ][gc,nmethod     ] GC(3) O: Purge NMethod: net.openhft.chronicle.bytes.AbstractBytes.readByte (0x00007f374ff8aa90) [0x00007f374ff8ac40, 0x00007f374ff8af18] 
[7,823s][debug  ][gc,nmethod     ] GC(3) O: Purge NMethod: io.sirix.io.filechannel.FileChannelWriter.getOffset (0x00007f374fef8c10) [0x00007f374fef8de0, 0x00007f374fef9180] 
[7,823s][debug  ][gc,nmethod     ] GC(3) O: Purge NMethod: io.sirix.page.KeyValueLeafPage.commit (0x00007f374fef4990) [0x00007f374fef4bc0, 0x00007f374fef5370] 
[7,823s][debug  ][gc,nmethod     ] GC(3) O: Purge NMethod: java.util.stream.SortedOps$OfRef.opWrapSink (0x00007f374fdfca90) [0x00007f374fdfcd40, 0x00007f374fdfdd08] 
[7,823s][debug  ][gc,nmethod     ] GC(3) O: Purge NMethod: io.sirix.io.bytepipe.LZ4Compressor.serialize (0x00007f374fa58510) [0x00007f374fa586e0, 0x00007f374fa589e0] 
[7,823s][debug  ][gc,nmethod     ] GC(3) O: Purge NMethod: io.sirix.access.trx.page.NodePageTrx.lambda$prepareRecordPage$3 (0x00007f374ff54510) [0x00007f374ff54860, 0x00007f374ff55b48] 
[7,823s][debug  ][gc,nmethod     ] GC(3) O: Purge NMethod: java.nio.ByteBuffer.wrap (0x00007f374fe5dd10) [0x00007f374fe5dee0, 0x00007f374fe5e170] 
[7,823s][debug  ][gc,nmethod     ] GC(3) O: Purge NMethod: java.util.LinkedHashMap.afterNodeInsertion (0x00007f374fcb3410) [0x00007f374fcb3600, 0x00007f374fcb3ac0] 
[7,823s][debug  ][gc,nmethod     ] GC(3) O: Purge NMethod: net.openhft.chronicle.bytes.NativeBytes.resize (0x00007f374fb47f10) [0x00007f374fb48540, 0x00007f374fb4b4a8] 
[7,823s][debug  ][gc,nmethod     ] GC(3) O: Purge NMethod: net.jpountz.lz4.LZ4BlockOutputStream.<init> (0x00007f374fc93310) [0x00007f374fc93540, 0x00007f374fc93db0] 
[7,823s][debug  ][gc,nmethod     ] GC(3) O: Purge NMethod: net.openhft.chronicle.bytes.NativeBytes.checkResize (0x00007f374fafd210) [0x00007f374fafd3c0, 0x00007f374fafd5e8] 
[7,823s][debug  ][gc,nmethod     ] GC(3) O: Purge NMethod: java.util.ArrayList.forEach (0x00007f374fe2ad90) [0x00007f374fe2afa0, 0x00007f374fe2b588] 
[7,823s][debug  ][gc,nmethod     ] GC(3) O: Purge NMethod: io.sirix.access.trx.node.json.JsonNodeTrxImpl.insertStringValueAsRightSibling (0x00007f374fdf3c10) [0x00007f374fdf3fa0, 0x00007f374fdf5978] 
[7,823s][debug  ][gc,nmethod     ] GC(3) O: Purge NMethod: java.util.Spliterator.getExactSizeIfKnown (0x00007f374fce5f10) [0x00007f374fce60c0, 0x00007f374fce6390] 
[7,823s][debug  ][gc,nmethod     ] GC(3) O: Purge NMethod: java.util.stream.Nodes$SpinedNodeBuilder.end (0x00007f374fe96410) [0x00007f374fe965a0, 0x00007f374fe966b8] 
[7,823s][debug  ][gc,nmethod     ] GC(3) O: Purge NMethod: io.sirix.access.trx.page.NodePageTrx$$Lambda/0x000000008033bae8.apply (0x00007f374ff0a190) [0x00007f374ff0a340, 0x00007f374ff0a570] 
[7,823s][debug  ][gc,nmethod     ] GC(3) O: Purge NMethod: java.util.stream.StreamOpFlag.isKnown (0x00007f374fce3110) [0x00007f374fce32a0, 0x00007f374fce3408] 
[7,823s][debug  ][gc,nmethod     ] GC(3) O: Purge NMethod: java.lang.ThreadLocal.getMap (0x00007f374fc28890) [0x00007f374fc28a20, 0x00007f374fc28b58] 
[7,823s][debug  ][gc,phases      ] GC(3) O: Concurrent Classes Purge 0,553ms
[7,823s][debug  ][gc,phases,start] GC(3) O: Concurrent References Enqueue
[7,823s][debug  ][gc,phases      ] GC(3) O: Concurrent References Enqueue 0,007ms
[7,823s][info   ][gc,phases      ] GC(3) O: Concurrent Process Non-Strong 5,624ms
[7,823s][debug  ][gc,phases,start] GC(3) O: Concurrent Reset Relocation Set
[7,823s][info   ][gc,phases      ] GC(3) O: Concurrent Reset Relocation Set 0,004ms
[7,823s][debug  ][gc,phases,start] GC(3) O: Concurrent Select Relocation Set
[7,823s][debug  ][gc,nmethod     ] Register NMethod: java.lang.Object.notifyAll (0x00007f376f2e3590) [0x00007f376f2e3720, 0x00007f376f2e38d0] Compiler: , Barriers: 0, Oops: 0, ImmediateOops: 0, NonImmediateOops: No
[7,823s][debug  ][gc,nmethod     ] Register NMethod: java.util.concurrent.locks.ReentrantLock$Sync.isHeldExclusively (0x00007f374fdad110) [0x00007f374fdad2c0, 0x00007f374fdad4b0] Compiler: c1, Barriers: 2, Oops: 0, ImmediateOops: 0, NonImmediateOops: No
[7,823s][debug  ][gc,reloc       ] GC(3) O: Relocation Set (Medium Pages): 0->0, 1 skipped, 0 forwarding entries
[7,823s][debug  ][gc,reloc       ] GC(3) O: Relocation Set (Small Pages): 6->1, 2 skipped, 90368 forwarding entries
[7,823s][debug  ][gc,task        ] GC(3) O: Executing ZRelocationSetInstallTask using ZWorkerOld with 1 workers
[7,823s][debug  ][gc,nmethod     ] Register NMethod: java.lang.ref.Reference.enqueueFromPending (0x00007f374fad3610) [0x00007f374fad37c0, 0x00007f374fad3a00] Compiler: c1, Barriers: 1, Oops: 0, ImmediateOops: 1, NonImmediateOops: No
[7,824s][debug  ][gc,nmethod     ] Register NMethod: java.lang.invoke.MethodHandleNatives.clearCallSiteContext (0x00007f376f2e3210) [0x00007f376f2e33a0, 0x00007f376f2e3568] Compiler: , Barriers: 0, Oops: 0, ImmediateOops: 1, NonImmediateOops: No
[7,824s][debug  ][gc,nmethod     ] Register NMethod: java.lang.ref.NativeReferenceQueue.enqueue (0x00007f374fbfe110) [0x00007f374fbfe2c0, 0x00007f374fbfe528] Compiler: c1, Barriers: 1, Oops: 0, ImmediateOops: 0, NonImmediateOops: No
[7,824s][debug  ][gc,nmethod     ] Register NMethod: java.lang.ref.ReferenceQueue.enqueue0 (0x00007f374fe09e90) [0x00007f374fe0a080, 0x00007f374fe0a760] Compiler: c1, Barriers: 12, Oops: 0, ImmediateOops: 5, NonImmediateOops: No
[7,824s][debug  ][gc,nmethod     ] Register NMethod: java.lang.ref.NativeReferenceQueue.signal (0x00007f374fe2d910) [0x00007f374fe2dac0, 0x00007f374fe2dc38] Compiler: c1, Barriers: 1, Oops: 0, ImmediateOops: 0, NonImmediateOops: No
[7,824s][info   ][gc,phases      ] GC(3) O: Concurrent Select Relocation Set 0,903ms
[7,824s][debug  ][gc,phases,start] GC(3) O: Concurrent Remap Roots
[7,824s][info   ][gc,task        ] GC(3) O: Using 5 Workers for Old Generation
[7,824s][debug  ][gc,task        ] GC(3) O: Executing ZRemapYoungRootsTask using ZWorkerOld with 5 workers
[7,824s][debug  ][gc,nmethod     ] Register NMethod: java.util.concurrent.locks.AbstractQueuedSynchronizer$ConditionObject.signalAll (0x00007f374fa58510) [0x00007f374fa586e0, 0x00007f374fa58a88] Compiler: c1, Barriers: 2, Oops: 0, ImmediateOops: 0, NonImmediateOops: No
[7,824s][debug  ][gc,nmethod     ] Register NMethod: java.lang.ref.ReferenceQueue.signal (0x00007f374fcb3410) [0x00007f374fcb3600, 0x00007f374fcb3a70] Compiler: c1, Barriers: 3, Oops: 0, ImmediateOops: 0, NonImmediateOops: No
[7,824s][debug  ][gc,nmethod     ] Register NMethod: java.lang.ref.ReferenceQueue.enqueue (0x00007f374fe34610) [0x00007f374fe34880, 0x00007f374fe35348] Compiler: c1, Barriers: 8, Oops: 0, ImmediateOops: 0, NonImmediateOops: No
[7,824s][debug  ][gc,nmethod     ] Register NMethod: java.lang.ref.ReferenceQueue.poll0 (0x00007f374fe61310) [0x00007f374fe61500, 0x00007f374fe61aa0] Compiler: c1, Barriers: 11, Oops: 0, ImmediateOops: 3, NonImmediateOops: No
[7,824s][debug  ][gc,nmethod     ] Register NMethod: jdk.internal.ref.PhantomCleanable.isListEmpty (0x00007f374fae8410) [0x00007f374fae85c0, 0x00007f374fae88a8] Compiler: c1, Barriers: 3, Oops: 0, ImmediateOops: 0, NonImmediateOops: No
[7,824s][debug  ][gc,nmethod     ] Register NMethod: jdk.internal.misc.InnocuousThread.eraseThreadLocals (0x00007f374fafd210) [0x00007f374fafd3c0, 0x00007f374fafd5d8] Compiler: c1, Barriers: 6, Oops: 0, ImmediateOops: 0, NonImmediateOops: No
[7,824s][debug  ][gc,nmethod     ] Register NMethod: java.lang.ref.ReferenceQueue.remove0 (0x00007f374feb9010) [0x00007f374feb9200, 0x00007f374feb9670] Compiler: c1, Barriers: 0, Oops: 0, ImmediateOops: 0, NonImmediateOops: No
[7,824s][debug  ][gc,nmethod     ] Register NMethod: java.lang.invoke.MethodHandleNatives$CallSiteContext.run (0x00007f374fa3f490) [0x00007f374fa3f640, 0x00007f374fa3f778] Compiler: c1, Barriers: 0, Oops: 0, ImmediateOops: 0, NonImmediateOops: No
[7,825s][debug  ][gc,nmethod     ] Register NMethod: java.lang.ref.ReferenceQueue.remove (0x00007f374fe39910) [0x00007f374fe39bc0, 0x00007f374fe3a930] Compiler: c1, Barriers: 8, Oops: 0, ImmediateOops: 1, NonImmediateOops: No
[7,828s][info   ][gc,task        ] GC(3) O: Using 1 Workers for Old Generation
[7,828s][info   ][gc,phases      ] GC(3) O: Concurrent Remap Roots 4,022ms
[7,828s][debug  ][gc,reloc       ] Synchronize all workers 1 _nworkers: 0 _nsynchronized: 0
[7,828s][debug  ][gc,reloc       ] Synchronize all workers 1 _nworkers: 0 _nsynchronized: 0
[7,828s][debug  ][gc,phases,start] GC(3) O: Pause Relocate Start
[7,828s][debug  ][gc,reloc       ] GC(3) O: Joining workers: 1
[7,828s][info   ][gc,phases      ] GC(3) O: Pause Relocate Start 0,024ms
[7,828s][debug  ][gc,reloc       ] Desynchronize all workers _nworkers: 1 _nsynchronized: 0
[7,828s][debug  ][gc,reloc       ] Desynchronize all workers _nworkers: 0 _nsynchronized: 0
[7,828s][debug  ][gc,phases,start] GC(3) O: Concurrent Relocate
[7,828s][debug  ][gc,task        ] GC(3) O: Executing ZRelocateStoreBufferInstallBasePointersTask using ZWorkerOld with 1 workers
[7,828s][debug  ][gc,task        ] GC(3) O: Executing ZRelocateTask using ZWorkerOld with 1 workers
[7,830s][debug  ][gc,reloc       ] GC(3) O: Leaving workers: left: 0 _synchronize: 0 _nsynchronized: 0
[7,830s][info   ][gc,phases      ] GC(3) O: Concurrent Relocate 1,599ms
[7,830s][debug  ][gc,heap        ] GC(3) O: Heap after GC invocations=4 (full 4):
[7,830s][debug  ][gc,heap        ] GC(3) O:  ZHeap           used 722M, capacity 5120M, max capacity 15360M
[7,830s][debug  ][gc,heap        ] GC(3) O:  Metaspace       used 29351K, committed 29696K, reserved 1114112K
[7,830s][debug  ][gc,heap        ] GC(3) O:   class space    used 3283K, committed 3456K, reserved 1048576K
[7,830s][info   ][gc,alloc       ] GC(3) O:                         Mark Start        Mark End      Relocate Start    Relocate End   
[7,830s][info   ][gc,alloc       ] GC(3) O: Allocation Stalls:          0                0                0                0         
[7,830s][info   ][gc,load        ] GC(3) O: Load: 1,87 (9%) / 1,91 (10%) / 4,94 (25%)
[7,830s][info   ][gc,mmu         ] GC(3) O: MMU: 2ms/94,6%, 5ms/97,8%, 10ms/98,9%, 20ms/99,4%, 50ms/99,7%, 100ms/99,8%
[7,830s][info   ][gc,marking     ] GC(3) O: Mark: 1 stripe(s), 2 proactive flush(es), 1 terminate flush(es), 0 completion(s), 0 continuation(s) 
[7,830s][info   ][gc,marking     ] GC(3) O: Mark Stack Usage: 32M
[7,830s][info   ][gc,nmethod     ] GC(3) O: NMethods: 3261 registered, 400 unregistered
[7,830s][info   ][gc,metaspace   ] GC(3) O: Metaspace: 28M used, 29M committed, 1088M reserved
[7,830s][info   ][gc,ref         ] GC(3) O:                       Encountered   Discovered     Enqueued 
[7,830s][info   ][gc,ref         ] GC(3) O: Soft References:             3809            0            0 
[7,830s][info   ][gc,ref         ] GC(3) O: Weak References:             2653         2299          734 
[7,830s][info   ][gc,ref         ] GC(3) O: Final References:           10556           45           45 
[7,830s][info   ][gc,ref         ] GC(3) O: Phantom References:         11506          853          572 
[7,830s][info   ][gc,reloc       ] GC(3) O:                        Candidates     Selected     In-Place         Size        Empty    Relocated 
[7,830s][info   ][gc,reloc       ] GC(3) O: Small Pages:                   11            5            0          22M           0M           1M 
[7,830s][info   ][gc,reloc       ] GC(3) O: Medium Pages:                   1            0            0          32M           0M           0M 
[7,830s][info   ][gc,reloc       ] GC(3) O: Large Pages:                    0            0            0           0M           0M           0M 
[7,830s][info   ][gc,reloc       ] GC(3) O: Forwarding Usage: 0M
[7,830s][info   ][gc,heap        ] GC(3) O: Min Capacity: 5120M(33%)
[7,830s][info   ][gc,heap        ] GC(3) O: Max Capacity: 15360M(100%)
[7,830s][info   ][gc,heap        ] GC(3) O: Soft Max Capacity: 15360M(100%)
[7,830s][info   ][gc,heap        ] GC(3) O: Heap Statistics:
[7,830s][info   ][gc,heap        ] GC(3) O:                Mark Start          Mark End        Relocate Start      Relocate End           High               Low         
[7,830s][info   ][gc,heap        ] GC(3) O:  Capacity:     5120M (33%)        5120M (33%)        5120M (33%)        5120M (33%)        5120M (33%)        5120M (33%)    
[7,830s][info   ][gc,heap        ] GC(3) O:      Free:    10746M (70%)       14652M (95%)       14632M (95%)       14638M (95%)       14666M (95%)       10678M (70%)    
[7,830s][info   ][gc,heap        ] GC(3) O:      Used:     4614M (30%)         708M (5%)          728M (5%)          722M (5%)         4682M (30%)         694M (5%)     
[7,830s][info   ][gc,heap        ] GC(3) O: Old Generation Statistics:
[7,830s][info   ][gc,heap        ] GC(3) O:                Mark Start          Mark End        Relocate Start      Relocate End    
[7,830s][info   ][gc,heap        ] GC(3) O:      Used:       54M (0%)           54M (0%)           54M (0%)           46M (0%)     
[7,830s][info   ][gc,heap        ] GC(3) O:      Live:         -                13M (0%)           13M (0%)           13M (0%)     
[7,830s][info   ][gc,heap        ] GC(3) O:   Garbage:         -                40M (0%)           40M (0%)           30M (0%)     
[7,830s][info   ][gc,heap        ] GC(3) O: Allocated:         -                 0M (0%)            0M (0%)            2M (0%)     
[7,830s][info   ][gc,heap        ] GC(3) O: Reclaimed:         -                  -                 0M (0%)           10M (0%)     
[7,830s][info   ][gc,heap        ] GC(3) O: Compacted:         -                  -                  -                 1M (0%)     
[7,830s][info   ][gc,phases      ] GC(3) O: Old Generation 696M(5%)->722M(5%) 0,024s
[7,830s][info   ][gc             ] GC(3) Major Collection (Warmup) 4614M(30%)->722M(5%) 0,087s
[7,835s][debug  ][gc,director    ] Rule Major: Proactive, UsedUntilEnabled: 1530MB, TimeUntilEnabled: 299,995s
[7,845s][debug  ][gc,director    ] Rule Major: Proactive, UsedUntilEnabled: 1518MB, TimeUntilEnabled: 299,985s
[7,854s][debug  ][gc,alloc       ] Mutator Allocation Rate: 1269,6MB/s Predicted: 1387,9MB/s, Avg: 916,5(+/-275,1)MB/s
[7,854s][debug  ][gc,director    ] Rule Major: Proactive, UsedUntilEnabled: 1504MB, TimeUntilEnabled: 299,976s
[7,864s][debug  ][gc,director    ] Rule Major: Proactive, UsedUntilEnabled: 1492MB, TimeUntilEnabled: 299,965s
[7,874s][debug  ][gc,director    ] Rule Major: Proactive, UsedUntilEnabled: 1478MB, TimeUntilEnabled: 299,955s
[7,884s][debug  ][gc,director    ] Rule Major: Proactive, UsedUntilEnabled: 1466MB, TimeUntilEnabled: 299,945s
[7,895s][debug  ][gc,director    ] Rule Major: Proactive, UsedUntilEnabled: 1452MB, TimeUntilEnabled: 299,935s
[7,902s][debug  ][gc,nmethod     ] Register NMethod: sun.nio.fs.UnixPath.resolve (0x00007f374ff95f10) [0x00007f374ff96100, 0x00007f374ff96710] Compiler: c1, Barriers: 0, Oops: 0, ImmediateOops: 0, NonImmediateOops: No
[7,905s][debug  ][gc,director    ] Rule Major: Proactive, UsedUntilEnabled: 1410MB, TimeUntilEnabled: 299,925s
[7,905s][debug  ][gc,director    ] Select Minor GC Workers (Try Lowering), AvoidOOMGCWorkers: 0,061, NextAvoidOOMGCWorkers: 0,064, LastGCWorkers: 5,000, GCWorkers: 1,000
[7,905s][debug  ][gc,director    ] Rule Minor: Allocation Rate (Dynamic GC Workers), MaxAllocRate: 916,5MB/s (+/-30,0%), Free: 14470MB, GCCPUTime: 0,747, GCDuration: 0,747s, TimeUntilOOM: 12,144s, TimeUntilGC: 11,397s, GCWorkers: 1
[7,905s][debug  ][gc,director    ] Select Minor GC Workers (Try Lowering), AvoidOOMGCWorkers: 0,245, NextAvoidOOMGCWorkers: 0,293, LastGCWorkers: 5,000, GCWorkers: 1,000
[7,905s][debug  ][gc,director    ] Rule Minor: Allocation Rate (Dynamic GC Workers), MaxAllocRate: 3680,9MB/s (+/-30,0%), Free: 14470MB, GCCPUTime: 0,747, GCDuration: 0,747s, TimeUntilOOM: 3,024s, TimeUntilGC: 2,277s, GCWorkers: 1
[7,905s][debug  ][gc,director    ] Rule Minor: High Usage, Free: 14470MB(94,2%)
[7,909s][debug  ][gc,alloc       ] Mutator Allocation Rate: 1277,0MB/s Predicted: 1394,7MB/s, Avg: 921,4(+/-276,4)MB/s
[7,909s][debug  ][gc,director    ] Rule Major: Proactive, UsedUntilEnabled: 1382MB, TimeUntilEnabled: 299,921s
[7,909s][debug  ][gc,director    ] Select Minor GC Workers (Try Lowering), AvoidOOMGCWorkers: 0,061, NextAvoidOOMGCWorkers: 0,064, LastGCWorkers: 5,000, GCWorkers: 1,000
[7,909s][debug  ][gc,director    ] Rule Minor: Allocation Rate (Dynamic GC Workers), MaxAllocRate: 921,4MB/s (+/-30,0%), Free: 14442MB, GCCPUTime: 0,747, GCDuration: 0,747s, TimeUntilOOM: 12,057s, TimeUntilGC: 11,310s, GCWorkers: 1
[7,909s][debug  ][gc,director    ] Select Minor GC Workers (Try Lowering), AvoidOOMGCWorkers: 0,247, NextAvoidOOMGCWorkers: 0,295, LastGCWorkers: 5,000, GCWorkers: 1,000
[7,909s][debug  ][gc,director    ] Rule Minor: Allocation Rate (Dynamic GC Workers), MaxAllocRate: 3698,8MB/s (+/-30,0%), Free: 14442MB, GCCPUTime: 0,747, GCDuration: 0,747s, TimeUntilOOM: 3,004s, TimeUntilGC: 2,257s, GCWorkers: 1
[7,909s][debug  ][gc,director    ] Rule Minor: High Usage, Free: 14442MB(94,0%)
[7,919s][debug  ][gc,director    ] Rule Major: Proactive, UsedUntilEnabled: 1288MB, TimeUntilEnabled: 299,911s
[7,919s][debug  ][gc,director    ] Select Minor GC Workers (Try Lowering), AvoidOOMGCWorkers: 0,062, NextAvoidOOMGCWorkers: 0,064, LastGCWorkers: 5,000, GCWorkers: 1,000
[7,919s][debug  ][gc,director    ] Rule Minor: Allocation Rate (Dynamic GC Workers), MaxAllocRate: 921,4MB/s (+/-30,0%), Free: 14348MB, GCCPUTime: 0,747, GCDuration: 0,747s, TimeUntilOOM: 11,979s, TimeUntilGC: 11,232s, GCWorkers: 1
[7,919s][debug  ][gc,director    ] Select Minor GC Workers (Try Lowering), AvoidOOMGCWorkers: 0,248, NextAvoidOOMGCWorkers: 0,296, LastGCWorkers: 5,000, GCWorkers: 1,000
[7,919s][debug  ][gc,director    ] Rule Minor: Allocation Rate (Dynamic GC Workers), MaxAllocRate: 3698,8MB/s (+/-30,0%), Free: 14348MB, GCCPUTime: 0,747, GCDuration: 0,747s, TimeUntilOOM: 2,984s, TimeUntilGC: 2,237s, GCWorkers: 1
[7,919s][debug  ][gc,director    ] Rule Minor: High Usage, Free: 14348MB(93,4%)
[7,921s][debug  ][gc,alloc       ] Mutator Allocation Rate: 1292,0MB/s Predicted: 1402,0MB/s, Avg: 926,4(+/-277,8)MB/s
[7,921s][debug  ][gc,director    ] Rule Major: Proactive, UsedUntilEnabled: 1262MB, TimeUntilEnabled: 299,908s
[7,922s][debug  ][gc,director    ] Select Minor GC Workers (Try Lowering), AvoidOOMGCWorkers: 0,062, NextAvoidOOMGCWorkers: 0,065, LastGCWorkers: 5,000, GCWorkers: 1,000
[7,922s][debug  ][gc,director    ] Rule Minor: Allocation Rate (Dynamic GC Workers), MaxAllocRate: 926,4MB/s (+/-30,0%), Free: 14322MB, GCCPUTime: 0,747, GCDuration: 0,747s, TimeUntilOOM: 11,893s, TimeUntilGC: 11,146s, GCWorkers: 1
[7,922s][debug  ][gc,director    ] Select Minor GC Workers (Try Lowering), AvoidOOMGCWorkers: 0,250, NextAvoidOOMGCWorkers: 0,298, LastGCWorkers: 5,000, GCWorkers: 1,000
[7,922s][debug  ][gc,director    ] Rule Minor: Allocation Rate (Dynamic GC Workers), MaxAllocRate: 3718,1MB/s (+/-30,0%), Free: 14322MB, GCCPUTime: 0,747, GCDuration: 0,747s, TimeUntilOOM: 2,963s, TimeUntilGC: 2,216s, GCWorkers: 1
[7,922s][debug  ][gc,director    ] Rule Minor: High Usage, Free: 14322MB(93,2%)
[7,932s][debug  ][gc,director    ] Rule Major: Proactive, UsedUntilEnabled: 1168MB, TimeUntilEnabled: 299,898s
[7,932s][debug  ][gc,director    ] Select Minor GC Workers (Try Lowering), AvoidOOMGCWorkers: 0,063, NextAvoidOOMGCWorkers: 0,065, LastGCWorkers: 5,000, GCWorkers: 1,000
[7,932s][debug  ][gc,director    ] Rule Minor: Allocation Rate (Dynamic GC Workers), MaxAllocRate: 926,4MB/s (+/-30,0%), Free: 14228MB, GCCPUTime: 0,747, GCDuration: 0,747s, TimeUntilOOM: 11,815s, TimeUntilGC: 11,068s, GCWorkers: 1
[7,932s][debug  ][gc,director    ] Select Minor GC Workers (Try Lowering), AvoidOOMGCWorkers: 0,252, NextAvoidOOMGCWorkers: 0,299, LastGCWorkers: 5,000, GCWorkers: 1,000
[7,932s][debug  ][gc,director    ] Rule Minor: Allocation Rate (Dynamic GC Workers), MaxAllocRate: 3718,1MB/s (+/-30,0%), Free: 14228MB, GCCPUTime: 0,747, GCDuration: 0,747s, TimeUntilOOM: 2,944s, TimeUntilGC: 2,197s, GCWorkers: 1
[7,932s][debug  ][gc,director    ] Rule Minor: High Usage, Free: 14228MB(92,6%)
[7,934s][debug  ][gc,alloc       ] Mutator Allocation Rate: 1307,1MB/s Predicted: 1409,6MB/s, Avg: 931,5(+/-279,4)MB/s
[7,934s][debug  ][gc,director    ] Rule Major: Proactive, UsedUntilEnabled: 1140MB, TimeUntilEnabled: 299,896s
[7,934s][debug  ][gc,director    ] Select Minor GC Workers (Try Lowering), AvoidOOMGCWorkers: 0,063, NextAvoidOOMGCWorkers: 0,066, LastGCWorkers: 5,000, GCWorkers: 1,000
[7,934s][debug  ][gc,director    ] Rule Minor: Allocation Rate (Dynamic GC Workers), MaxAllocRate: 931,5MB/s (+/-30,0%), Free: 14200MB, GCCPUTime: 0,747, GCDuration: 0,747s, TimeUntilOOM: 11,727s, TimeUntilGC: 10,980s, GCWorkers: 1
[7,934s][debug  ][gc,director    ] Select Minor GC Workers (Try Lowering), AvoidOOMGCWorkers: 0,254, NextAvoidOOMGCWorkers: 0,302, LastGCWorkers: 5,000, GCWorkers: 1,000
[7,934s][debug  ][gc,director    ] Rule Minor: Allocation Rate (Dynamic GC Workers), MaxAllocRate: 3738,5MB/s (+/-30,0%), Free: 14200MB, GCCPUTime: 0,747, GCDuration: 0,747s, TimeUntilOOM: 2,922s, TimeUntilGC: 2,175s, GCWorkers: 1
[7,934s][debug  ][gc,director    ] Rule Minor: High Usage, Free: 14200MB(92,4%)
[7,943s][debug  ][gc,alloc       ] Mutator Allocation Rate: 1322,8MB/s Predicted: 1417,6MB/s, Avg: 936,7(+/-281,1)MB/s
[7,943s][debug  ][gc,director    ] Rule Major: Proactive, UsedUntilEnabled: 1018MB, TimeUntilEnabled: 299,886s
[7,943s][debug  ][gc,director    ] Select Minor GC Workers (Try Lowering), AvoidOOMGCWorkers: 0,064, NextAvoidOOMGCWorkers: 0,067, LastGCWorkers: 5,000, GCWorkers: 1,000
[7,943s][debug  ][gc,director    ] Rule Minor: Allocation Rate (Dynamic GC Workers), MaxAllocRate: 936,7MB/s (+/-30,0%), Free: 14078MB, GCCPUTime: 0,747, GCDuration: 0,747s, TimeUntilOOM: 11,561s, TimeUntilGC: 10,814s, GCWorkers: 1
[7,943s][debug  ][gc,director    ] Select Minor GC Workers (Try Lowering), AvoidOOMGCWorkers: 0,257, NextAvoidOOMGCWorkers: 0,306, LastGCWorkers: 5,000, GCWorkers: 1,000
[7,943s][debug  ][gc,director    ] Rule Minor: Allocation Rate (Dynamic GC Workers), MaxAllocRate: 3760,2MB/s (+/-30,0%), Free: 14078MB, GCCPUTime: 0,747, GCDuration: 0,747s, TimeUntilOOM: 2,880s, TimeUntilGC: 2,133s, GCWorkers: 1
[7,943s][debug  ][gc,director    ] Rule Minor: High Usage, Free: 14078MB(91,7%)
[7,953s][debug  ][gc,alloc       ] Mutator Allocation Rate: 1338,3MB/s Predicted: 1426,0MB/s, Avg: 941,9(+/-282,9)MB/s
[7,953s][debug  ][gc,director    ] Rule Major: Proactive, UsedUntilEnabled: 902MB, TimeUntilEnabled: 299,877s
[7,953s][debug  ][gc,director    ] Select Minor GC Workers (Try Lowering), AvoidOOMGCWorkers: 0,065, NextAvoidOOMGCWorkers: 0,068, LastGCWorkers: 5,000, GCWorkers: 1,000
[7,953s][debug  ][gc,director    ] Rule Minor: Allocation Rate (Dynamic GC Workers), MaxAllocRate: 941,9MB/s (+/-30,0%), Free: 13962MB, GCCPUTime: 0,747, GCDuration: 0,747s, TimeUntilOOM: 11,399s, TimeUntilGC: 10,652s, GCWorkers: 1
[7,953s][debug  ][gc,director    ] Select Minor GC Workers (Try Lowering), AvoidOOMGCWorkers: 0,261, NextAvoidOOMGCWorkers: 0,310, LastGCWorkers: 5,000, GCWorkers: 1,000
[7,953s][debug  ][gc,director    ] Rule Minor: Allocation Rate (Dynamic GC Workers), MaxAllocRate: 3783,0MB/s (+/-30,0%), Free: 13962MB, GCCPUTime: 0,747, GCDuration: 0,747s, TimeUntilOOM: 2,838s, TimeUntilGC: 2,091s, GCWorkers: 1
[7,953s][debug  ][gc,director    ] Rule Minor: High Usage, Free: 13962MB(90,9%)
[7,959s][debug  ][gc,nmethod     ] Register NMethod: java.nio.DirectByteBuffer.isDirect (0x00007f376f2e2f10) [0x00007f376f2e30a0, 0x00007f376f2e3160] Compiler: c1, Barriers: 0, Oops: 0, ImmediateOops: 0, NonImmediateOops: No
[7,963s][debug  ][gc,director    ] Rule Major: Proactive, UsedUntilEnabled: 862MB, TimeUntilEnabled: 299,866s
[7,963s][debug  ][gc,director    ] Select Minor GC Workers (Try Lowering), AvoidOOMGCWorkers: 0,065, NextAvoidOOMGCWorkers: 0,068, LastGCWorkers: 5,000, GCWorkers: 1,000
[7,963s][debug  ][gc,director    ] Rule Minor: Allocation Rate (Dynamic GC Workers), MaxAllocRate: 941,9MB/s (+/-30,0%), Free: 13922MB, GCCPUTime: 0,747, GCDuration: 0,747s, TimeUntilOOM: 11,367s, TimeUntilGC: 10,620s, GCWorkers: 1
[7,963s][debug  ][gc,director    ] Select Minor GC Workers (Try Lowering), AvoidOOMGCWorkers: 0,262, NextAvoidOOMGCWorkers: 0,310, LastGCWorkers: 5,000, GCWorkers: 1,000
[7,963s][debug  ][gc,director    ] Rule Minor: Allocation Rate (Dynamic GC Workers), MaxAllocRate: 3783,0MB/s (+/-30,0%), Free: 13922MB, GCCPUTime: 0,747, GCDuration: 0,747s, TimeUntilOOM: 2,830s, TimeUntilGC: 2,083s, GCWorkers: 1
[7,963s][debug  ][gc,director    ] Rule Minor: High Usage, Free: 13922MB(90,6%)
[7,973s][debug  ][gc,director    ] Rule Major: Proactive, UsedUntilEnabled: 858MB, TimeUntilEnabled: 299,856s
[7,974s][debug  ][gc,director    ] Select Minor GC Workers (Try Lowering), AvoidOOMGCWorkers: 0,065, NextAvoidOOMGCWorkers: 0,068, LastGCWorkers: 5,000, GCWorkers: 1,000
[7,974s][debug  ][gc,director    ] Rule Minor: Allocation Rate (Dynamic GC Workers), MaxAllocRate: 941,9MB/s (+/-30,0%), Free: 13918MB, GCCPUTime: 0,747, GCDuration: 0,747s, TimeUntilOOM: 11,363s, TimeUntilGC: 10,616s, GCWorkers: 1
[7,974s][debug  ][gc,director    ] Select Minor GC Workers (Try Lowering), AvoidOOMGCWorkers: 0,262, NextAvoidOOMGCWorkers: 0,308, LastGCWorkers: 5,000, GCWorkers: 1,000
[7,974s][debug  ][gc,director    ] Rule Minor: Allocation Rate (Dynamic GC Workers), MaxAllocRate: 3783,0MB/s (+/-30,0%), Free: 13918MB, GCCPUTime: 0,747, GCDuration: 0,747s, TimeUntilOOM: 2,829s, TimeUntilGC: 2,082s, GCWorkers: 1
[7,974s][debug  ][gc,director    ] Rule Minor: High Usage, Free: 13918MB(90,6%)
[7,984s][debug  ][gc,director    ] Rule Major: Proactive, UsedUntilEnabled: 852MB, TimeUntilEnabled: 299,846s
[7,984s][debug  ][gc,director    ] Select Minor GC Workers (Try Lowering), AvoidOOMGCWorkers: 0,065, NextAvoidOOMGCWorkers: 0,068, LastGCWorkers: 5,000, GCWorkers: 1,000
[7,984s][debug  ][gc,director    ] Rule Minor: Allocation Rate (Dynamic GC Workers), MaxAllocRate: 941,9MB/s (+/-30,0%), Free: 13912MB, GCCPUTime: 0,747, GCDuration: 0,747s, TimeUntilOOM: 11,358s, TimeUntilGC: 10,612s, GCWorkers: 1
[7,984s][debug  ][gc,director    ] Select Minor GC Workers (Try Lowering), AvoidOOMGCWorkers: 0,262, NextAvoidOOMGCWorkers: 0,307, LastGCWorkers: 5,000, GCWorkers: 1,000
[7,984s][debug  ][gc,director    ] Rule Minor: Allocation Rate (Dynamic GC Workers), MaxAllocRate: 3783,0MB/s (+/-30,0%), Free: 13912MB, GCCPUTime: 0,747, GCDuration: 0,747s, TimeUntilOOM: 2,828s, TimeUntilGC: 2,081s, GCWorkers: 1
[7,984s][debug  ][gc,director    ] Rule Minor: High Usage, Free: 13912MB(90,6%)
[7,994s][debug  ][gc,director    ] Rule Major: Proactive, UsedUntilEnabled: 846MB, TimeUntilEnabled: 299,836s
[7,994s][debug  ][gc,director    ] Select Minor GC Workers (Try Lowering), AvoidOOMGCWorkers: 0,065, NextAvoidOOMGCWorkers: 0,068, LastGCWorkers: 5,000, GCWorkers: 1,000
[7,994s][debug  ][gc,director    ] Rule Minor: Allocation Rate (Dynamic GC Workers), MaxAllocRate: 941,9MB/s (+/-30,0%), Free: 13906MB, GCCPUTime: 0,747, GCDuration: 0,747s, TimeUntilOOM: 11,353s, TimeUntilGC: 10,607s, GCWorkers: 1
[7,994s][debug  ][gc,director    ] Select Minor GC Workers (Try Lowering), AvoidOOMGCWorkers: 0,262, NextAvoidOOMGCWorkers: 0,306, LastGCWorkers: 5,000, GCWorkers: 1,000
[7,994s][debug  ][gc,director    ] Rule Minor: Allocation Rate (Dynamic GC Workers), MaxAllocRate: 3783,0MB/s (+/-30,0%), Free: 13906MB, GCCPUTime: 0,747, GCDuration: 0,747s, TimeUntilOOM: 2,827s, TimeUntilGC: 2,080s, GCWorkers: 1
[7,994s][debug  ][gc,director    ] Rule Minor: High Usage, Free: 13906MB(90,5%)
[8,001s][debug  ][gc,nmethod     ] Register NMethod: net.jpountz.util.SafeUtils.readIntLE (0x00007f376f2e2b90) [0x00007f376f2e2d20, 0x00007f376f2e2e20] Compiler: c2, Barriers: 0, Oops: 1, ImmediateOops: 0, NonImmediateOops: No
[8,002s][debug  ][gc,nmethod     ] Register NMethod: net.openhft.chronicle.bytes.AbstractBytes.readShort (0x00007f374fe1c190) [0x00007f374fe1c360, 0x00007f374fe1c6b0] Compiler: c1, Barriers: 1, Oops: 1, ImmediateOops: 0, NonImmediateOops: No
[8,002s][debug  ][gc,nmethod     ] Register NMethod: net.openhft.chronicle.core.UnsafeMemory.readShort (0x00007f374fddff10) [0x00007f374fde00a0, 0x00007f374fde0250] Compiler: c1, Barriers: 0, Oops: 1, ImmediateOops: 1, NonImmediateOops: No
[8,002s][debug  ][gc,nmethod     ] Register NMethod: sun.misc.Unsafe.getShort (0x00007f374fb37f90) [0x00007f374fb38120, 0x00007f374fb38230] Compiler: c1, Barriers: 0, Oops: 0, ImmediateOops: 0, NonImmediateOops: No
[8,002s][debug  ][gc,nmethod     ] Register NMethod: net.openhft.chronicle.bytes.internal.HeapBytesStore.readShort (0x00007f374fe3be10) [0x00007f374fe3c000, 0x00007f374fe3c738] Compiler: c1, Barriers: 3, Oops: 1, ImmediateOops: 2, NonImmediateOops: No
[8,004s][debug  ][gc,nmethod     ] Register NMethod: java.util.ArrayDeque.removeFirst (0x00007f374fce5f10) [0x00007f374fce60e0, 0x00007f374fce6338] Compiler: c1, Barriers: 0, Oops: 0, ImmediateOops: 0, NonImmediateOops: No
[8,004s][debug  ][gc,nmethod     ] Register NMethod: java.util.ArrayDeque.pop (0x00007f374fb8e790) [0x00007f374fb8e960, 0x00007f374fb8ec10] Compiler: c1, Barriers: 0, Oops: 0, ImmediateOops: 0, NonImmediateOops: No
[8,004s][debug  ][gc,nmethod     ] Register NMethod: io.sirix.index.path.summary.PathSummaryReader.moveToFirstChild (0x00007f374fbe6f90) [0x00007f374fbe7240, 0x00007f374fbe7dd8] Compiler: c1, Barriers: 7, Oops: 1, ImmediateOops: 1, NonImmediateOops: No
[8,004s][debug  ][gc,nmethod     ] Register NMethod: jdk.internal.misc.ScopedMemoryAccess.copyMemory (0x00007f374fe14d90) [0x00007f374fe14fa0, 0x00007f374fe155a8] Compiler: c1, Barriers: 0, Oops: 0, ImmediateOops: 1, NonImmediateOops: No
[8,004s][debug  ][gc,director    ] Rule Major: Proactive, UsedUntilEnabled: 842MB, TimeUntilEnabled: 299,826s
[8,004s][debug  ][gc,director    ] Select Minor GC Workers (Try Lowering), AvoidOOMGCWorkers: 0,065, NextAvoidOOMGCWorkers: 0,068, LastGCWorkers: 5,000, GCWorkers: 1,000
[8,004s][debug  ][gc,director    ] Rule Minor: Allocation Rate (Dynamic GC Workers), MaxAllocRate: 941,9MB/s (+/-30,0%), Free: 13902MB, GCCPUTime: 0,747, GCDuration: 0,747s, TimeUntilOOM: 11,350s, TimeUntilGC: 10,603s, GCWorkers: 1
[8,004s][debug  ][gc,director    ] Select Minor GC Workers (Try Lowering), AvoidOOMGCWorkers: 0,262, NextAvoidOOMGCWorkers: 0,305, LastGCWorkers: 5,000, GCWorkers: 1,000
[8,004s][debug  ][gc,director    ] Rule Minor: Allocation Rate (Dynamic GC Workers), MaxAllocRate: 3783,0MB/s (+/-30,0%), Free: 13902MB, GCCPUTime: 0,747, GCDuration: 0,747s, TimeUntilOOM: 2,826s, TimeUntilGC: 2,079s, GCWorkers: 1
[8,004s][debug  ][gc,director    ] Rule Minor: High Usage, Free: 13902MB(90,5%)
[8,004s][debug  ][gc,nmethod     ] Register NMethod: jdk.internal.misc.ScopedMemoryAccess.copyMemoryInternal (0x00007f374fe2ad90) [0x00007f374fe2af80, 0x00007f374fe2b4a0] Compiler: c1, Barriers: 0, Oops: 0, ImmediateOops: 1, NonImmediateOops: No
[8,005s][debug  ][gc,nmethod     ] Register NMethod: java.lang.ref.WeakReference.<init> (0x00007f374fc8f410) [0x00007f374fc8f5e0, 0x00007f374fc8f918] Compiler: c1, Barriers: 6, Oops: 0, ImmediateOops: 1, NonImmediateOops: No
[8,006s][debug  ][gc,nmethod     ] Register NMethod: java.util.Arrays.fill (0x00007f376f2e2690) [0x00007f376f2e2820, 0x00007f376f2e2a20] Compiler: c2, Barriers: 0, Oops: 0, ImmediateOops: 0, NonImmediateOops: No
[8,006s][debug  ][gc,nmethod     ] Register NMethod: java.io.FilterInputStream.close (0x00007f374fe7b810) [0x00007f374fe7b9c0, 0x00007f374fe7bbb8] Compiler: c1, Barriers: 1, Oops: 0, ImmediateOops: 0, NonImmediateOops: No
[8,007s][debug  ][gc,nmethod     ] Register NMethod: java.util.Arrays.hashCode (0x00007f376f2e2210) [0x00007f376f2e23a0, 0x00007f376f2e2570] Compiler: c2, Barriers: 1, Oops: 0, ImmediateOops: 0, NonImmediateOops: No
[8,010s][debug  ][gc,nmethod     ] Register NMethod: io.sirix.page.KeyValueLeafPage.getNumberOfNonNullEntries (0x00007f376f2da610) [0x00007f376f2da7e0, 0x00007f376f2db060] Compiler: c2, Barriers: 12, Oops: 1, ImmediateOops: 0, NonImmediateOops: No
[8,011s][debug  ][gc,nmethod     ] Register NMethod: java.lang.AbstractStringBuilder.setCharAt (0x00007f376f2e1c90) [0x00007f376f2e1e20, 0x00007f376f2e2000] Compiler: c2, Barriers: 1, Oops: 1, ImmediateOops: 0, NonImmediateOops: No
[8,012s][debug  ][gc,nmethod     ] Register NMethod: java.util.Arrays.asList (0x00007f376f2da290) [0x00007f376f2da420, 0x00007f376f2da530] Compiler: c2, Barriers: 2, Oops: 0, ImmediateOops: 0, NonImmediateOops: No
[8,014s][debug  ][gc,director    ] Rule Major: Proactive, UsedUntilEnabled: 830MB, TimeUntilEnabled: 299,815s
[8,014s][debug  ][gc,director    ] Select Minor GC Workers (Try Lowering), AvoidOOMGCWorkers: 0,065, NextAvoidOOMGCWorkers: 0,068, LastGCWorkers: 5,000, GCWorkers: 1,000
[8,014s][debug  ][gc,director    ] Rule Minor: Allocation Rate (Dynamic GC Workers), MaxAllocRate: 941,9MB/s (+/-30,0%), Free: 13890MB, GCCPUTime: 0,747, GCDuration: 0,747s, TimeUntilOOM: 11,340s, TimeUntilGC: 10,594s, GCWorkers: 1
[8,014s][debug  ][gc,director    ] Select Minor GC Workers (Try Lowering), AvoidOOMGCWorkers: 0,263, NextAvoidOOMGCWorkers: 0,304, LastGCWorkers: 5,000, GCWorkers: 1,000
[8,014s][debug  ][gc,director    ] Rule Minor: Allocation Rate (Dynamic GC Workers), MaxAllocRate: 3783,0MB/s (+/-30,0%), Free: 13890MB, GCCPUTime: 0,747, GCDuration: 0,747s, TimeUntilOOM: 2,824s, TimeUntilGC: 2,077s, GCWorkers: 1
[8,014s][debug  ][gc,director    ] Rule Minor: High Usage, Free: 13890MB(90,4%)
[8,025s][debug  ][gc,director    ] Rule Major: Proactive, UsedUntilEnabled: 818MB, TimeUntilEnabled: 299,805s
[8,025s][debug  ][gc,director    ] Select Minor GC Workers (Try Lowering), AvoidOOMGCWorkers: 0,065, NextAvoidOOMGCWorkers: 0,068, LastGCWorkers: 5,000, GCWorkers: 1,000
[8,025s][debug  ][gc,director    ] Rule Minor: Allocation Rate (Dynamic GC Workers), MaxAllocRate: 941,9MB/s (+/-30,0%), Free: 13878MB, GCCPUTime: 0,747, GCDuration: 0,747s, TimeUntilOOM: 11,331s, TimeUntilGC: 10,584s, GCWorkers: 1
[8,025s][debug  ][gc,director    ] Select Minor GC Workers (Try Lowering), AvoidOOMGCWorkers: 0,263, NextAvoidOOMGCWorkers: 0,303, LastGCWorkers: 5,000, GCWorkers: 1,000
[8,025s][debug  ][gc,director    ] Rule Minor: Allocation Rate (Dynamic GC Workers), MaxAllocRate: 3783,0MB/s (+/-30,0%), Free: 13878MB, GCCPUTime: 0,747, GCDuration: 0,747s, TimeUntilOOM: 2,821s, TimeUntilGC: 2,074s, GCWorkers: 1
[8,025s][debug  ][gc,director    ] Rule Minor: High Usage, Free: 13878MB(90,4%)
[8,035s][debug  ][gc,director    ] Rule Major: Proactive, UsedUntilEnabled: 804MB, TimeUntilEnabled: 299,795s
[8,035s][debug  ][gc,director    ] Select Minor GC Workers (Try Lowering), AvoidOOMGCWorkers: 0,065, NextAvoidOOMGCWorkers: 0,068, LastGCWorkers: 5,000, GCWorkers: 1,000
[8,035s][debug  ][gc,director    ] Rule Minor: Allocation Rate (Dynamic GC Workers), MaxAllocRate: 941,9MB/s (+/-30,0%), Free: 13864MB, GCCPUTime: 0,747, GCDuration: 0,747s, TimeUntilOOM: 11,319s, TimeUntilGC: 10,572s, GCWorkers: 1
[8,035s][debug  ][gc,director    ] Select Minor GC Workers (Try Lowering), AvoidOOMGCWorkers: 0,263, NextAvoidOOMGCWorkers: 0,302, LastGCWorkers: 5,000, GCWorkers: 1,000
[8,035s][debug  ][gc,director    ] Rule Minor: Allocation Rate (Dynamic GC Workers), MaxAllocRate: 3783,0MB/s (+/-30,0%), Free: 13864MB, GCCPUTime: 0,747, GCDuration: 0,747s, TimeUntilOOM: 2,818s, TimeUntilGC: 2,071s, GCWorkers: 1
[8,035s][debug  ][gc,director    ] Rule Minor: High Usage, Free: 13864MB(90,3%)
[8,045s][debug  ][gc,director    ] Rule Major: Proactive, UsedUntilEnabled: 790MB, TimeUntilEnabled: 299,785s
[8,045s][debug  ][gc,director    ] Select Minor GC Workers (Try Lowering), AvoidOOMGCWorkers: 0,065, NextAvoidOOMGCWorkers: 0,068, LastGCWorkers: 5,000, GCWorkers: 1,000
[8,045s][debug  ][gc,director    ] Rule Minor: Allocation Rate (Dynamic GC Workers), MaxAllocRate: 941,9MB/s (+/-30,0%), Free: 13850MB, GCCPUTime: 0,747, GCDuration: 0,747s, TimeUntilOOM: 11,308s, TimeUntilGC: 10,561s, GCWorkers: 1
[8,045s][debug  ][gc,director    ] Select Minor GC Workers (Try Lowering), AvoidOOMGCWorkers: 0,263, NextAvoidOOMGCWorkers: 0,301, LastGCWorkers: 5,000, GCWorkers: 1,000
[8,045s][debug  ][gc,director    ] Rule Minor: Allocation Rate (Dynamic GC Workers), MaxAllocRate: 3783,0MB/s (+/-30,0%), Free: 13850MB, GCCPUTime: 0,747, GCDuration: 0,747s, TimeUntilOOM: 2,815s, TimeUntilGC: 2,068s, GCWorkers: 1
[8,045s][debug  ][gc,director    ] Rule Minor: High Usage, Free: 13850MB(90,2%)
[8,049s][debug  ][gc,alloc       ] Mutator Allocation Rate: 1337,1MB/s Predicted: 1433,8MB/s, Avg: 946,9(+/-284,6)MB/s
[8,049s][debug  ][gc,director    ] Rule Major: Proactive, UsedUntilEnabled: 784MB, TimeUntilEnabled: 299,781s
[8,049s][debug  ][gc,director    ] Select Minor GC Workers (Try Lowering), AvoidOOMGCWorkers: 0,066, NextAvoidOOMGCWorkers: 0,068, LastGCWorkers: 5,000, GCWorkers: 1,000
[8,049s][debug  ][gc,director    ] Rule Minor: Allocation Rate (Dynamic GC Workers), MaxAllocRate: 946,9MB/s (+/-30,1%), Free: 13844MB, GCCPUTime: 0,747, GCDuration: 0,747s, TimeUntilOOM: 11,241s, TimeUntilGC: 10,494s, GCWorkers: 1
[8,049s][debug  ][gc,director    ] Select Minor GC Workers (Try Lowering), AvoidOOMGCWorkers: 0,265, NextAvoidOOMGCWorkers: 0,303, LastGCWorkers: 5,000, GCWorkers: 1,000
[8,049s][debug  ][gc,director    ] Rule Minor: Allocation Rate (Dynamic GC Workers), MaxAllocRate: 3804,2MB/s (+/-30,1%), Free: 13844MB, GCCPUTime: 0,747, GCDuration: 0,747s, TimeUntilOOM: 2,798s, TimeUntilGC: 2,051s, GCWorkers: 1
[8,049s][debug  ][gc,director    ] Rule Minor: High Usage, Free: 13844MB(90,1%)
[8,059s][debug  ][gc,director    ] Rule Major: Proactive, UsedUntilEnabled: 772MB, TimeUntilEnabled: 299,771s
[8,059s][debug  ][gc,director    ] Select Minor GC Workers (Try Lowering), AvoidOOMGCWorkers: 0,066, NextAvoidOOMGCWorkers: 0,068, LastGCWorkers: 5,000, GCWorkers: 1,000
[8,059s][debug  ][gc,director    ] Rule Minor: Allocation Rate (Dynamic GC Workers), MaxAllocRate: 946,9MB/s (+/-30,1%), Free: 13832MB, GCCPUTime: 0,747, GCDuration: 0,747s, TimeUntilOOM: 11,231s, TimeUntilGC: 10,484s, GCWorkers: 1
[8,059s][debug  ][gc,director    ] Select Minor GC Workers (Try Lowering), AvoidOOMGCWorkers: 0,265, NextAvoidOOMGCWorkers: 0,302, LastGCWorkers: 5,000, GCWorkers: 1,000
[8,059s][debug  ][gc,director    ] Rule Minor: Allocation Rate (Dynamic GC Workers), MaxAllocRate: 3804,2MB/s (+/-30,1%), Free: 13832MB, GCCPUTime: 0,747, GCDuration: 0,747s, TimeUntilOOM: 2,796s, TimeUntilGC: 2,049s, GCWorkers: 1
[8,059s][debug  ][gc,director    ] Rule Minor: High Usage, Free: 13832MB(90,1%)
[8,069s][debug  ][gc,director    ] Rule Major: Proactive, UsedUntilEnabled: 758MB, TimeUntilEnabled: 299,761s
[8,069s][debug  ][gc,director    ] Select Minor GC Workers (Try Lowering), AvoidOOMGCWorkers: 0,066, NextAvoidOOMGCWorkers: 0,068, LastGCWorkers: 5,000, GCWorkers: 1,000
[8,069s][debug  ][gc,director    ] Rule Minor: Allocation Rate (Dynamic GC Workers), MaxAllocRate: 946,9MB/s (+/-30,1%), Free: 13818MB, GCCPUTime: 0,747, GCDuration: 0,747s, TimeUntilOOM: 11,220s, TimeUntilGC: 10,473s, GCWorkers: 1
[8,069s][debug  ][gc,director    ] Select Minor GC Workers (Try Lowering), AvoidOOMGCWorkers: 0,265, NextAvoidOOMGCWorkers: 0,301, LastGCWorkers: 5,000, GCWorkers: 1,000
[8,069s][debug  ][gc,director    ] Rule Minor: Allocation Rate (Dynamic GC Workers), MaxAllocRate: 3804,2MB/s (+/-30,1%), Free: 13818MB, GCCPUTime: 0,747, GCDuration: 0,747s, TimeUntilOOM: 2,793s, TimeUntilGC: 2,046s, GCWorkers: 1
[8,069s][debug  ][gc,director    ] Rule Minor: High Usage, Free: 13818MB(90,0%)
[8,079s][debug  ][gc,director    ] Rule Major: Proactive, UsedUntilEnabled: 744MB, TimeUntilEnabled: 299,750s
[8,079s][debug  ][gc,director    ] Select Minor GC Workers (Try Lowering), AvoidOOMGCWorkers: 0,066, NextAvoidOOMGCWorkers: 0,068, LastGCWorkers: 5,000, GCWorkers: 1,000
[8,079s][debug  ][gc,director    ] Rule Minor: Allocation Rate (Dynamic GC Workers), MaxAllocRate: 946,9MB/s (+/-30,1%), Free: 13804MB, GCCPUTime: 0,747, GCDuration: 0,747s, TimeUntilOOM: 11,209s, TimeUntilGC: 10,462s, GCWorkers: 1
[8,079s][debug  ][gc,director    ] Select Minor GC Workers (Try Lowering), AvoidOOMGCWorkers: 0,266, NextAvoidOOMGCWorkers: 0,300, LastGCWorkers: 5,000, GCWorkers: 1,000
[8,079s][debug  ][gc,director    ] Rule Minor: Allocation Rate (Dynamic GC Workers), MaxAllocRate: 3804,2MB/s (+/-30,1%), Free: 13804MB, GCCPUTime: 0,747, GCDuration: 0,747s, TimeUntilOOM: 2,790s, TimeUntilGC: 2,043s, GCWorkers: 1
[8,079s][debug  ][gc,director    ] Rule Minor: High Usage, Free: 13804MB(89,9%)
[8,089s][debug  ][gc,director    ] Rule Major: Proactive, UsedUntilEnabled: 732MB, TimeUntilEnabled: 299,740s
[8,090s][debug  ][gc,director    ] Select Minor GC Workers (Try Lowering), AvoidOOMGCWorkers: 0,066, NextAvoidOOMGCWorkers: 0,068, LastGCWorkers: 5,000, GCWorkers: 1,000
[8,090s][debug  ][gc,director    ] Rule Minor: Allocation Rate (Dynamic GC Workers), MaxAllocRate: 946,9MB/s (+/-30,1%), Free: 13792MB, GCCPUTime: 0,747, GCDuration: 0,747s, TimeUntilOOM: 11,199s, TimeUntilGC: 10,452s, GCWorkers: 1
[8,090s][debug  ][gc,director    ] Select Minor GC Workers (Try Lowering), AvoidOOMGCWorkers: 0,266, NextAvoidOOMGCWorkers: 0,299, LastGCWorkers: 5,000, GCWorkers: 1,000
[8,090s][debug  ][gc,director    ] Rule Minor: Allocation Rate (Dynamic GC Workers), MaxAllocRate: 3804,2MB/s (+/-30,1%), Free: 13792MB, GCCPUTime: 0,747, GCDuration: 0,747s, TimeUntilOOM: 2,788s, TimeUntilGC: 2,041s, GCWorkers: 1
[8,090s][debug  ][gc,director    ] Rule Minor: High Usage, Free: 13792MB(89,8%)
[8,100s][debug  ][gc,director    ] Rule Major: Proactive, UsedUntilEnabled: 718MB, TimeUntilEnabled: 299,730s
[8,100s][debug  ][gc,director    ] Select Minor GC Workers (Try Lowering), AvoidOOMGCWorkers: 0,066, NextAvoidOOMGCWorkers: 0,068, LastGCWorkers: 5,000, GCWorkers: 1,000
[8,100s][debug  ][gc,director    ] Rule Minor: Allocation Rate (Dynamic GC Workers), MaxAllocRate: 946,9MB/s (+/-30,1%), Free: 13778MB, GCCPUTime: 0,747, GCDuration: 0,747s, TimeUntilOOM: 11,187s, TimeUntilGC: 10,441s, GCWorkers: 1
[8,100s][debug  ][gc,director    ] Select Minor GC Workers (Try Lowering), AvoidOOMGCWorkers: 0,266, NextAvoidOOMGCWorkers: 0,298, LastGCWorkers: 5,000, GCWorkers: 1,000
[8,100s][debug  ][gc,director    ] Rule Minor: Allocation Rate (Dynamic GC Workers), MaxAllocRate: 3804,2MB/s (+/-30,1%), Free: 13778MB, GCCPUTime: 0,747, GCDuration: 0,747s, TimeUntilOOM: 2,785s, TimeUntilGC: 2,038s, GCWorkers: 1
[8,100s][debug  ][gc,director    ] Rule Minor: High Usage, Free: 13778MB(89,7%)
[8,110s][debug  ][gc,director    ] Rule Major: Proactive, UsedUntilEnabled: 704MB, TimeUntilEnabled: 299,720s
[8,110s][debug  ][gc,director    ] Select Minor GC Workers (Try Lowering), AvoidOOMGCWorkers: 0,066, NextAvoidOOMGCWorkers: 0,068, LastGCWorkers: 5,000, GCWorkers: 1,000
[8,110s][debug  ][gc,director    ] Rule Minor: Allocation Rate (Dynamic GC Workers), MaxAllocRate: 946,9MB/s (+/-30,1%), Free: 13764MB, GCCPUTime: 0,747, GCDuration: 0,747s, TimeUntilOOM: 11,176s, TimeUntilGC: 10,429s, GCWorkers: 1
[8,110s][debug  ][gc,director    ] Select Minor GC Workers (Try Lowering), AvoidOOMGCWorkers: 0,266, NextAvoidOOMGCWorkers: 0,297, LastGCWorkers: 5,000, GCWorkers: 1,000
[8,110s][debug  ][gc,director    ] Rule Minor: Allocation Rate (Dynamic GC Workers), MaxAllocRate: 3804,2MB/s (+/-30,1%), Free: 13764MB, GCCPUTime: 0,747, GCDuration: 0,747s, TimeUntilOOM: 2,782s, TimeUntilGC: 2,035s, GCWorkers: 1
[8,110s][debug  ][gc,director    ] Rule Minor: High Usage, Free: 13764MB(89,6%)
[8,120s][debug  ][gc,director    ] Rule Major: Proactive, UsedUntilEnabled: 690MB, TimeUntilEnabled: 299,710s
[8,120s][debug  ][gc,director    ] Select Minor GC Workers (Try Lowering), AvoidOOMGCWorkers: 0,066, NextAvoidOOMGCWorkers: 0,068, LastGCWorkers: 5,000, GCWorkers: 1,000
[8,120s][debug  ][gc,director    ] Rule Minor: Allocation Rate (Dynamic GC Workers), MaxAllocRate: 946,9MB/s (+/-30,1%), Free: 13750MB, GCCPUTime: 0,747, GCDuration: 0,747s, TimeUntilOOM: 11,165s, TimeUntilGC: 10,418s, GCWorkers: 1
[8,120s][debug  ][gc,director    ] Select Minor GC Workers (Try Lowering), AvoidOOMGCWorkers: 0,267, NextAvoidOOMGCWorkers: 0,296, LastGCWorkers: 5,000, GCWorkers: 1,000
[8,120s][debug  ][gc,director    ] Rule Minor: Allocation Rate (Dynamic GC Workers), MaxAllocRate: 3804,2MB/s (+/-30,1%), Free: 13750MB, GCCPUTime: 0,747, GCDuration: 0,747s, TimeUntilOOM: 2,779s, TimeUntilGC: 2,032s, GCWorkers: 1
[8,120s][debug  ][gc,director    ] Rule Minor: High Usage, Free: 13750MB(89,5%)
[8,130s][debug  ][gc,director    ] Rule Major: Proactive, UsedUntilEnabled: 678MB, TimeUntilEnabled: 299,699s
[8,130s][debug  ][gc,director    ] Select Minor GC Workers (Try Lowering), AvoidOOMGCWorkers: 0,066, NextAvoidOOMGCWorkers: 0,068, LastGCWorkers: 5,000, GCWorkers: 1,000
[8,130s][debug  ][gc,director    ] Rule Minor: Allocation Rate (Dynamic GC Workers), MaxAllocRate: 946,9MB/s (+/-30,1%), Free: 13738MB, GCCPUTime: 0,747, GCDuration: 0,747s, TimeUntilOOM: 11,155s, TimeUntilGC: 10,408s, GCWorkers: 1
[8,130s][debug  ][gc,director    ] Select Minor GC Workers (Try Lowering), AvoidOOMGCWorkers: 0,267, NextAvoidOOMGCWorkers: 0,295, LastGCWorkers: 5,000, GCWorkers: 1,000
[8,130s][debug  ][gc,director    ] Rule Minor: Allocation Rate (Dynamic GC Workers), MaxAllocRate: 3804,2MB/s (+/-30,1%), Free: 13738MB, GCCPUTime: 0,747, GCDuration: 0,747s, TimeUntilOOM: 2,777s, TimeUntilGC: 2,030s, GCWorkers: 1
[8,130s][debug  ][gc,director    ] Rule Minor: High Usage, Free: 13738MB(89,4%)
[8,140s][debug  ][gc,alloc       ] Mutator Allocation Rate: 1336,9MB/s Predicted: 1441,2MB/s, Avg: 951,9(+/-286,2)MB/s
[8,140s][debug  ][gc,director    ] Rule Major: Proactive, UsedUntilEnabled: 664MB, TimeUntilEnabled: 299,690s
[8,140s][debug  ][gc,director    ] Select Minor GC Workers (Try Lowering), AvoidOOMGCWorkers: 0,067, NextAvoidOOMGCWorkers: 0,068, LastGCWorkers: 5,000, GCWorkers: 1,000
[8,140s][debug  ][gc,director    ] Rule Minor: Allocation Rate (Dynamic GC Workers), MaxAllocRate: 951,9MB/s (+/-30,1%), Free: 13724MB, GCCPUTime: 0,747, GCDuration: 0,747s, TimeUntilOOM: 11,085s, TimeUntilGC: 10,338s, GCWorkers: 1
[8,140s][debug  ][gc,director    ] Select Minor GC Workers (Try Lowering), AvoidOOMGCWorkers: 0,269, NextAvoidOOMGCWorkers: 0,296, LastGCWorkers: 5,000, GCWorkers: 1,000
[8,140s][debug  ][gc,director    ] Rule Minor: Allocation Rate (Dynamic GC Workers), MaxAllocRate: 3824,1MB/s (+/-30,1%), Free: 13724MB, GCCPUTime: 0,747, GCDuration: 0,747s, TimeUntilOOM: 2,759s, TimeUntilGC: 2,012s, GCWorkers: 1
[8,140s][debug  ][gc,director    ] Rule Minor: High Usage, Free: 13724MB(89,3%)
[8,150s][debug  ][gc,director    ] Rule Major: Proactive, UsedUntilEnabled: 652MB, TimeUntilEnabled: 299,680s
[8,150s][debug  ][gc,director    ] Select Minor GC Workers (Try Lowering), AvoidOOMGCWorkers: 0,067, NextAvoidOOMGCWorkers: 0,068, LastGCWorkers: 5,000, GCWorkers: 1,000
[8,150s][debug  ][gc,director    ] Rule Minor: Allocation Rate (Dynamic GC Workers), MaxAllocRate: 951,9MB/s (+/-30,1%), Free: 13712MB, GCCPUTime: 0,747, GCDuration: 0,747s, TimeUntilOOM: 11,076s, TimeUntilGC: 10,329s, GCWorkers: 1
[8,150s][debug  ][gc,director    ] Select Minor GC Workers (Try Lowering), AvoidOOMGCWorkers: 0,269, NextAvoidOOMGCWorkers: 0,295, LastGCWorkers: 5,000, GCWorkers: 1,000
[8,150s][debug  ][gc,director    ] Rule Minor: Allocation Rate (Dynamic GC Workers), MaxAllocRate: 3824,1MB/s (+/-30,1%), Free: 13712MB, GCCPUTime: 0,747, GCDuration: 0,747s, TimeUntilOOM: 2,757s, TimeUntilGC: 2,010s, GCWorkers: 1
[8,150s][debug  ][gc,director    ] Rule Minor: High Usage, Free: 13712MB(89,3%)
[8,160s][debug  ][gc,director    ] Rule Major: Proactive, UsedUntilEnabled: 638MB, TimeUntilEnabled: 299,670s
[8,160s][debug  ][gc,director    ] Select Minor GC Workers (Try Lowering), AvoidOOMGCWorkers: 0,067, NextAvoidOOMGCWorkers: 0,068, LastGCWorkers: 5,000, GCWorkers: 1,000
[8,160s][debug  ][gc,director    ] Rule Minor: Allocation Rate (Dynamic GC Workers), MaxAllocRate: 951,9MB/s (+/-30,1%), Free: 13698MB, GCCPUTime: 0,747, GCDuration: 0,747s, TimeUntilOOM: 11,064s, TimeUntilGC: 10,317s, GCWorkers: 1
[8,160s][debug  ][gc,director    ] Select Minor GC Workers (Try Lowering), AvoidOOMGCWorkers: 0,269, NextAvoidOOMGCWorkers: 0,295, LastGCWorkers: 5,000, GCWorkers: 1,000
[8,160s][debug  ][gc,director    ] Rule Minor: Allocation Rate (Dynamic GC Workers), MaxAllocRate: 3824,1MB/s (+/-30,1%), Free: 13698MB, GCCPUTime: 0,747, GCDuration: 0,747s, TimeUntilOOM: 2,754s, TimeUntilGC: 2,007s, GCWorkers: 1
[8,160s][debug  ][gc,director    ] Rule Minor: High Usage, Free: 13698MB(89,2%)
[8,170s][debug  ][gc,director    ] Rule Major: Proactive, UsedUntilEnabled: 624MB, TimeUntilEnabled: 299,659s
[8,170s][debug  ][gc,director    ] Select Minor GC Workers (Try Lowering), AvoidOOMGCWorkers: 0,067, NextAvoidOOMGCWorkers: 0,068, LastGCWorkers: 5,000, GCWorkers: 1,000
[8,170s][debug  ][gc,director    ] Rule Minor: Allocation Rate (Dynamic GC Workers), MaxAllocRate: 951,9MB/s (+/-30,1%), Free: 13684MB, GCCPUTime: 0,747, GCDuration: 0,747s, TimeUntilOOM: 11,053s, TimeUntilGC: 10,306s, GCWorkers: 1
[8,170s][debug  ][gc,director    ] Select Minor GC Workers (Try Lowering), AvoidOOMGCWorkers: 0,269, NextAvoidOOMGCWorkers: 0,294, LastGCWorkers: 5,000, GCWorkers: 1,000
[8,170s][debug  ][gc,director    ] Rule Minor: Allocation Rate (Dynamic GC Workers), MaxAllocRate: 3824,1MB/s (+/-30,1%), Free: 13684MB, GCCPUTime: 0,747, GCDuration: 0,747s, TimeUntilOOM: 2,751s, TimeUntilGC: 2,004s, GCWorkers: 1
[8,170s][debug  ][gc,director    ] Rule Minor: High Usage, Free: 13684MB(89,1%)
[8,181s][debug  ][gc,director    ] Rule Major: Proactive, UsedUntilEnabled: 610MB, TimeUntilEnabled: 299,649s
[8,181s][debug  ][gc,director    ] Select Minor GC Workers (Try Lowering), AvoidOOMGCWorkers: 0,067, NextAvoidOOMGCWorkers: 0,068, LastGCWorkers: 5,000, GCWorkers: 1,000
[8,181s][debug  ][gc,director    ] Rule Minor: Allocation Rate (Dynamic GC Workers), MaxAllocRate: 951,9MB/s (+/-30,1%), Free: 13670MB, GCCPUTime: 0,747, GCDuration: 0,747s, TimeUntilOOM: 11,042s, TimeUntilGC: 10,295s, GCWorkers: 1
[8,181s][debug  ][gc,director    ] Select Minor GC Workers (Try Lowering), AvoidOOMGCWorkers: 0,270, NextAvoidOOMGCWorkers: 0,293, LastGCWorkers: 5,000, GCWorkers: 1,000
[8,181s][debug  ][gc,director    ] Rule Minor: Allocation Rate (Dynamic GC Workers), MaxAllocRate: 3824,1MB/s (+/-30,1%), Free: 13670MB, GCCPUTime: 0,747, GCDuration: 0,747s, TimeUntilOOM: 2,748s, TimeUntilGC: 2,002s, GCWorkers: 1
[8,181s][debug  ][gc,director    ] Rule Minor: High Usage, Free: 13670MB(89,0%)
[8,191s][debug  ][gc,director    ] Rule Major: Proactive, UsedUntilEnabled: 596MB, TimeUntilEnabled: 299,639s
[8,191s][debug  ][gc,director    ] Select Minor GC Workers (Try Lowering), AvoidOOMGCWorkers: 0,067, NextAvoidOOMGCWorkers: 0,068, LastGCWorkers: 5,000, GCWorkers: 1,000
[8,191s][debug  ][gc,director    ] Rule Minor: Allocation Rate (Dynamic GC Workers), MaxAllocRate: 951,9MB/s (+/-30,1%), Free: 13656MB, GCCPUTime: 0,747, GCDuration: 0,747s, TimeUntilOOM: 11,030s, TimeUntilGC: 10,284s, GCWorkers: 1
[8,191s][debug  ][gc,director    ] Select Minor GC Workers (Try Lowering), AvoidOOMGCWorkers: 0,270, NextAvoidOOMGCWorkers: 0,292, LastGCWorkers: 5,000, GCWorkers: 1,000
[8,191s][debug  ][gc,director    ] Rule Minor: Allocation Rate (Dynamic GC Workers), MaxAllocRate: 3824,1MB/s (+/-30,1%), Free: 13656MB, GCCPUTime: 0,747, GCDuration: 0,747s, TimeUntilOOM: 2,746s, TimeUntilGC: 1,999s, GCWorkers: 1
[8,191s][debug  ][gc,director    ] Rule Minor: High Usage, Free: 13656MB(88,9%)
[8,201s][debug  ][gc,director    ] Rule Major: Proactive, UsedUntilEnabled: 584MB, TimeUntilEnabled: 299,629s
[8,201s][debug  ][gc,director    ] Select Minor GC Workers (Try Lowering), AvoidOOMGCWorkers: 0,067, NextAvoidOOMGCWorkers: 0,068, LastGCWorkers: 5,000, GCWorkers: 1,000
[8,201s][debug  ][gc,director    ] Rule Minor: Allocation Rate (Dynamic GC Workers), MaxAllocRate: 951,9MB/s (+/-30,1%), Free: 13644MB, GCCPUTime: 0,747, GCDuration: 0,747s, TimeUntilOOM: 11,021s, TimeUntilGC: 10,274s, GCWorkers: 1
[8,201s][debug  ][gc,director    ] Select Minor GC Workers (Try Lowering), AvoidOOMGCWorkers: 0,270, NextAvoidOOMGCWorkers: 0,291, LastGCWorkers: 5,000, GCWorkers: 1,000
[8,201s][debug  ][gc,director    ] Rule Minor: Allocation Rate (Dynamic GC Workers), MaxAllocRate: 3824,1MB/s (+/-30,1%), Free: 13644MB, GCCPUTime: 0,747, GCDuration: 0,747s, TimeUntilOOM: 2,743s, TimeUntilGC: 1,996s, GCWorkers: 1
[8,201s][debug  ][gc,director    ] Rule Minor: High Usage, Free: 13644MB(88,8%)
[8,211s][debug  ][gc,director    ] Rule Major: Proactive, UsedUntilEnabled: 570MB, TimeUntilEnabled: 299,619s
[8,211s][debug  ][gc,director    ] Select Minor GC Workers (Try Lowering), AvoidOOMGCWorkers: 0,067, NextAvoidOOMGCWorkers: 0,068, LastGCWorkers: 5,000, GCWorkers: 1,000
[8,211s][debug  ][gc,director    ] Rule Minor: Allocation Rate (Dynamic GC Workers), MaxAllocRate: 951,9MB/s (+/-30,1%), Free: 13630MB, GCCPUTime: 0,747, GCDuration: 0,747s, TimeUntilOOM: 11,009s, TimeUntilGC: 10,263s, GCWorkers: 1
[8,211s][debug  ][gc,director    ] Select Minor GC Workers (Try Lowering), AvoidOOMGCWorkers: 0,271, NextAvoidOOMGCWorkers: 0,290, LastGCWorkers: 5,000, GCWorkers: 1,000
[8,211s][debug  ][gc,director    ] Rule Minor: Allocation Rate (Dynamic GC Workers), MaxAllocRate: 3824,1MB/s (+/-30,1%), Free: 13630MB, GCCPUTime: 0,747, GCDuration: 0,747s, TimeUntilOOM: 2,740s, TimeUntilGC: 1,994s, GCWorkers: 1
[8,211s][debug  ][gc,director    ] Rule Minor: High Usage, Free: 13630MB(88,7%)
[8,221s][debug  ][gc,director    ] Rule Major: Proactive, UsedUntilEnabled: 556MB, TimeUntilEnabled: 299,608s
[8,221s][debug  ][gc,director    ] Select Minor GC Workers (Try Lowering), AvoidOOMGCWorkers: 0,067, NextAvoidOOMGCWorkers: 0,068, LastGCWorkers: 5,000, GCWorkers: 1,000
[8,221s][debug  ][gc,director    ] Rule Minor: Allocation Rate (Dynamic GC Workers), MaxAllocRate: 951,9MB/s (+/-30,1%), Free: 13616MB, GCCPUTime: 0,747, GCDuration: 0,747s, TimeUntilOOM: 10,998s, TimeUntilGC: 10,251s, GCWorkers: 1
[8,221s][debug  ][gc,director    ] Select Minor GC Workers (Try Lowering), AvoidOOMGCWorkers: 0,271, NextAvoidOOMGCWorkers: 0,289, LastGCWorkers: 5,000, GCWorkers: 1,000
[8,221s][debug  ][gc,director    ] Rule Minor: Allocation Rate (Dynamic GC Workers), MaxAllocRate: 3824,1MB/s (+/-30,1%), Free: 13616MB, GCCPUTime: 0,747, GCDuration: 0,747s, TimeUntilOOM: 2,738s, TimeUntilGC: 1,991s, GCWorkers: 1
[8,221s][debug  ][gc,director    ] Rule Minor: High Usage, Free: 13616MB(88,6%)
[8,232s][debug  ][gc,director    ] Rule Major: Proactive, UsedUntilEnabled: 546MB, TimeUntilEnabled: 299,598s
[8,232s][debug  ][gc,director    ] Select Minor GC Workers (Try Lowering), AvoidOOMGCWorkers: 0,067, NextAvoidOOMGCWorkers: 0,068, LastGCWorkers: 5,000, GCWorkers: 1,000
[8,232s][debug  ][gc,director    ] Rule Minor: Allocation Rate (Dynamic GC Workers), MaxAllocRate: 951,9MB/s (+/-30,1%), Free: 13606MB, GCCPUTime: 0,747, GCDuration: 0,747s, TimeUntilOOM: 10,990s, TimeUntilGC: 10,243s, GCWorkers: 1
[8,232s][debug  ][gc,director    ] Select Minor GC Workers (Try Lowering), AvoidOOMGCWorkers: 0,271, NextAvoidOOMGCWorkers: 0,289, LastGCWorkers: 5,000, GCWorkers: 1,000
[8,232s][debug  ][gc,director    ] Rule Minor: Allocation Rate (Dynamic GC Workers), MaxAllocRate: 3824,1MB/s (+/-30,1%), Free: 13606MB, GCCPUTime: 0,747, GCDuration: 0,747s, TimeUntilOOM: 2,736s, TimeUntilGC: 1,989s, GCWorkers: 1
[8,232s][debug  ][gc,director    ] Rule Minor: High Usage, Free: 13606MB(88,6%)
[8,241s][debug  ][gc,alloc       ] Mutator Allocation Rate: 1334,7MB/s Predicted: 1448,2MB/s, Avg: 956,7(+/-287,5)MB/s
[8,241s][debug  ][gc,director    ] Rule Major: Proactive, UsedUntilEnabled: 544MB, TimeUntilEnabled: 299,588s
[8,241s][debug  ][gc,director    ] Select Minor GC Workers (Try Lowering), AvoidOOMGCWorkers: 0,068, NextAvoidOOMGCWorkers: 0,069, LastGCWorkers: 5,000, GCWorkers: 1,000
[8,241s][debug  ][gc,director    ] Rule Minor: Allocation Rate (Dynamic GC Workers), MaxAllocRate: 956,7MB/s (+/-30,1%), Free: 13604MB, GCCPUTime: 0,747, GCDuration: 0,747s, TimeUntilOOM: 10,934s, TimeUntilGC: 10,187s, GCWorkers: 1
[8,241s][debug  ][gc,director    ] Select Minor GC Workers (Try Lowering), AvoidOOMGCWorkers: 0,272, NextAvoidOOMGCWorkers: 0,289, LastGCWorkers: 5,000, GCWorkers: 1,000
[8,241s][debug  ][gc,director    ] Rule Minor: Allocation Rate (Dynamic GC Workers), MaxAllocRate: 3842,4MB/s (+/-30,1%), Free: 13604MB, GCCPUTime: 0,747, GCDuration: 0,747s, TimeUntilOOM: 2,722s, TimeUntilGC: 1,975s, GCWorkers: 1
[8,241s][debug  ][gc,director    ] Rule Minor: High Usage, Free: 13604MB(88,6%)
[8,252s][debug  ][gc,director    ] Rule Major: Proactive, UsedUntilEnabled: 532MB, TimeUntilEnabled: 299,578s
[8,252s][debug  ][gc,director    ] Select Minor GC Workers (Try Lowering), AvoidOOMGCWorkers: 0,068, NextAvoidOOMGCWorkers: 0,069, LastGCWorkers: 5,000, GCWorkers: 1,000
[8,252s][debug  ][gc,director    ] Rule Minor: Allocation Rate (Dynamic GC Workers), MaxAllocRate: 956,7MB/s (+/-30,1%), Free: 13592MB, GCCPUTime: 0,747, GCDuration: 0,747s, TimeUntilOOM: 10,924s, TimeUntilGC: 10,178s, GCWorkers: 1
[8,252s][debug  ][gc,director    ] Select Minor GC Workers (Try Lowering), AvoidOOMGCWorkers: 0,273, NextAvoidOOMGCWorkers: 0,288, LastGCWorkers: 5,000, GCWorkers: 1,000
[8,252s][debug  ][gc,director    ] Rule Minor: Allocation Rate (Dynamic GC Workers), MaxAllocRate: 3842,4MB/s (+/-30,1%), Free: 13592MB, GCCPUTime: 0,747, GCDuration: 0,747s, TimeUntilOOM: 2,720s, TimeUntilGC: 1,973s, GCWorkers: 1
[8,252s][debug  ][gc,director    ] Rule Minor: High Usage, Free: 13592MB(88,5%)
[8,262s][debug  ][gc,director    ] Rule Major: Proactive, UsedUntilEnabled: 520MB, TimeUntilEnabled: 299,568s
[8,262s][debug  ][gc,director    ] Select Minor GC Workers (Try Lowering), AvoidOOMGCWorkers: 0,068, NextAvoidOOMGCWorkers: 0,069, LastGCWorkers: 5,000, GCWorkers: 1,000
[8,262s][debug  ][gc,director    ] Rule Minor: Allocation Rate (Dynamic GC Workers), MaxAllocRate: 956,7MB/s (+/-30,1%), Free: 13580MB, GCCPUTime: 0,747, GCDuration: 0,747s, TimeUntilOOM: 10,915s, TimeUntilGC: 10,168s, GCWorkers: 1
[8,262s][debug  ][gc,director    ] Select Minor GC Workers (Try Lowering), AvoidOOMGCWorkers: 0,273, NextAvoidOOMGCWorkers: 0,287, LastGCWorkers: 5,000, GCWorkers: 1,000
[8,262s][debug  ][gc,director    ] Rule Minor: Allocation Rate (Dynamic GC Workers), MaxAllocRate: 3842,4MB/s (+/-30,1%), Free: 13580MB, GCCPUTime: 0,747, GCDuration: 0,747s, TimeUntilOOM: 2,718s, TimeUntilGC: 1,971s, GCWorkers: 1
[8,262s][debug  ][gc,director    ] Rule Minor: High Usage, Free: 13580MB(88,4%)
[8,272s][debug  ][gc,director    ] Rule Major: Proactive, UsedUntilEnabled: 506MB, TimeUntilEnabled: 299,558s
[8,272s][debug  ][gc,director    ] Select Minor GC Workers (Try Lowering), AvoidOOMGCWorkers: 0,068, NextAvoidOOMGCWorkers: 0,069, LastGCWorkers: 5,000, GCWorkers: 1,000
[8,272s][debug  ][gc,director    ] Rule Minor: Allocation Rate (Dynamic GC Workers), MaxAllocRate: 956,7MB/s (+/-30,1%), Free: 13566MB, GCCPUTime: 0,747, GCDuration: 0,747s, TimeUntilOOM: 10,904s, TimeUntilGC: 10,157s, GCWorkers: 1
[8,272s][debug  ][gc,director    ] Select Minor GC Workers (Try Lowering), AvoidOOMGCWorkers: 0,273, NextAvoidOOMGCWorkers: 0,286, LastGCWorkers: 5,000, GCWorkers: 1,000
[8,272s][debug  ][gc,director    ] Rule Minor: Allocation Rate (Dynamic GC Workers), MaxAllocRate: 3842,4MB/s (+/-30,1%), Free: 13566MB, GCCPUTime: 0,747, GCDuration: 0,747s, TimeUntilOOM: 2,715s, TimeUntilGC: 1,968s, GCWorkers: 1
[8,272s][debug  ][gc,director    ] Rule Minor: High Usage, Free: 13566MB(88,3%)
[8,282s][debug  ][gc,director    ] Rule Major: Proactive, UsedUntilEnabled: 492MB, TimeUntilEnabled: 299,548s
[8,282s][debug  ][gc,director    ] Select Minor GC Workers (Try Lowering), AvoidOOMGCWorkers: 0,068, NextAvoidOOMGCWorkers: 0,069, LastGCWorkers: 5,000, GCWorkers: 1,000
[8,282s][debug  ][gc,director    ] Rule Minor: Allocation Rate (Dynamic GC Workers), MaxAllocRate: 956,7MB/s (+/-30,1%), Free: 13552MB, GCCPUTime: 0,747, GCDuration: 0,747s, TimeUntilOOM: 10,892s, TimeUntilGC: 10,145s, GCWorkers: 1
[8,282s][debug  ][gc,director    ] Select Minor GC Workers (Try Lowering), AvoidOOMGCWorkers: 0,273, NextAvoidOOMGCWorkers: 0,286, LastGCWorkers: 5,000, GCWorkers: 1,000
[8,282s][debug  ][gc,director    ] Rule Minor: Allocation Rate (Dynamic GC Workers), MaxAllocRate: 3842,4MB/s (+/-30,1%), Free: 13552MB, GCCPUTime: 0,747, GCDuration: 0,747s, TimeUntilOOM: 2,712s, TimeUntilGC: 1,965s, GCWorkers: 1
[8,282s][debug  ][gc,director    ] Rule Minor: High Usage, Free: 13552MB(88,2%)
[8,292s][debug  ][gc,director    ] Rule Major: Proactive, UsedUntilEnabled: 480MB, TimeUntilEnabled: 299,537s
[8,292s][debug  ][gc,director    ] Select Minor GC Workers (Try Lowering), AvoidOOMGCWorkers: 0,068, NextAvoidOOMGCWorkers: 0,069, LastGCWorkers: 5,000, GCWorkers: 1,000
[8,292s][debug  ][gc,director    ] Rule Minor: Allocation Rate (Dynamic GC Workers), MaxAllocRate: 956,7MB/s (+/-30,1%), Free: 13540MB, GCCPUTime: 0,747, GCDuration: 0,747s, TimeUntilOOM: 10,883s, TimeUntilGC: 10,136s, GCWorkers: 1
[8,292s][debug  ][gc,director    ] Select Minor GC Workers (Try Lowering), AvoidOOMGCWorkers: 0,274, NextAvoidOOMGCWorkers: 0,285, LastGCWorkers: 5,000, GCWorkers: 1,000
[8,292s][debug  ][gc,director    ] Rule Minor: Allocation Rate (Dynamic GC Workers), MaxAllocRate: 3842,4MB/s (+/-30,1%), Free: 13540MB, GCCPUTime: 0,747, GCDuration: 0,747s, TimeUntilOOM: 2,710s, TimeUntilGC: 1,963s, GCWorkers: 1
[8,292s][debug  ][gc,director    ] Rule Minor: High Usage, Free: 13540MB(88,2%)
[8,303s][debug  ][gc,director    ] Rule Major: Proactive, UsedUntilEnabled: 468MB, TimeUntilEnabled: 299,527s
[8,303s][debug  ][gc,director    ] Select Minor GC Workers (Try Lowering), AvoidOOMGCWorkers: 0,068, NextAvoidOOMGCWorkers: 0,069, LastGCWorkers: 5,000, GCWorkers: 1,000
[8,303s][debug  ][gc,director    ] Rule Minor: Allocation Rate (Dynamic GC Workers), MaxAllocRate: 956,7MB/s (+/-30,1%), Free: 13528MB, GCCPUTime: 0,747, GCDuration: 0,747s, TimeUntilOOM: 10,873s, TimeUntilGC: 10,126s, GCWorkers: 1
[8,303s][debug  ][gc,director    ] Select Minor GC Workers (Try Lowering), AvoidOOMGCWorkers: 0,274, NextAvoidOOMGCWorkers: 0,284, LastGCWorkers: 5,000, GCWorkers: 1,000
[8,303s][debug  ][gc,director    ] Rule Minor: Allocation Rate (Dynamic GC Workers), MaxAllocRate: 3842,4MB/s (+/-30,1%), Free: 13528MB, GCCPUTime: 0,747, GCDuration: 0,747s, TimeUntilOOM: 2,707s, TimeUntilGC: 1,960s, GCWorkers: 1
[8,303s][debug  ][gc,director    ] Rule Minor: High Usage, Free: 13528MB(88,1%)
[8,313s][debug  ][gc,director    ] Rule Major: Proactive, UsedUntilEnabled: 454MB, TimeUntilEnabled: 299,517s
[8,313s][debug  ][gc,director    ] Select Minor GC Workers (Try Lowering), AvoidOOMGCWorkers: 0,068, NextAvoidOOMGCWorkers: 0,069, LastGCWorkers: 5,000, GCWorkers: 1,000
[8,313s][debug  ][gc,director    ] Rule Minor: Allocation Rate (Dynamic GC Workers), MaxAllocRate: 956,7MB/s (+/-30,1%), Free: 13514MB, GCCPUTime: 0,747, GCDuration: 0,747s, TimeUntilOOM: 10,862s, TimeUntilGC: 10,115s, GCWorkers: 1
[8,313s][debug  ][gc,director    ] Select Minor GC Workers (Try Lowering), AvoidOOMGCWorkers: 0,274, NextAvoidOOMGCWorkers: 0,283, LastGCWorkers: 5,000, GCWorkers: 1,000
[8,313s][debug  ][gc,director    ] Rule Minor: Allocation Rate (Dynamic GC Workers), MaxAllocRate: 3842,4MB/s (+/-30,1%), Free: 13514MB, GCCPUTime: 0,747, GCDuration: 0,747s, TimeUntilOOM: 2,704s, TimeUntilGC: 1,957s, GCWorkers: 1
[8,313s][debug  ][gc,director    ] Rule Minor: High Usage, Free: 13514MB(88,0%)
[8,323s][debug  ][gc,director    ] Rule Major: Proactive, UsedUntilEnabled: 442MB, TimeUntilEnabled: 299,507s
[8,323s][debug  ][gc,director    ] Select Minor GC Workers (Try Lowering), AvoidOOMGCWorkers: 0,068, NextAvoidOOMGCWorkers: 0,069, LastGCWorkers: 5,000, GCWorkers: 1,000
[8,323s][debug  ][gc,director    ] Rule Minor: Allocation Rate (Dynamic GC Workers), MaxAllocRate: 956,7MB/s (+/-30,1%), Free: 13502MB, GCCPUTime: 0,747, GCDuration: 0,747s, TimeUntilOOM: 10,852s, TimeUntilGC: 10,105s, GCWorkers: 1
[8,323s][debug  ][gc,director    ] Select Minor GC Workers (Try Lowering), AvoidOOMGCWorkers: 0,274, NextAvoidOOMGCWorkers: 0,282, LastGCWorkers: 5,000, GCWorkers: 1,000
[8,323s][debug  ][gc,director    ] Rule Minor: Allocation Rate (Dynamic GC Workers), MaxAllocRate: 3842,4MB/s (+/-30,1%), Free: 13502MB, GCCPUTime: 0,747, GCDuration: 0,747s, TimeUntilOOM: 2,702s, TimeUntilGC: 1,955s, GCWorkers: 1
[8,323s][debug  ][gc,director    ] Rule Minor: High Usage, Free: 13502MB(87,9%)
[8,333s][debug  ][gc,director    ] Rule Major: Proactive, UsedUntilEnabled: 428MB, TimeUntilEnabled: 299,497s
[8,333s][debug  ][gc,director    ] Select Minor GC Workers (Try Lowering), AvoidOOMGCWorkers: 0,068, NextAvoidOOMGCWorkers: 0,069, LastGCWorkers: 5,000, GCWorkers: 1,000
[8,333s][debug  ][gc,director    ] Rule Minor: Allocation Rate (Dynamic GC Workers), MaxAllocRate: 956,7MB/s (+/-30,1%), Free: 13488MB, GCCPUTime: 0,747, GCDuration: 0,747s, TimeUntilOOM: 10,841s, TimeUntilGC: 10,094s, GCWorkers: 1
[8,333s][debug  ][gc,director    ] Select Minor GC Workers (Try Lowering), AvoidOOMGCWorkers: 0,275, NextAvoidOOMGCWorkers: 0,281, LastGCWorkers: 5,000, GCWorkers: 1,000
[8,333s][debug  ][gc,director    ] Rule Minor: Allocation Rate (Dynamic GC Workers), MaxAllocRate: 3842,4MB/s (+/-30,1%), Free: 13488MB, GCCPUTime: 0,747, GCDuration: 0,747s, TimeUntilOOM: 2,699s, TimeUntilGC: 1,952s, GCWorkers: 1
[8,333s][debug  ][gc,director    ] Rule Minor: High Usage, Free: 13488MB(87,8%)
[8,336s][debug  ][gc,alloc       ] Mutator Allocation Rate: 1333,9MB/s Predicted: 1454,6MB/s, Avg: 961,3(+/-288,8)MB/s
[8,336s][debug  ][gc,director    ] Rule Major: Proactive, UsedUntilEnabled: 424MB, TimeUntilEnabled: 299,494s
[8,336s][debug  ][gc,director    ] Select Minor GC Workers (Try Lowering), AvoidOOMGCWorkers: 0,069, NextAvoidOOMGCWorkers: 0,069, LastGCWorkers: 5,000, GCWorkers: 1,000
[8,336s][debug  ][gc,director    ] Rule Minor: Allocation Rate (Dynamic GC Workers), MaxAllocRate: 961,3MB/s (+/-30,0%), Free: 13484MB, GCCPUTime: 0,747, GCDuration: 0,747s, TimeUntilOOM: 10,786s, TimeUntilGC: 10,040s, GCWorkers: 1
[8,336s][debug  ][gc,director    ] Select Minor GC Workers (Try Lowering), AvoidOOMGCWorkers: 0,276, NextAvoidOOMGCWorkers: 0,282, LastGCWorkers: 5,000, GCWorkers: 1,000
[8,336s][debug  ][gc,director    ] Rule Minor: Allocation Rate (Dynamic GC Workers), MaxAllocRate: 3859,5MB/s (+/-30,0%), Free: 13484MB, GCCPUTime: 0,747, GCDuration: 0,747s, TimeUntilOOM: 2,687s, TimeUntilGC: 1,940s, GCWorkers: 1
[8,336s][debug  ][gc,director    ] Rule Minor: High Usage, Free: 13484MB(87,8%)
[8,346s][debug  ][gc,director    ] Rule Major: Proactive, UsedUntilEnabled: 412MB, TimeUntilEnabled: 299,484s
[8,346s][debug  ][gc,director    ] Select Minor GC Workers (Try Lowering), AvoidOOMGCWorkers: 0,069, NextAvoidOOMGCWorkers: 0,069, LastGCWorkers: 5,000, GCWorkers: 1,000
[8,346s][debug  ][gc,director    ] Rule Minor: Allocation Rate (Dynamic GC Workers), MaxAllocRate: 961,3MB/s (+/-30,0%), Free: 13472MB, GCCPUTime: 0,747, GCDuration: 0,747s, TimeUntilOOM: 10,777s, TimeUntilGC: 10,030s, GCWorkers: 1
[8,346s][debug  ][gc,director    ] Select Minor GC Workers (Try Lowering), AvoidOOMGCWorkers: 0,276, NextAvoidOOMGCWorkers: 0,282, LastGCWorkers: 5,000, GCWorkers: 1,000
[8,346s][debug  ][gc,director    ] Rule Minor: Allocation Rate (Dynamic GC Workers), MaxAllocRate: 3859,5MB/s (+/-30,0%), Free: 13472MB, GCCPUTime: 0,747, GCDuration: 0,747s, TimeUntilOOM: 2,684s, TimeUntilGC: 1,937s, GCWorkers: 1
[8,346s][debug  ][gc,director    ] Rule Minor: High Usage, Free: 13472MB(87,7%)
[8,356s][debug  ][gc,director    ] Rule Major: Proactive, UsedUntilEnabled: 400MB, TimeUntilEnabled: 299,474s
[8,356s][debug  ][gc,director    ] Select Minor GC Workers (Try Lowering), AvoidOOMGCWorkers: 0,069, NextAvoidOOMGCWorkers: 0,069, LastGCWorkers: 5,000, GCWorkers: 1,000
[8,356s][debug  ][gc,director    ] Rule Minor: Allocation Rate (Dynamic GC Workers), MaxAllocRate: 961,3MB/s (+/-30,0%), Free: 13460MB, GCCPUTime: 0,747, GCDuration: 0,747s, TimeUntilOOM: 10,767s, TimeUntilGC: 10,020s, GCWorkers: 1
[8,356s][debug  ][gc,director    ] Select Minor GC Workers (Try Lowering), AvoidOOMGCWorkers: 0,276, NextAvoidOOMGCWorkers: 0,281, LastGCWorkers: 5,000, GCWorkers: 1,000
[8,356s][debug  ][gc,director    ] Rule Minor: Allocation Rate (Dynamic GC Workers), MaxAllocRate: 3859,5MB/s (+/-30,0%), Free: 13460MB, GCCPUTime: 0,747, GCDuration: 0,747s, TimeUntilOOM: 2,682s, TimeUntilGC: 1,935s, GCWorkers: 1
[8,356s][debug  ][gc,director    ] Rule Minor: High Usage, Free: 13460MB(87,6%)
[8,366s][debug  ][gc,director    ] Rule Major: Proactive, UsedUntilEnabled: 386MB, TimeUntilEnabled: 299,464s
[8,366s][debug  ][gc,director    ] Select Minor GC Workers (Try Lowering), AvoidOOMGCWorkers: 0,069, NextAvoidOOMGCWorkers: 0,069, LastGCWorkers: 5,000, GCWorkers: 1,000
[8,366s][debug  ][gc,director    ] Rule Minor: Allocation Rate (Dynamic GC Workers), MaxAllocRate: 961,3MB/s (+/-30,0%), Free: 13446MB, GCCPUTime: 0,747, GCDuration: 0,747s, TimeUntilOOM: 10,756s, TimeUntilGC: 10,009s, GCWorkers: 1
[8,366s][debug  ][gc,director    ] Select Minor GC Workers (Try Lowering), AvoidOOMGCWorkers: 0,277, NextAvoidOOMGCWorkers: 0,280, LastGCWorkers: 5,000, GCWorkers: 1,000
[8,366s][debug  ][gc,director    ] Rule Minor: Allocation Rate (Dynamic GC Workers), MaxAllocRate: 3859,5MB/s (+/-30,0%), Free: 13446MB, GCCPUTime: 0,747, GCDuration: 0,747s, TimeUntilOOM: 2,679s, TimeUntilGC: 1,932s, GCWorkers: 1
[8,366s][debug  ][gc,director    ] Rule Minor: High Usage, Free: 13446MB(87,5%)
[8,376s][debug  ][gc,director    ] Rule Major: Proactive, UsedUntilEnabled: 372MB, TimeUntilEnabled: 299,453s
[8,376s][debug  ][gc,director    ] Select Minor GC Workers (Try Lowering), AvoidOOMGCWorkers: 0,069, NextAvoidOOMGCWorkers: 0,069, LastGCWorkers: 5,000, GCWorkers: 1,000
[8,376s][debug  ][gc,director    ] Rule Minor: Allocation Rate (Dynamic GC Workers), MaxAllocRate: 961,3MB/s (+/-30,0%), Free: 13432MB, GCCPUTime: 0,747, GCDuration: 0,747s, TimeUntilOOM: 10,745s, TimeUntilGC: 9,998s, GCWorkers: 1
[8,376s][debug  ][gc,director    ] Select Minor GC Workers (Try Lowering), AvoidOOMGCWorkers: 0,277, NextAvoidOOMGCWorkers: 0,279, LastGCWorkers: 5,000, GCWorkers: 1,000
[8,376s][debug  ][gc,director    ] Rule Minor: Allocation Rate (Dynamic GC Workers), MaxAllocRate: 3859,5MB/s (+/-30,0%), Free: 13432MB, GCCPUTime: 0,747, GCDuration: 0,747s, TimeUntilOOM: 2,676s, TimeUntilGC: 1,929s, GCWorkers: 1
[8,376s][debug  ][gc,director    ] Rule Minor: High Usage, Free: 13432MB(87,4%)
[8,387s][debug  ][gc,director    ] Rule Major: Proactive, UsedUntilEnabled: 360MB, TimeUntilEnabled: 299,443s
[8,387s][debug  ][gc,director    ] Select Minor GC Workers (Try Lowering), AvoidOOMGCWorkers: 0,069, NextAvoidOOMGCWorkers: 0,069, LastGCWorkers: 5,000, GCWorkers: 1,000
[8,387s][debug  ][gc,director    ] Rule Minor: Allocation Rate (Dynamic GC Workers), MaxAllocRate: 961,3MB/s (+/-30,0%), Free: 13420MB, GCCPUTime: 0,747, GCDuration: 0,747s, TimeUntilOOM: 10,735s, TimeUntilGC: 9,988s, GCWorkers: 1
[8,387s][debug  ][gc,director    ] Select Minor GC Workers (Try Lowering), AvoidOOMGCWorkers: 0,277, NextAvoidOOMGCWorkers: 0,278, LastGCWorkers: 5,000, GCWorkers: 1,000
[8,387s][debug  ][gc,director    ] Rule Minor: Allocation Rate (Dynamic GC Workers), MaxAllocRate: 3859,5MB/s (+/-30,0%), Free: 13420MB, GCCPUTime: 0,747, GCDuration: 0,747s, TimeUntilOOM: 2,674s, TimeUntilGC: 1,927s, GCWorkers: 1
[8,387s][debug  ][gc,director    ] Rule Minor: High Usage, Free: 13420MB(87,4%)
[8,397s][debug  ][gc,director    ] Rule Major: Proactive, UsedUntilEnabled: 346MB, TimeUntilEnabled: 299,433s
[8,397s][debug  ][gc,director    ] Select Minor GC Workers (Try Lowering), AvoidOOMGCWorkers: 0,069, NextAvoidOOMGCWorkers: 0,069, LastGCWorkers: 5,000, GCWorkers: 1,000
[8,397s][debug  ][gc,director    ] Rule Minor: Allocation Rate (Dynamic GC Workers), MaxAllocRate: 961,3MB/s (+/-30,0%), Free: 13406MB, GCCPUTime: 0,747, GCDuration: 0,747s, TimeUntilOOM: 10,724s, TimeUntilGC: 9,977s, GCWorkers: 1
[8,397s][debug  ][gc,director    ] Select Minor GC Workers (Try Lowering), AvoidOOMGCWorkers: 0,278, NextAvoidOOMGCWorkers: 0,278, LastGCWorkers: 5,000, GCWorkers: 1,000
[8,397s][debug  ][gc,director    ] Rule Minor: Allocation Rate (Dynamic GC Workers), MaxAllocRate: 3859,5MB/s (+/-30,0%), Free: 13406MB, GCCPUTime: 0,747, GCDuration: 0,747s, TimeUntilOOM: 2,671s, TimeUntilGC: 1,924s, GCWorkers: 1
[8,397s][debug  ][gc,director    ] Rule Minor: High Usage, Free: 13406MB(87,3%)
[8,407s][debug  ][gc,director    ] Rule Major: Proactive, UsedUntilEnabled: 332MB, TimeUntilEnabled: 299,423s
[8,407s][debug  ][gc,director    ] Select Minor GC Workers (Try Lowering), AvoidOOMGCWorkers: 0,069, NextAvoidOOMGCWorkers: 0,069, LastGCWorkers: 5,000, GCWorkers: 1,000
[8,407s][debug  ][gc,director    ] Rule Minor: Allocation Rate (Dynamic GC Workers), MaxAllocRate: 961,3MB/s (+/-30,0%), Free: 13392MB, GCCPUTime: 0,747, GCDuration: 0,747s, TimeUntilOOM: 10,713s, TimeUntilGC: 9,966s, GCWorkers: 1
[8,407s][debug  ][gc,director    ] Select Minor GC Workers (Try Lowering), AvoidOOMGCWorkers: 0,278, NextAvoidOOMGCWorkers: 0,277, LastGCWorkers: 5,000, GCWorkers: 1,000
[8,407s][debug  ][gc,director    ] Rule Minor: Allocation Rate (Dynamic GC Workers), MaxAllocRate: 3859,5MB/s (+/-30,0%), Free: 13392MB, GCCPUTime: 0,747, GCDuration: 0,747s, TimeUntilOOM: 2,668s, TimeUntilGC: 1,921s, GCWorkers: 1
[8,407s][debug  ][gc,director    ] Rule Minor: High Usage, Free: 13392MB(87,2%)
[8,417s][debug  ][gc,director    ] Rule Major: Proactive, UsedUntilEnabled: 320MB, TimeUntilEnabled: 299,413s
[8,417s][debug  ][gc,director    ] Select Minor GC Workers (Try Lowering), AvoidOOMGCWorkers: 0,069, NextAvoidOOMGCWorkers: 0,069, LastGCWorkers: 5,000, GCWorkers: 1,000
[8,417s][debug  ][gc,director    ] Rule Minor: Allocation Rate (Dynamic GC Workers), MaxAllocRate: 961,3MB/s (+/-30,0%), Free: 13380MB, GCCPUTime: 0,747, GCDuration: 0,747s, TimeUntilOOM: 10,703s, TimeUntilGC: 9,956s, GCWorkers: 1
[8,417s][debug  ][gc,director    ] Select Minor GC Workers (Try Lowering), AvoidOOMGCWorkers: 0,278, NextAvoidOOMGCWorkers: 0,276, LastGCWorkers: 5,000, GCWorkers: 1,000
[8,417s][debug  ][gc,director    ] Rule Minor: Allocation Rate (Dynamic GC Workers), MaxAllocRate: 3859,5MB/s (+/-30,0%), Free: 13380MB, GCCPUTime: 0,747, GCDuration: 0,747s, TimeUntilOOM: 2,666s, TimeUntilGC: 1,919s, GCWorkers: 1
[8,417s][debug  ][gc,director    ] Rule Minor: High Usage, Free: 13380MB(87,1%)
[8,427s][debug  ][gc,director    ] Rule Major: Proactive, UsedUntilEnabled: 306MB, TimeUntilEnabled: 299,402s
[8,427s][debug  ][gc,director    ] Select Minor GC Workers (Try Lowering), AvoidOOMGCWorkers: 0,069, NextAvoidOOMGCWorkers: 0,069, LastGCWorkers: 5,000, GCWorkers: 1,000
[8,427s][debug  ][gc,director    ] Rule Minor: Allocation Rate (Dynamic GC Workers), MaxAllocRate: 961,3MB/s (+/-30,0%), Free: 13366MB, GCCPUTime: 0,747, GCDuration: 0,747s, TimeUntilOOM: 10,692s, TimeUntilGC: 9,945s, GCWorkers: 1
[8,427s][debug  ][gc,director    ] Select Minor GC Workers (Try Lowering), AvoidOOMGCWorkers: 0,278, NextAvoidOOMGCWorkers: 0,275, LastGCWorkers: 5,000, GCWorkers: 1,000
[8,427s][debug  ][gc,director    ] Rule Minor: Allocation Rate (Dynamic GC Workers), MaxAllocRate: 3859,5MB/s (+/-30,0%), Free: 13366MB, GCCPUTime: 0,747, GCDuration: 0,747s, TimeUntilOOM: 2,663s, TimeUntilGC: 1,916s, GCWorkers: 1
[8,427s][debug  ][gc,director    ] Rule Minor: High Usage, Free: 13366MB(87,0%)
[8,428s][debug  ][gc,alloc       ] Mutator Allocation Rate: 1333,5MB/s Predicted: 1460,8MB/s, Avg: 965,9(+/-289,9)MB/s
[8,428s][debug  ][gc,director    ] Rule Major: Proactive, UsedUntilEnabled: 304MB, TimeUntilEnabled: 299,402s
[8,428s][debug  ][gc,director    ] Select Minor GC Workers (Try Lowering), AvoidOOMGCWorkers: 0,070, NextAvoidOOMGCWorkers: 0,069, LastGCWorkers: 5,000, GCWorkers: 1,000
[8,428s][debug  ][gc,director    ] Rule Minor: Allocation Rate (Dynamic GC Workers), MaxAllocRate: 965,9MB/s (+/-30,0%), Free: 13364MB, GCCPUTime: 0,747, GCDuration: 0,747s, TimeUntilOOM: 10,642s, TimeUntilGC: 9,895s, GCWorkers: 1
[8,428s][debug  ][gc,director    ] Select Minor GC Workers (Try Lowering), AvoidOOMGCWorkers: 0,280, NextAvoidOOMGCWorkers: 0,276, LastGCWorkers: 5,000, GCWorkers: 1,000
[8,428s][debug  ][gc,director    ] Rule Minor: Allocation Rate (Dynamic GC Workers), MaxAllocRate: 3875,4MB/s (+/-30,0%), Free: 13364MB, GCCPUTime: 0,747, GCDuration: 0,747s, TimeUntilOOM: 2,652s, TimeUntilGC: 1,905s, GCWorkers: 1
[8,428s][debug  ][gc,director    ] Rule Minor: High Usage, Free: 13364MB(87,0%)
[8,438s][debug  ][gc,director    ] Rule Major: Proactive, UsedUntilEnabled: 292MB, TimeUntilEnabled: 299,392s
[8,438s][debug  ][gc,director    ] Select Minor GC Workers (Try Lowering), AvoidOOMGCWorkers: 0,070, NextAvoidOOMGCWorkers: 0,069, LastGCWorkers: 5,000, GCWorkers: 1,000
[8,438s][debug  ][gc,director    ] Rule Minor: Allocation Rate (Dynamic GC Workers), MaxAllocRate: 965,9MB/s (+/-30,0%), Free: 13352MB, GCCPUTime: 0,747, GCDuration: 0,747s, TimeUntilOOM: 10,633s, TimeUntilGC: 9,886s, GCWorkers: 1
[8,438s][debug  ][gc,director    ] Select Minor GC Workers (Try Lowering), AvoidOOMGCWorkers: 0,280, NextAvoidOOMGCWorkers: 0,276, LastGCWorkers: 5,000, GCWorkers: 1,000
[8,438s][debug  ][gc,director    ] Rule Minor: Allocation Rate (Dynamic GC Workers), MaxAllocRate: 3875,4MB/s (+/-30,0%), Free: 13352MB, GCCPUTime: 0,747, GCDuration: 0,747s, TimeUntilOOM: 2,650s, TimeUntilGC: 1,903s, GCWorkers: 1
[8,438s][debug  ][gc,director    ] Rule Minor: High Usage, Free: 13352MB(86,9%)
[8,448s][debug  ][gc,director    ] Rule Major: Proactive, UsedUntilEnabled: 278MB, TimeUntilEnabled: 299,382s
[8,448s][debug  ][gc,director    ] Select Minor GC Workers (Try Lowering), AvoidOOMGCWorkers: 0,070, NextAvoidOOMGCWorkers: 0,069, LastGCWorkers: 5,000, GCWorkers: 1,000
[8,448s][debug  ][gc,director    ] Rule Minor: Allocation Rate (Dynamic GC Workers), MaxAllocRate: 965,9MB/s (+/-30,0%), Free: 13338MB, GCCPUTime: 0,747, GCDuration: 0,747s, TimeUntilOOM: 10,622s, TimeUntilGC: 9,875s, GCWorkers: 1
[8,448s][debug  ][gc,director    ] Select Minor GC Workers (Try Lowering), AvoidOOMGCWorkers: 0,280, NextAvoidOOMGCWorkers: 0,275, LastGCWorkers: 5,000, GCWorkers: 1,000
[8,448s][debug  ][gc,director    ] Rule Minor: Allocation Rate (Dynamic GC Workers), MaxAllocRate: 3875,4MB/s (+/-30,0%), Free: 13338MB, GCCPUTime: 0,747, GCDuration: 0,747s, TimeUntilOOM: 2,647s, TimeUntilGC: 1,900s, GCWorkers: 1
[8,448s][debug  ][gc,director    ] Rule Minor: High Usage, Free: 13338MB(86,8%)
[8,458s][debug  ][gc,director    ] Rule Major: Proactive, UsedUntilEnabled: 264MB, TimeUntilEnabled: 299,371s
[8,458s][debug  ][gc,director    ] Select Minor GC Workers (Try Lowering), AvoidOOMGCWorkers: 0,070, NextAvoidOOMGCWorkers: 0,069, LastGCWorkers: 5,000, GCWorkers: 1,000
[8,458s][debug  ][gc,director    ] Rule Minor: Allocation Rate (Dynamic GC Workers), MaxAllocRate: 965,9MB/s (+/-30,0%), Free: 13324MB, GCCPUTime: 0,747, GCDuration: 0,747s, TimeUntilOOM: 10,610s, TimeUntilGC: 9,864s, GCWorkers: 1
[8,458s][debug  ][gc,director    ] Select Minor GC Workers (Try Lowering), AvoidOOMGCWorkers: 0,280, NextAvoidOOMGCWorkers: 0,274, LastGCWorkers: 5,000, GCWorkers: 1,000
[8,458s][debug  ][gc,director    ] Rule Minor: Allocation Rate (Dynamic GC Workers), MaxAllocRate: 3875,4MB/s (+/-30,0%), Free: 13324MB, GCCPUTime: 0,747, GCDuration: 0,747s, TimeUntilOOM: 2,644s, TimeUntilGC: 1,898s, GCWorkers: 1
[8,458s][debug  ][gc,director    ] Rule Minor: High Usage, Free: 13324MB(86,7%)
[8,468s][debug  ][gc,director    ] Rule Major: Proactive, UsedUntilEnabled: 252MB, TimeUntilEnabled: 299,361s
[8,468s][debug  ][gc,director    ] Select Minor GC Workers (Try Lowering), AvoidOOMGCWorkers: 0,070, NextAvoidOOMGCWorkers: 0,069, LastGCWorkers: 5,000, GCWorkers: 1,000
[8,468s][debug  ][gc,director    ] Rule Minor: Allocation Rate (Dynamic GC Workers), MaxAllocRate: 965,9MB/s (+/-30,0%), Free: 13312MB, GCCPUTime: 0,747, GCDuration: 0,747s, TimeUntilOOM: 10,601s, TimeUntilGC: 9,854s, GCWorkers: 1
[8,468s][debug  ][gc,director    ] Select Minor GC Workers (Try Lowering), AvoidOOMGCWorkers: 0,281, NextAvoidOOMGCWorkers: 0,273, LastGCWorkers: 5,000, GCWorkers: 1,000
[8,468s][debug  ][gc,director    ] Rule Minor: Allocation Rate (Dynamic GC Workers), MaxAllocRate: 3875,4MB/s (+/-30,0%), Free: 13312MB, GCCPUTime: 0,747, GCDuration: 0,747s, TimeUntilOOM: 2,642s, TimeUntilGC: 1,895s, GCWorkers: 1
[8,468s][debug  ][gc,director    ] Rule Minor: High Usage, Free: 13312MB(86,7%)
[8,479s][debug  ][gc,director    ] Rule Major: Proactive, UsedUntilEnabled: 238MB, TimeUntilEnabled: 299,351s
[8,479s][debug  ][gc,director    ] Select Minor GC Workers (Try Lowering), AvoidOOMGCWorkers: 0,070, NextAvoidOOMGCWorkers: 0,069, LastGCWorkers: 5,000, GCWorkers: 1,000
[8,479s][debug  ][gc,director    ] Rule Minor: Allocation Rate (Dynamic GC Workers), MaxAllocRate: 965,9MB/s (+/-30,0%), Free: 13298MB, GCCPUTime: 0,747, GCDuration: 0,747s, TimeUntilOOM: 10,590s, TimeUntilGC: 9,843s, GCWorkers: 1
[8,479s][debug  ][gc,director    ] Select Minor GC Workers (Try Lowering), AvoidOOMGCWorkers: 0,281, NextAvoidOOMGCWorkers: 0,273, LastGCWorkers: 5,000, GCWorkers: 1,000
[8,479s][debug  ][gc,director    ] Rule Minor: Allocation Rate (Dynamic GC Workers), MaxAllocRate: 3875,4MB/s (+/-30,0%), Free: 13298MB, GCCPUTime: 0,747, GCDuration: 0,747s, TimeUntilOOM: 2,639s, TimeUntilGC: 1,892s, GCWorkers: 1
[8,479s][debug  ][gc,director    ] Rule Minor: High Usage, Free: 13298MB(86,6%)
[8,489s][debug  ][gc,director    ] Rule Major: Proactive, UsedUntilEnabled: 224MB, TimeUntilEnabled: 299,341s
[8,489s][debug  ][gc,director    ] Select Minor GC Workers (Try Lowering), AvoidOOMGCWorkers: 0,070, NextAvoidOOMGCWorkers: 0,069, LastGCWorkers: 5,000, GCWorkers: 1,000
[8,489s][debug  ][gc,director    ] Rule Minor: Allocation Rate (Dynamic GC Workers), MaxAllocRate: 965,9MB/s (+/-30,0%), Free: 13284MB, GCCPUTime: 0,747, GCDuration: 0,747s, TimeUntilOOM: 10,579s, TimeUntilGC: 9,832s, GCWorkers: 1
[8,489s][debug  ][gc,director    ] Select Minor GC Workers (Try Lowering), AvoidOOMGCWorkers: 0,281, NextAvoidOOMGCWorkers: 0,272, LastGCWorkers: 5,000, GCWorkers: 1,000
[8,489s][debug  ][gc,director    ] Rule Minor: Allocation Rate (Dynamic GC Workers), MaxAllocRate: 3875,4MB/s (+/-30,0%), Free: 13284MB, GCCPUTime: 0,747, GCDuration: 0,747s, TimeUntilOOM: 2,636s, TimeUntilGC: 1,890s, GCWorkers: 1
[8,489s][debug  ][gc,director    ] Rule Minor: High Usage, Free: 13284MB(86,5%)
[8,499s][debug  ][gc,director    ] Rule Major: Proactive, UsedUntilEnabled: 210MB, TimeUntilEnabled: 299,331s
[8,499s][debug  ][gc,director    ] Select Minor GC Workers (Try Lowering), AvoidOOMGCWorkers: 0,070, NextAvoidOOMGCWorkers: 0,069, LastGCWorkers: 5,000, GCWorkers: 1,000
[8,499s][debug  ][gc,director    ] Rule Minor: Allocation Rate (Dynamic GC Workers), MaxAllocRate: 965,9MB/s (+/-30,0%), Free: 13270MB, GCCPUTime: 0,747, GCDuration: 0,747s, TimeUntilOOM: 10,567s, TimeUntilGC: 9,821s, GCWorkers: 1
[8,499s][debug  ][gc,director    ] Select Minor GC Workers (Try Lowering), AvoidOOMGCWorkers: 0,282, NextAvoidOOMGCWorkers: 0,271, LastGCWorkers: 5,000, GCWorkers: 1,000
[8,499s][debug  ][gc,director    ] Rule Minor: Allocation Rate (Dynamic GC Workers), MaxAllocRate: 3875,4MB/s (+/-30,0%), Free: 13270MB, GCCPUTime: 0,747, GCDuration: 0,747s, TimeUntilOOM: 2,634s, TimeUntilGC: 1,887s, GCWorkers: 1
[8,499s][debug  ][gc,director    ] Rule Minor: High Usage, Free: 13270MB(86,4%)
[8,509s][debug  ][gc,director    ] Rule Major: Proactive, UsedUntilEnabled: 198MB, TimeUntilEnabled: 299,321s
[8,509s][debug  ][gc,director    ] Select Minor GC Workers (Try Lowering), AvoidOOMGCWorkers: 0,070, NextAvoidOOMGCWorkers: 0,069, LastGCWorkers: 5,000, GCWorkers: 1,000
[8,509s][debug  ][gc,director    ] Rule Minor: Allocation Rate (Dynamic GC Workers), MaxAllocRate: 965,9MB/s (+/-30,0%), Free: 13258MB, GCCPUTime: 0,747, GCDuration: 0,747s, TimeUntilOOM: 10,558s, TimeUntilGC: 9,811s, GCWorkers: 1
[8,509s][debug  ][gc,director    ] Select Minor GC Workers (Try Lowering), AvoidOOMGCWorkers: 0,282, NextAvoidOOMGCWorkers: 0,270, LastGCWorkers: 5,000, GCWorkers: 1,000
[8,509s][debug  ][gc,director    ] Rule Minor: Allocation Rate (Dynamic GC Workers), MaxAllocRate: 3875,4MB/s (+/-30,0%), Free: 13258MB, GCCPUTime: 0,747, GCDuration: 0,747s, TimeUntilOOM: 2,631s, TimeUntilGC: 1,884s, GCWorkers: 1
[8,509s][debug  ][gc,director    ] Rule Minor: High Usage, Free: 13258MB(86,3%)
[8,519s][debug  ][gc,director    ] Rule Major: Proactive, UsedUntilEnabled: 186MB, TimeUntilEnabled: 299,311s
[8,519s][debug  ][gc,director    ] Select Minor GC Workers (Try Lowering), AvoidOOMGCWorkers: 0,070, NextAvoidOOMGCWorkers: 0,069, LastGCWorkers: 5,000, GCWorkers: 1,000
[8,519s][debug  ][gc,director    ] Rule Minor: Allocation Rate (Dynamic GC Workers), MaxAllocRate: 965,9MB/s (+/-30,0%), Free: 13246MB, GCCPUTime: 0,747, GCDuration: 0,747s, TimeUntilOOM: 10,548s, TimeUntilGC: 9,801s, GCWorkers: 1
[8,519s][debug  ][gc,director    ] Select Minor GC Workers (Try Lowering), AvoidOOMGCWorkers: 0,282, NextAvoidOOMGCWorkers: 0,270, LastGCWorkers: 5,000, GCWorkers: 1,000
[8,519s][debug  ][gc,director    ] Rule Minor: Allocation Rate (Dynamic GC Workers), MaxAllocRate: 3875,4MB/s (+/-30,0%), Free: 13246MB, GCCPUTime: 0,747, GCDuration: 0,747s, TimeUntilOOM: 2,629s, TimeUntilGC: 1,882s, GCWorkers: 1
[8,519s][debug  ][gc,director    ] Rule Minor: High Usage, Free: 13246MB(86,2%)
[8,519s][debug  ][gc,alloc       ] Mutator Allocation Rate: 1333,2MB/s Predicted: 1466,5MB/s, Avg: 970,3(+/-290,9)MB/s
[8,519s][debug  ][gc,director    ] Rule Major: Proactive, UsedUntilEnabled: 184MB, TimeUntilEnabled: 299,310s
[8,519s][debug  ][gc,director    ] Select Minor GC Workers (Try Lowering), AvoidOOMGCWorkers: 0,070, NextAvoidOOMGCWorkers: 0,070, LastGCWorkers: 5,000, GCWorkers: 1,000
[8,519s][debug  ][gc,director    ] Rule Minor: Allocation Rate (Dynamic GC Workers), MaxAllocRate: 970,3MB/s (+/-30,0%), Free: 13244MB, GCCPUTime: 0,747, GCDuration: 0,747s, TimeUntilOOM: 10,501s, TimeUntilGC: 9,754s, GCWorkers: 1
[8,519s][debug  ][gc,director    ] Select Minor GC Workers (Try Lowering), AvoidOOMGCWorkers: 0,283, NextAvoidOOMGCWorkers: 0,270, LastGCWorkers: 5,000, GCWorkers: 1,000
[8,519s][debug  ][gc,director    ] Rule Minor: Allocation Rate (Dynamic GC Workers), MaxAllocRate: 3890,3MB/s (+/-30,0%), Free: 13244MB, GCCPUTime: 0,747, GCDuration: 0,747s, TimeUntilOOM: 2,619s, TimeUntilGC: 1,872s, GCWorkers: 1
[8,519s][debug  ][gc,director    ] Rule Minor: High Usage, Free: 13244MB(86,2%)
[8,529s][debug  ][gc,director    ] Rule Major: Proactive, UsedUntilEnabled: 172MB, TimeUntilEnabled: 299,300s
[8,529s][debug  ][gc,director    ] Select Minor GC Workers (Try Lowering), AvoidOOMGCWorkers: 0,071, NextAvoidOOMGCWorkers: 0,070, LastGCWorkers: 5,000, GCWorkers: 1,000
[8,529s][debug  ][gc,director    ] Rule Minor: Allocation Rate (Dynamic GC Workers), MaxAllocRate: 970,3MB/s (+/-30,0%), Free: 13232MB, GCCPUTime: 0,747, GCDuration: 0,747s, TimeUntilOOM: 10,492s, TimeUntilGC: 9,745s, GCWorkers: 1
[8,529s][debug  ][gc,director    ] Select Minor GC Workers (Try Lowering), AvoidOOMGCWorkers: 0,283, NextAvoidOOMGCWorkers: 0,270, LastGCWorkers: 5,000, GCWorkers: 1,000
[8,529s][debug  ][gc,director    ] Rule Minor: Allocation Rate (Dynamic GC Workers), MaxAllocRate: 3890,3MB/s (+/-30,0%), Free: 13232MB, GCCPUTime: 0,747, GCDuration: 0,747s, TimeUntilOOM: 2,617s, TimeUntilGC: 1,870s, GCWorkers: 1
[8,529s][debug  ][gc,director    ] Rule Minor: High Usage, Free: 13232MB(86,1%)
[8,540s][debug  ][gc,director    ] Rule Major: Proactive, UsedUntilEnabled: 158MB, TimeUntilEnabled: 299,290s
[8,540s][debug  ][gc,director    ] Select Minor GC Workers (Try Lowering), AvoidOOMGCWorkers: 0,071, NextAvoidOOMGCWorkers: 0,070, LastGCWorkers: 5,000, GCWorkers: 1,000
[8,540s][debug  ][gc,director    ] Rule Minor: Allocation Rate (Dynamic GC Workers), MaxAllocRate: 970,3MB/s (+/-30,0%), Free: 13218MB, GCCPUTime: 0,747, GCDuration: 0,747s, TimeUntilOOM: 10,481s, TimeUntilGC: 9,734s, GCWorkers: 1
[8,540s][debug  ][gc,director    ] Select Minor GC Workers (Try Lowering), AvoidOOMGCWorkers: 0,284, NextAvoidOOMGCWorkers: 0,269, LastGCWorkers: 5,000, GCWorkers: 1,000
[8,540s][debug  ][gc,director    ] Rule Minor: Allocation Rate (Dynamic GC Workers), MaxAllocRate: 3890,3MB/s (+/-30,0%), Free: 13218MB, GCCPUTime: 0,747, GCDuration: 0,747s, TimeUntilOOM: 2,614s, TimeUntilGC: 1,867s, GCWorkers: 1
[8,540s][debug  ][gc,director    ] Rule Minor: High Usage, Free: 13218MB(86,1%)
[8,550s][debug  ][gc,director    ] Rule Major: Proactive, UsedUntilEnabled: 146MB, TimeUntilEnabled: 299,280s
[8,550s][debug  ][gc,director    ] Select Minor GC Workers (Try Lowering), AvoidOOMGCWorkers: 0,071, NextAvoidOOMGCWorkers: 0,070, LastGCWorkers: 5,000, GCWorkers: 1,000
[8,550s][debug  ][gc,director    ] Rule Minor: Allocation Rate (Dynamic GC Workers), MaxAllocRate: 970,3MB/s (+/-30,0%), Free: 13206MB, GCCPUTime: 0,747, GCDuration: 0,747s, TimeUntilOOM: 10,471s, TimeUntilGC: 9,724s, GCWorkers: 1
[8,550s][debug  ][gc,director    ] Select Minor GC Workers (Try Lowering), AvoidOOMGCWorkers: 0,284, NextAvoidOOMGCWorkers: 0,268, LastGCWorkers: 5,000, GCWorkers: 1,000
[8,550s][debug  ][gc,director    ] Rule Minor: Allocation Rate (Dynamic GC Workers), MaxAllocRate: 3890,3MB/s (+/-30,0%), Free: 13206MB, GCCPUTime: 0,747, GCDuration: 0,747s, TimeUntilOOM: 2,612s, TimeUntilGC: 1,865s, GCWorkers: 1
[8,550s][debug  ][gc,director    ] Rule Minor: High Usage, Free: 13206MB(86,0%)
[8,560s][debug  ][gc,director    ] Rule Major: Proactive, UsedUntilEnabled: 132MB, TimeUntilEnabled: 299,270s
[8,560s][debug  ][gc,director    ] Select Minor GC Workers (Try Lowering), AvoidOOMGCWorkers: 0,071, NextAvoidOOMGCWorkers: 0,070, LastGCWorkers: 5,000, GCWorkers: 1,000
[8,560s][debug  ][gc,director    ] Rule Minor: Allocation Rate (Dynamic GC Workers), MaxAllocRate: 970,3MB/s (+/-30,0%), Free: 13192MB, GCCPUTime: 0,747, GCDuration: 0,747s, TimeUntilOOM: 10,460s, TimeUntilGC: 9,713s, GCWorkers: 1
[8,560s][debug  ][gc,director    ] Select Minor GC Workers (Try Lowering), AvoidOOMGCWorkers: 0,284, NextAvoidOOMGCWorkers: 0,268, LastGCWorkers: 5,000, GCWorkers: 1,000
[8,560s][debug  ][gc,director    ] Rule Minor: Allocation Rate (Dynamic GC Workers), MaxAllocRate: 3890,3MB/s (+/-30,0%), Free: 13192MB, GCCPUTime: 0,747, GCDuration: 0,747s, TimeUntilOOM: 2,609s, TimeUntilGC: 1,862s, GCWorkers: 1
[8,560s][debug  ][gc,director    ] Rule Minor: High Usage, Free: 13192MB(85,9%)
[8,570s][debug  ][gc,director    ] Rule Major: Proactive, UsedUntilEnabled: 118MB, TimeUntilEnabled: 299,259s
[8,570s][debug  ][gc,director    ] Select Minor GC Workers (Try Lowering), AvoidOOMGCWorkers: 0,071, NextAvoidOOMGCWorkers: 0,070, LastGCWorkers: 5,000, GCWorkers: 1,000
[8,570s][debug  ][gc,director    ] Rule Minor: Allocation Rate (Dynamic GC Workers), MaxAllocRate: 970,3MB/s (+/-30,0%), Free: 13178MB, GCCPUTime: 0,747, GCDuration: 0,747s, TimeUntilOOM: 10,449s, TimeUntilGC: 9,702s, GCWorkers: 1
[8,570s][debug  ][gc,director    ] Select Minor GC Workers (Try Lowering), AvoidOOMGCWorkers: 0,285, NextAvoidOOMGCWorkers: 0,267, LastGCWorkers: 5,000, GCWorkers: 1,000
[8,570s][debug  ][gc,director    ] Rule Minor: Allocation Rate (Dynamic GC Workers), MaxAllocRate: 3890,3MB/s (+/-30,0%), Free: 13178MB, GCCPUTime: 0,747, GCDuration: 0,747s, TimeUntilOOM: 2,606s, TimeUntilGC: 1,859s, GCWorkers: 1
[8,570s][debug  ][gc,director    ] Rule Minor: High Usage, Free: 13178MB(85,8%)
[8,580s][debug  ][gc,director    ] Rule Major: Proactive, UsedUntilEnabled: 104MB, TimeUntilEnabled: 299,249s
[8,580s][debug  ][gc,director    ] Select Minor GC Workers (Try Lowering), AvoidOOMGCWorkers: 0,071, NextAvoidOOMGCWorkers: 0,070, LastGCWorkers: 5,000, GCWorkers: 1,000
[8,581s][debug  ][gc,director    ] Rule Minor: Allocation Rate (Dynamic GC Workers), MaxAllocRate: 970,3MB/s (+/-30,0%), Free: 13164MB, GCCPUTime: 0,747, GCDuration: 0,747s, TimeUntilOOM: 10,438s, TimeUntilGC: 9,691s, GCWorkers: 1
[8,581s][debug  ][gc,director    ] Select Minor GC Workers (Try Lowering), AvoidOOMGCWorkers: 0,285, NextAvoidOOMGCWorkers: 0,266, LastGCWorkers: 5,000, GCWorkers: 1,000
[8,581s][debug  ][gc,director    ] Rule Minor: Allocation Rate (Dynamic GC Workers), MaxAllocRate: 3890,3MB/s (+/-30,0%), Free: 13164MB, GCCPUTime: 0,747, GCDuration: 0,747s, TimeUntilOOM: 2,603s, TimeUntilGC: 1,856s, GCWorkers: 1
[8,581s][debug  ][gc,director    ] Rule Minor: High Usage, Free: 13164MB(85,7%)
[8,584s][debug  ][gc,nmethod     ] Register NMethod: io.sirix.page.delegates.FullReferencesPage.getOrCreateReference (0x00007f374fec7b90) [0x00007f374fec7da0, 0x00007f374fec8518] Compiler: c1, Barriers: 11, Oops: 1, ImmediateOops: 1, NonImmediateOops: No
[8,591s][debug  ][gc,director    ] Rule Major: Proactive, UsedUntilEnabled: 70MB, TimeUntilEnabled: 299,239s
[8,591s][debug  ][gc,director    ] Select Minor GC Workers (Try Lowering), AvoidOOMGCWorkers: 0,071, NextAvoidOOMGCWorkers: 0,070, LastGCWorkers: 5,000, GCWorkers: 1,000
[8,591s][debug  ][gc,director    ] Rule Minor: Allocation Rate (Dynamic GC Workers), MaxAllocRate: 970,3MB/s (+/-30,0%), Free: 13130MB, GCCPUTime: 0,747, GCDuration: 0,747s, TimeUntilOOM: 10,411s, TimeUntilGC: 9,664s, GCWorkers: 1
[8,591s][debug  ][gc,director    ] Select Minor GC Workers (Try Lowering), AvoidOOMGCWorkers: 0,286, NextAvoidOOMGCWorkers: 0,266, LastGCWorkers: 5,000, GCWorkers: 1,000
[8,591s][debug  ][gc,director    ] Rule Minor: Allocation Rate (Dynamic GC Workers), MaxAllocRate: 3890,3MB/s (+/-30,0%), Free: 13130MB, GCCPUTime: 0,747, GCDuration: 0,747s, TimeUntilOOM: 2,597s, TimeUntilGC: 1,850s, GCWorkers: 1
[8,591s][debug  ][gc,director    ] Rule Minor: High Usage, Free: 13130MB(85,5%)
[8,592s][debug  ][gc,alloc       ] Mutator Allocation Rate: 1336,3MB/s Predicted: 1472,2MB/s, Avg: 974,6(+/-291,9)MB/s
[8,592s][debug  ][gc,director    ] Rule Major: Proactive, UsedUntilEnabled: 64MB, TimeUntilEnabled: 299,238s
[8,592s][debug  ][gc,director    ] Select Minor GC Workers (Try Lowering), AvoidOOMGCWorkers: 0,071, NextAvoidOOMGCWorkers: 0,070, LastGCWorkers: 5,000, GCWorkers: 1,000
[8,592s][debug  ][gc,director    ] Rule Minor: Allocation Rate (Dynamic GC Workers), MaxAllocRate: 974,6MB/s (+/-29,9%), Free: 13124MB, GCCPUTime: 0,747, GCDuration: 0,747s, TimeUntilOOM: 10,362s, TimeUntilGC: 9,615s, GCWorkers: 1
[8,592s][debug  ][gc,director    ] Select Minor GC Workers (Try Lowering), AvoidOOMGCWorkers: 0,287, NextAvoidOOMGCWorkers: 0,267, LastGCWorkers: 5,000, GCWorkers: 1,000
[8,592s][debug  ][gc,director    ] Rule Minor: Allocation Rate (Dynamic GC Workers), MaxAllocRate: 3904,8MB/s (+/-29,9%), Free: 13124MB, GCCPUTime: 0,747, GCDuration: 0,747s, TimeUntilOOM: 2,586s, TimeUntilGC: 1,840s, GCWorkers: 1
[8,592s][debug  ][gc,director    ] Rule Minor: High Usage, Free: 13124MB(85,4%)
[8,601s][debug  ][gc,alloc       ] Mutator Allocation Rate: 1350,6MB/s Predicted: 1478,1MB/s, Avg: 979,1(+/-293,0)MB/s
[8,601s][debug  ][gc,director    ] Rule Major: Proactive, AcceptableGCInterval: 39,232s, TimeSinceLastGC: 0,771s, TimeUntilGC: 38,461s
[8,601s][debug  ][gc,director    ] Select Minor GC Workers (Try Lowering), AvoidOOMGCWorkers: 0,072, NextAvoidOOMGCWorkers: 0,071, LastGCWorkers: 5,000, GCWorkers: 1,000
[8,601s][debug  ][gc,director    ] Rule Minor: Allocation Rate (Dynamic GC Workers), MaxAllocRate: 979,1MB/s (+/-29,9%), Free: 13000MB, GCCPUTime: 0,747, GCDuration: 0,747s, TimeUntilOOM: 10,220s, TimeUntilGC: 9,473s, GCWorkers: 1
[8,601s][debug  ][gc,director    ] Select Minor GC Workers (Try Lowering), AvoidOOMGCWorkers: 0,291, NextAvoidOOMGCWorkers: 0,269, LastGCWorkers: 5,000, GCWorkers: 1,000
[8,601s][debug  ][gc,director    ] Rule Minor: Allocation Rate (Dynamic GC Workers), MaxAllocRate: 3920,4MB/s (+/-29,9%), Free: 13000MB, GCCPUTime: 0,747, GCDuration: 0,747s, TimeUntilOOM: 2,552s, TimeUntilGC: 1,805s, GCWorkers: 1
[8,601s][debug  ][gc,director    ] Rule Minor: High Usage, Free: 13000MB(84,6%)
[8,611s][debug  ][gc,director    ] Rule Major: Proactive, AcceptableGCInterval: 39,232s, TimeSinceLastGC: 0,782s, TimeUntilGC: 38,451s
[8,611s][debug  ][gc,director    ] Select Minor GC Workers (Try Lowering), AvoidOOMGCWorkers: 0,073, NextAvoidOOMGCWorkers: 0,071, LastGCWorkers: 5,000, GCWorkers: 1,000
[8,611s][debug  ][gc,director    ] Rule Minor: Allocation Rate (Dynamic GC Workers), MaxAllocRate: 979,1MB/s (+/-29,9%), Free: 12898MB, GCCPUTime: 0,747, GCDuration: 0,747s, TimeUntilOOM: 10,140s, TimeUntilGC: 9,393s, GCWorkers: 1
[8,611s][debug  ][gc,director    ] Select Minor GC Workers (Try Lowering), AvoidOOMGCWorkers: 0,293, NextAvoidOOMGCWorkers: 0,270, LastGCWorkers: 5,000, GCWorkers: 1,000
[8,611s][debug  ][gc,director    ] Rule Minor: Allocation Rate (Dynamic GC Workers), MaxAllocRate: 3920,4MB/s (+/-29,9%), Free: 12898MB, GCCPUTime: 0,747, GCDuration: 0,747s, TimeUntilOOM: 2,532s, TimeUntilGC: 1,785s, GCWorkers: 1
[8,611s][debug  ][gc,director    ] Rule Minor: High Usage, Free: 12898MB(84,0%)
[8,612s][debug  ][gc,alloc       ] Mutator Allocation Rate: 1364,5MB/s Predicted: 1484,5MB/s, Avg: 983,5(+/-294,2)MB/s
[8,612s][debug  ][gc,director    ] Rule Major: Proactive, AcceptableGCInterval: 39,232s, TimeSinceLastGC: 0,782s, TimeUntilGC: 38,450s
[8,612s][debug  ][gc,director    ] Select Minor GC Workers (Try Lowering), AvoidOOMGCWorkers: 0,073, NextAvoidOOMGCWorkers: 0,072, LastGCWorkers: 5,000, GCWorkers: 1,000
[8,612s][debug  ][gc,director    ] Rule Minor: Allocation Rate (Dynamic GC Workers), MaxAllocRate: 983,5MB/s (+/-29,9%), Free: 12882MB, GCCPUTime: 0,747, GCDuration: 0,747s, TimeUntilOOM: 10,082s, TimeUntilGC: 9,335s, GCWorkers: 1
[8,612s][debug  ][gc,director    ] Select Minor GC Workers (Try Lowering), AvoidOOMGCWorkers: 0,294, NextAvoidOOMGCWorkers: 0,271, LastGCWorkers: 5,000, GCWorkers: 1,000
[8,612s][debug  ][gc,director    ] Rule Minor: Allocation Rate (Dynamic GC Workers), MaxAllocRate: 3937,0MB/s (+/-29,9%), Free: 12882MB, GCCPUTime: 0,747, GCDuration: 0,747s, TimeUntilOOM: 2,519s, TimeUntilGC: 1,772s, GCWorkers: 1
[8,612s][debug  ][gc,director    ] Rule Minor: High Usage, Free: 12882MB(83,9%)
[8,622s][debug  ][gc,director    ] Rule Major: Proactive, AcceptableGCInterval: 39,232s, TimeSinceLastGC: 0,792s, TimeUntilGC: 38,440s
[8,622s][debug  ][gc,director    ] Select Minor GC Workers (Try Lowering), AvoidOOMGCWorkers: 0,074, NextAvoidOOMGCWorkers: 0,072, LastGCWorkers: 5,000, GCWorkers: 1,000
[8,622s][debug  ][gc,director    ] Rule Minor: Allocation Rate (Dynamic GC Workers), MaxAllocRate: 983,5MB/s (+/-29,9%), Free: 12768MB, GCCPUTime: 0,747, GCDuration: 0,747s, TimeUntilOOM: 9,993s, TimeUntilGC: 9,246s, GCWorkers: 1
[8,622s][debug  ][gc,director    ] Select Minor GC Workers (Try Lowering), AvoidOOMGCWorkers: 0,297, NextAvoidOOMGCWorkers: 0,272, LastGCWorkers: 5,000, GCWorkers: 1,000
[8,622s][debug  ][gc,director    ] Rule Minor: Allocation Rate (Dynamic GC Workers), MaxAllocRate: 3937,0MB/s (+/-29,9%), Free: 12768MB, GCCPUTime: 0,747, GCDuration: 0,747s, TimeUntilOOM: 2,496s, TimeUntilGC: 1,750s, GCWorkers: 1
[8,622s][debug  ][gc,director    ] Rule Minor: High Usage, Free: 12768MB(83,1%)
[8,622s][debug  ][gc,alloc       ] Mutator Allocation Rate: 1378,4MB/s Predicted: 1491,1MB/s, Avg: 988,1(+/-295,5)MB/s
[8,623s][debug  ][gc,director    ] Rule Major: Proactive, AcceptableGCInterval: 39,232s, TimeSinceLastGC: 0,793s, TimeUntilGC: 38,439s
[8,623s][debug  ][gc,director    ] Select Minor GC Workers (Try Lowering), AvoidOOMGCWorkers: 0,074, NextAvoidOOMGCWorkers: 0,073, LastGCWorkers: 5,000, GCWorkers: 1,000
[8,623s][debug  ][gc,director    ] Rule Minor: Allocation Rate (Dynamic GC Workers), MaxAllocRate: 988,1MB/s (+/-29,9%), Free: 12764MB, GCCPUTime: 0,747, GCDuration: 0,747s, TimeUntilOOM: 9,944s, TimeUntilGC: 9,197s, GCWorkers: 1
[8,623s][debug  ][gc,director    ] Select Minor GC Workers (Try Lowering), AvoidOOMGCWorkers: 0,298, NextAvoidOOMGCWorkers: 0,274, LastGCWorkers: 5,000, GCWorkers: 1,000
[8,623s][debug  ][gc,director    ] Rule Minor: Allocation Rate (Dynamic GC Workers), MaxAllocRate: 3954,6MB/s (+/-29,9%), Free: 12764MB, GCCPUTime: 0,747, GCDuration: 0,747s, TimeUntilOOM: 2,485s, TimeUntilGC: 1,738s, GCWorkers: 1
[8,623s][debug  ][gc,director    ] Rule Minor: High Usage, Free: 12764MB(83,1%)
[8,633s][debug  ][gc,alloc       ] Mutator Allocation Rate: 1392,4MB/s Predicted: 1498,0MB/s, Avg: 992,7(+/-296,9)MB/s
[8,633s][debug  ][gc,director    ] Rule Major: Proactive, AcceptableGCInterval: 39,232s, TimeSinceLastGC: 0,803s, TimeUntilGC: 38,429s
[8,633s][debug  ][gc,director    ] Select Minor GC Workers (Try Lowering), AvoidOOMGCWorkers: 0,075, NextAvoidOOMGCWorkers: 0,074, LastGCWorkers: 5,000, GCWorkers: 1,000
[8,633s][debug  ][gc,director    ] Rule Minor: Allocation Rate (Dynamic GC Workers), MaxAllocRate: 992,7MB/s (+/-29,9%), Free: 12644MB, GCCPUTime: 0,747, GCDuration: 0,747s, TimeUntilOOM: 9,804s, TimeUntilGC: 9,058s, GCWorkers: 1
[8,633s][debug  ][gc,director    ] Select Minor GC Workers (Try Lowering), AvoidOOMGCWorkers: 0,303, NextAvoidOOMGCWorkers: 0,276, LastGCWorkers: 5,000, GCWorkers: 1,000
[8,633s][debug  ][gc,director    ] Rule Minor: Allocation Rate (Dynamic GC Workers), MaxAllocRate: 3973,2MB/s (+/-29,9%), Free: 12644MB, GCCPUTime: 0,747, GCDuration: 0,747s, TimeUntilOOM: 2,450s, TimeUntilGC: 1,703s, GCWorkers: 1
[8,633s][debug  ][gc,director    ] Rule Minor: High Usage, Free: 12644MB(82,3%)
[8,643s][debug  ][gc,director    ] Rule Major: Proactive, AcceptableGCInterval: 39,232s, TimeSinceLastGC: 0,813s, TimeUntilGC: 38,419s
[8,643s][debug  ][gc,director    ] Select Minor GC Workers (Try Lowering), AvoidOOMGCWorkers: 0,076, NextAvoidOOMGCWorkers: 0,074, LastGCWorkers: 5,000, GCWorkers: 1,000
[8,643s][debug  ][gc,director    ] Rule Minor: Allocation Rate (Dynamic GC Workers), MaxAllocRate: 992,7MB/s (+/-29,9%), Free: 12596MB, GCCPUTime: 0,747, GCDuration: 0,747s, TimeUntilOOM: 9,767s, TimeUntilGC: 9,020s, GCWorkers: 1
[8,643s][debug  ][gc,director    ] Select Minor GC Workers (Try Lowering), AvoidOOMGCWorkers: 0,304, NextAvoidOOMGCWorkers: 0,276, LastGCWorkers: 5,000, GCWorkers: 1,000
[8,643s][debug  ][gc,director    ] Rule Minor: Allocation Rate (Dynamic GC Workers), MaxAllocRate: 3973,2MB/s (+/-29,9%), Free: 12596MB, GCCPUTime: 0,747, GCDuration: 0,747s, TimeUntilOOM: 2,440s, TimeUntilGC: 1,693s, GCWorkers: 1
[8,643s][debug  ][gc,director    ] Rule Minor: High Usage, Free: 12596MB(82,0%)
[8,653s][debug  ][gc,director    ] Rule Major: Proactive, AcceptableGCInterval: 39,232s, TimeSinceLastGC: 0,823s, TimeUntilGC: 38,409s
[8,653s][debug  ][gc,director    ] Select Minor GC Workers (Try Lowering), AvoidOOMGCWorkers: 0,076, NextAvoidOOMGCWorkers: 0,074, LastGCWorkers: 5,000, GCWorkers: 1,000
[8,653s][debug  ][gc,director    ] Rule Minor: Allocation Rate (Dynamic GC Workers), MaxAllocRate: 992,7MB/s (+/-29,9%), Free: 12588MB, GCCPUTime: 0,747, GCDuration: 0,747s, TimeUntilOOM: 9,761s, TimeUntilGC: 9,014s, GCWorkers: 1
[8,653s][debug  ][gc,director    ] Select Minor GC Workers (Try Lowering), AvoidOOMGCWorkers: 0,304, NextAvoidOOMGCWorkers: 0,275, LastGCWorkers: 5,000, GCWorkers: 1,000
[8,653s][debug  ][gc,director    ] Rule Minor: Allocation Rate (Dynamic GC Workers), MaxAllocRate: 3973,2MB/s (+/-29,9%), Free: 12588MB, GCCPUTime: 0,747, GCDuration: 0,747s, TimeUntilOOM: 2,439s, TimeUntilGC: 1,692s, GCWorkers: 1
[8,653s][debug  ][gc,director    ] Rule Minor: High Usage, Free: 12588MB(82,0%)
[8,661s][debug  ][gc,nmethod     ] Register NMethod: org.magicwerk.brownies.collections.IList$Iter.hasNext (0x00007f374fdf1e90) [0x00007f374fdf2040, 0x00007f374fdf2328] Compiler: c1, Barriers: 1, Oops: 1, ImmediateOops: 0, NonImmediateOops: No
[8,661s][debug  ][gc,nmethod     ] Register NMethod: io.sirix.page.delegates.ReferencesPage4.getReferences (0x00007f376f2d9f90) [0x00007f376f2da120, 0x00007f376f2da210] Compiler: c1, Barriers: 1, Oops: 1, ImmediateOops: 0, NonImmediateOops: No
[8,663s][debug  ][gc,director    ] Rule Major: Proactive, AcceptableGCInterval: 39,232s, TimeSinceLastGC: 0,834s, TimeUntilGC: 38,399s
[8,663s][debug  ][gc,director    ] Select Minor GC Workers (Try Lowering), AvoidOOMGCWorkers: 0,076, NextAvoidOOMGCWorkers: 0,074, LastGCWorkers: 5,000, GCWorkers: 1,000
[8,663s][debug  ][gc,director    ] Rule Minor: Allocation Rate (Dynamic GC Workers), MaxAllocRate: 992,7MB/s (+/-29,9%), Free: 12580MB, GCCPUTime: 0,747, GCDuration: 0,747s, TimeUntilOOM: 9,755s, TimeUntilGC: 9,008s, GCWorkers: 1
[8,663s][debug  ][gc,director    ] Select Minor GC Workers (Try Lowering), AvoidOOMGCWorkers: 0,304, NextAvoidOOMGCWorkers: 0,274, LastGCWorkers: 5,000, GCWorkers: 1,000
[8,663s][debug  ][gc,director    ] Rule Minor: Allocation Rate (Dynamic GC Workers), MaxAllocRate: 3973,2MB/s (+/-29,9%), Free: 12580MB, GCCPUTime: 0,747, GCDuration: 0,747s, TimeUntilOOM: 2,437s, TimeUntilGC: 1,690s, GCWorkers: 1
[8,663s][debug  ][gc,director    ] Rule Minor: High Usage, Free: 12580MB(81,9%)
[8,667s][debug  ][gc,nmethod     ] Register NMethod: java.io.ByteArrayInputStream.<init> (0x00007f374fe87a10) [0x00007f374fe87bc0, 0x00007f374fe87e10] Compiler: c1, Barriers: 3, Oops: 0, ImmediateOops: 0, NonImmediateOops: No
[8,667s][debug  ][gc,nmethod     ] Register NMethod: io.sirix.page.RevisionRootPage.getPathSummaryPageReference (0x00007f374fe02190) [0x00007f374fe02340, 0x00007f374fe02620] Compiler: c1, Barriers: 1, Oops: 1, ImmediateOops: 0, NonImmediateOops: No
[8,668s][debug  ][gc,nmethod     ] Register NMethod: io.sirix.BinaryEncodingVersion.values (0x00007f374fea8b90) [0x00007f374fea8d40, 0x00007f374fea8fb8] Compiler: c1, Barriers: 0, Oops: 1, ImmediateOops: 1, NonImmediateOops: No
[8,668s][debug  ][gc,nmethod     ] Register NMethod: java.io.ByteArrayInputStream.close (0x00007f374fa62f10) [0x00007f374fa630a0, 0x00007f374fa631a0] Compiler: c1, Barriers: 0, Oops: 0, ImmediateOops: 0, NonImmediateOops: No
[8,668s][debug  ][gc,nmethod     ] Register NMethod: java.nio.DirectByteBuffer.getInt (0x00007f374ff0ae90) [0x00007f374ff0b080, 0x00007f374ff0b458] Compiler: c1, Barriers: 0, Oops: 0, ImmediateOops: 0, NonImmediateOops: No
[8,668s][debug  ][gc,nmethod     ] Register NMethod: java.nio.DirectByteBuffer.getInt (0x00007f374fa71c90) [0x00007f374fa71ee0, 0x00007f374fa727e8] Compiler: c1, Barriers: 1, Oops: 1, ImmediateOops: 2, NonImmediateOops: No
[8,668s][debug  ][gc,nmethod     ] Register NMethod: io.sirix.io.AbstractReader.deserialize (0x00007f374ff58790) [0x00007f374ff58a80, 0x00007f374ff59a78] Compiler: c1, Barriers: 8, Oops: 2, ImmediateOops: 2, NonImmediateOops: No
[8,668s][debug  ][gc,nmethod     ] Register NMethod: java.util.ArrayList.spliterator (0x00007f374fe25990) [0x00007f374fe25b40, 0x00007f374fe25dd0] Compiler: c1, Barriers: 3, Oops: 0, ImmediateOops: 0, NonImmediateOops: No
[8,668s][debug  ][gc,nmethod     ] Register NMethod: java.lang.Thread.threadId (0x00007f376f2d9c90) [0x00007f376f2d9e20, 0x00007f376f2d9ee0] Compiler: c1, Barriers: 0, Oops: 0, ImmediateOops: 0, NonImmediateOops: No
[8,670s][debug  ][gc,nmethod     ] Register NMethod: sun.nio.ch.Util$BufferCache.next (0x00007f374fc28890) [0x00007f374fc28a20, 0x00007f374fc28b50] Compiler: c1, Barriers: 0, Oops: 0, ImmediateOops: 0, NonImmediateOops: No
[8,670s][debug  ][gc,nmethod     ] Register NMethod: sun.nio.ch.Util$BufferCache.get (0x00007f374faa1290) [0x00007f374faa14e0, 0x00007f374faa1f48] Compiler: c1, Barriers: 9, Oops: 0, ImmediateOops: 0, NonImmediateOops: No
[8,671s][debug  ][gc,nmethod     ] Register NMethod: io.sirix.page.KeyValueLeafPage.getNumberOfNonNullEntries (0x00007f376f2d9290) [0x00007f376f2d9440, 0x00007f376f2d9ba0] Compiler: c2, Barriers: 12, Oops: 1, ImmediateOops: 0, NonImmediateOops: No
[8,671s][debug  ][gc,nmethod     ] Register NMethod: sun.nio.ch.Util.isBufferTooLarge (0x00007f374fec9b90) [0x00007f374fec9d40, 0x00007f374fec9f08] Compiler: c1, Barriers: 0, Oops: 0, ImmediateOops: 0, NonImmediateOops: No
[8,671s][debug  ][gc,nmethod     ] Register NMethod: sun.nio.ch.Util$BufferCache.offerFirst (0x00007f374fe30990) [0x00007f374fe30b40, 0x00007f374fe30ec8] Compiler: c1, Barriers: 4, Oops: 0, ImmediateOops: 0, NonImmediateOops: No
[8,673s][debug  ][gc,director    ] Rule Major: Proactive, AcceptableGCInterval: 39,232s, TimeSinceLastGC: 0,844s, TimeUntilGC: 38,389s
[8,673s][debug  ][gc,director    ] Select Minor GC Workers (Try Lowering), AvoidOOMGCWorkers: 0,076, NextAvoidOOMGCWorkers: 0,074, LastGCWorkers: 5,000, GCWorkers: 1,000
[8,673s][debug  ][gc,director    ] Rule Minor: Allocation Rate (Dynamic GC Workers), MaxAllocRate: 992,7MB/s (+/-29,9%), Free: 12572MB, GCCPUTime: 0,747, GCDuration: 0,747s, TimeUntilOOM: 9,749s, TimeUntilGC: 9,002s, GCWorkers: 1
[8,673s][debug  ][gc,director    ] Select Minor GC Workers (Try Lowering), AvoidOOMGCWorkers: 0,305, NextAvoidOOMGCWorkers: 0,273, LastGCWorkers: 5,000, GCWorkers: 1,000
[8,673s][debug  ][gc,director    ] Rule Minor: Allocation Rate (Dynamic GC Workers), MaxAllocRate: 3973,2MB/s (+/-29,9%), Free: 12572MB, GCCPUTime: 0,747, GCDuration: 0,747s, TimeUntilOOM: 2,436s, TimeUntilGC: 1,689s, GCWorkers: 1
[8,673s][debug  ][gc,director    ] Rule Minor: High Usage, Free: 12572MB(81,8%)
[8,674s][debug  ][gc,nmethod     ] Register NMethod: io.sirix.access.trx.page.NodePageReadOnlyTrx.getRecord (0x00007f376f3a0c90) [0x00007f376f3a0f40, 0x00007f376f3a1b00] Compiler: c2, Barriers: 15, Oops: 2, ImmediateOops: 4, NonImmediateOops: No
[8,676s][debug  ][gc,nmethod     ] Register NMethod: io.sirix.access.trx.page.NodePageReadOnlyTrx.getRecordPage (0x00007f376f2d8810) [0x00007f376f2d8a20, 0x00007f376f2d8fb0] Compiler: c2, Barriers: 8, Oops: 1, ImmediateOops: 1, NonImmediateOops: No
[8,684s][debug  ][gc,director    ] Rule Major: Proactive, AcceptableGCInterval: 39,232s, TimeSinceLastGC: 0,854s, TimeUntilGC: 38,378s
[8,684s][debug  ][gc,director    ] Select Minor GC Workers (Try Lowering), AvoidOOMGCWorkers: 0,076, NextAvoidOOMGCWorkers: 0,074, LastGCWorkers: 5,000, GCWorkers: 1,000
[8,684s][debug  ][gc,director    ] Rule Minor: Allocation Rate (Dynamic GC Workers), MaxAllocRate: 992,7MB/s (+/-29,9%), Free: 12560MB, GCCPUTime: 0,747, GCDuration: 0,747s, TimeUntilOOM: 9,739s, TimeUntilGC: 8,992s, GCWorkers: 1
[8,684s][debug  ][gc,director    ] Select Minor GC Workers (Try Lowering), AvoidOOMGCWorkers: 0,305, NextAvoidOOMGCWorkers: 0,273, LastGCWorkers: 5,000, GCWorkers: 1,000
[8,684s][debug  ][gc,director    ] Rule Minor: Allocation Rate (Dynamic GC Workers), MaxAllocRate: 3973,2MB/s (+/-29,9%), Free: 12560MB, GCCPUTime: 0,747, GCDuration: 0,747s, TimeUntilOOM: 2,433s, TimeUntilGC: 1,686s, GCWorkers: 1
[8,684s][debug  ][gc,director    ] Rule Minor: High Usage, Free: 12560MB(81,8%)
[8,694s][debug  ][gc,director    ] Rule Major: Proactive, AcceptableGCInterval: 39,232s, TimeSinceLastGC: 0,864s, TimeUntilGC: 38,368s
[8,694s][debug  ][gc,director    ] Select Minor GC Workers (Try Lowering), AvoidOOMGCWorkers: 0,076, NextAvoidOOMGCWorkers: 0,074, LastGCWorkers: 5,000, GCWorkers: 1,000
[8,694s][debug  ][gc,director    ] Rule Minor: Allocation Rate (Dynamic GC Workers), MaxAllocRate: 992,7MB/s (+/-29,9%), Free: 12546MB, GCCPUTime: 0,747, GCDuration: 0,747s, TimeUntilOOM: 9,729s, TimeUntilGC: 8,982s, GCWorkers: 1
[8,694s][debug  ][gc,director    ] Select Minor GC Workers (Try Lowering), AvoidOOMGCWorkers: 0,305, NextAvoidOOMGCWorkers: 0,272, LastGCWorkers: 5,000, GCWorkers: 1,000
[8,694s][debug  ][gc,director    ] Rule Minor: Allocation Rate (Dynamic GC Workers), MaxAllocRate: 3973,2MB/s (+/-29,9%), Free: 12546MB, GCCPUTime: 0,747, GCDuration: 0,747s, TimeUntilOOM: 2,431s, TimeUntilGC: 1,684s, GCWorkers: 1
[8,694s][debug  ][gc,director    ] Rule Minor: High Usage, Free: 12546MB(81,7%)
[8,704s][debug  ][gc,director    ] Rule Major: Proactive, AcceptableGCInterval: 39,232s, TimeSinceLastGC: 0,874s, TimeUntilGC: 38,358s
[8,704s][debug  ][gc,director    ] Select Minor GC Workers (Try Lowering), AvoidOOMGCWorkers: 0,076, NextAvoidOOMGCWorkers: 0,074, LastGCWorkers: 5,000, GCWorkers: 1,000
[8,704s][debug  ][gc,director    ] Rule Minor: Allocation Rate (Dynamic GC Workers), MaxAllocRate: 992,7MB/s (+/-29,9%), Free: 12532MB, GCCPUTime: 0,747, GCDuration: 0,747s, TimeUntilOOM: 9,718s, TimeUntilGC: 8,971s, GCWorkers: 1
[8,704s][debug  ][gc,director    ] Select Minor GC Workers (Try Lowering), AvoidOOMGCWorkers: 0,305, NextAvoidOOMGCWorkers: 0,271, LastGCWorkers: 5,000, GCWorkers: 1,000
[8,704s][debug  ][gc,director    ] Rule Minor: Allocation Rate (Dynamic GC Workers), MaxAllocRate: 3973,2MB/s (+/-29,9%), Free: 12532MB, GCCPUTime: 0,747, GCDuration: 0,747s, TimeUntilOOM: 2,428s, TimeUntilGC: 1,681s, GCWorkers: 1
[8,704s][debug  ][gc,director    ] Rule Minor: High Usage, Free: 12532MB(81,6%)
[8,710s][debug  ][gc,alloc       ] Mutator Allocation Rate: 1394,0MB/s Predicted: 1504,7MB/s, Avg: 997,2(+/-298,3)MB/s
[8,710s][debug  ][gc,director    ] Rule Major: Proactive, AcceptableGCInterval: 39,232s, TimeSinceLastGC: 0,880s, TimeUntilGC: 38,352s
[8,710s][debug  ][gc,director    ] Select Minor GC Workers (Try Lowering), AvoidOOMGCWorkers: 0,077, NextAvoidOOMGCWorkers: 0,074, LastGCWorkers: 5,000, GCWorkers: 1,000
[8,710s][debug  ][gc,director    ] Rule Minor: Allocation Rate (Dynamic GC Workers), MaxAllocRate: 997,2MB/s (+/-29,9%), Free: 12524MB, GCCPUTime: 0,747, GCDuration: 0,747s, TimeUntilOOM: 9,668s, TimeUntilGC: 8,921s, GCWorkers: 1
[8,710s][debug  ][gc,director    ] Select Minor GC Workers (Try Lowering), AvoidOOMGCWorkers: 0,307, NextAvoidOOMGCWorkers: 0,272, LastGCWorkers: 5,000, GCWorkers: 1,000
[8,710s][debug  ][gc,director    ] Rule Minor: Allocation Rate (Dynamic GC Workers), MaxAllocRate: 3990,9MB/s (+/-29,9%), Free: 12524MB, GCCPUTime: 0,747, GCDuration: 0,747s, TimeUntilOOM: 2,416s, TimeUntilGC: 1,669s, GCWorkers: 1
[8,710s][debug  ][gc,director    ] Rule Minor: High Usage, Free: 12524MB(81,5%)
[8,720s][debug  ][gc,director    ] Rule Major: Proactive, AcceptableGCInterval: 39,232s, TimeSinceLastGC: 0,891s, TimeUntilGC: 38,342s
[8,720s][debug  ][gc,director    ] Select Minor GC Workers (Try Lowering), AvoidOOMGCWorkers: 0,077, NextAvoidOOMGCWorkers: 0,074, LastGCWorkers: 5,000, GCWorkers: 1,000
[8,720s][debug  ][gc,director    ] Rule Minor: Allocation Rate (Dynamic GC Workers), MaxAllocRate: 997,2MB/s (+/-29,9%), Free: 12512MB, GCCPUTime: 0,747, GCDuration: 0,747s, TimeUntilOOM: 9,658s, TimeUntilGC: 8,911s, GCWorkers: 1
[8,720s][debug  ][gc,director    ] Select Minor GC Workers (Try Lowering), AvoidOOMGCWorkers: 0,307, NextAvoidOOMGCWorkers: 0,271, LastGCWorkers: 5,000, GCWorkers: 1,000
[8,720s][debug  ][gc,director    ] Rule Minor: Allocation Rate (Dynamic GC Workers), MaxAllocRate: 3990,9MB/s (+/-29,9%), Free: 12512MB, GCCPUTime: 0,747, GCDuration: 0,747s, TimeUntilOOM: 2,413s, TimeUntilGC: 1,666s, GCWorkers: 1
[8,720s][debug  ][gc,director    ] Rule Minor: High Usage, Free: 12512MB(81,5%)
[8,730s][debug  ][gc,director    ] Rule Major: Proactive, AcceptableGCInterval: 39,232s, TimeSinceLastGC: 0,901s, TimeUntilGC: 38,332s
[8,730s][debug  ][gc,director    ] Select Minor GC Workers (Try Lowering), AvoidOOMGCWorkers: 0,077, NextAvoidOOMGCWorkers: 0,074, LastGCWorkers: 5,000, GCWorkers: 1,000
[8,730s][debug  ][gc,director    ] Rule Minor: Allocation Rate (Dynamic GC Workers), MaxAllocRate: 997,2MB/s (+/-29,9%), Free: 12498MB, GCCPUTime: 0,747, GCDuration: 0,747s, TimeUntilOOM: 9,648s, TimeUntilGC: 8,901s, GCWorkers: 1
[8,730s][debug  ][gc,director    ] Select Minor GC Workers (Try Lowering), AvoidOOMGCWorkers: 0,308, NextAvoidOOMGCWorkers: 0,270, LastGCWorkers: 5,000, GCWorkers: 1,000
[8,730s][debug  ][gc,director    ] Rule Minor: Allocation Rate (Dynamic GC Workers), MaxAllocRate: 3990,9MB/s (+/-29,9%), Free: 12498MB, GCCPUTime: 0,747, GCDuration: 0,747s, TimeUntilOOM: 2,411s, TimeUntilGC: 1,664s, GCWorkers: 1
[8,730s][debug  ][gc,director    ] Rule Minor: High Usage, Free: 12498MB(81,4%)
[8,741s][debug  ][gc,director    ] Rule Major: Proactive, AcceptableGCInterval: 39,232s, TimeSinceLastGC: 0,911s, TimeUntilGC: 38,321s
[8,741s][debug  ][gc,director    ] Select Minor GC Workers (Try Lowering), AvoidOOMGCWorkers: 0,077, NextAvoidOOMGCWorkers: 0,074, LastGCWorkers: 5,000, GCWorkers: 1,000
[8,741s][debug  ][gc,director    ] Rule Minor: Allocation Rate (Dynamic GC Workers), MaxAllocRate: 997,2MB/s (+/-29,9%), Free: 12484MB, GCCPUTime: 0,747, GCDuration: 0,747s, TimeUntilOOM: 9,637s, TimeUntilGC: 8,890s, GCWorkers: 1
[8,741s][debug  ][gc,director    ] Select Minor GC Workers (Try Lowering), AvoidOOMGCWorkers: 0,308, NextAvoidOOMGCWorkers: 0,269, LastGCWorkers: 5,000, GCWorkers: 1,000
[8,741s][debug  ][gc,director    ] Rule Minor: Allocation Rate (Dynamic GC Workers), MaxAllocRate: 3990,9MB/s (+/-29,9%), Free: 12484MB, GCCPUTime: 0,747, GCDuration: 0,747s, TimeUntilOOM: 2,408s, TimeUntilGC: 1,661s, GCWorkers: 1
[8,741s][debug  ][gc,director    ] Rule Minor: High Usage, Free: 12484MB(81,3%)
[8,751s][debug  ][gc,director    ] Rule Major: Proactive, AcceptableGCInterval: 39,232s, TimeSinceLastGC: 0,921s, TimeUntilGC: 38,311s
[8,751s][debug  ][gc,director    ] Select Minor GC Workers (Try Lowering), AvoidOOMGCWorkers: 0,077, NextAvoidOOMGCWorkers: 0,074, LastGCWorkers: 5,000, GCWorkers: 1,000
[8,751s][debug  ][gc,director    ] Rule Minor: Allocation Rate (Dynamic GC Workers), MaxAllocRate: 997,2MB/s (+/-29,9%), Free: 12472MB, GCCPUTime: 0,747, GCDuration: 0,747s, TimeUntilOOM: 9,627s, TimeUntilGC: 8,881s, GCWorkers: 1
[8,751s][debug  ][gc,director    ] Select Minor GC Workers (Try Lowering), AvoidOOMGCWorkers: 0,308, NextAvoidOOMGCWorkers: 0,269, LastGCWorkers: 5,000, GCWorkers: 1,000
[8,751s][debug  ][gc,director    ] Rule Minor: Allocation Rate (Dynamic GC Workers), MaxAllocRate: 3990,9MB/s (+/-29,9%), Free: 12472MB, GCCPUTime: 0,747, GCDuration: 0,747s, TimeUntilOOM: 2,406s, TimeUntilGC: 1,659s, GCWorkers: 1
[8,751s][debug  ][gc,director    ] Rule Minor: High Usage, Free: 12472MB(81,2%)
[8,761s][debug  ][gc,director    ] Rule Major: Proactive, AcceptableGCInterval: 39,232s, TimeSinceLastGC: 0,931s, TimeUntilGC: 38,301s
[8,761s][debug  ][gc,director    ] Select Minor GC Workers (Try Lowering), AvoidOOMGCWorkers: 0,077, NextAvoidOOMGCWorkers: 0,074, LastGCWorkers: 5,000, GCWorkers: 1,000
[8,761s][debug  ][gc,director    ] Rule Minor: Allocation Rate (Dynamic GC Workers), MaxAllocRate: 997,2MB/s (+/-29,9%), Free: 12458MB, GCCPUTime: 0,747, GCDuration: 0,747s, TimeUntilOOM: 9,617s, TimeUntilGC: 8,870s, GCWorkers: 1
[8,761s][debug  ][gc,director    ] Select Minor GC Workers (Try Lowering), AvoidOOMGCWorkers: 0,309, NextAvoidOOMGCWorkers: 0,268, LastGCWorkers: 5,000, GCWorkers: 1,000
[8,761s][debug  ][gc,director    ] Rule Minor: Allocation Rate (Dynamic GC Workers), MaxAllocRate: 3990,9MB/s (+/-29,9%), Free: 12458MB, GCCPUTime: 0,747, GCDuration: 0,747s, TimeUntilOOM: 2,403s, TimeUntilGC: 1,656s, GCWorkers: 1
[8,761s][debug  ][gc,director    ] Rule Minor: High Usage, Free: 12458MB(81,1%)
[8,771s][debug  ][gc,director    ] Rule Major: Proactive, AcceptableGCInterval: 39,232s, TimeSinceLastGC: 0,942s, TimeUntilGC: 38,291s
[8,771s][debug  ][gc,director    ] Select Minor GC Workers (Try Lowering), AvoidOOMGCWorkers: 0,077, NextAvoidOOMGCWorkers: 0,074, LastGCWorkers: 5,000, GCWorkers: 1,000
[8,771s][debug  ][gc,director    ] Rule Minor: Allocation Rate (Dynamic GC Workers), MaxAllocRate: 997,2MB/s (+/-29,9%), Free: 12444MB, GCCPUTime: 0,747, GCDuration: 0,747s, TimeUntilOOM: 9,606s, TimeUntilGC: 8,859s, GCWorkers: 1
[8,771s][debug  ][gc,director    ] Select Minor GC Workers (Try Lowering), AvoidOOMGCWorkers: 0,309, NextAvoidOOMGCWorkers: 0,267, LastGCWorkers: 5,000, GCWorkers: 1,000
[8,771s][debug  ][gc,director    ] Rule Minor: Allocation Rate (Dynamic GC Workers), MaxAllocRate: 3990,9MB/s (+/-29,9%), Free: 12444MB, GCCPUTime: 0,747, GCDuration: 0,747s, TimeUntilOOM: 2,400s, TimeUntilGC: 1,653s, GCWorkers: 1
[8,771s][debug  ][gc,director    ] Rule Minor: High Usage, Free: 12444MB(81,0%)
[8,781s][debug  ][gc,director    ] Rule Major: Proactive, AcceptableGCInterval: 39,232s, TimeSinceLastGC: 0,952s, TimeUntilGC: 38,281s
[8,781s][debug  ][gc,director    ] Select Minor GC Workers (Try Lowering), AvoidOOMGCWorkers: 0,077, NextAvoidOOMGCWorkers: 0,074, LastGCWorkers: 5,000, GCWorkers: 1,000
[8,781s][debug  ][gc,director    ] Rule Minor: Allocation Rate (Dynamic GC Workers), MaxAllocRate: 997,2MB/s (+/-29,9%), Free: 12430MB, GCCPUTime: 0,747, GCDuration: 0,747s, TimeUntilOOM: 9,595s, TimeUntilGC: 8,848s, GCWorkers: 1
[8,781s][debug  ][gc,director    ] Select Minor GC Workers (Try Lowering), AvoidOOMGCWorkers: 0,309, NextAvoidOOMGCWorkers: 0,267, LastGCWorkers: 5,000, GCWorkers: 1,000
[8,781s][debug  ][gc,director    ] Rule Minor: Allocation Rate (Dynamic GC Workers), MaxAllocRate: 3990,9MB/s (+/-29,9%), Free: 12430MB, GCCPUTime: 0,747, GCDuration: 0,747s, TimeUntilOOM: 2,397s, TimeUntilGC: 1,651s, GCWorkers: 1
[8,781s][debug  ][gc,director    ] Rule Minor: High Usage, Free: 12430MB(80,9%)
[8,792s][debug  ][gc,director    ] Rule Major: Proactive, AcceptableGCInterval: 39,232s, TimeSinceLastGC: 0,962s, TimeUntilGC: 38,270s
[8,792s][debug  ][gc,director    ] Select Minor GC Workers (Try Lowering), AvoidOOMGCWorkers: 0,077, NextAvoidOOMGCWorkers: 0,074, LastGCWorkers: 5,000, GCWorkers: 1,000
[8,792s][debug  ][gc,director    ] Rule Minor: Allocation Rate (Dynamic GC Workers), MaxAllocRate: 997,2MB/s (+/-29,9%), Free: 12418MB, GCCPUTime: 0,747, GCDuration: 0,747s, TimeUntilOOM: 9,586s, TimeUntilGC: 8,839s, GCWorkers: 1
[8,792s][debug  ][gc,director    ] Select Minor GC Workers (Try Lowering), AvoidOOMGCWorkers: 0,310, NextAvoidOOMGCWorkers: 0,266, LastGCWorkers: 5,000, GCWorkers: 1,000
[8,792s][debug  ][gc,director    ] Rule Minor: Allocation Rate (Dynamic GC Workers), MaxAllocRate: 3990,9MB/s (+/-29,9%), Free: 12418MB, GCCPUTime: 0,747, GCDuration: 0,747s, TimeUntilOOM: 2,395s, TimeUntilGC: 1,648s, GCWorkers: 1
[8,792s][debug  ][gc,director    ] Rule Minor: High Usage, Free: 12418MB(80,8%)
[8,801s][debug  ][gc,alloc       ] Mutator Allocation Rate: 1393,1MB/s Predicted: 1511,0MB/s, Avg: 1001,6(+/-299,5)MB/s
[8,801s][debug  ][gc,director    ] Rule Major: Proactive, AcceptableGCInterval: 39,232s, TimeSinceLastGC: 0,971s, TimeUntilGC: 38,261s
[8,801s][debug  ][gc,director    ] Select Minor GC Workers (Try Lowering), AvoidOOMGCWorkers: 0,078, NextAvoidOOMGCWorkers: 0,074, LastGCWorkers: 5,000, GCWorkers: 1,000
[8,801s][debug  ][gc,director    ] Rule Minor: Allocation Rate (Dynamic GC Workers), MaxAllocRate: 1001,6MB/s (+/-29,9%), Free: 12404MB, GCCPUTime: 0,747, GCDuration: 0,747s, TimeUntilOOM: 9,534s, TimeUntilGC: 8,787s, GCWorkers: 1
[8,801s][debug  ][gc,director    ] Select Minor GC Workers (Try Lowering), AvoidOOMGCWorkers: 0,311, NextAvoidOOMGCWorkers: 0,266, LastGCWorkers: 5,000, GCWorkers: 1,000
[8,801s][debug  ][gc,director    ] Rule Minor: Allocation Rate (Dynamic GC Workers), MaxAllocRate: 4007,6MB/s (+/-29,9%), Free: 12404MB, GCCPUTime: 0,747, GCDuration: 0,747s, TimeUntilOOM: 2,383s, TimeUntilGC: 1,636s, GCWorkers: 1
[8,801s][debug  ][gc,director    ] Rule Minor: High Usage, Free: 12404MB(80,8%)
[8,811s][debug  ][gc,director    ] Rule Major: Proactive, AcceptableGCInterval: 39,232s, TimeSinceLastGC: 0,982s, TimeUntilGC: 38,251s
[8,811s][debug  ][gc,director    ] Select Minor GC Workers (Try Lowering), AvoidOOMGCWorkers: 0,078, NextAvoidOOMGCWorkers: 0,074, LastGCWorkers: 5,000, GCWorkers: 1,000
[8,811s][debug  ][gc,director    ] Rule Minor: Allocation Rate (Dynamic GC Workers), MaxAllocRate: 1001,6MB/s (+/-29,9%), Free: 12392MB, GCCPUTime: 0,747, GCDuration: 0,747s, TimeUntilOOM: 9,524s, TimeUntilGC: 8,777s, GCWorkers: 1
[8,811s][debug  ][gc,director    ] Select Minor GC Workers (Try Lowering), AvoidOOMGCWorkers: 0,312, NextAvoidOOMGCWorkers: 0,265, LastGCWorkers: 5,000, GCWorkers: 1,000
[8,811s][debug  ][gc,director    ] Rule Minor: Allocation Rate (Dynamic GC Workers), MaxAllocRate: 4007,6MB/s (+/-29,9%), Free: 12392MB, GCCPUTime: 0,747, GCDuration: 0,747s, TimeUntilOOM: 2,380s, TimeUntilGC: 1,633s, GCWorkers: 1
[8,811s][debug  ][gc,director    ] Rule Minor: High Usage, Free: 12392MB(80,7%)
[8,821s][debug  ][gc,director    ] Rule Major: Proactive, AcceptableGCInterval: 39,232s, TimeSinceLastGC: 0,992s, TimeUntilGC: 38,241s
[8,821s][debug  ][gc,director    ] Select Minor GC Workers (Try Lowering), AvoidOOMGCWorkers: 0,078, NextAvoidOOMGCWorkers: 0,074, LastGCWorkers: 5,000, GCWorkers: 1,000
[8,821s][debug  ][gc,director    ] Rule Minor: Allocation Rate (Dynamic GC Workers), MaxAllocRate: 1001,6MB/s (+/-29,9%), Free: 12378MB, GCCPUTime: 0,747, GCDuration: 0,747s, TimeUntilOOM: 9,514s, TimeUntilGC: 8,767s, GCWorkers: 1
[8,821s][debug  ][gc,director    ] Select Minor GC Workers (Try Lowering), AvoidOOMGCWorkers: 0,312, NextAvoidOOMGCWorkers: 0,265, LastGCWorkers: 5,000, GCWorkers: 1,000
[8,821s][debug  ][gc,director    ] Rule Minor: Allocation Rate (Dynamic GC Workers), MaxAllocRate: 4007,6MB/s (+/-29,9%), Free: 12378MB, GCCPUTime: 0,747, GCDuration: 0,747s, TimeUntilOOM: 2,378s, TimeUntilGC: 1,631s, GCWorkers: 1
[8,821s][debug  ][gc,director    ] Rule Minor: High Usage, Free: 12378MB(80,6%)
[8,828s][debug  ][gc,reloc       ] Synchronize all workers 1 _nworkers: 0 _nsynchronized: 0
[8,828s][debug  ][gc,reloc       ] Synchronize all workers 1 _nworkers: 0 _nsynchronized: 0
[8,828s][debug  ][gc,reloc       ] Desynchronize all workers _nworkers: 0 _nsynchronized: 0
[8,828s][debug  ][gc,reloc       ] Desynchronize all workers _nworkers: 0 _nsynchronized: 0
[8,832s][debug  ][gc,director    ] Rule Major: Proactive, AcceptableGCInterval: 39,232s, TimeSinceLastGC: 1,002s, TimeUntilGC: 38,230s
[8,832s][debug  ][gc,director    ] Select Minor GC Workers (Try Lowering), AvoidOOMGCWorkers: 0,078, NextAvoidOOMGCWorkers: 0,074, LastGCWorkers: 5,000, GCWorkers: 1,000
[8,832s][debug  ][gc,director    ] Rule Minor: Allocation Rate (Dynamic GC Workers), MaxAllocRate: 1001,6MB/s (+/-29,9%), Free: 12364MB, GCCPUTime: 0,747, GCDuration: 0,747s, TimeUntilOOM: 9,503s, TimeUntilGC: 8,756s, GCWorkers: 1
[8,832s][debug  ][gc,director    ] Select Minor GC Workers (Try Lowering), AvoidOOMGCWorkers: 0,312, NextAvoidOOMGCWorkers: 0,264, LastGCWorkers: 5,000, GCWorkers: 1,000
[8,832s][debug  ][gc,director    ] Rule Minor: Allocation Rate (Dynamic GC Workers), MaxAllocRate: 4007,6MB/s (+/-29,9%), Free: 12364MB, GCCPUTime: 0,747, GCDuration: 0,747s, TimeUntilOOM: 2,375s, TimeUntilGC: 1,628s, GCWorkers: 1
[8,832s][debug  ][gc,director    ] Rule Minor: High Usage, Free: 12364MB(80,5%)
[8,842s][debug  ][gc,director    ] Rule Major: Proactive, AcceptableGCInterval: 39,232s, TimeSinceLastGC: 1,012s, TimeUntilGC: 38,220s
[8,842s][debug  ][gc,director    ] Select Minor GC Workers (Try Lowering), AvoidOOMGCWorkers: 0,078, NextAvoidOOMGCWorkers: 0,074, LastGCWorkers: 5,000, GCWorkers: 1,000
[8,842s][debug  ][gc,director    ] Rule Minor: Allocation Rate (Dynamic GC Workers), MaxAllocRate: 1001,6MB/s (+/-29,9%), Free: 12350MB, GCCPUTime: 0,747, GCDuration: 0,747s, TimeUntilOOM: 9,492s, TimeUntilGC: 8,745s, GCWorkers: 1
[8,842s][debug  ][gc,director    ] Select Minor GC Workers (Try Lowering), AvoidOOMGCWorkers: 0,313, NextAvoidOOMGCWorkers: 0,263, LastGCWorkers: 5,000, GCWorkers: 1,000
[8,842s][debug  ][gc,director    ] Rule Minor: Allocation Rate (Dynamic GC Workers), MaxAllocRate: 4007,6MB/s (+/-29,9%), Free: 12350MB, GCCPUTime: 0,747, GCDuration: 0,747s, TimeUntilOOM: 2,372s, TimeUntilGC: 1,625s, GCWorkers: 1
[8,842s][debug  ][gc,director    ] Rule Minor: High Usage, Free: 12350MB(80,4%)
[8,852s][debug  ][gc,director    ] Rule Major: Proactive, AcceptableGCInterval: 39,232s, TimeSinceLastGC: 1,022s, TimeUntilGC: 38,210s
[8,852s][debug  ][gc,director    ] Select Minor GC Workers (Try Lowering), AvoidOOMGCWorkers: 0,078, NextAvoidOOMGCWorkers: 0,074, LastGCWorkers: 5,000, GCWorkers: 1,000
[8,852s][debug  ][gc,director    ] Rule Minor: Allocation Rate (Dynamic GC Workers), MaxAllocRate: 1001,6MB/s (+/-29,9%), Free: 12336MB, GCCPUTime: 0,747, GCDuration: 0,747s, TimeUntilOOM: 9,481s, TimeUntilGC: 8,734s, GCWorkers: 1
[8,852s][debug  ][gc,director    ] Select Minor GC Workers (Try Lowering), AvoidOOMGCWorkers: 0,313, NextAvoidOOMGCWorkers: 0,262, LastGCWorkers: 5,000, GCWorkers: 1,000
[8,852s][debug  ][gc,director    ] Rule Minor: Allocation Rate (Dynamic GC Workers), MaxAllocRate: 4007,6MB/s (+/-29,9%), Free: 12336MB, GCCPUTime: 0,747, GCDuration: 0,747s, TimeUntilOOM: 2,370s, TimeUntilGC: 1,623s, GCWorkers: 1
[8,852s][debug  ][gc,director    ] Rule Minor: High Usage, Free: 12336MB(80,3%)
[8,862s][debug  ][gc,director    ] Rule Major: Proactive, AcceptableGCInterval: 39,232s, TimeSinceLastGC: 1,032s, TimeUntilGC: 38,200s
[8,862s][debug  ][gc,director    ] Select Minor GC Workers (Try Lowering), AvoidOOMGCWorkers: 0,078, NextAvoidOOMGCWorkers: 0,074, LastGCWorkers: 5,000, GCWorkers: 1,000
[8,862s][debug  ][gc,director    ] Rule Minor: Allocation Rate (Dynamic GC Workers), MaxAllocRate: 1001,6MB/s (+/-29,9%), Free: 12324MB, GCCPUTime: 0,747, GCDuration: 0,747s, TimeUntilOOM: 9,472s, TimeUntilGC: 8,725s, GCWorkers: 1
[8,862s][debug  ][gc,director    ] Select Minor GC Workers (Try Lowering), AvoidOOMGCWorkers: 0,313, NextAvoidOOMGCWorkers: 0,262, LastGCWorkers: 5,000, GCWorkers: 1,000
[8,862s][debug  ][gc,director    ] Rule Minor: Allocation Rate (Dynamic GC Workers), MaxAllocRate: 4007,6MB/s (+/-29,9%), Free: 12324MB, GCCPUTime: 0,747, GCDuration: 0,747s, TimeUntilOOM: 2,367s, TimeUntilGC: 1,620s, GCWorkers: 1
[8,862s][debug  ][gc,director    ] Rule Minor: High Usage, Free: 12324MB(80,2%)
[8,872s][debug  ][gc,director    ] Rule Major: Proactive, AcceptableGCInterval: 39,232s, TimeSinceLastGC: 1,043s, TimeUntilGC: 38,190s
[8,872s][debug  ][gc,director    ] Select Minor GC Workers (Try Lowering), AvoidOOMGCWorkers: 0,078, NextAvoidOOMGCWorkers: 0,074, LastGCWorkers: 5,000, GCWorkers: 1,000
[8,872s][debug  ][gc,director    ] Rule Minor: Allocation Rate (Dynamic GC Workers), MaxAllocRate: 1001,6MB/s (+/-29,9%), Free: 12310MB, GCCPUTime: 0,747, GCDuration: 0,747s, TimeUntilOOM: 9,461s, TimeUntilGC: 8,714s, GCWorkers: 1
[8,872s][debug  ][gc,director    ] Select Minor GC Workers (Try Lowering), AvoidOOMGCWorkers: 0,314, NextAvoidOOMGCWorkers: 0,261, LastGCWorkers: 5,000, GCWorkers: 1,000
[8,872s][debug  ][gc,director    ] Rule Minor: Allocation Rate (Dynamic GC Workers), MaxAllocRate: 4007,6MB/s (+/-29,9%), Free: 12310MB, GCCPUTime: 0,747, GCDuration: 0,747s, TimeUntilOOM: 2,365s, TimeUntilGC: 1,618s, GCWorkers: 1
[8,872s][debug  ][gc,director    ] Rule Minor: High Usage, Free: 12310MB(80,1%)
[8,882s][debug  ][gc,director    ] Rule Major: Proactive, AcceptableGCInterval: 39,232s, TimeSinceLastGC: 1,053s, TimeUntilGC: 38,180s
[8,882s][debug  ][gc,director    ] Select Minor GC Workers (Try Lowering), AvoidOOMGCWorkers: 0,078, NextAvoidOOMGCWorkers: 0,074, LastGCWorkers: 5,000, GCWorkers: 1,000
[8,882s][debug  ][gc,director    ] Rule Minor: Allocation Rate (Dynamic GC Workers), MaxAllocRate: 1001,6MB/s (+/-29,9%), Free: 12296MB, GCCPUTime: 0,747, GCDuration: 0,747s, TimeUntilOOM: 9,451s, TimeUntilGC: 8,704s, GCWorkers: 1
[8,882s][debug  ][gc,director    ] Select Minor GC Workers (Try Lowering), AvoidOOMGCWorkers: 0,314, NextAvoidOOMGCWorkers: 0,260, LastGCWorkers: 5,000, GCWorkers: 1,000
[8,882s][debug  ][gc,director    ] Rule Minor: Allocation Rate (Dynamic GC Workers), MaxAllocRate: 4007,6MB/s (+/-29,9%), Free: 12296MB, GCCPUTime: 0,747, GCDuration: 0,747s, TimeUntilOOM: 2,362s, TimeUntilGC: 1,615s, GCWorkers: 1
[8,882s][debug  ][gc,director    ] Rule Minor: High Usage, Free: 12296MB(80,1%)
[8,891s][debug  ][gc,alloc       ] Mutator Allocation Rate: 1392,5MB/s Predicted: 1517,0MB/s, Avg: 1005,9(+/-300,6)MB/s
[8,891s][debug  ][gc,director    ] Rule Major: Proactive, AcceptableGCInterval: 39,232s, TimeSinceLastGC: 1,061s, TimeUntilGC: 38,171s
[8,891s][debug  ][gc,director    ] Select Minor GC Workers (Try Lowering), AvoidOOMGCWorkers: 0,079, NextAvoidOOMGCWorkers: 0,075, LastGCWorkers: 5,000, GCWorkers: 1,000
[8,891s][debug  ][gc,director    ] Rule Minor: Allocation Rate (Dynamic GC Workers), MaxAllocRate: 1005,9MB/s (+/-29,9%), Free: 12284MB, GCCPUTime: 0,747, GCDuration: 0,747s, TimeUntilOOM: 9,402s, TimeUntilGC: 8,655s, GCWorkers: 1
[8,891s][debug  ][gc,director    ] Select Minor GC Workers (Try Lowering), AvoidOOMGCWorkers: 0,316, NextAvoidOOMGCWorkers: 0,261, LastGCWorkers: 5,000, GCWorkers: 1,000
[8,891s][debug  ][gc,director    ] Rule Minor: Allocation Rate (Dynamic GC Workers), MaxAllocRate: 4023,3MB/s (+/-29,9%), Free: 12284MB, GCCPUTime: 0,747, GCDuration: 0,747s, TimeUntilOOM: 2,351s, TimeUntilGC: 1,604s, GCWorkers: 1
[8,891s][debug  ][gc,director    ] Rule Minor: High Usage, Free: 12284MB(80,0%)
[8,901s][debug  ][gc,director    ] Rule Major: Proactive, AcceptableGCInterval: 39,232s, TimeSinceLastGC: 1,071s, TimeUntilGC: 38,161s
[8,901s][debug  ][gc,director    ] Select Minor GC Workers (Try Lowering), AvoidOOMGCWorkers: 0,079, NextAvoidOOMGCWorkers: 0,075, LastGCWorkers: 5,000, GCWorkers: 1,000
[8,901s][debug  ][gc,director    ] Rule Minor: Allocation Rate (Dynamic GC Workers), MaxAllocRate: 1005,9MB/s (+/-29,9%), Free: 12272MB, GCCPUTime: 0,747, GCDuration: 0,747s, TimeUntilOOM: 9,393s, TimeUntilGC: 8,646s, GCWorkers: 1
[8,901s][debug  ][gc,director    ] Select Minor GC Workers (Try Lowering), AvoidOOMGCWorkers: 0,316, NextAvoidOOMGCWorkers: 0,260, LastGCWorkers: 5,000, GCWorkers: 1,000
[8,901s][debug  ][gc,director    ] Rule Minor: Allocation Rate (Dynamic GC Workers), MaxAllocRate: 4023,3MB/s (+/-29,9%), Free: 12272MB, GCCPUTime: 0,747, GCDuration: 0,747s, TimeUntilOOM: 2,348s, TimeUntilGC: 1,602s, GCWorkers: 1
[8,901s][debug  ][gc,director    ] Rule Minor: High Usage, Free: 12272MB(79,9%)
[8,911s][debug  ][gc,director    ] Rule Major: Proactive, AcceptableGCInterval: 39,232s, TimeSinceLastGC: 1,082s, TimeUntilGC: 38,151s
[8,911s][debug  ][gc,director    ] Select Minor GC Workers (Try Lowering), AvoidOOMGCWorkers: 0,079, NextAvoidOOMGCWorkers: 0,075, LastGCWorkers: 5,000, GCWorkers: 1,000
[8,911s][debug  ][gc,director    ] Rule Minor: Allocation Rate (Dynamic GC Workers), MaxAllocRate: 1005,9MB/s (+/-29,9%), Free: 12258MB, GCCPUTime: 0,747, GCDuration: 0,747s, TimeUntilOOM: 9,382s, TimeUntilGC: 8,635s, GCWorkers: 1
[8,911s][debug  ][gc,director    ] Select Minor GC Workers (Try Lowering), AvoidOOMGCWorkers: 0,316, NextAvoidOOMGCWorkers: 0,259, LastGCWorkers: 5,000, GCWorkers: 1,000
[8,911s][debug  ][gc,director    ] Rule Minor: Allocation Rate (Dynamic GC Workers), MaxAllocRate: 4023,3MB/s (+/-29,9%), Free: 12258MB, GCCPUTime: 0,747, GCDuration: 0,747s, TimeUntilOOM: 2,346s, TimeUntilGC: 1,599s, GCWorkers: 1
[8,911s][debug  ][gc,director    ] Rule Minor: High Usage, Free: 12258MB(79,8%)
[8,921s][debug  ][gc,director    ] Rule Major: Proactive, AcceptableGCInterval: 39,232s, TimeSinceLastGC: 1,092s, TimeUntilGC: 38,141s
[8,921s][debug  ][gc,director    ] Select Minor GC Workers (Try Lowering), AvoidOOMGCWorkers: 0,079, NextAvoidOOMGCWorkers: 0,075, LastGCWorkers: 5,000, GCWorkers: 1,000
[8,921s][debug  ][gc,director    ] Rule Minor: Allocation Rate (Dynamic GC Workers), MaxAllocRate: 1005,9MB/s (+/-29,9%), Free: 12244MB, GCCPUTime: 0,747, GCDuration: 0,747s, TimeUntilOOM: 9,372s, TimeUntilGC: 8,625s, GCWorkers: 1
[8,921s][debug  ][gc,director    ] Select Minor GC Workers (Try Lowering), AvoidOOMGCWorkers: 0,317, NextAvoidOOMGCWorkers: 0,259, LastGCWorkers: 5,000, GCWorkers: 1,000
[8,922s][debug  ][gc,director    ] Rule Minor: Allocation Rate (Dynamic GC Workers), MaxAllocRate: 4023,3MB/s (+/-29,9%), Free: 12244MB, GCCPUTime: 0,747, GCDuration: 0,747s, TimeUntilOOM: 2,343s, TimeUntilGC: 1,596s, GCWorkers: 1
[8,922s][debug  ][gc,director    ] Rule Minor: High Usage, Free: 12244MB(79,7%)
[8,932s][debug  ][gc,director    ] Rule Major: Proactive, AcceptableGCInterval: 39,232s, TimeSinceLastGC: 1,102s, TimeUntilGC: 38,130s
[8,932s][debug  ][gc,director    ] Select Minor GC Workers (Try Lowering), AvoidOOMGCWorkers: 0,079, NextAvoidOOMGCWorkers: 0,075, LastGCWorkers: 5,000, GCWorkers: 1,000
[8,932s][debug  ][gc,director    ] Rule Minor: Allocation Rate (Dynamic GC Workers), MaxAllocRate: 1005,9MB/s (+/-29,9%), Free: 12230MB, GCCPUTime: 0,747, GCDuration: 0,747s, TimeUntilOOM: 9,361s, TimeUntilGC: 8,614s, GCWorkers: 1
[8,932s][debug  ][gc,director    ] Select Minor GC Workers (Try Lowering), AvoidOOMGCWorkers: 0,317, NextAvoidOOMGCWorkers: 0,258, LastGCWorkers: 5,000, GCWorkers: 1,000
[8,932s][debug  ][gc,director    ] Rule Minor: Allocation Rate (Dynamic GC Workers), MaxAllocRate: 4023,3MB/s (+/-29,9%), Free: 12230MB, GCCPUTime: 0,747, GCDuration: 0,747s, TimeUntilOOM: 2,340s, TimeUntilGC: 1,593s, GCWorkers: 1
[8,932s][debug  ][gc,director    ] Rule Minor: High Usage, Free: 12230MB(79,6%)
[8,942s][debug  ][gc,director    ] Rule Major: Proactive, AcceptableGCInterval: 39,232s, TimeSinceLastGC: 1,112s, TimeUntilGC: 38,120s
[8,942s][debug  ][gc,director    ] Select Minor GC Workers (Try Lowering), AvoidOOMGCWorkers: 0,079, NextAvoidOOMGCWorkers: 0,075, LastGCWorkers: 5,000, GCWorkers: 1,000
[8,942s][debug  ][gc,director    ] Rule Minor: Allocation Rate (Dynamic GC Workers), MaxAllocRate: 1005,9MB/s (+/-29,9%), Free: 12216MB, GCCPUTime: 0,747, GCDuration: 0,747s, TimeUntilOOM: 9,350s, TimeUntilGC: 8,603s, GCWorkers: 1
[8,942s][debug  ][gc,director    ] Select Minor GC Workers (Try Lowering), AvoidOOMGCWorkers: 0,317, NextAvoidOOMGCWorkers: 0,257, LastGCWorkers: 5,000, GCWorkers: 1,000
[8,942s][debug  ][gc,director    ] Rule Minor: Allocation Rate (Dynamic GC Workers), MaxAllocRate: 4023,3MB/s (+/-29,9%), Free: 12216MB, GCCPUTime: 0,747, GCDuration: 0,747s, TimeUntilOOM: 2,338s, TimeUntilGC: 1,591s, GCWorkers: 1
[8,942s][debug  ][gc,director    ] Rule Minor: High Usage, Free: 12216MB(79,5%)
[8,952s][debug  ][gc,director    ] Rule Major: Proactive, AcceptableGCInterval: 39,232s, TimeSinceLastGC: 1,122s, TimeUntilGC: 38,110s
[8,952s][debug  ][gc,director    ] Select Minor GC Workers (Try Lowering), AvoidOOMGCWorkers: 0,079, NextAvoidOOMGCWorkers: 0,075, LastGCWorkers: 5,000, GCWorkers: 1,000
[8,952s][debug  ][gc,director    ] Rule Minor: Allocation Rate (Dynamic GC Workers), MaxAllocRate: 1005,9MB/s (+/-29,9%), Free: 12204MB, GCCPUTime: 0,747, GCDuration: 0,747s, TimeUntilOOM: 9,341s, TimeUntilGC: 8,594s, GCWorkers: 1
[8,952s][debug  ][gc,director    ] Select Minor GC Workers (Try Lowering), AvoidOOMGCWorkers: 0,318, NextAvoidOOMGCWorkers: 0,256, LastGCWorkers: 5,000, GCWorkers: 1,000
[8,952s][debug  ][gc,director    ] Rule Minor: Allocation Rate (Dynamic GC Workers), MaxAllocRate: 4023,3MB/s (+/-29,9%), Free: 12204MB, GCCPUTime: 0,747, GCDuration: 0,747s, TimeUntilOOM: 2,335s, TimeUntilGC: 1,588s, GCWorkers: 1
[8,952s][debug  ][gc,director    ] Rule Minor: High Usage, Free: 12204MB(79,5%)
[8,962s][debug  ][gc,director    ] Rule Major: Proactive, AcceptableGCInterval: 39,232s, TimeSinceLastGC: 1,133s, TimeUntilGC: 38,100s
[8,962s][debug  ][gc,director    ] Select Minor GC Workers (Try Lowering), AvoidOOMGCWorkers: 0,079, NextAvoidOOMGCWorkers: 0,075, LastGCWorkers: 5,000, GCWorkers: 1,000
[8,962s][debug  ][gc,director    ] Rule Minor: Allocation Rate (Dynamic GC Workers), MaxAllocRate: 1005,9MB/s (+/-29,9%), Free: 12190MB, GCCPUTime: 0,747, GCDuration: 0,747s, TimeUntilOOM: 9,330s, TimeUntilGC: 8,583s, GCWorkers: 1
[8,962s][debug  ][gc,director    ] Select Minor GC Workers (Try Lowering), AvoidOOMGCWorkers: 0,318, NextAvoidOOMGCWorkers: 0,256, LastGCWorkers: 5,000, GCWorkers: 1,000
[8,962s][debug  ][gc,director    ] Rule Minor: Allocation Rate (Dynamic GC Workers), MaxAllocRate: 4023,3MB/s (+/-29,9%), Free: 12190MB, GCCPUTime: 0,747, GCDuration: 0,747s, TimeUntilOOM: 2,333s, TimeUntilGC: 1,586s, GCWorkers: 1
[8,962s][debug  ][gc,director    ] Rule Minor: High Usage, Free: 12190MB(79,4%)
[8,972s][debug  ][gc,director    ] Rule Major: Proactive, AcceptableGCInterval: 39,232s, TimeSinceLastGC: 1,143s, TimeUntilGC: 38,090s
[8,972s][debug  ][gc,director    ] Select Minor GC Workers (Try Lowering), AvoidOOMGCWorkers: 0,079, NextAvoidOOMGCWorkers: 0,075, LastGCWorkers: 5,000, GCWorkers: 1,000
[8,972s][debug  ][gc,director    ] Rule Minor: Allocation Rate (Dynamic GC Workers), MaxAllocRate: 1005,9MB/s (+/-29,9%), Free: 12176MB, GCCPUTime: 0,747, GCDuration: 0,747s, TimeUntilOOM: 9,319s, TimeUntilGC: 8,573s, GCWorkers: 1
[8,972s][debug  ][gc,director    ] Select Minor GC Workers (Try Lowering), AvoidOOMGCWorkers: 0,318, NextAvoidOOMGCWorkers: 0,255, LastGCWorkers: 5,000, GCWorkers: 1,000
[8,972s][debug  ][gc,director    ] Rule Minor: Allocation Rate (Dynamic GC Workers), MaxAllocRate: 4023,3MB/s (+/-29,9%), Free: 12176MB, GCCPUTime: 0,747, GCDuration: 0,747s, TimeUntilOOM: 2,330s, TimeUntilGC: 1,583s, GCWorkers: 1
[8,972s][debug  ][gc,director    ] Rule Minor: High Usage, Free: 12176MB(79,3%)
[8,981s][debug  ][gc,alloc       ] Mutator Allocation Rate: 1391,8MB/s Predicted: 1522,7MB/s, Avg: 1010,1(+/-301,7)MB/s
[8,981s][debug  ][gc,director    ] Rule Major: Proactive, AcceptableGCInterval: 39,232s, TimeSinceLastGC: 1,151s, TimeUntilGC: 38,081s
[8,981s][debug  ][gc,director    ] Select Minor GC Workers (Try Lowering), AvoidOOMGCWorkers: 0,080, NextAvoidOOMGCWorkers: 0,075, LastGCWorkers: 5,000, GCWorkers: 1,000
[8,981s][debug  ][gc,director    ] Rule Minor: Allocation Rate (Dynamic GC Workers), MaxAllocRate: 1010,1MB/s (+/-29,9%), Free: 12164MB, GCCPUTime: 0,747, GCDuration: 0,747s, TimeUntilOOM: 9,273s, TimeUntilGC: 8,526s, GCWorkers: 1
[8,981s][debug  ][gc,director    ] Select Minor GC Workers (Try Lowering), AvoidOOMGCWorkers: 0,320, NextAvoidOOMGCWorkers: 0,255, LastGCWorkers: 5,000, GCWorkers: 1,000
[8,981s][debug  ][gc,director    ] Rule Minor: Allocation Rate (Dynamic GC Workers), MaxAllocRate: 4038,0MB/s (+/-29,9%), Free: 12164MB, GCCPUTime: 0,747, GCDuration: 0,747s, TimeUntilOOM: 2,320s, TimeUntilGC: 1,573s, GCWorkers: 1
[8,981s][debug  ][gc,director    ] Rule Minor: High Usage, Free: 12164MB(79,2%)
[8,991s][debug  ][gc,director    ] Rule Major: Proactive, AcceptableGCInterval: 39,232s, TimeSinceLastGC: 1,162s, TimeUntilGC: 38,071s
[8,991s][debug  ][gc,director    ] Select Minor GC Workers (Try Lowering), AvoidOOMGCWorkers: 0,080, NextAvoidOOMGCWorkers: 0,075, LastGCWorkers: 5,000, GCWorkers: 1,000
[8,991s][debug  ][gc,director    ] Rule Minor: Allocation Rate (Dynamic GC Workers), MaxAllocRate: 1010,1MB/s (+/-29,9%), Free: 12152MB, GCCPUTime: 0,747, GCDuration: 0,747s, TimeUntilOOM: 9,264s, TimeUntilGC: 8,517s, GCWorkers: 1
[8,991s][debug  ][gc,director    ] Select Minor GC Workers (Try Lowering), AvoidOOMGCWorkers: 0,320, NextAvoidOOMGCWorkers: 0,255, LastGCWorkers: 5,000, GCWorkers: 1,000
[8,991s][debug  ][gc,director    ] Rule Minor: Allocation Rate (Dynamic GC Workers), MaxAllocRate: 4038,0MB/s (+/-29,9%), Free: 12152MB, GCCPUTime: 0,747, GCDuration: 0,747s, TimeUntilOOM: 2,317s, TimeUntilGC: 1,570s, GCWorkers: 1
[8,991s][debug  ][gc,director    ] Rule Minor: High Usage, Free: 12152MB(79,1%)
[9,001s][debug  ][gc,director    ] Rule Major: Proactive, AcceptableGCInterval: 39,232s, TimeSinceLastGC: 1,172s, TimeUntilGC: 38,061s
[9,001s][debug  ][gc,director    ] Select Minor GC Workers (Try Lowering), AvoidOOMGCWorkers: 0,080, NextAvoidOOMGCWorkers: 0,075, LastGCWorkers: 5,000, GCWorkers: 1,000
[9,002s][debug  ][gc,director    ] Rule Minor: Allocation Rate (Dynamic GC Workers), MaxAllocRate: 1010,1MB/s (+/-29,9%), Free: 12138MB, GCCPUTime: 0,747, GCDuration: 0,747s, TimeUntilOOM: 9,253s, TimeUntilGC: 8,507s, GCWorkers: 1
[9,002s][debug  ][gc,director    ] Select Minor GC Workers (Try Lowering), AvoidOOMGCWorkers: 0,320, NextAvoidOOMGCWorkers: 0,254, LastGCWorkers: 5,000, GCWorkers: 1,000
[9,002s][debug  ][gc,director    ] Rule Minor: Allocation Rate (Dynamic GC Workers), MaxAllocRate: 4038,0MB/s (+/-29,9%), Free: 12138MB, GCCPUTime: 0,747, GCDuration: 0,747s, TimeUntilOOM: 2,315s, TimeUntilGC: 1,568s, GCWorkers: 1
[9,002s][debug  ][gc,director    ] Rule Minor: High Usage, Free: 12138MB(79,0%)
[9,012s][debug  ][gc,director    ] Rule Major: Proactive, AcceptableGCInterval: 39,232s, TimeSinceLastGC: 1,182s, TimeUntilGC: 38,050s
[9,012s][debug  ][gc,director    ] Select Minor GC Workers (Try Lowering), AvoidOOMGCWorkers: 0,080, NextAvoidOOMGCWorkers: 0,075, LastGCWorkers: 5,000, GCWorkers: 1,000
[9,012s][debug  ][gc,director    ] Rule Minor: Allocation Rate (Dynamic GC Workers), MaxAllocRate: 1010,1MB/s (+/-29,9%), Free: 12124MB, GCCPUTime: 0,747, GCDuration: 0,747s, TimeUntilOOM: 9,243s, TimeUntilGC: 8,496s, GCWorkers: 1
[9,012s][debug  ][gc,director    ] Select Minor GC Workers (Try Lowering), AvoidOOMGCWorkers: 0,321, NextAvoidOOMGCWorkers: 0,253, LastGCWorkers: 5,000, GCWorkers: 1,000
[9,012s][debug  ][gc,director    ] Rule Minor: Allocation Rate (Dynamic GC Workers), MaxAllocRate: 4038,0MB/s (+/-29,9%), Free: 12124MB, GCCPUTime: 0,747, GCDuration: 0,747s, TimeUntilOOM: 2,312s, TimeUntilGC: 1,565s, GCWorkers: 1
[9,012s][debug  ][gc,director    ] Rule Minor: High Usage, Free: 12124MB(78,9%)
[9,022s][debug  ][gc,director    ] Rule Major: Proactive, AcceptableGCInterval: 39,232s, TimeSinceLastGC: 1,192s, TimeUntilGC: 38,040s
[9,022s][debug  ][gc,director    ] Select Minor GC Workers (Try Lowering), AvoidOOMGCWorkers: 0,080, NextAvoidOOMGCWorkers: 0,075, LastGCWorkers: 5,000, GCWorkers: 1,000
[9,022s][debug  ][gc,director    ] Rule Minor: Allocation Rate (Dynamic GC Workers), MaxAllocRate: 1010,1MB/s (+/-29,9%), Free: 12110MB, GCCPUTime: 0,747, GCDuration: 0,747s, TimeUntilOOM: 9,232s, TimeUntilGC: 8,485s, GCWorkers: 1
[9,022s][debug  ][gc,director    ] Select Minor GC Workers (Try Lowering), AvoidOOMGCWorkers: 0,321, NextAvoidOOMGCWorkers: 0,253, LastGCWorkers: 5,000, GCWorkers: 1,000
[9,022s][debug  ][gc,director    ] Rule Minor: Allocation Rate (Dynamic GC Workers), MaxAllocRate: 4038,0MB/s (+/-29,9%), Free: 12110MB, GCCPUTime: 0,747, GCDuration: 0,747s, TimeUntilOOM: 2,309s, TimeUntilGC: 1,562s, GCWorkers: 1
[9,022s][debug  ][gc,director    ] Rule Minor: High Usage, Free: 12110MB(78,8%)
[9,032s][debug  ][gc,director    ] Rule Major: Proactive, AcceptableGCInterval: 39,232s, TimeSinceLastGC: 1,202s, TimeUntilGC: 38,030s
[9,032s][debug  ][gc,director    ] Select Minor GC Workers (Try Lowering), AvoidOOMGCWorkers: 0,080, NextAvoidOOMGCWorkers: 0,075, LastGCWorkers: 5,000, GCWorkers: 1,000
[9,032s][debug  ][gc,director    ] Rule Minor: Allocation Rate (Dynamic GC Workers), MaxAllocRate: 1010,1MB/s (+/-29,9%), Free: 12096MB, GCCPUTime: 0,747, GCDuration: 0,747s, TimeUntilOOM: 9,221s, TimeUntilGC: 8,475s, GCWorkers: 1
[9,032s][debug  ][gc,director    ] Select Minor GC Workers (Try Lowering), AvoidOOMGCWorkers: 0,322, NextAvoidOOMGCWorkers: 0,252, LastGCWorkers: 5,000, GCWorkers: 1,000
[9,032s][debug  ][gc,director    ] Rule Minor: Allocation Rate (Dynamic GC Workers), MaxAllocRate: 4038,0MB/s (+/-29,9%), Free: 12096MB, GCCPUTime: 0,747, GCDuration: 0,747s, TimeUntilOOM: 2,307s, TimeUntilGC: 1,560s, GCWorkers: 1
[9,032s][debug  ][gc,director    ] Rule Minor: High Usage, Free: 12096MB(78,8%)
[9,042s][debug  ][gc,director    ] Rule Major: Proactive, AcceptableGCInterval: 39,232s, TimeSinceLastGC: 1,212s, TimeUntilGC: 38,020s
[9,042s][debug  ][gc,director    ] Select Minor GC Workers (Try Lowering), AvoidOOMGCWorkers: 0,080, NextAvoidOOMGCWorkers: 0,075, LastGCWorkers: 5,000, GCWorkers: 1,000
[9,042s][debug  ][gc,director    ] Rule Minor: Allocation Rate (Dynamic GC Workers), MaxAllocRate: 1010,1MB/s (+/-29,9%), Free: 12084MB, GCCPUTime: 0,747, GCDuration: 0,747s, TimeUntilOOM: 9,212s, TimeUntilGC: 8,465s, GCWorkers: 1
[9,042s][debug  ][gc,director    ] Select Minor GC Workers (Try Lowering), AvoidOOMGCWorkers: 0,322, NextAvoidOOMGCWorkers: 0,251, LastGCWorkers: 5,000, GCWorkers: 1,000
[9,042s][debug  ][gc,director    ] Rule Minor: Allocation Rate (Dynamic GC Workers), MaxAllocRate: 4038,0MB/s (+/-29,9%), Free: 12084MB, GCCPUTime: 0,747, GCDuration: 0,747s, TimeUntilOOM: 2,304s, TimeUntilGC: 1,558s, GCWorkers: 1
[9,042s][debug  ][gc,director    ] Rule Minor: High Usage, Free: 12084MB(78,7%)
[9,052s][debug  ][gc,director    ] Rule Major: Proactive, AcceptableGCInterval: 39,232s, TimeSinceLastGC: 1,223s, TimeUntilGC: 38,010s
[9,052s][debug  ][gc,director    ] Select Minor GC Workers (Try Lowering), AvoidOOMGCWorkers: 0,080, NextAvoidOOMGCWorkers: 0,075, LastGCWorkers: 5,000, GCWorkers: 1,000
[9,052s][debug  ][gc,director    ] Rule Minor: Allocation Rate (Dynamic GC Workers), MaxAllocRate: 1010,1MB/s (+/-29,9%), Free: 12070MB, GCCPUTime: 0,747, GCDuration: 0,747s, TimeUntilOOM: 9,202s, TimeUntilGC: 8,455s, GCWorkers: 1
[9,052s][debug  ][gc,director    ] Select Minor GC Workers (Try Lowering), AvoidOOMGCWorkers: 0,322, NextAvoidOOMGCWorkers: 0,251, LastGCWorkers: 5,000, GCWorkers: 1,000
[9,052s][debug  ][gc,director    ] Rule Minor: Allocation Rate (Dynamic GC Workers), MaxAllocRate: 4038,0MB/s (+/-29,9%), Free: 12070MB, GCCPUTime: 0,747, GCDuration: 0,747s, TimeUntilOOM: 2,302s, TimeUntilGC: 1,555s, GCWorkers: 1
[9,052s][debug  ][gc,director    ] Rule Minor: High Usage, Free: 12070MB(78,6%)
[9,062s][debug  ][gc,director    ] Rule Major: Proactive, AcceptableGCInterval: 39,232s, TimeSinceLastGC: 1,233s, TimeUntilGC: 37,999s
[9,063s][debug  ][gc,director    ] Select Minor GC Workers (Try Lowering), AvoidOOMGCWorkers: 0,081, NextAvoidOOMGCWorkers: 0,075, LastGCWorkers: 5,000, GCWorkers: 1,000
[9,063s][debug  ][gc,director    ] Rule Minor: Allocation Rate (Dynamic GC Workers), MaxAllocRate: 1010,1MB/s (+/-29,9%), Free: 12056MB, GCCPUTime: 0,747, GCDuration: 0,747s, TimeUntilOOM: 9,191s, TimeUntilGC: 8,444s, GCWorkers: 1
[9,063s][debug  ][gc,director    ] Select Minor GC Workers (Try Lowering), AvoidOOMGCWorkers: 0,323, NextAvoidOOMGCWorkers: 0,250, LastGCWorkers: 5,000, GCWorkers: 1,000
[9,063s][debug  ][gc,director    ] Rule Minor: Allocation Rate (Dynamic GC Workers), MaxAllocRate: 4038,0MB/s (+/-29,9%), Free: 12056MB, GCCPUTime: 0,747, GCDuration: 0,747s, TimeUntilOOM: 2,299s, TimeUntilGC: 1,552s, GCWorkers: 1
[9,063s][debug  ][gc,director    ] Rule Minor: High Usage, Free: 12056MB(78,5%)
[9,070s][debug  ][gc,alloc       ] Mutator Allocation Rate: 1391,2MB/s Predicted: 1528,1MB/s, Avg: 1014,2(+/-302,6)MB/s
[9,071s][debug  ][gc,director    ] Rule Major: Proactive, AcceptableGCInterval: 39,232s, TimeSinceLastGC: 1,241s, TimeUntilGC: 37,991s
[9,071s][debug  ][gc,director    ] Select Minor GC Workers (Try Lowering), AvoidOOMGCWorkers: 0,081, NextAvoidOOMGCWorkers: 0,075, LastGCWorkers: 5,000, GCWorkers: 1,000
[9,071s][debug  ][gc,director    ] Rule Minor: Allocation Rate (Dynamic GC Workers), MaxAllocRate: 1014,2MB/s (+/-29,8%), Free: 12044MB, GCCPUTime: 0,747, GCDuration: 0,747s, TimeUntilOOM: 9,147s, TimeUntilGC: 8,400s, GCWorkers: 1
[9,071s][debug  ][gc,director    ] Select Minor GC Workers (Try Lowering), AvoidOOMGCWorkers: 0,324, NextAvoidOOMGCWorkers: 0,250, LastGCWorkers: 5,000, GCWorkers: 1,000
[9,071s][debug  ][gc,director    ] Rule Minor: Allocation Rate (Dynamic GC Workers), MaxAllocRate: 4051,8MB/s (+/-29,8%), Free: 12044MB, GCCPUTime: 0,747, GCDuration: 0,747s, TimeUntilOOM: 2,289s, TimeUntilGC: 1,543s, GCWorkers: 1
[9,071s][debug  ][gc,director    ] Rule Minor: High Usage, Free: 12044MB(78,4%)
[9,081s][debug  ][gc,director    ] Rule Major: Proactive, AcceptableGCInterval: 39,232s, TimeSinceLastGC: 1,251s, TimeUntilGC: 37,981s
[9,081s][debug  ][gc,director    ] Select Minor GC Workers (Try Lowering), AvoidOOMGCWorkers: 0,081, NextAvoidOOMGCWorkers: 0,075, LastGCWorkers: 5,000, GCWorkers: 1,000
[9,081s][debug  ][gc,director    ] Rule Minor: Allocation Rate (Dynamic GC Workers), MaxAllocRate: 1014,2MB/s (+/-29,8%), Free: 12032MB, GCCPUTime: 0,747, GCDuration: 0,747s, TimeUntilOOM: 9,138s, TimeUntilGC: 8,391s, GCWorkers: 1
[9,081s][debug  ][gc,director    ] Select Minor GC Workers (Try Lowering), AvoidOOMGCWorkers: 0,324, NextAvoidOOMGCWorkers: 0,250, LastGCWorkers: 5,000, GCWorkers: 1,000
[9,081s][debug  ][gc,director    ] Rule Minor: Allocation Rate (Dynamic GC Workers), MaxAllocRate: 4051,8MB/s (+/-29,8%), Free: 12032MB, GCCPUTime: 0,747, GCDuration: 0,747s, TimeUntilOOM: 2,287s, TimeUntilGC: 1,540s, GCWorkers: 1
[9,081s][debug  ][gc,director    ] Rule Minor: High Usage, Free: 12032MB(78,3%)
[9,091s][debug  ][gc,director    ] Rule Major: Proactive, AcceptableGCInterval: 39,232s, TimeSinceLastGC: 1,261s, TimeUntilGC: 37,971s
[9,091s][debug  ][gc,director    ] Select Minor GC Workers (Try Lowering), AvoidOOMGCWorkers: 0,081, NextAvoidOOMGCWorkers: 0,075, LastGCWorkers: 5,000, GCWorkers: 1,000
[9,091s][debug  ][gc,director    ] Rule Minor: Allocation Rate (Dynamic GC Workers), MaxAllocRate: 1014,2MB/s (+/-29,8%), Free: 12018MB, GCCPUTime: 0,747, GCDuration: 0,747s, TimeUntilOOM: 9,127s, TimeUntilGC: 8,380s, GCWorkers: 1
[9,091s][debug  ][gc,director    ] Select Minor GC Workers (Try Lowering), AvoidOOMGCWorkers: 0,325, NextAvoidOOMGCWorkers: 0,249, LastGCWorkers: 5,000, GCWorkers: 1,000
[9,091s][debug  ][gc,director    ] Rule Minor: Allocation Rate (Dynamic GC Workers), MaxAllocRate: 4051,8MB/s (+/-29,8%), Free: 12018MB, GCCPUTime: 0,747, GCDuration: 0,747s, TimeUntilOOM: 2,284s, TimeUntilGC: 1,538s, GCWorkers: 1
[9,091s][debug  ][gc,director    ] Rule Minor: High Usage, Free: 12018MB(78,2%)
[9,101s][debug  ][gc,director    ] Rule Major: Proactive, AcceptableGCInterval: 39,232s, TimeSinceLastGC: 1,272s, TimeUntilGC: 37,961s
[9,101s][debug  ][gc,director    ] Select Minor GC Workers (Try Lowering), AvoidOOMGCWorkers: 0,081, NextAvoidOOMGCWorkers: 0,075, LastGCWorkers: 5,000, GCWorkers: 1,000
[9,101s][debug  ][gc,director    ] Rule Minor: Allocation Rate (Dynamic GC Workers), MaxAllocRate: 1014,2MB/s (+/-29,8%), Free: 12004MB, GCCPUTime: 0,747, GCDuration: 0,747s, TimeUntilOOM: 9,116s, TimeUntilGC: 8,369s, GCWorkers: 1
[9,101s][debug  ][gc,director    ] Select Minor GC Workers (Try Lowering), AvoidOOMGCWorkers: 0,325, NextAvoidOOMGCWorkers: 0,248, LastGCWorkers: 5,000, GCWorkers: 1,000
[9,101s][debug  ][gc,director    ] Rule Minor: Allocation Rate (Dynamic GC Workers), MaxAllocRate: 4051,8MB/s (+/-29,8%), Free: 12004MB, GCCPUTime: 0,747, GCDuration: 0,747s, TimeUntilOOM: 2,282s, TimeUntilGC: 1,535s, GCWorkers: 1
[9,101s][debug  ][gc,director    ] Rule Minor: High Usage, Free: 12004MB(78,2%)
[9,111s][debug  ][gc,director    ] Rule Major: Proactive, AcceptableGCInterval: 39,232s, TimeSinceLastGC: 1,282s, TimeUntilGC: 37,951s
[9,111s][debug  ][gc,director    ] Select Minor GC Workers (Try Lowering), AvoidOOMGCWorkers: 0,081, NextAvoidOOMGCWorkers: 0,075, LastGCWorkers: 5,000, GCWorkers: 1,000
[9,111s][debug  ][gc,director    ] Rule Minor: Allocation Rate (Dynamic GC Workers), MaxAllocRate: 1014,2MB/s (+/-29,8%), Free: 11990MB, GCCPUTime: 0,747, GCDuration: 0,747s, TimeUntilOOM: 9,106s, TimeUntilGC: 8,359s, GCWorkers: 1
[9,111s][debug  ][gc,director    ] Select Minor GC Workers (Try Lowering), AvoidOOMGCWorkers: 0,325, NextAvoidOOMGCWorkers: 0,248, LastGCWorkers: 5,000, GCWorkers: 1,000
[9,111s][debug  ][gc,director    ] Rule Minor: Allocation Rate (Dynamic GC Workers), MaxAllocRate: 4051,8MB/s (+/-29,8%), Free: 11990MB, GCCPUTime: 0,747, GCDuration: 0,747s, TimeUntilOOM: 2,279s, TimeUntilGC: 1,532s, GCWorkers: 1
[9,111s][debug  ][gc,director    ] Rule Minor: High Usage, Free: 11990MB(78,1%)
[9,122s][debug  ][gc,director    ] Rule Major: Proactive, AcceptableGCInterval: 39,232s, TimeSinceLastGC: 1,292s, TimeUntilGC: 37,940s
[9,122s][debug  ][gc,director    ] Select Minor GC Workers (Try Lowering), AvoidOOMGCWorkers: 0,081, NextAvoidOOMGCWorkers: 0,075, LastGCWorkers: 5,000, GCWorkers: 1,000
[9,122s][debug  ][gc,director    ] Rule Minor: Allocation Rate (Dynamic GC Workers), MaxAllocRate: 1014,2MB/s (+/-29,8%), Free: 11976MB, GCCPUTime: 0,747, GCDuration: 0,747s, TimeUntilOOM: 9,095s, TimeUntilGC: 8,348s, GCWorkers: 1
[9,122s][debug  ][gc,director    ] Select Minor GC Workers (Try Lowering), AvoidOOMGCWorkers: 0,326, NextAvoidOOMGCWorkers: 0,247, LastGCWorkers: 5,000, GCWorkers: 1,000
[9,122s][debug  ][gc,director    ] Rule Minor: Allocation Rate (Dynamic GC Workers), MaxAllocRate: 4051,8MB/s (+/-29,8%), Free: 11976MB, GCCPUTime: 0,747, GCDuration: 0,747s, TimeUntilOOM: 2,276s, TimeUntilGC: 1,530s, GCWorkers: 1
[9,122s][debug  ][gc,director    ] Rule Minor: High Usage, Free: 11976MB(78,0%)
[9,132s][debug  ][gc,director    ] Rule Major: Proactive, AcceptableGCInterval: 39,232s, TimeSinceLastGC: 1,302s, TimeUntilGC: 37,930s
[9,132s][debug  ][gc,director    ] Select Minor GC Workers (Try Lowering), AvoidOOMGCWorkers: 0,081, NextAvoidOOMGCWorkers: 0,075, LastGCWorkers: 5,000, GCWorkers: 1,000
[9,132s][debug  ][gc,director    ] Rule Minor: Allocation Rate (Dynamic GC Workers), MaxAllocRate: 1014,2MB/s (+/-29,8%), Free: 11962MB, GCCPUTime: 0,747, GCDuration: 0,747s, TimeUntilOOM: 9,084s, TimeUntilGC: 8,337s, GCWorkers: 1
[9,132s][debug  ][gc,director    ] Select Minor GC Workers (Try Lowering), AvoidOOMGCWorkers: 0,326, NextAvoidOOMGCWorkers: 0,246, LastGCWorkers: 5,000, GCWorkers: 1,000
[9,132s][debug  ][gc,director    ] Rule Minor: Allocation Rate (Dynamic GC Workers), MaxAllocRate: 4051,8MB/s (+/-29,8%), Free: 11962MB, GCCPUTime: 0,747, GCDuration: 0,747s, TimeUntilOOM: 2,274s, TimeUntilGC: 1,527s, GCWorkers: 1
[9,132s][debug  ][gc,director    ] Rule Minor: High Usage, Free: 11962MB(77,9%)
[9,142s][debug  ][gc,director    ] Rule Major: Proactive, AcceptableGCInterval: 39,232s, TimeSinceLastGC: 1,312s, TimeUntilGC: 37,920s
[9,142s][debug  ][gc,director    ] Select Minor GC Workers (Try Lowering), AvoidOOMGCWorkers: 0,082, NextAvoidOOMGCWorkers: 0,075, LastGCWorkers: 5,000, GCWorkers: 1,000
[9,142s][debug  ][gc,director    ] Rule Minor: Allocation Rate (Dynamic GC Workers), MaxAllocRate: 1014,2MB/s (+/-29,8%), Free: 11948MB, GCCPUTime: 0,747, GCDuration: 0,747s, TimeUntilOOM: 9,074s, TimeUntilGC: 8,327s, GCWorkers: 1
[9,142s][debug  ][gc,director    ] Select Minor GC Workers (Try Lowering), AvoidOOMGCWorkers: 0,327, NextAvoidOOMGCWorkers: 0,246, LastGCWorkers: 5,000, GCWorkers: 1,000
[9,142s][debug  ][gc,director    ] Rule Minor: Allocation Rate (Dynamic GC Workers), MaxAllocRate: 4051,8MB/s (+/-29,8%), Free: 11948MB, GCCPUTime: 0,747, GCDuration: 0,747s, TimeUntilOOM: 2,271s, TimeUntilGC: 1,524s, GCWorkers: 1
[9,142s][debug  ][gc,director    ] Rule Minor: High Usage, Free: 11948MB(77,8%)
[9,152s][debug  ][gc,director    ] Rule Major: Proactive, AcceptableGCInterval: 39,232s, TimeSinceLastGC: 1,323s, TimeUntilGC: 37,910s
[9,152s][debug  ][gc,director    ] Select Minor GC Workers (Try Lowering), AvoidOOMGCWorkers: 0,082, NextAvoidOOMGCWorkers: 0,075, LastGCWorkers: 5,000, GCWorkers: 1,000
[9,152s][debug  ][gc,director    ] Rule Minor: Allocation Rate (Dynamic GC Workers), MaxAllocRate: 1014,2MB/s (+/-29,8%), Free: 11936MB, GCCPUTime: 0,747, GCDuration: 0,747s, TimeUntilOOM: 9,065s, TimeUntilGC: 8,318s, GCWorkers: 1
[9,152s][debug  ][gc,director    ] Select Minor GC Workers (Try Lowering), AvoidOOMGCWorkers: 0,327, NextAvoidOOMGCWorkers: 0,245, LastGCWorkers: 5,000, GCWorkers: 1,000
[9,152s][debug  ][gc,director    ] Rule Minor: Allocation Rate (Dynamic GC Workers), MaxAllocRate: 4051,8MB/s (+/-29,8%), Free: 11936MB, GCCPUTime: 0,747, GCDuration: 0,747s, TimeUntilOOM: 2,269s, TimeUntilGC: 1,522s, GCWorkers: 1
[9,152s][debug  ][gc,director    ] Rule Minor: High Usage, Free: 11936MB(77,7%)
[9,160s][debug  ][gc,alloc       ] Mutator Allocation Rate: 1390,7MB/s Predicted: 1533,2MB/s, Avg: 1018,2(+/-303,4)MB/s
[9,160s][debug  ][gc,director    ] Rule Major: Proactive, AcceptableGCInterval: 39,232s, TimeSinceLastGC: 1,330s, TimeUntilGC: 37,902s
[9,160s][debug  ][gc,director    ] Select Minor GC Workers (Try Lowering), AvoidOOMGCWorkers: 0,082, NextAvoidOOMGCWorkers: 0,076, LastGCWorkers: 5,000, GCWorkers: 1,000
[9,160s][debug  ][gc,director    ] Rule Minor: Allocation Rate (Dynamic GC Workers), MaxAllocRate: 1018,2MB/s (+/-29,8%), Free: 11924MB, GCCPUTime: 0,747, GCDuration: 0,747s, TimeUntilOOM: 9,022s, TimeUntilGC: 8,275s, GCWorkers: 1
[9,160s][debug  ][gc,director    ] Select Minor GC Workers (Try Lowering), AvoidOOMGCWorkers: 0,328, NextAvoidOOMGCWorkers: 0,245, LastGCWorkers: 5,000, GCWorkers: 1,000
[9,160s][debug  ][gc,director    ] Rule Minor: Allocation Rate (Dynamic GC Workers), MaxAllocRate: 4064,8MB/s (+/-29,8%), Free: 11924MB, GCCPUTime: 0,747, GCDuration: 0,747s, TimeUntilOOM: 2,260s, TimeUntilGC: 1,513s, GCWorkers: 1
[9,160s][debug  ][gc,director    ] Rule Minor: High Usage, Free: 11924MB(77,6%)
[9,170s][debug  ][gc,director    ] Rule Major: Proactive, AcceptableGCInterval: 39,232s, TimeSinceLastGC: 1,340s, TimeUntilGC: 37,892s
[9,170s][debug  ][gc,director    ] Select Minor GC Workers (Try Lowering), AvoidOOMGCWorkers: 0,082, NextAvoidOOMGCWorkers: 0,076, LastGCWorkers: 5,000, GCWorkers: 1,000
[9,170s][debug  ][gc,director    ] Rule Minor: Allocation Rate (Dynamic GC Workers), MaxAllocRate: 1018,2MB/s (+/-29,8%), Free: 11912MB, GCCPUTime: 0,747, GCDuration: 0,747s, TimeUntilOOM: 9,013s, TimeUntilGC: 8,266s, GCWorkers: 1
[9,170s][debug  ][gc,director    ] Select Minor GC Workers (Try Lowering), AvoidOOMGCWorkers: 0,329, NextAvoidOOMGCWorkers: 0,245, LastGCWorkers: 5,000, GCWorkers: 1,000
[9,170s][debug  ][gc,director    ] Rule Minor: Allocation Rate (Dynamic GC Workers), MaxAllocRate: 4064,8MB/s (+/-29,8%), Free: 11912MB, GCCPUTime: 0,747, GCDuration: 0,747s, TimeUntilOOM: 2,258s, TimeUntilGC: 1,511s, GCWorkers: 1
[9,170s][debug  ][gc,director    ] Rule Minor: High Usage, Free: 11912MB(77,6%)
[9,180s][debug  ][gc,director    ] Rule Major: Proactive, AcceptableGCInterval: 39,232s, TimeSinceLastGC: 1,351s, TimeUntilGC: 37,882s
[9,180s][debug  ][gc,director    ] Select Minor GC Workers (Try Lowering), AvoidOOMGCWorkers: 0,082, NextAvoidOOMGCWorkers: 0,076, LastGCWorkers: 5,000, GCWorkers: 1,000
[9,180s][debug  ][gc,director    ] Rule Minor: Allocation Rate (Dynamic GC Workers), MaxAllocRate: 1018,2MB/s (+/-29,8%), Free: 11898MB, GCCPUTime: 0,747, GCDuration: 0,747s, TimeUntilOOM: 9,003s, TimeUntilGC: 8,256s, GCWorkers: 1
[9,180s][debug  ][gc,director    ] Select Minor GC Workers (Try Lowering), AvoidOOMGCWorkers: 0,329, NextAvoidOOMGCWorkers: 0,244, LastGCWorkers: 5,000, GCWorkers: 1,000
[9,180s][debug  ][gc,director    ] Rule Minor: Allocation Rate (Dynamic GC Workers), MaxAllocRate: 4064,8MB/s (+/-29,8%), Free: 11898MB, GCCPUTime: 0,747, GCDuration: 0,747s, TimeUntilOOM: 2,255s, TimeUntilGC: 1,508s, GCWorkers: 1
[9,180s][debug  ][gc,director    ] Rule Minor: High Usage, Free: 11898MB(77,5%)
[9,191s][debug  ][gc,director    ] Rule Major: Proactive, AcceptableGCInterval: 39,232s, TimeSinceLastGC: 1,361s, TimeUntilGC: 37,871s
[9,191s][debug  ][gc,director    ] Select Minor GC Workers (Try Lowering), AvoidOOMGCWorkers: 0,082, NextAvoidOOMGCWorkers: 0,076, LastGCWorkers: 5,000, GCWorkers: 1,000
[9,191s][debug  ][gc,director    ] Rule Minor: Allocation Rate (Dynamic GC Workers), MaxAllocRate: 1018,2MB/s (+/-29,8%), Free: 11884MB, GCCPUTime: 0,747, GCDuration: 0,747s, TimeUntilOOM: 8,992s, TimeUntilGC: 8,245s, GCWorkers: 1
[9,191s][debug  ][gc,director    ] Select Minor GC Workers (Try Lowering), AvoidOOMGCWorkers: 0,329, NextAvoidOOMGCWorkers: 0,243, LastGCWorkers: 5,000, GCWorkers: 1,000
[9,191s][debug  ][gc,director    ] Rule Minor: Allocation Rate (Dynamic GC Workers), MaxAllocRate: 4064,8MB/s (+/-29,8%), Free: 11884MB, GCCPUTime: 0,747, GCDuration: 0,747s, TimeUntilOOM: 2,252s, TimeUntilGC: 1,505s, GCWorkers: 1
[9,191s][debug  ][gc,director    ] Rule Minor: High Usage, Free: 11884MB(77,4%)
[9,201s][debug  ][gc,director    ] Rule Major: Proactive, AcceptableGCInterval: 39,232s, TimeSinceLastGC: 1,371s, TimeUntilGC: 37,861s
[9,201s][debug  ][gc,director    ] Select Minor GC Workers (Try Lowering), AvoidOOMGCWorkers: 0,082, NextAvoidOOMGCWorkers: 0,076, LastGCWorkers: 5,000, GCWorkers: 1,000
[9,201s][debug  ][gc,director    ] Rule Minor: Allocation Rate (Dynamic GC Workers), MaxAllocRate: 1018,2MB/s (+/-29,8%), Free: 11870MB, GCCPUTime: 0,747, GCDuration: 0,747s, TimeUntilOOM: 8,981s, TimeUntilGC: 8,234s, GCWorkers: 1
[9,201s][debug  ][gc,director    ] Select Minor GC Workers (Try Lowering), AvoidOOMGCWorkers: 0,330, NextAvoidOOMGCWorkers: 0,243, LastGCWorkers: 5,000, GCWorkers: 1,000
[9,201s][debug  ][gc,director    ] Rule Minor: Allocation Rate (Dynamic GC Workers), MaxAllocRate: 4064,8MB/s (+/-29,8%), Free: 11870MB, GCCPUTime: 0,747, GCDuration: 0,747s, TimeUntilOOM: 2,250s, TimeUntilGC: 1,503s, GCWorkers: 1
[9,201s][debug  ][gc,director    ] Rule Minor: High Usage, Free: 11870MB(77,3%)
[9,211s][debug  ][gc,director    ] Rule Major: Proactive, AcceptableGCInterval: 39,232s, TimeSinceLastGC: 1,381s, TimeUntilGC: 37,851s
[9,211s][debug  ][gc,director    ] Select Minor GC Workers (Try Lowering), AvoidOOMGCWorkers: 0,082, NextAvoidOOMGCWorkers: 0,076, LastGCWorkers: 5,000, GCWorkers: 1,000
[9,211s][debug  ][gc,director    ] Rule Minor: Allocation Rate (Dynamic GC Workers), MaxAllocRate: 1018,2MB/s (+/-29,8%), Free: 11856MB, GCCPUTime: 0,747, GCDuration: 0,747s, TimeUntilOOM: 8,971s, TimeUntilGC: 8,224s, GCWorkers: 1
[9,211s][debug  ][gc,director    ] Select Minor GC Workers (Try Lowering), AvoidOOMGCWorkers: 0,330, NextAvoidOOMGCWorkers: 0,242, LastGCWorkers: 5,000, GCWorkers: 1,000
[9,211s][debug  ][gc,director    ] Rule Minor: Allocation Rate (Dynamic GC Workers), MaxAllocRate: 4064,8MB/s (+/-29,8%), Free: 11856MB, GCCPUTime: 0,747, GCDuration: 0,747s, TimeUntilOOM: 2,247s, TimeUntilGC: 1,500s, GCWorkers: 1
[9,211s][debug  ][gc,director    ] Rule Minor: High Usage, Free: 11856MB(77,2%)
[9,221s][debug  ][gc,director    ] Rule Major: Proactive, AcceptableGCInterval: 39,232s, TimeSinceLastGC: 1,391s, TimeUntilGC: 37,841s
[9,221s][debug  ][gc,director    ] Select Minor GC Workers (Try Lowering), AvoidOOMGCWorkers: 0,083, NextAvoidOOMGCWorkers: 0,076, LastGCWorkers: 5,000, GCWorkers: 1,000
[9,221s][debug  ][gc,director    ] Rule Minor: Allocation Rate (Dynamic GC Workers), MaxAllocRate: 1018,2MB/s (+/-29,8%), Free: 11842MB, GCCPUTime: 0,747, GCDuration: 0,747s, TimeUntilOOM: 8,960s, TimeUntilGC: 8,213s, GCWorkers: 1
[9,221s][debug  ][gc,director    ] Select Minor GC Workers (Try Lowering), AvoidOOMGCWorkers: 0,331, NextAvoidOOMGCWorkers: 0,242, LastGCWorkers: 5,000, GCWorkers: 1,000
[9,221s][debug  ][gc,director    ] Rule Minor: Allocation Rate (Dynamic GC Workers), MaxAllocRate: 4064,8MB/s (+/-29,8%), Free: 11842MB, GCCPUTime: 0,747, GCDuration: 0,747s, TimeUntilOOM: 2,244s, TimeUntilGC: 1,498s, GCWorkers: 1
[9,221s][debug  ][gc,director    ] Rule Minor: High Usage, Free: 11842MB(77,1%)
[9,231s][debug  ][gc,director    ] Rule Major: Proactive, AcceptableGCInterval: 39,232s, TimeSinceLastGC: 1,402s, TimeUntilGC: 37,831s
[9,231s][debug  ][gc,director    ] Select Minor GC Workers (Try Lowering), AvoidOOMGCWorkers: 0,083, NextAvoidOOMGCWorkers: 0,076, LastGCWorkers: 5,000, GCWorkers: 1,000
[9,231s][debug  ][gc,director    ] Rule Minor: Allocation Rate (Dynamic GC Workers), MaxAllocRate: 1018,2MB/s (+/-29,8%), Free: 11814MB, GCCPUTime: 0,747, GCDuration: 0,747s, TimeUntilOOM: 8,939s, TimeUntilGC: 8,192s, GCWorkers: 1
[9,231s][debug  ][gc,director    ] Select Minor GC Workers (Try Lowering), AvoidOOMGCWorkers: 0,331, NextAvoidOOMGCWorkers: 0,241, LastGCWorkers: 5,000, GCWorkers: 1,000
[9,231s][debug  ][gc,director    ] Rule Minor: Allocation Rate (Dynamic GC Workers), MaxAllocRate: 4064,8MB/s (+/-29,8%), Free: 11814MB, GCCPUTime: 0,747, GCDuration: 0,747s, TimeUntilOOM: 2,239s, TimeUntilGC: 1,492s, GCWorkers: 1
[9,231s][debug  ][gc,director    ] Rule Minor: High Usage, Free: 11814MB(76,9%)
[9,233s][debug  ][gc,alloc       ] Mutator Allocation Rate: 1392,9MB/s Predicted: 1538,1MB/s, Avg: 1022,1(+/-304,3)MB/s
[9,233s][debug  ][gc,director    ] Rule Major: Proactive, AcceptableGCInterval: 39,232s, TimeSinceLastGC: 1,403s, TimeUntilGC: 37,829s
[9,233s][debug  ][gc,director    ] Select Minor GC Workers (Try Lowering), AvoidOOMGCWorkers: 0,083, NextAvoidOOMGCWorkers: 0,076, LastGCWorkers: 5,000, GCWorkers: 1,000
[9,233s][debug  ][gc,director    ] Rule Minor: Allocation Rate (Dynamic GC Workers), MaxAllocRate: 1022,1MB/s (+/-29,8%), Free: 11804MB, GCCPUTime: 0,747, GCDuration: 0,747s, TimeUntilOOM: 8,899s, TimeUntilGC: 8,153s, GCWorkers: 1
[9,233s][debug  ][gc,director    ] Select Minor GC Workers (Try Lowering), AvoidOOMGCWorkers: 0,333, NextAvoidOOMGCWorkers: 0,242, LastGCWorkers: 5,000, GCWorkers: 1,000
[9,233s][debug  ][gc,director    ] Rule Minor: Allocation Rate (Dynamic GC Workers), MaxAllocRate: 4077,3MB/s (+/-29,8%), Free: 11804MB, GCCPUTime: 0,747, GCDuration: 0,747s, TimeUntilOOM: 2,231s, TimeUntilGC: 1,484s, GCWorkers: 1
[9,233s][debug  ][gc,director    ] Rule Minor: High Usage, Free: 11804MB(76,8%)
[9,243s][debug  ][gc,director    ] Rule Major: Proactive, AcceptableGCInterval: 39,232s, TimeSinceLastGC: 1,414s, TimeUntilGC: 37,819s
[9,243s][debug  ][gc,director    ] Select Minor GC Workers (Try Lowering), AvoidOOMGCWorkers: 0,084, NextAvoidOOMGCWorkers: 0,077, LastGCWorkers: 5,000, GCWorkers: 1,000
[9,243s][debug  ][gc,director    ] Rule Minor: Allocation Rate (Dynamic GC Workers), MaxAllocRate: 1022,1MB/s (+/-29,8%), Free: 11696MB, GCCPUTime: 0,747, GCDuration: 0,747s, TimeUntilOOM: 8,818s, TimeUntilGC: 8,071s, GCWorkers: 1
[9,243s][debug  ][gc,director    ] Select Minor GC Workers (Try Lowering), AvoidOOMGCWorkers: 0,336, NextAvoidOOMGCWorkers: 0,242, LastGCWorkers: 5,000, GCWorkers: 1,000
[9,243s][debug  ][gc,director    ] Rule Minor: Allocation Rate (Dynamic GC Workers), MaxAllocRate: 4077,3MB/s (+/-29,8%), Free: 11696MB, GCCPUTime: 0,747, GCDuration: 0,747s, TimeUntilOOM: 2,211s, TimeUntilGC: 1,464s, GCWorkers: 1
[9,243s][debug  ][gc,director    ] Rule Minor: High Usage, Free: 11696MB(76,1%)
[9,244s][debug  ][gc,alloc       ] Mutator Allocation Rate: 1405,6MB/s Predicted: 1543,3MB/s, Avg: 1026,1(+/-305,2)MB/s
[9,244s][debug  ][gc,director    ] Rule Major: Proactive, AcceptableGCInterval: 39,232s, TimeSinceLastGC: 1,415s, TimeUntilGC: 37,818s
[9,244s][debug  ][gc,director    ] Select Minor GC Workers (Try Lowering), AvoidOOMGCWorkers: 0,084, NextAvoidOOMGCWorkers: 0,077, LastGCWorkers: 5,000, GCWorkers: 1,000
[9,244s][debug  ][gc,director    ] Rule Minor: Allocation Rate (Dynamic GC Workers), MaxAllocRate: 1026,1MB/s (+/-29,7%), Free: 11682MB, GCCPUTime: 0,747, GCDuration: 0,747s, TimeUntilOOM: 8,775s, TimeUntilGC: 8,028s, GCWorkers: 1
[9,244s][debug  ][gc,director    ] Select Minor GC Workers (Try Lowering), AvoidOOMGCWorkers: 0,337, NextAvoidOOMGCWorkers: 0,243, LastGCWorkers: 5,000, GCWorkers: 1,000
[9,244s][debug  ][gc,director    ] Rule Minor: Allocation Rate (Dynamic GC Workers), MaxAllocRate: 4090,8MB/s (+/-29,7%), Free: 11682MB, GCCPUTime: 0,747, GCDuration: 0,747s, TimeUntilOOM: 2,201s, TimeUntilGC: 1,454s, GCWorkers: 1
[9,244s][debug  ][gc,director    ] Rule Minor: High Usage, Free: 11682MB(76,1%)
[9,254s][debug  ][gc,alloc       ] Mutator Allocation Rate: 1418,5MB/s Predicted: 1548,8MB/s, Avg: 1030,2(+/-306,2)MB/s
[9,254s][debug  ][gc,director    ] Rule Major: Proactive, AcceptableGCInterval: 39,232s, TimeSinceLastGC: 1,425s, TimeUntilGC: 37,808s
[9,254s][debug  ][gc,director    ] Select Minor GC Workers (Try Lowering), AvoidOOMGCWorkers: 0,086, NextAvoidOOMGCWorkers: 0,078, LastGCWorkers: 5,000, GCWorkers: 1,000
[9,254s][debug  ][gc,director    ] Rule Minor: Allocation Rate (Dynamic GC Workers), MaxAllocRate: 1030,2MB/s (+/-29,7%), Free: 11564MB, GCCPUTime: 0,747, GCDuration: 0,747s, TimeUntilOOM: 8,654s, TimeUntilGC: 7,907s, GCWorkers: 1
[9,254s][debug  ][gc,director    ] Select Minor GC Workers (Try Lowering), AvoidOOMGCWorkers: 0,342, NextAvoidOOMGCWorkers: 0,245, LastGCWorkers: 5,000, GCWorkers: 1,000
[9,254s][debug  ][gc,director    ] Rule Minor: Allocation Rate (Dynamic GC Workers), MaxAllocRate: 4105,1MB/s (+/-29,7%), Free: 11564MB, GCCPUTime: 0,747, GCDuration: 0,747s, TimeUntilOOM: 2,172s, TimeUntilGC: 1,425s, GCWorkers: 1
[9,254s][debug  ][gc,director    ] Rule Minor: High Usage, Free: 11564MB(75,3%)
[9,263s][debug  ][gc,alloc       ] Mutator Allocation Rate: 1431,7MB/s Predicted: 1554,6MB/s, Avg: 1034,3(+/-307,3)MB/s
[9,263s][debug  ][gc,director    ] Rule Major: Proactive, AcceptableGCInterval: 39,232s, TimeSinceLastGC: 1,433s, TimeUntilGC: 37,799s
[9,263s][debug  ][gc,director    ] Select Minor GC Workers (Try Lowering), AvoidOOMGCWorkers: 0,087, NextAvoidOOMGCWorkers: 0,079, LastGCWorkers: 5,000, GCWorkers: 1,000
[9,263s][debug  ][gc,director    ] Rule Minor: Allocation Rate (Dynamic GC Workers), MaxAllocRate: 1034,3MB/s (+/-29,7%), Free: 11444MB, GCCPUTime: 0,747, GCDuration: 0,747s, TimeUntilOOM: 8,531s, TimeUntilGC: 7,784s, GCWorkers: 1
[9,263s][debug  ][gc,director    ] Select Minor GC Workers (Try Lowering), AvoidOOMGCWorkers: 0,347, NextAvoidOOMGCWorkers: 0,247, LastGCWorkers: 5,000, GCWorkers: 1,000
[9,263s][debug  ][gc,director    ] Rule Minor: Allocation Rate (Dynamic GC Workers), MaxAllocRate: 4120,3MB/s (+/-29,7%), Free: 11444MB, GCCPUTime: 0,747, GCDuration: 0,747s, TimeUntilOOM: 2,141s, TimeUntilGC: 1,394s, GCWorkers: 1
[9,263s][debug  ][gc,director    ] Rule Minor: High Usage, Free: 11444MB(74,5%)
[9,273s][debug  ][gc,director    ] Rule Major: Proactive, AcceptableGCInterval: 39,232s, TimeSinceLastGC: 1,443s, TimeUntilGC: 37,789s
[9,273s][debug  ][gc,director    ] Select Minor GC Workers (Try Lowering), AvoidOOMGCWorkers: 0,088, NextAvoidOOMGCWorkers: 0,079, LastGCWorkers: 5,000, GCWorkers: 1,000
[9,273s][debug  ][gc,director    ] Rule Minor: Allocation Rate (Dynamic GC Workers), MaxAllocRate: 1034,3MB/s (+/-29,7%), Free: 11346MB, GCCPUTime: 0,747, GCDuration: 0,747s, TimeUntilOOM: 8,458s, TimeUntilGC: 7,711s, GCWorkers: 1
[9,273s][debug  ][gc,director    ] Select Minor GC Workers (Try Lowering), AvoidOOMGCWorkers: 0,350, NextAvoidOOMGCWorkers: 0,247, LastGCWorkers: 5,000, GCWorkers: 1,000
[9,273s][debug  ][gc,director    ] Rule Minor: Allocation Rate (Dynamic GC Workers), MaxAllocRate: 4120,3MB/s (+/-29,7%), Free: 11346MB, GCCPUTime: 0,747, GCDuration: 0,747s, TimeUntilOOM: 2,123s, TimeUntilGC: 1,376s, GCWorkers: 1
[9,273s][debug  ][gc,director    ] Rule Minor: High Usage, Free: 11346MB(73,9%)
[9,275s][debug  ][gc,alloc       ] Mutator Allocation Rate: 1444,1MB/s Predicted: 1560,7MB/s, Avg: 1038,4(+/-308,4)MB/s
[9,275s][debug  ][gc,director    ] Rule Major: Proactive, AcceptableGCInterval: 39,232s, TimeSinceLastGC: 1,445s, TimeUntilGC: 37,787s
[9,275s][debug  ][gc,director    ] Select Minor GC Workers (Try Lowering), AvoidOOMGCWorkers: 0,088, NextAvoidOOMGCWorkers: 0,080, LastGCWorkers: 5,000, GCWorkers: 1,000
[9,275s][debug  ][gc,director    ] Rule Minor: Allocation Rate (Dynamic GC Workers), MaxAllocRate: 1038,4MB/s (+/-29,7%), Free: 11322MB, GCCPUTime: 0,747, GCDuration: 0,747s, TimeUntilOOM: 8,406s, TimeUntilGC: 7,659s, GCWorkers: 1
[9,275s][debug  ][gc,director    ] Select Minor GC Workers (Try Lowering), AvoidOOMGCWorkers: 0,352, NextAvoidOOMGCWorkers: 0,248, LastGCWorkers: 5,000, GCWorkers: 1,000
[9,275s][debug  ][gc,director    ] Rule Minor: Allocation Rate (Dynamic GC Workers), MaxAllocRate: 4136,3MB/s (+/-29,7%), Free: 11322MB, GCCPUTime: 0,747, GCDuration: 0,747s, TimeUntilOOM: 2,110s, TimeUntilGC: 1,364s, GCWorkers: 1
[9,275s][debug  ][gc,director    ] Rule Minor: High Usage, Free: 11322MB(73,7%)
[9,285s][debug  ][gc,director    ] Rule Major: Proactive, AcceptableGCInterval: 39,232s, TimeSinceLastGC: 1,455s, TimeUntilGC: 37,777s
[9,285s][debug  ][gc,director    ] Select Minor GC Workers (Try Lowering), AvoidOOMGCWorkers: 0,088, NextAvoidOOMGCWorkers: 0,080, LastGCWorkers: 5,000, GCWorkers: 1,000
[9,285s][debug  ][gc,director    ] Rule Minor: Allocation Rate (Dynamic GC Workers), MaxAllocRate: 1038,4MB/s (+/-29,7%), Free: 11270MB, GCCPUTime: 0,747, GCDuration: 0,747s, TimeUntilOOM: 8,368s, TimeUntilGC: 7,621s, GCWorkers: 1
[9,285s][debug  ][gc,director    ] Select Minor GC Workers (Try Lowering), AvoidOOMGCWorkers: 0,353, NextAvoidOOMGCWorkers: 0,248, LastGCWorkers: 5,000, GCWorkers: 1,000
[9,285s][debug  ][gc,director    ] Rule Minor: Allocation Rate (Dynamic GC Workers), MaxAllocRate: 4136,3MB/s (+/-29,7%), Free: 11270MB, GCCPUTime: 0,747, GCDuration: 0,747s, TimeUntilOOM: 2,101s, TimeUntilGC: 1,354s, GCWorkers: 1
[9,285s][debug  ][gc,director    ] Rule Minor: High Usage, Free: 11270MB(73,4%)
[9,295s][debug  ][gc,director    ] Rule Major: Proactive, AcceptableGCInterval: 39,232s, TimeSinceLastGC: 1,466s, TimeUntilGC: 37,767s
[9,295s][debug  ][gc,director    ] Select Minor GC Workers (Try Lowering), AvoidOOMGCWorkers: 0,089, NextAvoidOOMGCWorkers: 0,080, LastGCWorkers: 5,000, GCWorkers: 1,000
[9,295s][debug  ][gc,director    ] Rule Minor: Allocation Rate (Dynamic GC Workers), MaxAllocRate: 1038,4MB/s (+/-29,7%), Free: 11260MB, GCCPUTime: 0,747, GCDuration: 0,747s, TimeUntilOOM: 8,360s, TimeUntilGC: 7,613s, GCWorkers: 1
[9,295s][debug  ][gc,director    ] Select Minor GC Workers (Try Lowering), AvoidOOMGCWorkers: 0,354, NextAvoidOOMGCWorkers: 0,247, LastGCWorkers: 5,000, GCWorkers: 1,000
[9,295s][debug  ][gc,director    ] Rule Minor: Allocation Rate (Dynamic GC Workers), MaxAllocRate: 4136,3MB/s (+/-29,7%), Free: 11260MB, GCCPUTime: 0,747, GCDuration: 0,747s, TimeUntilOOM: 2,099s, TimeUntilGC: 1,352s, GCWorkers: 1
[9,295s][debug  ][gc,director    ] Rule Minor: High Usage, Free: 11260MB(73,3%)
[9,302s][debug  ][gc,nmethod     ] Register NMethod: org.magicwerk.brownies.collections.IList$Iter.next (0x00007f374ff80b10) [0x00007f374ff80d00, 0x00007f374ff81298] Compiler: c1, Barriers: 2, Oops: 1, ImmediateOops: 0, NonImmediateOops: No
[9,305s][debug  ][gc,director    ] Rule Major: Proactive, AcceptableGCInterval: 39,232s, TimeSinceLastGC: 1,476s, TimeUntilGC: 37,757s
[9,305s][debug  ][gc,director    ] Select Minor GC Workers (Try Lowering), AvoidOOMGCWorkers: 0,089, NextAvoidOOMGCWorkers: 0,080, LastGCWorkers: 5,000, GCWorkers: 1,000
[9,305s][debug  ][gc,director    ] Rule Minor: Allocation Rate (Dynamic GC Workers), MaxAllocRate: 1038,4MB/s (+/-29,7%), Free: 11252MB, GCCPUTime: 0,747, GCDuration: 0,747s, TimeUntilOOM: 8,354s, TimeUntilGC: 7,607s, GCWorkers: 1
[9,305s][debug  ][gc,director    ] Select Minor GC Workers (Try Lowering), AvoidOOMGCWorkers: 0,354, NextAvoidOOMGCWorkers: 0,247, LastGCWorkers: 5,000, GCWorkers: 1,000
[9,305s][debug  ][gc,director    ] Rule Minor: Allocation Rate (Dynamic GC Workers), MaxAllocRate: 4136,3MB/s (+/-29,7%), Free: 11252MB, GCCPUTime: 0,747, GCDuration: 0,747s, TimeUntilOOM: 2,097s, TimeUntilGC: 1,350s, GCWorkers: 1
[9,305s][debug  ][gc,director    ] Rule Minor: High Usage, Free: 11252MB(73,3%)
[9,307s][debug  ][gc,nmethod     ] Register NMethod: java.nio.HeapByteBuffer.put (0x00007f374ff15610) [0x00007f374ff15800, 0x00007f374ff15cd0] Compiler: c1, Barriers: 1, Oops: 0, ImmediateOops: 0, NonImmediateOops: No
[9,307s][debug  ][gc,nmethod     ] Register NMethod: java.nio.Buffer.checkSession (0x00007f374fe33510) [0x00007f374fe336e0, 0x00007f374fe33af0] Compiler: c1, Barriers: 1, Oops: 0, ImmediateOops: 0, NonImmediateOops: No
[9,308s][debug  ][gc,nmethod     ] Register NMethod: java.nio.ByteBuffer.put (0x00007f374fa8e510) [0x00007f374fa8e760, 0x00007f374fa8efb0] Compiler: c1, Barriers: 0, Oops: 0, ImmediateOops: 1, NonImmediateOops: No
[9,308s][debug  ][gc,nmethod     ] Register NMethod: java.nio.ByteBuffer.putBuffer (0x00007f374fe08090) [0x00007f374fe08360, 0x00007f374fe09238] Compiler: c1, Barriers: 2, Oops: 1, ImmediateOops: 2, NonImmediateOops: No
[9,309s][debug  ][gc,nmethod     ] Register NMethod: io.sirix.io.filechannel.FileChannelReader.read (0x00007f374fdfa910) [0x00007f374fdfabe0, 0x00007f374fdfb758] Compiler: c1, Barriers: 3, Oops: 1, ImmediateOops: 1, NonImmediateOops: No
[9,309s][debug  ][gc,nmethod     ] Register NMethod: java.util.UUID.parse4Nibbles (0x00007f374fe98c10) [0x00007f374fe98f60, 0x00007f374fe9a588] Compiler: c1, Barriers: 8, Oops: 2, ImmediateOops: 9, NonImmediateOops: No
[9,311s][debug  ][gc,nmethod     ] Register NMethod: com.github.benmanes.caffeine.cache.AbstractLinkedDeque.peekFirst (0x00007f376f2d8510) [0x00007f376f2d86a0, 0x00007f376f2d8790] Compiler: c1, Barriers: 1, Oops: 1, ImmediateOops: 0, NonImmediateOops: No
[9,311s][debug  ][gc,nmethod     ] Register NMethod: java.util.concurrent.ForkJoinPool$WorkQueue.getAndSetAccess (0x00007f376f2d8210) [0x00007f376f2d8380, 0x00007f376f2d8400] Compiler: c2, Barriers: 0, Oops: 0, ImmediateOops: 0, NonImmediateOops: No
[9,311s][debug  ][gc,nmethod     ] Register NMethod: java.util.BitSet.valueOf (0x00007f374faba010) [0x00007f374faba2a0, 0x00007f374fabaf38] Compiler: c1, Barriers: 3, Oops: 0, ImmediateOops: 1, NonImmediateOops: No
[9,311s][debug  ][gc,nmethod     ] Register NMethod: io.sirix.page.SerializationType.deserializeBitSet (0x00007f374ff35310) [0x00007f374ff35500, 0x00007f374ff35968] Compiler: c1, Barriers: 0, Oops: 1, ImmediateOops: 0, NonImmediateOops: No
[9,311s][debug  ][gc,nmethod     ] Register NMethod: java.util.BitSet.valueOf (0x00007f374fe98790) [0x00007f374fe98940, 0x00007f374fe98af0] Compiler: c1, Barriers: 0, Oops: 0, ImmediateOops: 0, NonImmediateOops: No
[9,312s][debug  ][gc,nmethod     ] Register NMethod: java.nio.HeapByteBuffer.slice (0x00007f374fec9290) [0x00007f374fec9440, 0x00007f374fec9700] Compiler: c1, Barriers: 2, Oops: 0, ImmediateOops: 0, NonImmediateOops: No
[9,312s][debug  ][gc,nmethod     ] Register NMethod: java.nio.HeapByteBuffer.<init> (0x00007f374fed8f90) [0x00007f374fed9140, 0x00007f374fed92d0] Compiler: c1, Barriers: 0, Oops: 0, ImmediateOops: 0, NonImmediateOops: No
[9,312s][debug  ][gc,nmethod     ] Register NMethod: java.util.BitSet.<init> (0x00007f374ff8aa90) [0x00007f374ff8ac40, 0x00007f374ff8ae68] Compiler: c1, Barriers: 3, Oops: 0, ImmediateOops: 0, NonImmediateOops: No
[9,312s][debug  ][gc,nmethod     ] Register NMethod: io.sirix.access.trx.node.AbstractResourceSession.assertNotClosed (0x00007f376f2d7e90) [0x00007f376f2d8000, 0x00007f376f2d8098] Compiler: c2, Barriers: 0, Oops: 1, ImmediateOops: 0, NonImmediateOops: No
[9,312s][debug  ][gc,nmethod     ] Register NMethod: java.lang.Byte.hashCode (0x00007f376f3a0990) [0x00007f376f3a0b00, 0x00007f376f3a0b80] Compiler: c2, Barriers: 0, Oops: 0, ImmediateOops: 0, NonImmediateOops: No
[9,312s][debug  ][gc,nmethod     ] Register NMethod: io.sirix.axis.pathsummary.LevelOrderSettingInMemoryInstancesAxis.getFirstChild (0x00007f374fa1d690) [0x00007f374fa1d8c0, 0x00007f374fa1e1a8] Compiler: c1, Barriers: 14, Oops: 1, ImmediateOops: 1, NonImmediateOops: No
[9,313s][debug  ][gc,nmethod     ] Register NMethod: io.sirix.page.PageKind$1.deserializePage (0x00007f374fc95c90) [0x00007f374fc96340, 0x00007f374fc99e08] Compiler: c1, Barriers: 16, Oops: 2, ImmediateOops: 5, NonImmediateOops: No
[9,314s][debug  ][gc,nmethod     ] Register NMethod: java.util.ArrayList.addAll (0x00007f374fc91e10) [0x00007f374fc92000, 0x00007f374fc92470] Compiler: c1, Barriers: 1, Oops: 0, ImmediateOops: 0, NonImmediateOops: No
[9,314s][debug  ][gc,nmethod     ] Register NMethod: jdk.internal.misc.Unsafe.bool2byte (0x00007f374fc7aa90) [0x00007f374fc7ac20, 0x00007f374fc7ad80] Compiler: c1, Barriers: 0, Oops: 0, ImmediateOops: 0, NonImmediateOops: No
[9,314s][debug  ][gc,nmethod     ] Register NMethod: io.sirix.service.json.shredder.JsonShredder.insertNullValue (0x00007f374fa31010) [0x00007f374fa31460, 0x00007f374fa334b8] Compiler: c1, Barriers: 15, Oops: 1, ImmediateOops: 3, NonImmediateOops: No
[9,316s][debug  ][gc,nmethod     ] Register NMethod: io.sirix.access.trx.page.NodePageReadOnlyTrx.getReferenceToLeafOfSubtree (0x00007f376f39f490) [0x00007f376f39f6e0, 0x00007f376f3a0190] Compiler: c2, Barriers: 10, Oops: 2, ImmediateOops: 3, NonImmediateOops: No
[9,316s][debug  ][gc,director    ] Rule Major: Proactive, AcceptableGCInterval: 39,232s, TimeSinceLastGC: 1,486s, TimeUntilGC: 37,746s
[9,316s][debug  ][gc,director    ] Select Minor GC Workers (Try Lowering), AvoidOOMGCWorkers: 0,089, NextAvoidOOMGCWorkers: 0,080, LastGCWorkers: 5,000, GCWorkers: 1,000
[9,316s][debug  ][gc,director    ] Rule Minor: Allocation Rate (Dynamic GC Workers), MaxAllocRate: 1038,4MB/s (+/-29,7%), Free: 11248MB, GCCPUTime: 0,747, GCDuration: 0,747s, TimeUntilOOM: 8,351s, TimeUntilGC: 7,605s, GCWorkers: 1
[9,316s][debug  ][gc,director    ] Select Minor GC Workers (Try Lowering), AvoidOOMGCWorkers: 0,354, NextAvoidOOMGCWorkers: 0,246, LastGCWorkers: 5,000, GCWorkers: 1,000
[9,316s][debug  ][gc,director    ] Rule Minor: Allocation Rate (Dynamic GC Workers), MaxAllocRate: 4136,3MB/s (+/-29,7%), Free: 11248MB, GCCPUTime: 0,747, GCDuration: 0,747s, TimeUntilOOM: 2,097s, TimeUntilGC: 1,350s, GCWorkers: 1
[9,316s][debug  ][gc,director    ] Rule Minor: High Usage, Free: 11248MB(73,2%)
[9,316s][debug  ][gc,nmethod     ] Register NMethod: java.lang.invoke.VarForm.getMemberName (0x00007f376f39f010) [0x00007f376f39f1a0, 0x00007f376f39f340] Compiler: c2, Barriers: 2, Oops: 0, ImmediateOops: 0, NonImmediateOops: No
[9,326s][debug  ][gc,director    ] Rule Major: Proactive, AcceptableGCInterval: 39,232s, TimeSinceLastGC: 1,496s, TimeUntilGC: 37,736s
[9,326s][debug  ][gc,director    ] Select Minor GC Workers (Try Lowering), AvoidOOMGCWorkers: 0,089, NextAvoidOOMGCWorkers: 0,080, LastGCWorkers: 5,000, GCWorkers: 1,000
[9,326s][debug  ][gc,director    ] Rule Minor: Allocation Rate (Dynamic GC Workers), MaxAllocRate: 1038,4MB/s (+/-29,7%), Free: 11234MB, GCCPUTime: 0,747, GCDuration: 0,747s, TimeUntilOOM: 8,341s, TimeUntilGC: 7,594s, GCWorkers: 1
[9,326s][debug  ][gc,director    ] Select Minor GC Workers (Try Lowering), AvoidOOMGCWorkers: 0,354, NextAvoidOOMGCWorkers: 0,245, LastGCWorkers: 5,000, GCWorkers: 1,000
[9,326s][debug  ][gc,director    ] Rule Minor: Allocation Rate (Dynamic GC Workers), MaxAllocRate: 4136,3MB/s (+/-29,7%), Free: 11234MB, GCCPUTime: 0,747, GCDuration: 0,747s, TimeUntilOOM: 2,094s, TimeUntilGC: 1,347s, GCWorkers: 1
[9,326s][debug  ][gc,director    ] Rule Minor: High Usage, Free: 11234MB(73,1%)
[9,336s][debug  ][gc,director    ] Rule Major: Proactive, AcceptableGCInterval: 39,232s, TimeSinceLastGC: 1,506s, TimeUntilGC: 37,726s
[9,336s][debug  ][gc,director    ] Select Minor GC Workers (Try Lowering), AvoidOOMGCWorkers: 0,089, NextAvoidOOMGCWorkers: 0,080, LastGCWorkers: 5,000, GCWorkers: 1,000
[9,336s][debug  ][gc,director    ] Rule Minor: Allocation Rate (Dynamic GC Workers), MaxAllocRate: 1038,4MB/s (+/-29,7%), Free: 11222MB, GCCPUTime: 0,747, GCDuration: 0,747s, TimeUntilOOM: 8,332s, TimeUntilGC: 7,585s, GCWorkers: 1
[9,336s][debug  ][gc,director    ] Select Minor GC Workers (Try Lowering), AvoidOOMGCWorkers: 0,355, NextAvoidOOMGCWorkers: 0,245, LastGCWorkers: 5,000, GCWorkers: 1,000
[9,336s][debug  ][gc,director    ] Rule Minor: Allocation Rate (Dynamic GC Workers), MaxAllocRate: 4136,3MB/s (+/-29,7%), Free: 11222MB, GCCPUTime: 0,747, GCDuration: 0,747s, TimeUntilOOM: 2,092s, TimeUntilGC: 1,345s, GCWorkers: 1
[9,336s][debug  ][gc,director    ] Rule Minor: High Usage, Free: 11222MB(73,1%)
[9,340s][debug  ][gc,nmethod     ] Register NMethod: io.sirix.service.json.shredder.JsonShredder.insertNullValue (0x00007f376f39d610) [0x00007f376f39d8e0, 0x00007f376f39e6b0] Compiler: c2, Barriers: 20, Oops: 3, ImmediateOops: 3, NonImmediateOops: No
[9,346s][debug  ][gc,director    ] Rule Major: Proactive, AcceptableGCInterval: 39,232s, TimeSinceLastGC: 1,516s, TimeUntilGC: 37,716s
[9,346s][debug  ][gc,director    ] Select Minor GC Workers (Try Lowering), AvoidOOMGCWorkers: 0,089, NextAvoidOOMGCWorkers: 0,080, LastGCWorkers: 5,000, GCWorkers: 1,000
[9,346s][debug  ][gc,director    ] Rule Minor: Allocation Rate (Dynamic GC Workers), MaxAllocRate: 1038,4MB/s (+/-29,7%), Free: 11208MB, GCCPUTime: 0,747, GCDuration: 0,747s, TimeUntilOOM: 8,322s, TimeUntilGC: 7,575s, GCWorkers: 1
[9,346s][debug  ][gc,director    ] Select Minor GC Workers (Try Lowering), AvoidOOMGCWorkers: 0,355, NextAvoidOOMGCWorkers: 0,244, LastGCWorkers: 5,000, GCWorkers: 1,000
[9,346s][debug  ][gc,director    ] Rule Minor: Allocation Rate (Dynamic GC Workers), MaxAllocRate: 4136,3MB/s (+/-29,7%), Free: 11208MB, GCCPUTime: 0,747, GCDuration: 0,747s, TimeUntilOOM: 2,089s, TimeUntilGC: 1,342s, GCWorkers: 1
[9,346s][debug  ][gc,director    ] Rule Minor: High Usage, Free: 11208MB(73,0%)
[9,348s][debug  ][gc,alloc       ] Mutator Allocation Rate: 1445,9MB/s Predicted: 1566,5MB/s, Avg: 1042,5(+/-309,6)MB/s
[9,348s][debug  ][gc,director    ] Rule Major: Proactive, AcceptableGCInterval: 39,232s, TimeSinceLastGC: 1,518s, TimeUntilGC: 37,714s
[9,348s][debug  ][gc,director    ] Select Minor GC Workers (Try Lowering), AvoidOOMGCWorkers: 0,089, NextAvoidOOMGCWorkers: 0,080, LastGCWorkers: 5,000, GCWorkers: 1,000
[9,348s][debug  ][gc,director    ] Rule Minor: Allocation Rate (Dynamic GC Workers), MaxAllocRate: 1042,5MB/s (+/-29,7%), Free: 11204MB, GCCPUTime: 0,747, GCDuration: 0,747s, TimeUntilOOM: 8,287s, TimeUntilGC: 7,540s, GCWorkers: 1
[9,348s][debug  ][gc,director    ] Select Minor GC Workers (Try Lowering), AvoidOOMGCWorkers: 0,357, NextAvoidOOMGCWorkers: 0,244, LastGCWorkers: 5,000, GCWorkers: 1,000
[9,348s][debug  ][gc,director    ] Rule Minor: Allocation Rate (Dynamic GC Workers), MaxAllocRate: 4151,7MB/s (+/-29,7%), Free: 11204MB, GCCPUTime: 0,747, GCDuration: 0,747s, TimeUntilOOM: 2,081s, TimeUntilGC: 1,334s, GCWorkers: 1
[9,348s][debug  ][gc,director    ] Rule Minor: High Usage, Free: 11204MB(72,9%)
[9,358s][debug  ][gc,director    ] Rule Major: Proactive, AcceptableGCInterval: 39,232s, TimeSinceLastGC: 1,529s, TimeUntilGC: 37,704s
[9,358s][debug  ][gc,director    ] Select Minor GC Workers (Try Lowering), AvoidOOMGCWorkers: 0,089, NextAvoidOOMGCWorkers: 0,080, LastGCWorkers: 5,000, GCWorkers: 1,000
[9,358s][debug  ][gc,director    ] Rule Minor: Allocation Rate (Dynamic GC Workers), MaxAllocRate: 1042,5MB/s (+/-29,7%), Free: 11192MB, GCCPUTime: 0,747, GCDuration: 0,747s, TimeUntilOOM: 8,278s, TimeUntilGC: 7,531s, GCWorkers: 1
[9,358s][debug  ][gc,director    ] Select Minor GC Workers (Try Lowering), AvoidOOMGCWorkers: 0,357, NextAvoidOOMGCWorkers: 0,244, LastGCWorkers: 5,000, GCWorkers: 1,000
[9,358s][debug  ][gc,director    ] Rule Minor: Allocation Rate (Dynamic GC Workers), MaxAllocRate: 4151,7MB/s (+/-29,7%), Free: 11192MB, GCCPUTime: 0,747, GCDuration: 0,747s, TimeUntilOOM: 2,079s, TimeUntilGC: 1,332s, GCWorkers: 1
[9,358s][debug  ][gc,director    ] Rule Minor: High Usage, Free: 11192MB(72,9%)
[9,369s][debug  ][gc,director    ] Rule Major: Proactive, AcceptableGCInterval: 39,232s, TimeSinceLastGC: 1,539s, TimeUntilGC: 37,693s
[9,369s][debug  ][gc,director    ] Select Minor GC Workers (Try Lowering), AvoidOOMGCWorkers: 0,090, NextAvoidOOMGCWorkers: 0,080, LastGCWorkers: 5,000, GCWorkers: 1,000
[9,369s][debug  ][gc,director    ] Rule Minor: Allocation Rate (Dynamic GC Workers), MaxAllocRate: 1042,5MB/s (+/-29,7%), Free: 11178MB, GCCPUTime: 0,747, GCDuration: 0,747s, TimeUntilOOM: 8,268s, TimeUntilGC: 7,521s, GCWorkers: 1
[9,369s][debug  ][gc,director    ] Select Minor GC Workers (Try Lowering), AvoidOOMGCWorkers: 0,357, NextAvoidOOMGCWorkers: 0,243, LastGCWorkers: 5,000, GCWorkers: 1,000
[9,369s][debug  ][gc,director    ] Rule Minor: Allocation Rate (Dynamic GC Workers), MaxAllocRate: 4151,7MB/s (+/-29,7%), Free: 11178MB, GCCPUTime: 0,747, GCDuration: 0,747s, TimeUntilOOM: 2,076s, TimeUntilGC: 1,329s, GCWorkers: 1
[9,369s][debug  ][gc,director    ] Rule Minor: High Usage, Free: 11178MB(72,8%)
[9,379s][debug  ][gc,director    ] Rule Major: Proactive, AcceptableGCInterval: 39,232s, TimeSinceLastGC: 1,549s, TimeUntilGC: 37,683s
[9,379s][debug  ][gc,director    ] Select Minor GC Workers (Try Lowering), AvoidOOMGCWorkers: 0,090, NextAvoidOOMGCWorkers: 0,080, LastGCWorkers: 5,000, GCWorkers: 1,000
[9,379s][debug  ][gc,director    ] Rule Minor: Allocation Rate (Dynamic GC Workers), MaxAllocRate: 1042,5MB/s (+/-29,7%), Free: 11164MB, GCCPUTime: 0,747, GCDuration: 0,747s, TimeUntilOOM: 8,257s, TimeUntilGC: 7,510s, GCWorkers: 1
[9,379s][debug  ][gc,director    ] Select Minor GC Workers (Try Lowering), AvoidOOMGCWorkers: 0,358, NextAvoidOOMGCWorkers: 0,243, LastGCWorkers: 5,000, GCWorkers: 1,000
[9,379s][debug  ][gc,director    ] Rule Minor: Allocation Rate (Dynamic GC Workers), MaxAllocRate: 4151,7MB/s (+/-29,7%), Free: 11164MB, GCCPUTime: 0,747, GCDuration: 0,747s, TimeUntilOOM: 2,073s, TimeUntilGC: 1,326s, GCWorkers: 1
[9,379s][debug  ][gc,director    ] Rule Minor: High Usage, Free: 11164MB(72,7%)
[9,389s][debug  ][gc,director    ] Rule Major: Proactive, AcceptableGCInterval: 39,232s, TimeSinceLastGC: 1,559s, TimeUntilGC: 37,673s
[9,389s][debug  ][gc,director    ] Select Minor GC Workers (Try Lowering), AvoidOOMGCWorkers: 0,090, NextAvoidOOMGCWorkers: 0,080, LastGCWorkers: 5,000, GCWorkers: 1,000
[9,389s][debug  ][gc,director    ] Rule Minor: Allocation Rate (Dynamic GC Workers), MaxAllocRate: 1042,5MB/s (+/-29,7%), Free: 11152MB, GCCPUTime: 0,747, GCDuration: 0,747s, TimeUntilOOM: 8,248s, TimeUntilGC: 7,501s, GCWorkers: 1
[9,389s][debug  ][gc,director    ] Select Minor GC Workers (Try Lowering), AvoidOOMGCWorkers: 0,358, NextAvoidOOMGCWorkers: 0,242, LastGCWorkers: 5,000, GCWorkers: 1,000
[9,389s][debug  ][gc,director    ] Rule Minor: Allocation Rate (Dynamic GC Workers), MaxAllocRate: 4151,7MB/s (+/-29,7%), Free: 11152MB, GCCPUTime: 0,747, GCDuration: 0,747s, TimeUntilOOM: 2,071s, TimeUntilGC: 1,324s, GCWorkers: 1
[9,389s][debug  ][gc,director    ] Rule Minor: High Usage, Free: 11152MB(72,6%)
[9,399s][debug  ][gc,director    ] Rule Major: Proactive, AcceptableGCInterval: 39,232s, TimeSinceLastGC: 1,570s, TimeUntilGC: 37,663s
[9,399s][debug  ][gc,director    ] Select Minor GC Workers (Try Lowering), AvoidOOMGCWorkers: 0,090, NextAvoidOOMGCWorkers: 0,080, LastGCWorkers: 5,000, GCWorkers: 1,000
[9,399s][debug  ][gc,director    ] Rule Minor: Allocation Rate (Dynamic GC Workers), MaxAllocRate: 1042,5MB/s (+/-29,7%), Free: 11138MB, GCCPUTime: 0,747, GCDuration: 0,747s, TimeUntilOOM: 8,238s, TimeUntilGC: 7,491s, GCWorkers: 1
[9,399s][debug  ][gc,director    ] Select Minor GC Workers (Try Lowering), AvoidOOMGCWorkers: 0,359, NextAvoidOOMGCWorkers: 0,241, LastGCWorkers: 5,000, GCWorkers: 1,000
[9,399s][debug  ][gc,director    ] Rule Minor: Allocation Rate (Dynamic GC Workers), MaxAllocRate: 4151,7MB/s (+/-29,7%), Free: 11138MB, GCCPUTime: 0,747, GCDuration: 0,747s, TimeUntilOOM: 2,069s, TimeUntilGC: 1,322s, GCWorkers: 1
[9,399s][debug  ][gc,director    ] Rule Minor: High Usage, Free: 11138MB(72,5%)
[9,410s][debug  ][gc,director    ] Rule Major: Proactive, AcceptableGCInterval: 39,232s, TimeSinceLastGC: 1,580s, TimeUntilGC: 37,652s
[9,410s][debug  ][gc,director    ] Select Minor GC Workers (Try Lowering), AvoidOOMGCWorkers: 0,090, NextAvoidOOMGCWorkers: 0,080, LastGCWorkers: 5,000, GCWorkers: 1,000
[9,410s][debug  ][gc,director    ] Rule Minor: Allocation Rate (Dynamic GC Workers), MaxAllocRate: 1042,5MB/s (+/-29,7%), Free: 11124MB, GCCPUTime: 0,747, GCDuration: 0,747s, TimeUntilOOM: 8,228s, TimeUntilGC: 7,481s, GCWorkers: 1
[9,410s][debug  ][gc,director    ] Select Minor GC Workers (Try Lowering), AvoidOOMGCWorkers: 0,359, NextAvoidOOMGCWorkers: 0,241, LastGCWorkers: 5,000, GCWorkers: 1,000
[9,410s][debug  ][gc,director    ] Rule Minor: Allocation Rate (Dynamic GC Workers), MaxAllocRate: 4151,7MB/s (+/-29,7%), Free: 11124MB, GCCPUTime: 0,747, GCDuration: 0,747s, TimeUntilOOM: 2,066s, TimeUntilGC: 1,319s, GCWorkers: 1
[9,410s][debug  ][gc,director    ] Rule Minor: High Usage, Free: 11124MB(72,4%)
[9,420s][debug  ][gc,director    ] Rule Major: Proactive, AcceptableGCInterval: 39,232s, TimeSinceLastGC: 1,590s, TimeUntilGC: 37,642s
[9,420s][debug  ][gc,director    ] Select Minor GC Workers (Try Lowering), AvoidOOMGCWorkers: 0,090, NextAvoidOOMGCWorkers: 0,080, LastGCWorkers: 5,000, GCWorkers: 1,000
[9,420s][debug  ][gc,director    ] Rule Minor: Allocation Rate (Dynamic GC Workers), MaxAllocRate: 1042,5MB/s (+/-29,7%), Free: 11112MB, GCCPUTime: 0,747, GCDuration: 0,747s, TimeUntilOOM: 8,219s, TimeUntilGC: 7,472s, GCWorkers: 1
[9,420s][debug  ][gc,director    ] Select Minor GC Workers (Try Lowering), AvoidOOMGCWorkers: 0,360, NextAvoidOOMGCWorkers: 0,240, LastGCWorkers: 5,000, GCWorkers: 1,000
[9,420s][debug  ][gc,director    ] Rule Minor: Allocation Rate (Dynamic GC Workers), MaxAllocRate: 4151,7MB/s (+/-29,7%), Free: 11112MB, GCCPUTime: 0,747, GCDuration: 0,747s, TimeUntilOOM: 2,064s, TimeUntilGC: 1,317s, GCWorkers: 1
[9,420s][debug  ][gc,director    ] Rule Minor: High Usage, Free: 11112MB(72,3%)
[9,430s][debug  ][gc,director    ] Rule Major: Proactive, AcceptableGCInterval: 39,232s, TimeSinceLastGC: 1,600s, TimeUntilGC: 37,632s
[9,430s][debug  ][gc,director    ] Select Minor GC Workers (Try Lowering), AvoidOOMGCWorkers: 0,090, NextAvoidOOMGCWorkers: 0,080, LastGCWorkers: 5,000, GCWorkers: 1,000
[9,430s][debug  ][gc,director    ] Rule Minor: Allocation Rate (Dynamic GC Workers), MaxAllocRate: 1042,5MB/s (+/-29,7%), Free: 11098MB, GCCPUTime: 0,747, GCDuration: 0,747s, TimeUntilOOM: 8,208s, TimeUntilGC: 7,461s, GCWorkers: 1
[9,430s][debug  ][gc,director    ] Select Minor GC Workers (Try Lowering), AvoidOOMGCWorkers: 0,360, NextAvoidOOMGCWorkers: 0,240, LastGCWorkers: 5,000, GCWorkers: 1,000
[9,430s][debug  ][gc,director    ] Rule Minor: Allocation Rate (Dynamic GC Workers), MaxAllocRate: 4151,7MB/s (+/-29,7%), Free: 11098MB, GCCPUTime: 0,747, GCDuration: 0,747s, TimeUntilOOM: 2,061s, TimeUntilGC: 1,314s, GCWorkers: 1
[9,430s][debug  ][gc,director    ] Rule Minor: High Usage, Free: 11098MB(72,3%)
[9,440s][debug  ][gc,director    ] Rule Major: Proactive, AcceptableGCInterval: 39,232s, TimeSinceLastGC: 1,611s, TimeUntilGC: 37,622s
[9,440s][debug  ][gc,director    ] Select Minor GC Workers (Try Lowering), AvoidOOMGCWorkers: 0,090, NextAvoidOOMGCWorkers: 0,080, LastGCWorkers: 5,000, GCWorkers: 1,000
[9,440s][debug  ][gc,director    ] Rule Minor: Allocation Rate (Dynamic GC Workers), MaxAllocRate: 1042,5MB/s (+/-29,7%), Free: 11086MB, GCCPUTime: 0,747, GCDuration: 0,747s, TimeUntilOOM: 8,199s, TimeUntilGC: 7,453s, GCWorkers: 1
[9,440s][debug  ][gc,director    ] Select Minor GC Workers (Try Lowering), AvoidOOMGCWorkers: 0,360, NextAvoidOOMGCWorkers: 0,239, LastGCWorkers: 5,000, GCWorkers: 1,000
[9,440s][debug  ][gc,director    ] Rule Minor: Allocation Rate (Dynamic GC Workers), MaxAllocRate: 4151,7MB/s (+/-29,7%), Free: 11086MB, GCCPUTime: 0,747, GCDuration: 0,747s, TimeUntilOOM: 2,059s, TimeUntilGC: 1,312s, GCWorkers: 1
[9,440s][debug  ][gc,director    ] Rule Minor: High Usage, Free: 11086MB(72,2%)
[9,440s][debug  ][gc,alloc       ] Mutator Allocation Rate: 1551,9MB/s Predicted: 1569,2MB/s, Avg: 1056,2(+/-301,4)MB/s
[9,440s][debug  ][gc,director    ] Rule Major: Proactive, AcceptableGCInterval: 39,232s, TimeSinceLastGC: 1,611s, TimeUntilGC: 37,622s
[9,441s][debug  ][gc,director    ] Select Minor GC Workers (Try Lowering), AvoidOOMGCWorkers: 0,091, NextAvoidOOMGCWorkers: 0,080, LastGCWorkers: 5,000, GCWorkers: 1,000
[9,441s][debug  ][gc,director    ] Rule Minor: Allocation Rate (Dynamic GC Workers), MaxAllocRate: 1056,2MB/s (+/-28,5%), Free: 11084MB, GCCPUTime: 0,747, GCDuration: 0,747s, TimeUntilOOM: 8,165s, TimeUntilGC: 7,418s, GCWorkers: 1
[9,441s][debug  ][gc,director    ] Select Minor GC Workers (Try Lowering), AvoidOOMGCWorkers: 0,355, NextAvoidOOMGCWorkers: 0,237, LastGCWorkers: 5,000, GCWorkers: 1,000
[9,441s][debug  ][gc,director    ] Rule Minor: Allocation Rate (Dynamic GC Workers), MaxAllocRate: 4130,1MB/s (+/-28,5%), Free: 11084MB, GCCPUTime: 0,747, GCDuration: 0,747s, TimeUntilOOM: 2,088s, TimeUntilGC: 1,341s, GCWorkers: 1
[9,441s][debug  ][gc,director    ] Rule Minor: High Usage, Free: 11084MB(72,2%)
[9,451s][debug  ][gc,director    ] Rule Major: Proactive, AcceptableGCInterval: 39,232s, TimeSinceLastGC: 1,621s, TimeUntilGC: 37,611s
[9,451s][debug  ][gc,director    ] Select Minor GC Workers (Try Lowering), AvoidOOMGCWorkers: 0,091, NextAvoidOOMGCWorkers: 0,080, LastGCWorkers: 5,000, GCWorkers: 1,000
[9,451s][debug  ][gc,director    ] Rule Minor: Allocation Rate (Dynamic GC Workers), MaxAllocRate: 1056,2MB/s (+/-28,5%), Free: 11072MB, GCCPUTime: 0,747, GCDuration: 0,747s, TimeUntilOOM: 8,156s, TimeUntilGC: 7,409s, GCWorkers: 1
[9,451s][debug  ][gc,director    ] Select Minor GC Workers (Try Lowering), AvoidOOMGCWorkers: 0,356, NextAvoidOOMGCWorkers: 0,236, LastGCWorkers: 5,000, GCWorkers: 1,000
[9,451s][debug  ][gc,director    ] Rule Minor: Allocation Rate (Dynamic GC Workers), MaxAllocRate: 4130,1MB/s (+/-28,5%), Free: 11072MB, GCCPUTime: 0,747, GCDuration: 0,747s, TimeUntilOOM: 2,086s, TimeUntilGC: 1,339s, GCWorkers: 1
[9,451s][debug  ][gc,director    ] Rule Minor: High Usage, Free: 11072MB(72,1%)
[9,461s][debug  ][gc,director    ] Rule Major: Proactive, AcceptableGCInterval: 39,232s, TimeSinceLastGC: 1,631s, TimeUntilGC: 37,601s
[9,461s][debug  ][gc,director    ] Select Minor GC Workers (Try Lowering), AvoidOOMGCWorkers: 0,091, NextAvoidOOMGCWorkers: 0,080, LastGCWorkers: 5,000, GCWorkers: 1,000
[9,461s][debug  ][gc,director    ] Rule Minor: Allocation Rate (Dynamic GC Workers), MaxAllocRate: 1056,2MB/s (+/-28,5%), Free: 11060MB, GCCPUTime: 0,747, GCDuration: 0,747s, TimeUntilOOM: 8,147s, TimeUntilGC: 7,400s, GCWorkers: 1
[9,461s][debug  ][gc,director    ] Select Minor GC Workers (Try Lowering), AvoidOOMGCWorkers: 0,356, NextAvoidOOMGCWorkers: 0,236, LastGCWorkers: 5,000, GCWorkers: 1,000
[9,461s][debug  ][gc,director    ] Rule Minor: Allocation Rate (Dynamic GC Workers), MaxAllocRate: 4130,1MB/s (+/-28,5%), Free: 11060MB, GCCPUTime: 0,747, GCDuration: 0,747s, TimeUntilOOM: 2,083s, TimeUntilGC: 1,337s, GCWorkers: 1
[9,461s][debug  ][gc,director    ] Rule Minor: High Usage, Free: 11060MB(72,0%)
[9,471s][debug  ][gc,director    ] Rule Major: Proactive, AcceptableGCInterval: 39,232s, TimeSinceLastGC: 1,641s, TimeUntilGC: 37,591s
[9,471s][debug  ][gc,director    ] Select Minor GC Workers (Try Lowering), AvoidOOMGCWorkers: 0,091, NextAvoidOOMGCWorkers: 0,080, LastGCWorkers: 5,000, GCWorkers: 1,000
[9,471s][debug  ][gc,director    ] Rule Minor: Allocation Rate (Dynamic GC Workers), MaxAllocRate: 1056,2MB/s (+/-28,5%), Free: 11046MB, GCCPUTime: 0,747, GCDuration: 0,747s, TimeUntilOOM: 8,137s, TimeUntilGC: 7,390s, GCWorkers: 1
[9,471s][debug  ][gc,director    ] Select Minor GC Workers (Try Lowering), AvoidOOMGCWorkers: 0,357, NextAvoidOOMGCWorkers: 0,235, LastGCWorkers: 5,000, GCWorkers: 1,000
[9,471s][debug  ][gc,director    ] Rule Minor: Allocation Rate (Dynamic GC Workers), MaxAllocRate: 4130,1MB/s (+/-28,5%), Free: 11046MB, GCCPUTime: 0,747, GCDuration: 0,747s, TimeUntilOOM: 2,081s, TimeUntilGC: 1,334s, GCWorkers: 1
[9,471s][debug  ][gc,director    ] Rule Minor: High Usage, Free: 11046MB(71,9%)
[9,481s][debug  ][gc,director    ] Rule Major: Proactive, AcceptableGCInterval: 39,232s, TimeSinceLastGC: 1,652s, TimeUntilGC: 37,581s
[9,481s][debug  ][gc,director    ] Select Minor GC Workers (Try Lowering), AvoidOOMGCWorkers: 0,091, NextAvoidOOMGCWorkers: 0,080, LastGCWorkers: 5,000, GCWorkers: 1,000
[9,481s][debug  ][gc,director    ] Rule Minor: Allocation Rate (Dynamic GC Workers), MaxAllocRate: 1056,2MB/s (+/-28,5%), Free: 11032MB, GCCPUTime: 0,747, GCDuration: 0,747s, TimeUntilOOM: 8,126s, TimeUntilGC: 7,379s, GCWorkers: 1
[9,481s][debug  ][gc,director    ] Select Minor GC Workers (Try Lowering), AvoidOOMGCWorkers: 0,357, NextAvoidOOMGCWorkers: 0,234, LastGCWorkers: 5,000, GCWorkers: 1,000
[9,481s][debug  ][gc,director    ] Rule Minor: Allocation Rate (Dynamic GC Workers), MaxAllocRate: 4130,1MB/s (+/-28,5%), Free: 11032MB, GCCPUTime: 0,747, GCDuration: 0,747s, TimeUntilOOM: 2,078s, TimeUntilGC: 1,331s, GCWorkers: 1
[9,481s][debug  ][gc,director    ] Rule Minor: High Usage, Free: 11032MB(71,8%)
[9,492s][debug  ][gc,director    ] Rule Major: Proactive, AcceptableGCInterval: 39,232s, TimeSinceLastGC: 1,662s, TimeUntilGC: 37,570s
[9,492s][debug  ][gc,director    ] Select Minor GC Workers (Try Lowering), AvoidOOMGCWorkers: 0,091, NextAvoidOOMGCWorkers: 0,080, LastGCWorkers: 5,000, GCWorkers: 1,000
[9,492s][debug  ][gc,director    ] Rule Minor: Allocation Rate (Dynamic GC Workers), MaxAllocRate: 1056,2MB/s (+/-28,5%), Free: 11020MB, GCCPUTime: 0,747, GCDuration: 0,747s, TimeUntilOOM: 8,118s, TimeUntilGC: 7,371s, GCWorkers: 1
[9,492s][debug  ][gc,director    ] Select Minor GC Workers (Try Lowering), AvoidOOMGCWorkers: 0,357, NextAvoidOOMGCWorkers: 0,234, LastGCWorkers: 5,000, GCWorkers: 1,000
[9,492s][debug  ][gc,director    ] Rule Minor: Allocation Rate (Dynamic GC Workers), MaxAllocRate: 4130,1MB/s (+/-28,5%), Free: 11020MB, GCCPUTime: 0,747, GCDuration: 0,747s, TimeUntilOOM: 2,076s, TimeUntilGC: 1,329s, GCWorkers: 1
[9,492s][debug  ][gc,director    ] Rule Minor: High Usage, Free: 11020MB(71,7%)
[9,502s][debug  ][gc,director    ] Rule Major: Proactive, AcceptableGCInterval: 39,232s, TimeSinceLastGC: 1,672s, TimeUntilGC: 37,560s
[9,502s][debug  ][gc,director    ] Select Minor GC Workers (Try Lowering), AvoidOOMGCWorkers: 0,091, NextAvoidOOMGCWorkers: 0,080, LastGCWorkers: 5,000, GCWorkers: 1,000
[9,502s][debug  ][gc,director    ] Rule Minor: Allocation Rate (Dynamic GC Workers), MaxAllocRate: 1056,2MB/s (+/-28,5%), Free: 11006MB, GCCPUTime: 0,747, GCDuration: 0,747s, TimeUntilOOM: 8,107s, TimeUntilGC: 7,360s, GCWorkers: 1
[9,502s][debug  ][gc,director    ] Select Minor GC Workers (Try Lowering), AvoidOOMGCWorkers: 0,358, NextAvoidOOMGCWorkers: 0,233, LastGCWorkers: 5,000, GCWorkers: 1,000
[9,502s][debug  ][gc,director    ] Rule Minor: Allocation Rate (Dynamic GC Workers), MaxAllocRate: 4130,1MB/s (+/-28,5%), Free: 11006MB, GCCPUTime: 0,747, GCDuration: 0,747s, TimeUntilOOM: 2,073s, TimeUntilGC: 1,326s, GCWorkers: 1
[9,502s][debug  ][gc,director    ] Rule Minor: High Usage, Free: 11006MB(71,7%)
[9,512s][debug  ][gc,director    ] Rule Major: Proactive, AcceptableGCInterval: 39,232s, TimeSinceLastGC: 1,682s, TimeUntilGC: 37,550s
[9,512s][debug  ][gc,director    ] Select Minor GC Workers (Try Lowering), AvoidOOMGCWorkers: 0,091, NextAvoidOOMGCWorkers: 0,080, LastGCWorkers: 5,000, GCWorkers: 1,000
[9,512s][debug  ][gc,director    ] Rule Minor: Allocation Rate (Dynamic GC Workers), MaxAllocRate: 1056,2MB/s (+/-28,5%), Free: 10992MB, GCCPUTime: 0,747, GCDuration: 0,747s, TimeUntilOOM: 8,097s, TimeUntilGC: 7,350s, GCWorkers: 1
[9,512s][debug  ][gc,director    ] Select Minor GC Workers (Try Lowering), AvoidOOMGCWorkers: 0,358, NextAvoidOOMGCWorkers: 0,233, LastGCWorkers: 5,000, GCWorkers: 1,000
[9,512s][debug  ][gc,director    ] Rule Minor: Allocation Rate (Dynamic GC Workers), MaxAllocRate: 4130,1MB/s (+/-28,5%), Free: 10992MB, GCCPUTime: 0,747, GCDuration: 0,747s, TimeUntilOOM: 2,071s, TimeUntilGC: 1,324s, GCWorkers: 1
[9,512s][debug  ][gc,director    ] Rule Minor: High Usage, Free: 10992MB(71,6%)
[9,522s][debug  ][gc,director    ] Rule Major: Proactive, AcceptableGCInterval: 39,232s, TimeSinceLastGC: 1,692s, TimeUntilGC: 37,540s
[9,522s][debug  ][gc,director    ] Select Minor GC Workers (Try Lowering), AvoidOOMGCWorkers: 0,092, NextAvoidOOMGCWorkers: 0,080, LastGCWorkers: 5,000, GCWorkers: 1,000
[9,522s][debug  ][gc,director    ] Rule Minor: Allocation Rate (Dynamic GC Workers), MaxAllocRate: 1056,2MB/s (+/-28,5%), Free: 10980MB, GCCPUTime: 0,747, GCDuration: 0,747s, TimeUntilOOM: 8,088s, TimeUntilGC: 7,341s, GCWorkers: 1
[9,522s][debug  ][gc,director    ] Select Minor GC Workers (Try Lowering), AvoidOOMGCWorkers: 0,359, NextAvoidOOMGCWorkers: 0,232, LastGCWorkers: 5,000, GCWorkers: 1,000
[9,522s][debug  ][gc,director    ] Rule Minor: Allocation Rate (Dynamic GC Workers), MaxAllocRate: 4130,1MB/s (+/-28,5%), Free: 10980MB, GCCPUTime: 0,747, GCDuration: 0,747s, TimeUntilOOM: 2,068s, TimeUntilGC: 1,321s, GCWorkers: 1
[9,522s][debug  ][gc,director    ] Rule Minor: High Usage, Free: 10980MB(71,5%)
[9,532s][debug  ][gc,director    ] Rule Major: Proactive, AcceptableGCInterval: 39,232s, TimeSinceLastGC: 1,703s, TimeUntilGC: 37,530s
[9,532s][debug  ][gc,director    ] Select Minor GC Workers (Try Lowering), AvoidOOMGCWorkers: 0,092, NextAvoidOOMGCWorkers: 0,080, LastGCWorkers: 5,000, GCWorkers: 1,000
[9,532s][debug  ][gc,director    ] Rule Minor: Allocation Rate (Dynamic GC Workers), MaxAllocRate: 1056,2MB/s (+/-28,5%), Free: 10966MB, GCCPUTime: 0,747, GCDuration: 0,747s, TimeUntilOOM: 8,078s, TimeUntilGC: 7,331s, GCWorkers: 1
[9,532s][debug  ][gc,director    ] Select Minor GC Workers (Try Lowering), AvoidOOMGCWorkers: 0,359, NextAvoidOOMGCWorkers: 0,232, LastGCWorkers: 5,000, GCWorkers: 1,000
[9,532s][debug  ][gc,director    ] Rule Minor: Allocation Rate (Dynamic GC Workers), MaxAllocRate: 4130,1MB/s (+/-28,5%), Free: 10966MB, GCCPUTime: 0,747, GCDuration: 0,747s, TimeUntilOOM: 2,066s, TimeUntilGC: 1,319s, GCWorkers: 1
[9,532s][debug  ][gc,director    ] Rule Minor: High Usage, Free: 10966MB(71,4%)
[9,533s][debug  ][gc,alloc       ] Mutator Allocation Rate: 1586,8MB/s Predicted: 1574,0MB/s, Avg: 1069,4(+/-295,2)MB/s
[9,533s][debug  ][gc,director    ] Rule Major: Proactive, AcceptableGCInterval: 39,232s, TimeSinceLastGC: 1,703s, TimeUntilGC: 37,529s
[9,533s][debug  ][gc,director    ] Select Minor GC Workers (Try Lowering), AvoidOOMGCWorkers: 0,092, NextAvoidOOMGCWorkers: 0,081, LastGCWorkers: 5,000, GCWorkers: 1,000
[9,533s][debug  ][gc,director    ] Rule Minor: Allocation Rate (Dynamic GC Workers), MaxAllocRate: 1069,4MB/s (+/-27,6%), Free: 10964MB, GCCPUTime: 0,747, GCDuration: 0,747s, TimeUntilOOM: 8,034s, TimeUntilGC: 7,288s, GCWorkers: 1
[9,533s][debug  ][gc,director    ] Select Minor GC Workers (Try Lowering), AvoidOOMGCWorkers: 0,356, NextAvoidOOMGCWorkers: 0,230, LastGCWorkers: 5,000, GCWorkers: 1,000
[9,533s][debug  ][gc,director    ] Rule Minor: Allocation Rate (Dynamic GC Workers), MaxAllocRate: 4119,3MB/s (+/-27,6%), Free: 10964MB, GCCPUTime: 0,747, GCDuration: 0,747s, TimeUntilOOM: 2,086s, TimeUntilGC: 1,339s, GCWorkers: 1
[9,533s][debug  ][gc,director    ] Rule Minor: High Usage, Free: 10964MB(71,4%)
[9,543s][debug  ][gc,director    ] Rule Major: Proactive, AcceptableGCInterval: 39,232s, TimeSinceLastGC: 1,714s, TimeUntilGC: 37,519s
[9,543s][debug  ][gc,director    ] Select Minor GC Workers (Try Lowering), AvoidOOMGCWorkers: 0,092, NextAvoidOOMGCWorkers: 0,081, LastGCWorkers: 5,000, GCWorkers: 1,000
[9,543s][debug  ][gc,director    ] Rule Minor: Allocation Rate (Dynamic GC Workers), MaxAllocRate: 1069,4MB/s (+/-27,6%), Free: 10952MB, GCCPUTime: 0,747, GCDuration: 0,747s, TimeUntilOOM: 8,026s, TimeUntilGC: 7,279s, GCWorkers: 1
[9,543s][debug  ][gc,director    ] Select Minor GC Workers (Try Lowering), AvoidOOMGCWorkers: 0,356, NextAvoidOOMGCWorkers: 0,229, LastGCWorkers: 5,000, GCWorkers: 1,000
[9,543s][debug  ][gc,director    ] Rule Minor: Allocation Rate (Dynamic GC Workers), MaxAllocRate: 4119,3MB/s (+/-27,6%), Free: 10952MB, GCCPUTime: 0,747, GCDuration: 0,747s, TimeUntilOOM: 2,084s, TimeUntilGC: 1,337s, GCWorkers: 1
[9,543s][debug  ][gc,director    ] Rule Minor: High Usage, Free: 10952MB(71,3%)
[9,553s][debug  ][gc,director    ] Rule Major: Proactive, AcceptableGCInterval: 39,232s, TimeSinceLastGC: 1,724s, TimeUntilGC: 37,509s
[9,553s][debug  ][gc,director    ] Select Minor GC Workers (Try Lowering), AvoidOOMGCWorkers: 0,092, NextAvoidOOMGCWorkers: 0,081, LastGCWorkers: 5,000, GCWorkers: 1,000
[9,553s][debug  ][gc,director    ] Rule Minor: Allocation Rate (Dynamic GC Workers), MaxAllocRate: 1069,4MB/s (+/-27,6%), Free: 10938MB, GCCPUTime: 0,747, GCDuration: 0,747s, TimeUntilOOM: 8,015s, TimeUntilGC: 7,268s, GCWorkers: 1
[9,553s][debug  ][gc,director    ] Select Minor GC Workers (Try Lowering), AvoidOOMGCWorkers: 0,357, NextAvoidOOMGCWorkers: 0,229, LastGCWorkers: 5,000, GCWorkers: 1,000
[9,553s][debug  ][gc,director    ] Rule Minor: Allocation Rate (Dynamic GC Workers), MaxAllocRate: 4119,3MB/s (+/-27,6%), Free: 10938MB, GCCPUTime: 0,747, GCDuration: 0,747s, TimeUntilOOM: 2,081s, TimeUntilGC: 1,334s, GCWorkers: 1
[9,553s][debug  ][gc,director    ] Rule Minor: High Usage, Free: 10938MB(71,2%)
[9,564s][debug  ][gc,director    ] Rule Major: Proactive, AcceptableGCInterval: 39,232s, TimeSinceLastGC: 1,734s, TimeUntilGC: 37,498s
[9,564s][debug  ][gc,director    ] Select Minor GC Workers (Try Lowering), AvoidOOMGCWorkers: 0,092, NextAvoidOOMGCWorkers: 0,081, LastGCWorkers: 5,000, GCWorkers: 1,000
[9,564s][debug  ][gc,director    ] Rule Minor: Allocation Rate (Dynamic GC Workers), MaxAllocRate: 1069,4MB/s (+/-27,6%), Free: 10924MB, GCCPUTime: 0,747, GCDuration: 0,747s, TimeUntilOOM: 8,005s, TimeUntilGC: 7,258s, GCWorkers: 1
[9,564s][debug  ][gc,director    ] Select Minor GC Workers (Try Lowering), AvoidOOMGCWorkers: 0,357, NextAvoidOOMGCWorkers: 0,228, LastGCWorkers: 5,000, GCWorkers: 1,000
[9,564s][debug  ][gc,director    ] Rule Minor: Allocation Rate (Dynamic GC Workers), MaxAllocRate: 4119,3MB/s (+/-27,6%), Free: 10924MB, GCCPUTime: 0,747, GCDuration: 0,747s, TimeUntilOOM: 2,078s, TimeUntilGC: 1,331s, GCWorkers: 1
[9,564s][debug  ][gc,director    ] Rule Minor: High Usage, Free: 10924MB(71,1%)
[9,574s][debug  ][gc,director    ] Rule Major: Proactive, AcceptableGCInterval: 39,232s, TimeSinceLastGC: 1,744s, TimeUntilGC: 37,488s
[9,574s][debug  ][gc,director    ] Select Minor GC Workers (Try Lowering), AvoidOOMGCWorkers: 0,093, NextAvoidOOMGCWorkers: 0,081, LastGCWorkers: 5,000, GCWorkers: 1,000
[9,574s][debug  ][gc,director    ] Rule Minor: Allocation Rate (Dynamic GC Workers), MaxAllocRate: 1069,4MB/s (+/-27,6%), Free: 10912MB, GCCPUTime: 0,747, GCDuration: 0,747s, TimeUntilOOM: 7,996s, TimeUntilGC: 7,249s, GCWorkers: 1
[9,574s][debug  ][gc,director    ] Select Minor GC Workers (Try Lowering), AvoidOOMGCWorkers: 0,357, NextAvoidOOMGCWorkers: 0,228, LastGCWorkers: 5,000, GCWorkers: 1,000
[9,574s][debug  ][gc,director    ] Rule Minor: Allocation Rate (Dynamic GC Workers), MaxAllocRate: 4119,3MB/s (+/-27,6%), Free: 10912MB, GCCPUTime: 0,747, GCDuration: 0,747s, TimeUntilOOM: 2,076s, TimeUntilGC: 1,329s, GCWorkers: 1
[9,574s][debug  ][gc,director    ] Rule Minor: High Usage, Free: 10912MB(71,0%)
[9,584s][debug  ][gc,director    ] Rule Major: Proactive, AcceptableGCInterval: 39,232s, TimeSinceLastGC: 1,754s, TimeUntilGC: 37,478s
[9,584s][debug  ][gc,director    ] Select Minor GC Workers (Try Lowering), AvoidOOMGCWorkers: 0,093, NextAvoidOOMGCWorkers: 0,081, LastGCWorkers: 5,000, GCWorkers: 1,000
[9,584s][debug  ][gc,director    ] Rule Minor: Allocation Rate (Dynamic GC Workers), MaxAllocRate: 1069,4MB/s (+/-27,6%), Free: 10898MB, GCCPUTime: 0,747, GCDuration: 0,747s, TimeUntilOOM: 7,986s, TimeUntilGC: 7,239s, GCWorkers: 1
[9,584s][debug  ][gc,director    ] Select Minor GC Workers (Try Lowering), AvoidOOMGCWorkers: 0,358, NextAvoidOOMGCWorkers: 0,227, LastGCWorkers: 5,000, GCWorkers: 1,000
[9,584s][debug  ][gc,director    ] Rule Minor: Allocation Rate (Dynamic GC Workers), MaxAllocRate: 4119,3MB/s (+/-27,6%), Free: 10898MB, GCCPUTime: 0,747, GCDuration: 0,747s, TimeUntilOOM: 2,073s, TimeUntilGC: 1,326s, GCWorkers: 1
[9,584s][debug  ][gc,director    ] Rule Minor: High Usage, Free: 10898MB(71,0%)
[9,594s][debug  ][gc,director    ] Rule Major: Proactive, AcceptableGCInterval: 39,232s, TimeSinceLastGC: 1,765s, TimeUntilGC: 37,468s
[9,594s][debug  ][gc,director    ] Select Minor GC Workers (Try Lowering), AvoidOOMGCWorkers: 0,093, NextAvoidOOMGCWorkers: 0,081, LastGCWorkers: 5,000, GCWorkers: 1,000
[9,594s][debug  ][gc,director    ] Rule Minor: Allocation Rate (Dynamic GC Workers), MaxAllocRate: 1069,4MB/s (+/-27,6%), Free: 10886MB, GCCPUTime: 0,747, GCDuration: 0,747s, TimeUntilOOM: 7,977s, TimeUntilGC: 7,230s, GCWorkers: 1
[9,594s][debug  ][gc,director    ] Select Minor GC Workers (Try Lowering), AvoidOOMGCWorkers: 0,358, NextAvoidOOMGCWorkers: 0,227, LastGCWorkers: 5,000, GCWorkers: 1,000
[9,594s][debug  ][gc,director    ] Rule Minor: Allocation Rate (Dynamic GC Workers), MaxAllocRate: 4119,3MB/s (+/-27,6%), Free: 10886MB, GCCPUTime: 0,747, GCDuration: 0,747s, TimeUntilOOM: 2,071s, TimeUntilGC: 1,324s, GCWorkers: 1
[9,594s][debug  ][gc,director    ] Rule Minor: High Usage, Free: 10886MB(70,9%)
[9,604s][debug  ][gc,director    ] Rule Major: Proactive, AcceptableGCInterval: 39,232s, TimeSinceLastGC: 1,775s, TimeUntilGC: 37,458s
[9,604s][debug  ][gc,director    ] Select Minor GC Workers (Try Lowering), AvoidOOMGCWorkers: 0,093, NextAvoidOOMGCWorkers: 0,081, LastGCWorkers: 5,000, GCWorkers: 1,000
[9,604s][debug  ][gc,director    ] Rule Minor: Allocation Rate (Dynamic GC Workers), MaxAllocRate: 1069,4MB/s (+/-27,6%), Free: 10872MB, GCCPUTime: 0,747, GCDuration: 0,747s, TimeUntilOOM: 7,967s, TimeUntilGC: 7,220s, GCWorkers: 1
[9,604s][debug  ][gc,director    ] Select Minor GC Workers (Try Lowering), AvoidOOMGCWorkers: 0,359, NextAvoidOOMGCWorkers: 0,226, LastGCWorkers: 5,000, GCWorkers: 1,000
[9,605s][debug  ][gc,director    ] Rule Minor: Allocation Rate (Dynamic GC Workers), MaxAllocRate: 4119,3MB/s (+/-27,6%), Free: 10872MB, GCCPUTime: 0,747, GCDuration: 0,747s, TimeUntilOOM: 2,068s, TimeUntilGC: 1,321s, GCWorkers: 1
[9,605s][debug  ][gc,director    ] Rule Minor: High Usage, Free: 10872MB(70,8%)
[9,615s][debug  ][gc,director    ] Rule Major: Proactive, AcceptableGCInterval: 39,232s, TimeSinceLastGC: 1,785s, TimeUntilGC: 37,447s
[9,615s][debug  ][gc,director    ] Select Minor GC Workers (Try Lowering), AvoidOOMGCWorkers: 0,093, NextAvoidOOMGCWorkers: 0,081, LastGCWorkers: 5,000, GCWorkers: 1,000
[9,615s][debug  ][gc,director    ] Rule Minor: Allocation Rate (Dynamic GC Workers), MaxAllocRate: 1069,4MB/s (+/-27,6%), Free: 10858MB, GCCPUTime: 0,747, GCDuration: 0,747s, TimeUntilOOM: 7,957s, TimeUntilGC: 7,210s, GCWorkers: 1
[9,615s][debug  ][gc,director    ] Select Minor GC Workers (Try Lowering), AvoidOOMGCWorkers: 0,359, NextAvoidOOMGCWorkers: 0,226, LastGCWorkers: 5,000, GCWorkers: 1,000
[9,615s][debug  ][gc,director    ] Rule Minor: Allocation Rate (Dynamic GC Workers), MaxAllocRate: 4119,3MB/s (+/-27,6%), Free: 10858MB, GCCPUTime: 0,747, GCDuration: 0,747s, TimeUntilOOM: 2,066s, TimeUntilGC: 1,319s, GCWorkers: 1
[9,615s][debug  ][gc,director    ] Rule Minor: High Usage, Free: 10858MB(70,7%)
[9,625s][debug  ][gc,director    ] Rule Major: Proactive, AcceptableGCInterval: 39,232s, TimeSinceLastGC: 1,795s, TimeUntilGC: 37,437s
[9,625s][debug  ][gc,director    ] Select Minor GC Workers (Try Lowering), AvoidOOMGCWorkers: 0,093, NextAvoidOOMGCWorkers: 0,081, LastGCWorkers: 5,000, GCWorkers: 1,000
[9,625s][debug  ][gc,director    ] Rule Minor: Allocation Rate (Dynamic GC Workers), MaxAllocRate: 1069,4MB/s (+/-27,6%), Free: 10846MB, GCCPUTime: 0,747, GCDuration: 0,747s, TimeUntilOOM: 7,948s, TimeUntilGC: 7,201s, GCWorkers: 1
[9,625s][debug  ][gc,director    ] Select Minor GC Workers (Try Lowering), AvoidOOMGCWorkers: 0,360, NextAvoidOOMGCWorkers: 0,225, LastGCWorkers: 5,000, GCWorkers: 1,000
[9,625s][debug  ][gc,director    ] Rule Minor: Allocation Rate (Dynamic GC Workers), MaxAllocRate: 4119,3MB/s (+/-27,6%), Free: 10846MB, GCCPUTime: 0,747, GCDuration: 0,747s, TimeUntilOOM: 2,063s, TimeUntilGC: 1,317s, GCWorkers: 1
[9,625s][debug  ][gc,director    ] Rule Minor: High Usage, Free: 10846MB(70,6%)
[9,625s][debug  ][gc,alloc       ] Mutator Allocation Rate: 1597,2MB/s Predicted: 1580,1MB/s, Avg: 1082,0(+/-290,5)MB/s
[9,625s][debug  ][gc,director    ] Rule Major: Proactive, AcceptableGCInterval: 39,232s, TimeSinceLastGC: 1,796s, TimeUntilGC: 37,437s
[9,625s][debug  ][gc,director    ] Select Minor GC Workers (Try Lowering), AvoidOOMGCWorkers: 0,094, NextAvoidOOMGCWorkers: 0,081, LastGCWorkers: 5,000, GCWorkers: 1,000
[9,625s][debug  ][gc,director    ] Rule Minor: Allocation Rate (Dynamic GC Workers), MaxAllocRate: 1082,0MB/s (+/-26,9%), Free: 10844MB, GCCPUTime: 0,747, GCDuration: 0,747s, TimeUntilOOM: 7,900s, TimeUntilGC: 7,154s, GCWorkers: 1
[9,625s][debug  ][gc,director    ] Select Minor GC Workers (Try Lowering), AvoidOOMGCWorkers: 0,357, NextAvoidOOMGCWorkers: 0,224, LastGCWorkers: 5,000, GCWorkers: 1,000
[9,625s][debug  ][gc,director    ] Rule Minor: Allocation Rate (Dynamic GC Workers), MaxAllocRate: 4116,2MB/s (+/-26,9%), Free: 10844MB, GCCPUTime: 0,747, GCDuration: 0,747s, TimeUntilOOM: 2,077s, TimeUntilGC: 1,330s, GCWorkers: 1
[9,625s][debug  ][gc,director    ] Rule Minor: High Usage, Free: 10844MB(70,6%)
[9,636s][debug  ][gc,director    ] Rule Major: Proactive, AcceptableGCInterval: 39,232s, TimeSinceLastGC: 1,806s, TimeUntilGC: 37,426s
[9,636s][debug  ][gc,director    ] Select Minor GC Workers (Try Lowering), AvoidOOMGCWorkers: 0,094, NextAvoidOOMGCWorkers: 0,081, LastGCWorkers: 5,000, GCWorkers: 1,000
[9,636s][debug  ][gc,director    ] Rule Minor: Allocation Rate (Dynamic GC Workers), MaxAllocRate: 1082,0MB/s (+/-26,9%), Free: 10832MB, GCCPUTime: 0,747, GCDuration: 0,747s, TimeUntilOOM: 7,892s, TimeUntilGC: 7,145s, GCWorkers: 1
[9,636s][debug  ][gc,director    ] Select Minor GC Workers (Try Lowering), AvoidOOMGCWorkers: 0,358, NextAvoidOOMGCWorkers: 0,224, LastGCWorkers: 5,000, GCWorkers: 1,000
[9,636s][debug  ][gc,director    ] Rule Minor: Allocation Rate (Dynamic GC Workers), MaxAllocRate: 4116,2MB/s (+/-26,9%), Free: 10832MB, GCCPUTime: 0,747, GCDuration: 0,747s, TimeUntilOOM: 2,075s, TimeUntilGC: 1,328s, GCWorkers: 1
[9,636s][debug  ][gc,director    ] Rule Minor: High Usage, Free: 10832MB(70,5%)
[9,646s][debug  ][gc,director    ] Rule Major: Proactive, AcceptableGCInterval: 39,232s, TimeSinceLastGC: 1,816s, TimeUntilGC: 37,416s
[9,646s][debug  ][gc,director    ] Select Minor GC Workers (Try Lowering), AvoidOOMGCWorkers: 0,094, NextAvoidOOMGCWorkers: 0,081, LastGCWorkers: 5,000, GCWorkers: 1,000
[9,646s][debug  ][gc,director    ] Rule Minor: Allocation Rate (Dynamic GC Workers), MaxAllocRate: 1082,0MB/s (+/-26,9%), Free: 10818MB, GCCPUTime: 0,747, GCDuration: 0,747s, TimeUntilOOM: 7,882s, TimeUntilGC: 7,135s, GCWorkers: 1
[9,646s][debug  ][gc,director    ] Select Minor GC Workers (Try Lowering), AvoidOOMGCWorkers: 0,358, NextAvoidOOMGCWorkers: 0,223, LastGCWorkers: 5,000, GCWorkers: 1,000
[9,646s][debug  ][gc,director    ] Rule Minor: Allocation Rate (Dynamic GC Workers), MaxAllocRate: 4116,2MB/s (+/-26,9%), Free: 10818MB, GCCPUTime: 0,747, GCDuration: 0,747s, TimeUntilOOM: 2,072s, TimeUntilGC: 1,325s, GCWorkers: 1
[9,646s][debug  ][gc,director    ] Rule Minor: High Usage, Free: 10818MB(70,4%)
[9,656s][debug  ][gc,director    ] Rule Major: Proactive, AcceptableGCInterval: 39,232s, TimeSinceLastGC: 1,826s, TimeUntilGC: 37,406s
[9,656s][debug  ][gc,director    ] Select Minor GC Workers (Try Lowering), AvoidOOMGCWorkers: 0,094, NextAvoidOOMGCWorkers: 0,081, LastGCWorkers: 5,000, GCWorkers: 1,000
[9,656s][debug  ][gc,director    ] Rule Minor: Allocation Rate (Dynamic GC Workers), MaxAllocRate: 1082,0MB/s (+/-26,9%), Free: 10804MB, GCCPUTime: 0,747, GCDuration: 0,747s, TimeUntilOOM: 7,871s, TimeUntilGC: 7,124s, GCWorkers: 1
[9,656s][debug  ][gc,director    ] Select Minor GC Workers (Try Lowering), AvoidOOMGCWorkers: 0,359, NextAvoidOOMGCWorkers: 0,223, LastGCWorkers: 5,000, GCWorkers: 1,000
[9,656s][debug  ][gc,director    ] Rule Minor: Allocation Rate (Dynamic GC Workers), MaxAllocRate: 4116,2MB/s (+/-26,9%), Free: 10804MB, GCCPUTime: 0,747, GCDuration: 0,747s, TimeUntilOOM: 2,069s, TimeUntilGC: 1,322s, GCWorkers: 1
[9,656s][debug  ][gc,director    ] Rule Minor: High Usage, Free: 10804MB(70,3%)
[9,666s][debug  ][gc,director    ] Rule Major: Proactive, AcceptableGCInterval: 39,232s, TimeSinceLastGC: 1,837s, TimeUntilGC: 37,396s
[9,666s][debug  ][gc,director    ] Select Minor GC Workers (Try Lowering), AvoidOOMGCWorkers: 0,094, NextAvoidOOMGCWorkers: 0,081, LastGCWorkers: 5,000, GCWorkers: 1,000
[9,666s][debug  ][gc,director    ] Rule Minor: Allocation Rate (Dynamic GC Workers), MaxAllocRate: 1082,0MB/s (+/-26,9%), Free: 10792MB, GCCPUTime: 0,747, GCDuration: 0,747s, TimeUntilOOM: 7,863s, TimeUntilGC: 7,116s, GCWorkers: 1
[9,666s][debug  ][gc,director    ] Select Minor GC Workers (Try Lowering), AvoidOOMGCWorkers: 0,359, NextAvoidOOMGCWorkers: 0,222, LastGCWorkers: 5,000, GCWorkers: 1,000
[9,666s][debug  ][gc,director    ] Rule Minor: Allocation Rate (Dynamic GC Workers), MaxAllocRate: 4116,2MB/s (+/-26,9%), Free: 10792MB, GCCPUTime: 0,747, GCDuration: 0,747s, TimeUntilOOM: 2,067s, TimeUntilGC: 1,320s, GCWorkers: 1
[9,666s][debug  ][gc,director    ] Rule Minor: High Usage, Free: 10792MB(70,3%)
[9,677s][debug  ][gc,director    ] Rule Major: Proactive, AcceptableGCInterval: 39,232s, TimeSinceLastGC: 1,847s, TimeUntilGC: 37,385s
[9,677s][debug  ][gc,director    ] Select Minor GC Workers (Try Lowering), AvoidOOMGCWorkers: 0,094, NextAvoidOOMGCWorkers: 0,081, LastGCWorkers: 5,000, GCWorkers: 1,000
[9,677s][debug  ][gc,director    ] Rule Minor: Allocation Rate (Dynamic GC Workers), MaxAllocRate: 1082,0MB/s (+/-26,9%), Free: 10778MB, GCCPUTime: 0,747, GCDuration: 0,747s, TimeUntilOOM: 7,852s, TimeUntilGC: 7,106s, GCWorkers: 1
[9,677s][debug  ][gc,director    ] Select Minor GC Workers (Try Lowering), AvoidOOMGCWorkers: 0,360, NextAvoidOOMGCWorkers: 0,222, LastGCWorkers: 5,000, GCWorkers: 1,000
[9,677s][debug  ][gc,director    ] Rule Minor: Allocation Rate (Dynamic GC Workers), MaxAllocRate: 4116,2MB/s (+/-26,9%), Free: 10778MB, GCCPUTime: 0,747, GCDuration: 0,747s, TimeUntilOOM: 2,064s, TimeUntilGC: 1,317s, GCWorkers: 1
[9,677s][debug  ][gc,director    ] Rule Minor: High Usage, Free: 10778MB(70,2%)
[9,687s][debug  ][gc,director    ] Rule Major: Proactive, AcceptableGCInterval: 39,232s, TimeSinceLastGC: 1,857s, TimeUntilGC: 37,375s
[9,687s][debug  ][gc,director    ] Select Minor GC Workers (Try Lowering), AvoidOOMGCWorkers: 0,094, NextAvoidOOMGCWorkers: 0,081, LastGCWorkers: 5,000, GCWorkers: 1,000
[9,687s][debug  ][gc,director    ] Rule Minor: Allocation Rate (Dynamic GC Workers), MaxAllocRate: 1082,0MB/s (+/-26,9%), Free: 10764MB, GCCPUTime: 0,747, GCDuration: 0,747s, TimeUntilOOM: 7,842s, TimeUntilGC: 7,095s, GCWorkers: 1
[9,687s][debug  ][gc,director    ] Select Minor GC Workers (Try Lowering), AvoidOOMGCWorkers: 0,360, NextAvoidOOMGCWorkers: 0,221, LastGCWorkers: 5,000, GCWorkers: 1,000
[9,687s][debug  ][gc,director    ] Rule Minor: Allocation Rate (Dynamic GC Workers), MaxAllocRate: 4116,2MB/s (+/-26,9%), Free: 10764MB, GCCPUTime: 0,747, GCDuration: 0,747s, TimeUntilOOM: 2,062s, TimeUntilGC: 1,315s, GCWorkers: 1
[9,687s][debug  ][gc,director    ] Rule Minor: High Usage, Free: 10764MB(70,1%)
[9,697s][debug  ][gc,director    ] Rule Major: Proactive, AcceptableGCInterval: 39,232s, TimeSinceLastGC: 1,867s, TimeUntilGC: 37,365s
[9,697s][debug  ][gc,director    ] Select Minor GC Workers (Try Lowering), AvoidOOMGCWorkers: 0,094, NextAvoidOOMGCWorkers: 0,081, LastGCWorkers: 5,000, GCWorkers: 1,000
[9,697s][debug  ][gc,director    ] Rule Minor: Allocation Rate (Dynamic GC Workers), MaxAllocRate: 1082,0MB/s (+/-26,9%), Free: 10752MB, GCCPUTime: 0,747, GCDuration: 0,747s, TimeUntilOOM: 7,833s, TimeUntilGC: 7,087s, GCWorkers: 1
[9,697s][debug  ][gc,director    ] Select Minor GC Workers (Try Lowering), AvoidOOMGCWorkers: 0,360, NextAvoidOOMGCWorkers: 0,221, LastGCWorkers: 5,000, GCWorkers: 1,000
[9,697s][debug  ][gc,director    ] Rule Minor: Allocation Rate (Dynamic GC Workers), MaxAllocRate: 4116,2MB/s (+/-26,9%), Free: 10752MB, GCCPUTime: 0,747, GCDuration: 0,747s, TimeUntilOOM: 2,059s, TimeUntilGC: 1,312s, GCWorkers: 1
[9,697s][debug  ][gc,director    ] Rule Minor: High Usage, Free: 10752MB(70,0%)
[9,707s][debug  ][gc,director    ] Rule Major: Proactive, AcceptableGCInterval: 39,232s, TimeSinceLastGC: 1,878s, TimeUntilGC: 37,355s
[9,707s][debug  ][gc,director    ] Select Minor GC Workers (Try Lowering), AvoidOOMGCWorkers: 0,095, NextAvoidOOMGCWorkers: 0,081, LastGCWorkers: 5,000, GCWorkers: 1,000
[9,707s][debug  ][gc,director    ] Rule Minor: Allocation Rate (Dynamic GC Workers), MaxAllocRate: 1082,0MB/s (+/-26,9%), Free: 10738MB, GCCPUTime: 0,747, GCDuration: 0,747s, TimeUntilOOM: 7,823s, TimeUntilGC: 7,076s, GCWorkers: 1
[9,707s][debug  ][gc,director    ] Select Minor GC Workers (Try Lowering), AvoidOOMGCWorkers: 0,361, NextAvoidOOMGCWorkers: 0,220, LastGCWorkers: 5,000, GCWorkers: 1,000
[9,707s][debug  ][gc,director    ] Rule Minor: Allocation Rate (Dynamic GC Workers), MaxAllocRate: 4116,2MB/s (+/-26,9%), Free: 10738MB, GCCPUTime: 0,747, GCDuration: 0,747s, TimeUntilOOM: 2,057s, TimeUntilGC: 1,310s, GCWorkers: 1
[9,707s][debug  ][gc,director    ] Rule Minor: High Usage, Free: 10738MB(69,9%)
[9,718s][debug  ][gc,director    ] Rule Major: Proactive, AcceptableGCInterval: 39,232s, TimeSinceLastGC: 1,888s, TimeUntilGC: 37,344s
[9,718s][debug  ][gc,director    ] Select Minor GC Workers (Try Lowering), AvoidOOMGCWorkers: 0,095, NextAvoidOOMGCWorkers: 0,081, LastGCWorkers: 5,000, GCWorkers: 1,000
[9,718s][debug  ][gc,director    ] Rule Minor: Allocation Rate (Dynamic GC Workers), MaxAllocRate: 1082,0MB/s (+/-26,9%), Free: 10726MB, GCCPUTime: 0,747, GCDuration: 0,747s, TimeUntilOOM: 7,815s, TimeUntilGC: 7,068s, GCWorkers: 1
[9,718s][debug  ][gc,director    ] Select Minor GC Workers (Try Lowering), AvoidOOMGCWorkers: 0,361, NextAvoidOOMGCWorkers: 0,220, LastGCWorkers: 5,000, GCWorkers: 1,000
[9,718s][debug  ][gc,director    ] Rule Minor: Allocation Rate (Dynamic GC Workers), MaxAllocRate: 4116,2MB/s (+/-26,9%), Free: 10726MB, GCCPUTime: 0,747, GCDuration: 0,747s, TimeUntilOOM: 2,054s, TimeUntilGC: 1,307s, GCWorkers: 1
[9,718s][debug  ][gc,director    ] Rule Minor: High Usage, Free: 10726MB(69,8%)
[9,718s][debug  ][gc,alloc       ] Mutator Allocation Rate: 1607,3MB/s Predicted: 1587,0MB/s, Avg: 1094,1(+/-287,0)MB/s
[9,718s][debug  ][gc,director    ] Rule Major: Proactive, AcceptableGCInterval: 39,232s, TimeSinceLastGC: 1,888s, TimeUntilGC: 37,344s
[9,718s][debug  ][gc,director    ] Select Minor GC Workers (Try Lowering), AvoidOOMGCWorkers: 0,095, NextAvoidOOMGCWorkers: 0,081, LastGCWorkers: 5,000, GCWorkers: 1,000
[9,718s][debug  ][gc,director    ] Rule Minor: Allocation Rate (Dynamic GC Workers), MaxAllocRate: 1094,1MB/s (+/-26,2%), Free: 10724MB, GCCPUTime: 0,747, GCDuration: 0,747s, TimeUntilOOM: 7,765s, TimeUntilGC: 7,018s, GCWorkers: 1
[9,718s][debug  ][gc,director    ] Select Minor GC Workers (Try Lowering), AvoidOOMGCWorkers: 0,360, NextAvoidOOMGCWorkers: 0,219, LastGCWorkers: 5,000, GCWorkers: 1,000
[9,718s][debug  ][gc,director    ] Rule Minor: Allocation Rate (Dynamic GC Workers), MaxAllocRate: 4118,3MB/s (+/-26,2%), Free: 10724MB, GCCPUTime: 0,747, GCDuration: 0,747s, TimeUntilOOM: 2,063s, TimeUntilGC: 1,316s, GCWorkers: 1
[9,718s][debug  ][gc,director    ] Rule Minor: High Usage, Free: 10724MB(69,8%)
[9,728s][debug  ][gc,director    ] Rule Major: Proactive, AcceptableGCInterval: 39,232s, TimeSinceLastGC: 1,898s, TimeUntilGC: 37,334s
[9,728s][debug  ][gc,director    ] Select Minor GC Workers (Try Lowering), AvoidOOMGCWorkers: 0,095, NextAvoidOOMGCWorkers: 0,081, LastGCWorkers: 5,000, GCWorkers: 1,000
[9,728s][debug  ][gc,director    ] Rule Minor: Allocation Rate (Dynamic GC Workers), MaxAllocRate: 1094,1MB/s (+/-26,2%), Free: 10712MB, GCCPUTime: 0,747, GCDuration: 0,747s, TimeUntilOOM: 7,756s, TimeUntilGC: 7,009s, GCWorkers: 1
[9,728s][debug  ][gc,director    ] Select Minor GC Workers (Try Lowering), AvoidOOMGCWorkers: 0,360, NextAvoidOOMGCWorkers: 0,219, LastGCWorkers: 5,000, GCWorkers: 1,000
[9,728s][debug  ][gc,director    ] Rule Minor: Allocation Rate (Dynamic GC Workers), MaxAllocRate: 4118,3MB/s (+/-26,2%), Free: 10712MB, GCCPUTime: 0,747, GCDuration: 0,747s, TimeUntilOOM: 2,061s, TimeUntilGC: 1,314s, GCWorkers: 1
[9,728s][debug  ][gc,director    ] Rule Minor: High Usage, Free: 10712MB(69,7%)
[9,738s][debug  ][gc,director    ] Rule Major: Proactive, AcceptableGCInterval: 39,232s, TimeSinceLastGC: 1,908s, TimeUntilGC: 37,324s
[9,738s][debug  ][gc,director    ] Select Minor GC Workers (Try Lowering), AvoidOOMGCWorkers: 0,096, NextAvoidOOMGCWorkers: 0,081, LastGCWorkers: 5,000, GCWorkers: 1,000
[9,738s][debug  ][gc,director    ] Rule Minor: Allocation Rate (Dynamic GC Workers), MaxAllocRate: 1094,1MB/s (+/-26,2%), Free: 10698MB, GCCPUTime: 0,747, GCDuration: 0,747s, TimeUntilOOM: 7,746s, TimeUntilGC: 6,999s, GCWorkers: 1
[9,738s][debug  ][gc,director    ] Select Minor GC Workers (Try Lowering), AvoidOOMGCWorkers: 0,361, NextAvoidOOMGCWorkers: 0,218, LastGCWorkers: 5,000, GCWorkers: 1,000
[9,738s][debug  ][gc,director    ] Rule Minor: Allocation Rate (Dynamic GC Workers), MaxAllocRate: 4118,3MB/s (+/-26,2%), Free: 10698MB, GCCPUTime: 0,747, GCDuration: 0,747s, TimeUntilOOM: 2,058s, TimeUntilGC: 1,311s, GCWorkers: 1
[9,738s][debug  ][gc,director    ] Rule Minor: High Usage, Free: 10698MB(69,6%)
[9,748s][debug  ][gc,director    ] Rule Major: Proactive, AcceptableGCInterval: 39,232s, TimeSinceLastGC: 1,919s, TimeUntilGC: 37,314s
[9,748s][debug  ][gc,director    ] Select Minor GC Workers (Try Lowering), AvoidOOMGCWorkers: 0,096, NextAvoidOOMGCWorkers: 0,081, LastGCWorkers: 5,000, GCWorkers: 1,000
[9,748s][debug  ][gc,director    ] Rule Minor: Allocation Rate (Dynamic GC Workers), MaxAllocRate: 1094,1MB/s (+/-26,2%), Free: 10684MB, GCCPUTime: 0,747, GCDuration: 0,747s, TimeUntilOOM: 7,736s, TimeUntilGC: 6,989s, GCWorkers: 1
[9,748s][debug  ][gc,director    ] Select Minor GC Workers (Try Lowering), AvoidOOMGCWorkers: 0,361, NextAvoidOOMGCWorkers: 0,218, LastGCWorkers: 5,000, GCWorkers: 1,000
[9,748s][debug  ][gc,director    ] Rule Minor: Allocation Rate (Dynamic GC Workers), MaxAllocRate: 4118,3MB/s (+/-26,2%), Free: 10684MB, GCCPUTime: 0,747, GCDuration: 0,747s, TimeUntilOOM: 2,055s, TimeUntilGC: 1,308s, GCWorkers: 1
[9,748s][debug  ][gc,director    ] Rule Minor: High Usage, Free: 10684MB(69,6%)
[9,759s][debug  ][gc,director    ] Rule Major: Proactive, AcceptableGCInterval: 39,232s, TimeSinceLastGC: 1,929s, TimeUntilGC: 37,303s
[9,759s][debug  ][gc,director    ] Select Minor GC Workers (Try Lowering), AvoidOOMGCWorkers: 0,096, NextAvoidOOMGCWorkers: 0,081, LastGCWorkers: 5,000, GCWorkers: 1,000
[9,759s][debug  ][gc,director    ] Rule Minor: Allocation Rate (Dynamic GC Workers), MaxAllocRate: 1094,1MB/s (+/-26,2%), Free: 10672MB, GCCPUTime: 0,747, GCDuration: 0,747s, TimeUntilOOM: 7,727s, TimeUntilGC: 6,980s, GCWorkers: 1
[9,759s][debug  ][gc,director    ] Select Minor GC Workers (Try Lowering), AvoidOOMGCWorkers: 0,361, NextAvoidOOMGCWorkers: 0,217, LastGCWorkers: 5,000, GCWorkers: 1,000
[9,759s][debug  ][gc,director    ] Rule Minor: Allocation Rate (Dynamic GC Workers), MaxAllocRate: 4118,3MB/s (+/-26,2%), Free: 10672MB, GCCPUTime: 0,747, GCDuration: 0,747s, TimeUntilOOM: 2,053s, TimeUntilGC: 1,306s, GCWorkers: 1
[9,759s][debug  ][gc,director    ] Rule Minor: High Usage, Free: 10672MB(69,5%)
[9,769s][debug  ][gc,director    ] Rule Major: Proactive, AcceptableGCInterval: 39,232s, TimeSinceLastGC: 1,939s, TimeUntilGC: 37,293s
[9,769s][debug  ][gc,director    ] Select Minor GC Workers (Try Lowering), AvoidOOMGCWorkers: 0,096, NextAvoidOOMGCWorkers: 0,081, LastGCWorkers: 5,000, GCWorkers: 1,000
[9,769s][debug  ][gc,director    ] Rule Minor: Allocation Rate (Dynamic GC Workers), MaxAllocRate: 1094,1MB/s (+/-26,2%), Free: 10658MB, GCCPUTime: 0,747, GCDuration: 0,747s, TimeUntilOOM: 7,717s, TimeUntilGC: 6,970s, GCWorkers: 1
[9,769s][debug  ][gc,director    ] Select Minor GC Workers (Try Lowering), AvoidOOMGCWorkers: 0,362, NextAvoidOOMGCWorkers: 0,217, LastGCWorkers: 5,000, GCWorkers: 1,000
[9,769s][debug  ][gc,director    ] Rule Minor: Allocation Rate (Dynamic GC Workers), MaxAllocRate: 4118,3MB/s (+/-26,2%), Free: 10658MB, GCCPUTime: 0,747, GCDuration: 0,747s, TimeUntilOOM: 2,050s, TimeUntilGC: 1,303s, GCWorkers: 1
[9,769s][debug  ][gc,director    ] Rule Minor: High Usage, Free: 10658MB(69,4%)
[9,779s][debug  ][gc,director    ] Rule Major: Proactive, AcceptableGCInterval: 39,232s, TimeSinceLastGC: 1,949s, TimeUntilGC: 37,283s
[9,779s][debug  ][gc,director    ] Select Minor GC Workers (Try Lowering), AvoidOOMGCWorkers: 0,096, NextAvoidOOMGCWorkers: 0,081, LastGCWorkers: 5,000, GCWorkers: 1,000
[9,779s][debug  ][gc,director    ] Rule Minor: Allocation Rate (Dynamic GC Workers), MaxAllocRate: 1094,1MB/s (+/-26,2%), Free: 10644MB, GCCPUTime: 0,747, GCDuration: 0,747s, TimeUntilOOM: 7,707s, TimeUntilGC: 6,960s, GCWorkers: 1
[9,779s][debug  ][gc,director    ] Select Minor GC Workers (Try Lowering), AvoidOOMGCWorkers: 0,362, NextAvoidOOMGCWorkers: 0,216, LastGCWorkers: 5,000, GCWorkers: 1,000
[9,779s][debug  ][gc,director    ] Rule Minor: Allocation Rate (Dynamic GC Workers), MaxAllocRate: 4118,3MB/s (+/-26,2%), Free: 10644MB, GCCPUTime: 0,747, GCDuration: 0,747s, TimeUntilOOM: 2,047s, TimeUntilGC: 1,301s, GCWorkers: 1
[9,779s][debug  ][gc,director    ] Rule Minor: High Usage, Free: 10644MB(69,3%)
[9,789s][debug  ][gc,director    ] Rule Major: Proactive, AcceptableGCInterval: 39,232s, TimeSinceLastGC: 1,960s, TimeUntilGC: 37,273s
[9,789s][debug  ][gc,director    ] Select Minor GC Workers (Try Lowering), AvoidOOMGCWorkers: 0,096, NextAvoidOOMGCWorkers: 0,081, LastGCWorkers: 5,000, GCWorkers: 1,000
[9,789s][debug  ][gc,director    ] Rule Minor: Allocation Rate (Dynamic GC Workers), MaxAllocRate: 1094,1MB/s (+/-26,2%), Free: 10630MB, GCCPUTime: 0,747, GCDuration: 0,747s, TimeUntilOOM: 7,697s, TimeUntilGC: 6,950s, GCWorkers: 1
[9,789s][debug  ][gc,director    ] Select Minor GC Workers (Try Lowering), AvoidOOMGCWorkers: 0,363, NextAvoidOOMGCWorkers: 0,216, LastGCWorkers: 5,000, GCWorkers: 1,000
[9,789s][debug  ][gc,director    ] Rule Minor: Allocation Rate (Dynamic GC Workers), MaxAllocRate: 4118,3MB/s (+/-26,2%), Free: 10630MB, GCCPUTime: 0,747, GCDuration: 0,747s, TimeUntilOOM: 2,045s, TimeUntilGC: 1,298s, GCWorkers: 1
[9,789s][debug  ][gc,director    ] Rule Minor: High Usage, Free: 10630MB(69,2%)
[9,800s][debug  ][gc,director    ] Rule Major: Proactive, AcceptableGCInterval: 39,232s, TimeSinceLastGC: 1,970s, TimeUntilGC: 37,262s
[9,800s][debug  ][gc,director    ] Select Minor GC Workers (Try Lowering), AvoidOOMGCWorkers: 0,096, NextAvoidOOMGCWorkers: 0,081, LastGCWorkers: 5,000, GCWorkers: 1,000
[9,800s][debug  ][gc,director    ] Rule Minor: Allocation Rate (Dynamic GC Workers), MaxAllocRate: 1094,1MB/s (+/-26,2%), Free: 10616MB, GCCPUTime: 0,747, GCDuration: 0,747s, TimeUntilOOM: 7,687s, TimeUntilGC: 6,940s, GCWorkers: 1
[9,800s][debug  ][gc,director    ] Select Minor GC Workers (Try Lowering), AvoidOOMGCWorkers: 0,363, NextAvoidOOMGCWorkers: 0,215, LastGCWorkers: 5,000, GCWorkers: 1,000
[9,800s][debug  ][gc,director    ] Rule Minor: Allocation Rate (Dynamic GC Workers), MaxAllocRate: 4118,3MB/s (+/-26,2%), Free: 10616MB, GCCPUTime: 0,747, GCDuration: 0,747s, TimeUntilOOM: 2,042s, TimeUntilGC: 1,295s, GCWorkers: 1
[9,800s][debug  ][gc,director    ] Rule Minor: High Usage, Free: 10616MB(69,1%)
[9,809s][debug  ][gc,alloc       ] Mutator Allocation Rate: 1617,0MB/s Predicted: 1594,6MB/s, Avg: 1105,8(+/-284,2)MB/s
[9,809s][debug  ][gc,director    ] Rule Major: Proactive, AcceptableGCInterval: 39,232s, TimeSinceLastGC: 1,980s, TimeUntilGC: 37,253s
[9,809s][debug  ][gc,director    ] Select Minor GC Workers (Try Lowering), AvoidOOMGCWorkers: 0,097, NextAvoidOOMGCWorkers: 0,082, LastGCWorkers: 5,000, GCWorkers: 1,000
[9,809s][debug  ][gc,director    ] Rule Minor: Allocation Rate (Dynamic GC Workers), MaxAllocRate: 1105,8MB/s (+/-25,7%), Free: 10604MB, GCCPUTime: 0,747, GCDuration: 0,747s, TimeUntilOOM: 7,629s, TimeUntilGC: 6,882s, GCWorkers: 1
[9,809s][debug  ][gc,director    ] Select Minor GC Workers (Try Lowering), AvoidOOMGCWorkers: 0,363, NextAvoidOOMGCWorkers: 0,214, LastGCWorkers: 5,000, GCWorkers: 1,000
[9,809s][debug  ][gc,director    ] Rule Minor: Allocation Rate (Dynamic GC Workers), MaxAllocRate: 4124,4MB/s (+/-25,7%), Free: 10604MB, GCCPUTime: 0,747, GCDuration: 0,747s, TimeUntilOOM: 2,045s, TimeUntilGC: 1,298s, GCWorkers: 1
[9,809s][debug  ][gc,director    ] Rule Minor: High Usage, Free: 10604MB(69,0%)
[9,820s][debug  ][gc,director    ] Rule Major: Proactive, AcceptableGCInterval: 39,232s, TimeSinceLastGC: 1,990s, TimeUntilGC: 37,242s
[9,820s][debug  ][gc,director    ] Select Minor GC Workers (Try Lowering), AvoidOOMGCWorkers: 0,097, NextAvoidOOMGCWorkers: 0,082, LastGCWorkers: 5,000, GCWorkers: 1,000
[9,820s][debug  ][gc,director    ] Rule Minor: Allocation Rate (Dynamic GC Workers), MaxAllocRate: 1105,8MB/s (+/-25,7%), Free: 10592MB, GCCPUTime: 0,747, GCDuration: 0,747s, TimeUntilOOM: 7,620s, TimeUntilGC: 6,873s, GCWorkers: 1
[9,820s][debug  ][gc,director    ] Select Minor GC Workers (Try Lowering), AvoidOOMGCWorkers: 0,363, NextAvoidOOMGCWorkers: 0,214, LastGCWorkers: 5,000, GCWorkers: 1,000
[9,820s][debug  ][gc,director    ] Rule Minor: Allocation Rate (Dynamic GC Workers), MaxAllocRate: 4124,4MB/s (+/-25,7%), Free: 10592MB, GCCPUTime: 0,747, GCDuration: 0,747s, TimeUntilOOM: 2,043s, TimeUntilGC: 1,296s, GCWorkers: 1
[9,820s][debug  ][gc,director    ] Rule Minor: High Usage, Free: 10592MB(69,0%)
[9,829s][debug  ][gc,reloc       ] Synchronize all workers 1 _nworkers: 0 _nsynchronized: 0
[9,829s][debug  ][gc,reloc       ] Synchronize all workers 1 _nworkers: 0 _nsynchronized: 0
[9,829s][debug  ][gc,reloc       ] Desynchronize all workers _nworkers: 0 _nsynchronized: 0
[9,829s][debug  ][gc,reloc       ] Desynchronize all workers _nworkers: 0 _nsynchronized: 0
[9,830s][debug  ][gc,director    ] Rule Major: Proactive, AcceptableGCInterval: 39,232s, TimeSinceLastGC: 2,000s, TimeUntilGC: 37,232s
[9,830s][debug  ][gc,director    ] Select Minor GC Workers (Try Lowering), AvoidOOMGCWorkers: 0,097, NextAvoidOOMGCWorkers: 0,082, LastGCWorkers: 5,000, GCWorkers: 1,000
[9,830s][debug  ][gc,director    ] Rule Minor: Allocation Rate (Dynamic GC Workers), MaxAllocRate: 1105,8MB/s (+/-25,7%), Free: 10578MB, GCCPUTime: 0,747, GCDuration: 0,747s, TimeUntilOOM: 7,610s, TimeUntilGC: 6,863s, GCWorkers: 1
[9,830s][debug  ][gc,director    ] Select Minor GC Workers (Try Lowering), AvoidOOMGCWorkers: 0,364, NextAvoidOOMGCWorkers: 0,213, LastGCWorkers: 5,000, GCWorkers: 1,000
[9,830s][debug  ][gc,director    ] Rule Minor: Allocation Rate (Dynamic GC Workers), MaxAllocRate: 4124,4MB/s (+/-25,7%), Free: 10578MB, GCCPUTime: 0,747, GCDuration: 0,747s, TimeUntilOOM: 2,040s, TimeUntilGC: 1,293s, GCWorkers: 1
[9,830s][debug  ][gc,director    ] Rule Minor: High Usage, Free: 10578MB(68,9%)
[9,840s][debug  ][gc,director    ] Rule Major: Proactive, AcceptableGCInterval: 39,232s, TimeSinceLastGC: 2,010s, TimeUntilGC: 37,222s
[9,840s][debug  ][gc,director    ] Select Minor GC Workers (Try Lowering), AvoidOOMGCWorkers: 0,097, NextAvoidOOMGCWorkers: 0,082, LastGCWorkers: 5,000, GCWorkers: 1,000
[9,840s][debug  ][gc,director    ] Rule Minor: Allocation Rate (Dynamic GC Workers), MaxAllocRate: 1105,8MB/s (+/-25,7%), Free: 10564MB, GCCPUTime: 0,747, GCDuration: 0,747s, TimeUntilOOM: 7,600s, TimeUntilGC: 6,853s, GCWorkers: 1
[9,840s][debug  ][gc,director    ] Select Minor GC Workers (Try Lowering), AvoidOOMGCWorkers: 0,364, NextAvoidOOMGCWorkers: 0,213, LastGCWorkers: 5,000, GCWorkers: 1,000
[9,840s][debug  ][gc,director    ] Rule Minor: Allocation Rate (Dynamic GC Workers), MaxAllocRate: 4124,4MB/s (+/-25,7%), Free: 10564MB, GCCPUTime: 0,747, GCDuration: 0,747s, TimeUntilOOM: 2,038s, TimeUntilGC: 1,291s, GCWorkers: 1
[9,840s][debug  ][gc,director    ] Rule Minor: High Usage, Free: 10564MB(68,8%)
[9,850s][debug  ][gc,director    ] Rule Major: Proactive, AcceptableGCInterval: 39,232s, TimeSinceLastGC: 2,021s, TimeUntilGC: 37,212s
[9,850s][debug  ][gc,director    ] Select Minor GC Workers (Try Lowering), AvoidOOMGCWorkers: 0,098, NextAvoidOOMGCWorkers: 0,082, LastGCWorkers: 5,000, GCWorkers: 1,000
[9,850s][debug  ][gc,director    ] Rule Minor: Allocation Rate (Dynamic GC Workers), MaxAllocRate: 1105,8MB/s (+/-25,7%), Free: 10550MB, GCCPUTime: 0,747, GCDuration: 0,747s, TimeUntilOOM: 7,590s, TimeUntilGC: 6,843s, GCWorkers: 1
[9,850s][debug  ][gc,director    ] Select Minor GC Workers (Try Lowering), AvoidOOMGCWorkers: 0,365, NextAvoidOOMGCWorkers: 0,212, LastGCWorkers: 5,000, GCWorkers: 1,000
[9,850s][debug  ][gc,director    ] Rule Minor: Allocation Rate (Dynamic GC Workers), MaxAllocRate: 4124,4MB/s (+/-25,7%), Free: 10550MB, GCCPUTime: 0,747, GCDuration: 0,747s, TimeUntilOOM: 2,035s, TimeUntilGC: 1,288s, GCWorkers: 1
[9,850s][debug  ][gc,director    ] Rule Minor: High Usage, Free: 10550MB(68,7%)
[9,861s][debug  ][gc,director    ] Rule Major: Proactive, AcceptableGCInterval: 39,232s, TimeSinceLastGC: 2,031s, TimeUntilGC: 37,201s
[9,861s][debug  ][gc,director    ] Select Minor GC Workers (Try Lowering), AvoidOOMGCWorkers: 0,098, NextAvoidOOMGCWorkers: 0,082, LastGCWorkers: 5,000, GCWorkers: 1,000
[9,861s][debug  ][gc,director    ] Rule Minor: Allocation Rate (Dynamic GC Workers), MaxAllocRate: 1105,8MB/s (+/-25,7%), Free: 10536MB, GCCPUTime: 0,747, GCDuration: 0,747s, TimeUntilOOM: 7,580s, TimeUntilGC: 6,833s, GCWorkers: 1
[9,861s][debug  ][gc,director    ] Select Minor GC Workers (Try Lowering), AvoidOOMGCWorkers: 0,365, NextAvoidOOMGCWorkers: 0,212, LastGCWorkers: 5,000, GCWorkers: 1,000
[9,861s][debug  ][gc,director    ] Rule Minor: Allocation Rate (Dynamic GC Workers), MaxAllocRate: 4124,4MB/s (+/-25,7%), Free: 10536MB, GCCPUTime: 0,747, GCDuration: 0,747s, TimeUntilOOM: 2,032s, TimeUntilGC: 1,285s, GCWorkers: 1
[9,861s][debug  ][gc,director    ] Rule Minor: High Usage, Free: 10536MB(68,6%)
[9,871s][debug  ][gc,director    ] Rule Major: Proactive, AcceptableGCInterval: 39,232s, TimeSinceLastGC: 2,041s, TimeUntilGC: 37,191s
[9,871s][debug  ][gc,director    ] Select Minor GC Workers (Try Lowering), AvoidOOMGCWorkers: 0,098, NextAvoidOOMGCWorkers: 0,082, LastGCWorkers: 5,000, GCWorkers: 1,000
[9,871s][debug  ][gc,director    ] Rule Minor: Allocation Rate (Dynamic GC Workers), MaxAllocRate: 1105,8MB/s (+/-25,7%), Free: 10524MB, GCCPUTime: 0,747, GCDuration: 0,747s, TimeUntilOOM: 7,571s, TimeUntilGC: 6,824s, GCWorkers: 1
[9,871s][debug  ][gc,director    ] Select Minor GC Workers (Try Lowering), AvoidOOMGCWorkers: 0,366, NextAvoidOOMGCWorkers: 0,212, LastGCWorkers: 5,000, GCWorkers: 1,000
[9,871s][debug  ][gc,director    ] Rule Minor: Allocation Rate (Dynamic GC Workers), MaxAllocRate: 4124,4MB/s (+/-25,7%), Free: 10524MB, GCCPUTime: 0,747, GCDuration: 0,747s, TimeUntilOOM: 2,030s, TimeUntilGC: 1,283s, GCWorkers: 1
[9,871s][debug  ][gc,director    ] Rule Minor: High Usage, Free: 10524MB(68,5%)
[9,881s][debug  ][gc,director    ] Rule Major: Proactive, AcceptableGCInterval: 39,232s, TimeSinceLastGC: 2,051s, TimeUntilGC: 37,181s
[9,881s][debug  ][gc,director    ] Select Minor GC Workers (Try Lowering), AvoidOOMGCWorkers: 0,098, NextAvoidOOMGCWorkers: 0,082, LastGCWorkers: 5,000, GCWorkers: 1,000
[9,881s][debug  ][gc,director    ] Rule Minor: Allocation Rate (Dynamic GC Workers), MaxAllocRate: 1105,8MB/s (+/-25,7%), Free: 10510MB, GCCPUTime: 0,747, GCDuration: 0,747s, TimeUntilOOM: 7,561s, TimeUntilGC: 6,814s, GCWorkers: 1
[9,881s][debug  ][gc,director    ] Select Minor GC Workers (Try Lowering), AvoidOOMGCWorkers: 0,366, NextAvoidOOMGCWorkers: 0,211, LastGCWorkers: 5,000, GCWorkers: 1,000
[9,881s][debug  ][gc,director    ] Rule Minor: Allocation Rate (Dynamic GC Workers), MaxAllocRate: 4124,4MB/s (+/-25,7%), Free: 10510MB, GCCPUTime: 0,747, GCDuration: 0,747s, TimeUntilOOM: 2,027s, TimeUntilGC: 1,280s, GCWorkers: 1
[9,881s][debug  ][gc,director    ] Rule Minor: High Usage, Free: 10510MB(68,4%)
[9,883s][debug  ][gc,nmethod     ] Register NMethod: sun.nio.fs.NativeBuffers.copyCStringToNativeBuffer (0x00007f374fc91190) [0x00007f374fc91340, 0x00007f374fc91590] Compiler: c1, Barriers: 0, Oops: 1, ImmediateOops: 1, NonImmediateOops: No
[9,887s][debug  ][gc,alloc       ] Mutator Allocation Rate: 1630,2MB/s Predicted: 1602,8MB/s, Avg: 1117,2(+/-282,1)MB/s
[9,887s][debug  ][gc,director    ] Rule Major: Proactive, AcceptableGCInterval: 39,232s, TimeSinceLastGC: 2,057s, TimeUntilGC: 37,175s
[9,887s][debug  ][gc,director    ] Select Minor GC Workers (Try Lowering), AvoidOOMGCWorkers: 0,099, NextAvoidOOMGCWorkers: 0,082, LastGCWorkers: 5,000, GCWorkers: 1,000
[9,887s][debug  ][gc,director    ] Rule Minor: Allocation Rate (Dynamic GC Workers), MaxAllocRate: 1117,2MB/s (+/-25,2%), Free: 10484MB, GCCPUTime: 0,747, GCDuration: 0,747s, TimeUntilOOM: 7,492s, TimeUntilGC: 6,745s, GCWorkers: 1
[9,887s][debug  ][gc,director    ] Select Minor GC Workers (Try Lowering), AvoidOOMGCWorkers: 0,367, NextAvoidOOMGCWorkers: 0,211, LastGCWorkers: 5,000, GCWorkers: 1,000
[9,887s][debug  ][gc,director    ] Rule Minor: Allocation Rate (Dynamic GC Workers), MaxAllocRate: 4133,9MB/s (+/-25,2%), Free: 10484MB, GCCPUTime: 0,747, GCDuration: 0,747s, TimeUntilOOM: 2,025s, TimeUntilGC: 1,278s, GCWorkers: 1
[9,887s][debug  ][gc,director    ] Rule Minor: High Usage, Free: 10484MB(68,3%)
[9,888s][debug  ][gc,nmethod     ] Register NMethod: java.util.ArrayList$ArrayListSpliterator.forEachRemaining (0x00007f376f39c290) [0x00007f376f39c4c0, 0x00007f376f39d3b0] Compiler: c2, Barriers: 32, Oops: 0, ImmediateOops: 0, NonImmediateOops: No
[9,897s][debug  ][gc,director    ] Rule Major: Proactive, AcceptableGCInterval: 39,232s, TimeSinceLastGC: 2,068s, TimeUntilGC: 37,165s
[9,897s][debug  ][gc,director    ] Select Minor GC Workers (Try Lowering), AvoidOOMGCWorkers: 0,100, NextAvoidOOMGCWorkers: 0,083, LastGCWorkers: 5,000, GCWorkers: 1,000
[9,897s][debug  ][gc,director    ] Rule Minor: Allocation Rate (Dynamic GC Workers), MaxAllocRate: 1117,2MB/s (+/-25,2%), Free: 10380MB, GCCPUTime: 0,747, GCDuration: 0,747s, TimeUntilOOM: 7,418s, TimeUntilGC: 6,671s, GCWorkers: 1
[9,897s][debug  ][gc,director    ] Select Minor GC Workers (Try Lowering), AvoidOOMGCWorkers: 0,370, NextAvoidOOMGCWorkers: 0,211, LastGCWorkers: 5,000, GCWorkers: 1,000
[9,897s][debug  ][gc,director    ] Rule Minor: Allocation Rate (Dynamic GC Workers), MaxAllocRate: 4133,9MB/s (+/-25,2%), Free: 10380MB, GCCPUTime: 0,747, GCDuration: 0,747s, TimeUntilOOM: 2,005s, TimeUntilGC: 1,258s, GCWorkers: 1
[9,897s][debug  ][gc,director    ] Rule Minor: High Usage, Free: 10380MB(67,6%)
[9,898s][debug  ][gc,alloc       ] Mutator Allocation Rate: 1658,7MB/s Predicted: 1612,2MB/s, Avg: 1128,6(+/-280,7)MB/s
[9,898s][debug  ][gc,director    ] Rule Major: Proactive, AcceptableGCInterval: 39,232s, TimeSinceLastGC: 2,068s, TimeUntilGC: 37,164s
[9,898s][debug  ][gc,director    ] Select Minor GC Workers (Try Lowering), AvoidOOMGCWorkers: 0,101, NextAvoidOOMGCWorkers: 0,084, LastGCWorkers: 5,000, GCWorkers: 1,000
[9,898s][debug  ][gc,director    ] Rule Minor: Allocation Rate (Dynamic GC Workers), MaxAllocRate: 1128,6MB/s (+/-24,9%), Free: 10366MB, GCCPUTime: 0,747, GCDuration: 0,747s, TimeUntilOOM: 7,355s, TimeUntilGC: 6,608s, GCWorkers: 1
[9,898s][debug  ][gc,director    ] Select Minor GC Workers (Try Lowering), AvoidOOMGCWorkers: 0,371, NextAvoidOOMGCWorkers: 0,212, LastGCWorkers: 5,000, GCWorkers: 1,000
[9,898s][debug  ][gc,director    ] Rule Minor: Allocation Rate (Dynamic GC Workers), MaxAllocRate: 4148,2MB/s (+/-24,9%), Free: 10366MB, GCCPUTime: 0,747, GCDuration: 0,747s, TimeUntilOOM: 2,001s, TimeUntilGC: 1,254s, GCWorkers: 1
[9,898s][debug  ][gc,director    ] Rule Minor: High Usage, Free: 10366MB(67,5%)
[9,908s][debug  ][gc,director    ] Rule Major: Proactive, AcceptableGCInterval: 39,232s, TimeSinceLastGC: 2,078s, TimeUntilGC: 37,154s
[9,908s][debug  ][gc,director    ] Select Minor GC Workers (Try Lowering), AvoidOOMGCWorkers: 0,102, NextAvoidOOMGCWorkers: 0,084, LastGCWorkers: 5,000, GCWorkers: 1,000
[9,908s][debug  ][gc,director    ] Rule Minor: Allocation Rate (Dynamic GC Workers), MaxAllocRate: 1128,6MB/s (+/-24,9%), Free: 10248MB, GCCPUTime: 0,747, GCDuration: 0,747s, TimeUntilOOM: 7,271s, TimeUntilGC: 6,524s, GCWorkers: 1
[9,908s][debug  ][gc,director    ] Select Minor GC Workers (Try Lowering), AvoidOOMGCWorkers: 0,375, NextAvoidOOMGCWorkers: 0,212, LastGCWorkers: 5,000, GCWorkers: 1,000
[9,908s][debug  ][gc,director    ] Rule Minor: Allocation Rate (Dynamic GC Workers), MaxAllocRate: 4148,2MB/s (+/-24,9%), Free: 10248MB, GCCPUTime: 0,747, GCDuration: 0,747s, TimeUntilOOM: 1,978s, TimeUntilGC: 1,231s, GCWorkers: 1
[9,908s][debug  ][gc,director    ] Rule Minor: High Usage, Free: 10248MB(66,7%)
[9,908s][debug  ][gc,alloc       ] Mutator Allocation Rate: 1688,1MB/s Predicted: 1622,6MB/s, Avg: 1140,0(+/-280,1)MB/s
[9,908s][debug  ][gc,director    ] Rule Major: Proactive, AcceptableGCInterval: 39,232s, TimeSinceLastGC: 2,079s, TimeUntilGC: 37,154s
[9,908s][debug  ][gc,director    ] Select Minor GC Workers (Try Lowering), AvoidOOMGCWorkers: 0,103, NextAvoidOOMGCWorkers: 0,085, LastGCWorkers: 5,000, GCWorkers: 1,000
[9,908s][debug  ][gc,director    ] Rule Minor: Allocation Rate (Dynamic GC Workers), MaxAllocRate: 1140,0MB/s (+/-24,6%), Free: 10246MB, GCCPUTime: 0,747, GCDuration: 0,747s, TimeUntilOOM: 7,215s, TimeUntilGC: 6,468s, GCWorkers: 1
[9,908s][debug  ][gc,director    ] Select Minor GC Workers (Try Lowering), AvoidOOMGCWorkers: 0,376, NextAvoidOOMGCWorkers: 0,213, LastGCWorkers: 5,000, GCWorkers: 1,000
[9,908s][debug  ][gc,director    ] Rule Minor: Allocation Rate (Dynamic GC Workers), MaxAllocRate: 4166,8MB/s (+/-24,6%), Free: 10246MB, GCCPUTime: 0,747, GCDuration: 0,747s, TimeUntilOOM: 1,974s, TimeUntilGC: 1,227s, GCWorkers: 1
[9,908s][debug  ][gc,director    ] Rule Minor: High Usage, Free: 10246MB(66,7%)
[9,918s][debug  ][gc,director    ] Rule Major: Proactive, AcceptableGCInterval: 39,232s, TimeSinceLastGC: 2,089s, TimeUntilGC: 37,144s
[9,919s][debug  ][gc,director    ] Select Minor GC Workers (Try Lowering), AvoidOOMGCWorkers: 0,103, NextAvoidOOMGCWorkers: 0,085, LastGCWorkers: 5,000, GCWorkers: 1,000
[9,919s][debug  ][gc,director    ] Rule Minor: Allocation Rate (Dynamic GC Workers), MaxAllocRate: 1140,0MB/s (+/-24,6%), Free: 10156MB, GCCPUTime: 0,747, GCDuration: 0,747s, TimeUntilOOM: 7,152s, TimeUntilGC: 6,405s, GCWorkers: 1
[9,919s][debug  ][gc,director    ] Select Minor GC Workers (Try Lowering), AvoidOOMGCWorkers: 0,379, NextAvoidOOMGCWorkers: 0,213, LastGCWorkers: 5,000, GCWorkers: 1,000
[9,919s][debug  ][gc,director    ] Rule Minor: Allocation Rate (Dynamic GC Workers), MaxAllocRate: 4166,8MB/s (+/-24,6%), Free: 10156MB, GCCPUTime: 0,747, GCDuration: 0,747s, TimeUntilOOM: 1,957s, TimeUntilGC: 1,210s, GCWorkers: 1
[9,919s][debug  ][gc,director    ] Rule Minor: High Usage, Free: 10156MB(66,1%)
[9,929s][debug  ][gc,director    ] Rule Major: Proactive, AcceptableGCInterval: 39,232s, TimeSinceLastGC: 2,099s, TimeUntilGC: 37,133s
[9,929s][debug  ][gc,director    ] Select Minor GC Workers (Try Lowering), AvoidOOMGCWorkers: 0,104, NextAvoidOOMGCWorkers: 0,086, LastGCWorkers: 5,000, GCWorkers: 1,000
[9,929s][debug  ][gc,director    ] Rule Minor: Allocation Rate (Dynamic GC Workers), MaxAllocRate: 1140,0MB/s (+/-24,6%), Free: 10112MB, GCCPUTime: 0,747, GCDuration: 0,747s, TimeUntilOOM: 7,121s, TimeUntilGC: 6,374s, GCWorkers: 1
[9,929s][debug  ][gc,director    ] Select Minor GC Workers (Try Lowering), AvoidOOMGCWorkers: 0,381, NextAvoidOOMGCWorkers: 0,213, LastGCWorkers: 5,000, GCWorkers: 1,000
[9,929s][debug  ][gc,director    ] Rule Minor: Allocation Rate (Dynamic GC Workers), MaxAllocRate: 4166,8MB/s (+/-24,6%), Free: 10112MB, GCCPUTime: 0,747, GCDuration: 0,747s, TimeUntilOOM: 1,948s, TimeUntilGC: 1,201s, GCWorkers: 1
[9,929s][debug  ][gc,director    ] Rule Minor: High Usage, Free: 10112MB(65,8%)
[9,934s][debug  ][gc,alloc       ] Mutator Allocation Rate: 1713,8MB/s Predicted: 1633,9MB/s, Avg: 1151,4(+/-280,0)MB/s
[9,934s][debug  ][gc,director    ] Rule Major: Proactive, AcceptableGCInterval: 39,232s, TimeSinceLastGC: 2,104s, TimeUntilGC: 37,128s
[9,934s][debug  ][gc,director    ] Select Minor GC Workers (Try Lowering), AvoidOOMGCWorkers: 0,105, NextAvoidOOMGCWorkers: 0,086, LastGCWorkers: 5,000, GCWorkers: 1,000
[9,934s][debug  ][gc,director    ] Rule Minor: Allocation Rate (Dynamic GC Workers), MaxAllocRate: 1151,4MB/s (+/-24,3%), Free: 10096MB, GCCPUTime: 0,747, GCDuration: 0,747s, TimeUntilOOM: 7,053s, TimeUntilGC: 6,306s, GCWorkers: 1
[9,934s][debug  ][gc,director    ] Select Minor GC Workers (Try Lowering), AvoidOOMGCWorkers: 0,383, NextAvoidOOMGCWorkers: 0,213, LastGCWorkers: 5,000, GCWorkers: 1,000
[9,934s][debug  ][gc,director    ] Rule Minor: Allocation Rate (Dynamic GC Workers), MaxAllocRate: 4189,1MB/s (+/-24,3%), Free: 10096MB, GCCPUTime: 0,747, GCDuration: 0,747s, TimeUntilOOM: 1,939s, TimeUntilGC: 1,192s, GCWorkers: 1
[9,934s][debug  ][gc,director    ] Rule Minor: High Usage, Free: 10096MB(65,7%)
[9,944s][debug  ][gc,director    ] Rule Major: Proactive, AcceptableGCInterval: 39,232s, TimeSinceLastGC: 2,114s, TimeUntilGC: 37,118s
[9,944s][debug  ][gc,director    ] Select Minor GC Workers (Try Lowering), AvoidOOMGCWorkers: 0,105, NextAvoidOOMGCWorkers: 0,086, LastGCWorkers: 5,000, GCWorkers: 1,000
[9,944s][debug  ][gc,director    ] Rule Minor: Allocation Rate (Dynamic GC Workers), MaxAllocRate: 1151,4MB/s (+/-24,3%), Free: 10056MB, GCCPUTime: 0,747, GCDuration: 0,747s, TimeUntilOOM: 7,025s, TimeUntilGC: 6,278s, GCWorkers: 1
[9,944s][debug  ][gc,director    ] Select Minor GC Workers (Try Lowering), AvoidOOMGCWorkers: 0,384, NextAvoidOOMGCWorkers: 0,213, LastGCWorkers: 5,000, GCWorkers: 1,000
[9,944s][debug  ][gc,director    ] Rule Minor: Allocation Rate (Dynamic GC Workers), MaxAllocRate: 4189,1MB/s (+/-24,3%), Free: 10056MB, GCCPUTime: 0,747, GCDuration: 0,747s, TimeUntilOOM: 1,931s, TimeUntilGC: 1,184s, GCWorkers: 1
[9,944s][debug  ][gc,director    ] Rule Minor: High Usage, Free: 10056MB(65,5%)
[9,954s][debug  ][gc,director    ] Rule Major: Proactive, AcceptableGCInterval: 39,232s, TimeSinceLastGC: 2,124s, TimeUntilGC: 37,108s
[9,954s][debug  ][gc,director    ] Select Minor GC Workers (Try Lowering), AvoidOOMGCWorkers: 0,106, NextAvoidOOMGCWorkers: 0,087, LastGCWorkers: 5,000, GCWorkers: 1,000
[9,954s][debug  ][gc,director    ] Rule Minor: Allocation Rate (Dynamic GC Workers), MaxAllocRate: 1151,4MB/s (+/-24,3%), Free: 10012MB, GCCPUTime: 0,747, GCDuration: 0,747s, TimeUntilOOM: 6,994s, TimeUntilGC: 6,248s, GCWorkers: 1
[9,954s][debug  ][gc,director    ] Select Minor GC Workers (Try Lowering), AvoidOOMGCWorkers: 0,386, NextAvoidOOMGCWorkers: 0,213, LastGCWorkers: 5,000, GCWorkers: 1,000
[9,954s][debug  ][gc,director    ] Rule Minor: Allocation Rate (Dynamic GC Workers), MaxAllocRate: 4189,1MB/s (+/-24,3%), Free: 10012MB, GCCPUTime: 0,747, GCDuration: 0,747s, TimeUntilOOM: 1,922s, TimeUntilGC: 1,176s, GCWorkers: 1
[9,954s][debug  ][gc,director    ] Rule Minor: High Usage, Free: 10012MB(65,2%)
[9,964s][debug  ][gc,alloc       ] Mutator Allocation Rate: 1739,6MB/s Predicted: 1645,9MB/s, Avg: 1162,9(+/-280,4)MB/s
[9,964s][debug  ][gc,director    ] Rule Major: Proactive, AcceptableGCInterval: 39,232s, TimeSinceLastGC: 2,135s, TimeUntilGC: 37,098s
[9,964s][debug  ][gc,director    ] Select Minor GC Workers (Try Lowering), AvoidOOMGCWorkers: 0,107, NextAvoidOOMGCWorkers: 0,087, LastGCWorkers: 5,000, GCWorkers: 1,000
[9,964s][debug  ][gc,director    ] Rule Minor: Allocation Rate (Dynamic GC Workers), MaxAllocRate: 1162,9MB/s (+/-24,1%), Free: 9980MB, GCCPUTime: 0,747, GCDuration: 0,747s, TimeUntilOOM: 6,915s, TimeUntilGC: 6,168s, GCWorkers: 1
[9,964s][debug  ][gc,director    ] Select Minor GC Workers (Try Lowering), AvoidOOMGCWorkers: 0,389, NextAvoidOOMGCWorkers: 0,213, LastGCWorkers: 5,000, GCWorkers: 1,000
[9,964s][debug  ][gc,director    ] Rule Minor: Allocation Rate (Dynamic GC Workers), MaxAllocRate: 4214,6MB/s (+/-24,1%), Free: 9980MB, GCCPUTime: 0,747, GCDuration: 0,747s, TimeUntilOOM: 1,908s, TimeUntilGC: 1,161s, GCWorkers: 1
[9,965s][debug  ][gc,director    ] Rule Minor: High Usage, Free: 9980MB(65,0%)
[9,972s][debug  ][gc,nmethod     ] Register NMethod: java.util.concurrent.ForkJoinPool.scan (0x00007f376f39ac90) [0x00007f376f39aee0, 0x00007f376f39bc50] Compiler: c2, Barriers: 17, Oops: 0, ImmediateOops: 0, NonImmediateOops: No
[9,975s][debug  ][gc,director    ] Rule Major: Proactive, AcceptableGCInterval: 39,232s, TimeSinceLastGC: 2,145s, TimeUntilGC: 37,087s
[9,975s][debug  ][gc,director    ] Select Minor GC Workers (Try Lowering), AvoidOOMGCWorkers: 0,107, NextAvoidOOMGCWorkers: 0,087, LastGCWorkers: 5,000, GCWorkers: 1,000
[9,975s][debug  ][gc,director    ] Rule Minor: Allocation Rate (Dynamic GC Workers), MaxAllocRate: 1162,9MB/s (+/-24,1%), Free: 9956MB, GCCPUTime: 0,747, GCDuration: 0,747s, TimeUntilOOM: 6,898s, TimeUntilGC: 6,151s, GCWorkers: 1
[9,975s][debug  ][gc,director    ] Select Minor GC Workers (Try Lowering), AvoidOOMGCWorkers: 0,390, NextAvoidOOMGCWorkers: 0,213, LastGCWorkers: 5,000, GCWorkers: 1,000
[9,975s][debug  ][gc,director    ] Rule Minor: Allocation Rate (Dynamic GC Workers), MaxAllocRate: 4214,6MB/s (+/-24,1%), Free: 9956MB, GCCPUTime: 0,747, GCDuration: 0,747s, TimeUntilOOM: 1,903s, TimeUntilGC: 1,156s, GCWorkers: 1
[9,975s][debug  ][gc,director    ] Rule Minor: High Usage, Free: 9956MB(64,8%)
[9,985s][debug  ][gc,director    ] Rule Major: Proactive, AcceptableGCInterval: 39,232s, TimeSinceLastGC: 2,155s, TimeUntilGC: 37,077s
[9,985s][debug  ][gc,director    ] Select Minor GC Workers (Try Lowering), AvoidOOMGCWorkers: 0,107, NextAvoidOOMGCWorkers: 0,087, LastGCWorkers: 5,000, GCWorkers: 1,000
[9,985s][debug  ][gc,director    ] Rule Minor: Allocation Rate (Dynamic GC Workers), MaxAllocRate: 1162,9MB/s (+/-24,1%), Free: 9944MB, GCCPUTime: 0,747, GCDuration: 0,747s, TimeUntilOOM: 6,890s, TimeUntilGC: 6,143s, GCWorkers: 1
[9,985s][debug  ][gc,director    ] Select Minor GC Workers (Try Lowering), AvoidOOMGCWorkers: 0,390, NextAvoidOOMGCWorkers: 0,212, LastGCWorkers: 5,000, GCWorkers: 1,000
[9,985s][debug  ][gc,director    ] Rule Minor: Allocation Rate (Dynamic GC Workers), MaxAllocRate: 4214,6MB/s (+/-24,1%), Free: 9944MB, GCCPUTime: 0,747, GCDuration: 0,747s, TimeUntilOOM: 1,901s, TimeUntilGC: 1,154s, GCWorkers: 1
[9,985s][debug  ][gc,director    ] Rule Minor: High Usage, Free: 9944MB(64,7%)
[9,995s][debug  ][gc,director    ] Rule Major: Proactive, AcceptableGCInterval: 39,232s, TimeSinceLastGC: 2,165s, TimeUntilGC: 37,067s
[9,995s][debug  ][gc,director    ] Select Minor GC Workers (Try Lowering), AvoidOOMGCWorkers: 0,108, NextAvoidOOMGCWorkers: 0,087, LastGCWorkers: 5,000, GCWorkers: 1,000
[9,995s][debug  ][gc,director    ] Rule Minor: Allocation Rate (Dynamic GC Workers), MaxAllocRate: 1162,9MB/s (+/-24,1%), Free: 9936MB, GCCPUTime: 0,747, GCDuration: 0,747s, TimeUntilOOM: 6,884s, TimeUntilGC: 6,137s, GCWorkers: 1
[9,995s][debug  ][gc,director    ] Select Minor GC Workers (Try Lowering), AvoidOOMGCWorkers: 0,391, NextAvoidOOMGCWorkers: 0,212, LastGCWorkers: 5,000, GCWorkers: 1,000
[9,995s][debug  ][gc,director    ] Rule Minor: Allocation Rate (Dynamic GC Workers), MaxAllocRate: 4214,6MB/s (+/-24,1%), Free: 9936MB, GCCPUTime: 0,747, GCDuration: 0,747s, TimeUntilOOM: 1,899s, TimeUntilGC: 1,153s, GCWorkers: 1
[9,995s][debug  ][gc,director    ] Rule Minor: High Usage, Free: 9936MB(64,7%)
[10,005s][debug  ][gc,director    ] Rule Major: Proactive, AcceptableGCInterval: 39,232s, TimeSinceLastGC: 2,176s, TimeUntilGC: 37,057s
[10,005s][debug  ][gc,director    ] Select Minor GC Workers (Try Lowering), AvoidOOMGCWorkers: 0,108, NextAvoidOOMGCWorkers: 0,087, LastGCWorkers: 5,000, GCWorkers: 1,000
[10,005s][debug  ][gc,director    ] Rule Minor: Allocation Rate (Dynamic GC Workers), MaxAllocRate: 1162,9MB/s (+/-24,1%), Free: 9928MB, GCCPUTime: 0,747, GCDuration: 0,747s, TimeUntilOOM: 6,879s, TimeUntilGC: 6,132s, GCWorkers: 1
[10,005s][debug  ][gc,director    ] Select Minor GC Workers (Try Lowering), AvoidOOMGCWorkers: 0,391, NextAvoidOOMGCWorkers: 0,211, LastGCWorkers: 5,000, GCWorkers: 1,000
[10,005s][debug  ][gc,director    ] Rule Minor: Allocation Rate (Dynamic GC Workers), MaxAllocRate: 4214,6MB/s (+/-24,1%), Free: 9928MB, GCCPUTime: 0,747, GCDuration: 0,747s, TimeUntilOOM: 1,898s, TimeUntilGC: 1,151s, GCWorkers: 1
[10,005s][debug  ][gc,director    ] Rule Minor: High Usage, Free: 9928MB(64,6%)
[10,007s][debug  ][gc,nmethod     ] Register NMethod: java.lang.invoke.LambdaForm$MH/0x0000000080358000.invoke (0x00007f376f39a990) [0x00007f376f39ab20, 0x00007f376f39abc0] Compiler: c1, Barriers: 0, Oops: 1, ImmediateOops: 0, NonImmediateOops: No
[10,015s][debug  ][gc,nmethod     ] Register NMethod: com.github.benmanes.caffeine.cache.UnboundedLocalCache$UnboundedLocalAsyncCache.cache (0x00007f376f39a690) [0x00007f376f39a820, 0x00007f376f39a910] Compiler: c1, Barriers: 1, Oops: 1, ImmediateOops: 0, NonImmediateOops: No
[10,015s][debug  ][gc,nmethod     ] Register NMethod: java.util.Objects.checkFromIndexSize (0x00007f376f39a390) [0x00007f376f39a500, 0x00007f376f39a5c8] Compiler: c2, Barriers: 0, Oops: 0, ImmediateOops: 0, NonImmediateOops: No
[10,015s][debug  ][gc,nmethod     ] Register NMethod: it.unimi.dsi.fastutil.HashCommon.arraySize (0x00007f374ff8bc90) [0x00007f374ff8bf60, 0x00007f374ff8ca10] Compiler: c1, Barriers: 0, Oops: 4, ImmediateOops: 3, NonImmediateOops: No
[10,015s][debug  ][gc,nmethod     ] Register NMethod: java.nio.HeapByteBuffer.ix (0x00007f376f39a090) [0x00007f376f39a200, 0x00007f376f39a280] Compiler: c2, Barriers: 0, Oops: 0, ImmediateOops: 0, NonImmediateOops: No
[10,016s][debug  ][gc,director    ] Rule Major: Proactive, AcceptableGCInterval: 39,232s, TimeSinceLastGC: 2,186s, TimeUntilGC: 37,046s
[10,016s][debug  ][gc,director    ] Select Minor GC Workers (Try Lowering), AvoidOOMGCWorkers: 0,108, NextAvoidOOMGCWorkers: 0,087, LastGCWorkers: 5,000, GCWorkers: 1,000
[10,016s][debug  ][gc,director    ] Rule Minor: Allocation Rate (Dynamic GC Workers), MaxAllocRate: 1162,9MB/s (+/-24,1%), Free: 9926MB, GCCPUTime: 0,747, GCDuration: 0,747s, TimeUntilOOM: 6,877s, TimeUntilGC: 6,130s, GCWorkers: 1
[10,016s][debug  ][gc,director    ] Select Minor GC Workers (Try Lowering), AvoidOOMGCWorkers: 0,391, NextAvoidOOMGCWorkers: 0,211, LastGCWorkers: 5,000, GCWorkers: 1,000
[10,016s][debug  ][gc,director    ] Rule Minor: Allocation Rate (Dynamic GC Workers), MaxAllocRate: 4214,6MB/s (+/-24,1%), Free: 9926MB, GCCPUTime: 0,747, GCDuration: 0,747s, TimeUntilOOM: 1,898s, TimeUntilGC: 1,151s, GCWorkers: 1
[10,016s][debug  ][gc,director    ] Rule Minor: High Usage, Free: 9926MB(64,6%)
[10,016s][debug  ][gc,nmethod     ] Register NMethod: java.lang.invoke.VarHandleGuards.guard_LL_V (0x00007f374fb33790) [0x00007f374fb33c20, 0x00007f374fb364c0] Compiler: c1, Barriers: 42, Oops: 1, ImmediateOops: 4, NonImmediateOops: No
[10,016s][debug  ][gc,nmethod     ] Register NMethod: com.github.benmanes.caffeine.cache.PSA.setPreviousInAccessOrder (0x00007f376f399d10) [0x00007f376f399ea0, 0x00007f376f399fd0] Compiler: c1, Barriers: 3, Oops: 1, ImmediateOops: 0, NonImmediateOops: No
[10,016s][debug  ][gc,nmethod     ] Register NMethod: com.github.benmanes.caffeine.cache.PSA.setNextInAccessOrder (0x00007f376f399990) [0x00007f376f399b20, 0x00007f376f399c50] Compiler: c1, Barriers: 3, Oops: 1, ImmediateOops: 0, NonImmediateOops: No
[10,016s][debug  ][gc,nmethod     ] Register NMethod: java.lang.invoke.VarHandleReferences$FieldInstanceReadWrite.set (0x00007f374fb29590) [0x00007f374fb297c0, 0x00007f374fb2a018] Compiler: c1, Barriers: 5, Oops: 1, ImmediateOops: 0, NonImmediateOops: No
[10,016s][debug  ][gc,nmethod     ] Register NMethod: io.sirix.access.trx.page.NodePageTrx.lambda$getPageContainer$2 (0x00007f376f398f90) [0x00007f376f399180, 0x00007f376f399640] Compiler: c2, Barriers: 8, Oops: 1, ImmediateOops: 0, NonImmediateOops: No
[10,016s][debug  ][gc,nmethod     ] Register NMethod: sun.nio.ch.Util.getTemporaryDirectBuffer (0x00007f374fc94a90) [0x00007f374fc94d20, 0x00007f374fc95848] Compiler: c1, Barriers: 1, Oops: 0, ImmediateOops: 2, NonImmediateOops: No
[10,016s][debug  ][gc,nmethod     ] Register NMethod: java.lang.Integer.hashCode (0x00007f376f398c90) [0x00007f376f398e00, 0x00007f376f398e78] Compiler: c2, Barriers: 0, Oops: 0, ImmediateOops: 0, NonImmediateOops: No
[10,017s][debug  ][gc,nmethod     ] Register NMethod: io.sirix.access.trx.page.NodePageReadOnlyTrx.getLeafPageReference (0x00007f376f398990) [0x00007f376f398b20, 0x00007f376f398bc0] Compiler: c2, Barriers: 0, Oops: 1, ImmediateOops: 0, NonImmediateOops: No
[10,017s][debug  ][gc,nmethod     ] Register NMethod: sun.nio.ch.Util.offerFirstTemporaryDirectBuffer (0x00007f374fe9fe10) [0x00007f374fea0080, 0x00007f374fea0b48] Compiler: c1, Barriers: 1, Oops: 0, ImmediateOops: 2, NonImmediateOops: No
[10,017s][debug  ][gc,nmethod     ] Register NMethod: com.github.benmanes.caffeine.cache.BoundedLocalCache$BoundedLocalManualCache.cache (0x00007f376f398690) [0x00007f376f398820, 0x00007f376f398910] Compiler: c1, Barriers: 1, Oops: 1, ImmediateOops: 0, NonImmediateOops: No
[10,019s][debug  ][gc,nmethod     ] Register NMethod: io.sirix.settings.VersioningType$4.combineRecordPages (0x00007f374fb48510) [0x00007f374fb48a20, 0x00007f374fb4b648] Compiler: c1, Barriers: 25, Oops: 1, ImmediateOops: 0, NonImmediateOops: No
[10,020s][debug  ][gc,nmethod     ] Register NMethod: java.lang.Thread.setContinuation (0x00007f376f398310) [0x00007f376f3984a0, 0x00007f376f3985e0] Compiler: c1, Barriers: 3, Oops: 0, ImmediateOops: 0, NonImmediateOops: No
[10,020s][debug  ][gc,nmethod     ] Register NMethod: java.lang.VirtualThread.setCarrierThread (0x00007f376f397f90) [0x00007f376f398120, 0x00007f376f398260] Compiler: c1, Barriers: 3, Oops: 0, ImmediateOops: 0, NonImmediateOops: No
[10,026s][debug  ][gc,director    ] Rule Major: Proactive, AcceptableGCInterval: 39,232s, TimeSinceLastGC: 2,196s, TimeUntilGC: 37,036s
[10,026s][debug  ][gc,director    ] Select Minor GC Workers (Try Lowering), AvoidOOMGCWorkers: 0,108, NextAvoidOOMGCWorkers: 0,087, LastGCWorkers: 5,000, GCWorkers: 1,000
[10,026s][debug  ][gc,director    ] Rule Minor: Allocation Rate (Dynamic GC Workers), MaxAllocRate: 1162,9MB/s (+/-24,1%), Free: 9916MB, GCCPUTime: 0,747, GCDuration: 0,747s, TimeUntilOOM: 6,870s, TimeUntilGC: 6,124s, GCWorkers: 1
[10,026s][debug  ][gc,director    ] Select Minor GC Workers (Try Lowering), AvoidOOMGCWorkers: 0,392, NextAvoidOOMGCWorkers: 0,210, LastGCWorkers: 5,000, GCWorkers: 1,000
[10,026s][debug  ][gc,director    ] Rule Minor: Allocation Rate (Dynamic GC Workers), MaxAllocRate: 4214,6MB/s (+/-24,1%), Free: 9916MB, GCCPUTime: 0,747, GCDuration: 0,747s, TimeUntilOOM: 1,896s, TimeUntilGC: 1,149s, GCWorkers: 1
[10,026s][debug  ][gc,director    ] Rule Minor: High Usage, Free: 9916MB(64,6%)
[10,036s][debug  ][gc,director    ] Rule Major: Proactive, AcceptableGCInterval: 39,232s, TimeSinceLastGC: 2,206s, TimeUntilGC: 37,026s
[10,036s][debug  ][gc,director    ] Select Minor GC Workers (Try Lowering), AvoidOOMGCWorkers: 0,108, NextAvoidOOMGCWorkers: 0,087, LastGCWorkers: 5,000, GCWorkers: 1,000
[10,036s][debug  ][gc,director    ] Rule Minor: Allocation Rate (Dynamic GC Workers), MaxAllocRate: 1162,9MB/s (+/-24,1%), Free: 9908MB, GCCPUTime: 0,747, GCDuration: 0,747s, TimeUntilOOM: 6,865s, TimeUntilGC: 6,118s, GCWorkers: 1
[10,036s][debug  ][gc,director    ] Select Minor GC Workers (Try Lowering), AvoidOOMGCWorkers: 0,392, NextAvoidOOMGCWorkers: 0,210, LastGCWorkers: 5,000, GCWorkers: 1,000
[10,036s][debug  ][gc,director    ] Rule Minor: Allocation Rate (Dynamic GC Workers), MaxAllocRate: 4214,6MB/s (+/-24,1%), Free: 9908MB, GCCPUTime: 0,747, GCDuration: 0,747s, TimeUntilOOM: 1,894s, TimeUntilGC: 1,147s, GCWorkers: 1
[10,036s][debug  ][gc,director    ] Rule Minor: High Usage, Free: 9908MB(64,5%)
[10,046s][debug  ][gc,director    ] Rule Major: Proactive, AcceptableGCInterval: 39,232s, TimeSinceLastGC: 2,217s, TimeUntilGC: 37,016s
[10,046s][debug  ][gc,director    ] Select Minor GC Workers (Try Lowering), AvoidOOMGCWorkers: 0,108, NextAvoidOOMGCWorkers: 0,087, LastGCWorkers: 5,000, GCWorkers: 1,000
[10,046s][debug  ][gc,director    ] Rule Minor: Allocation Rate (Dynamic GC Workers), MaxAllocRate: 1162,9MB/s (+/-24,1%), Free: 9898MB, GCCPUTime: 0,747, GCDuration: 0,747s, TimeUntilOOM: 6,858s, TimeUntilGC: 6,111s, GCWorkers: 1
[10,046s][debug  ][gc,director    ] Select Minor GC Workers (Try Lowering), AvoidOOMGCWorkers: 0,392, NextAvoidOOMGCWorkers: 0,209, LastGCWorkers: 5,000, GCWorkers: 1,000
[10,046s][debug  ][gc,director    ] Rule Minor: Allocation Rate (Dynamic GC Workers), MaxAllocRate: 4214,6MB/s (+/-24,1%), Free: 9898MB, GCCPUTime: 0,747, GCDuration: 0,747s, TimeUntilOOM: 1,892s, TimeUntilGC: 1,145s, GCWorkers: 1
[10,046s][debug  ][gc,director    ] Rule Minor: High Usage, Free: 9898MB(64,4%)
[10,056s][debug  ][gc,director    ] Rule Major: Proactive, AcceptableGCInterval: 39,232s, TimeSinceLastGC: 2,227s, TimeUntilGC: 37,006s
[10,056s][debug  ][gc,director    ] Select Minor GC Workers (Try Lowering), AvoidOOMGCWorkers: 0,108, NextAvoidOOMGCWorkers: 0,087, LastGCWorkers: 5,000, GCWorkers: 1,000
[10,056s][debug  ][gc,director    ] Rule Minor: Allocation Rate (Dynamic GC Workers), MaxAllocRate: 1162,9MB/s (+/-24,1%), Free: 9888MB, GCCPUTime: 0,747, GCDuration: 0,747s, TimeUntilOOM: 6,851s, TimeUntilGC: 6,104s, GCWorkers: 1
[10,057s][debug  ][gc,director    ] Select Minor GC Workers (Try Lowering), AvoidOOMGCWorkers: 0,393, NextAvoidOOMGCWorkers: 0,209, LastGCWorkers: 5,000, GCWorkers: 1,000
[10,057s][debug  ][gc,director    ] Rule Minor: Allocation Rate (Dynamic GC Workers), MaxAllocRate: 4214,6MB/s (+/-24,1%), Free: 9888MB, GCCPUTime: 0,747, GCDuration: 0,747s, TimeUntilOOM: 1,890s, TimeUntilGC: 1,143s, GCWorkers: 1
[10,057s][debug  ][gc,director    ] Rule Minor: High Usage, Free: 9888MB(64,4%)
[10,058s][debug  ][gc,alloc       ] Mutator Allocation Rate: 1749,7MB/s Predicted: 1658,1MB/s, Avg: 1174,2(+/-280,9)MB/s
[10,058s][debug  ][gc,director    ] Rule Major: Proactive, AcceptableGCInterval: 39,232s, TimeSinceLastGC: 2,228s, TimeUntilGC: 37,004s
[10,058s][debug  ][gc,director    ] Select Minor GC Workers (Try Lowering), AvoidOOMGCWorkers: 0,109, NextAvoidOOMGCWorkers: 0,088, LastGCWorkers: 5,000, GCWorkers: 1,000
[10,058s][debug  ][gc,director    ] Rule Minor: Allocation Rate (Dynamic GC Workers), MaxAllocRate: 1174,2MB/s (+/-23,9%), Free: 9886MB, GCCPUTime: 0,747, GCDuration: 0,747s, TimeUntilOOM: 6,794s, TimeUntilGC: 6,047s, GCWorkers: 1
[10,058s][debug  ][gc,director    ] Select Minor GC Workers (Try Lowering), AvoidOOMGCWorkers: 0,395, NextAvoidOOMGCWorkers: 0,209, LastGCWorkers: 5,000, GCWorkers: 1,000
[10,058s][debug  ][gc,director    ] Rule Minor: Allocation Rate (Dynamic GC Workers), MaxAllocRate: 4240,6MB/s (+/-23,9%), Free: 9886MB, GCCPUTime: 0,747, GCDuration: 0,747s, TimeUntilOOM: 1,881s, TimeUntilGC: 1,134s, GCWorkers: 1
[10,058s][debug  ][gc,director    ] Rule Minor: High Usage, Free: 9886MB(64,4%)
[10,063s][debug  ][gc,stats       ] === Garbage Collection Statistics =======================================================================================================================
[10,063s][debug  ][gc,stats       ]                                                              Last 10s              Last 10m              Last 10h                Total
[10,063s][debug  ][gc,stats       ]                                                              Avg / Max             Avg / Max             Avg / Max             Avg / Max
[10,063s][debug  ][gc,stats       ]        Contention: Mark Segment Reset Contention                     4 / 25                4 / 25                4 / 25                4 / 25          ops/s
[10,064s][debug  ][gc,stats       ]        Contention: Mark SeqNum Reset Contention                      0 / 3                 0 / 3                 0 / 3                 0 / 3           ops/s
[10,064s][debug  ][gc,stats       ]          Critical: Allocation Stall                                  0 / 0                 0 / 0                 0 / 0                 0 / 0           ops/s
[10,064s][debug  ][gc,stats       ]          Critical: Allocation Stall                              0,000 / 0,000         0,000 / 0,000         0,000 / 0,000         0,000 / 0,000       ms
[10,064s][debug  ][gc,stats       ]          Critical: JNI Critical Stall                                0 / 2                 0 / 2                 0 / 2                 0 / 2           ops/s
[10,064s][debug  ][gc,stats       ]          Critical: JNI Critical Stall                            0,154 / 0,209         0,154 / 0,209         0,154 / 0,209         0,154 / 0,209       ms
[10,064s][debug  ][gc,stats       ]          Critical: Relocation Stall                                  0 / 0                 0 / 0                 0 / 0                 0 / 0           ops/s
[10,064s][debug  ][gc,stats       ]          Critical: Relocation Stall                              0,000 / 0,000         0,000 / 0,000         0,000 / 0,000         0,000 / 0,000       ms
[10,064s][debug  ][gc,stats       ]  Major Collection: Major Collection                             88,265 / 170,254      88,265 / 170,254      88,265 / 170,254      88,265 / 170,254     ms
[10,064s][debug  ][gc,stats       ]            Memory: Allocation Rate                                1480 / 2226           1480 / 2226           1480 / 2226           1480 / 2226        MB/s
[10,064s][debug  ][gc,stats       ]            Memory: Defragment                                        0 / 0                 0 / 0                 0 / 0                 0 / 0           ops/s
[10,064s][debug  ][gc,stats       ]            Memory: Out Of Memory                                     0 / 0                 0 / 0                 0 / 0                 0 / 0           ops/s
[10,064s][debug  ][gc,stats       ]            Memory: Page Cache Flush                                  0 / 0                 0 / 0                 0 / 0                 0 / 0           MB/s
[10,064s][debug  ][gc,stats       ]            Memory: Page Cache Hit L1                               463 / 886             463 / 886             463 / 886             463 / 886         ops/s
[10,064s][debug  ][gc,stats       ]            Memory: Page Cache Hit L2                                 0 / 0                 0 / 0                 0 / 0                 0 / 0           ops/s
[10,064s][debug  ][gc,stats       ]            Memory: Page Cache Hit L3                               282 / 704             282 / 704             282 / 704             282 / 704         ops/s
[10,064s][debug  ][gc,stats       ]            Memory: Page Cache Miss                                  17 / 158              17 / 158              17 / 158              17 / 158         ops/s
[10,064s][debug  ][gc,stats       ]            Memory: Uncommit                                          0 / 0                 0 / 0                 0 / 0                 0 / 0           MB/s
[10,064s][debug  ][gc,stats       ]            Memory: Undo Object Allocation Failed                     0 / 0                 0 / 0                 0 / 0                 0 / 0           ops/s
[10,064s][debug  ][gc,stats       ]            Memory: Undo Object Allocation Succeeded                  0 / 0                 0 / 0                 0 / 0                 0 / 0           ops/s
[10,064s][debug  ][gc,stats       ]            Memory: Undo Page Allocation                              0 / 1                 0 / 1                 0 / 1                 0 / 1           ops/s
[10,064s][debug  ][gc,stats       ]  Minor Collection: Minor Collection                              0,000 / 0,000         0,000 / 0,000         0,000 / 0,000         0,000 / 0,000       ms
[10,064s][debug  ][gc,stats       ]    Old Generation: Old Generation                               17,238 / 23,662       17,238 / 23,662       17,238 / 23,662       17,238 / 23,662      ms
[10,064s][debug  ][gc,stats       ]         Old Pause: Pause Mark End                                0,018 / 0,020         0,018 / 0,020         0,018 / 0,020         0,018 / 0,020       ms
[10,064s][debug  ][gc,stats       ]         Old Pause: Pause Relocate Start                          0,022 / 0,024         0,022 / 0,024         0,022 / 0,024         0,022 / 0,024       ms
[10,064s][debug  ][gc,stats       ]         Old Phase: Concurrent Mark                               4,001 / 10,920        4,001 / 10,920        4,001 / 10,920        4,001 / 10,920      ms
[10,064s][debug  ][gc,stats       ]         Old Phase: Concurrent Mark Continue                      0,000 / 0,000         0,000 / 0,000         0,000 / 0,000         0,000 / 0,000       ms
[10,064s][debug  ][gc,stats       ]         Old Phase: Concurrent Mark Free                          0,013 / 0,017         0,013 / 0,017         0,013 / 0,017         0,013 / 0,017       ms
[10,064s][debug  ][gc,stats       ]         Old Phase: Concurrent Process Non-Strong                 6,526 / 8,198         6,526 / 8,198         6,526 / 8,198         6,526 / 8,198       ms
[10,064s][debug  ][gc,stats       ]         Old Phase: Concurrent Relocate                           0,622 / 1,599         0,622 / 1,599         0,622 / 1,599         0,622 / 1,599       ms
[10,064s][debug  ][gc,stats       ]         Old Phase: Concurrent Remap Roots                        4,787 / 7,137         4,787 / 7,137         4,787 / 7,137         4,787 / 7,137       ms
